Loading tokenizer from /home/starost/.cache/nanochat/tokenizer
Vocab size: 32768, BOS id: 32759
Total params (all fp32): 167,053,574
Q/K Joint MHLut: in_nap=6 tph=256 d_qk=64 (n_outputs=2*d_qk=128)
V MHLut:         in_nap=7 tph=256 d_v=16 (n_outputs=d_v)
out_proj MHLut:  in_nap=6 tph=[2048, 2048, 1024, 1024, 1024, 1024] (n_outputs=E=96) + LayerNorm
Tokens/micro-batch: 4,096 | grad_accum: 1 | effective batch: 4,096 tokens
step      1 | loss=10.5772 | lr=3.75e-07
step    100 | loss=9.7473 | lr=3.75e-05
step    200 | loss=8.6286 | lr=7.50e-05
[VAL] step 200: bpb=2.3567
step    300 | loss=7.8569 | lr=1.12e-04
step    400 | loss=7.3305 | lr=1.50e-04
[VAL] step 400: bpb=2.1173
step    500 | loss=7.0019 | lr=1.87e-04
step    600 | loss=6.8449 | lr=2.25e-04
[VAL] step 600: bpb=2.0457
step    700 | loss=6.7411 | lr=2.62e-04
step    800 | loss=6.6555 | lr=3.00e-04
[VAL] step 800: bpb=2.0134
step    900 | loss=6.5909 | lr=3.00e-04
step   1000 | loss=6.5405 | lr=2.99e-04
[VAL] step 1000: bpb=1.9810
step   1100 | loss=6.4961 | lr=2.99e-04
step   1200 | loss=6.4540 | lr=2.98e-04
[VAL] step 1200: bpb=1.9562
step   1300 | loss=6.3925 | lr=2.97e-04
step   1400 | loss=6.3656 | lr=2.95e-04
[VAL] step 1400: bpb=1.9320
step   1500 | loss=6.3245 | lr=2.94e-04
step   1600 | loss=6.2537 | lr=2.92e-04
[VAL] step 1600: bpb=1.9016
step   1700 | loss=6.2236 | lr=2.90e-04
step   1800 | loss=6.1902 | lr=2.87e-04
[VAL] step 1800: bpb=1.8839
step   1900 | loss=6.1597 | lr=2.85e-04
step   2000 | loss=6.1271 | lr=2.82e-04
[VAL] step 2000: bpb=1.8671
step   2100 | loss=6.0833 | lr=2.79e-04
step   2200 | loss=6.0592 | lr=2.76e-04
[VAL] step 2200: bpb=1.8489
step   2300 | loss=6.0357 | lr=2.72e-04
step   2400 | loss=6.0266 | lr=2.68e-04
[VAL] step 2400: bpb=1.8380
step   2500 | loss=6.0064 | lr=2.65e-04
step   2600 | loss=5.9929 | lr=2.60e-04
[VAL] step 2600: bpb=1.8244
step   2700 | loss=5.9603 | lr=2.56e-04
step   2800 | loss=5.9484 | lr=2.52e-04
[VAL] step 2800: bpb=1.8120
step   2900 | loss=5.9193 | lr=2.47e-04
step   3000 | loss=5.9077 | lr=2.42e-04
[VAL] step 3000: bpb=1.8044
step   3100 | loss=5.8927 | lr=2.38e-04
step   3200 | loss=5.8822 | lr=2.32e-04
[VAL] step 3200: bpb=1.7933
step   3300 | loss=5.8715 | lr=2.27e-04
step   3400 | loss=5.8342 | lr=2.22e-04
[VAL] step 3400: bpb=1.7874
step   3500 | loss=5.8243 | lr=2.17e-04
step   3600 | loss=5.8338 | lr=2.11e-04
[VAL] step 3600: bpb=1.7832
step   3700 | loss=5.8095 | lr=2.06e-04
step   3800 | loss=5.7990 | lr=2.00e-04
[VAL] step 3800: bpb=1.7751
step   3900 | loss=5.7745 | lr=1.94e-04
step   4000 | loss=5.7579 | lr=1.88e-04
[VAL] step 4000: bpb=1.7682
step   4100 | loss=5.7851 | lr=1.83e-04
step   4200 | loss=5.7570 | lr=1.77e-04
[VAL] step 4200: bpb=1.7628
step   4300 | loss=5.7602 | lr=1.71e-04
step   4400 | loss=5.7459 | lr=1.65e-04
[VAL] step 4400: bpb=1.7549
step   4500 | loss=5.7344 | lr=1.59e-04
step   4600 | loss=5.7225 | lr=1.53e-04
[VAL] step 4600: bpb=1.7498
step   4700 | loss=5.7231 | lr=1.47e-04
step   4800 | loss=5.7217 | lr=1.42e-04
[VAL] step 4800: bpb=1.7440
step   4900 | loss=5.6964 | lr=1.36e-04
step   5000 | loss=5.6903 | lr=1.30e-04
[VAL] step 5000: bpb=1.7371
step   5100 | loss=5.6765 | lr=1.24e-04
step   5200 | loss=5.6597 | lr=1.19e-04
[VAL] step 5200: bpb=1.7338
step   5300 | loss=5.6462 | lr=1.13e-04
step   5400 | loss=5.6320 | lr=1.08e-04
[VAL] step 5400: bpb=1.7300
step   5500 | loss=5.6378 | lr=1.03e-04
step   5600 | loss=5.6535 | lr=9.75e-05
[VAL] step 5600: bpb=1.7245
step   5700 | loss=5.6340 | lr=9.25e-05
step   5800 | loss=5.6242 | lr=8.76e-05
[VAL] step 5800: bpb=1.7230
step   5900 | loss=5.6299 | lr=8.28e-05
step   6000 | loss=5.6148 | lr=7.82e-05
[VAL] step 6000: bpb=1.7190
step   6100 | loss=5.6018 | lr=7.38e-05
step   6200 | loss=5.6003 | lr=6.95e-05
[VAL] step 6200: bpb=1.7160
step   6300 | loss=5.6045 | lr=6.55e-05
step   6400 | loss=5.5857 | lr=6.16e-05
[VAL] step 6400: bpb=1.7121
step   6500 | loss=5.5786 | lr=5.79e-05
step   6600 | loss=5.5837 | lr=5.44e-05
[VAL] step 6600: bpb=1.7082
step   6700 | loss=5.5784 | lr=5.11e-05
step   6800 | loss=5.5712 | lr=4.81e-05
[VAL] step 6800: bpb=1.7062
step   6900 | loss=5.5709 | lr=4.53e-05
step   7000 | loss=5.5707 | lr=4.26e-05
[VAL] step 7000: bpb=1.7053
step   7100 | loss=5.5643 | lr=4.03e-05
step   7200 | loss=5.5684 | lr=3.81e-05
[VAL] step 7200: bpb=1.7045
step   7300 | loss=5.5551 | lr=3.62e-05
step   7400 | loss=5.5645 | lr=3.46e-05
[VAL] step 7400: bpb=1.7022
step   7500 | loss=5.5518 | lr=3.32e-05
step   7600 | loss=5.5449 | lr=3.21e-05
[VAL] step 7600: bpb=1.7000
step   7700 | loss=5.5376 | lr=3.12e-05
step   7800 | loss=5.5507 | lr=3.05e-05
[VAL] step 7800: bpb=1.6988
step   7900 | loss=5.5468 | lr=3.01e-05
step   8000 | loss=5.5368 | lr=3.00e-05
[VAL] step 8000: bpb=1.6975

=== DONE ===
{
  "exp_name": "exp072_d_qk64",
  "best_val_bpb": 1.6975228367070132,
  "final_val_bpb": 1.6975228367070132,
  "n_params": 167053574,
  "training_time_hours": 1.085
}
