Loading tokenizer from /home/starost/.cache/nanochat/tokenizer
Vocab size: 32768, BOS id: 32759
bit LUTs: 24
Adam-managed parameters: 14,912,518
Q/K BitPermLUT: in_nap=5 out_nap=24 tph=512 d_qk=32 P_qk=496
V BitPermLUT:   in_nap=5 out_nap=16 tph=512 d_v=16 P_v=120
Out BitPermLUT: in_nap=8 out_nap=32 tph=[4096, 4096, 2048, 2048, 2048, 2048]
Tokens/micro-batch: 16,384 | grad_accum: 1 | effective batch: 16,384 tokens
step      1 | loss=10.5477 | lr=3.75e-07 | bs=1
step    100 | loss=9.9690 | lr=3.75e-05 | bs=1
step    200 | loss=9.1228 | lr=7.50e-05 | bs=1
[VAL] step 200: bpb=2.5258
step    300 | loss=8.3068 | lr=1.12e-04 | bs=1
step    400 | loss=8.0086 | lr=1.50e-04 | bs=1
[VAL] step 400: bpb=2.4318
step    500 | loss=7.9199 | lr=1.87e-04 | bs=2
step    600 | loss=7.8434 | lr=2.25e-04 | bs=2
[VAL] step 600: bpb=2.3979
step    700 | loss=7.7413 | lr=2.62e-04 | bs=2
step    800 | loss=7.6651 | lr=3.00e-04 | bs=2
[VAL] step 800: bpb=2.3480
step    900 | loss=7.5702 | lr=3.00e-04 | bs=2
step   1000 | loss=7.5016 | lr=2.99e-04 | bs=4
[VAL] step 1000: bpb=2.3041
step   1100 | loss=7.4211 | lr=2.99e-04 | bs=4
step   1200 | loss=7.3385 | lr=2.98e-04 | bs=4
[VAL] step 1200: bpb=2.2411
step   1300 | loss=7.2319 | lr=2.97e-04 | bs=4
step   1400 | loss=7.1819 | lr=2.95e-04 | bs=4
[VAL] step 1400: bpb=2.1980
step   1500 | loss=7.1023 | lr=2.94e-04 | bs=4
step   1600 | loss=7.0738 | lr=2.92e-04 | bs=4
[VAL] step 1600: bpb=2.1670
step   1700 | loss=7.0391 | lr=2.90e-04 | bs=4
step   1800 | loss=6.9874 | lr=2.87e-04 | bs=4
[VAL] step 1800: bpb=2.1472
step   1900 | loss=6.9481 | lr=2.85e-04 | bs=4
step   2000 | loss=6.9015 | lr=2.82e-04 | bs=8
[VAL] step 2000: bpb=2.1264
step   2100 | loss=6.8677 | lr=2.79e-04 | bs=8
step   2200 | loss=6.8057 | lr=2.76e-04 | bs=8
[VAL] step 2200: bpb=2.0939
step   2300 | loss=6.7557 | lr=2.72e-04 | bs=8
step   2400 | loss=6.7364 | lr=2.68e-04 | bs=8
[VAL] step 2400: bpb=2.0746
step   2500 | loss=6.7027 | lr=2.65e-04 | bs=8
step   2600 | loss=6.6799 | lr=2.60e-04 | bs=8
[VAL] step 2600: bpb=2.0603
step   2700 | loss=6.6412 | lr=2.56e-04 | bs=8
step   2800 | loss=6.6267 | lr=2.52e-04 | bs=8
[VAL] step 2800: bpb=2.0476
step   2900 | loss=6.6094 | lr=2.47e-04 | bs=8
step   3000 | loss=6.5816 | lr=2.42e-04 | bs=8
[VAL] step 3000: bpb=2.0348
step   3100 | loss=6.5677 | lr=2.38e-04 | bs=8
step   3200 | loss=6.5619 | lr=2.32e-04 | bs=8
[VAL] step 3200: bpb=2.0276
step   3300 | loss=6.5390 | lr=2.27e-04 | bs=8
step   3400 | loss=6.5253 | lr=2.22e-04 | bs=8
[VAL] step 3400: bpb=2.0194
step   3500 | loss=6.5086 | lr=2.17e-04 | bs=8
step   3600 | loss=6.5004 | lr=2.11e-04 | bs=8
[VAL] step 3600: bpb=2.0118
step   3700 | loss=6.4753 | lr=2.06e-04 | bs=8
step   3800 | loss=6.4669 | lr=2.00e-04 | bs=8
[VAL] step 3800: bpb=2.0031
step   3900 | loss=6.4545 | lr=1.94e-04 | bs=8
step   4000 | loss=6.4581 | lr=1.88e-04 | bs=16
[VAL] step 4000: bpb=1.9973
step   4100 | loss=6.4343 | lr=1.83e-04 | bs=16
step   4200 | loss=6.3948 | lr=1.77e-04 | bs=16
[VAL] step 4200: bpb=1.9777
step   4300 | loss=6.3621 | lr=1.71e-04 | bs=16
step   4400 | loss=6.3440 | lr=1.65e-04 | bs=16
[VAL] step 4400: bpb=1.9647
step   4500 | loss=6.3250 | lr=1.59e-04 | bs=16
step   4600 | loss=6.3169 | lr=1.53e-04 | bs=16
[VAL] step 4600: bpb=1.9566
step   4700 | loss=6.3032 | lr=1.47e-04 | bs=16
step   4800 | loss=6.2855 | lr=1.42e-04 | bs=16
[VAL] step 4800: bpb=1.9467
step   4900 | loss=6.2651 | lr=1.36e-04 | bs=16
step   5000 | loss=6.2473 | lr=1.30e-04 | bs=16
[VAL] step 5000: bpb=1.9389
step   5100 | loss=6.2378 | lr=1.24e-04 | bs=16
step   5200 | loss=6.2235 | lr=1.19e-04 | bs=16
[VAL] step 5200: bpb=1.9316
step   5300 | loss=6.2070 | lr=1.13e-04 | bs=16
step   5400 | loss=6.1975 | lr=1.08e-04 | bs=16
[VAL] step 5400: bpb=1.9253
step   5500 | loss=6.1926 | lr=1.03e-04 | bs=16
step   5600 | loss=6.1869 | lr=9.75e-05 | bs=16
[VAL] step 5600: bpb=1.9195
step   5700 | loss=6.1771 | lr=9.25e-05 | bs=16
step   5800 | loss=6.1764 | lr=8.76e-05 | bs=16
[VAL] step 5800: bpb=1.9140
step   5900 | loss=6.1604 | lr=8.28e-05 | bs=16
step   6000 | loss=6.1583 | lr=7.82e-05 | bs=32
[VAL] step 6000: bpb=1.9090
step   6100 | loss=6.1407 | lr=7.38e-05 | bs=32
step   6200 | loss=6.1304 | lr=6.95e-05 | bs=32
[VAL] step 6200: bpb=1.8988
step   6300 | loss=6.1122 | lr=6.55e-05 | bs=32
step   6400 | loss=6.0985 | lr=6.16e-05 | bs=32
[VAL] step 6400: bpb=1.8913
step   6500 | loss=6.0861 | lr=5.79e-05 | bs=32
step   6600 | loss=6.0776 | lr=5.44e-05 | bs=32
[VAL] step 6600: bpb=1.8854
step   6700 | loss=6.0675 | lr=5.11e-05 | bs=32
step   6800 | loss=6.0623 | lr=4.81e-05 | bs=32
[VAL] step 6800: bpb=1.8812
step   6900 | loss=6.0522 | lr=4.53e-05 | bs=32
step   7000 | loss=6.0507 | lr=4.26e-05 | bs=32
[VAL] step 7000: bpb=1.8767
step   7100 | loss=6.0339 | lr=4.03e-05 | bs=32
step   7200 | loss=6.0383 | lr=3.81e-05 | bs=32
[VAL] step 7200: bpb=1.8729
step   7300 | loss=6.0210 | lr=3.62e-05 | bs=32
step   7400 | loss=6.0194 | lr=3.46e-05 | bs=32
[VAL] step 7400: bpb=1.8697
step   7500 | loss=6.0165 | lr=3.32e-05 | bs=32
step   7600 | loss=6.0103 | lr=3.21e-05 | bs=32
[VAL] step 7600: bpb=1.8673
step   7700 | loss=5.9990 | lr=3.12e-05 | bs=32
step   7800 | loss=5.9977 | lr=3.05e-05 | bs=32
[VAL] step 7800: bpb=1.8639
step   7900 | loss=6.0013 | lr=3.01e-05 | bs=32
step   8000 | loss=5.9968 | lr=3.00e-05 | bs=32
[VAL] step 8000: bpb=1.8614

=== DONE ===
{
  "exp_name": "exp038_bs_ramp",
  "best_val_bpb": 1.8613695484924384,
  "final_val_bpb": 1.8613695484924384,
  "adam_params": 14912518,
  "n_bit_luts": 24,
  "training_time_hours": 1.064
}
