Loading tokenizer from /home/starost/.cache/nanochat/tokenizer
Vocab size: 32768, BOS id: 32759
Total params (all fp32): 129,059,078
Q/K Joint MHLut: in_nap=6 tph=256 d_qk=32 (n_outputs=2*d_qk=64)
V MHLut:         in_nap=7 tph=256 d_v=16 (n_outputs=d_v)
out_proj MHLut:  in_nap=6 tph=[2048, 2048, 1024, 1024, 1024, 1024] (n_outputs=E=96) + LayerNorm
Tokens/micro-batch: 4,096 | grad_accum: 1 | effective batch: 4,096 tokens
step      1 | loss=10.5349 | lr=3.75e-07
step    100 | loss=9.7110 | lr=3.75e-05
step    200 | loss=8.5855 | lr=7.50e-05
[VAL] step 200: bpb=2.3580
step    300 | loss=7.9323 | lr=1.12e-04
step    400 | loss=7.5637 | lr=1.50e-04
[VAL] step 400: bpb=2.2122
step    500 | loss=7.1992 | lr=1.87e-04
step    600 | loss=6.9762 | lr=2.25e-04
[VAL] step 600: bpb=2.0719
step    700 | loss=6.8254 | lr=2.62e-04
step    800 | loss=6.7088 | lr=3.00e-04
[VAL] step 800: bpb=2.0212
step    900 | loss=6.6274 | lr=3.00e-04
step   1000 | loss=6.5691 | lr=2.99e-04
[VAL] step 1000: bpb=1.9882
step   1100 | loss=6.5202 | lr=2.99e-04
step   1200 | loss=6.4776 | lr=2.98e-04
[VAL] step 1200: bpb=1.9629
step   1300 | loss=6.4215 | lr=2.97e-04
step   1400 | loss=6.4048 | lr=2.95e-04
[VAL] step 1400: bpb=1.9456
step   1500 | loss=6.3799 | lr=2.94e-04
step   1600 | loss=6.3254 | lr=2.92e-04
[VAL] step 1600: bpb=1.9295
step   1700 | loss=6.3082 | lr=2.90e-04
step   1800 | loss=6.2877 | lr=2.87e-04
[VAL] step 1800: bpb=1.9164
step   1900 | loss=6.2679 | lr=2.85e-04
step   2000 | loss=6.2396 | lr=2.82e-04
[VAL] step 2000: bpb=1.9040
step   2100 | loss=6.2031 | lr=2.79e-04
step   2200 | loss=6.1811 | lr=2.76e-04
[VAL] step 2200: bpb=1.8906
step   2300 | loss=6.1597 | lr=2.72e-04
step   2400 | loss=6.1483 | lr=2.68e-04
[VAL] step 2400: bpb=1.8755
step   2500 | loss=6.1267 | lr=2.65e-04
step   2600 | loss=6.1097 | lr=2.60e-04
[VAL] step 2600: bpb=1.8611
step   2700 | loss=6.0733 | lr=2.56e-04
step   2800 | loss=6.0587 | lr=2.52e-04
[VAL] step 2800: bpb=1.8474
step   2900 | loss=6.0289 | lr=2.47e-04
step   3000 | loss=6.0136 | lr=2.42e-04
[VAL] step 3000: bpb=1.8365
step   3100 | loss=5.9953 | lr=2.38e-04
step   3200 | loss=5.9811 | lr=2.32e-04
[VAL] step 3200: bpb=1.8240
step   3300 | loss=5.9689 | lr=2.27e-04
step   3400 | loss=5.9313 | lr=2.22e-04
[VAL] step 3400: bpb=1.8170
step   3500 | loss=5.9197 | lr=2.17e-04
step   3600 | loss=5.9263 | lr=2.11e-04
[VAL] step 3600: bpb=1.8113
step   3700 | loss=5.8998 | lr=2.06e-04
step   3800 | loss=5.8887 | lr=2.00e-04
[VAL] step 3800: bpb=1.8013
step   3900 | loss=5.8621 | lr=1.94e-04
step   4000 | loss=5.8449 | lr=1.88e-04
[VAL] step 4000: bpb=1.7936
step   4100 | loss=5.8699 | lr=1.83e-04
step   4200 | loss=5.8400 | lr=1.77e-04
[VAL] step 4200: bpb=1.7864
step   4300 | loss=5.8453 | lr=1.71e-04
step   4400 | loss=5.8304 | lr=1.65e-04
[VAL] step 4400: bpb=1.7815
step   4500 | loss=5.8157 | lr=1.59e-04
step   4600 | loss=5.8065 | lr=1.53e-04
[VAL] step 4600: bpb=1.7743
step   4700 | loss=5.8043 | lr=1.47e-04
step   4800 | loss=5.7997 | lr=1.42e-04
[VAL] step 4800: bpb=1.7701
step   4900 | loss=5.7760 | lr=1.36e-04
step   5000 | loss=5.7700 | lr=1.30e-04
[VAL] step 5000: bpb=1.7627
step   5100 | loss=5.7571 | lr=1.24e-04
step   5200 | loss=5.7381 | lr=1.19e-04
[VAL] step 5200: bpb=1.7582
step   5300 | loss=5.7249 | lr=1.13e-04
step   5400 | loss=5.7099 | lr=1.08e-04
[VAL] step 5400: bpb=1.7553
step   5500 | loss=5.7146 | lr=1.03e-04
step   5600 | loss=5.7295 | lr=9.75e-05
[VAL] step 5600: bpb=1.7508
step   5700 | loss=5.7105 | lr=9.25e-05
step   5800 | loss=5.7014 | lr=8.76e-05
[VAL] step 5800: bpb=1.7465
step   5900 | loss=5.7050 | lr=8.28e-05
step   6000 | loss=5.6899 | lr=7.82e-05
[VAL] step 6000: bpb=1.7431
step   6100 | loss=5.6789 | lr=7.38e-05
step   6200 | loss=5.6765 | lr=6.95e-05
[VAL] step 6200: bpb=1.7390
step   6300 | loss=5.6780 | lr=6.55e-05
step   6400 | loss=5.6609 | lr=6.16e-05
[VAL] step 6400: bpb=1.7371
step   6500 | loss=5.6539 | lr=5.79e-05
step   6600 | loss=5.6583 | lr=5.44e-05
[VAL] step 6600: bpb=1.7319
step   6700 | loss=5.6544 | lr=5.11e-05
step   6800 | loss=5.6468 | lr=4.81e-05
[VAL] step 6800: bpb=1.7303
step   6900 | loss=5.6460 | lr=4.53e-05
step   7000 | loss=5.6446 | lr=4.26e-05
[VAL] step 7000: bpb=1.7305
step   7100 | loss=5.6388 | lr=4.03e-05
step   7200 | loss=5.6417 | lr=3.81e-05
[VAL] step 7200: bpb=1.7285
step   7300 | loss=5.6284 | lr=3.62e-05
step   7400 | loss=5.6400 | lr=3.46e-05
[VAL] step 7400: bpb=1.7273
step   7500 | loss=5.6284 | lr=3.32e-05
step   7600 | loss=5.6214 | lr=3.21e-05
[VAL] step 7600: bpb=1.7235
step   7700 | loss=5.6123 | lr=3.12e-05
step   7800 | loss=5.6243 | lr=3.05e-05
[VAL] step 7800: bpb=1.7224
step   7900 | loss=5.6214 | lr=3.01e-05
step   8000 | loss=5.6122 | lr=3.00e-05
[VAL] step 8000: bpb=1.7223

=== DONE ===
{
  "exp_name": "exp062_shared_pos",
  "best_val_bpb": 1.7223062860374934,
  "final_val_bpb": 1.7223062860374934,
  "n_params": 129059078,
  "training_time_hours": 0.466
}
