Loading tokenizer from /home/starost/.cache/nanochat/tokenizer
Vocab size: 32768, BOS id: 32759
bit LUTs: 18
Adam-managed parameters: 14,912,518
Q/K BitPermLUT: in_nap=5 out_nap=24 tph=512 d_qk=32 P_qk=496
V BitPermLUT:   in_nap=5 out_nap=16 tph=512 d_v=16 P_v=120
Out BitPermLUT: in_nap=8 out_nap=32 tph=[8192, 8192, 2048, 2048, 2048, 2048]
Tokens/micro-batch: 4,096 | grad_accum: 1 | effective batch: 4,096 tokens
step      1 | loss=10.5652 | lr=3.75e-07
step    100 | loss=9.9146 | lr=3.75e-05
step    200 | loss=8.9603 | lr=7.50e-05
[VAL] step 200: bpb=2.4438
step    300 | loss=8.1478 | lr=1.12e-04
step    400 | loss=7.7641 | lr=1.50e-04
[VAL] step 400: bpb=2.3064
step    500 | loss=7.5352 | lr=1.87e-04
step    600 | loss=7.4098 | lr=2.25e-04
[VAL] step 600: bpb=2.2357
step    700 | loss=7.3018 | lr=2.62e-04
step    800 | loss=7.1940 | lr=3.00e-04
[VAL] step 800: bpb=2.1775
step    900 | loss=7.0971 | lr=3.00e-04
step   1000 | loss=7.0176 | lr=2.99e-04
[VAL] step 1000: bpb=2.1211
step   1100 | loss=6.9509 | lr=2.99e-04
step   1200 | loss=6.8845 | lr=2.98e-04
[VAL] step 1200: bpb=2.0844
step   1300 | loss=6.8067 | lr=2.97e-04
step   1400 | loss=6.7598 | lr=2.95e-04
[VAL] step 1400: bpb=2.0497
step   1500 | loss=6.7084 | lr=2.94e-04
step   1600 | loss=6.6275 | lr=2.92e-04
[VAL] step 1600: bpb=2.0154
step   1700 | loss=6.5883 | lr=2.90e-04
step   1800 | loss=6.5514 | lr=2.87e-04
[VAL] step 1800: bpb=1.9956
step   1900 | loss=6.5244 | lr=2.85e-04
step   2000 | loss=6.4924 | lr=2.82e-04
[VAL] step 2000: bpb=1.9799
step   2100 | loss=6.4557 | lr=2.79e-04
step   2200 | loss=6.4329 | lr=2.76e-04
[VAL] step 2200: bpb=1.9678
step   2300 | loss=6.4099 | lr=2.72e-04
step   2400 | loss=6.3979 | lr=2.68e-04
[VAL] step 2400: bpb=1.9569
step   2500 | loss=6.3815 | lr=2.65e-04
step   2600 | loss=6.3747 | lr=2.60e-04
[VAL] step 2600: bpb=1.9446
step   2700 | loss=6.3448 | lr=2.56e-04
step   2800 | loss=6.3345 | lr=2.52e-04
[VAL] step 2800: bpb=1.9366
step   2900 | loss=6.3105 | lr=2.47e-04
step   3000 | loss=6.3025 | lr=2.42e-04
[VAL] step 3000: bpb=1.9255
step   3100 | loss=6.2897 | lr=2.38e-04
step   3200 | loss=6.2799 | lr=2.32e-04
[VAL] step 3200: bpb=1.9186
step   3300 | loss=6.2710 | lr=2.27e-04
step   3400 | loss=6.2369 | lr=2.22e-04
[VAL] step 3400: bpb=1.9112
step   3500 | loss=6.2292 | lr=2.17e-04
step   3600 | loss=6.2357 | lr=2.11e-04
[VAL] step 3600: bpb=1.9079
step   3700 | loss=6.2193 | lr=2.06e-04
step   3800 | loss=6.2108 | lr=2.00e-04
[VAL] step 3800: bpb=1.9013
step   3900 | loss=6.1884 | lr=1.94e-04
step   4000 | loss=6.1767 | lr=1.88e-04
[VAL] step 4000: bpb=1.8925
step   4100 | loss=6.2007 | lr=1.83e-04
step   4200 | loss=6.1716 | lr=1.77e-04
[VAL] step 4200: bpb=1.8872
step   4300 | loss=6.1749 | lr=1.71e-04
step   4400 | loss=6.1614 | lr=1.65e-04
[VAL] step 4400: bpb=1.8839
step   4500 | loss=6.1529 | lr=1.59e-04
step   4600 | loss=6.1423 | lr=1.53e-04
[VAL] step 4600: bpb=1.8788
step   4700 | loss=6.1467 | lr=1.47e-04
step   4800 | loss=6.1438 | lr=1.42e-04
[VAL] step 4800: bpb=1.8760
step   4900 | loss=6.1197 | lr=1.36e-04
step   5000 | loss=6.1175 | lr=1.30e-04
[VAL] step 5000: bpb=1.8706
step   5100 | loss=6.1012 | lr=1.24e-04
step   5200 | loss=6.0843 | lr=1.19e-04
[VAL] step 5200: bpb=1.8663
step   5300 | loss=6.0792 | lr=1.13e-04
step   5400 | loss=6.0649 | lr=1.08e-04
[VAL] step 5400: bpb=1.8626
step   5500 | loss=6.0638 | lr=1.03e-04
step   5600 | loss=6.0813 | lr=9.75e-05
[VAL] step 5600: bpb=1.8602
step   5700 | loss=6.0656 | lr=9.25e-05
step   5800 | loss=6.0597 | lr=8.76e-05
[VAL] step 5800: bpb=1.8576
step   5900 | loss=6.0673 | lr=8.28e-05
step   6000 | loss=6.0508 | lr=7.82e-05
[VAL] step 6000: bpb=1.8525
step   6100 | loss=6.0412 | lr=7.38e-05
step   6200 | loss=6.0375 | lr=6.95e-05
[VAL] step 6200: bpb=1.8506
step   6300 | loss=6.0428 | lr=6.55e-05
step   6400 | loss=6.0267 | lr=6.16e-05
[VAL] step 6400: bpb=1.8463
step   6500 | loss=6.0220 | lr=5.79e-05
step   6600 | loss=6.0305 | lr=5.44e-05
[VAL] step 6600: bpb=1.8443
step   6700 | loss=6.0252 | lr=5.11e-05
step   6800 | loss=6.0176 | lr=4.81e-05
[VAL] step 6800: bpb=1.8430
step   6900 | loss=6.0156 | lr=4.53e-05
step   7000 | loss=6.0145 | lr=4.26e-05
[VAL] step 7000: bpb=1.8414
step   7100 | loss=6.0080 | lr=4.03e-05
step   7200 | loss=6.0099 | lr=3.81e-05
[VAL] step 7200: bpb=1.8410
step   7300 | loss=6.0025 | lr=3.62e-05
step   7400 | loss=6.0117 | lr=3.46e-05
[VAL] step 7400: bpb=1.8388
step   7500 | loss=6.0017 | lr=3.32e-05
step   7600 | loss=5.9930 | lr=3.21e-05
[VAL] step 7600: bpb=1.8375
step   7700 | loss=5.9844 | lr=3.12e-05
step   7800 | loss=5.9944 | lr=3.05e-05
[VAL] step 7800: bpb=1.8356
step   7900 | loss=5.9926 | lr=3.01e-05
step   8000 | loss=5.9856 | lr=3.00e-05
[VAL] step 8000: bpb=1.8359

=== DONE ===
{
  "exp_name": "exp012_out_l01_8192",
  "best_val_bpb": 1.8356143075654336,
  "final_val_bpb": 1.8359140993125747,
  "adam_params": 14912518,
  "n_bit_luts": 18,
  "training_time_hours": 0.577
}
