Loading tokenizer from /home/starost/.cache/nanochat/tokenizer
Vocab size: 32768, BOS id: 32759
TinyMultiHeadLut modules: 18 (expected 18)
Tiny-LUT params (bf16 storage, bf16 Adam moments via TinyMultiHeadLutOptimizer): 106,954,752
AdamW params (fp32 storage, fp32 moments — non-LUT path): 22,350,086
Q/K Joint MHLut: in_nap=6 tph=256 d_qk=32 (n_outputs=2*d_qk=64)
V MHLut:         in_nap=7 tph=256 d_v=16 (n_outputs=d_v)
out_proj MHLut:  in_nap=6 tph=[2048, 2048, 1024, 1024, 1024, 1024] (n_outputs=E=96) + LayerNorm
Tokens/micro-batch: 4,096 | grad_accum: 1 | effective batch: 4,096 tokens
step      1 | loss=10.5621 | lr=3.75e-07
step    100 | loss=9.7312 | lr=3.75e-05
step    200 | loss=8.6023 | lr=7.50e-05
[VAL] step 200: bpb=2.3583
step    300 | loss=7.9460 | lr=1.12e-04
step    400 | loss=7.6116 | lr=1.50e-04
[VAL] step 400: bpb=2.2514
step    500 | loss=7.2822 | lr=1.87e-04
step    600 | loss=7.0472 | lr=2.25e-04
[VAL] step 600: bpb=2.0904
step    700 | loss=6.8834 | lr=2.62e-04
step    800 | loss=6.7570 | lr=3.00e-04
[VAL] step 800: bpb=2.0346
step    900 | loss=6.6693 | lr=3.00e-04
step   1000 | loss=6.6069 | lr=2.99e-04
[VAL] step 1000: bpb=1.9983
step   1100 | loss=6.5566 | lr=2.99e-04
step   1200 | loss=6.5149 | lr=2.98e-04
[VAL] step 1200: bpb=1.9801
step   1300 | loss=6.4582 | lr=2.97e-04
step   1400 | loss=6.4378 | lr=2.95e-04
[VAL] step 1400: bpb=1.9573
step   1500 | loss=6.4120 | lr=2.94e-04
step   1600 | loss=6.3575 | lr=2.92e-04
[VAL] step 1600: bpb=1.9386
step   1700 | loss=6.3392 | lr=2.90e-04
step   1800 | loss=6.3202 | lr=2.87e-04
[VAL] step 1800: bpb=1.9272
step   1900 | loss=6.3023 | lr=2.85e-04
step   2000 | loss=6.2767 | lr=2.82e-04
[VAL] step 2000: bpb=1.9158
step   2100 | loss=6.2407 | lr=2.79e-04
step   2200 | loss=6.2210 | lr=2.76e-04
[VAL] step 2200: bpb=1.9015
step   2300 | loss=6.1998 | lr=2.72e-04
step   2400 | loss=6.1897 | lr=2.68e-04
[VAL] step 2400: bpb=1.8888
step   2500 | loss=6.1689 | lr=2.65e-04
step   2600 | loss=6.1554 | lr=2.60e-04
[VAL] step 2600: bpb=1.8725
step   2700 | loss=6.1214 | lr=2.56e-04
step   2800 | loss=6.1090 | lr=2.52e-04
[VAL] step 2800: bpb=1.8625
step   2900 | loss=6.0798 | lr=2.47e-04
step   3000 | loss=6.0671 | lr=2.42e-04
[VAL] step 3000: bpb=1.8550
step   3100 | loss=6.0509 | lr=2.38e-04
step   3200 | loss=6.0373 | lr=2.32e-04
[VAL] step 3200: bpb=1.8410
step   3300 | loss=6.0254 | lr=2.27e-04
step   3400 | loss=5.9895 | lr=2.22e-04
[VAL] step 3400: bpb=1.8326
step   3500 | loss=5.9763 | lr=2.17e-04
step   3600 | loss=5.9838 | lr=2.11e-04
[VAL] step 3600: bpb=1.8282
step   3700 | loss=5.9602 | lr=2.06e-04
step   3800 | loss=5.9478 | lr=2.00e-04
[VAL] step 3800: bpb=1.8209
step   3900 | loss=5.9227 | lr=1.94e-04
step   4000 | loss=5.9071 | lr=1.88e-04
[VAL] step 4000: bpb=1.8113
step   4100 | loss=5.9306 | lr=1.83e-04
step   4200 | loss=5.9008 | lr=1.77e-04
[VAL] step 4200: bpb=1.8057
step   4300 | loss=5.9047 | lr=1.71e-04
step   4400 | loss=5.8898 | lr=1.65e-04
[VAL] step 4400: bpb=1.8002
step   4500 | loss=5.8757 | lr=1.59e-04
step   4600 | loss=5.8630 | lr=1.53e-04
[VAL] step 4600: bpb=1.7941
step   4700 | loss=5.8636 | lr=1.47e-04
step   4800 | loss=5.8604 | lr=1.42e-04
[VAL] step 4800: bpb=1.7882
step   4900 | loss=5.8334 | lr=1.36e-04
