Loading tokenizer from /home/starost/.cache/nanochat/tokenizer
Vocab size: 32768, BOS id: 32759
Residual stream P = 2016 (E=64)
bit LUTs: 24
Adam-managed parameters: 14,936,076
Q/K BitPermLUT: in_nap=5 out_nap=24 tph=512 d_qk=32 P_qk=496
V BitPermLUT:   in_nap=5 out_nap=16 tph=512 d_v=16 P_v=120
Out BitPermLUT: in_nap=8 out_nap=32 tph=[4096, 4096, 2048, 2048, 2048, 2048]
Tokens/micro-batch: 4,096 | grad_accum: 1 | effective batch: 4,096 tokens
step      1 | loss=10.4263 | lr=3.75e-07
step    100 | loss=10.2705 | lr=3.75e-05
step    200 | loss=9.7309 | lr=7.50e-05
[VAL] step 200: bpb=2.7112
step    300 | loss=8.5522 | lr=1.12e-04
step    400 | loss=7.7319 | lr=1.50e-04
[VAL] step 400: bpb=2.1903
step    500 | loss=7.2666 | lr=1.87e-04
step    600 | loss=7.0380 | lr=2.25e-04
[VAL] step 600: bpb=2.0933
step    700 | loss=6.8987 | lr=2.62e-04
step    800 | loss=6.7983 | lr=3.00e-04
[VAL] step 800: bpb=2.0557
step    900 | loss=6.7240 | lr=3.00e-04
step   1000 | loss=6.6713 | lr=2.99e-04
[VAL] step 1000: bpb=2.0228
step   1100 | loss=6.6298 | lr=2.99e-04
step   1200 | loss=6.5944 | lr=2.98e-04
[VAL] step 1200: bpb=2.0018
step   1300 | loss=6.5484 | lr=2.97e-04
step   1400 | loss=6.5340 | lr=2.95e-04
[VAL] step 1400: bpb=1.9879
step   1500 | loss=6.5120 | lr=2.94e-04
step   1600 | loss=6.4639 | lr=2.92e-04
[VAL] step 1600: bpb=1.9754
step   1700 | loss=6.4518 | lr=2.90e-04
step   1800 | loss=6.4401 | lr=2.87e-04
[VAL] step 1800: bpb=1.9648
step   1900 | loss=6.4289 | lr=2.85e-04
step   2000 | loss=6.4143 | lr=2.82e-04
[VAL] step 2000: bpb=1.9582
step   2100 | loss=6.3905 | lr=2.79e-04
step   2200 | loss=6.3812 | lr=2.76e-04
[VAL] step 2200: bpb=1.9517
step   2300 | loss=6.3650 | lr=2.72e-04
step   2400 | loss=6.3617 | lr=2.68e-04
[VAL] step 2400: bpb=1.9454
step   2500 | loss=6.3541 | lr=2.65e-04
step   2600 | loss=6.3525 | lr=2.60e-04
[VAL] step 2600: bpb=1.9372
step   2700 | loss=6.3239 | lr=2.56e-04
step   2800 | loss=6.3245 | lr=2.52e-04
[VAL] step 2800: bpb=1.9326
step   2900 | loss=6.3090 | lr=2.47e-04
step   3000 | loss=6.3077 | lr=2.42e-04
[VAL] step 3000: bpb=1.9284
step   3100 | loss=6.2975 | lr=2.38e-04
step   3200 | loss=6.2934 | lr=2.32e-04
[VAL] step 3200: bpb=1.9219
step   3300 | loss=6.2880 | lr=2.27e-04
step   3400 | loss=6.2615 | lr=2.22e-04
[VAL] step 3400: bpb=1.9178
step   3500 | loss=6.2590 | lr=2.17e-04
step   3600 | loss=6.2685 | lr=2.11e-04
[VAL] step 3600: bpb=1.9156
step   3700 | loss=6.2575 | lr=2.06e-04
step   3800 | loss=6.2529 | lr=2.00e-04
[VAL] step 3800: bpb=1.9124
step   3900 | loss=6.2334 | lr=1.94e-04
step   4000 | loss=6.2297 | lr=1.88e-04
[VAL] step 4000: bpb=1.9094
step   4100 | loss=6.2567 | lr=1.83e-04
step   4200 | loss=6.2341 | lr=1.77e-04
[VAL] step 4200: bpb=1.9056
step   4300 | loss=6.2396 | lr=1.71e-04
step   4400 | loss=6.2293 | lr=1.65e-04
[VAL] step 4400: bpb=1.9033
step   4500 | loss=6.2281 | lr=1.59e-04
step   4600 | loss=6.2190 | lr=1.53e-04
[VAL] step 4600: bpb=1.9008
step   4700 | loss=6.2292 | lr=1.47e-04
step   4800 | loss=6.2299 | lr=1.42e-04
[VAL] step 4800: bpb=1.8996
step   4900 | loss=6.2084 | lr=1.36e-04
step   5000 | loss=6.2108 | lr=1.30e-04
[VAL] step 5000: bpb=1.8958
step   5100 | loss=6.1966 | lr=1.24e-04
step   5200 | loss=6.1833 | lr=1.19e-04
[VAL] step 5200: bpb=1.8948
step   5300 | loss=6.1818 | lr=1.13e-04
step   5400 | loss=6.1731 | lr=1.08e-04
[VAL] step 5400: bpb=1.8933
step   5500 | loss=6.1705 | lr=1.03e-04
step   5600 | loss=6.1880 | lr=9.75e-05
[VAL] step 5600: bpb=1.8915
step   5700 | loss=6.1773 | lr=9.25e-05
step   5800 | loss=6.1739 | lr=8.76e-05
[VAL] step 5800: bpb=1.8888
step   5900 | loss=6.1839 | lr=8.28e-05
step   6000 | loss=6.1684 | lr=7.82e-05
[VAL] step 6000: bpb=1.8884
step   6100 | loss=6.1629 | lr=7.38e-05
step   6200 | loss=6.1611 | lr=6.95e-05
[VAL] step 6200: bpb=1.8878
step   6300 | loss=6.1685 | lr=6.55e-05
step   6400 | loss=6.1545 | lr=6.16e-05
[VAL] step 6400: bpb=1.8854
step   6500 | loss=6.1531 | lr=5.79e-05
step   6600 | loss=6.1616 | lr=5.44e-05
[VAL] step 6600: bpb=1.8849
step   6700 | loss=6.1593 | lr=5.11e-05
step   6800 | loss=6.1555 | lr=4.81e-05
[VAL] step 6800: bpb=1.8838
step   6900 | loss=6.1580 | lr=4.53e-05
step   7000 | loss=6.1569 | lr=4.26e-05
[VAL] step 7000: bpb=1.8832
step   7100 | loss=6.1513 | lr=4.03e-05
step   7200 | loss=6.1523 | lr=3.81e-05
[VAL] step 7200: bpb=1.8825
step   7300 | loss=6.1465 | lr=3.62e-05
step   7400 | loss=6.1564 | lr=3.46e-05
[VAL] step 7400: bpb=1.8816
step   7500 | loss=6.1491 | lr=3.32e-05
step   7600 | loss=6.1411 | lr=3.21e-05
[VAL] step 7600: bpb=1.8813
step   7700 | loss=6.1314 | lr=3.12e-05
step   7800 | loss=6.1426 | lr=3.05e-05
[VAL] step 7800: bpb=1.8808
step   7900 | loss=6.1408 | lr=3.01e-05
step   8000 | loss=6.1361 | lr=3.00e-05
[VAL] step 8000: bpb=1.8804

=== DONE ===
{
  "exp_name": "exp044_dom_residual_raw",
  "best_val_bpb": 1.8803961544689936,
  "final_val_bpb": 1.8803961544689936,
  "adam_params": 14936076,
  "n_bit_luts": 24,
  "training_time_hours": 0.559
}
