Loading tokenizer from ~/.cache/nanochat/tokenizer
FIXED EVAL: bs48 x 100 steps, skip 12 rows (val window independent of device_batch_size=12)
[learned_margin] layer 0: init g=0.0 beta=2.0 gamma=1.0 (g FROZEN; beta, gamma learnable) gain=1.0
[learned_margin] layer 1: init g=0.0 beta=2.0 gamma=1.0 (g FROZEN; beta, gamma learnable) gain=1.0
[learned_margin] layer 2: init g=0.0 beta=2.0 gamma=1.0 (g FROZEN; beta, gamma learnable) gain=1.0
[learned_margin] layer 3: init g=0.0 beta=2.0 gamma=1.0 (g FROZEN; beta, gamma learnable) gain=1.0
[learned_margin] layer 4: init g=0.0 beta=2.0 gamma=1.0 (g FROZEN; beta, gamma learnable) gain=1.0
[learned_margin] layer 5: init g=0.0 beta=2.0 gamma=1.0 (g FROZEN; beta, gamma learnable) gain=1.0
MinimalGPT depth=6 dim=384 heads=6 seq=512 | ffn=compression tie=False | params=67,351,698
Tokens/micro-batch: 6,144 | grad_accum: 4 | effective batch: 24,576 tokens
wandb: [wandb.login()] Loaded credentials for http://<WANDB_HOST> from ~/.netrc.
wandb: Currently logged in as: <WANDB_ENTITY> to http://<WANDB_HOST>. Use `wandb login --relogin` to force relogin
wandb: setting up run exp_g_abl_04_B16k_light_lmfrozeng_n2_tau0p5_tph128_seed1
wandb: Tracking run with wandb version 0.28.0
wandb: Run data is saved locally in ~/.cache/wandb/wandb/run-20260914_001938-exp_g_abl_04_B16k_light_lmfrozeng_n2_tau0p5_tph128_seed1
wandb: Run `wandb offline` to turn off syncing.
wandb: Syncing run exp_g_abl_04_B16k_light_lmfrozeng_n2_tau0p5_tph128_seed1
wandb: ⭐️ View project at http://<WANDB_HOST>/<WANDB_ENTITY>/Spiky
wandb: 🚀 View run at http://<WANDB_HOST>/<WANDB_ENTITY>/Spiky/runs/exp_g_abl_04_B16k_light_lmfrozeng_n2_tau0p5_tph128_seed1
[wandb] online: run exp_g_abl_04_B16k_light_lmfrozeng_n2_tau0p5_tph128_seed1 -> ~/.cache/wandb/wandb/run-20260914_001938-exp_g_abl_04_B16k_light_lmfrozeng_n2_tau0p5_tph128_seed1/files
~/projects/spiky/.venv/lib/python3.12/site-packages/torch/_inductor/lowering.py:7242: UserWarning: 
Online softmax is disabled on the fly since Inductor decides to
split the reduction. Cut an issue to PyTorch if this is an
important use case and you want to speed it up with online
softmax.

  warnings.warn(
~/projects/spiky/.venv/lib/python3.12/site-packages/torch/_inductor/lowering.py:7242: UserWarning: 
Online softmax is disabled on the fly since Inductor decides to
split the reduction. Cut an issue to PyTorch if this is an
important use case and you want to speed it up with online
softmax.

  warnings.warn(
step      1 | loss=10.4804 | lr=1.87e-07
step    100 | loss=10.1252 | lr=1.87e-05
step    200 | loss=9.3967 | lr=3.75e-05
step    300 | loss=8.4649 | lr=5.62e-05
step    400 | loss=7.6932 | lr=7.50e-05
step    500 | loss=7.1468 | lr=9.37e-05
~/projects/spiky/.venv/lib/python3.12/site-packages/torch/_inductor/lowering.py:7242: UserWarning: 
Online softmax is disabled on the fly since Inductor decides to
split the reduction. Cut an issue to PyTorch if this is an
important use case and you want to speed it up with online
softmax.

  warnings.warn(
[VAL] step 500: bpb=2.0428
step    600 | loss=6.7432 | lr=1.12e-04
step    700 | loss=6.4595 | lr=1.31e-04
step    800 | loss=6.2631 | lr=1.50e-04
step    900 | loss=6.0873 | lr=1.69e-04
step   1000 | loss=5.9475 | lr=1.87e-04
[VAL] step 1000: bpb=1.7762
step   1100 | loss=5.8184 | lr=2.06e-04
step   1200 | loss=5.7004 | lr=2.25e-04
step   1300 | loss=5.5920 | lr=2.44e-04
step   1400 | loss=5.4926 | lr=2.62e-04
step   1500 | loss=5.4005 | lr=2.81e-04
[VAL] step 1500: bpb=1.6226
step   1600 | loss=5.3264 | lr=3.00e-04
step   1700 | loss=5.2385 | lr=3.00e-04
step   1800 | loss=5.1595 | lr=3.00e-04
step   1900 | loss=5.0838 | lr=3.00e-04
step   2000 | loss=5.0230 | lr=2.99e-04
[VAL] step 2000: bpb=1.5188
step   2100 | loss=4.9637 | lr=2.99e-04
step   2200 | loss=4.9154 | lr=2.99e-04
step   2300 | loss=4.8702 | lr=2.98e-04
step   2400 | loss=4.8227 | lr=2.98e-04
step   2500 | loss=4.7720 | lr=2.97e-04
[VAL] step 2500: bpb=1.4465
step   2600 | loss=4.7216 | lr=2.97e-04
step   2700 | loss=4.6814 | lr=2.96e-04
step   2800 | loss=4.6352 | lr=2.95e-04
step   2900 | loss=4.5929 | lr=2.95e-04
step   3000 | loss=4.5629 | lr=2.94e-04
[VAL] step 3000: bpb=1.3864
step   3100 | loss=4.5415 | lr=2.93e-04
step   3200 | loss=4.5098 | lr=2.92e-04
step   3300 | loss=4.4705 | lr=2.91e-04
step   3400 | loss=4.4477 | lr=2.90e-04
step   3500 | loss=4.4170 | lr=2.89e-04
[VAL] step 3500: bpb=1.3469
step   3600 | loss=4.3941 | lr=2.87e-04
step   3700 | loss=4.3766 | lr=2.86e-04
step   3800 | loss=4.3707 | lr=2.85e-04
step   3900 | loss=4.3524 | lr=2.83e-04
step   4000 | loss=4.3305 | lr=2.82e-04
[VAL] step 4000: bpb=1.3185
[CKPT] step 4000: wrote checkpoint_step4000.pt
step   4100 | loss=4.3079 | lr=2.80e-04
step   4200 | loss=4.2886 | lr=2.79e-04
step   4300 | loss=4.2730 | lr=2.77e-04
step   4400 | loss=4.2603 | lr=2.76e-04
step   4500 | loss=4.2509 | lr=2.74e-04
[VAL] step 4500: bpb=1.2976
step   4600 | loss=4.2437 | lr=2.72e-04
step   4700 | loss=4.2270 | lr=2.70e-04
step   4800 | loss=4.2142 | lr=2.68e-04
step   4900 | loss=4.1998 | lr=2.66e-04
step   5000 | loss=4.1996 | lr=2.65e-04
[VAL] step 5000: bpb=1.2797
step   5100 | loss=4.1842 | lr=2.63e-04
step   5200 | loss=4.1871 | lr=2.60e-04
step   5300 | loss=4.1896 | lr=2.58e-04
step   5400 | loss=4.1854 | lr=2.56e-04
step   5500 | loss=4.1602 | lr=2.54e-04
[VAL] step 5500: bpb=1.2652
step   5600 | loss=4.1401 | lr=2.52e-04
step   5700 | loss=4.1248 | lr=2.49e-04
step   5800 | loss=4.1129 | lr=2.47e-04
step   5900 | loss=4.1024 | lr=2.45e-04
step   6000 | loss=4.0992 | lr=2.42e-04
[VAL] step 6000: bpb=1.2526
step   6100 | loss=4.0908 | lr=2.40e-04
step   6200 | loss=4.0852 | lr=2.38e-04
step   6300 | loss=4.0724 | lr=2.35e-04
step   6400 | loss=4.0659 | lr=2.32e-04
step   6500 | loss=4.0652 | lr=2.30e-04
[VAL] step 6500: bpb=1.2414
step   6600 | loss=4.0506 | lr=2.27e-04
step   6700 | loss=4.0464 | lr=2.25e-04
step   6800 | loss=4.0502 | lr=2.22e-04
step   6900 | loss=4.0352 | lr=2.19e-04
step   7000 | loss=4.0190 | lr=2.17e-04
[VAL] step 7000: bpb=1.2324
step   7100 | loss=4.0011 | lr=2.14e-04
step   7200 | loss=3.9939 | lr=2.11e-04
step   7300 | loss=3.9968 | lr=2.08e-04
step   7400 | loss=3.9956 | lr=2.06e-04
step   7500 | loss=3.9873 | lr=2.03e-04
[VAL] step 7500: bpb=1.2225
step   7600 | loss=3.9768 | lr=2.00e-04
step   7700 | loss=3.9609 | lr=1.97e-04
step   7800 | loss=3.9580 | lr=1.94e-04
step   7900 | loss=3.9556 | lr=1.91e-04
step   8000 | loss=3.9478 | lr=1.88e-04
[VAL] step 8000: bpb=1.2157
[CKPT] step 8000: wrote checkpoint_step8000.pt
step   8100 | loss=3.9401 | lr=1.86e-04
step   8200 | loss=3.9418 | lr=1.83e-04
step   8300 | loss=3.9433 | lr=1.80e-04
step   8400 | loss=3.9277 | lr=1.77e-04
step   8500 | loss=3.9152 | lr=1.74e-04
[VAL] step 8500: bpb=1.2079
step   8600 | loss=3.9121 | lr=1.71e-04
step   8700 | loss=3.9034 | lr=1.68e-04
step   8800 | loss=3.8994 | lr=1.65e-04
step   8900 | loss=3.8993 | lr=1.62e-04
step   9000 | loss=3.9022 | lr=1.59e-04
[VAL] step 9000: bpb=1.2022
step   9100 | loss=3.8876 | lr=1.56e-04
step   9200 | loss=3.8852 | lr=1.53e-04
step   9300 | loss=3.8722 | lr=1.50e-04
step   9400 | loss=3.8680 | lr=1.47e-04
step   9500 | loss=3.8608 | lr=1.44e-04
[VAL] step 9500: bpb=1.1962
step   9600 | loss=3.8627 | lr=1.42e-04
step   9700 | loss=3.8595 | lr=1.39e-04
step   9800 | loss=3.8639 | lr=1.36e-04
step   9900 | loss=3.8493 | lr=1.33e-04
step  10000 | loss=3.8426 | lr=1.30e-04
[VAL] step 10000: bpb=1.1908
step  10100 | loss=3.8401 | lr=1.27e-04
step  10200 | loss=3.8382 | lr=1.24e-04
step  10300 | loss=3.8303 | lr=1.22e-04
step  10400 | loss=3.8504 | lr=1.19e-04
step  10500 | loss=3.8500 | lr=1.16e-04
[VAL] step 10500: bpb=1.1863
step  10600 | loss=3.8531 | lr=1.13e-04
step  10700 | loss=3.8190 | lr=1.11e-04
step  10800 | loss=3.8170 | lr=1.08e-04
step  10900 | loss=3.8093 | lr=1.05e-04
step  11000 | loss=3.7906 | lr=1.03e-04
[VAL] step 11000: bpb=1.1818
step  11100 | loss=3.7940 | lr=1.00e-04
step  11200 | loss=3.7948 | lr=9.75e-05
step  11300 | loss=3.7934 | lr=9.50e-05
step  11400 | loss=3.7939 | lr=9.25e-05
step  11500 | loss=3.7783 | lr=9.00e-05
[VAL] step 11500: bpb=1.1780
step  11600 | loss=3.7784 | lr=8.76e-05
step  11700 | loss=3.7830 | lr=8.52e-05
step  11800 | loss=3.7754 | lr=8.28e-05
step  11900 | loss=3.7763 | lr=8.05e-05
step  12000 | loss=3.7702 | lr=7.82e-05
[VAL] step 12000: bpb=1.1744
[CKPT] step 12000: wrote checkpoint_step12000.pt
step  12100 | loss=3.7658 | lr=7.60e-05
step  12200 | loss=3.7529 | lr=7.38e-05
step  12300 | loss=3.7443 | lr=7.16e-05
step  12400 | loss=3.7445 | lr=6.95e-05
step  12500 | loss=3.7458 | lr=6.75e-05
[VAL] step 12500: bpb=1.1714
step  12600 | loss=3.7414 | lr=6.55e-05
step  12700 | loss=3.7412 | lr=6.35e-05
step  12800 | loss=3.7326 | lr=6.16e-05
step  12900 | loss=3.7236 | lr=5.97e-05
step  13000 | loss=3.7287 | lr=5.79e-05
[VAL] step 13000: bpb=1.1686
step  13100 | loss=3.7193 | lr=5.61e-05
step  13200 | loss=3.7187 | lr=5.44e-05
step  13300 | loss=3.7173 | lr=5.28e-05
step  13400 | loss=3.7214 | lr=5.11e-05
step  13500 | loss=3.7228 | lr=4.96e-05
[VAL] step 13500: bpb=1.1663
step  13600 | loss=3.7135 | lr=4.81e-05
step  13700 | loss=3.7033 | lr=4.66e-05
step  13800 | loss=3.7025 | lr=4.53e-05
step  13900 | loss=3.6986 | lr=4.39e-05
step  14000 | loss=3.7016 | lr=4.26e-05
[VAL] step 14000: bpb=1.1642
step  14100 | loss=3.7013 | lr=4.14e-05
step  14200 | loss=3.7046 | lr=4.03e-05
step  14300 | loss=3.7000 | lr=3.92e-05
step  14400 | loss=3.6936 | lr=3.81e-05
step  14500 | loss=3.6840 | lr=3.72e-05
[VAL] step 14500: bpb=1.1630
step  14600 | loss=3.6815 | lr=3.62e-05
step  14700 | loss=3.6745 | lr=3.54e-05
step  14800 | loss=3.6825 | lr=3.46e-05
step  14900 | loss=3.6854 | lr=3.39e-05
step  15000 | loss=3.6859 | lr=3.32e-05
[VAL] step 15000: bpb=1.1615
step  15100 | loss=3.6759 | lr=3.26e-05
step  15200 | loss=3.6734 | lr=3.21e-05
step  15300 | loss=3.6755 | lr=3.16e-05
step  15400 | loss=3.6816 | lr=3.12e-05
step  15500 | loss=3.6761 | lr=3.08e-05
[VAL] step 15500: bpb=1.1606
step  15600 | loss=3.7064 | lr=3.05e-05
step  15700 | loss=3.6996 | lr=3.03e-05
step  15800 | loss=3.6930 | lr=3.01e-05
step  15900 | loss=3.6688 | lr=3.00e-05
step  16000 | loss=3.6696 | lr=3.00e-05
[VAL] step 16000: bpb=1.1600

=== DONE ===
{
  "exp_name": "exp_g_abl_04_B16k_light_lmfrozeng_n2_tau0p5_tph128_seed1",
  "best_val_bpb": 1.159969111395408,
  "final_val_bpb": 1.159969111395408,
  "total_params": 67351698,
  "training_time_hours": 1.074,
  "eval_protocol": {
    "eval_batch_size": 48,
    "eval_steps": 100,
    "skip_rows": 12,
    "batch_size_independent": true
  },
  "learned_confidence": {
    "form": "learned_margin",
    "score": "exp(g) * sum|d| * prod sigmoid(beta |d|) ** gamma",
    "init_per_layer": [
      {
        "g": 0.0,
        "beta": 2.0,
        "gamma": 1.0
      },
      {
        "g": 0.0,
        "beta": 2.0,
        "gamma": 1.0
      },
      {
        "g": 0.0,
        "beta": 2.0,
        "gamma": 1.0
      },
      {
        "g": 0.0,
        "beta": 2.0,
        "gamma": 1.0
      },
      {
        "g": 0.0,
        "beta": 2.0,
        "gamma": 1.0
      },
      {
        "g": 0.0,
        "beta": 2.0,
        "gamma": 1.0
      }
    ],
    "final_per_layer": [
      {
        "g": 0.0,
        "beta": 1.6146061420440674,
        "gamma": 1.254409670829773
      },
      {
        "g": 0.0,
        "beta": 1.7409844398498535,
        "gamma": 1.1447041034698486
      },
      {
        "g": 0.0,
        "beta": 1.8303160667419434,
        "gamma": 1.1456652879714966
      },
      {
        "g": 0.0,
        "beta": 1.8705507516860962,
        "gamma": 1.1050171852111816
      },
      {
        "g": 0.0,
        "beta": 1.884889006614685,
        "gamma": 1.0390312671661377
      },
      {
        "g": 0.0,
        "beta": 2.0333447456359863,
        "gamma": 0.8541162610054016
      }
    ]
  }
}
wandb: 
wandb: Run history:
wandb: lm_beta_L0 ███▇▆▅▄▃▃▂▂▂▁▁▁▁▁▁▁▁▁▁▁▁▁▁▂▂▂▂▂▂
wandb: lm_beta_L1 ███▇▆▅▅▄▄▃▃▂▂▂▁▁▁▁▁▁▁▁▁▁▁▁▁▂▂▂▂▂
wandb: lm_beta_L2 ████▇▆▅▅▄▃▃▂▂▂▁▁▁▁▁▁▁▁▁▁▁▁▂▂▂▂▂▂
wandb: lm_beta_L3 ▆▇██▇▆▆▅▄▄▃▃▂▂▁▁▁▁▁▁▁▁▁▁▁▁▁▁▂▂▂▂
wandb: lm_beta_L4 ▅▆██▇▆▆▅▄▄▃▃▂▂▂▁▁▁▁▁▁▁▁▁▁▁▁▁▁▁▁▁
wandb: lm_beta_L5 ▁▄▆▇███▇▇▆▅▄▄▃▃▂▂▂▂▁▂▂▂▂▂▂▂▂▂▂▂▂
wandb:    lm_g_L0 ▁▁▁▁▁▁▁▁▁▁▁▁▁▁▁▁▁▁▁▁▁▁▁▁▁▁▁▁▁▁▁▁
wandb:    lm_g_L1 ▁▁▁▁▁▁▁▁▁▁▁▁▁▁▁▁▁▁▁▁▁▁▁▁▁▁▁▁▁▁▁▁
wandb:    lm_g_L2 ▁▁▁▁▁▁▁▁▁▁▁▁▁▁▁▁▁▁▁▁▁▁▁▁▁▁▁▁▁▁▁▁
wandb:    lm_g_L3 ▁▁▁▁▁▁▁▁▁▁▁▁▁▁▁▁▁▁▁▁▁▁▁▁▁▁▁▁▁▁▁▁
wandb:        +39 ...
wandb: 
wandb: Run summary:
wandb:  best_val_bpb 1.15997
wandb:      exp_name exp_g_abl_04_B16k_li...
wandb: final_val_bpb 1.15997
wandb:    lm_beta_L0 1.61461
wandb:    lm_beta_L1 1.74098
wandb:    lm_beta_L2 1.83032
wandb:    lm_beta_L3 1.87055
wandb:    lm_beta_L4 1.88489
wandb:    lm_beta_L5 2.03334
wandb:       lm_g_L0 0
wandb:           +44 ...
wandb: 
wandb: 🚀 View run exp_g_abl_04_B16k_light_lmfrozeng_n2_tau0p5_tph128_seed1 at: http://<WANDB_HOST>/<WANDB_ENTITY>/Spiky/runs/exp_g_abl_04_B16k_light_lmfrozeng_n2_tau0p5_tph128_seed1
wandb: ⭐️ View project at: http://<WANDB_HOST>/<WANDB_ENTITY>/Spiky
wandb: Synced 5 W&B file(s), 0 media file(s), 0 artifact file(s) and 0 other file(s)
wandb: Find logs at: ~/.cache/wandb/wandb/run-20260914_001938-exp_g_abl_04_B16k_light_lmfrozeng_n2_tau0p5_tph128_seed1/logs
[wandb] finished in 0.1s
