Loading tokenizer from /home/starost/.cache/nanochat/tokenizer
Vocab size: 32768, BOS id: 32759
Total params (all fp32): 129,304,838
Q/K Joint MHLut: in_nap=6 tph=256 d_qk=32 (n_outputs=2*d_qk=64)
V MHLut:         in_nap=7 tph=256 d_v=16 (n_outputs=d_v)
out_proj MHLut:  in_nap=6 tph=[2048, 2048, 1024, 1024, 1024, 1024] (n_outputs=E=96) + LayerNorm
Tokens/micro-batch: 4,096 | grad_accum: 1 | effective batch: 4,096 tokens
step      1 | loss=10.5678 | lr=3.75e-07
step    100 | loss=9.7353 | lr=3.75e-05
step    200 | loss=8.6386 | lr=7.50e-05
[VAL] step 200: bpb=2.3713
step    300 | loss=8.0022 | lr=1.12e-04
step    400 | loss=7.7141 | lr=1.50e-04
[VAL] step 400: bpb=2.3071
step    500 | loss=7.5423 | lr=1.87e-04
step    600 | loss=7.4665 | lr=2.25e-04
[VAL] step 600: bpb=2.2675
step    700 | loss=7.4131 | lr=2.62e-04
step    800 | loss=7.3529 | lr=3.00e-04
[VAL] step 800: bpb=2.2458
step    900 | loss=7.3048 | lr=3.00e-04
step   1000 | loss=7.2678 | lr=2.99e-04
[VAL] step 1000: bpb=2.2139
step   1100 | loss=7.2422 | lr=2.99e-04
step   1200 | loss=7.2100 | lr=2.98e-04
[VAL] step 1200: bpb=2.1977
step   1300 | loss=7.1735 | lr=2.97e-04
step   1400 | loss=7.1593 | lr=2.95e-04
[VAL] step 1400: bpb=2.1863
step   1500 | loss=7.1414 | lr=2.94e-04
step   1600 | loss=7.0998 | lr=2.92e-04
[VAL] step 1600: bpb=2.1724
step   1700 | loss=7.0888 | lr=2.90e-04
step   1800 | loss=7.0761 | lr=2.87e-04
[VAL] step 1800: bpb=2.1703
step   1900 | loss=7.0760 | lr=2.85e-04
step   2000 | loss=7.0588 | lr=2.82e-04
[VAL] step 2000: bpb=2.1607
