Loading tokenizer from /home/starost/.cache/nanochat/tokenizer
Vocab size: 32768, BOS id: 32759
Total params (all fp32): 129,304,838
Q/K Joint MHLut: in_nap=6 tph=256 d_qk=32 (n_outputs=2*d_qk=64)
V MHLut:         in_nap=7 tph=256 d_v=16 (n_outputs=d_v)
out_proj MHLut:  in_nap=6 tph=[2048, 2048, 1024, 1024, 1024, 1024] (n_outputs=E=96) + LayerNorm
Tokens/micro-batch: 4,096 | grad_accum: 1 | effective batch: 4,096 tokens
step      1 | loss=10.5650 | lr=3.75e-07
step    100 | loss=9.7405 | lr=3.75e-05
step    200 | loss=8.6313 | lr=7.50e-05
[VAL] step 200: bpb=2.3552
step    300 | loss=7.9356 | lr=1.12e-04
step    400 | loss=7.5039 | lr=1.50e-04
[VAL] step 400: bpb=2.1725
step    500 | loss=7.1624 | lr=1.87e-04
step    600 | loss=6.9937 | lr=2.25e-04
[VAL] step 600: bpb=2.0897
step    700 | loss=6.8881 | lr=2.62e-04
step    800 | loss=6.7978 | lr=3.00e-04
[VAL] step 800: bpb=2.0608
step    900 | loss=6.7340 | lr=3.00e-04
step   1000 | loss=6.6893 | lr=2.99e-04
[VAL] step 1000: bpb=2.0282
step   1100 | loss=6.6507 | lr=2.99e-04
step   1200 | loss=6.6195 | lr=2.98e-04
[VAL] step 1200: bpb=2.0089
step   1300 | loss=6.5718 | lr=2.97e-04
step   1400 | loss=6.5604 | lr=2.95e-04
[VAL] step 1400: bpb=1.9959
step   1500 | loss=6.5394 | lr=2.94e-04
step   1600 | loss=6.4910 | lr=2.92e-04
[VAL] step 1600: bpb=1.9826
step   1700 | loss=6.4814 | lr=2.90e-04
step   1800 | loss=6.4694 | lr=2.87e-04
[VAL] step 1800: bpb=1.9747
step   1900 | loss=6.4591 | lr=2.85e-04
step   2000 | loss=6.4451 | lr=2.82e-04
[VAL] step 2000: bpb=1.9676
step   2100 | loss=6.4230 | lr=2.79e-04
step   2200 | loss=6.4113 | lr=2.76e-04
[VAL] step 2200: bpb=1.9602
step   2300 | loss=6.3954 | lr=2.72e-04
step   2400 | loss=6.3915 | lr=2.68e-04
[VAL] step 2400: bpb=1.9540
