Loading tokenizer from /home/nebius-h100/.cache/nanochat/tokenizer
FIXED EVAL: bs48 x 100 steps, skip 12 rows (val window independent of device_batch_size=12)
MinimalGPT depth=6 dim=384 heads=6 seq=512 | ffn=compression tie=False | params=67,351,692
Tokens/micro-batch: 6,144 | grad_accum: 4 | effective batch: 24,576 tokens
wandb: [wandb.login()] Loaded credentials for http://<WANDB_HOST> from /home/nebius-h100/.netrc.
wandb: Currently logged in as: <WANDB_ENTITY> to http://<WANDB_HOST>. Use `wandb login --relogin` to force relogin
wandb: Tracking run with wandb version 0.30.0
wandb: Run data is saved locally in /home/nebius-h100/.cache/wandb/wandb/run-20260913_183326-exp_n_abl_07_B16k_fast_hard_topk0_nap8_tph128_seed1
wandb: Run `wandb offline` to turn off syncing.
wandb: Syncing run exp_n_abl_07_B16k_fast_hard_topk0_nap8_tph128_seed1
wandb: ⭐️ View project at http://<WANDB_HOST>/<WANDB_ENTITY>/Spiky
wandb: 🚀 View run at http://<WANDB_HOST>/<WANDB_ENTITY>/Spiky/runs/exp_n_abl_07_B16k_fast_hard_topk0_nap8_tph128_seed1
[wandb] online: run exp_n_abl_07_B16k_fast_hard_topk0_nap8_tph128_seed1 -> /home/nebius-h100/.cache/wandb/wandb/run-20260913_183326-exp_n_abl_07_B16k_fast_hard_topk0_nap8_tph128_seed1/files
/home/nebius-h100/venv/lib/python3.12/site-packages/torch/_inductor/compile_fx.py:321: UserWarning: TensorFloat32 tensor cores for float32 matrix multiplication available but not enabled. Consider setting `torch.set_float32_matmul_precision('high')` for better performance.
  warnings.warn(
step      1 | loss=10.4804 | lr=1.87e-07
step    100 | loss=10.1233 | lr=1.87e-05
step    200 | loss=9.3842 | lr=3.75e-05
step    300 | loss=8.4309 | lr=5.62e-05
step    400 | loss=7.6164 | lr=7.50e-05
step    500 | loss=7.0438 | lr=9.37e-05
[VAL] step 500: bpb=2.0071
step    600 | loss=6.6407 | lr=1.12e-04
step    700 | loss=6.3666 | lr=1.31e-04
step    800 | loss=6.1807 | lr=1.50e-04
step    900 | loss=6.0148 | lr=1.69e-04
step   1000 | loss=5.8824 | lr=1.87e-04
[VAL] step 1000: bpb=1.7583
step   1100 | loss=5.7585 | lr=2.06e-04
step   1200 | loss=5.6445 | lr=2.25e-04
step   1300 | loss=5.5409 | lr=2.44e-04
step   1400 | loss=5.4456 | lr=2.62e-04
step   1500 | loss=5.3577 | lr=2.81e-04
[VAL] step 1500: bpb=1.6120
step   1600 | loss=5.2891 | lr=3.00e-04
step   1700 | loss=5.2073 | lr=3.00e-04
step   1800 | loss=5.1343 | lr=3.00e-04
step   1900 | loss=5.0633 | lr=3.00e-04
step   2000 | loss=5.0094 | lr=2.99e-04
[VAL] step 2000: bpb=1.5170
step   2100 | loss=4.9554 | lr=2.99e-04
step   2200 | loss=4.9117 | lr=2.99e-04
step   2300 | loss=4.8705 | lr=2.98e-04
step   2400 | loss=4.8272 | lr=2.98e-04
step   2500 | loss=4.7789 | lr=2.97e-04
[VAL] step 2500: bpb=1.4518
step   2600 | loss=4.7325 | lr=2.97e-04
step   2700 | loss=4.6959 | lr=2.96e-04
step   2800 | loss=4.6514 | lr=2.95e-04
step   2900 | loss=4.6118 | lr=2.95e-04
step   3000 | loss=4.5831 | lr=2.94e-04
[VAL] step 3000: bpb=1.3931
step   3100 | loss=4.5643 | lr=2.93e-04
step   3200 | loss=4.5342 | lr=2.92e-04
step   3300 | loss=4.4965 | lr=2.91e-04
step   3400 | loss=4.4758 | lr=2.90e-04
step   3500 | loss=4.4463 | lr=2.89e-04
[VAL] step 3500: bpb=1.3559
step   3600 | loss=4.4247 | lr=2.87e-04
step   3700 | loss=4.4085 | lr=2.86e-04
step   3800 | loss=4.4041 | lr=2.85e-04
step   3900 | loss=4.3867 | lr=2.83e-04
step   4000 | loss=4.3665 | lr=2.82e-04
[VAL] step 4000: bpb=1.3302
step   4100 | loss=4.3449 | lr=2.80e-04
step   4200 | loss=4.3271 | lr=2.79e-04
step   4300 | loss=4.3122 | lr=2.77e-04
step   4400 | loss=4.3002 | lr=2.76e-04
step   4500 | loss=4.2909 | lr=2.74e-04
[VAL] step 4500: bpb=1.3100
step   4600 | loss=4.2852 | lr=2.72e-04
step   4700 | loss=4.2691 | lr=2.70e-04
step   4800 | loss=4.2570 | lr=2.68e-04
step   4900 | loss=4.2430 | lr=2.66e-04
step   5000 | loss=4.2435 | lr=2.65e-04
[VAL] step 5000: bpb=1.2942
step   5100 | loss=4.2291 | lr=2.63e-04
step   5200 | loss=4.2317 | lr=2.60e-04
step   5300 | loss=4.2354 | lr=2.58e-04
step   5400 | loss=4.2318 | lr=2.56e-04
step   5500 | loss=4.2079 | lr=2.54e-04
[VAL] step 5500: bpb=1.2792
step   5600 | loss=4.1881 | lr=2.52e-04
step   5700 | loss=4.1736 | lr=2.49e-04
step   5800 | loss=4.1620 | lr=2.47e-04
step   5900 | loss=4.1524 | lr=2.45e-04
step   6000 | loss=4.1500 | lr=2.42e-04
[VAL] step 6000: bpb=1.2681
step   6100 | loss=4.1420 | lr=2.40e-04
step   6200 | loss=4.1371 | lr=2.38e-04
step   6300 | loss=4.1247 | lr=2.35e-04
step   6400 | loss=4.1183 | lr=2.32e-04
step   6500 | loss=4.1185 | lr=2.30e-04
[VAL] step 6500: bpb=1.2587
step   6600 | loss=4.1054 | lr=2.27e-04
step   6700 | loss=4.1016 | lr=2.25e-04
step   6800 | loss=4.1050 | lr=2.22e-04
step   6900 | loss=4.0907 | lr=2.19e-04
step   7000 | loss=4.0762 | lr=2.17e-04
[VAL] step 7000: bpb=1.2497
step   7100 | loss=4.0588 | lr=2.14e-04
step   7200 | loss=4.0522 | lr=2.11e-04
step   7300 | loss=4.0561 | lr=2.08e-04
step   7400 | loss=4.0561 | lr=2.06e-04
step   7500 | loss=4.0478 | lr=2.03e-04
[VAL] step 7500: bpb=1.2412
step   7600 | loss=4.0381 | lr=2.00e-04
step   7700 | loss=4.0228 | lr=1.97e-04
step   7800 | loss=4.0209 | lr=1.94e-04
step   7900 | loss=4.0190 | lr=1.91e-04
step   8000 | loss=4.0126 | lr=1.88e-04
[VAL] step 8000: bpb=1.2343
step   8100 | loss=4.0062 | lr=1.86e-04
step   8200 | loss=4.0082 | lr=1.83e-04
step   8300 | loss=4.0101 | lr=1.80e-04
step   8400 | loss=3.9954 | lr=1.77e-04
step   8500 | loss=3.9829 | lr=1.74e-04
[VAL] step 8500: bpb=1.2277
step   8600 | loss=3.9806 | lr=1.71e-04
step   8700 | loss=3.9725 | lr=1.68e-04
step   8800 | loss=3.9694 | lr=1.65e-04
step   8900 | loss=3.9699 | lr=1.62e-04
step   9000 | loss=3.9741 | lr=1.59e-04
[VAL] step 9000: bpb=1.2216
step   9100 | loss=3.9596 | lr=1.56e-04
step   9200 | loss=3.9581 | lr=1.53e-04
step   9300 | loss=3.9464 | lr=1.50e-04
step   9400 | loss=3.9422 | lr=1.47e-04
step   9500 | loss=3.9351 | lr=1.44e-04
[VAL] step 9500: bpb=1.2159
step   9600 | loss=3.9375 | lr=1.42e-04
step   9700 | loss=3.9351 | lr=1.39e-04
step   9800 | loss=3.9405 | lr=1.36e-04
step   9900 | loss=3.9260 | lr=1.33e-04
step  10000 | loss=3.9202 | lr=1.30e-04
[VAL] step 10000: bpb=1.2111
step  10100 | loss=3.9172 | lr=1.27e-04
step  10200 | loss=3.9161 | lr=1.24e-04
step  10300 | loss=3.9082 | lr=1.22e-04
step  10400 | loss=3.9291 | lr=1.19e-04
step  10500 | loss=3.9289 | lr=1.16e-04
[VAL] step 10500: bpb=1.2062
step  10600 | loss=3.9318 | lr=1.13e-04
step  10700 | loss=3.8991 | lr=1.11e-04
step  10800 | loss=3.8972 | lr=1.08e-04
step  10900 | loss=3.8895 | lr=1.05e-04
step  11000 | loss=3.8719 | lr=1.03e-04
[VAL] step 11000: bpb=1.2021
step  11100 | loss=3.8753 | lr=1.00e-04
step  11200 | loss=3.8765 | lr=9.75e-05
step  11300 | loss=3.8748 | lr=9.50e-05
step  11400 | loss=3.8762 | lr=9.25e-05
step  11500 | loss=3.8604 | lr=9.00e-05
[VAL] step 11500: bpb=1.1985
step  11600 | loss=3.8610 | lr=8.76e-05
step  11700 | loss=3.8659 | lr=8.52e-05
step  11800 | loss=3.8589 | lr=8.28e-05
step  11900 | loss=3.8595 | lr=8.05e-05
step  12000 | loss=3.8544 | lr=7.82e-05
[VAL] step 12000: bpb=1.1953
step  12100 | loss=3.8499 | lr=7.60e-05
step  12200 | loss=3.8372 | lr=7.38e-05
step  12300 | loss=3.8292 | lr=7.16e-05
step  12400 | loss=3.8292 | lr=6.95e-05
step  12500 | loss=3.8301 | lr=6.75e-05
[VAL] step 12500: bpb=1.1924
step  12600 | loss=3.8268 | lr=6.55e-05
step  12700 | loss=3.8276 | lr=6.35e-05
step  12800 | loss=3.8196 | lr=6.16e-05
step  12900 | loss=3.8104 | lr=5.97e-05
step  13000 | loss=3.8159 | lr=5.79e-05
[VAL] step 13000: bpb=1.1896
step  13100 | loss=3.8063 | lr=5.61e-05
step  13200 | loss=3.8070 | lr=5.44e-05
step  13300 | loss=3.8068 | lr=5.28e-05
step  13400 | loss=3.8113 | lr=5.11e-05
step  13500 | loss=3.8124 | lr=4.96e-05
[VAL] step 13500: bpb=1.1874
step  13600 | loss=3.8033 | lr=4.81e-05
step  13700 | loss=3.7928 | lr=4.66e-05
step  13800 | loss=3.7931 | lr=4.53e-05
step  13900 | loss=3.7889 | lr=4.39e-05
step  14000 | loss=3.7923 | lr=4.26e-05
[VAL] step 14000: bpb=1.1853
step  14100 | loss=3.7919 | lr=4.14e-05
step  14200 | loss=3.7969 | lr=4.03e-05
step  14300 | loss=3.7917 | lr=3.92e-05
step  14400 | loss=3.7858 | lr=3.81e-05
step  14500 | loss=3.7769 | lr=3.72e-05
[VAL] step 14500: bpb=1.1839
step  14600 | loss=3.7744 | lr=3.62e-05
step  14700 | loss=3.7682 | lr=3.54e-05
step  14800 | loss=3.7763 | lr=3.46e-05
step  14900 | loss=3.7791 | lr=3.39e-05
step  15000 | loss=3.7803 | lr=3.32e-05
[VAL] step 15000: bpb=1.1824
step  15100 | loss=3.7704 | lr=3.26e-05
step  15200 | loss=3.7674 | lr=3.21e-05
step  15300 | loss=3.7696 | lr=3.16e-05
step  15400 | loss=3.7765 | lr=3.12e-05
step  15500 | loss=3.7708 | lr=3.08e-05
[VAL] step 15500: bpb=1.1815
step  15600 | loss=3.8009 | lr=3.05e-05
step  15700 | loss=3.7945 | lr=3.03e-05
step  15800 | loss=3.7873 | lr=3.01e-05
step  15900 | loss=3.7645 | lr=3.00e-05
step  16000 | loss=3.7654 | lr=3.00e-05
[VAL] step 16000: bpb=1.1810

=== DONE ===
{
  "exp_name": "exp_n_abl_07_B16k_fast_hard_topk0_nap8_tph128_seed1",
  "best_val_bpb": 1.1810352702712077,
  "final_val_bpb": 1.1810352702712077,
  "total_params": 67351692,
  "training_time_hours": 1.833,
  "eval_protocol": {
    "eval_batch_size": 48,
    "eval_steps": 100,
    "skip_rows": 12,
    "batch_size_independent": true
  }
}
wandb: updating run metadata
wandb: uploading history steps 1600-1600, summary
wandb: 
wandb: Run history:
wandb: ln1_norm_L0 ██▇▇▆▆▅▄▄▃▃▃▂▂▂▂▁▁▁▁▁▁▁▁▁▁▁▁▁▁▁▁
wandb: ln1_norm_L1 ▇███▇▆▅▅▄▃▃▂▂▂▂▁▁▁▁▁▁▁▁▁▁▁▁▁▁▁▁▁
wandb: ln1_norm_L2 ███▇▆▅▄▄▃▂▂▂▁▁▁▁▁▁▁▁▁▁▁▁▁▂▂▂▂▂▂▂
wandb: ln1_norm_L3 ███▇▆▅▄▃▃▂▂▁▁▁▁▁▁▁▁▁▁▁▂▂▂▂▂▂▂▂▂▂
wandb: ln1_norm_L4 ▁▁▁▁▂▃▄▅▅▅▆▆▆▆▆▇▇▇▇▇▇▇██████████
wandb: ln1_norm_L5 ▁▁▁▂▂▂▃▃▃▄▄▅▅▅▆▆▆▆▇▇▇▇▇▇▇███████
wandb: ln2_mean_L0 █████▇▇▆▅▅▄▄▃▃▂▂▂▁▁▁▁▁▁▁▁▁▁▁▁▁▁▁
wandb: ln2_mean_L1 ▅▆▇██▇▇▆▅▄▄▃▃▃▂▂▂▁▁▁▁▁▁▁▁▁▁▁▁▁▁▁
wandb: ln2_mean_L2 ▆▆▇██▇▇▆▅▅▄▄▃▃▂▂▂▂▂▁▁▁▁▁▁▁▁▁▁▁▁▁
wandb: ln2_mean_L3 ▆▇███▇▆▅▅▄▄▃▃▃▂▂▂▂▂▁▁▁▁▁▁▁▁▁▁▁▁▁
wandb:         +22 ...
wandb: 
wandb: Run summary:
wandb:  best_val_bpb 1.18104
wandb:      exp_name exp_n_abl_07_B16k_fa...
wandb: final_val_bpb 1.18104
wandb:   ln1_norm_L0 14.48092
wandb:   ln1_norm_L1 19.5075
wandb:   ln1_norm_L2 18.71919
wandb:   ln1_norm_L3 19.04564
wandb:   ln1_norm_L4 22.56507
wandb:   ln1_norm_L5 22.50388
wandb:   ln2_mean_L0 0.86055
wandb:           +27 ...
wandb: 
wandb: 🚀 View run exp_n_abl_07_B16k_fast_hard_topk0_nap8_tph128_seed1 at: http://<WANDB_HOST>/<WANDB_ENTITY>/Spiky/runs/exp_n_abl_07_B16k_fast_hard_topk0_nap8_tph128_seed1
wandb: ⭐️ View project at: http://<WANDB_HOST>/<WANDB_ENTITY>/Spiky
wandb: Synced 5 W&B file(s), 0 media file(s), 0 artifact file(s) and 0 other file(s)
wandb: Find logs at: /home/nebius-h100/.cache/wandb/wandb/run-20260913_183326-exp_n_abl_07_B16k_fast_hard_topk0_nap8_tph128_seed1/logs
[wandb] finished in 0.6s
