Failed to import warp: No module named 'warp'
Failed to import mujoco_warp: No module named 'warp'
Bucket-LIF SAC actor buckets=16 tph=128 heads=1 seed=1 | 12 outputs/cell (6 mu + 6 log-sigma) | front-end 6,784 + table 24,576 = 31,360 params (111.9% of the 28,032 hyperplane baseline; front-end 196.3% of its 3,456) | rows 128x16 = 2,048 | eps INERT; sharpness is trainable T_cross/T_bkt
[  500/10000] steps    32,000 | MJX ret     -4.1 | bkt-cov   0.0% | bkt 11.07±3.57 | Tbkt 1.000 | Tcr 1.000 | best     -4.1 |   3.0m
[ 1000/10000] steps    64,000 | MJX ret    238.4 | bkt-cov  80.0% | bkt  8.93±3.59 | Tbkt 0.597 | Tcr 0.864 | best    238.4 |  16.6m
[ 1500/10000] steps    96,000 | MJX ret    262.1 | bkt-cov  82.6% | bkt  9.25±3.78 | Tbkt 0.442 | Tcr 0.739 | best    262.1 |  30.1m
[ 2000/10000] steps   128,000 | MJX ret    358.9 | bkt-cov  83.9% | bkt  9.09±3.83 | Tbkt 0.361 | Tcr 0.684 | best    358.9 |  43.3m
[ 2500/10000] steps   160,000 | MJX ret    455.2 | bkt-cov  84.5% | bkt  9.49±3.99 | Tbkt 0.311 | Tcr 0.639 | best    455.2 |  56.5m
[ 3000/10000] steps   192,000 | MJX ret    652.7 | bkt-cov  84.9% | bkt  8.93±3.87 | Tbkt 0.268 | Tcr 0.601 | best    652.7 |  69.8m
[ 3500/10000] steps   224,000 | MJX ret    678.4 | bkt-cov  85.1% | bkt  9.00±3.91 | Tbkt 0.218 | Tcr 0.585 | best    678.4 |  82.6m
[ 4000/10000] steps   256,000 | MJX ret   1926.1 | bkt-cov  85.6% | bkt  8.68±3.84 | Tbkt 0.171 | Tcr 0.569 | best   1926.1 |  95.1m
[ 4500/10000] steps   288,000 | MJX ret   2096.8 | bkt-cov  85.8% | bkt  8.60±3.81 | Tbkt 0.137 | Tcr 0.553 | best   2096.8 | 107.9m
[ 5000/10000] steps   320,000 | MJX ret   2362.4 | bkt-cov  86.0% | bkt  8.54±3.70 | Tbkt 0.119 | Tcr 0.531 | best   2362.4 | 120.4m
[ 5500/10000] steps   352,000 | MJX ret   1668.4 | bkt-cov  86.2% | bkt  8.59±3.81 | Tbkt 0.094 | Tcr 0.511 | best   2362.4 | 132.8m
[ 6000/10000] steps   384,000 | MJX ret   2814.8 | bkt-cov  86.3% | bkt  8.40±3.78 | Tbkt 0.072 | Tcr 0.495 | best   2814.8 | 145.1m
[ 6500/10000] steps   416,000 | MJX ret   3409.2 | bkt-cov  86.4% | bkt  8.23±3.69 | Tbkt 0.050 | Tcr 0.483 | best   3409.2 | 157.4m
[ 7000/10000] steps   448,000 | MJX ret   2717.9 | bkt-cov  86.5% | bkt  8.52±3.85 | Tbkt 0.031 | Tcr 0.474 | best   3409.2 | 169.8m
[ 7500/10000] steps   480,000 | MJX ret   1694.8 | bkt-cov  86.5% | bkt  8.28±3.76 | Tbkt 0.022 | Tcr 0.466 | best   3409.2 | 182.3m
[ 8000/10000] steps   512,000 | MJX ret   3102.8 | bkt-cov  86.6% | bkt  8.15±3.77 | Tbkt 0.019 | Tcr 0.459 | best   3409.2 | 194.8m
[ 8500/10000] steps   544,000 | MJX ret   3586.6 | bkt-cov  86.7% | bkt  8.17±3.81 | Tbkt 0.017 | Tcr 0.454 | best   3586.6 | 207.1m
[ 9000/10000] steps   576,000 | MJX ret   3805.6 | bkt-cov  87.0% | bkt  8.26±3.78 | Tbkt 0.014 | Tcr 0.453 | best   3805.6 | 219.5m
[ 9500/10000] steps   608,000 | MJX ret   3744.6 | bkt-cov  87.0% | bkt  8.29±3.86 | Tbkt 0.013 | Tcr 0.448 | best   3805.6 | 231.9m
[10000/10000] steps   640,000 | MJX ret   3919.6 | bkt-cov  87.0% | bkt  8.34±3.84 | Tbkt 0.012 | Tcr 0.443 | best   3919.6 | 241.6m
done: best MJX 3919.6 over 640,000 env-steps in 241.6 min
Failed to import warp: No module named 'warp'
Failed to import mujoco_warp: No module named 'warp'
bucket_sac_c36_s1_actor.npz (31,360 params = 6,784 front-end + 24,576 table) [hard] 16 buckets / tph128
  CPU-reference 100-ep deterministic: 3933.2 +/- 407.7  full 97/100  vel 2.997 m/s  len 984  [9s]
