Loading tokenizer from /home/starost/.cache/nanochat/tokenizer
Vocab size: 32768, BOS id: 32759
V2DSDPATransformer: depth=6, E=192, H=6, E_H=32, E_QK=64, D=1456, seq_len=512
LUT: nap=6 (2^nap=64 cells), tph=1536, n_sparse=32, n_alt=1, smooth=True
Params: 59,317,632
AdamW groups: decay=21,559,296 lut_nodecay=37,748,736 nodecay=9,600
Tokens/micro-batch: 4,096 | grad_accum: 1 | effective batch: 4,096 tokens
step      1 | loss=10.4329 | lr=3.75e-07
step    100 | loss=10.1638 | lr=3.75e-05
step    200 | loss=9.5806 | lr=7.50e-05
[VAL] step 200: bpb=2.7092
step    300 | loss=8.7160 | lr=1.12e-04
step    400 | loss=7.9722 | lr=1.50e-04
[VAL] step 400: bpb=2.2762
step    500 | loss=7.4993 | lr=1.87e-04
step    600 | loss=7.2069 | lr=2.25e-04
[VAL] step 600: bpb=2.1251
step    700 | loss=7.0047 | lr=2.62e-04
step    800 | loss=6.8500 | lr=3.00e-04
[VAL] step 800: bpb=2.0557
step    900 | loss=6.7415 | lr=3.00e-04
step   1000 | loss=6.6695 | lr=2.99e-04
[VAL] step 1000: bpb=2.0156
step   1100 | loss=6.6168 | lr=2.99e-04
step   1200 | loss=6.5710 | lr=2.98e-04
[VAL] step 1200: bpb=1.9920
step   1300 | loss=6.5159 | lr=2.97e-04
step   1400 | loss=6.4988 | lr=2.95e-04
[VAL] step 1400: bpb=1.9758
step   1500 | loss=6.4766 | lr=2.94e-04
step   1600 | loss=6.4263 | lr=2.92e-04
[VAL] step 1600: bpb=1.9627
step   1700 | loss=6.4119 | lr=2.90e-04
step   1800 | loss=6.3953 | lr=2.87e-04
[VAL] step 1800: bpb=1.9512
step   1900 | loss=6.3827 | lr=2.85e-04
step   2000 | loss=6.3606 | lr=2.82e-04
[VAL] step 2000: bpb=1.9411
step   2100 | loss=6.3322 | lr=2.79e-04
step   2200 | loss=6.3189 | lr=2.76e-04
[VAL] step 2200: bpb=1.9320
step   2300 | loss=6.3038 | lr=2.72e-04
step   2400 | loss=6.2980 | lr=2.68e-04
[VAL] step 2400: bpb=1.9235
step   2500 | loss=6.2855 | lr=2.65e-04
step   2600 | loss=6.2791 | lr=2.60e-04
[VAL] step 2600: bpb=1.9138
step   2700 | loss=6.2505 | lr=2.56e-04
step   2800 | loss=6.2447 | lr=2.52e-04
[VAL] step 2800: bpb=1.9059
step   2900 | loss=6.2223 | lr=2.47e-04
step   3000 | loss=6.2151 | lr=2.42e-04
[VAL] step 3000: bpb=1.9003
step   3100 | loss=6.2040 | lr=2.38e-04
step   3200 | loss=6.1938 | lr=2.32e-04
[VAL] step 3200: bpb=1.8911
step   3300 | loss=6.1871 | lr=2.27e-04
step   3400 | loss=6.1530 | lr=2.22e-04
[VAL] step 3400: bpb=1.8837
step   3500 | loss=6.1469 | lr=2.17e-04
step   3600 | loss=6.1540 | lr=2.11e-04
[VAL] step 3600: bpb=1.8790
step   3700 | loss=6.1368 | lr=2.06e-04
step   3800 | loss=6.1253 | lr=2.00e-04
[VAL] step 3800: bpb=1.8748
step   3900 | loss=6.1022 | lr=1.94e-04
step   4000 | loss=6.0897 | lr=1.88e-04
[VAL] step 4000: bpb=1.8678
step   4100 | loss=6.1131 | lr=1.83e-04
step   4200 | loss=6.0854 | lr=1.77e-04
[VAL] step 4200: bpb=1.8624
step   4300 | loss=6.0879 | lr=1.71e-04
step   4400 | loss=6.0754 | lr=1.65e-04
[VAL] step 4400: bpb=1.8564
step   4500 | loss=6.0663 | lr=1.59e-04
step   4600 | loss=6.0523 | lr=1.53e-04
[VAL] step 4600: bpb=1.8514
step   4700 | loss=6.0563 | lr=1.47e-04
step   4800 | loss=6.0519 | lr=1.42e-04
[VAL] step 4800: bpb=1.8467
step   4900 | loss=6.0254 | lr=1.36e-04
step   5000 | loss=6.0209 | lr=1.30e-04
[VAL] step 5000: bpb=1.8385
step   5100 | loss=6.0040 | lr=1.24e-04
step   5200 | loss=5.9851 | lr=1.19e-04
[VAL] step 5200: bpb=1.8340
step   5300 | loss=5.9744 | lr=1.13e-04
step   5400 | loss=5.9599 | lr=1.08e-04
[VAL] step 5400: bpb=1.8291
step   5500 | loss=5.9589 | lr=1.03e-04
step   5600 | loss=5.9725 | lr=9.75e-05
[VAL] step 5600: bpb=1.8249
step   5700 | loss=5.9558 | lr=9.25e-05
step   5800 | loss=5.9471 | lr=8.76e-05
[VAL] step 5800: bpb=1.8219
step   5900 | loss=5.9509 | lr=8.28e-05
step   6000 | loss=5.9357 | lr=7.82e-05
[VAL] step 6000: bpb=1.8168
step   6100 | loss=5.9233 | lr=7.38e-05
step   6200 | loss=5.9172 | lr=6.95e-05
[VAL] step 6200: bpb=1.8130
step   6300 | loss=5.9197 | lr=6.55e-05
step   6400 | loss=5.9028 | lr=6.16e-05
[VAL] step 6400: bpb=1.8093
step   6500 | loss=5.8950 | lr=5.79e-05
step   6600 | loss=5.9022 | lr=5.44e-05
[VAL] step 6600: bpb=1.8059
step   6700 | loss=5.8954 | lr=5.11e-05
step   6800 | loss=5.8860 | lr=4.81e-05
[VAL] step 6800: bpb=1.8037
step   6900 | loss=5.8837 | lr=4.53e-05
step   7000 | loss=5.8807 | lr=4.26e-05
[VAL] step 7000: bpb=1.8010
step   7100 | loss=5.8739 | lr=4.03e-05
step   7200 | loss=5.8746 | lr=3.81e-05
[VAL] step 7200: bpb=1.7987
step   7300 | loss=5.8653 | lr=3.62e-05
step   7400 | loss=5.8731 | lr=3.46e-05
[VAL] step 7400: bpb=1.7968
step   7500 | loss=5.8611 | lr=3.32e-05
step   7600 | loss=5.8518 | lr=3.21e-05
[VAL] step 7600: bpb=1.7950
step   7700 | loss=5.8417 | lr=3.12e-05
step   7800 | loss=5.8522 | lr=3.05e-05
[VAL] step 7800: bpb=1.7921
step   7900 | loss=5.8495 | lr=3.01e-05
step   8000 | loss=5.8404 | lr=3.00e-05
[VAL] step 8000: bpb=1.7909

=== DONE ===
{
  "exp_name": "exp211_v2d_hard",
  "best_val_bpb": 1.7908930056879107,
  "final_val_bpb": 1.7908930056879107,
  "total_params": 59317632,
  "training_time_hours": 0.406
}
