Loading tokenizer from /home/nebius-h100/.cache/nanochat/tokenizer
FIXED EVAL: bs48 x 100 steps, skip 12 rows (val window independent of device_batch_size=12)
MinimalGPT depth=6 dim=384 heads=6 seq=512 | ffn=compression tie=False | params=67,351,692
[tv] lut_cell_smoothness=10: penalty over 6 LUT modules (FastMultiHeadLut), applied once per step before clipping
Tokens/micro-batch: 6,144 | grad_accum: 4 | effective batch: 24,576 tokens
wandb: [wandb.login()] Loaded credentials for http://<WANDB_HOST> from /home/nebius-h100/.netrc.
wandb: Currently logged in as: <WANDB_ENTITY> to http://<WANDB_HOST>. Use `wandb login --relogin` to force relogin
wandb: Tracking run with wandb version 0.30.0
wandb: Run data is saved locally in /home/nebius-h100/.cache/wandb/wandb/run-20260913_202349-exp_n_abl_15_B16k_fast_hard_topk0_tv10_nap8_tph128_seed1
wandb: Run `wandb offline` to turn off syncing.
wandb: Syncing run exp_n_abl_15_B16k_fast_hard_topk0_tv10_nap8_tph128_seed1
wandb: ⭐️ View project at http://<WANDB_HOST>/<WANDB_ENTITY>/Spiky
wandb: 🚀 View run at http://<WANDB_HOST>/<WANDB_ENTITY>/Spiky/runs/exp_n_abl_15_B16k_fast_hard_topk0_tv10_nap8_tph128_seed1
[wandb] online: run exp_n_abl_15_B16k_fast_hard_topk0_tv10_nap8_tph128_seed1 -> /home/nebius-h100/.cache/wandb/wandb/run-20260913_202349-exp_n_abl_15_B16k_fast_hard_topk0_tv10_nap8_tph128_seed1/files
step      1 | loss=10.4804 | lr=1.87e-07
step    100 | loss=10.1233 | lr=1.87e-05
step    200 | loss=9.3841 | lr=3.75e-05
step    300 | loss=8.4314 | lr=5.62e-05
step    400 | loss=7.6171 | lr=7.50e-05
step    500 | loss=7.0450 | lr=9.37e-05
[VAL] step 500: bpb=2.0078
step    600 | loss=6.6413 | lr=1.12e-04
step    700 | loss=6.3673 | lr=1.31e-04
step    800 | loss=6.1814 | lr=1.50e-04
step    900 | loss=6.0160 | lr=1.69e-04
step   1000 | loss=5.8848 | lr=1.87e-04
[VAL] step 1000: bpb=1.7568
step   1100 | loss=5.7604 | lr=2.06e-04
step   1200 | loss=5.6469 | lr=2.25e-04
step   1300 | loss=5.5437 | lr=2.44e-04
step   1400 | loss=5.4482 | lr=2.62e-04
step   1500 | loss=5.3605 | lr=2.81e-04
[VAL] step 1500: bpb=1.6134
step   1600 | loss=5.2920 | lr=3.00e-04
step   1700 | loss=5.2096 | lr=3.00e-04
step   1800 | loss=5.1357 | lr=3.00e-04
step   1900 | loss=5.0648 | lr=3.00e-04
step   2000 | loss=5.0100 | lr=2.99e-04
[VAL] step 2000: bpb=1.5152
step   2100 | loss=4.9548 | lr=2.99e-04
step   2200 | loss=4.9096 | lr=2.99e-04
step   2300 | loss=4.8673 | lr=2.98e-04
step   2400 | loss=4.8224 | lr=2.98e-04
step   2500 | loss=4.7722 | lr=2.97e-04
[VAL] step 2500: bpb=1.4475
step   2600 | loss=4.7243 | lr=2.97e-04
step   2700 | loss=4.6864 | lr=2.96e-04
step   2800 | loss=4.6415 | lr=2.95e-04
step   2900 | loss=4.6024 | lr=2.95e-04
step   3000 | loss=4.5744 | lr=2.94e-04
[VAL] step 3000: bpb=1.3907
step   3100 | loss=4.5567 | lr=2.93e-04
step   3200 | loss=4.5267 | lr=2.92e-04
step   3300 | loss=4.4894 | lr=2.91e-04
step   3400 | loss=4.4688 | lr=2.90e-04
step   3500 | loss=4.4401 | lr=2.89e-04
[VAL] step 3500: bpb=1.3549
step   3600 | loss=4.4179 | lr=2.87e-04
step   3700 | loss=4.4017 | lr=2.86e-04
step   3800 | loss=4.3980 | lr=2.85e-04
step   3900 | loss=4.3805 | lr=2.83e-04
step   4000 | loss=4.3604 | lr=2.82e-04
[VAL] step 4000: bpb=1.3279
step   4100 | loss=4.3392 | lr=2.80e-04
step   4200 | loss=4.3216 | lr=2.79e-04
step   4300 | loss=4.3066 | lr=2.77e-04
step   4400 | loss=4.2951 | lr=2.76e-04
step   4500 | loss=4.2857 | lr=2.74e-04
[VAL] step 4500: bpb=1.3094
step   4600 | loss=4.2796 | lr=2.72e-04
step   4700 | loss=4.2647 | lr=2.70e-04
step   4800 | loss=4.2520 | lr=2.68e-04
step   4900 | loss=4.2383 | lr=2.66e-04
step   5000 | loss=4.2387 | lr=2.65e-04
[VAL] step 5000: bpb=1.2929
step   5100 | loss=4.2238 | lr=2.63e-04
step   5200 | loss=4.2271 | lr=2.60e-04
step   5300 | loss=4.2302 | lr=2.58e-04
step   5400 | loss=4.2270 | lr=2.56e-04
step   5500 | loss=4.2030 | lr=2.54e-04
[VAL] step 5500: bpb=1.2793
step   5600 | loss=4.1835 | lr=2.52e-04
step   5700 | loss=4.1687 | lr=2.49e-04
step   5800 | loss=4.1576 | lr=2.47e-04
step   5900 | loss=4.1476 | lr=2.45e-04
step   6000 | loss=4.1447 | lr=2.42e-04
[VAL] step 6000: bpb=1.2666
step   6100 | loss=4.1373 | lr=2.40e-04
step   6200 | loss=4.1323 | lr=2.38e-04
step   6300 | loss=4.1203 | lr=2.35e-04
step   6400 | loss=4.1140 | lr=2.32e-04
step   6500 | loss=4.1144 | lr=2.30e-04
[VAL] step 6500: bpb=1.2574
step   6600 | loss=4.1010 | lr=2.27e-04
step   6700 | loss=4.0977 | lr=2.25e-04
step   6800 | loss=4.1012 | lr=2.22e-04
step   6900 | loss=4.0867 | lr=2.19e-04
step   7000 | loss=4.0726 | lr=2.17e-04
[VAL] step 7000: bpb=1.2487
step   7100 | loss=4.0554 | lr=2.14e-04
step   7200 | loss=4.0485 | lr=2.11e-04
step   7300 | loss=4.0524 | lr=2.08e-04
step   7400 | loss=4.0521 | lr=2.06e-04
step   7500 | loss=4.0447 | lr=2.03e-04
[VAL] step 7500: bpb=1.2397
step   7600 | loss=4.0355 | lr=2.00e-04
step   7700 | loss=4.0200 | lr=1.97e-04
step   7800 | loss=4.0182 | lr=1.94e-04
step   7900 | loss=4.0162 | lr=1.91e-04
step   8000 | loss=4.0102 | lr=1.88e-04
[VAL] step 8000: bpb=1.2337
step   8100 | loss=4.0041 | lr=1.86e-04
step   8200 | loss=4.0064 | lr=1.83e-04
step   8300 | loss=4.0084 | lr=1.80e-04
step   8400 | loss=3.9939 | lr=1.77e-04
step   8500 | loss=3.9819 | lr=1.74e-04
[VAL] step 8500: bpb=1.2261
step   8600 | loss=3.9792 | lr=1.71e-04
step   8700 | loss=3.9715 | lr=1.68e-04
step   8800 | loss=3.9688 | lr=1.65e-04
step   8900 | loss=3.9695 | lr=1.62e-04
step   9000 | loss=3.9738 | lr=1.59e-04
[VAL] step 9000: bpb=1.2202
step   9100 | loss=3.9592 | lr=1.56e-04
step   9200 | loss=3.9577 | lr=1.53e-04
step   9300 | loss=3.9455 | lr=1.50e-04
step   9400 | loss=3.9417 | lr=1.47e-04
step   9500 | loss=3.9343 | lr=1.44e-04
[VAL] step 9500: bpb=1.2144
step   9600 | loss=3.9368 | lr=1.42e-04
step   9700 | loss=3.9341 | lr=1.39e-04
step   9800 | loss=3.9397 | lr=1.36e-04
step   9900 | loss=3.9252 | lr=1.33e-04
step  10000 | loss=3.9193 | lr=1.30e-04
[VAL] step 10000: bpb=1.2085
step  10100 | loss=3.9165 | lr=1.27e-04
step  10200 | loss=3.9153 | lr=1.24e-04
step  10300 | loss=3.9073 | lr=1.22e-04
step  10400 | loss=3.9279 | lr=1.19e-04
step  10500 | loss=3.9271 | lr=1.16e-04
[VAL] step 10500: bpb=1.2038
step  10600 | loss=3.9302 | lr=1.13e-04
step  10700 | loss=3.8974 | lr=1.11e-04
step  10800 | loss=3.8950 | lr=1.08e-04
step  10900 | loss=3.8873 | lr=1.05e-04
step  11000 | loss=3.8695 | lr=1.03e-04
[VAL] step 11000: bpb=1.1990
step  11100 | loss=3.8726 | lr=1.00e-04
step  11200 | loss=3.8740 | lr=9.75e-05
step  11300 | loss=3.8720 | lr=9.50e-05
step  11400 | loss=3.8730 | lr=9.25e-05
step  11500 | loss=3.8570 | lr=9.00e-05
[VAL] step 11500: bpb=1.1951
step  11600 | loss=3.8571 | lr=8.76e-05
step  11700 | loss=3.8616 | lr=8.52e-05
step  11800 | loss=3.8544 | lr=8.28e-05
step  11900 | loss=3.8548 | lr=8.05e-05
step  12000 | loss=3.8491 | lr=7.82e-05
[VAL] step 12000: bpb=1.1912
step  12100 | loss=3.8448 | lr=7.60e-05
step  12200 | loss=3.8316 | lr=7.38e-05
step  12300 | loss=3.8224 | lr=7.16e-05
step  12400 | loss=3.8227 | lr=6.95e-05
step  12500 | loss=3.8238 | lr=6.75e-05
[VAL] step 12500: bpb=1.1878
step  12600 | loss=3.8204 | lr=6.55e-05
step  12700 | loss=3.8204 | lr=6.35e-05
step  12800 | loss=3.8115 | lr=6.16e-05
step  12900 | loss=3.8020 | lr=5.97e-05
step  13000 | loss=3.8073 | lr=5.79e-05
[VAL] step 13000: bpb=1.1848
step  13100 | loss=3.7967 | lr=5.61e-05
step  13200 | loss=3.7972 | lr=5.44e-05
step  13300 | loss=3.7966 | lr=5.28e-05
step  13400 | loss=3.8010 | lr=5.11e-05
step  13500 | loss=3.8011 | lr=4.96e-05
[VAL] step 13500: bpb=1.1820
step  13600 | loss=3.7914 | lr=4.81e-05
step  13700 | loss=3.7807 | lr=4.66e-05
step  13800 | loss=3.7804 | lr=4.53e-05
step  13900 | loss=3.7763 | lr=4.39e-05
step  14000 | loss=3.7790 | lr=4.26e-05
[VAL] step 14000: bpb=1.1797
step  14100 | loss=3.7789 | lr=4.14e-05
step  14200 | loss=3.7829 | lr=4.03e-05
step  14300 | loss=3.7773 | lr=3.92e-05
step  14400 | loss=3.7711 | lr=3.81e-05
step  14500 | loss=3.7616 | lr=3.72e-05
[VAL] step 14500: bpb=1.1782
step  14600 | loss=3.7585 | lr=3.62e-05
step  14700 | loss=3.7518 | lr=3.54e-05
step  14800 | loss=3.7595 | lr=3.46e-05
step  14900 | loss=3.7615 | lr=3.39e-05
step  15000 | loss=3.7625 | lr=3.32e-05
[VAL] step 15000: bpb=1.1762
step  15100 | loss=3.7521 | lr=3.26e-05
step  15200 | loss=3.7488 | lr=3.21e-05
step  15300 | loss=3.7506 | lr=3.16e-05
step  15400 | loss=3.7567 | lr=3.12e-05
step  15500 | loss=3.7508 | lr=3.08e-05
[VAL] step 15500: bpb=1.1753
step  15600 | loss=3.7799 | lr=3.05e-05
step  15700 | loss=3.7731 | lr=3.03e-05
step  15800 | loss=3.7660 | lr=3.01e-05
step  15900 | loss=3.7418 | lr=3.00e-05
step  16000 | loss=3.7423 | lr=3.00e-05
[VAL] step 16000: bpb=1.1747

=== DONE ===
{
  "exp_name": "exp_n_abl_15_B16k_fast_hard_topk0_tv10_nap8_tph128_seed1",
  "best_val_bpb": 1.174661075500054,
  "final_val_bpb": 1.174661075500054,
  "total_params": 67351692,
  "training_time_hours": 1.864,
  "eval_protocol": {
    "eval_batch_size": 48,
    "eval_steps": 100,
    "skip_rows": 12,
    "batch_size_independent": true
  }
}
wandb: updating run metadata
wandb: uploading history steps 1599-1600, summary
wandb: 
wandb: Run history:
wandb: ln1_norm_L0 ██▇▇▆▆▅▄▄▃▃▃▂▂▂▂▁▁▁▁▁▁▁▁▁▁▁▁▁▁▁▁
wandb: ln1_norm_L1 █████▇▇▆▆▅▅▅▄▄▃▃▃▃▂▂▂▂▂▂▁▁▁▁▁▁▁▁
wandb: ln1_norm_L2 ███▇▇▆▅▄▄▃▃▂▂▂▁▁▁▁▁▁▁▁▁▁▁▁▁▁▁▁▁▁
wandb: ln1_norm_L3 ███▇▆▅▅▄▃▃▂▂▂▂▁▁▁▁▁▁▁▁▁▁▁▁▁▁▁▁▁▁
wandb: ln1_norm_L4 ▁▁▁▂▃▄▄▅▅▆▆▆▆▇▇▇▇▇▇▇▇███████████
wandb: ln1_norm_L5 ▁▁▁▂▂▃▃▃▄▄▄▅▅▅▆▆▆▆▇▇▇▇▇▇████████
wandb: ln2_mean_L0 ████▇▇▇▆▅▅▄▄▃▃▂▂▂▁▁▁▁▁▁▁▁▁▁▁▁▁▁▁
wandb: ln2_mean_L1 ▄▅▇██▇▇▆▅▅▄▄▃▃▂▂▂▂▁▁▁▁▁▁▁▁▁▁▁▁▁▁
wandb: ln2_mean_L2 ▅▆▇██▇▇▆▅▅▄▄▃▃▃▂▂▂▂▁▁▁▁▁▁▁▁▁▁▁▁▁
wandb: ln2_mean_L3 ▆▆███▇▆▅▅▄▄▃▃▃▂▂▂▂▂▁▁▁▁▁▁▁▁▁▁▁▁▁
wandb:         +22 ...
wandb: 
wandb: Run summary:
wandb:  best_val_bpb 1.17466
wandb:      exp_name exp_n_abl_15_B16k_fa...
wandb: final_val_bpb 1.17466
wandb:   ln1_norm_L0 14.31519
wandb:   ln1_norm_L1 18.85052
wandb:   ln1_norm_L2 18.19547
wandb:   ln1_norm_L3 18.65236
wandb:   ln1_norm_L4 22.07466
wandb:   ln1_norm_L5 21.81158
wandb:   ln2_mean_L0 0.87812
wandb:           +27 ...
wandb: 
wandb: 🚀 View run exp_n_abl_15_B16k_fast_hard_topk0_tv10_nap8_tph128_seed1 at: http://<WANDB_HOST>/<WANDB_ENTITY>/Spiky/runs/exp_n_abl_15_B16k_fast_hard_topk0_tv10_nap8_tph128_seed1
wandb: ⭐️ View project at: http://<WANDB_HOST>/<WANDB_ENTITY>/Spiky
wandb: Synced 5 W&B file(s), 0 media file(s), 0 artifact file(s) and 0 other file(s)
wandb: Find logs at: /home/nebius-h100/.cache/wandb/wandb/run-20260913_202349-exp_n_abl_15_B16k_fast_hard_topk0_tv10_nap8_tph128_seed1/logs
[wandb] finished in 0.6s
