Loading tokenizer from /home/starost/.cache/nanochat/tokenizer
Vocab size: 32768, BOS id: 32759
Building model + inheriting residual anchors:
  layer 1: inherited first 256/512 residual anchor pairs from layer 0
  layer 2: inherited first 512/768 residual anchor pairs from layer 1
  layer 3: inherited first 768/1024 residual anchor pairs from layer 2
  layer 4: inherited first 1024/1280 residual anchor pairs from layer 3
  layer 5: inherited first 1280/1536 residual anchor pairs from layer 4
Total params (all fp32): 149,807,174
Q/K Joint MHLut: in_nap=6 tph=256 d_qk=32 (n_outputs=2*d_qk=64)
V MHLut:         in_nap=7 tph=256 d_v=16 (n_outputs=d_v)
out_proj MHLut:  in_nap=6 tph=1024 (n_outputs=E=96)
residual MHLut:  in_nap=6 tph_factor=256 (per layer i: in=(i+1)*E, tph=256*(i+1))
Unembedder MLP:  LN(96) -> Linear(96,576) -> ReLU -> Linear(576,VOCAB)
Residual concat order: INVERSE [*prev_xs, x] (oldest at front, current x at tail)
Tokens/micro-batch: 4,096 | grad_accum: 1 | effective batch: 4,096 tokens
step      1 | loss=10.4242 | lr=3.75e-07
step    100 | loss=10.2119 | lr=3.75e-05
step    200 | loss=9.3621 | lr=7.50e-05
[VAL] step 200: bpb=2.4583
step    300 | loss=8.1399 | lr=1.12e-04
step    400 | loss=7.4600 | lr=1.50e-04
[VAL] step 400: bpb=2.1340
step    500 | loss=7.0748 | lr=1.87e-04
step    600 | loss=6.8906 | lr=2.25e-04
[VAL] step 600: bpb=2.0581
step    700 | loss=6.7744 | lr=2.62e-04
step    800 | loss=6.6779 | lr=3.00e-04
[VAL] step 800: bpb=2.0183
step    900 | loss=6.6136 | lr=3.00e-04
step   1000 | loss=6.5662 | lr=2.99e-04
[VAL] step 1000: bpb=1.9953
step   1100 | loss=6.5259 | lr=2.99e-04
step   1200 | loss=6.4929 | lr=2.98e-04
[VAL] step 1200: bpb=1.9686
step   1300 | loss=6.4455 | lr=2.97e-04
step   1400 | loss=6.4308 | lr=2.95e-04
[VAL] step 1400: bpb=1.9561
step   1500 | loss=6.4098 | lr=2.94e-04
step   1600 | loss=6.3611 | lr=2.92e-04
[VAL] step 1600: bpb=1.9457
step   1700 | loss=6.3500 | lr=2.90e-04
step   1800 | loss=6.3373 | lr=2.87e-04
[VAL] step 1800: bpb=1.9331
step   1900 | loss=6.3219 | lr=2.85e-04
step   2000 | loss=6.3023 | lr=2.82e-04
[VAL] step 2000: bpb=1.9249
step   2100 | loss=6.2772 | lr=2.79e-04
step   2200 | loss=6.2644 | lr=2.76e-04
[VAL] step 2200: bpb=1.9180
step   2300 | loss=6.2473 | lr=2.72e-04
step   2400 | loss=6.2420 | lr=2.68e-04
[VAL] step 2400: bpb=1.9079
step   2500 | loss=6.2316 | lr=2.65e-04
step   2600 | loss=6.2249 | lr=2.60e-04
[VAL] step 2600: bpb=1.8994
step   2700 | loss=6.1950 | lr=2.56e-04
step   2800 | loss=6.1880 | lr=2.52e-04
[VAL] step 2800: bpb=1.8918
step   2900 | loss=6.1662 | lr=2.47e-04
step   3000 | loss=6.1617 | lr=2.42e-04
[VAL] step 3000: bpb=1.8822
step   3100 | loss=6.1457 | lr=2.38e-04
step   3200 | loss=6.1363 | lr=2.32e-04
[VAL] step 3200: bpb=1.8735
step   3300 | loss=6.1254 | lr=2.27e-04
step   3400 | loss=6.0929 | lr=2.22e-04
[VAL] step 3400: bpb=1.8661
step   3500 | loss=6.0829 | lr=2.17e-04
step   3600 | loss=6.0868 | lr=2.11e-04
[VAL] step 3600: bpb=1.8587
step   3700 | loss=6.0696 | lr=2.06e-04
step   3800 | loss=6.0577 | lr=2.00e-04
[VAL] step 3800: bpb=1.8519
step   3900 | loss=6.0330 | lr=1.94e-04
step   4000 | loss=6.0211 | lr=1.88e-04
[VAL] step 4000: bpb=1.8463
step   4100 | loss=6.0452 | lr=1.83e-04
step   4200 | loss=6.0176 | lr=1.77e-04
[VAL] step 4200: bpb=1.8392
step   4300 | loss=6.0198 | lr=1.71e-04
step   4400 | loss=6.0059 | lr=1.65e-04
[VAL] step 4400: bpb=1.8343
step   4500 | loss=5.9982 | lr=1.59e-04
step   4600 | loss=5.9875 | lr=1.53e-04
[VAL] step 4600: bpb=1.8292
step   4700 | loss=5.9913 | lr=1.47e-04
step   4800 | loss=5.9879 | lr=1.42e-04
[VAL] step 4800: bpb=1.8246
step   4900 | loss=5.9634 | lr=1.36e-04
step   5000 | loss=5.9624 | lr=1.30e-04
[VAL] step 5000: bpb=1.8199
step   5100 | loss=5.9485 | lr=1.24e-04
step   5200 | loss=5.9319 | lr=1.19e-04
[VAL] step 5200: bpb=1.8164
step   5300 | loss=5.9260 | lr=1.13e-04
step   5400 | loss=5.9144 | lr=1.08e-04
[VAL] step 5400: bpb=1.8117
step   5500 | loss=5.9114 | lr=1.03e-04
step   5600 | loss=5.9238 | lr=9.75e-05
[VAL] step 5600: bpb=1.8085
step   5700 | loss=5.9103 | lr=9.25e-05
step   5800 | loss=5.9057 | lr=8.76e-05
[VAL] step 5800: bpb=1.8062
step   5900 | loss=5.9110 | lr=8.28e-05
step   6000 | loss=5.8964 | lr=7.82e-05
[VAL] step 6000: bpb=1.8035
step   6100 | loss=5.8857 | lr=7.38e-05
step   6200 | loss=5.8824 | lr=6.95e-05
[VAL] step 6200: bpb=1.8018
step   6300 | loss=5.8889 | lr=6.55e-05
step   6400 | loss=5.8729 | lr=6.16e-05
[VAL] step 6400: bpb=1.7983
step   6500 | loss=5.8678 | lr=5.79e-05
step   6600 | loss=5.8749 | lr=5.44e-05
[VAL] step 6600: bpb=1.7970
step   6700 | loss=5.8699 | lr=5.11e-05
step   6800 | loss=5.8636 | lr=4.81e-05
[VAL] step 6800: bpb=1.7943
step   6900 | loss=5.8653 | lr=4.53e-05
step   7000 | loss=5.8640 | lr=4.26e-05
[VAL] step 7000: bpb=1.7923
step   7100 | loss=5.8555 | lr=4.03e-05
step   7200 | loss=5.8567 | lr=3.81e-05
[VAL] step 7200: bpb=1.7918
step   7300 | loss=5.8476 | lr=3.62e-05
step   7400 | loss=5.8583 | lr=3.46e-05
[VAL] step 7400: bpb=1.7903
step   7500 | loss=5.8491 | lr=3.32e-05
step   7600 | loss=5.8414 | lr=3.21e-05
[VAL] step 7600: bpb=1.7889
step   7700 | loss=5.8317 | lr=3.12e-05
step   7800 | loss=5.8418 | lr=3.05e-05
[VAL] step 7800: bpb=1.7873
step   7900 | loss=5.8407 | lr=3.01e-05
step   8000 | loss=5.8336 | lr=3.00e-05
[VAL] step 8000: bpb=1.7868

=== DONE ===
{
  "exp_name": "exp093_unembedder_mlp6",
  "best_val_bpb": 1.7868255767585006,
  "final_val_bpb": 1.7868255767585006,
  "n_params": 149807174,
  "training_time_hours": 0.513
}
