Loading tokenizer from /home/starost/.cache/nanochat/tokenizer
Vocab size: 32768, BOS id: 32759
Total params (all fp32): 440,207,622
Q/K Joint MHLut: in_nap=8 tph=256 d_qk=32 (n_outputs=2*d_qk=64)
V MHLut:         in_nap=8 tph=256 d_v=24 (n_outputs=d_v)
out_proj MHLut:  in_nap=6 tph=2048 (n_outputs=E=96) + LayerNorm
Tokens/micro-batch: 4,096 | grad_accum: 1 | effective batch: 4,096 tokens
step      1 | loss=10.4149 | lr=3.75e-07
step    100 | loss=9.3649 | lr=3.75e-05
step    200 | loss=8.2503 | lr=7.50e-05
[VAL] step 200: bpb=2.3173
step    300 | loss=7.6674 | lr=1.12e-04
step    400 | loss=7.1836 | lr=1.50e-04
[VAL] step 400: bpb=2.0806
step    500 | loss=6.8711 | lr=1.87e-04
step    600 | loss=6.7214 | lr=2.25e-04
[VAL] step 600: bpb=2.0118
step    700 | loss=6.6163 | lr=2.62e-04
step    800 | loss=6.5286 | lr=3.00e-04
[VAL] step 800: bpb=1.9746
step    900 | loss=6.4574 | lr=3.00e-04
step   1000 | loss=6.3889 | lr=2.99e-04
[VAL] step 1000: bpb=1.9322
step   1100 | loss=6.3204 | lr=2.99e-04
step   1200 | loss=6.2542 | lr=2.98e-04
[VAL] step 1200: bpb=1.8876
step   1300 | loss=6.1791 | lr=2.97e-04
step   1400 | loss=6.1427 | lr=2.95e-04
[VAL] step 1400: bpb=1.8604
step   1500 | loss=6.1008 | lr=2.94e-04
step   1600 | loss=6.0342 | lr=2.92e-04
[VAL] step 1600: bpb=1.8394
step   1700 | loss=6.0104 | lr=2.90e-04
step   1800 | loss=5.9819 | lr=2.87e-04
[VAL] step 1800: bpb=1.8199
step   1900 | loss=5.9518 | lr=2.85e-04
step   2000 | loss=5.9194 | lr=2.82e-04
[VAL] step 2000: bpb=1.8063
step   2100 | loss=5.8745 | lr=2.79e-04
step   2200 | loss=5.8549 | lr=2.76e-04
[VAL] step 2200: bpb=1.7942
step   2300 | loss=5.8368 | lr=2.72e-04
step   2400 | loss=5.8313 | lr=2.68e-04
[VAL] step 2400: bpb=1.7801
step   2500 | loss=5.8116 | lr=2.65e-04
step   2600 | loss=5.7946 | lr=2.60e-04
[VAL] step 2600: bpb=1.7654
step   2700 | loss=5.7612 | lr=2.56e-04
step   2800 | loss=5.7500 | lr=2.52e-04
[VAL] step 2800: bpb=1.7568
step   2900 | loss=5.7248 | lr=2.47e-04
step   3000 | loss=5.7115 | lr=2.42e-04
[VAL] step 3000: bpb=1.7471
step   3100 | loss=5.6964 | lr=2.38e-04
step   3200 | loss=5.6851 | lr=2.32e-04
[VAL] step 3200: bpb=1.7365
step   3300 | loss=5.6755 | lr=2.27e-04
step   3400 | loss=5.6388 | lr=2.22e-04
[VAL] step 3400: bpb=1.7306
step   3500 | loss=5.6284 | lr=2.17e-04
step   3600 | loss=5.6370 | lr=2.11e-04
[VAL] step 3600: bpb=1.7296
step   3700 | loss=5.6111 | lr=2.06e-04
step   3800 | loss=5.5990 | lr=2.00e-04
[VAL] step 3800: bpb=1.7201
step   3900 | loss=5.5758 | lr=1.94e-04
step   4000 | loss=5.5544 | lr=1.88e-04
[VAL] step 4000: bpb=1.7092
step   4100 | loss=5.5843 | lr=1.83e-04
step   4200 | loss=5.5584 | lr=1.77e-04
[VAL] step 4200: bpb=1.7064
step   4300 | loss=5.5610 | lr=1.71e-04
step   4400 | loss=5.5492 | lr=1.65e-04
[VAL] step 4400: bpb=1.7003
step   4500 | loss=5.5343 | lr=1.59e-04
step   4600 | loss=5.5213 | lr=1.53e-04
[VAL] step 4600: bpb=1.6936
step   4700 | loss=5.5228 | lr=1.47e-04
step   4800 | loss=5.5194 | lr=1.42e-04
[VAL] step 4800: bpb=1.6886
step   4900 | loss=5.4946 | lr=1.36e-04
step   5000 | loss=5.4899 | lr=1.30e-04
[VAL] step 5000: bpb=1.6823
step   5100 | loss=5.4793 | lr=1.24e-04
step   5200 | loss=5.4616 | lr=1.19e-04
[VAL] step 5200: bpb=1.6771
step   5300 | loss=5.4465 | lr=1.13e-04
step   5400 | loss=5.4320 | lr=1.08e-04
[VAL] step 5400: bpb=1.6724
step   5500 | loss=5.4405 | lr=1.03e-04
step   5600 | loss=5.4524 | lr=9.75e-05
[VAL] step 5600: bpb=1.6696
step   5700 | loss=5.4378 | lr=9.25e-05
step   5800 | loss=5.4276 | lr=8.76e-05
[VAL] step 5800: bpb=1.6673
step   5900 | loss=5.4296 | lr=8.28e-05
step   6000 | loss=5.4191 | lr=7.82e-05
[VAL] step 6000: bpb=1.6619
step   6100 | loss=5.4064 | lr=7.38e-05
step   6200 | loss=5.4054 | lr=6.95e-05
[VAL] step 6200: bpb=1.6588
step   6300 | loss=5.4083 | lr=6.55e-05
step   6400 | loss=5.3917 | lr=6.16e-05
[VAL] step 6400: bpb=1.6564
step   6500 | loss=5.3805 | lr=5.79e-05
step   6600 | loss=5.3853 | lr=5.44e-05
[VAL] step 6600: bpb=1.6538
step   6700 | loss=5.3816 | lr=5.11e-05
step   6800 | loss=5.3720 | lr=4.81e-05
[VAL] step 6800: bpb=1.6508
step   6900 | loss=5.3722 | lr=4.53e-05
step   7000 | loss=5.3740 | lr=4.26e-05
[VAL] step 7000: bpb=1.6495
step   7100 | loss=5.3642 | lr=4.03e-05
step   7200 | loss=5.3693 | lr=3.81e-05
[VAL] step 7200: bpb=1.6473
step   7300 | loss=5.3553 | lr=3.62e-05
step   7400 | loss=5.3668 | lr=3.46e-05
[VAL] step 7400: bpb=1.6452
step   7500 | loss=5.3538 | lr=3.32e-05
step   7600 | loss=5.3478 | lr=3.21e-05
[VAL] step 7600: bpb=1.6419
step   7700 | loss=5.3409 | lr=3.12e-05
step   7800 | loss=5.3533 | lr=3.05e-05
[VAL] step 7800: bpb=1.6411
step   7900 | loss=5.3499 | lr=3.01e-05
step   8000 | loss=5.3417 | lr=3.00e-05
[VAL] step 8000: bpb=1.6410

=== DONE ===
{
  "exp_name": "exp189_qk_nap8_out_uniform",
  "best_val_bpb": 1.6409536007130272,
  "final_val_bpb": 1.6409536007130272,
  "n_params": 440207622,
  "training_time_hours": 0.781
}
