Loading tokenizer from /home/starost/.cache/nanochat/tokenizer
Vocab size: 32768, BOS id: 32759
Building model:
Total params (all fp32): 108,173,318
Q/K Joint SparseLut: in_nap=6 tph=1536 n_sparse=8 -> 2*d_qk=64 (per head, H=6)
V SparseLut:         in_nap=6 tph=1536 n_sparse=8 -> d_v=64 (per head, H=6)
out_proj SparseLut:  in_nap=6 tph=8192 n_sparse=8 -> E=384
Residual:        classic skip connection (out_real + x), no residual_lut
Unembedder:      LN(384) -> Linear(384,VOCAB)
Tokens/micro-batch: 4,096 | grad_accum: 1 | effective batch: 4,096 tokens
step      1 | loss=10.5734 | lr=3.75e-07
step    100 | loss=10.0185 | lr=3.75e-05
step    200 | loss=8.9161 | lr=7.50e-05
[VAL] step 200: bpb=2.3884
step    300 | loss=7.9975 | lr=1.12e-04
step    400 | loss=7.5138 | lr=1.50e-04
[VAL] step 400: bpb=2.1918
step    500 | loss=7.2284 | lr=1.87e-04
step    600 | loss=7.0871 | lr=2.25e-04
[VAL] step 600: bpb=2.1299
step    700 | loss=6.9730 | lr=2.62e-04
step    800 | loss=6.8706 | lr=3.00e-04
[VAL] step 800: bpb=2.0707
step    900 | loss=6.7856 | lr=3.00e-04
step   1000 | loss=6.7432 | lr=2.99e-04
[VAL] step 1000: bpb=2.0414
step   1100 | loss=6.6770 | lr=2.99e-04
step   1200 | loss=6.6265 | lr=2.98e-04
[VAL] step 1200: bpb=2.0135
step   1300 | loss=6.5795 | lr=2.97e-04
step   1400 | loss=6.5681 | lr=2.95e-04
[VAL] step 1400: bpb=1.9977
step   1500 | loss=6.5368 | lr=2.94e-04
step   1600 | loss=6.4676 | lr=2.92e-04
[VAL] step 1600: bpb=1.9686
step   1700 | loss=6.4397 | lr=2.90e-04
step   1800 | loss=6.4300 | lr=2.87e-04
[VAL] step 1800: bpb=1.9651
step   1900 | loss=6.4169 | lr=2.85e-04
step   2000 | loss=6.3898 | lr=2.82e-04
[VAL] step 2000: bpb=1.9568
step   2100 | loss=6.3678 | lr=2.79e-04
step   2200 | loss=6.3682 | lr=2.76e-04
[VAL] step 2200: bpb=1.9462
step   2300 | loss=6.3431 | lr=2.72e-04
step   2400 | loss=6.3258 | lr=2.68e-04
[VAL] step 2400: bpb=1.9288
step   2500 | loss=6.3073 | lr=2.65e-04
step   2600 | loss=6.2874 | lr=2.60e-04
[VAL] step 2600: bpb=1.9153
step   2700 | loss=6.2596 | lr=2.56e-04
