Loading tokenizer from /home/starost/.cache/nanochat/tokenizer
Vocab size: 32768, BOS id: 32759
Total params (all fp32): 358,420,266
Q/K Joint SoftLUT: in_nap=6 tph=256 d_qk=64 (n_outputs=2*d_qk=128) init_std=0.001 T_soft=0.5 T_sel=0.5 [no V2D, q_norm+k_norm -> SDPA]
V SoftLUT:       in_nap=8 tph=256 d_v=32 (n_outputs=d_v)
out_proj SoftLUT: in_nap=6 tph=[2048, 2048, 1024, 1024, 1024, 1024] (n_outputs=E=96) + out_v2d/out_d2v
Attention:       SDPA (causal); plain default 1/sqrt(d_qk=64)=0.1250, no learnable attn_scale
Tokens/micro-batch: 4,096 | grad_accum: 1 | effective batch: 4,096 tokens
step      1 | loss=10.4130 | lr=3.75e-07
step    100 | loss=9.3665 | lr=3.75e-05
step    200 | loss=8.2317 | lr=7.50e-05
W0510 15:53:18.244000 2446913 torch/_dynamo/convert_frame.py:964] [0/8] torch._dynamo hit config.recompile_limit (8)
W0510 15:53:18.244000 2446913 torch/_dynamo/convert_frame.py:964] [0/8]    function: 'forward' (/home/starost/spiky/src/spiky/lutorch/soft_multi_head_lut.py:193)
W0510 15:53:18.244000 2446913 torch/_dynamo/convert_frame.py:964] [0/8]    last reason: 0/5: tensor 'self._buffers['bit_matrix']' size mismatch at index 0. expected 6, actual 8
W0510 15:53:18.244000 2446913 torch/_dynamo/convert_frame.py:964] [0/8] To log all recompilation reasons, use TORCH_LOGS="recompiles".
W0510 15:53:18.244000 2446913 torch/_dynamo/convert_frame.py:964] [0/8] To diagnose recompilation issues, see https://pytorch.org/docs/main/torch.compiler_troubleshooting.html.
[VAL] step 200: bpb=2.3050
step    300 | loss=7.6142 | lr=1.12e-04
step    400 | loss=7.1503 | lr=1.50e-04
[VAL] step 400: bpb=2.0825
step    500 | loss=6.8588 | lr=1.87e-04
step    600 | loss=6.7159 | lr=2.25e-04
[VAL] step 600: bpb=2.0126
step    700 | loss=6.6126 | lr=2.62e-04
step    800 | loss=6.5105 | lr=3.00e-04
[VAL] step 800: bpb=1.9665
step    900 | loss=6.4209 | lr=3.00e-04
step   1000 | loss=6.3380 | lr=2.99e-04
[VAL] step 1000: bpb=1.9129
step   1100 | loss=6.2657 | lr=2.99e-04
step   1200 | loss=6.1982 | lr=2.98e-04
[VAL] step 1200: bpb=1.8730
step   1300 | loss=6.1241 | lr=2.97e-04
step   1400 | loss=6.0869 | lr=2.95e-04
[VAL] step 1400: bpb=1.8457
step   1500 | loss=6.0479 | lr=2.94e-04
step   1600 | loss=5.9782 | lr=2.92e-04
[VAL] step 1600: bpb=1.8222
step   1700 | loss=5.9507 | lr=2.90e-04
step   1800 | loss=5.9226 | lr=2.87e-04
[VAL] step 1800: bpb=1.8030
step   1900 | loss=5.8902 | lr=2.85e-04
step   2000 | loss=5.8592 | lr=2.82e-04
[VAL] step 2000: bpb=1.7868
step   2100 | loss=5.8108 | lr=2.79e-04
step   2200 | loss=5.7877 | lr=2.76e-04
[VAL] step 2200: bpb=1.7723
step   2300 | loss=5.7676 | lr=2.72e-04
step   2400 | loss=5.7630 | lr=2.68e-04
[VAL] step 2400: bpb=1.7582
step   2500 | loss=5.7429 | lr=2.65e-04
step   2600 | loss=5.7255 | lr=2.60e-04
[VAL] step 2600: bpb=1.7454
step   2700 | loss=5.6930 | lr=2.56e-04
step   2800 | loss=5.6811 | lr=2.52e-04
[VAL] step 2800: bpb=1.7358
step   2900 | loss=5.6538 | lr=2.47e-04
step   3000 | loss=5.6398 | lr=2.42e-04
[VAL] step 3000: bpb=1.7250
step   3100 | loss=5.6234 | lr=2.38e-04
step   3200 | loss=5.6127 | lr=2.32e-04
[VAL] step 3200: bpb=1.7138
step   3300 | loss=5.6016 | lr=2.27e-04
