Loading tokenizer from /home/starost/.cache/nanochat/tokenizer
Vocab size: 32768, BOS id: 32759
bit LUTs: 18
Adam-managed parameters: 14,912,518
Q/K BitPermLUT: in_nap=5 out_nap=24 tph=512 d_qk=32 P_qk=496
V BitPermLUT:   in_nap=5 out_nap=16 tph=512 d_v=16 P_v=120
Out BitPermLUT: in_nap=8 out_nap=32 tph=[2048, 2048, 1024, 1024, 1024, 1024]
Tokens/micro-batch: 4,096 | grad_accum: 1 | effective batch: 4,096 tokens
step      1 | loss=10.5716 | lr=3.75e-07
step    100 | loss=9.9220 | lr=3.75e-05
step    200 | loss=8.9651 | lr=7.50e-05
[VAL] step 200: bpb=2.4444
step    300 | loss=8.1497 | lr=1.12e-04
step    400 | loss=7.7618 | lr=1.50e-04
[VAL] step 400: bpb=2.3039
step    500 | loss=7.5306 | lr=1.87e-04
step    600 | loss=7.3992 | lr=2.25e-04
[VAL] step 600: bpb=2.2297
step    700 | loss=7.2828 | lr=2.62e-04
step    800 | loss=7.1363 | lr=3.00e-04
[VAL] step 800: bpb=2.1419
step    900 | loss=6.9873 | lr=3.00e-04
step   1000 | loss=6.8711 | lr=2.99e-04
[VAL] step 1000: bpb=2.0677
step   1100 | loss=6.7863 | lr=2.99e-04
step   1200 | loss=6.7141 | lr=2.98e-04
[VAL] step 1200: bpb=2.0318
step   1300 | loss=6.6418 | lr=2.97e-04
step   1400 | loss=6.6086 | lr=2.95e-04
[VAL] step 1400: bpb=2.0067
step   1500 | loss=6.5772 | lr=2.94e-04
step   1600 | loss=6.5187 | lr=2.92e-04
[VAL] step 1600: bpb=1.9876
step   1700 | loss=6.4989 | lr=2.90e-04
step   1800 | loss=6.4805 | lr=2.87e-04
[VAL] step 1800: bpb=1.9754
step   1900 | loss=6.4631 | lr=2.85e-04
step   2000 | loss=6.4418 | lr=2.82e-04
[VAL] step 2000: bpb=1.9667
step   2100 | loss=6.4119 | lr=2.79e-04
step   2200 | loss=6.3948 | lr=2.76e-04
[VAL] step 2200: bpb=1.9579
step   2300 | loss=6.3760 | lr=2.72e-04
step   2400 | loss=6.3696 | lr=2.68e-04
[VAL] step 2400: bpb=1.9470
step   2500 | loss=6.3562 | lr=2.65e-04
step   2600 | loss=6.3500 | lr=2.60e-04
[VAL] step 2600: bpb=1.9374
step   2700 | loss=6.3235 | lr=2.56e-04
step   2800 | loss=6.3189 | lr=2.52e-04
[VAL] step 2800: bpb=1.9303
step   2900 | loss=6.2980 | lr=2.47e-04
step   3000 | loss=6.2900 | lr=2.42e-04
[VAL] step 3000: bpb=1.9215
step   3100 | loss=6.2793 | lr=2.38e-04
step   3200 | loss=6.2711 | lr=2.32e-04
[VAL] step 3200: bpb=1.9139
step   3300 | loss=6.2646 | lr=2.27e-04
step   3400 | loss=6.2315 | lr=2.22e-04
[VAL] step 3400: bpb=1.9100
step   3500 | loss=6.2277 | lr=2.17e-04
step   3600 | loss=6.2344 | lr=2.11e-04
[VAL] step 3600: bpb=1.9066
step   3700 | loss=6.2191 | lr=2.06e-04
step   3800 | loss=6.2094 | lr=2.00e-04
[VAL] step 3800: bpb=1.9001
step   3900 | loss=6.1892 | lr=1.94e-04
step   4000 | loss=6.1779 | lr=1.88e-04
[VAL] step 4000: bpb=1.8934
step   4100 | loss=6.2053 | lr=1.83e-04
step   4200 | loss=6.1752 | lr=1.77e-04
[VAL] step 4200: bpb=1.8871
step   4300 | loss=6.1784 | lr=1.71e-04
step   4400 | loss=6.1658 | lr=1.65e-04
[VAL] step 4400: bpb=1.8834
step   4500 | loss=6.1606 | lr=1.59e-04
step   4600 | loss=6.1488 | lr=1.53e-04
[VAL] step 4600: bpb=1.8801
step   4700 | loss=6.1528 | lr=1.47e-04
step   4800 | loss=6.1499 | lr=1.42e-04
[VAL] step 4800: bpb=1.8757
step   4900 | loss=6.1271 | lr=1.36e-04
step   5000 | loss=6.1263 | lr=1.30e-04
[VAL] step 5000: bpb=1.8709
step   5100 | loss=6.1103 | lr=1.24e-04
step   5200 | loss=6.0934 | lr=1.19e-04
[VAL] step 5200: bpb=1.8667
step   5300 | loss=6.0866 | lr=1.13e-04
step   5400 | loss=6.0731 | lr=1.08e-04
[VAL] step 5400: bpb=1.8649
step   5500 | loss=6.0731 | lr=1.03e-04
step   5600 | loss=6.0890 | lr=9.75e-05
[VAL] step 5600: bpb=1.8600
step   5700 | loss=6.0717 | lr=9.25e-05
step   5800 | loss=6.0664 | lr=8.76e-05
[VAL] step 5800: bpb=1.8571
step   5900 | loss=6.0744 | lr=8.28e-05
step   6000 | loss=6.0593 | lr=7.82e-05
[VAL] step 6000: bpb=1.8530
step   6100 | loss=6.0498 | lr=7.38e-05
step   6200 | loss=6.0450 | lr=6.95e-05
[VAL] step 6200: bpb=1.8508
step   6300 | loss=6.0503 | lr=6.55e-05
step   6400 | loss=6.0337 | lr=6.16e-05
[VAL] step 6400: bpb=1.8484
step   6500 | loss=6.0304 | lr=5.79e-05
step   6600 | loss=6.0396 | lr=5.44e-05
[VAL] step 6600: bpb=1.8459
step   6700 | loss=6.0355 | lr=5.11e-05
step   6800 | loss=6.0273 | lr=4.81e-05
[VAL] step 6800: bpb=1.8440
step   6900 | loss=6.0258 | lr=4.53e-05
step   7000 | loss=6.0234 | lr=4.26e-05
[VAL] step 7000: bpb=1.8431
step   7100 | loss=6.0175 | lr=4.03e-05
step   7200 | loss=6.0185 | lr=3.81e-05
[VAL] step 7200: bpb=1.8419
step   7300 | loss=6.0108 | lr=3.62e-05
step   7400 | loss=6.0204 | lr=3.46e-05
[VAL] step 7400: bpb=1.8407
step   7500 | loss=6.0100 | lr=3.32e-05
step   7600 | loss=6.0017 | lr=3.21e-05
[VAL] step 7600: bpb=1.8387
step   7700 | loss=5.9932 | lr=3.12e-05
step   7800 | loss=6.0038 | lr=3.05e-05
[VAL] step 7800: bpb=1.8371
step   7900 | loss=6.0009 | lr=3.01e-05
step   8000 | loss=5.9941 | lr=3.00e-05
[VAL] step 8000: bpb=1.8371

=== DONE ===
{
  "exp_name": "exp013_out_smaller",
  "best_val_bpb": 1.837059409388443,
  "final_val_bpb": 1.8371073995350498,
  "adam_params": 14912518,
  "n_bit_luts": 18,
  "training_time_hours": 0.404
}
