Loading tokenizer from /home/starost/.cache/nanochat/tokenizer
Vocab size: 32768, BOS id: 32759
Total params (all fp32): 129,304,838
Q/K Joint MHLut: in_nap=6 tph=256 d_qk=32 (n_outputs=2*d_qk=64)
V MHLut:         in_nap=7 tph=256 d_v=16 (n_outputs=d_v)
out_proj MHLut:  in_nap=6 tph=[2048, 2048, 1024, 1024, 1024, 1024] (n_outputs=E=96) + LayerNorm
Tokens/micro-batch: 4,096 | grad_accum: 1 | effective batch: 4,096 tokens
step      1 | loss=10.5592 | lr=3.75e-07
step    100 | loss=9.7338 | lr=3.75e-05
step    200 | loss=8.6306 | lr=7.50e-05
[VAL] step 200: bpb=2.3560
step    300 | loss=7.9289 | lr=1.12e-04
step    400 | loss=7.5752 | lr=1.50e-04
[VAL] step 400: bpb=2.2401
step    500 | loss=7.3445 | lr=1.87e-04
step    600 | loss=7.2077 | lr=2.25e-04
[VAL] step 600: bpb=2.1511
step    700 | loss=7.0386 | lr=2.62e-04
step    800 | loss=6.8866 | lr=3.00e-04
[VAL] step 800: bpb=2.0683
step    900 | loss=6.7732 | lr=3.00e-04
step   1000 | loss=6.6924 | lr=2.99e-04
[VAL] step 1000: bpb=2.0212
step   1100 | loss=6.6302 | lr=2.99e-04
step   1200 | loss=6.5793 | lr=2.98e-04
[VAL] step 1200: bpb=1.9940
step   1300 | loss=6.5155 | lr=2.97e-04
step   1400 | loss=6.4894 | lr=2.95e-04
[VAL] step 1400: bpb=1.9738
step   1500 | loss=6.5442 | lr=2.94e-04
step   1600 | loss=6.4314 | lr=2.92e-04
[VAL] step 1600: bpb=1.9509
step   1700 | loss=6.3822 | lr=2.90e-04
step   1800 | loss=6.3421 | lr=2.87e-04
[VAL] step 1800: bpb=1.9302
step   1900 | loss=6.3080 | lr=2.85e-04
step   2000 | loss=6.2754 | lr=2.82e-04
[VAL] step 2000: bpb=1.9146
step   2100 | loss=6.2307 | lr=2.79e-04
step   2200 | loss=6.2036 | lr=2.76e-04
[VAL] step 2200: bpb=1.8930
step   2300 | loss=6.1735 | lr=2.72e-04
step   2400 | loss=6.1591 | lr=2.68e-04
[VAL] step 2400: bpb=1.8784
step   2500 | loss=6.1345 | lr=2.65e-04
step   2600 | loss=6.1205 | lr=2.60e-04
[VAL] step 2600: bpb=1.8634
step   2700 | loss=6.0852 | lr=2.56e-04
step   2800 | loss=6.0740 | lr=2.52e-04
[VAL] step 2800: bpb=1.8526
step   2900 | loss=6.0427 | lr=2.47e-04
step   3000 | loss=6.0274 | lr=2.42e-04
[VAL] step 3000: bpb=1.8392
step   3100 | loss=6.0096 | lr=2.38e-04
step   3200 | loss=5.9935 | lr=2.32e-04
[VAL] step 3200: bpb=1.8280
step   3300 | loss=5.9812 | lr=2.27e-04
step   3400 | loss=5.9431 | lr=2.22e-04
[VAL] step 3400: bpb=1.8211
step   3500 | loss=5.9337 | lr=2.17e-04
step   3600 | loss=5.9394 | lr=2.11e-04
[VAL] step 3600: bpb=1.8169
step   3700 | loss=5.9169 | lr=2.06e-04
step   3800 | loss=5.9011 | lr=2.00e-04
[VAL] step 3800: bpb=1.8082
step   3900 | loss=5.8795 | lr=1.94e-04
step   4000 | loss=5.8611 | lr=1.88e-04
[VAL] step 4000: bpb=1.7974
step   4100 | loss=5.8876 | lr=1.83e-04
step   4200 | loss=5.8570 | lr=1.77e-04
[VAL] step 4200: bpb=1.7932
step   4300 | loss=5.8594 | lr=1.71e-04
step   4400 | loss=5.8450 | lr=1.65e-04
[VAL] step 4400: bpb=1.7865
step   4500 | loss=5.8332 | lr=1.59e-04
step   4600 | loss=5.8200 | lr=1.53e-04
[VAL] step 4600: bpb=1.7808
step   4700 | loss=5.8220 | lr=1.47e-04
step   4800 | loss=5.8164 | lr=1.42e-04
[VAL] step 4800: bpb=1.7756
step   4900 | loss=5.7909 | lr=1.36e-04
step   5000 | loss=5.7860 | lr=1.30e-04
[VAL] step 5000: bpb=1.7680
step   5100 | loss=5.7712 | lr=1.24e-04
step   5200 | loss=5.7544 | lr=1.19e-04
[VAL] step 5200: bpb=1.7632
step   5300 | loss=5.7408 | lr=1.13e-04
step   5400 | loss=5.7272 | lr=1.08e-04
[VAL] step 5400: bpb=1.7608
step   5500 | loss=5.7321 | lr=1.03e-04
step   5600 | loss=5.7451 | lr=9.75e-05
[VAL] step 5600: bpb=1.7548
step   5700 | loss=5.7269 | lr=9.25e-05
step   5800 | loss=5.7172 | lr=8.76e-05
[VAL] step 5800: bpb=1.7505
step   5900 | loss=5.7238 | lr=8.28e-05
step   6000 | loss=5.7093 | lr=7.82e-05
[VAL] step 6000: bpb=1.7476
step   6100 | loss=5.6966 | lr=7.38e-05
step   6200 | loss=5.6924 | lr=6.95e-05
[VAL] step 6200: bpb=1.7437
step   6300 | loss=5.6963 | lr=6.55e-05
step   6400 | loss=5.6797 | lr=6.16e-05
[VAL] step 6400: bpb=1.7416
step   6500 | loss=5.6726 | lr=5.79e-05
step   6600 | loss=5.6768 | lr=5.44e-05
[VAL] step 6600: bpb=1.7374
step   6700 | loss=5.6718 | lr=5.11e-05
step   6800 | loss=5.6638 | lr=4.81e-05
[VAL] step 6800: bpb=1.7366
step   6900 | loss=5.6636 | lr=4.53e-05
step   7000 | loss=5.6640 | lr=4.26e-05
[VAL] step 7000: bpb=1.7349
step   7100 | loss=5.6557 | lr=4.03e-05
step   7200 | loss=5.6587 | lr=3.81e-05
[VAL] step 7200: bpb=1.7336
step   7300 | loss=5.6479 | lr=3.62e-05
step   7400 | loss=5.6601 | lr=3.46e-05
[VAL] step 7400: bpb=1.7326
step   7500 | loss=5.6448 | lr=3.32e-05
step   7600 | loss=5.6388 | lr=3.21e-05
[VAL] step 7600: bpb=1.7301
step   7700 | loss=5.6291 | lr=3.12e-05
step   7800 | loss=5.6438 | lr=3.05e-05
[VAL] step 7800: bpb=1.7287
step   7900 | loss=5.6412 | lr=3.01e-05
step   8000 | loss=5.6317 | lr=3.00e-05
[VAL] step 8000: bpb=1.7279

=== DONE ===
{
  "exp_name": "exp131_na3",
  "best_val_bpb": 1.7278899219949098,
  "final_val_bpb": 1.7278899219949098,
  "n_params": 129304838,
  "training_time_hours": 0.979
}
