Loading tokenizer from /home/starost/.cache/nanochat/tokenizer
Vocab size: 32768, BOS id: 32759
Total params (all fp32): 358,420,266
Q/K Joint TinyMHLut(soft): in_nap=6 tph=256 d_qk=64 (n_outputs=2*d_qk=128) init_std=0.001 T_soft=0.5 T_sel=0.5 [no V2D, q_norm+k_norm -> SDPA]
V TinyMHLut(soft):       in_nap=8 tph=256 d_v=32 (n_outputs=d_v)
out_proj TinyMHLut(soft): in_nap=6 tph=[2048, 2048, 1024, 1024, 1024, 1024] (n_outputs=E=96) + out_v2d/out_d2v
V2D out:         init_T=0.1 learnable=True
Attention:       SDPA (causal); plain default 1/sqrt(d_qk=64)=0.1250, no learnable attn_scale
Tracking 42 learnable temperatures in temperatures.csv
Tokens/micro-batch: 4,096 | grad_accum: 1 | effective batch: 4,096 tokens
/home/starost/spiky/.venv/lib/python3.12/site-packages/torch/_inductor/compile_fx.py:236: UserWarning: TensorFloat32 tensor cores for float32 matrix multiplication available but not enabled. Consider setting `torch.set_float32_matmul_precision('high')` for better performance.
  warnings.warn(
step      1 | loss=10.4193 | lr=3.75e-07
step    100 | loss=9.3689 | lr=3.75e-05
step    200 | loss=8.2404 | lr=7.50e-05
W0511 01:33:56.596000 3306410 torch/_dynamo/convert_frame.py:964] [0/8] torch._dynamo hit config.recompile_limit (8)
W0511 01:33:56.596000 3306410 torch/_dynamo/convert_frame.py:964] [0/8]    function: '_soft_lut_fwd_body' (/home/starost/spiky/src/spiky/lutorch/tiny_multi_head_lut.py:350)
W0511 01:33:56.596000 3306410 torch/_dynamo/convert_frame.py:964] [0/8]    last reason: 0/7: tensor 'weights' size mismatch at index 0. expected 1536, actual 1024. Guard failed on a parameter, consider using torch._dynamo.config.force_parameter_static_shapes = False to allow dynamism on parameters.
W0511 01:33:56.596000 3306410 torch/_dynamo/convert_frame.py:964] [0/8] To log all recompilation reasons, use TORCH_LOGS="recompiles".
W0511 01:33:56.596000 3306410 torch/_dynamo/convert_frame.py:964] [0/8] To diagnose recompilation issues, see https://pytorch.org/docs/main/torch.compiler_troubleshooting.html.
[VAL] step 200: bpb=2.3110
step    300 | loss=7.6271 | lr=1.12e-04
step    400 | loss=7.1473 | lr=1.50e-04
[VAL] step 400: bpb=2.0762
step    500 | loss=6.8436 | lr=1.87e-04
step    600 | loss=6.6957 | lr=2.25e-04
[VAL] step 600: bpb=2.0052
step    700 | loss=6.5914 | lr=2.62e-04
step    800 | loss=6.5002 | lr=3.00e-04
[VAL] step 800: bpb=1.9668
step    900 | loss=6.4252 | lr=3.00e-04
step   1000 | loss=6.3518 | lr=2.99e-04
[VAL] step 1000: bpb=1.9161
step   1100 | loss=6.2731 | lr=2.99e-04
step   1200 | loss=6.1972 | lr=2.98e-04
[VAL] step 1200: bpb=1.8699
step   1300 | loss=6.1153 | lr=2.97e-04
step   1400 | loss=6.0746 | lr=2.95e-04
[VAL] step 1400: bpb=1.8426
step   1500 | loss=6.0286 | lr=2.94e-04
step   1600 | loss=5.9580 | lr=2.92e-04
[VAL] step 1600: bpb=1.8143
step   1700 | loss=5.9318 | lr=2.90e-04
step   1800 | loss=5.9000 | lr=2.87e-04
[VAL] step 1800: bpb=1.7928
step   1900 | loss=5.8675 | lr=2.85e-04
step   2000 | loss=5.8326 | lr=2.82e-04
[VAL] step 2000: bpb=1.7773
step   2100 | loss=5.7822 | lr=2.79e-04
step   2200 | loss=5.7606 | lr=2.76e-04
[VAL] step 2200: bpb=1.7649
step   2300 | loss=5.7415 | lr=2.72e-04
step   2400 | loss=5.7357 | lr=2.68e-04
[VAL] step 2400: bpb=1.7501
step   2500 | loss=5.7129 | lr=2.65e-04
step   2600 | loss=5.6951 | lr=2.60e-04
[VAL] step 2600: bpb=1.7346
step   2700 | loss=5.6617 | lr=2.56e-04
step   2800 | loss=5.6474 | lr=2.52e-04
[VAL] step 2800: bpb=1.7257
step   2900 | loss=5.6218 | lr=2.47e-04
