Failed to import warp: No module named 'warp'
Failed to import mujoco_warp: No module named 'warp'
MHL-LIF SAC actor heads=1 tph=128 n_det=1 buckets=16 seed=5 | 12 outputs/cell (6 mu + 6 log-sigma) | front-end 6,784 + table 24,576 = 31,360 params (111.9% of the 28,032 hyperplane baseline; 31,360 trainable) | cells 128x16 = 2,048 | delay_init_std=0.0 table_init_std=0.10000 share_betas=False delay_const=0.0 delay_min=-inf | temperatures trainable | no eps
[  500/10000] steps    32,000 | MJX ret      7.4 | cell-cov   0.0% | digit 10.284 | nosp 0.346 | eff  3.99/16 | Tbkt 1.000 | Tcr 1.000 | best      7.4 |   3.6m
[ 1000/10000] steps    64,000 | MJX ret     99.5 | cell-cov  78.5% | digit 9.377 | nosp 0.255 | eff  3.13/16 | Tbkt 0.705 | Tcr 0.908 | best     99.5 |   6.9m
[ 1500/10000] steps    96,000 | MJX ret    292.0 | cell-cov  81.0% | digit 9.575 | nosp 0.266 | eff  3.96/16 | Tbkt 0.519 | Tcr 0.845 | best    292.0 |  10.5m
[ 2000/10000] steps   128,000 | MJX ret    243.1 | cell-cov  82.3% | digit 8.629 | nosp 0.192 | eff  4.03/16 | Tbkt 0.428 | Tcr 0.833 | best    292.0 |  13.8m
[ 2500/10000] steps   160,000 | MJX ret    384.1 | cell-cov  83.4% | digit 8.663 | nosp 0.173 | eff  4.02/16 | Tbkt 0.364 | Tcr 0.796 | best    384.1 |  17.3m
[ 3000/10000] steps   192,000 | MJX ret    367.4 | cell-cov  84.0% | digit 8.631 | nosp 0.203 | eff  4.66/16 | Tbkt 0.328 | Tcr 0.731 | best    384.1 |  20.8m
[ 3500/10000] steps   224,000 | MJX ret    601.1 | cell-cov  84.3% | digit 8.272 | nosp 0.160 | eff  4.20/16 | Tbkt 0.287 | Tcr 0.692 | best    601.1 |  24.5m
[ 4000/10000] steps   256,000 | MJX ret   1382.4 | cell-cov  84.8% | digit 7.964 | nosp 0.117 | eff  3.63/16 | Tbkt 0.244 | Tcr 0.664 | best   1382.4 |  28.1m
[ 4500/10000] steps   288,000 | MJX ret   2558.2 | cell-cov  85.1% | digit 7.678 | nosp 0.093 | eff  3.33/16 | Tbkt 0.209 | Tcr 0.638 | best   2558.2 |  31.8m
[ 5000/10000] steps   320,000 | MJX ret   2536.9 | cell-cov  85.3% | digit 7.714 | nosp 0.096 | eff  3.55/16 | Tbkt 0.187 | Tcr 0.604 | best   2558.2 |  35.5m
[ 5500/10000] steps   352,000 | MJX ret   3125.2 | cell-cov  85.6% | digit 7.584 | nosp 0.087 | eff  3.45/16 | Tbkt 0.159 | Tcr 0.586 | best   3125.2 |  39.2m
[ 6000/10000] steps   384,000 | MJX ret   3898.3 | cell-cov  85.8% | digit 7.716 | nosp 0.089 | eff  3.59/16 | Tbkt 0.113 | Tcr 0.572 | best   3898.3 |  42.8m
[ 6500/10000] steps   416,000 | MJX ret   3093.3 | cell-cov  85.9% | digit 7.516 | nosp 0.077 | eff  3.40/16 | Tbkt 0.081 | Tcr 0.565 | best   3898.3 |  46.5m
[ 7000/10000] steps   448,000 | MJX ret   2697.1 | cell-cov  86.0% | digit 7.673 | nosp 0.086 | eff  3.57/16 | Tbkt 0.061 | Tcr 0.560 | best   3898.3 |  50.2m
[ 7500/10000] steps   480,000 | MJX ret   3730.5 | cell-cov  86.2% | digit 7.538 | nosp 0.081 | eff  3.44/16 | Tbkt 0.046 | Tcr 0.556 | best   3898.3 |  53.8m
[ 8000/10000] steps   512,000 | MJX ret   4086.6 | cell-cov  86.3% | digit 7.600 | nosp 0.087 | eff  3.50/16 | Tbkt 0.038 | Tcr 0.556 | best   4086.6 |  57.4m
[ 8500/10000] steps   544,000 | MJX ret   3834.3 | cell-cov  86.4% | digit 7.521 | nosp 0.081 | eff  3.56/16 | Tbkt 0.032 | Tcr 0.553 | best   4086.6 |  61.0m
[ 9000/10000] steps   576,000 | MJX ret   4063.2 | cell-cov  86.4% | digit 7.644 | nosp 0.089 | eff  3.64/16 | Tbkt 0.027 | Tcr 0.550 | best   4086.6 |  64.3m
[ 9500/10000] steps   608,000 | MJX ret   3947.5 | cell-cov  86.4% | digit 7.611 | nosp 0.086 | eff  3.56/16 | Tbkt 0.024 | Tcr 0.542 | best   4086.6 |  67.6m
[10000/10000] steps   640,000 | MJX ret   4217.4 | cell-cov  86.5% | digit 7.643 | nosp 0.088 | eff  3.47/16 | Tbkt 0.022 | Tcr 0.536 | best   4217.4 |  70.9m
done: best MJX 4217.4 over 640,000 env-steps in 70.9 min
Failed to import warp: No module named 'warp'
Failed to import mujoco_warp: No module named 'warp'
mhl_sac_c50_s5_actor.npz (31,360 params = 6,784 front-end + 24,576 table) [eval] 1 det x 16 bkt = 16 cells / tph128
  CPU-reference 100-ep deterministic: 4186.8 +/- 319.8  full 74/100  vel 3.340 m/s  len 965  [22s]
