Failed to import warp: No module named 'warp'
Failed to import mujoco_warp: No module named 'warp'
MHL-LIF SAC actor heads=1 tph=128 n_det=1 buckets=16 seed=6 | 12 outputs/cell (6 mu + 6 log-sigma) | front-end 6,784 + table 24,576 = 31,360 params (111.9% of the 28,032 hyperplane baseline; 31,360 trainable) | cells 128x16 = 2,048 | delay_init_std=0.0 table_init_std=0.10000 share_betas=False delay_const=0.0 delay_min=-inf | temperatures trainable | no eps
[  500/10000] steps    32,000 | MJX ret     -6.9 | cell-cov   0.0% | digit 10.880 | nosp 0.413 | eff  4.06/16 | Tbkt 1.000 | Tcr 1.000 | best     -6.9 |   4.3m
[ 1000/10000] steps    64,000 | MJX ret    183.5 | cell-cov  78.3% | digit 9.621 | nosp 0.282 | eff  4.15/16 | Tbkt 0.737 | Tcr 0.952 | best    183.5 |   8.7m
[ 1500/10000] steps    96,000 | MJX ret    434.5 | cell-cov  81.4% | digit 8.552 | nosp 0.168 | eff  3.75/16 | Tbkt 0.564 | Tcr 0.919 | best    434.5 |  12.4m
[ 2000/10000] steps   128,000 | MJX ret    345.9 | cell-cov  82.7% | digit 8.556 | nosp 0.167 | eff  3.47/16 | Tbkt 0.480 | Tcr 0.852 | best    434.5 |  16.1m
[ 2500/10000] steps   160,000 | MJX ret    329.9 | cell-cov  83.1% | digit 8.442 | nosp 0.149 | eff  3.77/16 | Tbkt 0.436 | Tcr 0.806 | best    434.5 |  19.9m
[ 3000/10000] steps   192,000 | MJX ret    376.7 | cell-cov  83.3% | digit 8.603 | nosp 0.166 | eff  4.02/16 | Tbkt 0.389 | Tcr 0.759 | best    434.5 |  23.7m
[ 3500/10000] steps   224,000 | MJX ret    401.3 | cell-cov  83.6% | digit 8.425 | nosp 0.143 | eff  3.99/16 | Tbkt 0.326 | Tcr 0.722 | best    434.5 |  27.5m
[ 4000/10000] steps   256,000 | MJX ret    745.2 | cell-cov  83.8% | digit 8.650 | nosp 0.172 | eff  4.05/16 | Tbkt 0.266 | Tcr 0.707 | best    745.2 |  31.3m
[ 4500/10000] steps   288,000 | MJX ret    808.2 | cell-cov  84.2% | digit 8.677 | nosp 0.170 | eff  4.23/16 | Tbkt 0.207 | Tcr 0.700 | best    808.2 |  35.1m
[ 5000/10000] steps   320,000 | MJX ret   1000.8 | cell-cov  84.4% | digit 8.579 | nosp 0.175 | eff  4.04/16 | Tbkt 0.172 | Tcr 0.693 | best   1000.8 |  38.9m
[ 5500/10000] steps   352,000 | MJX ret   1089.9 | cell-cov  84.7% | digit 8.506 | nosp 0.167 | eff  3.89/16 | Tbkt 0.151 | Tcr 0.679 | best   1089.9 |  42.6m
[ 6000/10000] steps   384,000 | MJX ret    963.6 | cell-cov  84.8% | digit 8.568 | nosp 0.170 | eff  3.87/16 | Tbkt 0.136 | Tcr 0.665 | best   1089.9 |  46.3m
[ 6500/10000] steps   416,000 | MJX ret   1010.4 | cell-cov  85.2% | digit 8.525 | nosp 0.169 | eff  4.16/16 | Tbkt 0.118 | Tcr 0.661 | best   1089.9 |  50.0m
[ 7000/10000] steps   448,000 | MJX ret   1285.7 | cell-cov  85.3% | digit 8.631 | nosp 0.170 | eff  4.04/16 | Tbkt 0.102 | Tcr 0.647 | best   1285.7 |  53.7m
[ 7500/10000] steps   480,000 | MJX ret   1145.2 | cell-cov  85.3% | digit 8.410 | nosp 0.153 | eff  4.14/16 | Tbkt 0.086 | Tcr 0.633 | best   1285.7 |  57.4m
[ 8000/10000] steps   512,000 | MJX ret   1187.8 | cell-cov  85.4% | digit 8.595 | nosp 0.154 | eff  4.11/16 | Tbkt 0.075 | Tcr 0.617 | best   1285.7 |  61.1m
[ 8500/10000] steps   544,000 | MJX ret   1233.7 | cell-cov  85.4% | digit 8.562 | nosp 0.149 | eff  4.40/16 | Tbkt 0.064 | Tcr 0.600 | best   1285.7 |  64.5m
[ 9000/10000] steps   576,000 | MJX ret   1026.7 | cell-cov  85.6% | digit 8.376 | nosp 0.134 | eff  3.97/16 | Tbkt 0.057 | Tcr 0.595 | best   1285.7 |  68.0m
[ 9500/10000] steps   608,000 | MJX ret   1593.3 | cell-cov  85.6% | digit 8.312 | nosp 0.135 | eff  4.03/16 | Tbkt 0.049 | Tcr 0.586 | best   1593.3 |  71.3m
[10000/10000] steps   640,000 | MJX ret   1135.4 | cell-cov  85.6% | digit 8.287 | nosp 0.126 | eff  3.95/16 | Tbkt 0.037 | Tcr 0.579 | best   1593.3 |  72.5m
done: best MJX 1593.3 over 640,000 env-steps in 72.5 min
Failed to import warp: No module named 'warp'
Failed to import mujoco_warp: No module named 'warp'
mhl_sac_c50_s6_actor.npz (31,360 params = 6,784 front-end + 24,576 table) [eval] 1 det x 16 bkt = 16 cells / tph128
  CPU-reference 100-ep deterministic: 1174.3 +/- 112.5  full 0/100  vel 2.704 m/s  len 317  [31s]
