Loading tokenizer from /home/starost/.cache/nanochat/tokenizer
Vocab size: 32768, BOS id: 32759
Building model:
Total params (all fp32): 108,173,318
Q/K Joint SparseLut: in_nap=8 tph=384 n_sparse=8 -> 2*d_qk=64 (per head, H=6)
V SparseLut:         in_nap=8 tph=384 n_sparse=8 -> d_v=64 (per head, H=6)
out_proj SparseLut:  in_nap=8 tph=2048 n_sparse=8 -> E=384
Residual:        classic skip connection (out_real + x), no residual_lut
Unembedder:      LN(384) -> Linear(384,VOCAB)
Tokens/micro-batch: 4,096 | grad_accum: 1 | effective batch: 4,096 tokens
step      1 | loss=10.5752 | lr=3.75e-07
step    100 | loss=10.2303 | lr=3.75e-05
step    200 | loss=9.1159 | lr=7.50e-05
[VAL] step 200: bpb=2.4399
step    300 | loss=8.1727 | lr=1.12e-04
step    400 | loss=7.6707 | lr=1.50e-04
[VAL] step 400: bpb=2.2244
step    500 | loss=7.2913 | lr=1.87e-04
step    600 | loss=7.0694 | lr=2.25e-04
[VAL] step 600: bpb=2.0988
step    700 | loss=6.9119 | lr=2.62e-04
step    800 | loss=6.7875 | lr=3.00e-04
[VAL] step 800: bpb=2.0440
step    900 | loss=6.6947 | lr=3.00e-04
step   1000 | loss=6.6275 | lr=2.99e-04
[VAL] step 1000: bpb=2.0053
step   1100 | loss=6.5689 | lr=2.99e-04
step   1200 | loss=6.5198 | lr=2.98e-04
[VAL] step 1200: bpb=1.9750
step   1300 | loss=6.4612 | lr=2.97e-04
step   1400 | loss=6.4352 | lr=2.95e-04
[VAL] step 1400: bpb=1.9558
step   1500 | loss=6.4050 | lr=2.94e-04
step   1600 | loss=6.3474 | lr=2.92e-04
[VAL] step 1600: bpb=1.9378
step   1700 | loss=6.3241 | lr=2.90e-04
step   1800 | loss=6.2968 | lr=2.87e-04
[VAL] step 1800: bpb=1.9208
step   1900 | loss=6.2735 | lr=2.85e-04
step   2000 | loss=6.2420 | lr=2.82e-04
[VAL] step 2000: bpb=1.9060
step   2100 | loss=6.2002 | lr=2.79e-04
step   2200 | loss=6.1747 | lr=2.76e-04
[VAL] step 2200: bpb=1.8920
step   2300 | loss=6.1473 | lr=2.72e-04
step   2400 | loss=6.1308 | lr=2.68e-04
[VAL] step 2400: bpb=1.8727
step   2500 | loss=6.1031 | lr=2.65e-04
step   2600 | loss=6.0838 | lr=2.60e-04
[VAL] step 2600: bpb=1.8566
step   2700 | loss=6.0446 | lr=2.56e-04
step   2800 | loss=6.0259 | lr=2.52e-04
[VAL] step 2800: bpb=1.8414
step   2900 | loss=5.9948 | lr=2.47e-04
step   3000 | loss=5.9787 | lr=2.42e-04
[VAL] step 3000: bpb=1.8288
step   3100 | loss=5.9569 | lr=2.38e-04
step   3200 | loss=5.9421 | lr=2.32e-04
[VAL] step 3200: bpb=1.8156
step   3300 | loss=5.9280 | lr=2.27e-04
step   3400 | loss=5.8876 | lr=2.22e-04
[VAL] step 3400: bpb=1.8071
step   3500 | loss=5.8715 | lr=2.17e-04
step   3600 | loss=5.8736 | lr=2.11e-04
[VAL] step 3600: bpb=1.7987
step   3700 | loss=5.8462 | lr=2.06e-04
step   3800 | loss=5.8365 | lr=2.00e-04
[VAL] step 3800: bpb=1.7901
step   3900 | loss=5.8085 | lr=1.94e-04
step   4000 | loss=5.7890 | lr=1.88e-04
[VAL] step 4000: bpb=1.7801
step   4100 | loss=5.8134 | lr=1.83e-04
step   4200 | loss=5.7864 | lr=1.77e-04
[VAL] step 4200: bpb=1.7744
step   4300 | loss=5.7881 | lr=1.71e-04
step   4400 | loss=5.7749 | lr=1.65e-04
[VAL] step 4400: bpb=1.7713
step   4500 | loss=5.7595 | lr=1.59e-04
step   4600 | loss=5.7479 | lr=1.53e-04
[VAL] step 4600: bpb=1.7651
step   4700 | loss=5.7458 | lr=1.47e-04
step   4800 | loss=5.7443 | lr=1.42e-04
[VAL] step 4800: bpb=1.7586
step   4900 | loss=5.7185 | lr=1.36e-04
step   5000 | loss=5.7110 | lr=1.30e-04
[VAL] step 5000: bpb=1.7515
step   5100 | loss=5.6990 | lr=1.24e-04
step   5200 | loss=5.6846 | lr=1.19e-04
[VAL] step 5200: bpb=1.7455
step   5300 | loss=5.6717 | lr=1.13e-04
step   5400 | loss=5.6543 | lr=1.08e-04
[VAL] step 5400: bpb=1.7416
step   5500 | loss=5.6600 | lr=1.03e-04
step   5600 | loss=5.6749 | lr=9.75e-05
[VAL] step 5600: bpb=1.7377
step   5700 | loss=5.6577 | lr=9.25e-05
step   5800 | loss=5.6482 | lr=8.76e-05
[VAL] step 5800: bpb=1.7358
step   5900 | loss=5.6535 | lr=8.28e-05
step   6000 | loss=5.6377 | lr=7.82e-05
[VAL] step 6000: bpb=1.7322
step   6100 | loss=5.6289 | lr=7.38e-05
step   6200 | loss=5.6257 | lr=6.95e-05
[VAL] step 6200: bpb=1.7305
step   6300 | loss=5.6301 | lr=6.55e-05
step   6400 | loss=5.6145 | lr=6.16e-05
[VAL] step 6400: bpb=1.7266
step   6500 | loss=5.6056 | lr=5.79e-05
step   6600 | loss=5.6099 | lr=5.44e-05
[VAL] step 6600: bpb=1.7225
step   6700 | loss=5.6071 | lr=5.11e-05
step   6800 | loss=5.5975 | lr=4.81e-05
[VAL] step 6800: bpb=1.7211
step   6900 | loss=5.5991 | lr=4.53e-05
step   7000 | loss=5.5998 | lr=4.26e-05
[VAL] step 7000: bpb=1.7207
step   7100 | loss=5.5918 | lr=4.03e-05
step   7200 | loss=5.5967 | lr=3.81e-05
[VAL] step 7200: bpb=1.7196
step   7300 | loss=5.5844 | lr=3.62e-05
step   7400 | loss=5.5941 | lr=3.46e-05
[VAL] step 7400: bpb=1.7186
step   7500 | loss=5.5834 | lr=3.32e-05
step   7600 | loss=5.5748 | lr=3.21e-05
[VAL] step 7600: bpb=1.7158
step   7700 | loss=5.5663 | lr=3.12e-05
step   7800 | loss=5.5799 | lr=3.05e-05
[VAL] step 7800: bpb=1.7151
step   7900 | loss=5.5782 | lr=3.01e-05
step   8000 | loss=5.5714 | lr=3.00e-05
[VAL] step 8000: bpb=1.7144

=== DONE ===
{
  "exp_name": "exp100_e384_dqk32_dv64",
  "best_val_bpb": 1.714375826309209,
  "final_val_bpb": 1.714375826309209,
  "n_params": 108173318,
  "training_time_hours": 0.717
}
