Failed to import warp: No module named 'warp'
Failed to import mujoco_warp: No module named 'warp'
MHL-LIF SAC actor heads=1 tph=128 n_det=1 buckets=16 seed=0 | 12 outputs/cell (6 mu + 6 log-sigma) | front-end 6,784 + table 24,576 = 31,360 params (111.9% of the 28,032 hyperplane baseline; 31,104 trainable) | cells 128x16 = 2,048 | delay_init_std=4.0 table_init_std=0.00884 share_betas=False | temperatures FROZEN at 1.0 | no eps
[  500/10000] steps    32,000 | MJX ret     20.0 | cell-cov   0.0% | digit 12.537 | nosp 0.527 | eff  3.94/16 | Tbkt 1.000 | Tcr 1.000 | best     20.0 |   2.8m
[ 1000/10000] steps    64,000 | MJX ret    117.9 | cell-cov  63.0% | digit 13.856 | nosp 0.663 | eff  2.00/16 | Tbkt 1.000 | Tcr 1.000 | best    117.9 |   5.2m
[ 1500/10000] steps    96,000 | MJX ret    201.8 | cell-cov  64.6% | digit 13.251 | nosp 0.489 | eff  2.42/16 | Tbkt 1.000 | Tcr 1.000 | best    201.8 |   7.1m
[ 2000/10000] steps   128,000 | MJX ret    321.3 | cell-cov  66.2% | digit 12.878 | nosp 0.356 | eff  2.30/16 | Tbkt 1.000 | Tcr 1.000 | best    321.3 |   8.7m
[ 2500/10000] steps   160,000 | MJX ret    296.0 | cell-cov  66.8% | digit 12.616 | nosp 0.290 | eff  2.44/16 | Tbkt 1.000 | Tcr 1.000 | best    321.3 |  10.3m
[ 3000/10000] steps   192,000 | MJX ret    297.6 | cell-cov  67.3% | digit 12.694 | nosp 0.280 | eff  2.55/16 | Tbkt 1.000 | Tcr 1.000 | best    321.3 |  11.9m
[ 3500/10000] steps   224,000 | MJX ret    387.8 | cell-cov  67.7% | digit 12.692 | nosp 0.241 | eff  2.58/16 | Tbkt 1.000 | Tcr 1.000 | best    387.8 |  13.5m
[ 4000/10000] steps   256,000 | MJX ret    441.1 | cell-cov  68.3% | digit 12.613 | nosp 0.210 | eff  2.70/16 | Tbkt 1.000 | Tcr 1.000 | best    441.1 |  15.1m
[ 4500/10000] steps   288,000 | MJX ret    421.7 | cell-cov  68.6% | digit 12.601 | nosp 0.193 | eff  2.65/16 | Tbkt 1.000 | Tcr 1.000 | best    441.1 |  16.6m
[ 5000/10000] steps   320,000 | MJX ret    442.3 | cell-cov  68.9% | digit 12.584 | nosp 0.170 | eff  2.73/16 | Tbkt 1.000 | Tcr 1.000 | best    442.3 |  18.2m
[ 5500/10000] steps   352,000 | MJX ret    465.4 | cell-cov  69.6% | digit 12.429 | nosp 0.159 | eff  3.06/16 | Tbkt 1.000 | Tcr 1.000 | best    465.4 |  19.7m
[ 6000/10000] steps   384,000 | MJX ret    547.0 | cell-cov  70.0% | digit 12.470 | nosp 0.137 | eff  2.98/16 | Tbkt 1.000 | Tcr 1.000 | best    547.0 |  21.3m
[ 6500/10000] steps   416,000 | MJX ret    525.0 | cell-cov  70.5% | digit 12.366 | nosp 0.128 | eff  3.06/16 | Tbkt 1.000 | Tcr 1.000 | best    547.0 |  22.8m
[ 7000/10000] steps   448,000 | MJX ret    528.0 | cell-cov  71.0% | digit 12.351 | nosp 0.119 | eff  3.01/16 | Tbkt 1.000 | Tcr 1.000 | best    547.0 |  24.4m
[ 7500/10000] steps   480,000 | MJX ret    763.1 | cell-cov  71.3% | digit 12.336 | nosp 0.116 | eff  3.05/16 | Tbkt 1.000 | Tcr 1.000 | best    763.1 |  25.9m
[ 8000/10000] steps   512,000 | MJX ret    598.7 | cell-cov  71.5% | digit 12.260 | nosp 0.097 | eff  3.10/16 | Tbkt 1.000 | Tcr 1.000 | best    763.1 |  27.5m
[ 8500/10000] steps   544,000 | MJX ret    586.2 | cell-cov  71.6% | digit 12.253 | nosp 0.097 | eff  3.18/16 | Tbkt 1.000 | Tcr 1.000 | best    763.1 |  29.0m
[ 9000/10000] steps   576,000 | MJX ret    586.5 | cell-cov  71.8% | digit 12.275 | nosp 0.093 | eff  3.19/16 | Tbkt 1.000 | Tcr 1.000 | best    763.1 |  30.6m
[ 9500/10000] steps   608,000 | MJX ret    611.9 | cell-cov  72.0% | digit 12.284 | nosp 0.095 | eff  3.05/16 | Tbkt 1.000 | Tcr 1.000 | best    763.1 |  32.1m
[10000/10000] steps   640,000 | MJX ret    837.9 | cell-cov  72.2% | digit 12.174 | nosp 0.105 | eff  3.28/16 | Tbkt 1.000 | Tcr 1.000 | best    837.9 |  33.4m
done: best MJX 837.9 over 640,000 env-steps in 33.4 min
Failed to import warp: No module named 'warp'
Failed to import mujoco_warp: No module named 'warp'
mhl_sac_c47_s0_actor.npz (31,360 params = 6,784 front-end + 24,576 table) [eval] 1 det x 16 bkt = 16 cells / tph128
  CPU-reference 100-ep deterministic: 776.1 +/- 231.1  full 7/100  vel 1.394 m/s  len 370  [44s]
