Loading tokenizer from /home/starost/.cache/nanochat/tokenizer
Vocab size: 32768, BOS id: 32759
bit LUTs: 18
Adam-managed parameters: 16,772,198
Q/K BitPermLUT: in_nap=5 out_nap=24 tph=512 d_qk=24 P_qk=276
V BitPermLUT:   in_nap=5 out_nap=8 tph=512 d_v=12 P_v=66
Out BitPermLUT: in_nap=8 out_nap=72 tph=2048
Tokens/micro-batch: 4,096 | grad_accum: 1 | effective batch: 4,096 tokens
step      1 | loss=10.5786 | lr=3.75e-07
step    100 | loss=9.8525 | lr=3.75e-05
step    200 | loss=8.8449 | lr=7.50e-05
[VAL] step 200: bpb=2.4058
step    300 | loss=8.0703 | lr=1.12e-04
step    400 | loss=7.7055 | lr=1.50e-04
[VAL] step 400: bpb=2.2910
step    500 | loss=7.4860 | lr=1.87e-04
step    600 | loss=7.3674 | lr=2.25e-04
[VAL] step 600: bpb=2.2173
step    700 | loss=7.2635 | lr=2.62e-04
step    800 | loss=7.1586 | lr=3.00e-04
[VAL] step 800: bpb=2.1630
step    900 | loss=7.0661 | lr=3.00e-04
step   1000 | loss=6.9905 | lr=2.99e-04
[VAL] step 1000: bpb=2.1112
step   1100 | loss=6.9267 | lr=2.99e-04
step   1200 | loss=6.8671 | lr=2.98e-04
[VAL] step 1200: bpb=2.0785
step   1300 | loss=6.7989 | lr=2.97e-04
step   1400 | loss=6.7638 | lr=2.95e-04
[VAL] step 1400: bpb=2.0559
step   1500 | loss=6.7326 | lr=2.94e-04
step   1600 | loss=6.6709 | lr=2.92e-04
[VAL] step 1600: bpb=2.0355
step   1700 | loss=6.6478 | lr=2.90e-04
step   1800 | loss=6.6239 | lr=2.87e-04
[VAL] step 1800: bpb=2.0195
step   1900 | loss=6.6060 | lr=2.85e-04
step   2000 | loss=6.5794 | lr=2.82e-04
[VAL] step 2000: bpb=2.0100
step   2100 | loss=6.5507 | lr=2.79e-04
step   2200 | loss=6.5342 | lr=2.76e-04
[VAL] step 2200: bpb=1.9983
step   2300 | loss=6.5121 | lr=2.72e-04
step   2400 | loss=6.5023 | lr=2.68e-04
[VAL] step 2400: bpb=1.9869
step   2500 | loss=6.4899 | lr=2.65e-04
step   2600 | loss=6.4818 | lr=2.60e-04
[VAL] step 2600: bpb=1.9781
step   2700 | loss=6.4525 | lr=2.56e-04
step   2800 | loss=6.4470 | lr=2.52e-04
[VAL] step 2800: bpb=1.9688
step   2900 | loss=6.4251 | lr=2.47e-04
step   3000 | loss=6.4169 | lr=2.42e-04
[VAL] step 3000: bpb=1.9584
step   3100 | loss=6.4054 | lr=2.38e-04
step   3200 | loss=6.3946 | lr=2.32e-04
[VAL] step 3200: bpb=1.9513
step   3300 | loss=6.3892 | lr=2.27e-04
step   3400 | loss=6.3545 | lr=2.22e-04
[VAL] step 3400: bpb=1.9469
step   3500 | loss=6.3508 | lr=2.17e-04
step   3600 | loss=6.3568 | lr=2.11e-04
[VAL] step 3600: bpb=1.9418
step   3700 | loss=6.3391 | lr=2.06e-04
step   3800 | loss=6.3298 | lr=2.00e-04
[VAL] step 3800: bpb=1.9344
step   3900 | loss=6.3087 | lr=1.94e-04
step   4000 | loss=6.2982 | lr=1.88e-04
[VAL] step 4000: bpb=1.9301
step   4100 | loss=6.3261 | lr=1.83e-04
step   4200 | loss=6.2971 | lr=1.77e-04
[VAL] step 4200: bpb=1.9246
step   4300 | loss=6.2996 | lr=1.71e-04
step   4400 | loss=6.2869 | lr=1.65e-04
[VAL] step 4400: bpb=1.9207
step   4500 | loss=6.2826 | lr=1.59e-04
step   4600 | loss=6.2709 | lr=1.53e-04
[VAL] step 4600: bpb=1.9158
step   4700 | loss=6.2782 | lr=1.47e-04
step   4800 | loss=6.2747 | lr=1.42e-04
[VAL] step 4800: bpb=1.9124
step   4900 | loss=6.2511 | lr=1.36e-04
step   5000 | loss=6.2535 | lr=1.30e-04
[VAL] step 5000: bpb=1.9067
step   5100 | loss=6.2359 | lr=1.24e-04
step   5200 | loss=6.2198 | lr=1.19e-04
[VAL] step 5200: bpb=1.9045
step   5300 | loss=6.2157 | lr=1.13e-04
step   5400 | loss=6.2028 | lr=1.08e-04
[VAL] step 5400: bpb=1.9016
step   5500 | loss=6.2002 | lr=1.03e-04
step   5600 | loss=6.2158 | lr=9.75e-05
[VAL] step 5600: bpb=1.8991
step   5700 | loss=6.2017 | lr=9.25e-05
step   5800 | loss=6.1984 | lr=8.76e-05
[VAL] step 5800: bpb=1.8969
step   5900 | loss=6.2073 | lr=8.28e-05
step   6000 | loss=6.1915 | lr=7.82e-05
[VAL] step 6000: bpb=1.8936
step   6100 | loss=6.1819 | lr=7.38e-05
step   6200 | loss=6.1777 | lr=6.95e-05
[VAL] step 6200: bpb=1.8915
step   6300 | loss=6.1845 | lr=6.55e-05
step   6400 | loss=6.1711 | lr=6.16e-05
[VAL] step 6400: bpb=1.8896
step   6500 | loss=6.1666 | lr=5.79e-05
step   6600 | loss=6.1761 | lr=5.44e-05
[VAL] step 6600: bpb=1.8864
step   6700 | loss=6.1711 | lr=5.11e-05
step   6800 | loss=6.1630 | lr=4.81e-05
[VAL] step 6800: bpb=1.8855
step   6900 | loss=6.1643 | lr=4.53e-05
step   7000 | loss=6.1619 | lr=4.26e-05
[VAL] step 7000: bpb=1.8854
