Loading tokenizer from /home/starost/.cache/nanochat/tokenizer
Vocab size: 32768, BOS id: 32759
V2DSDPATransformer: depth=6, E=384, H=6, E_H=64, D=3297, seq_len=512
out_proj MLP: hidden=1536 (zero-init fc2)
Params: 42,651,648
AdamW groups: decay=42,646,272 nodecay=5,376
Tokens/micro-batch: 4,096 | grad_accum: 1 | effective batch: 4,096 tokens
step      1 | loss=10.4809 | lr=3.75e-07
step    100 | loss=10.0209 | lr=3.75e-05
step    200 | loss=9.0072 | lr=7.50e-05
[VAL] step 200: bpb=2.4173
step    300 | loss=8.0722 | lr=1.12e-04
step    400 | loss=7.5619 | lr=1.50e-04
[VAL] step 400: bpb=2.1979
step    500 | loss=7.2286 | lr=1.87e-04
step    600 | loss=7.0530 | lr=2.25e-04
[VAL] step 600: bpb=2.1095
step    700 | loss=6.9430 | lr=2.62e-04
step    800 | loss=6.8654 | lr=3.00e-04
[VAL] step 800: bpb=2.0857
step    900 | loss=6.8191 | lr=3.00e-04
step   1000 | loss=6.7940 | lr=2.99e-04
[VAL] step 1000: bpb=2.0668
step   1100 | loss=6.7790 | lr=2.99e-04
step   1200 | loss=6.7712 | lr=2.98e-04
[VAL] step 1200: bpb=2.0645
step   1300 | loss=6.7416 | lr=2.97e-04
step   1400 | loss=6.7523 | lr=2.95e-04
[VAL] step 1400: bpb=2.0671
step   1500 | loss=6.7619 | lr=2.94e-04
step   1600 | loss=6.7319 | lr=2.92e-04
[VAL] step 1600: bpb=2.0609
step   1700 | loss=6.7380 | lr=2.90e-04
step   1800 | loss=6.7394 | lr=2.87e-04
[VAL] step 1800: bpb=2.0622
step   1900 | loss=6.7448 | lr=2.85e-04
step   2000 | loss=6.7347 | lr=2.82e-04
[VAL] step 2000: bpb=2.0579
step   2100 | loss=6.7247 | lr=2.79e-04
step   2200 | loss=6.7242 | lr=2.76e-04
[VAL] step 2200: bpb=2.0602
step   2300 | loss=6.7190 | lr=2.72e-04
step   2400 | loss=6.7172 | lr=2.68e-04
[VAL] step 2400: bpb=2.0575
step   2500 | loss=6.7232 | lr=2.65e-04
step   2600 | loss=6.7303 | lr=2.60e-04
[VAL] step 2600: bpb=2.0539
step   2700 | loss=6.7006 | lr=2.56e-04
step   2800 | loss=6.7016 | lr=2.52e-04
[VAL] step 2800: bpb=2.0522
step   2900 | loss=6.6932 | lr=2.47e-04
step   3000 | loss=6.6927 | lr=2.42e-04
[VAL] step 3000: bpb=2.0454
step   3100 | loss=6.6915 | lr=2.38e-04
step   3200 | loss=6.6933 | lr=2.32e-04
[VAL] step 3200: bpb=2.0458
step   3300 | loss=6.7026 | lr=2.27e-04
step   3400 | loss=6.6835 | lr=2.22e-04
[VAL] step 3400: bpb=2.0499
step   3500 | loss=6.6869 | lr=2.17e-04
step   3600 | loss=6.6981 | lr=2.11e-04
[VAL] step 3600: bpb=2.0469
step   3700 | loss=6.6841 | lr=2.06e-04
step   3800 | loss=6.6793 | lr=2.00e-04
[VAL] step 3800: bpb=2.0472
step   3900 | loss=6.6702 | lr=1.94e-04
step   4000 | loss=6.6730 | lr=1.88e-04
[VAL] step 4000: bpb=2.0432
step   4100 | loss=6.6930 | lr=1.83e-04
step   4200 | loss=6.6710 | lr=1.77e-04
[VAL] step 4200: bpb=2.0389
step   4300 | loss=6.6769 | lr=1.71e-04
step   4400 | loss=6.6686 | lr=1.65e-04
[VAL] step 4400: bpb=2.0364
step   4500 | loss=6.6732 | lr=1.59e-04
step   4600 | loss=6.6556 | lr=1.53e-04
[VAL] step 4600: bpb=2.0328
step   4700 | loss=6.6679 | lr=1.47e-04
step   4800 | loss=6.6721 | lr=1.42e-04
[VAL] step 4800: bpb=2.0335
step   4900 | loss=6.6477 | lr=1.36e-04
step   5000 | loss=6.6556 | lr=1.30e-04
[VAL] step 5000: bpb=2.0317
step   5100 | loss=6.6382 | lr=1.24e-04
step   5200 | loss=6.6234 | lr=1.19e-04
[VAL] step 5200: bpb=2.0275
step   5300 | loss=6.6268 | lr=1.13e-04
step   5400 | loss=6.6203 | lr=1.08e-04
[VAL] step 5400: bpb=2.0297
step   5500 | loss=6.6113 | lr=1.03e-04
step   5600 | loss=6.6312 | lr=9.75e-05
[VAL] step 5600: bpb=2.0240
step   5700 | loss=6.6173 | lr=9.25e-05
step   5800 | loss=6.6133 | lr=8.76e-05
[VAL] step 5800: bpb=2.0227
step   5900 | loss=6.6260 | lr=8.28e-05
step   6000 | loss=6.6056 | lr=7.82e-05
[VAL] step 6000: bpb=2.0192
step   6100 | loss=6.5977 | lr=7.38e-05
step   6200 | loss=6.5906 | lr=6.95e-05
[VAL] step 6200: bpb=2.0168
step   6300 | loss=6.5977 | lr=6.55e-05
step   6400 | loss=6.5808 | lr=6.16e-05
[VAL] step 6400: bpb=2.0148
step   6500 | loss=6.5837 | lr=5.79e-05
step   6600 | loss=6.5921 | lr=5.44e-05
[VAL] step 6600: bpb=2.0130
step   6700 | loss=6.5877 | lr=5.11e-05
step   6800 | loss=6.5801 | lr=4.81e-05
[VAL] step 6800: bpb=2.0112
step   6900 | loss=6.5841 | lr=4.53e-05
step   7000 | loss=6.5801 | lr=4.26e-05
[VAL] step 7000: bpb=2.0117
step   7100 | loss=6.5746 | lr=4.03e-05
step   7200 | loss=6.5737 | lr=3.81e-05
[VAL] step 7200: bpb=2.0123
step   7300 | loss=6.5697 | lr=3.62e-05
step   7400 | loss=6.5753 | lr=3.46e-05
[VAL] step 7400: bpb=2.0103
step   7500 | loss=6.5716 | lr=3.32e-05
step   7600 | loss=6.5624 | lr=3.21e-05
[VAL] step 7600: bpb=2.0088
step   7700 | loss=6.5538 | lr=3.12e-05
step   7800 | loss=6.5621 | lr=3.05e-05
[VAL] step 7800: bpb=2.0068
step   7900 | loss=6.5612 | lr=3.01e-05
step   8000 | loss=6.5565 | lr=3.00e-05
[VAL] step 8000: bpb=2.0067

=== DONE ===
{
  "exp_name": "exp193_v2d_sdpa_mlpout",
  "best_val_bpb": 2.0067296874027543,
  "final_val_bpb": 2.0067296874027543,
  "total_params": 42651648,
  "training_time_hours": 0.128
}
