r   0  pool best  84.484  mean 142.998  held-out best  69.451  tau +0.1799  [   0.8s]
r  25  pool best  62.296  mean 112.309  held-out best  53.765  tau +0.1847  [   7.1s]
r  50  pool best  61.251  mean 103.203  held-out best  53.765  tau +0.1847  [  13.2s]
r  75  pool best  59.764  mean 100.045  held-out best  53.765  tau +0.1847  [  19.1s]
r 100  pool best  52.692  mean  92.498  held-out best  50.903  tau +0.3761  [  25.5s]
r 125  pool best  51.557  mean  84.325  held-out best  46.312  tau -0.1976  [  31.6s]
r 150  pool best  50.154  mean  78.374  held-out best  56.166  tau +0.0567  [  37.6s]
r 175  pool best  46.615  mean  72.794  held-out best  42.655  tau +0.1652  [  43.9s]
r 200  pool best  40.948  mean  69.212  held-out best  32.307  tau +0.5276  [  50.1s]
r 225  pool best  38.893  mean  60.952  held-out best  32.307  tau +0.5276  [  55.9s]
r 250  pool best  39.110  mean  55.462  held-out best  34.303  tau -0.2104  [  62.2s]
r 275  pool best  34.607  mean  46.805  held-out best  28.389  tau +0.3720  [  68.0s]
r 300  pool best  36.445  mean  48.682  held-out best  28.792  tau -0.0128  [  74.2s]
r 325  pool best  35.654  mean  48.275  held-out best  30.443  tau +0.5463  [  80.1s]
r 350  pool best  35.521  mean  46.041  held-out best  30.443  tau +0.5463  [  86.1s]
r 375  pool best  30.913  mean  42.776  held-out best  31.045  tau +0.1236  [  91.9s]
r 400  pool best  31.191  mean  40.187  held-out best  31.045  tau +0.1236  [  98.0s]
r 425  pool best  32.854  mean  41.839  held-out best  30.945  tau +0.2962  [ 103.8s]
r 450  pool best  31.605  mean  39.459  held-out best  28.002  tau +0.3169  [ 109.8s]
r 475  pool best  30.063  mean  37.166  held-out best  28.002  tau +0.3169  [ 115.7s]
r 500  pool best  29.377  mean  36.236  held-out best  28.002  tau +0.3169  [ 121.6s]
r 525  pool best  30.232  mean  36.885  held-out best  28.002  tau +0.3169  [ 127.4s]
r 550  pool best  26.970  mean  34.447  held-out best  28.002  tau +0.3169  [ 133.2s]
r 575  pool best  28.988  mean  35.844  held-out best  28.002  tau +0.3169  [ 138.9s]
r 600  pool best  27.151  mean  34.174  held-out best  28.002  tau +0.3169  [ 144.9s]
r 625  pool best  28.797  mean  34.687  held-out best  26.489  tau +0.4180  [ 150.9s]
r 650  pool best  25.932  mean  32.611  held-out best  25.285  tau +0.3074  [ 156.9s]
r 675  pool best  26.721  mean  33.018  held-out best  25.285  tau +0.3074  [ 162.7s]
r 700  pool best  28.000  mean  33.794  held-out best  25.285  tau +0.3074  [ 168.7s]
r 725  pool best  26.945  mean  34.212  held-out best  25.285  tau +0.3074  [ 174.5s]
r 750  pool best  26.104  mean  31.406  held-out best  25.285  tau +0.3074  [ 180.4s]
r 775  pool best  24.543  mean  30.503  held-out best  25.285  tau +0.3074  [ 186.2s]
r 800  pool best  26.588  mean  32.223  held-out best  25.285  tau +0.3074  [ 192.1s]
r 825  pool best  24.573  mean  30.083  held-out best  25.285  tau +0.3074  [ 197.9s]
r 850  pool best  23.597  mean  28.810  held-out best  24.266  tau +0.3202  [ 204.1s]
r 875  pool best  24.799  mean  29.824  held-out best  24.266  tau +0.3202  [ 209.9s]
r 900  pool best  27.908  mean  33.288  held-out best  24.266  tau +0.3202  [ 216.1s]
r 925  pool best  23.065  mean  28.829  held-out best  24.072  tau +0.3434  [ 222.1s]
r 950  pool best  25.409  mean  30.172  held-out best  24.072  tau +0.3434  [ 228.0s]
r 975  pool best  26.901  mean  32.031  held-out best  24.072  tau +0.3434  [ 233.9s]
r1000  pool best  25.458  mean  30.123  held-out best  25.776  tau +0.2979  [ 239.9s]
r1025  pool best  26.094  mean  31.234  held-out best  25.776  tau +0.2979  [ 245.7s]
r1050  pool best  27.267  mean  31.380  held-out best  25.776  tau +0.2979  [ 251.7s]
r1075  pool best  25.273  mean  29.734  held-out best  25.776  tau +0.2979  [ 257.5s]
r1100  pool best  24.241  mean  29.221  held-out best  25.776  tau +0.2979  [ 263.4s]
r1125  pool best  25.003  mean  29.918  held-out best  25.776  tau +0.2979  [ 269.3s]
r1150  pool best  25.326  mean  30.649  held-out best  25.776  tau +0.2979  [ 275.3s]
r1175  pool best  23.742  mean  28.672  held-out best  25.776  tau +0.2979  [ 281.0s]
r1200  pool best  25.158  mean  29.793  held-out best  25.776  tau +0.2979  [ 287.0s]
r1225  pool best  23.631  mean  28.964  held-out best  25.776  tau +0.2979  [ 292.7s]
r1250  pool best  25.821  mean  30.964  held-out best  25.776  tau +0.2979  [ 298.5s]
r1275  pool best  23.995  mean  28.501  held-out best  25.776  tau +0.2979  [ 304.4s]
r1300  pool best  23.833  mean  28.176  held-out best  25.776  tau +0.2979  [ 310.5s]
r1325  pool best  25.307  mean  30.574  held-out best  25.776  tau +0.2979  [ 316.6s]
r1350  pool best  24.918  mean  28.949  held-out best  23.674  tau +0.2965  [ 322.6s]
r1375  pool best  26.133  mean  31.014  held-out best  23.674  tau +0.2965  [ 328.5s]
r1400  pool best  26.649  mean  31.320  held-out best  23.674  tau +0.2965  [ 334.4s]
r1425  pool best  25.103  mean  30.121  held-out best  23.674  tau +0.2965  [ 340.1s]
r1450  pool best  26.400  mean  30.751  held-out best  23.674  tau +0.2965  [ 346.0s]
r1475  pool best  22.516  mean  27.185  held-out best  23.674  tau +0.2965  [ 351.9s]
r1499  pool best  22.836  mean  27.515  held-out best  23.674  tau +0.2965  [ 357.6s]
DONE seed 0: held-out MSE 23.674 vs constant 34.152, tau +0.2965 (357.6s)
