Loading tokenizer from /home/starost/.cache/nanochat/tokenizer
Vocab size: 32768, BOS id: 32759
bit LUTs: 24
Adam-managed parameters: 14,912,326
Q/K BitPermLUT: in_nap=5 out_nap=24 tph=1024 d_qk=24 P_qk=276
V BitPermLUT:   in_nap=5 out_nap=16 tph=512 d_v=16 P_v=120
Out BitPermLUT: in_nap=8 out_nap=32 tph=[4096, 4096, 2048, 2048, 2048, 2048]
Tokens/micro-batch: 4,096 | grad_accum: 1 | effective batch: 4,096 tokens
step      1 | loss=10.5651 | lr=3.75e-07
step    100 | loss=9.9163 | lr=3.75e-05
step    200 | loss=8.9622 | lr=7.50e-05
[VAL] step 200: bpb=2.4438
step    300 | loss=8.1515 | lr=1.12e-04
step    400 | loss=7.7679 | lr=1.50e-04
[VAL] step 400: bpb=2.3048
step    500 | loss=7.5379 | lr=1.87e-04
step    600 | loss=7.4100 | lr=2.25e-04
[VAL] step 600: bpb=2.2325
step    700 | loss=7.3017 | lr=2.62e-04
step    800 | loss=7.1946 | lr=3.00e-04
[VAL] step 800: bpb=2.1776
step    900 | loss=7.0999 | lr=3.00e-04
step   1000 | loss=7.0220 | lr=2.99e-04
[VAL] step 1000: bpb=2.1249
step   1100 | loss=6.9567 | lr=2.99e-04
step   1200 | loss=6.8948 | lr=2.98e-04
[VAL] step 1200: bpb=2.0867
step   1300 | loss=6.8270 | lr=2.97e-04
step   1400 | loss=6.7928 | lr=2.95e-04
[VAL] step 1400: bpb=2.0628
step   1500 | loss=6.7540 | lr=2.94e-04
step   1600 | loss=6.6901 | lr=2.92e-04
[VAL] step 1600: bpb=2.0385
step   1700 | loss=6.6626 | lr=2.90e-04
step   1800 | loss=6.6351 | lr=2.87e-04
[VAL] step 1800: bpb=2.0219
step   1900 | loss=6.6150 | lr=2.85e-04
step   2000 | loss=6.5838 | lr=2.82e-04
[VAL] step 2000: bpb=2.0073
step   2100 | loss=6.5469 | lr=2.79e-04
step   2200 | loss=6.5207 | lr=2.76e-04
[VAL] step 2200: bpb=1.9918
step   2300 | loss=6.4913 | lr=2.72e-04
step   2400 | loss=6.4836 | lr=2.68e-04
[VAL] step 2400: bpb=1.9791
step   2500 | loss=6.4609 | lr=2.65e-04
step   2600 | loss=6.4467 | lr=2.60e-04
[VAL] step 2600: bpb=1.9642
step   2700 | loss=6.4100 | lr=2.56e-04
step   2800 | loss=6.3988 | lr=2.52e-04
[VAL] step 2800: bpb=1.9523
step   2900 | loss=6.3717 | lr=2.47e-04
step   3000 | loss=6.3612 | lr=2.42e-04
[VAL] step 3000: bpb=1.9429
step   3100 | loss=6.3479 | lr=2.38e-04
step   3200 | loss=6.3370 | lr=2.32e-04
[VAL] step 3200: bpb=1.9327
step   3300 | loss=6.3266 | lr=2.27e-04
step   3400 | loss=6.2909 | lr=2.22e-04
[VAL] step 3400: bpb=1.9280
step   3500 | loss=6.2851 | lr=2.17e-04
step   3600 | loss=6.2901 | lr=2.11e-04
[VAL] step 3600: bpb=1.9235
step   3700 | loss=6.2731 | lr=2.06e-04
step   3800 | loss=6.2635 | lr=2.00e-04
[VAL] step 3800: bpb=1.9152
step   3900 | loss=6.2414 | lr=1.94e-04
step   4000 | loss=6.2311 | lr=1.88e-04
[VAL] step 4000: bpb=1.9091
step   4100 | loss=6.2567 | lr=1.83e-04
step   4200 | loss=6.2264 | lr=1.77e-04
[VAL] step 4200: bpb=1.9037
step   4300 | loss=6.2285 | lr=1.71e-04
step   4400 | loss=6.2164 | lr=1.65e-04
[VAL] step 4400: bpb=1.8986
step   4500 | loss=6.2091 | lr=1.59e-04
step   4600 | loss=6.1972 | lr=1.53e-04
[VAL] step 4600: bpb=1.8953
step   4700 | loss=6.2029 | lr=1.47e-04
step   4800 | loss=6.1991 | lr=1.42e-04
[VAL] step 4800: bpb=1.8922
step   4900 | loss=6.1767 | lr=1.36e-04
step   5000 | loss=6.1747 | lr=1.30e-04
[VAL] step 5000: bpb=1.8848
step   5100 | loss=6.1595 | lr=1.24e-04
step   5200 | loss=6.1425 | lr=1.19e-04
[VAL] step 5200: bpb=1.8816
step   5300 | loss=6.1358 | lr=1.13e-04
step   5400 | loss=6.1242 | lr=1.08e-04
[VAL] step 5400: bpb=1.8779
step   5500 | loss=6.1213 | lr=1.03e-04
step   5600 | loss=6.1380 | lr=9.75e-05
[VAL] step 5600: bpb=1.8747
step   5700 | loss=6.1228 | lr=9.25e-05
step   5800 | loss=6.1186 | lr=8.76e-05
[VAL] step 5800: bpb=1.8730
step   5900 | loss=6.1265 | lr=8.28e-05
step   6000 | loss=6.1113 | lr=7.82e-05
[VAL] step 6000: bpb=1.8686
step   6100 | loss=6.1020 | lr=7.38e-05
step   6200 | loss=6.0975 | lr=6.95e-05
[VAL] step 6200: bpb=1.8662
step   6300 | loss=6.1033 | lr=6.55e-05
step   6400 | loss=6.0886 | lr=6.16e-05
[VAL] step 6400: bpb=1.8640
step   6500 | loss=6.0840 | lr=5.79e-05
step   6600 | loss=6.0940 | lr=5.44e-05
[VAL] step 6600: bpb=1.8604
step   6700 | loss=6.0894 | lr=5.11e-05
step   6800 | loss=6.0827 | lr=4.81e-05
[VAL] step 6800: bpb=1.8605
step   6900 | loss=6.0819 | lr=4.53e-05
step   7000 | loss=6.0796 | lr=4.26e-05
[VAL] step 7000: bpb=1.8589
step   7100 | loss=6.0749 | lr=4.03e-05
step   7200 | loss=6.0769 | lr=3.81e-05
[VAL] step 7200: bpb=1.8578
step   7300 | loss=6.0677 | lr=3.62e-05
step   7400 | loss=6.0781 | lr=3.46e-05
[VAL] step 7400: bpb=1.8563
step   7500 | loss=6.0685 | lr=3.32e-05
step   7600 | loss=6.0600 | lr=3.21e-05
[VAL] step 7600: bpb=1.8554
step   7700 | loss=6.0504 | lr=3.12e-05
step   7800 | loss=6.0628 | lr=3.05e-05
[VAL] step 7800: bpb=1.8558
step   7900 | loss=6.0607 | lr=3.01e-05
step   8000 | loss=6.0546 | lr=3.00e-05
[VAL] step 8000: bpb=1.8542

=== DONE ===
{
  "exp_name": "exp006_lut_qktph1024",
  "best_val_bpb": 1.8542128947497103,
  "final_val_bpb": 1.8542128947497103,
  "adam_params": 14912326,
  "n_bit_luts": 24,
  "training_time_hours": 1.105
}
