Loading tokenizer from /home/starost/.cache/nanochat/tokenizer
Vocab size: 32768, BOS id: 32759
Building model:
Total params (all fp32): 108,173,318
Q/K Joint SparseLut: in_nap=8 tph=384 n_sparse=8 -> 2*d_qk=64 (per head, H=6)
V SparseLut:         in_nap=8 tph=384 n_sparse=8 -> d_v=64 (per head, H=6)
out_proj SparseLut:  in_nap=8 tph=2048 n_sparse=8 -> E=384
Residual:        classic skip connection (out_real + x), no residual_lut
Unembedder:      LN(384) -> Linear(384,VOCAB)
Tokens/micro-batch: 4,096 | grad_accum: 1 | effective batch: 4,096 tokens
step      1 | loss=10.5764 | lr=3.75e-07
step    100 | loss=10.2158 | lr=3.75e-05
step    200 | loss=9.1060 | lr=7.50e-05
[VAL] step 200: bpb=2.4401
step    300 | loss=8.1742 | lr=1.12e-04
step    400 | loss=7.7041 | lr=1.50e-04
[VAL] step 400: bpb=2.2574
step    500 | loss=7.3506 | lr=1.87e-04
step    600 | loss=7.1173 | lr=2.25e-04
[VAL] step 600: bpb=2.1120
step    700 | loss=6.9524 | lr=2.62e-04
step    800 | loss=6.8219 | lr=3.00e-04
[VAL] step 800: bpb=2.0536
step    900 | loss=6.7274 | lr=3.00e-04
step   1000 | loss=6.6577 | lr=2.99e-04
[VAL] step 1000: bpb=2.0165
step   1100 | loss=6.5996 | lr=2.99e-04
step   1200 | loss=6.5510 | lr=2.98e-04
[VAL] step 1200: bpb=1.9859
step   1300 | loss=6.4937 | lr=2.97e-04
step   1400 | loss=6.4703 | lr=2.95e-04
[VAL] step 1400: bpb=1.9690
step   1500 | loss=6.4418 | lr=2.94e-04
step   1600 | loss=6.3835 | lr=2.92e-04
[VAL] step 1600: bpb=1.9480
step   1700 | loss=6.3620 | lr=2.90e-04
step   1800 | loss=6.3387 | lr=2.87e-04
[VAL] step 1800: bpb=1.9348
step   1900 | loss=6.3201 | lr=2.85e-04
step   2000 | loss=6.2923 | lr=2.82e-04
[VAL] step 2000: bpb=1.9206
step   2100 | loss=6.2581 | lr=2.79e-04
step   2200 | loss=6.2439 | lr=2.76e-04
[VAL] step 2200: bpb=1.9116
step   2300 | loss=6.2291 | lr=2.72e-04
step   2400 | loss=6.2214 | lr=2.68e-04
[VAL] step 2400: bpb=1.9011
step   2500 | loss=6.1990 | lr=2.65e-04
step   2600 | loss=6.1883 | lr=2.60e-04
[VAL] step 2600: bpb=1.8912
step   2700 | loss=6.1544 | lr=2.56e-04
step   2800 | loss=6.1413 | lr=2.52e-04
[VAL] step 2800: bpb=1.8808
step   2900 | loss=6.1180 | lr=2.47e-04
step   3000 | loss=6.1063 | lr=2.42e-04
[VAL] step 3000: bpb=1.8676
step   3100 | loss=6.0937 | lr=2.38e-04
step   3200 | loss=6.0816 | lr=2.32e-04
[VAL] step 3200: bpb=1.8590
step   3300 | loss=6.0718 | lr=2.27e-04
step   3400 | loss=6.0408 | lr=2.22e-04
[VAL] step 3400: bpb=1.8528
step   3500 | loss=6.0307 | lr=2.17e-04
step   3600 | loss=6.0374 | lr=2.11e-04
[VAL] step 3600: bpb=1.8485
step   3700 | loss=6.0154 | lr=2.06e-04
step   3800 | loss=6.0060 | lr=2.00e-04
[VAL] step 3800: bpb=1.8425
step   3900 | loss=5.9840 | lr=1.94e-04
step   4000 | loss=5.9736 | lr=1.88e-04
[VAL] step 4000: bpb=1.8365
step   4100 | loss=5.9993 | lr=1.83e-04
step   4200 | loss=5.9736 | lr=1.77e-04
[VAL] step 4200: bpb=1.8314
step   4300 | loss=5.9745 | lr=1.71e-04
step   4400 | loss=5.9619 | lr=1.65e-04
[VAL] step 4400: bpb=1.8269
step   4500 | loss=5.9497 | lr=1.59e-04
step   4600 | loss=5.9396 | lr=1.53e-04
[VAL] step 4600: bpb=1.8213
step   4700 | loss=5.9413 | lr=1.47e-04
step   4800 | loss=5.9397 | lr=1.42e-04
[VAL] step 4800: bpb=1.8178
step   4900 | loss=5.9155 | lr=1.36e-04
step   5000 | loss=5.9106 | lr=1.30e-04
[VAL] step 5000: bpb=1.8111
step   5100 | loss=5.8993 | lr=1.24e-04
step   5200 | loss=5.8880 | lr=1.19e-04
[VAL] step 5200: bpb=1.8071
step   5300 | loss=5.8738 | lr=1.13e-04
step   5400 | loss=5.8594 | lr=1.08e-04
[VAL] step 5400: bpb=1.8040
step   5500 | loss=5.8638 | lr=1.03e-04
step   5600 | loss=5.8784 | lr=9.75e-05
[VAL] step 5600: bpb=1.8007
step   5700 | loss=5.8648 | lr=9.25e-05
step   5800 | loss=5.8581 | lr=8.76e-05
[VAL] step 5800: bpb=1.7998
step   5900 | loss=5.8618 | lr=8.28e-05
step   6000 | loss=5.8464 | lr=7.82e-05
[VAL] step 6000: bpb=1.7957
step   6100 | loss=5.8390 | lr=7.38e-05
step   6200 | loss=5.8352 | lr=6.95e-05
[VAL] step 6200: bpb=1.7932
step   6300 | loss=5.8392 | lr=6.55e-05
step   6400 | loss=5.8250 | lr=6.16e-05
[VAL] step 6400: bpb=1.7907
step   6500 | loss=5.8169 | lr=5.79e-05
step   6600 | loss=5.8220 | lr=5.44e-05
[VAL] step 6600: bpb=1.7873
step   6700 | loss=5.8183 | lr=5.11e-05
step   6800 | loss=5.8094 | lr=4.81e-05
[VAL] step 6800: bpb=1.7852
step   6900 | loss=5.8110 | lr=4.53e-05
step   7000 | loss=5.8098 | lr=4.26e-05
[VAL] step 7000: bpb=1.7838
step   7100 | loss=5.8033 | lr=4.03e-05
step   7200 | loss=5.8088 | lr=3.81e-05
[VAL] step 7200: bpb=1.7831
step   7300 | loss=5.7965 | lr=3.62e-05
step   7400 | loss=5.8045 | lr=3.46e-05
[VAL] step 7400: bpb=1.7824
step   7500 | loss=5.7953 | lr=3.32e-05
step   7600 | loss=5.7876 | lr=3.21e-05
[VAL] step 7600: bpb=1.7797
step   7700 | loss=5.7793 | lr=3.12e-05
step   7800 | loss=5.7913 | lr=3.05e-05
[VAL] step 7800: bpb=1.7796
step   7900 | loss=5.7882 | lr=3.01e-05
step   8000 | loss=5.7824 | lr=3.00e-05
[VAL] step 8000: bpb=1.7788

=== DONE ===
{
  "exp_name": "exp120_local_K64",
  "best_val_bpb": 1.7787586560509892,
  "final_val_bpb": 1.7787586560509892,
  "n_params": 108173318,
  "training_time_hours": 0.669
}
