Loading tokenizer from /home/starost/.cache/nanochat/tokenizer
Vocab size: 32768, BOS id: 32759
Total params (all fp32): 354,847,750
Q/K Joint MHLut: in_nap=8 tph=256 d_qk=32 (n_outputs=2*d_qk=64)
V MHLut:         in_nap=8 tph=256 d_v=32 (n_outputs=d_v)
out_proj MHLut:  in_nap=6 tph=3056 (n_outputs=E=64) + LayerNorm
Tokens/micro-batch: 4,096 | grad_accum: 1 | effective batch: 4,096 tokens
step      1 | loss=10.4413 | lr=3.75e-07
step    100 | loss=9.8695 | lr=3.75e-05
step    200 | loss=8.5075 | lr=7.50e-05
[VAL] step 200: bpb=2.3431
step    300 | loss=7.8634 | lr=1.12e-04
step    400 | loss=7.4120 | lr=1.50e-04
[VAL] step 400: bpb=2.1456
step    500 | loss=7.0549 | lr=1.87e-04
step    600 | loss=6.8627 | lr=2.25e-04
[VAL] step 600: bpb=2.0446
step    700 | loss=6.7293 | lr=2.62e-04
step    800 | loss=6.6261 | lr=3.00e-04
[VAL] step 800: bpb=2.0016
step    900 | loss=6.5504 | lr=3.00e-04
step   1000 | loss=6.4945 | lr=2.99e-04
[VAL] step 1000: bpb=1.9666
step   1100 | loss=6.4443 | lr=2.99e-04
step   1200 | loss=6.4012 | lr=2.98e-04
[VAL] step 1200: bpb=1.9414
step   1300 | loss=6.3443 | lr=2.97e-04
step   1400 | loss=6.3192 | lr=2.95e-04
[VAL] step 1400: bpb=1.9189
step   1500 | loss=6.2796 | lr=2.94e-04
step   1600 | loss=6.2124 | lr=2.92e-04
[VAL] step 1600: bpb=1.8923
step   1700 | loss=6.1836 | lr=2.90e-04
step   1800 | loss=6.1556 | lr=2.87e-04
[VAL] step 1800: bpb=1.8752
step   1900 | loss=6.1294 | lr=2.85e-04
step   2000 | loss=6.1002 | lr=2.82e-04
[VAL] step 2000: bpb=1.8610
step   2100 | loss=6.0651 | lr=2.79e-04
step   2200 | loss=6.0447 | lr=2.76e-04
[VAL] step 2200: bpb=1.8502
step   2300 | loss=6.0248 | lr=2.72e-04
step   2400 | loss=6.0169 | lr=2.68e-04
[VAL] step 2400: bpb=1.8360
step   2500 | loss=6.0024 | lr=2.65e-04
step   2600 | loss=5.9942 | lr=2.60e-04
[VAL] step 2600: bpb=1.8293
step   2700 | loss=5.9648 | lr=2.56e-04
step   2800 | loss=5.9551 | lr=2.52e-04
[VAL] step 2800: bpb=1.8210
step   2900 | loss=5.9317 | lr=2.47e-04
step   3000 | loss=5.9251 | lr=2.42e-04
[VAL] step 3000: bpb=1.8111
step   3100 | loss=5.9120 | lr=2.38e-04
step   3200 | loss=5.9042 | lr=2.32e-04
[VAL] step 3200: bpb=1.8016
step   3300 | loss=5.8958 | lr=2.27e-04
step   3400 | loss=5.8634 | lr=2.22e-04
[VAL] step 3400: bpb=1.7978
step   3500 | loss=5.8571 | lr=2.17e-04
step   3600 | loss=5.8661 | lr=2.11e-04
[VAL] step 3600: bpb=1.7928
step   3700 | loss=5.8489 | lr=2.06e-04
step   3800 | loss=5.8388 | lr=2.00e-04
[VAL] step 3800: bpb=1.7853
step   3900 | loss=5.8174 | lr=1.94e-04
step   4000 | loss=5.8046 | lr=1.88e-04
[VAL] step 4000: bpb=1.7801
step   4100 | loss=5.8331 | lr=1.83e-04
step   4200 | loss=5.8068 | lr=1.77e-04
[VAL] step 4200: bpb=1.7759
step   4300 | loss=5.8117 | lr=1.71e-04
step   4400 | loss=5.8011 | lr=1.65e-04
[VAL] step 4400: bpb=1.7700
step   4500 | loss=5.7904 | lr=1.59e-04
step   4600 | loss=5.7813 | lr=1.53e-04
[VAL] step 4600: bpb=1.7665
step   4700 | loss=5.7857 | lr=1.47e-04
step   4800 | loss=5.7840 | lr=1.42e-04
[VAL] step 4800: bpb=1.7618
step   4900 | loss=5.7603 | lr=1.36e-04
step   5000 | loss=5.7581 | lr=1.30e-04
[VAL] step 5000: bpb=1.7573
step   5100 | loss=5.7466 | lr=1.24e-04
step   5200 | loss=5.7315 | lr=1.19e-04
[VAL] step 5200: bpb=1.7550
step   5300 | loss=5.7237 | lr=1.13e-04
step   5400 | loss=5.7126 | lr=1.08e-04
[VAL] step 5400: bpb=1.7508
step   5500 | loss=5.7136 | lr=1.03e-04
step   5600 | loss=5.7272 | lr=9.75e-05
[VAL] step 5600: bpb=1.7479
step   5700 | loss=5.7149 | lr=9.25e-05
step   5800 | loss=5.7076 | lr=8.76e-05
[VAL] step 5800: bpb=1.7452
step   5900 | loss=5.7106 | lr=8.28e-05
step   6000 | loss=5.6994 | lr=7.82e-05
[VAL] step 6000: bpb=1.7426
step   6100 | loss=5.6896 | lr=7.38e-05
step   6200 | loss=5.6864 | lr=6.95e-05
[VAL] step 6200: bpb=1.7411
step   6300 | loss=5.6910 | lr=6.55e-05
step   6400 | loss=5.6761 | lr=6.16e-05
[VAL] step 6400: bpb=1.7384
step   6500 | loss=5.6709 | lr=5.79e-05
step   6600 | loss=5.6776 | lr=5.44e-05
[VAL] step 6600: bpb=1.7361
step   6700 | loss=5.6729 | lr=5.11e-05
step   6800 | loss=5.6650 | lr=4.81e-05
[VAL] step 6800: bpb=1.7341
step   6900 | loss=5.6670 | lr=4.53e-05
step   7000 | loss=5.6678 | lr=4.26e-05
[VAL] step 7000: bpb=1.7320
step   7100 | loss=5.6592 | lr=4.03e-05
step   7200 | loss=5.6613 | lr=3.81e-05
[VAL] step 7200: bpb=1.7314
step   7300 | loss=5.6503 | lr=3.62e-05
step   7400 | loss=5.6641 | lr=3.46e-05
[VAL] step 7400: bpb=1.7303
step   7500 | loss=5.6521 | lr=3.32e-05
step   7600 | loss=5.6462 | lr=3.21e-05
[VAL] step 7600: bpb=1.7288
step   7700 | loss=5.6373 | lr=3.12e-05
step   7800 | loss=5.6477 | lr=3.05e-05
[VAL] step 7800: bpb=1.7280
step   7900 | loss=5.6481 | lr=3.01e-05
step   8000 | loss=5.6400 | lr=3.00e-05
[VAL] step 8000: bpb=1.7278

=== DONE ===
{
  "exp_name": "exp142_mlp_unembedder",
  "best_val_bpb": 1.727804971221943,
  "final_val_bpb": 1.727804971221943,
  "n_params": 354847750,
  "training_time_hours": 0.636
}
