RANDOM init: 512 independent genomes, 8 exc + 0 inh active (E-frac 1.000), ~104 synapses each
r   0  fit  23.361  mse  23.361  neurons  8.00 (min 8 max 8)  syn  104.3  held-out best  20.749  [   1.9s]
r  25  fit  18.326  mse  18.326  neurons  8.00 (min 8 max 8)  syn  102.6  held-out best  22.813  [  22.0s]
r  50  fit  18.255  mse  18.255  neurons  8.00 (min 8 max 8)  syn  102.4  held-out best  22.981  [  41.3s]
r  75  fit  15.789  mse  15.789  neurons  8.00 (min 8 max 8)  syn  102.7  held-out best  12.723  [  60.8s]
r 100  fit  15.325  mse  15.325  neurons  8.00 (min 8 max 8)  syn  102.4  held-out best  12.723  [  79.8s]
r 125  fit  13.525  mse  13.525  neurons  8.00 (min 8 max 8)  syn  101.9  held-out best  12.720  [  96.4s]
r 150  fit  12.701  mse  12.701  neurons  8.00 (min 8 max 8)  syn  101.3  held-out best  16.117  [ 112.9s]
r 175  fit  13.042  mse  13.042  neurons  8.00 (min 8 max 8)  syn  102.5  held-out best  16.983  [ 129.5s]
r 200  fit  12.593  mse  12.593  neurons  8.00 (min 8 max 8)  syn  101.7  held-out best  16.761  [ 146.1s]
r 225  fit   9.993  mse   9.993  neurons  8.00 (min 8 max 8)  syn  102.0  held-out best  13.177  [ 162.9s]
r 250  fit  10.216  mse  10.216  neurons  8.00 (min 8 max 8)  syn  101.0  held-out best  13.101  [ 177.9s]
r 275  fit  10.957  mse  10.957  neurons  8.00 (min 8 max 8)  syn  101.5  held-out best  13.101  [ 192.7s]
r 300  fit  10.541  mse  10.541  neurons  8.00 (min 8 max 8)  syn  101.6  held-out best  13.752  [ 208.0s]
r 325  fit  10.061  mse  10.061  neurons  8.00 (min 8 max 8)  syn  100.0  held-out best  13.916  [ 222.9s]
r 350  fit  11.139  mse  11.139  neurons  8.00 (min 8 max 8)  syn  100.3  held-out best  13.319  [ 239.7s]
r 375  fit   9.973  mse   9.973  neurons  8.00 (min 8 max 8)  syn  100.9  held-out best  13.319  [ 259.2s]
r 400  fit   9.573  mse   9.573  neurons  8.00 (min 8 max 8)  syn  101.2  held-out best  12.688  [ 279.1s]
r 425  fit   8.577  mse   8.577  neurons  8.00 (min 8 max 8)  syn  100.4  held-out best   9.063  [ 298.8s]
r 450  fit   8.601  mse   8.601  neurons  8.00 (min 8 max 8)  syn  101.5  held-out best   9.795  [ 318.5s]
r 475  fit   8.625  mse   8.625  neurons  8.00 (min 8 max 8)  syn  100.7  held-out best   8.969  [ 336.2s]
r 500  fit   7.744  mse   7.744  neurons  8.00 (min 8 max 8)  syn   99.9  held-out best   8.634  [ 352.7s]
r 525  fit   8.152  mse   8.152  neurons  8.00 (min 8 max 8)  syn   99.9  held-out best   8.909  [ 367.2s]
r 550  fit   7.569  mse   7.569  neurons  8.00 (min 8 max 8)  syn   98.5  held-out best   8.909  [ 382.4s]
r 575  fit   7.939  mse   7.939  neurons  8.00 (min 8 max 8)  syn   99.1  held-out best   8.909  [ 397.2s]
r 600  fit   8.165  mse   8.165  neurons  8.00 (min 8 max 8)  syn   99.1  held-out best   8.791  [ 412.3s]
r 625  fit   8.746  mse   8.746  neurons  8.00 (min 8 max 8)  syn   98.9  held-out best   8.791  [ 429.5s]
r 650  fit   7.946  mse   7.946  neurons  8.00 (min 8 max 8)  syn   98.6  held-out best   8.791  [ 448.8s]
r 675  fit   8.288  mse   8.288  neurons  8.00 (min 8 max 8)  syn   98.4  held-out best   8.791  [ 467.9s]
r 700  fit   7.743  mse   7.743  neurons  8.00 (min 8 max 8)  syn   97.9  held-out best   8.791  [ 487.4s]
r 725  fit   7.567  mse   7.567  neurons  8.00 (min 8 max 8)  syn   98.9  held-out best   8.791  [ 506.4s]
r 750  fit   7.520  mse   7.520  neurons  8.00 (min 8 max 8)  syn   99.4  held-out best   8.791  [ 524.3s]
r 775  fit   7.497  mse   7.497  neurons  8.00 (min 8 max 8)  syn   98.7  held-out best   8.791  [ 540.7s]
r 800  fit   7.379  mse   7.379  neurons  8.00 (min 8 max 8)  syn   98.6  held-out best   8.791  [ 557.1s]
r 825  fit   7.646  mse   7.646  neurons  8.00 (min 8 max 8)  syn   98.6  held-out best   8.791  [ 573.7s]
r 850  fit   8.122  mse   8.122  neurons  8.00 (min 8 max 8)  syn   98.4  held-out best   9.054  [ 590.6s]
r 875  fit   7.973  mse   7.973  neurons  8.00 (min 8 max 8)  syn   98.4  held-out best   9.054  [ 607.1s]
r 900  fit   8.129  mse   8.129  neurons  8.00 (min 8 max 8)  syn   98.4  held-out best   9.054  [ 623.5s]
r 925  fit   7.162  mse   7.162  neurons  8.00 (min 8 max 8)  syn   98.5  held-out best   9.054  [ 639.9s]
r 950  fit   7.457  mse   7.457  neurons  8.00 (min 8 max 8)  syn   98.0  held-out best   9.054  [ 656.5s]
r 975  fit   8.112  mse   8.112  neurons  8.00 (min 8 max 8)  syn   98.8  held-out best   9.054  [ 672.5s]
r1000  fit   7.408  mse   7.408  neurons  8.00 (min 8 max 8)  syn   98.3  held-out best   9.054  [ 688.6s]
r1025  fit   8.390  mse   8.390  neurons  8.00 (min 8 max 8)  syn   98.1  held-out best   9.054  [ 704.6s]
r1050  fit   7.559  mse   7.559  neurons  8.00 (min 8 max 8)  syn   97.4  held-out best   9.054  [ 720.8s]
r1075  fit   7.565  mse   7.565  neurons  8.00 (min 8 max 8)  syn   97.6  held-out best   9.054  [ 736.8s]
r1100  fit   8.465  mse   8.465  neurons  8.00 (min 8 max 8)  syn   97.3  held-out best   9.054  [ 753.0s]
r1125  fit   7.296  mse   7.296  neurons  8.00 (min 8 max 8)  syn   97.2  held-out best   9.054  [ 768.9s]
r1150  fit   7.739  mse   7.739  neurons  8.00 (min 8 max 8)  syn   97.2  held-out best   9.054  [ 785.0s]
r1175  fit   7.769  mse   7.769  neurons  8.00 (min 8 max 8)  syn   96.7  held-out best   9.054  [ 800.7s]
r1200  fit   7.694  mse   7.694  neurons  8.00 (min 8 max 8)  syn   97.5  held-out best   9.054  [ 816.7s]
r1225  fit   7.287  mse   7.287  neurons  8.00 (min 8 max 8)  syn   97.5  held-out best   9.054  [ 832.6s]
r1250  fit   7.871  mse   7.871  neurons  8.00 (min 8 max 8)  syn   97.1  held-out best   9.054  [ 848.8s]
r1275  fit   8.123  mse   8.123  neurons  8.00 (min 8 max 8)  syn   97.3  held-out best   9.054  [ 865.0s]
r1300  fit   7.974  mse   7.974  neurons  8.00 (min 8 max 8)  syn   97.2  held-out best   9.054  [ 881.1s]
r1325  fit   7.329  mse   7.329  neurons  8.00 (min 8 max 8)  syn   97.3  held-out best   9.054  [ 897.3s]
r1350  fit   7.720  mse   7.720  neurons  8.00 (min 8 max 8)  syn   97.6  held-out best   9.054  [ 913.8s]
r1375  fit   7.397  mse   7.397  neurons  8.00 (min 8 max 8)  syn   97.7  held-out best   9.054  [ 929.7s]
r1400  fit   7.300  mse   7.300  neurons  8.00 (min 8 max 8)  syn   97.4  held-out best   9.054  [ 946.3s]
r1425  fit   8.437  mse   8.437  neurons  8.00 (min 8 max 8)  syn   98.2  held-out best   9.054  [ 962.2s]
r1450  fit   7.618  mse   7.618  neurons  8.00 (min 8 max 8)  syn   97.9  held-out best   9.054  [ 978.5s]
r1475  fit   7.591  mse   7.591  neurons  8.00 (min 8 max 8)  syn   97.4  held-out best   9.054  [ 994.8s]
r1500  fit   7.229  mse   7.229  neurons  8.00 (min 8 max 8)  syn   97.5  held-out best   9.054  [1011.1s]
r1525  fit   8.165  mse   8.165  neurons  8.00 (min 8 max 8)  syn   97.1  held-out best   9.054  [1027.6s]
r1550  fit   7.472  mse   7.472  neurons  8.00 (min 8 max 8)  syn   97.4  held-out best   9.054  [1044.3s]
r1575  fit   8.225  mse   8.225  neurons  8.00 (min 8 max 8)  syn   97.3  held-out best   9.054  [1060.4s]
r1600  fit   7.519  mse   7.519  neurons  8.00 (min 8 max 8)  syn   97.1  held-out best   9.054  [1076.4s]
r1625  fit   8.088  mse   8.088  neurons  8.00 (min 8 max 8)  syn   97.9  held-out best   9.054  [1092.4s]
r1650  fit   8.054  mse   8.054  neurons  8.00 (min 8 max 8)  syn   97.2  held-out best   9.054  [1108.5s]
r1675  fit   7.383  mse   7.383  neurons  8.00 (min 8 max 8)  syn   96.8  held-out best   9.054  [1124.6s]
r1699  fit   8.270  mse   8.270  neurons  8.00 (min 8 max 8)  syn   96.9  held-out best   9.054  [1140.0s]
DONE: held-out MSE 9.054 vs constant 47.412 (19.0 min)
