Loading tokenizer from /home/starost/.cache/nanochat/tokenizer
Vocab size: 32768, BOS id: 32759
P_STREAM = 4560 (E=96)
MultiBit LUTs: 12 (V+out_proj × 6 layers)
Adam-managed parameters: 53,843,660
Q/K joint MHLut:   in_nap=6 tph=256 d_qk=32 P_qk=496
V MultiBitPermLUT (K=4): in_nap=6 out_nap=16 tph=160 P_v=120
out_proj MultiBitPermLUT (K=4): in_nap=8 out_nap=96 tph=[1024, 1024, 1024, 1024, 1024, 1024] P_E=4560
Tokens/micro-batch: 4,096 | grad_accum: 1 | effective batch: 4,096 tokens
step      1 | loss=10.4216 | lr=3.75e-07
step    100 | loss=10.3234 | lr=3.75e-05
step    200 | loss=9.7171 | lr=7.50e-05
[VAL] step 200: bpb=2.6280
step    300 | loss=8.5010 | lr=1.12e-04
step    400 | loss=7.8746 | lr=1.50e-04
[VAL] step 400: bpb=2.2814
step    500 | loss=7.4821 | lr=1.87e-04
step    600 | loss=7.2244 | lr=2.25e-04
[VAL] step 600: bpb=2.1379
step    700 | loss=7.0283 | lr=2.62e-04
step    800 | loss=6.8769 | lr=3.00e-04
[VAL] step 800: bpb=2.0695
step    900 | loss=6.7743 | lr=3.00e-04
step   1000 | loss=6.7019 | lr=2.99e-04
[VAL] step 1000: bpb=2.0288
step   1100 | loss=6.6468 | lr=2.99e-04
step   1200 | loss=6.6031 | lr=2.98e-04
[VAL] step 1200: bpb=2.0038
step   1300 | loss=6.5508 | lr=2.97e-04
step   1400 | loss=6.5330 | lr=2.95e-04
[VAL] step 1400: bpb=1.9894
step   1500 | loss=6.5094 | lr=2.94e-04
step   1600 | loss=6.4625 | lr=2.92e-04
[VAL] step 1600: bpb=1.9727
step   1700 | loss=6.4481 | lr=2.90e-04
step   1800 | loss=6.4363 | lr=2.87e-04
[VAL] step 1800: bpb=1.9625
step   1900 | loss=6.4223 | lr=2.85e-04
step   2000 | loss=6.4046 | lr=2.82e-04
[VAL] step 2000: bpb=1.9555
step   2100 | loss=6.3824 | lr=2.79e-04
step   2200 | loss=6.3714 | lr=2.76e-04
[VAL] step 2200: bpb=1.9500
step   2300 | loss=6.3556 | lr=2.72e-04
step   2400 | loss=6.3532 | lr=2.68e-04
[VAL] step 2400: bpb=1.9434
step   2500 | loss=6.3446 | lr=2.65e-04
step   2600 | loss=6.3413 | lr=2.60e-04
[VAL] step 2600: bpb=1.9344
step   2700 | loss=6.3134 | lr=2.56e-04
step   2800 | loss=6.3126 | lr=2.52e-04
[VAL] step 2800: bpb=1.9286
step   2900 | loss=6.2961 | lr=2.47e-04
step   3000 | loss=6.2951 | lr=2.42e-04
[VAL] step 3000: bpb=1.9244
step   3100 | loss=6.2840 | lr=2.38e-04
step   3200 | loss=6.2812 | lr=2.32e-04
[VAL] step 3200: bpb=1.9187
step   3300 | loss=6.2743 | lr=2.27e-04
step   3400 | loss=6.2495 | lr=2.22e-04
[VAL] step 3400: bpb=1.9163
step   3500 | loss=6.2465 | lr=2.17e-04
step   3600 | loss=6.2562 | lr=2.11e-04
[VAL] step 3600: bpb=1.9117
step   3700 | loss=6.2440 | lr=2.06e-04
step   3800 | loss=6.2388 | lr=2.00e-04
[VAL] step 3800: bpb=1.9088
step   3900 | loss=6.2202 | lr=1.94e-04
step   4000 | loss=6.2173 | lr=1.88e-04
[VAL] step 4000: bpb=1.9048
step   4100 | loss=6.2434 | lr=1.83e-04
step   4200 | loss=6.2223 | lr=1.77e-04
[VAL] step 4200: bpb=1.9013
step   4300 | loss=6.2269 | lr=1.71e-04
step   4400 | loss=6.2157 | lr=1.65e-04
[VAL] step 4400: bpb=1.8986
step   4500 | loss=6.2143 | lr=1.59e-04
step   4600 | loss=6.2046 | lr=1.53e-04
[VAL] step 4600: bpb=1.8969
step   4700 | loss=6.2128 | lr=1.47e-04
step   4800 | loss=6.2142 | lr=1.42e-04
[VAL] step 4800: bpb=1.8944
step   4900 | loss=6.1937 | lr=1.36e-04
step   5000 | loss=6.1951 | lr=1.30e-04
[VAL] step 5000: bpb=1.8915
step   5100 | loss=6.1824 | lr=1.24e-04
step   5200 | loss=6.1686 | lr=1.19e-04
[VAL] step 5200: bpb=1.8902
step   5300 | loss=6.1677 | lr=1.13e-04
step   5400 | loss=6.1580 | lr=1.08e-04
[VAL] step 5400: bpb=1.8878
step   5500 | loss=6.1569 | lr=1.03e-04
step   5600 | loss=6.1733 | lr=9.75e-05
[VAL] step 5600: bpb=1.8860
step   5700 | loss=6.1629 | lr=9.25e-05
step   5800 | loss=6.1586 | lr=8.76e-05
[VAL] step 5800: bpb=1.8838
step   5900 | loss=6.1681 | lr=8.28e-05
step   6000 | loss=6.1527 | lr=7.82e-05
[VAL] step 6000: bpb=1.8828
step   6100 | loss=6.1474 | lr=7.38e-05
step   6200 | loss=6.1456 | lr=6.95e-05
[VAL] step 6200: bpb=1.8817
step   6300 | loss=6.1519 | lr=6.55e-05
step   6400 | loss=6.1382 | lr=6.16e-05
[VAL] step 6400: bpb=1.8801
step   6500 | loss=6.1362 | lr=5.79e-05
step   6600 | loss=6.1455 | lr=5.44e-05
[VAL] step 6600: bpb=1.8792
step   6700 | loss=6.1445 | lr=5.11e-05
step   6800 | loss=6.1399 | lr=4.81e-05
[VAL] step 6800: bpb=1.8781
step   6900 | loss=6.1423 | lr=4.53e-05
step   7000 | loss=6.1414 | lr=4.26e-05
[VAL] step 7000: bpb=1.8778
step   7100 | loss=6.1356 | lr=4.03e-05
step   7200 | loss=6.1364 | lr=3.81e-05
[VAL] step 7200: bpb=1.8770
step   7300 | loss=6.1298 | lr=3.62e-05
step   7400 | loss=6.1393 | lr=3.46e-05
[VAL] step 7400: bpb=1.8761
step   7500 | loss=6.1330 | lr=3.32e-05
step   7600 | loss=6.1254 | lr=3.21e-05
[VAL] step 7600: bpb=1.8755
step   7700 | loss=6.1161 | lr=3.12e-05
step   7800 | loss=6.1288 | lr=3.05e-05
[VAL] step 7800: bpb=1.8749
step   7900 | loss=6.1258 | lr=3.01e-05
step   8000 | loss=6.1211 | lr=3.00e-05
[VAL] step 8000: bpb=1.8747

=== DONE ===
{
  "exp_name": "exp045_e96_full_mhlut",
  "best_val_bpb": 1.874748336090565,
  "final_val_bpb": 1.874748336090565,
  "adam_params": 53843660,
  "training_time_hours": 0.754
}
