Loading tokenizer from /home/<user>/.cache/nanochat/tokenizer
FIXED EVAL: bs48 x 100 steps, skip 12 rows (val window independent of device_batch_size=12)
MinimalGPT depth=6 dim=384 heads=6 seq=512 | ffn=compression tie=False | params=67,351,692
Tokens/micro-batch: 6,144 | grad_accum: 4 | effective batch: 24,576 tokens
wandb: [wandb.login()] Loaded credentials for http://<WANDB_HOST> from /home/<user>/.netrc.
wandb: Currently logged in as: <WANDB_ENTITY> to http://<WANDB_HOST>. Use `wandb login --relogin` to force relogin
wandb: Tracking run with wandb version 0.30.0
wandb: Run data is saved locally in /home/<user>/.cache/wandb/wandb/run-20260914_015220-exp_n_abl_02_B16k_fast_hard_topk1_nap8_tph128_seed1
wandb: Run `wandb offline` to turn off syncing.
wandb: Syncing run exp_n_abl_02_B16k_fast_hard_topk1_nap8_tph128_seed1
wandb: ⭐️ View project at http://<WANDB_HOST>/<WANDB_ENTITY>/Spiky
wandb: 🚀 View run at http://<WANDB_HOST>/<WANDB_ENTITY>/Spiky/runs/exp_n_abl_02_B16k_fast_hard_topk1_nap8_tph128_seed1
[wandb] online: run exp_n_abl_02_B16k_fast_hard_topk1_nap8_tph128_seed1 -> /home/<user>/.cache/wandb/wandb/run-20260914_015220-exp_n_abl_02_B16k_fast_hard_topk1_nap8_tph128_seed1/files
/home/<user>/projects/spiky/.venv/lib/python3.12/site-packages/torch/_inductor/compile_fx.py:321: UserWarning: TensorFloat32 tensor cores for float32 matrix multiplication available but not enabled. Consider setting `torch.set_float32_matmul_precision('high')` for better performance.
  warnings.warn(
step      1 | loss=10.4804 | lr=1.87e-07
step    100 | loss=10.1232 | lr=1.87e-05
step    200 | loss=9.3818 | lr=3.75e-05
step    300 | loss=8.4220 | lr=5.62e-05
step    400 | loss=7.6020 | lr=7.50e-05
step    500 | loss=7.0237 | lr=9.37e-05
[VAL] step 500: bpb=1.9997
step    600 | loss=6.6199 | lr=1.12e-04
step    700 | loss=6.3494 | lr=1.31e-04
step    800 | loss=6.1679 | lr=1.50e-04
step    900 | loss=6.0070 | lr=1.69e-04
step   1000 | loss=5.8805 | lr=1.87e-04
[VAL] step 1000: bpb=1.7575
step   1100 | loss=5.7618 | lr=2.06e-04
step   1200 | loss=5.6534 | lr=2.25e-04
step   1300 | loss=5.5551 | lr=2.44e-04
step   1400 | loss=5.4654 | lr=2.62e-04
step   1500 | loss=5.3821 | lr=2.81e-04
[VAL] step 1500: bpb=1.6205
step   1600 | loss=5.3180 | lr=3.00e-04
step   1700 | loss=5.2396 | lr=3.00e-04
step   1800 | loss=5.1689 | lr=3.00e-04
step   1900 | loss=5.1016 | lr=3.00e-04
step   2000 | loss=5.0487 | lr=2.99e-04
[VAL] step 2000: bpb=1.5303
step   2100 | loss=4.9956 | lr=2.99e-04
step   2200 | loss=4.9541 | lr=2.99e-04
step   2300 | loss=4.9159 | lr=2.98e-04
step   2400 | loss=4.8764 | lr=2.98e-04
step   2500 | loss=4.8346 | lr=2.97e-04
[VAL] step 2500: bpb=1.4689
step   2600 | loss=4.7928 | lr=2.97e-04
step   2700 | loss=4.7603 | lr=2.96e-04
step   2800 | loss=4.7184 | lr=2.95e-04
step   2900 | loss=4.6806 | lr=2.95e-04
step   3000 | loss=4.6532 | lr=2.94e-04
[VAL] step 3000: bpb=1.4152
step   3100 | loss=4.6341 | lr=2.93e-04
step   3200 | loss=4.6042 | lr=2.92e-04
step   3300 | loss=4.5668 | lr=2.91e-04
step   3400 | loss=4.5456 | lr=2.90e-04
step   3500 | loss=4.5162 | lr=2.89e-04
[VAL] step 3500: bpb=1.3774
step   3600 | loss=4.4946 | lr=2.87e-04
step   3700 | loss=4.4779 | lr=2.86e-04
step   3800 | loss=4.4740 | lr=2.85e-04
step   3900 | loss=4.4567 | lr=2.83e-04
step   4000 | loss=4.4375 | lr=2.82e-04
[VAL] step 4000: bpb=1.3510
step   4100 | loss=4.4160 | lr=2.80e-04
step   4200 | loss=4.3983 | lr=2.79e-04
step   4300 | loss=4.3826 | lr=2.77e-04
step   4400 | loss=4.3704 | lr=2.76e-04
step   4500 | loss=4.3618 | lr=2.74e-04
[VAL] step 4500: bpb=1.3315
step   4600 | loss=4.3563 | lr=2.72e-04
step   4700 | loss=4.3403 | lr=2.70e-04
step   4800 | loss=4.3281 | lr=2.68e-04
step   4900 | loss=4.3138 | lr=2.66e-04
step   5000 | loss=4.3150 | lr=2.65e-04
[VAL] step 5000: bpb=1.3151
step   5100 | loss=4.2995 | lr=2.63e-04
step   5200 | loss=4.3034 | lr=2.60e-04
step   5300 | loss=4.3070 | lr=2.58e-04
step   5400 | loss=4.3028 | lr=2.56e-04
step   5500 | loss=4.2787 | lr=2.54e-04
[VAL] step 5500: bpb=1.3006
step   5600 | loss=4.2590 | lr=2.52e-04
step   5700 | loss=4.2447 | lr=2.49e-04
step   5800 | loss=4.2332 | lr=2.47e-04
step   5900 | loss=4.2233 | lr=2.45e-04
step   6000 | loss=4.2207 | lr=2.42e-04
[VAL] step 6000: bpb=1.2897
step   6100 | loss=4.2128 | lr=2.40e-04
step   6200 | loss=4.2073 | lr=2.38e-04
step   6300 | loss=4.1957 | lr=2.35e-04
step   6400 | loss=4.1896 | lr=2.32e-04
step   6500 | loss=4.1900 | lr=2.30e-04
[VAL] step 6500: bpb=1.2801
step   6600 | loss=4.1768 | lr=2.27e-04
step   6700 | loss=4.1725 | lr=2.25e-04
step   6800 | loss=4.1764 | lr=2.22e-04
step   6900 | loss=4.1630 | lr=2.19e-04
step   7000 | loss=4.1477 | lr=2.17e-04
[VAL] step 7000: bpb=1.2710
step   7100 | loss=4.1309 | lr=2.14e-04
step   7200 | loss=4.1238 | lr=2.11e-04
step   7300 | loss=4.1277 | lr=2.08e-04
step   7400 | loss=4.1277 | lr=2.06e-04
step   7500 | loss=4.1213 | lr=2.03e-04
[VAL] step 7500: bpb=1.2638
step   7600 | loss=4.1112 | lr=2.00e-04
step   7700 | loss=4.0961 | lr=1.97e-04
step   7800 | loss=4.0941 | lr=1.94e-04
step   7900 | loss=4.0920 | lr=1.91e-04
step   8000 | loss=4.0863 | lr=1.88e-04
[VAL] step 8000: bpb=1.2575
step   8100 | loss=4.0802 | lr=1.86e-04
step   8200 | loss=4.0833 | lr=1.83e-04
step   8300 | loss=4.0858 | lr=1.80e-04
step   8400 | loss=4.0706 | lr=1.77e-04
step   8500 | loss=4.0587 | lr=1.74e-04
[VAL] step 8500: bpb=1.2505
step   8600 | loss=4.0568 | lr=1.71e-04
step   8700 | loss=4.0481 | lr=1.68e-04
step   8800 | loss=4.0463 | lr=1.65e-04
step   8900 | loss=4.0475 | lr=1.62e-04
step   9000 | loss=4.0533 | lr=1.59e-04
[VAL] step 9000: bpb=1.2446
step   9100 | loss=4.0380 | lr=1.56e-04
step   9200 | loss=4.0361 | lr=1.53e-04
step   9300 | loss=4.0241 | lr=1.50e-04
step   9400 | loss=4.0192 | lr=1.47e-04
step   9500 | loss=4.0135 | lr=1.44e-04
[VAL] step 9500: bpb=1.2384
step   9600 | loss=4.0157 | lr=1.42e-04
step   9700 | loss=4.0137 | lr=1.39e-04
step   9800 | loss=4.0196 | lr=1.36e-04
step   9900 | loss=4.0058 | lr=1.33e-04
step  10000 | loss=3.9997 | lr=1.30e-04
[VAL] step 10000: bpb=1.2334
step  10100 | loss=3.9972 | lr=1.27e-04
step  10200 | loss=3.9950 | lr=1.24e-04
step  10300 | loss=3.9869 | lr=1.22e-04
step  10400 | loss=4.0084 | lr=1.19e-04
step  10500 | loss=4.0109 | lr=1.16e-04
[VAL] step 10500: bpb=1.2290
step  10600 | loss=4.0122 | lr=1.13e-04
step  10700 | loss=3.9788 | lr=1.11e-04
step  10800 | loss=3.9777 | lr=1.08e-04
step  10900 | loss=3.9704 | lr=1.05e-04
step  11000 | loss=3.9520 | lr=1.03e-04
[VAL] step 11000: bpb=1.2258
step  11100 | loss=3.9558 | lr=1.00e-04
step  11200 | loss=3.9610 | lr=9.75e-05
step  11300 | loss=3.9571 | lr=9.50e-05
step  11400 | loss=3.9562 | lr=9.25e-05
step  11500 | loss=3.9404 | lr=9.00e-05
[VAL] step 11500: bpb=1.2215
step  11600 | loss=3.9413 | lr=8.76e-05
step  11700 | loss=3.9477 | lr=8.52e-05
step  11800 | loss=3.9449 | lr=8.28e-05
step  11900 | loss=3.9419 | lr=8.05e-05
step  12000 | loss=3.9352 | lr=7.82e-05
[VAL] step 12000: bpb=1.2180
step  12100 | loss=3.9306 | lr=7.60e-05
step  12200 | loss=3.9175 | lr=7.38e-05
step  12300 | loss=3.9092 | lr=7.16e-05
step  12400 | loss=3.9099 | lr=6.95e-05
step  12500 | loss=3.9113 | lr=6.75e-05
[VAL] step 12500: bpb=1.2150
step  12600 | loss=3.9087 | lr=6.55e-05
step  12700 | loss=3.9091 | lr=6.35e-05
step  12800 | loss=3.9021 | lr=6.16e-05
step  12900 | loss=3.8925 | lr=5.97e-05
step  13000 | loss=3.9023 | lr=5.79e-05
[VAL] step 13000: bpb=1.2129
step  13100 | loss=3.8898 | lr=5.61e-05
step  13200 | loss=3.8893 | lr=5.44e-05
step  13300 | loss=3.8886 | lr=5.28e-05
step  13400 | loss=3.8936 | lr=5.11e-05
step  13500 | loss=3.8944 | lr=4.96e-05
[VAL] step 13500: bpb=1.2102
step  13600 | loss=3.8854 | lr=4.81e-05
step  13700 | loss=3.8761 | lr=4.66e-05
step  13800 | loss=3.8757 | lr=4.53e-05
step  13900 | loss=3.8717 | lr=4.39e-05
step  14000 | loss=3.8754 | lr=4.26e-05
[VAL] step 14000: bpb=1.2082
step  14100 | loss=3.8763 | lr=4.14e-05
step  14200 | loss=3.8812 | lr=4.03e-05
step  14300 | loss=3.8763 | lr=3.92e-05
step  14400 | loss=3.8706 | lr=3.81e-05
step  14500 | loss=3.8613 | lr=3.72e-05
[VAL] step 14500: bpb=1.2067
step  14600 | loss=3.8581 | lr=3.62e-05
step  14700 | loss=3.8535 | lr=3.54e-05
step  14800 | loss=3.8609 | lr=3.46e-05
step  14900 | loss=3.8650 | lr=3.39e-05
step  15000 | loss=3.8663 | lr=3.32e-05
[VAL] step 15000: bpb=1.2052
step  15100 | loss=3.8604 | lr=3.26e-05
step  15200 | loss=3.8548 | lr=3.21e-05
step  15300 | loss=3.8557 | lr=3.16e-05
step  15400 | loss=3.8619 | lr=3.12e-05
step  15500 | loss=3.8565 | lr=3.08e-05
[VAL] step 15500: bpb=1.2046
step  15600 | loss=3.8874 | lr=3.05e-05
step  15700 | loss=3.8812 | lr=3.03e-05
step  15800 | loss=3.8756 | lr=3.01e-05
step  15900 | loss=3.8507 | lr=3.00e-05
step  16000 | loss=3.8524 | lr=3.00e-05
[VAL] step 16000: bpb=1.2038

=== DONE ===
{
  "exp_name": "exp_n_abl_02_B16k_fast_hard_topk1_nap8_tph128_seed1",
  "best_val_bpb": 1.2038033221557185,
  "final_val_bpb": 1.2038033221557185,
  "total_params": 67351692,
  "training_time_hours": 2.4,
  "eval_protocol": {
    "eval_batch_size": 48,
    "eval_steps": 100,
    "skip_rows": 12,
    "batch_size_independent": true
  }
}
wandb: updating run metadata
wandb: uploading wandb-summary.json; uploading config.yaml
wandb: 
wandb: Run history:
wandb: ln1_norm_L0 ██▇▇▆▆▅▄▄▃▃▃▂▂▂▂▁▁▁▁▁▁▁▁▁▁▁▁▁▁▁▁
wandb: ln1_norm_L1 ▁▂▂▂▃▂▂▂▂▂▂▃▃▄▄▄▅▅▅▆▆▆▆▇▇▇▇█████
wandb: ln1_norm_L2 ███▆▅▄▃▂▁▁▁▁▁▁▁▁▂▂▂▂▂▂▂▂▂▂▃▃▃▃▃▃
wandb: ln1_norm_L3 ███▆▅▄▃▃▂▂▁▁▁▁▁▁▁▁▁▁▂▂▂▂▂▂▃▃▃▃▃▃
wandb: ln1_norm_L4 ▁▂▂▂▂▁▁▁▁▁▁▂▂▂▃▃▄▄▅▅▅▆▆▆▇▇▇▇████
wandb: ln1_norm_L5 ▁▁▁▂▂▃▄▄▅▅▅▆▆▆▆▇▇▇▇▇▇▇██████████
wandb: ln2_mean_L0 ████▇▇▆▆▅▅▅▄▄▃▃▃▂▂▂▂▁▁▁▁▁▁▁▁▁▁▁▁
wandb: ln2_mean_L1 ███▇▇▆▆▅▄▄▄▃▃▂▂▂▂▁▁▁▁▁▁▁▁▁▁▁▁▁▁▁
wandb: ln2_mean_L2 ████▇▇▆▅▅▄▄▄▃▃▃▂▂▂▂▁▁▁▁▁▁▁▁▁▁▁▁▁
wandb: ln2_mean_L3 ███▇▇▇▆▆▅▅▄▄▃▃▃▃▂▂▂▂▂▁▁▁▁▁▁▁▁▁▁▁
wandb:         +22 ...
wandb: 
wandb: Run summary:
wandb:  best_val_bpb 1.2038
wandb:      exp_name exp_n_abl_02_B16k_fa...
wandb: final_val_bpb 1.2038
wandb:   ln1_norm_L0 14.46393
wandb:   ln1_norm_L1 19.93201
wandb:   ln1_norm_L2 19.12894
wandb:   ln1_norm_L3 19.24617
wandb:   ln1_norm_L4 20.18608
wandb:   ln1_norm_L5 23.75559
wandb:   ln2_mean_L0 0.89844
wandb:           +27 ...
wandb: 
wandb: 🚀 View run exp_n_abl_02_B16k_fast_hard_topk1_nap8_tph128_seed1 at: http://<WANDB_HOST>/<WANDB_ENTITY>/Spiky/runs/exp_n_abl_02_B16k_fast_hard_topk1_nap8_tph128_seed1
wandb: ⭐️ View project at: http://<WANDB_HOST>/<WANDB_ENTITY>/Spiky
wandb: Synced 5 W&B file(s), 0 media file(s), 0 artifact file(s) and 0 other file(s)
wandb: Find logs at: /home/<user>/.cache/wandb/wandb/run-20260914_015220-exp_n_abl_02_B16k_fast_hard_topk1_nap8_tph128_seed1/logs
[wandb] finished in 0.7s
