RANDOM init: 512 independent genomes, 40 exc + 10 inh active (E-frac 0.800), ~341 synapses each
r   0  fit  19.502  mse  19.502  neurons 50.00 (min 50 max 50)  syn  341.1  held-out best  16.782  [   2.3s]
r  25  fit  19.406  mse  19.406  neurons 50.00 (min 50 max 50)  syn  437.7  held-out best  16.625  [  28.4s]
r  50  fit  18.628  mse  18.628  neurons 50.00 (min 50 max 50)  syn  469.7  held-out best  13.114  [  56.4s]
r  75  fit  18.688  mse  18.688  neurons 50.00 (min 50 max 50)  syn  478.7  held-out best  12.963  [  85.1s]
r 100  fit  18.141  mse  18.141  neurons 50.00 (min 50 max 50)  syn  491.1  held-out best  12.963  [ 114.1s]
r 125  fit  19.276  mse  19.276  neurons 50.00 (min 50 max 50)  syn  502.5  held-out best  12.963  [ 142.9s]
r 150  fit  17.995  mse  17.995  neurons 50.00 (min 50 max 50)  syn  510.3  held-out best  12.963  [ 172.2s]
r 175  fit  17.633  mse  17.633  neurons 50.00 (min 50 max 50)  syn  511.9  held-out best  12.963  [ 201.2s]
r 200  fit  18.189  mse  18.189  neurons 50.00 (min 50 max 50)  syn  517.5  held-out best  12.963  [ 230.9s]
r 225  fit  18.078  mse  18.078  neurons 50.00 (min 50 max 50)  syn  519.2  held-out best  14.506  [ 260.2s]
r 250  fit  17.937  mse  17.937  neurons 50.00 (min 50 max 50)  syn  527.2  held-out best  14.225  [ 290.3s]
r 275  fit  16.938  mse  16.938  neurons 50.00 (min 50 max 50)  syn  524.4  held-out best  14.225  [ 319.6s]
r 300  fit  17.426  mse  17.426  neurons 50.00 (min 50 max 50)  syn  528.2  held-out best  14.225  [ 349.7s]
r 325  fit  17.678  mse  17.678  neurons 50.00 (min 50 max 50)  syn  535.4  held-out best  14.225  [ 379.4s]
r 350  fit  18.065  mse  18.065  neurons 50.00 (min 50 max 50)  syn  539.4  held-out best  14.225  [ 409.8s]
r 375  fit  18.080  mse  18.080  neurons 50.00 (min 50 max 50)  syn  538.5  held-out best  13.822  [ 439.5s]
r 400  fit  17.324  mse  17.324  neurons 50.00 (min 50 max 50)  syn  546.0  held-out best  13.822  [ 470.1s]
r 425  fit  17.733  mse  17.733  neurons 50.00 (min 50 max 50)  syn  545.0  held-out best  13.822  [ 500.2s]
r 450  fit  17.706  mse  17.706  neurons 50.00 (min 50 max 50)  syn  549.2  held-out best  13.822  [ 531.3s]
r 475  fit  17.431  mse  17.431  neurons 50.00 (min 50 max 50)  syn  555.2  held-out best  13.822  [ 561.7s]
r 500  fit  17.766  mse  17.766  neurons 50.00 (min 50 max 50)  syn  556.4  held-out best  13.822  [ 592.4s]
r 525  fit  17.986  mse  17.986  neurons 50.00 (min 50 max 50)  syn  553.8  held-out best  13.822  [ 622.8s]
r 550  fit  15.991  mse  15.991  neurons 50.00 (min 50 max 50)  syn  558.8  held-out best  14.341  [ 654.2s]
r 575  fit  18.242  mse  18.242  neurons 50.00 (min 50 max 50)  syn  554.4  held-out best  14.341  [ 684.6s]
r 600  fit  16.914  mse  16.914  neurons 50.00 (min 50 max 50)  syn  559.9  held-out best  14.341  [ 715.7s]
r 625  fit  17.808  mse  17.808  neurons 50.00 (min 50 max 50)  syn  557.8  held-out best  14.341  [ 746.1s]
r 650  fit  17.298  mse  17.298  neurons 50.00 (min 50 max 50)  syn  561.7  held-out best  14.341  [ 777.3s]
r 675  fit  18.736  mse  18.736  neurons 50.00 (min 50 max 50)  syn  562.5  held-out best  14.341  [ 808.1s]
r 700  fit  17.536  mse  17.536  neurons 50.00 (min 50 max 50)  syn  566.3  held-out best  14.341  [ 839.5s]
r 725  fit  17.938  mse  17.938  neurons 50.00 (min 50 max 50)  syn  573.3  held-out best  14.341  [ 870.5s]
r 750  fit  17.152  mse  17.152  neurons 50.00 (min 50 max 50)  syn  574.8  held-out best  14.341  [ 902.2s]
r 775  fit  17.380  mse  17.380  neurons 50.00 (min 50 max 50)  syn  571.2  held-out best  14.341  [ 933.2s]
r 800  fit  17.867  mse  17.867  neurons 50.00 (min 50 max 50)  syn  575.9  held-out best  14.341  [ 964.9s]
r 825  fit  17.525  mse  17.525  neurons 50.00 (min 50 max 50)  syn  575.7  held-out best  14.341  [ 996.1s]
r 850  fit  17.510  mse  17.510  neurons 50.00 (min 50 max 50)  syn  576.8  held-out best  14.341  [1028.0s]
r 875  fit  16.468  mse  16.468  neurons 50.00 (min 50 max 50)  syn  580.9  held-out best  14.341  [1058.9s]
r 900  fit  18.049  mse  18.049  neurons 50.00 (min 50 max 50)  syn  577.9  held-out best  14.341  [1090.6s]
r 925  fit  16.933  mse  16.933  neurons 50.00 (min 50 max 50)  syn  578.6  held-out best  14.341  [1121.6s]
r 950  fit  16.717  mse  16.717  neurons 50.00 (min 50 max 50)  syn  581.7  held-out best  14.341  [1153.2s]
r 975  fit  18.329  mse  18.329  neurons 50.00 (min 50 max 50)  syn  585.3  held-out best  14.341  [1184.2s]
r1000  fit  17.599  mse  17.599  neurons 50.00 (min 50 max 50)  syn  587.0  held-out best  14.341  [1215.9s]
r1025  fit  17.312  mse  17.312  neurons 50.00 (min 50 max 50)  syn  585.5  held-out best  14.341  [1247.2s]
r1050  fit  17.830  mse  17.830  neurons 50.00 (min 50 max 50)  syn  584.8  held-out best  14.341  [1279.1s]
r1075  fit  18.392  mse  18.392  neurons 50.00 (min 50 max 50)  syn  587.2  held-out best  14.341  [1310.3s]
r1100  fit  17.936  mse  17.936  neurons 50.00 (min 50 max 50)  syn  585.4  held-out best  14.341  [1342.1s]
r1125  fit  18.202  mse  18.202  neurons 50.00 (min 50 max 50)  syn  591.7  held-out best  14.341  [1373.4s]
r1150  fit  17.899  mse  17.899  neurons 50.00 (min 50 max 50)  syn  593.2  held-out best  14.341  [1405.5s]
r1175  fit  17.702  mse  17.702  neurons 50.00 (min 50 max 50)  syn  592.0  held-out best  14.341  [1437.0s]
r1200  fit  17.928  mse  17.928  neurons 50.00 (min 50 max 50)  syn  594.0  held-out best  14.341  [1469.3s]
r1225  fit  17.251  mse  17.251  neurons 50.00 (min 50 max 50)  syn  596.7  held-out best  14.341  [1500.9s]
r1250  fit  17.577  mse  17.577  neurons 50.00 (min 50 max 50)  syn  598.6  held-out best  14.341  [1533.1s]
r1275  fit  17.603  mse  17.603  neurons 50.00 (min 50 max 50)  syn  594.7  held-out best  14.341  [1564.9s]
r1300  fit  17.948  mse  17.948  neurons 50.00 (min 50 max 50)  syn  595.8  held-out best  14.341  [1597.3s]
r1325  fit  17.154  mse  17.154  neurons 50.00 (min 50 max 50)  syn  599.5  held-out best  14.341  [1629.0s]
r1350  fit  17.374  mse  17.374  neurons 50.00 (min 50 max 50)  syn  601.9  held-out best  14.341  [1661.5s]
r1375  fit  17.804  mse  17.804  neurons 50.00 (min 50 max 50)  syn  598.0  held-out best  14.341  [1693.4s]
r1400  fit  17.825  mse  17.825  neurons 50.00 (min 50 max 50)  syn  600.4  held-out best  14.341  [1726.0s]
r1425  fit  17.471  mse  17.471  neurons 50.00 (min 50 max 50)  syn  604.1  held-out best  14.341  [1757.9s]
r1450  fit  18.470  mse  18.470  neurons 50.00 (min 50 max 50)  syn  605.4  held-out best  14.341  [1790.4s]
r1475  fit  17.878  mse  17.878  neurons 50.00 (min 50 max 50)  syn  603.0  held-out best  14.341  [1822.5s]
r1500  fit  17.616  mse  17.616  neurons 50.00 (min 50 max 50)  syn  603.4  held-out best  14.341  [1855.4s]
r1525  fit  17.843  mse  17.843  neurons 50.00 (min 50 max 50)  syn  609.3  held-out best  14.341  [1887.8s]
