Loading tokenizer from /home/starost/.cache/nanochat/tokenizer
Vocab size: 32768, BOS id: 32759
bit LUTs: 18
Adam-managed parameters: 14,912,518
Q/K BitPermLUT: in_nap=4 out_nap=32 tph=1024 d_qk=32 P_qk=496
V BitPermLUT:   in_nap=5 out_nap=16 tph=512 d_v=16 P_v=120
Out BitPermLUT: in_nap=8 out_nap=32 tph=[4096, 4096, 2048, 2048, 2048, 2048]
Tokens/micro-batch: 4,096 | grad_accum: 1 | effective batch: 4,096 tokens
step      1 | loss=10.5782 | lr=3.75e-07
step    100 | loss=10.2496 | lr=3.75e-05
step    200 | loss=9.1859 | lr=7.50e-05
[VAL] step 200: bpb=2.4695
step    300 | loss=8.2816 | lr=1.12e-04
step    400 | loss=7.9196 | lr=1.50e-04
[VAL] step 400: bpb=2.3688
step    500 | loss=7.7662 | lr=1.87e-04
step    600 | loss=7.7040 | lr=2.25e-04
[VAL] step 600: bpb=2.3402
step    700 | loss=7.6117 | lr=2.62e-04
step    800 | loss=7.4726 | lr=3.00e-04
[VAL] step 800: bpb=2.2541
step    900 | loss=7.3424 | lr=3.00e-04
step   1000 | loss=7.2315 | lr=2.99e-04
[VAL] step 1000: bpb=2.1829
