Failed to import warp: No module named 'warp'
Failed to import mujoco_warp: No module named 'warp'
MHL-LIF SAC actor heads=1 tph=32 n_det=3 buckets=4 seed=2 | 12 outputs/cell (6 mu + 6 log-sigma) | front-end 3,808 + table 24,576 = 28,384 params (101.3% of the 28,032 hyperplane baseline; 28,320 trainable) | cells 32x64 = 2,048 | delay_init_std=4.0 table_init_std=0.01768 | temperatures FROZEN at 1.0 | no eps
[  500/10000] steps    32,000 | MJX ret      6.1 | cell-cov   0.0% | digit 2.553 | nosp 0.512 | eff  5.77/64 | Tbkt 1.000 | Tcr 1.000 | best      6.1 |   2.7m
[ 1000/10000] steps    64,000 | MJX ret     33.2 | cell-cov  40.1% | digit 2.618 | nosp 0.572 | eff  2.78/64 | Tbkt 1.000 | Tcr 1.000 | best     33.2 |   4.4m
[ 1500/10000] steps    96,000 | MJX ret    348.1 | cell-cov  43.0% | digit 2.508 | nosp 0.390 | eff  3.70/64 | Tbkt 1.000 | Tcr 1.000 | best    348.1 |   5.9m
[ 2000/10000] steps   128,000 | MJX ret    428.5 | cell-cov  45.0% | digit 2.374 | nosp 0.336 | eff  3.48/64 | Tbkt 1.000 | Tcr 1.000 | best    428.5 |   7.5m
[ 2500/10000] steps   160,000 | MJX ret    209.1 | cell-cov  45.7% | digit 2.310 | nosp 0.275 | eff  2.89/64 | Tbkt 1.000 | Tcr 1.000 | best    428.5 |   9.0m
[ 3000/10000] steps   192,000 | MJX ret    276.5 | cell-cov  46.4% | digit 2.289 | nosp 0.231 | eff  4.08/64 | Tbkt 1.000 | Tcr 1.000 | best    428.5 |  10.5m
[ 3500/10000] steps   224,000 | MJX ret    435.4 | cell-cov  47.3% | digit 2.340 | nosp 0.208 | eff  3.10/64 | Tbkt 1.000 | Tcr 1.000 | best    435.4 |  12.1m
[ 4000/10000] steps   256,000 | MJX ret    472.5 | cell-cov  48.3% | digit 2.324 | nosp 0.201 | eff  3.57/64 | Tbkt 1.000 | Tcr 1.000 | best    472.5 |  13.6m
[ 4500/10000] steps   288,000 | MJX ret    700.4 | cell-cov  48.6% | digit 2.296 | nosp 0.158 | eff  3.68/64 | Tbkt 1.000 | Tcr 1.000 | best    700.4 |  15.1m
[ 5000/10000] steps   320,000 | MJX ret   1771.0 | cell-cov  49.4% | digit 2.212 | nosp 0.130 | eff  3.82/64 | Tbkt 1.000 | Tcr 1.000 | best   1771.0 |  16.6m
[ 5500/10000] steps   352,000 | MJX ret   2926.4 | cell-cov  50.0% | digit 2.279 | nosp 0.124 | eff  3.30/64 | Tbkt 1.000 | Tcr 1.000 | best   2926.4 |  18.1m
[ 6000/10000] steps   384,000 | MJX ret   1897.1 | cell-cov  50.7% | digit 2.266 | nosp 0.089 | eff  3.96/64 | Tbkt 1.000 | Tcr 1.000 | best   2926.4 |  19.6m
[ 6500/10000] steps   416,000 | MJX ret   3447.6 | cell-cov  51.2% | digit 2.231 | nosp 0.098 | eff  4.57/64 | Tbkt 1.000 | Tcr 1.000 | best   3447.6 |  21.1m
[ 7000/10000] steps   448,000 | MJX ret   3263.7 | cell-cov  51.7% | digit 2.257 | nosp 0.100 | eff  3.97/64 | Tbkt 1.000 | Tcr 1.000 | best   3447.6 |  22.6m
[ 7500/10000] steps   480,000 | MJX ret   3177.2 | cell-cov  51.7% | digit 2.207 | nosp 0.104 | eff  4.71/64 | Tbkt 1.000 | Tcr 1.000 | best   3447.6 |  24.1m
[ 8000/10000] steps   512,000 | MJX ret   3603.5 | cell-cov  52.1% | digit 2.189 | nosp 0.090 | eff  4.33/64 | Tbkt 1.000 | Tcr 1.000 | best   3603.5 |  25.6m
[ 8500/10000] steps   544,000 | MJX ret   3885.1 | cell-cov  52.6% | digit 2.231 | nosp 0.082 | eff  4.39/64 | Tbkt 1.000 | Tcr 1.000 | best   3885.1 |  27.2m
[ 9000/10000] steps   576,000 | MJX ret   3935.7 | cell-cov  52.9% | digit 2.208 | nosp 0.080 | eff  4.37/64 | Tbkt 1.000 | Tcr 1.000 | best   3935.7 |  28.7m
[ 9500/10000] steps   608,000 | MJX ret   3905.3 | cell-cov  53.4% | digit 2.208 | nosp 0.079 | eff  4.45/64 | Tbkt 1.000 | Tcr 1.000 | best   3935.7 |  30.2m
[10000/10000] steps   640,000 | MJX ret   3935.0 | cell-cov  53.6% | digit 2.237 | nosp 0.073 | eff  4.03/64 | Tbkt 1.000 | Tcr 1.000 | best   3935.7 |  31.7m
done: best MJX 3935.7 over 640,000 env-steps in 31.7 min
Failed to import warp: No module named 'warp'
Failed to import mujoco_warp: No module named 'warp'
mhl_sac_c42_s2_actor.npz (28,384 params = 3,808 front-end + 24,576 table) [eval] 3 det x 4 bkt = 64 cells / tph32
  CPU-reference 100-ep deterministic: 3941.8 +/- 65.9  full 100/100  vel 2.945 m/s  len 1000  [8s]
