Failed to import warp: No module named 'warp'
Failed to import mujoco_warp: No module named 'warp'
MHL-LIF SAC actor heads=1 tph=32 n_det=3 buckets=4 seed=1 | 12 outputs/cell (6 mu + 6 log-sigma) | front-end 3,808 + table 24,576 = 28,384 params (101.3% of the 28,032 hyperplane baseline; 28,320 trainable) | cells 32x64 = 2,048 | delay_init_std=4.0 table_init_std=0.01768 | temperatures FROZEN at 1.0 | no eps
[  500/10000] steps    32,000 | MJX ret    240.7 | cell-cov   0.0% | digit 2.579 | nosp 0.512 | eff  5.06/64 | Tbkt 1.000 | Tcr 1.000 | best    240.7 |   2.8m
[ 1000/10000] steps    64,000 | MJX ret    222.9 | cell-cov  42.2% | digit 2.390 | nosp 0.419 | eff  4.70/64 | Tbkt 1.000 | Tcr 1.000 | best    240.7 |   5.1m
[ 1500/10000] steps    96,000 | MJX ret    352.2 | cell-cov  47.3% | digit 2.273 | nosp 0.262 | eff  5.01/64 | Tbkt 1.000 | Tcr 1.000 | best    352.2 |   6.7m
[ 2000/10000] steps   128,000 | MJX ret    333.7 | cell-cov  50.5% | digit 2.217 | nosp 0.250 | eff  4.97/64 | Tbkt 1.000 | Tcr 1.000 | best    352.2 |   8.2m
[ 2500/10000] steps   160,000 | MJX ret    549.3 | cell-cov  51.7% | digit 2.232 | nosp 0.233 | eff  4.63/64 | Tbkt 1.000 | Tcr 1.000 | best    549.3 |   9.7m
[ 3000/10000] steps   192,000 | MJX ret    665.8 | cell-cov  52.8% | digit 2.257 | nosp 0.193 | eff  5.87/64 | Tbkt 1.000 | Tcr 1.000 | best    665.8 |  11.2m
[ 3500/10000] steps   224,000 | MJX ret    995.6 | cell-cov  53.1% | digit 2.297 | nosp 0.205 | eff  5.64/64 | Tbkt 1.000 | Tcr 1.000 | best    995.6 |  12.7m
[ 4000/10000] steps   256,000 | MJX ret   1294.9 | cell-cov  53.8% | digit 2.319 | nosp 0.183 | eff  5.74/64 | Tbkt 1.000 | Tcr 1.000 | best   1294.9 |  14.2m
[ 4500/10000] steps   288,000 | MJX ret   2529.4 | cell-cov  54.2% | digit 2.265 | nosp 0.147 | eff  5.56/64 | Tbkt 1.000 | Tcr 1.000 | best   2529.4 |  15.7m
[ 5000/10000] steps   320,000 | MJX ret   2103.0 | cell-cov  54.7% | digit 2.245 | nosp 0.136 | eff  6.25/64 | Tbkt 1.000 | Tcr 1.000 | best   2529.4 |  17.2m
[ 5500/10000] steps   352,000 | MJX ret   2895.9 | cell-cov  55.6% | digit 2.223 | nosp 0.117 | eff  6.88/64 | Tbkt 1.000 | Tcr 1.000 | best   2895.9 |  18.7m
[ 6000/10000] steps   384,000 | MJX ret   3089.4 | cell-cov  56.0% | digit 2.242 | nosp 0.100 | eff  7.22/64 | Tbkt 1.000 | Tcr 1.000 | best   3089.4 |  20.2m
[ 6500/10000] steps   416,000 | MJX ret   1812.3 | cell-cov  57.4% | digit 2.229 | nosp 0.085 | eff  6.58/64 | Tbkt 1.000 | Tcr 1.000 | best   3089.4 |  21.7m
[ 7000/10000] steps   448,000 | MJX ret   3104.1 | cell-cov  58.7% | digit 2.181 | nosp 0.078 | eff  6.68/64 | Tbkt 1.000 | Tcr 1.000 | best   3104.1 |  23.2m
[ 7500/10000] steps   480,000 | MJX ret   4026.3 | cell-cov  59.0% | digit 2.165 | nosp 0.074 | eff  6.79/64 | Tbkt 1.000 | Tcr 1.000 | best   4026.3 |  24.7m
[ 8000/10000] steps   512,000 | MJX ret   4132.9 | cell-cov  60.2% | digit 2.133 | nosp 0.064 | eff  6.55/64 | Tbkt 1.000 | Tcr 1.000 | best   4132.9 |  26.2m
[ 8500/10000] steps   544,000 | MJX ret   3464.6 | cell-cov  60.6% | digit 2.077 | nosp 0.055 | eff  7.58/64 | Tbkt 1.000 | Tcr 1.000 | best   4132.9 |  27.8m
[ 9000/10000] steps   576,000 | MJX ret   4204.1 | cell-cov  60.9% | digit 2.103 | nosp 0.053 | eff  6.71/64 | Tbkt 1.000 | Tcr 1.000 | best   4204.1 |  29.3m
[ 9500/10000] steps   608,000 | MJX ret   4039.6 | cell-cov  61.0% | digit 2.114 | nosp 0.040 | eff  6.86/64 | Tbkt 1.000 | Tcr 1.000 | best   4204.1 |  30.8m
[10000/10000] steps   640,000 | MJX ret   4248.2 | cell-cov  61.3% | digit 2.107 | nosp 0.046 | eff  6.84/64 | Tbkt 1.000 | Tcr 1.000 | best   4248.2 |  32.0m
done: best MJX 4248.2 over 640,000 env-steps in 32.0 min
Failed to import warp: No module named 'warp'
Failed to import mujoco_warp: No module named 'warp'
mhl_sac_c42_s1_actor.npz (28,384 params = 3,808 front-end + 24,576 table) [eval] 3 det x 4 bkt = 64 cells / tph32
  CPU-reference 100-ep deterministic: 4254.4 +/- 37.8  full 100/100  vel 3.258 m/s  len 1000  [7s]
