Loading tokenizer from ~/.cache/nanochat/tokenizer
FIXED EVAL: bs48 x 100 steps, skip 12 rows (val window independent of device_batch_size=12)
[learned_margin] layer 0: init g=0.0 beta=2.0 gamma=1.0 (g FROZEN; beta, gamma learnable) gain=1.0
[learned_margin] layer 1: init g=0.0 beta=2.0 gamma=1.0 (g FROZEN; beta, gamma learnable) gain=1.0
[learned_margin] layer 2: init g=0.0 beta=2.0 gamma=1.0 (g FROZEN; beta, gamma learnable) gain=1.0
[learned_margin] layer 3: init g=0.0 beta=2.0 gamma=1.0 (g FROZEN; beta, gamma learnable) gain=1.0
[learned_margin] layer 4: init g=0.0 beta=2.0 gamma=1.0 (g FROZEN; beta, gamma learnable) gain=1.0
[learned_margin] layer 5: init g=0.0 beta=2.0 gamma=1.0 (g FROZEN; beta, gamma learnable) gain=1.0
MinimalGPT depth=6 dim=384 heads=6 seq=512 | ffn=compression tie=False | params=67,351,692
Tokens/micro-batch: 6,144 | grad_accum: 4 | effective batch: 24,576 tokens
wandb: [wandb.login()] Loaded credentials for <wandb-server> from ~/.netrc.
wandb: Currently logged in as: <entity> to <wandb-server>. Use `wandb login --relogin` to force relogin
wandb: setting up run exp_g_abl_08_B16k_light_lmfrozeng_tph128_seed1
wandb: Tracking run with wandb version 0.28.0
wandb: Run data is saved locally in ~/.cache/wandb/wandb/run-20260913_222150-exp_g_abl_08_B16k_light_lmfrozeng_tph128_seed1
wandb: Run `wandb offline` to turn off syncing.
wandb: Syncing run exp_g_abl_08_B16k_light_lmfrozeng_tph128_seed1
wandb: ⭐️ View project at <wandb-server>/<entity>/Spiky
wandb: 🚀 View run at <wandb-server>/<entity>/Spiky/runs/exp_g_abl_08_B16k_light_lmfrozeng_tph128_seed1
[wandb] online: run exp_g_abl_08_B16k_light_lmfrozeng_tph128_seed1 -> ~/.cache/wandb/wandb/run-20260913_222150-exp_g_abl_08_B16k_light_lmfrozeng_tph128_seed1/files
step      1 | loss=10.4804 | lr=1.87e-07
step    100 | loss=10.1251 | lr=1.87e-05
step    200 | loss=9.3960 | lr=3.75e-05
step    300 | loss=8.4627 | lr=5.62e-05
step    400 | loss=7.6733 | lr=7.50e-05
step    500 | loss=7.1126 | lr=9.37e-05
[VAL] step 500: bpb=2.0304
step    600 | loss=6.7032 | lr=1.12e-04
step    700 | loss=6.4181 | lr=1.31e-04
step    800 | loss=6.2216 | lr=1.50e-04
step    900 | loss=6.0477 | lr=1.69e-04
step   1000 | loss=5.9091 | lr=1.87e-04
[VAL] step 1000: bpb=1.7638
step   1100 | loss=5.7801 | lr=2.06e-04
step   1200 | loss=5.6625 | lr=2.25e-04
step   1300 | loss=5.5551 | lr=2.44e-04
step   1400 | loss=5.4574 | lr=2.62e-04
step   1500 | loss=5.3663 | lr=2.81e-04
[VAL] step 1500: bpb=1.6126
step   1600 | loss=5.2950 | lr=3.00e-04
step   1700 | loss=5.2103 | lr=3.00e-04
step   1800 | loss=5.1349 | lr=3.00e-04
step   1900 | loss=5.0620 | lr=3.00e-04
step   2000 | loss=5.0046 | lr=2.99e-04
[VAL] step 2000: bpb=1.5143
step   2100 | loss=4.9481 | lr=2.99e-04
step   2200 | loss=4.9024 | lr=2.99e-04
step   2300 | loss=4.8607 | lr=2.98e-04
step   2400 | loss=4.8174 | lr=2.98e-04
step   2500 | loss=4.7714 | lr=2.97e-04
[VAL] step 2500: bpb=1.4483
step   2600 | loss=4.7264 | lr=2.97e-04
step   2700 | loss=4.6912 | lr=2.96e-04
step   2800 | loss=4.6485 | lr=2.95e-04
step   2900 | loss=4.6091 | lr=2.95e-04
step   3000 | loss=4.5800 | lr=2.94e-04
[VAL] step 3000: bpb=1.3917
step   3100 | loss=4.5587 | lr=2.93e-04
step   3200 | loss=4.5274 | lr=2.92e-04
step   3300 | loss=4.4878 | lr=2.91e-04
step   3400 | loss=4.4644 | lr=2.90e-04
step   3500 | loss=4.4334 | lr=2.89e-04
[VAL] step 3500: bpb=1.3529
step   3600 | loss=4.4104 | lr=2.87e-04
step   3700 | loss=4.3928 | lr=2.86e-04
step   3800 | loss=4.3862 | lr=2.85e-04
step   3900 | loss=4.3678 | lr=2.83e-04
step   4000 | loss=4.3469 | lr=2.82e-04
[VAL] step 4000: bpb=1.3234
[CKPT] step 4000: wrote checkpoint_step4000.pt
step   4100 | loss=4.3242 | lr=2.80e-04
step   4200 | loss=4.3062 | lr=2.79e-04
step   4300 | loss=4.2900 | lr=2.77e-04
step   4400 | loss=4.2768 | lr=2.76e-04
step   4500 | loss=4.2664 | lr=2.74e-04
[VAL] step 4500: bpb=1.3026
step   4600 | loss=4.2599 | lr=2.72e-04
step   4700 | loss=4.2437 | lr=2.70e-04
step   4800 | loss=4.2304 | lr=2.68e-04
step   4900 | loss=4.2166 | lr=2.66e-04
step   5000 | loss=4.2160 | lr=2.65e-04
[VAL] step 5000: bpb=1.2847
step   5100 | loss=4.2006 | lr=2.63e-04
step   5200 | loss=4.2031 | lr=2.60e-04
step   5300 | loss=4.2059 | lr=2.58e-04
step   5400 | loss=4.2016 | lr=2.56e-04
step   5500 | loss=4.1770 | lr=2.54e-04
[VAL] step 5500: bpb=1.2702
step   5600 | loss=4.1573 | lr=2.52e-04
step   5700 | loss=4.1415 | lr=2.49e-04
step   5800 | loss=4.1299 | lr=2.47e-04
step   5900 | loss=4.1197 | lr=2.45e-04
step   6000 | loss=4.1163 | lr=2.42e-04
[VAL] step 6000: bpb=1.2577
step   6100 | loss=4.1081 | lr=2.40e-04
step   6200 | loss=4.1034 | lr=2.38e-04
step   6300 | loss=4.0905 | lr=2.35e-04
step   6400 | loss=4.0842 | lr=2.32e-04
step   6500 | loss=4.0835 | lr=2.30e-04
[VAL] step 6500: bpb=1.2478
step   6600 | loss=4.0699 | lr=2.27e-04
step   6700 | loss=4.0660 | lr=2.25e-04
step   6800 | loss=4.0702 | lr=2.22e-04
step   6900 | loss=4.0553 | lr=2.19e-04
step   7000 | loss=4.0394 | lr=2.17e-04
[VAL] step 7000: bpb=1.2383
step   7100 | loss=4.0220 | lr=2.14e-04
step   7200 | loss=4.0152 | lr=2.11e-04
step   7300 | loss=4.0182 | lr=2.08e-04
step   7400 | loss=4.0176 | lr=2.06e-04
step   7500 | loss=4.0089 | lr=2.03e-04
[VAL] step 7500: bpb=1.2291
step   7600 | loss=3.9988 | lr=2.00e-04
step   7700 | loss=3.9834 | lr=1.97e-04
step   7800 | loss=3.9813 | lr=1.94e-04
step   7900 | loss=3.9784 | lr=1.91e-04
step   8000 | loss=3.9721 | lr=1.88e-04
[VAL] step 8000: bpb=1.2224
[CKPT] step 8000: wrote checkpoint_step8000.pt
step   8100 | loss=3.9648 | lr=1.86e-04
step   8200 | loss=3.9674 | lr=1.83e-04
step   8300 | loss=3.9685 | lr=1.80e-04
step   8400 | loss=3.9534 | lr=1.77e-04
step   8500 | loss=3.9407 | lr=1.74e-04
[VAL] step 8500: bpb=1.2159
step   8600 | loss=3.9376 | lr=1.71e-04
step   8700 | loss=3.9293 | lr=1.68e-04
step   8800 | loss=3.9261 | lr=1.65e-04
step   8900 | loss=3.9260 | lr=1.62e-04
step   9000 | loss=3.9296 | lr=1.59e-04
[VAL] step 9000: bpb=1.2103
step   9100 | loss=3.9147 | lr=1.56e-04
step   9200 | loss=3.9129 | lr=1.53e-04
step   9300 | loss=3.9004 | lr=1.50e-04
step   9400 | loss=3.8960 | lr=1.47e-04
step   9500 | loss=3.8891 | lr=1.44e-04
[VAL] step 9500: bpb=1.2040
step   9600 | loss=3.8910 | lr=1.42e-04
step   9700 | loss=3.8876 | lr=1.39e-04
step   9800 | loss=3.8930 | lr=1.36e-04
step   9900 | loss=3.8782 | lr=1.33e-04
step  10000 | loss=3.8719 | lr=1.30e-04
[VAL] step 10000: bpb=1.1990
step  10100 | loss=3.8688 | lr=1.27e-04
step  10200 | loss=3.8673 | lr=1.24e-04
step  10300 | loss=3.8589 | lr=1.22e-04
step  10400 | loss=3.8794 | lr=1.19e-04
step  10500 | loss=3.8790 | lr=1.16e-04
[VAL] step 10500: bpb=1.1945
step  10600 | loss=3.8819 | lr=1.13e-04
step  10700 | loss=3.8484 | lr=1.11e-04
step  10800 | loss=3.8466 | lr=1.08e-04
step  10900 | loss=3.8393 | lr=1.05e-04
step  11000 | loss=3.8208 | lr=1.03e-04
[VAL] step 11000: bpb=1.1907
step  11100 | loss=3.8243 | lr=1.00e-04
step  11200 | loss=3.8255 | lr=9.75e-05
step  11300 | loss=3.8235 | lr=9.50e-05
step  11400 | loss=3.8241 | lr=9.25e-05
step  11500 | loss=3.8083 | lr=9.00e-05
[VAL] step 11500: bpb=1.1866
step  11600 | loss=3.8090 | lr=8.76e-05
step  11700 | loss=3.8136 | lr=8.52e-05
step  11800 | loss=3.8061 | lr=8.28e-05
step  11900 | loss=3.8073 | lr=8.05e-05
step  12000 | loss=3.8011 | lr=7.82e-05
[VAL] step 12000: bpb=1.1835
[CKPT] step 12000: wrote checkpoint_step12000.pt
step  12100 | loss=3.7968 | lr=7.60e-05
step  12200 | loss=3.7835 | lr=7.38e-05
step  12300 | loss=3.7749 | lr=7.16e-05
step  12400 | loss=3.7754 | lr=6.95e-05
step  12500 | loss=3.7771 | lr=6.75e-05
[VAL] step 12500: bpb=1.1809
step  12600 | loss=3.7728 | lr=6.55e-05
step  12700 | loss=3.7731 | lr=6.35e-05
step  12800 | loss=3.7644 | lr=6.16e-05
step  12900 | loss=3.7552 | lr=5.97e-05
step  13000 | loss=3.7609 | lr=5.79e-05
[VAL] step 13000: bpb=1.1779
step  13100 | loss=3.7506 | lr=5.61e-05
step  13200 | loss=3.7510 | lr=5.44e-05
step  13300 | loss=3.7505 | lr=5.28e-05
step  13400 | loss=3.7551 | lr=5.11e-05
step  13500 | loss=3.7558 | lr=4.96e-05
[VAL] step 13500: bpb=1.1757
step  13600 | loss=3.7471 | lr=4.81e-05
step  13700 | loss=3.7362 | lr=4.66e-05
step  13800 | loss=3.7361 | lr=4.53e-05
step  13900 | loss=3.7321 | lr=4.39e-05
step  14000 | loss=3.7352 | lr=4.26e-05
[VAL] step 14000: bpb=1.1737
step  14100 | loss=3.7349 | lr=4.14e-05
step  14200 | loss=3.7393 | lr=4.03e-05
step  14300 | loss=3.7338 | lr=3.92e-05
step  14400 | loss=3.7277 | lr=3.81e-05
step  14500 | loss=3.7186 | lr=3.72e-05
[VAL] step 14500: bpb=1.1723
step  14600 | loss=3.7163 | lr=3.62e-05
step  14700 | loss=3.7097 | lr=3.54e-05
step  14800 | loss=3.7167 | lr=3.46e-05
step  14900 | loss=3.7200 | lr=3.39e-05
step  15000 | loss=3.7224 | lr=3.32e-05
[VAL] step 15000: bpb=1.1708
step  15100 | loss=3.7113 | lr=3.26e-05
step  15200 | loss=3.7086 | lr=3.21e-05
step  15300 | loss=3.7102 | lr=3.16e-05
step  15400 | loss=3.7170 | lr=3.12e-05
step  15500 | loss=3.7109 | lr=3.08e-05
[VAL] step 15500: bpb=1.1701
step  15600 | loss=3.7409 | lr=3.05e-05
step  15700 | loss=3.7347 | lr=3.03e-05
step  15800 | loss=3.7276 | lr=3.01e-05
step  15900 | loss=3.7038 | lr=3.00e-05
step  16000 | loss=3.7049 | lr=3.00e-05
[VAL] step 16000: bpb=1.1696

=== DONE ===
{
  "exp_name": "exp_g_abl_08_B16k_light_lmfrozeng_tph128_seed1",
  "best_val_bpb": 1.1695783899619592,
  "final_val_bpb": 1.1695783899619592,
  "total_params": 67351692,
  "training_time_hours": 0.999,
  "eval_protocol": {
    "eval_batch_size": 48,
    "eval_steps": 100,
    "skip_rows": 12,
    "batch_size_independent": true
  },
  "learned_confidence": {
    "form": "learned_margin",
    "score": "exp(g) * sum|d| * prod sigmoid(beta |d|) ** gamma",
    "init_per_layer": [
      {
        "g": 0.0,
        "beta": 2.0,
        "gamma": 1.0
      },
      {
        "g": 0.0,
        "beta": 2.0,
        "gamma": 1.0
      },
      {
        "g": 0.0,
        "beta": 2.0,
        "gamma": 1.0
      },
      {
        "g": 0.0,
        "beta": 2.0,
        "gamma": 1.0
      },
      {
        "g": 0.0,
        "beta": 2.0,
        "gamma": 1.0
      },
      {
        "g": 0.0,
        "beta": 2.0,
        "gamma": 1.0
      }
    ],
    "final_per_layer": [
      {
        "g": 0.0,
        "beta": 1.76287043094635,
        "gamma": 1.3733412027359009
      },
      {
        "g": 0.0,
        "beta": 2.040985584259033,
        "gamma": 1.4791696071624756
      },
      {
        "g": 0.0,
        "beta": 2.1791110038757324,
        "gamma": 1.5961960554122925
      },
      {
        "g": 0.0,
        "beta": 2.0868821144104004,
        "gamma": 1.4851189851760864
      },
      {
        "g": 0.0,
        "beta": 2.0579233169555664,
        "gamma": 1.388132929801941
      },
      {
        "g": 0.0,
        "beta": 2.119931221008301,
        "gamma": 1.0414080619812012
      }
    ]
  }
}
wandb: 
wandb: Run history:
wandb: lm_beta_L0 ███▆▅▄▄▃▂▂▂▁▁▁▁▁▁▁▁▁▁▂▂▂▂▂▂▂▃▃▃▃
wandb: lm_beta_L1 ▆▇▇▆▅▄▃▃▂▂▁▁▁▁▁▁▁▂▂▃▃▄▅▅▅▆▆▇▇▇██
wandb: lm_beta_L2 ▁▂▄▄▄▄▄▃▃▃▃▃▃▃▃▃▃▄▄▄▅▅▅▆▆▆▇▇▇███
wandb: lm_beta_L3 ▁▄▇█▇▆▅▄▄▃▂▂▂▁▁▁▁▁▁▂▂▂▃▃▃▃▄▄▄▄▅▅
wandb: lm_beta_L4 ▂▄▇█▇▆▅▅▄▃▃▂▂▁▁▁▁▁▁▁▁▂▂▂▂▂▃▃▃▃▃▃
wandb: lm_beta_L5 ▁▃▆▆▆▆▆▅▅▅▅▄▄▄▄▄▄▄▅▅▅▆▆▆▆▇▇▇▇███
wandb:    lm_g_L0 ▁▁▁▁▁▁▁▁▁▁▁▁▁▁▁▁▁▁▁▁▁▁▁▁▁▁▁▁▁▁▁▁
wandb:    lm_g_L1 ▁▁▁▁▁▁▁▁▁▁▁▁▁▁▁▁▁▁▁▁▁▁▁▁▁▁▁▁▁▁▁▁
wandb:    lm_g_L2 ▁▁▁▁▁▁▁▁▁▁▁▁▁▁▁▁▁▁▁▁▁▁▁▁▁▁▁▁▁▁▁▁
wandb:    lm_g_L3 ▁▁▁▁▁▁▁▁▁▁▁▁▁▁▁▁▁▁▁▁▁▁▁▁▁▁▁▁▁▁▁▁
wandb:        +39 ...
wandb: 
wandb: Run summary:
wandb:  best_val_bpb 1.16958
wandb:      exp_name exp_g_abl_08_B16k_li...
wandb: final_val_bpb 1.16958
wandb:    lm_beta_L0 1.76287
wandb:    lm_beta_L1 2.04099
wandb:    lm_beta_L2 2.17911
wandb:    lm_beta_L3 2.08688
wandb:    lm_beta_L4 2.05792
wandb:    lm_beta_L5 2.11993
wandb:       lm_g_L0 0
wandb:           +44 ...
wandb: 
wandb: 🚀 View run exp_g_abl_08_B16k_light_lmfrozeng_tph128_seed1 at: <wandb-server>/<entity>/Spiky/runs/exp_g_abl_08_B16k_light_lmfrozeng_tph128_seed1
wandb: ⭐️ View project at: <wandb-server>/<entity>/Spiky
wandb: Synced 5 W&B file(s), 0 media file(s), 0 artifact file(s) and 0 other file(s)
wandb: Find logs at: ~/.cache/wandb/wandb/run-20260913_222150-exp_g_abl_08_B16k_light_lmfrozeng_tph128_seed1/logs
[wandb] finished in 0.1s
