Loading tokenizer from /home/starost/.cache/nanochat/tokenizer
Vocab size: 32768, BOS id: 32759
Total params (all fp32): 345,310,726
Q/K Joint MHLut: in_nap=8 tph=96 d_qk=32 (n_outputs=2*d_qk=64)
V MHLut:         in_nap=8 tph=256 d_v=32 (n_outputs=d_v)
out_proj MHLut:  in_nap=6 tph=3056 (n_outputs=E=64) + LayerNorm
Tokens/micro-batch: 4,096 | grad_accum: 1 | effective batch: 4,096 tokens
step      1 | loss=10.4210 | lr=3.75e-07
step    100 | loss=9.5041 | lr=3.75e-05
step    200 | loss=8.3342 | lr=7.50e-05
[VAL] step 200: bpb=2.3462
step    300 | loss=7.7805 | lr=1.12e-04
step    400 | loss=7.2789 | lr=1.50e-04
[VAL] step 400: bpb=2.1086
step    500 | loss=6.9314 | lr=1.87e-04
step    600 | loss=6.7595 | lr=2.25e-04
[VAL] step 600: bpb=2.0197
step    700 | loss=6.6457 | lr=2.62e-04
step    800 | loss=6.5548 | lr=3.00e-04
[VAL] step 800: bpb=1.9861
step    900 | loss=6.4885 | lr=3.00e-04
step   1000 | loss=6.4382 | lr=2.99e-04
[VAL] step 1000: bpb=1.9539
step   1100 | loss=6.3939 | lr=2.99e-04
step   1200 | loss=6.3516 | lr=2.98e-04
[VAL] step 1200: bpb=1.9246
step   1300 | loss=6.2955 | lr=2.97e-04
step   1400 | loss=6.2714 | lr=2.95e-04
[VAL] step 1400: bpb=1.9036
step   1500 | loss=6.2381 | lr=2.94e-04
step   1600 | loss=6.1782 | lr=2.92e-04
[VAL] step 1600: bpb=1.8840
step   1700 | loss=6.1512 | lr=2.90e-04
step   1800 | loss=6.1189 | lr=2.87e-04
[VAL] step 1800: bpb=1.8595
step   1900 | loss=6.0853 | lr=2.85e-04
step   2000 | loss=6.0449 | lr=2.82e-04
[VAL] step 2000: bpb=1.8421
step   2100 | loss=5.9949 | lr=2.79e-04
step   2200 | loss=5.9650 | lr=2.76e-04
[VAL] step 2200: bpb=1.8254
step   2300 | loss=5.9421 | lr=2.72e-04
step   2400 | loss=5.9282 | lr=2.68e-04
[VAL] step 2400: bpb=1.8068
step   2500 | loss=5.9048 | lr=2.65e-04
step   2600 | loss=5.8850 | lr=2.60e-04
[VAL] step 2600: bpb=1.7919
step   2700 | loss=5.8492 | lr=2.56e-04
step   2800 | loss=5.8362 | lr=2.52e-04
[VAL] step 2800: bpb=1.7813
step   2900 | loss=5.8069 | lr=2.47e-04
step   3000 | loss=5.7923 | lr=2.42e-04
[VAL] step 3000: bpb=1.7709
step   3100 | loss=5.7745 | lr=2.38e-04
step   3200 | loss=5.7616 | lr=2.32e-04
[VAL] step 3200: bpb=1.7568
step   3300 | loss=5.7497 | lr=2.27e-04
step   3400 | loss=5.7124 | lr=2.22e-04
[VAL] step 3400: bpb=1.7537
step   3500 | loss=5.7032 | lr=2.17e-04
step   3600 | loss=5.7117 | lr=2.11e-04
[VAL] step 3600: bpb=1.7485
step   3700 | loss=5.6849 | lr=2.06e-04
step   3800 | loss=5.6734 | lr=2.00e-04
[VAL] step 3800: bpb=1.7398
step   3900 | loss=5.6494 | lr=1.94e-04
step   4000 | loss=5.6286 | lr=1.88e-04
[VAL] step 4000: bpb=1.7298
step   4100 | loss=5.6553 | lr=1.83e-04
step   4200 | loss=5.6283 | lr=1.77e-04
[VAL] step 4200: bpb=1.7263
step   4300 | loss=5.6310 | lr=1.71e-04
step   4400 | loss=5.6188 | lr=1.65e-04
[VAL] step 4400: bpb=1.7213
step   4500 | loss=5.6037 | lr=1.59e-04
step   4600 | loss=5.5908 | lr=1.53e-04
[VAL] step 4600: bpb=1.7121
