Loading tokenizer from /home/starost/.cache/nanochat/tokenizer
Vocab size: 32768, BOS id: 32759
TinyMultiHeadLut modules: 18 (expected 18)
Tiny-LUT params (bf16 + bf16 Adam moments): 106,954,752
AdamW params (bf16 storage, bf16 moments via stock AdamW): 22,350,086
Q/K Joint MHLut: in_nap=6 tph=256 d_qk=32 (n_outputs=2*d_qk=64)
V MHLut:         in_nap=7 tph=256 d_v=16 (n_outputs=d_v)
out_proj MHLut:  in_nap=6 tph=[2048, 2048, 1024, 1024, 1024, 1024] (n_outputs=E=96) + LayerNorm
Tokens/micro-batch: 4,096 | grad_accum: 1 | effective batch: 4,096 tokens
step      1 | loss=10.5935 | lr=3.75e-07
step    100 | loss=9.7487 | lr=3.75e-05
step    200 | loss=8.6088 | lr=7.50e-05
[VAL] step 200: bpb=2.3584
step    300 | loss=7.9468 | lr=1.12e-04
step    400 | loss=7.5904 | lr=1.50e-04
[VAL] step 400: bpb=2.2229
step    500 | loss=7.2343 | lr=1.87e-04
step    600 | loss=7.0150 | lr=2.25e-04
[VAL] step 600: bpb=2.0837
step    700 | loss=6.8670 | lr=2.62e-04
step    800 | loss=6.7531 | lr=3.00e-04
[VAL] step 800: bpb=2.0358
step    900 | loss=6.6724 | lr=3.00e-04
step   1000 | loss=6.6147 | lr=2.99e-04
[VAL] step 1000: bpb=2.0016
step   1100 | loss=6.5662 | lr=2.99e-04
step   1200 | loss=6.5237 | lr=2.98e-04
[VAL] step 1200: bpb=1.9785
step   1300 | loss=6.4677 | lr=2.97e-04
step   1400 | loss=6.4484 | lr=2.95e-04
[VAL] step 1400: bpb=1.9596
step   1500 | loss=6.4252 | lr=2.94e-04
step   1600 | loss=6.3724 | lr=2.92e-04
[VAL] step 1600: bpb=1.9459
step   1700 | loss=6.3574 | lr=2.90e-04
step   1800 | loss=6.3400 | lr=2.87e-04
[VAL] step 1800: bpb=1.9322
step   1900 | loss=6.3223 | lr=2.85e-04
step   2000 | loss=6.3007 | lr=2.82e-04
[VAL] step 2000: bpb=1.9233
step   2100 | loss=6.2683 | lr=2.79e-04
step   2200 | loss=6.2510 | lr=2.76e-04
[VAL] step 2200: bpb=1.9114
step   2300 | loss=6.2325 | lr=2.72e-04
step   2400 | loss=6.2253 | lr=2.68e-04
[VAL] step 2400: bpb=1.9009
step   2500 | loss=6.2099 | lr=2.65e-04
step   2600 | loss=6.1997 | lr=2.60e-04
[VAL] step 2600: bpb=1.8882
step   2700 | loss=6.1683 | lr=2.56e-04
step   2800 | loss=6.1573 | lr=2.52e-04
[VAL] step 2800: bpb=1.8792
step   2900 | loss=6.1337 | lr=2.47e-04
step   3000 | loss=6.1205 | lr=2.42e-04
[VAL] step 3000: bpb=1.8688
step   3100 | loss=6.1061 | lr=2.38e-04
step   3200 | loss=6.0924 | lr=2.32e-04
[VAL] step 3200: bpb=1.8567
