Loading tokenizer from /home/starost/.cache/nanochat/tokenizer
Vocab size: 32768, BOS id: 32759
Building model:
Total params (all fp32): 160,909,574
Q/K Joint MHLut: in_nap=6 tph=256 d_qk=32 (n_outputs=2*d_qk=64)
V MHLut:         in_nap=7 tph=256 d_v=24 (n_outputs=d_v)
out_proj MHLut:  in_nap=6 tph=1024 (n_outputs=E=144)
residual MHLut:  in_nap=6 tph=512 (E=144 -> E, fixed across layers, no concat, no inheritance)
Unembedder:      LN(144) -> Linear(144,VOCAB)
Tokens/micro-batch: 4,096 | grad_accum: 1 | effective batch: 4,096 tokens
step      1 | loss=10.5357 | lr=3.75e-07
step    100 | loss=10.1524 | lr=3.75e-05
step    200 | loss=9.6769 | lr=7.50e-05
[VAL] step 200: bpb=2.8056
step    300 | loss=9.0396 | lr=1.12e-04
step    400 | loss=8.3679 | lr=1.50e-04
[VAL] step 400: bpb=2.3949
step    500 | loss=7.9476 | lr=1.87e-04
step    600 | loss=7.8023 | lr=2.25e-04
[VAL] step 600: bpb=2.3635
step    700 | loss=7.6965 | lr=2.62e-04
step    800 | loss=7.5487 | lr=3.00e-04
[VAL] step 800: bpb=2.2702
step    900 | loss=7.3813 | lr=3.00e-04
step   1000 | loss=7.2250 | lr=2.99e-04
[VAL] step 1000: bpb=2.1693
step   1100 | loss=7.1059 | lr=2.99e-04
step   1200 | loss=7.0013 | lr=2.98e-04
[VAL] step 1200: bpb=2.1083
step   1300 | loss=6.9062 | lr=2.97e-04
step   1400 | loss=6.8541 | lr=2.95e-04
[VAL] step 1400: bpb=2.0762
step   1500 | loss=6.8085 | lr=2.94e-04
step   1600 | loss=6.7399 | lr=2.92e-04
[VAL] step 1600: bpb=2.0516
step   1700 | loss=6.7063 | lr=2.90e-04
step   1800 | loss=6.6793 | lr=2.87e-04
[VAL] step 1800: bpb=2.0350
step   1900 | loss=6.6587 | lr=2.85e-04
step   2000 | loss=6.6330 | lr=2.82e-04
[VAL] step 2000: bpb=2.0231
step   2100 | loss=6.6009 | lr=2.79e-04
step   2200 | loss=6.5813 | lr=2.76e-04
[VAL] step 2200: bpb=2.0108
step   2300 | loss=6.5575 | lr=2.72e-04
step   2400 | loss=6.5458 | lr=2.68e-04
[VAL] step 2400: bpb=2.0005
step   2500 | loss=6.5344 | lr=2.65e-04
step   2600 | loss=6.5306 | lr=2.60e-04
[VAL] step 2600: bpb=1.9912
step   2700 | loss=6.4984 | lr=2.56e-04
step   2800 | loss=6.4961 | lr=2.52e-04
[VAL] step 2800: bpb=1.9832
step   2900 | loss=6.4754 | lr=2.47e-04
step   3000 | loss=6.4681 | lr=2.42e-04
[VAL] step 3000: bpb=1.9758
step   3100 | loss=6.4560 | lr=2.38e-04
step   3200 | loss=6.4463 | lr=2.32e-04
[VAL] step 3200: bpb=1.9673
step   3300 | loss=6.4395 | lr=2.27e-04
step   3400 | loss=6.4087 | lr=2.22e-04
[VAL] step 3400: bpb=1.9638
step   3500 | loss=6.4026 | lr=2.17e-04
step   3600 | loss=6.4096 | lr=2.11e-04
[VAL] step 3600: bpb=1.9588
step   3700 | loss=6.3978 | lr=2.06e-04
step   3800 | loss=6.3884 | lr=2.00e-04
[VAL] step 3800: bpb=1.9527
step   3900 | loss=6.3667 | lr=1.94e-04
step   4000 | loss=6.3597 | lr=1.88e-04
[VAL] step 4000: bpb=1.9481
step   4100 | loss=6.3831 | lr=1.83e-04
step   4200 | loss=6.3558 | lr=1.77e-04
[VAL] step 4200: bpb=1.9438
step   4300 | loss=6.3594 | lr=1.71e-04
step   4400 | loss=6.3490 | lr=1.65e-04
[VAL] step 4400: bpb=1.9411
step   4500 | loss=6.3440 | lr=1.59e-04
step   4600 | loss=6.3327 | lr=1.53e-04
[VAL] step 4600: bpb=1.9352
step   4700 | loss=6.3384 | lr=1.47e-04
step   4800 | loss=6.3363 | lr=1.42e-04
[VAL] step 4800: bpb=1.9325
step   4900 | loss=6.3133 | lr=1.36e-04
step   5000 | loss=6.3161 | lr=1.30e-04
[VAL] step 5000: bpb=1.9264
step   5100 | loss=6.2990 | lr=1.24e-04
step   5200 | loss=6.2800 | lr=1.19e-04
[VAL] step 5200: bpb=1.9235
step   5300 | loss=6.2796 | lr=1.13e-04
step   5400 | loss=6.2662 | lr=1.08e-04
[VAL] step 5400: bpb=1.9190
step   5500 | loss=6.2587 | lr=1.03e-04
step   5600 | loss=6.2756 | lr=9.75e-05
[VAL] step 5600: bpb=1.9172
step   5700 | loss=6.2609 | lr=9.25e-05
step   5800 | loss=6.2593 | lr=8.76e-05
[VAL] step 5800: bpb=1.9146
step   5900 | loss=6.2676 | lr=8.28e-05
step   6000 | loss=6.2496 | lr=7.82e-05
[VAL] step 6000: bpb=1.9109
step   6100 | loss=6.2419 | lr=7.38e-05
step   6200 | loss=6.2367 | lr=6.95e-05
[VAL] step 6200: bpb=1.9108
step   6300 | loss=6.2411 | lr=6.55e-05
step   6400 | loss=6.2273 | lr=6.16e-05
[VAL] step 6400: bpb=1.9057
step   6500 | loss=6.2250 | lr=5.79e-05
step   6600 | loss=6.2325 | lr=5.44e-05
[VAL] step 6600: bpb=1.9040
step   6700 | loss=6.2281 | lr=5.11e-05
step   6800 | loss=6.2212 | lr=4.81e-05
[VAL] step 6800: bpb=1.9025
step   6900 | loss=6.2218 | lr=4.53e-05
step   7000 | loss=6.2185 | lr=4.26e-05
[VAL] step 7000: bpb=1.9019
step   7100 | loss=6.2106 | lr=4.03e-05
step   7200 | loss=6.2116 | lr=3.81e-05
[VAL] step 7200: bpb=1.8997
step   7300 | loss=6.2055 | lr=3.62e-05
step   7400 | loss=6.2142 | lr=3.46e-05
[VAL] step 7400: bpb=1.8989
step   7500 | loss=6.2054 | lr=3.32e-05
step   7600 | loss=6.1952 | lr=3.21e-05
[VAL] step 7600: bpb=1.8980
step   7700 | loss=6.1853 | lr=3.12e-05
step   7800 | loss=6.1980 | lr=3.05e-05
[VAL] step 7800: bpb=1.8956
step   7900 | loss=6.1961 | lr=3.01e-05
step   8000 | loss=6.1905 | lr=3.00e-05
[VAL] step 8000: bpb=1.8956

=== DONE ===
{
  "exp_name": "exp095_residual_e_to_e",
  "best_val_bpb": 1.895620177798955,
  "final_val_bpb": 1.895620177798955,
  "n_params": 160909574,
  "training_time_hours": 0.983
}
