Loading tokenizer from /home/starost/.cache/nanochat/tokenizer
Vocab size: 32768, BOS id: 32759
Total params (all fp32): 167,904,262
Q/K MLPs (per-head): 64->256->ReLU->64->LN, H=6
V MHLut:         in_nap=8 tph=256 d_v=32 (n_outputs=d_v)
out_proj MHLut:  in_nap=6 tph=3056 (n_outputs=E=64) + LayerNorm
Tokens/micro-batch: 4,096 | grad_accum: 1 | effective batch: 4,096 tokens
step      1 | loss=10.5157 | lr=3.75e-07
step    100 | loss=9.9017 | lr=3.75e-05
step    200 | loss=8.9808 | lr=7.50e-05
[VAL] step 200: bpb=2.4568
step    300 | loss=8.1919 | lr=1.12e-04
step    400 | loss=7.8516 | lr=1.50e-04
[VAL] step 400: bpb=2.3443
step    500 | loss=7.6522 | lr=1.87e-04
step    600 | loss=7.5000 | lr=2.25e-04
[VAL] step 600: bpb=2.2506
step    700 | loss=7.3461 | lr=2.62e-04
step    800 | loss=7.1919 | lr=3.00e-04
[VAL] step 800: bpb=2.1647
step    900 | loss=7.0602 | lr=3.00e-04
step   1000 | loss=6.9548 | lr=2.99e-04
[VAL] step 1000: bpb=2.0967
step   1100 | loss=6.8673 | lr=2.99e-04
step   1200 | loss=6.7775 | lr=2.98e-04
[VAL] step 1200: bpb=2.0465
step   1300 | loss=6.6814 | lr=2.97e-04
step   1400 | loss=6.6242 | lr=2.95e-04
[VAL] step 1400: bpb=2.0059
step   1500 | loss=6.5713 | lr=2.94e-04
step   1600 | loss=6.4959 | lr=2.92e-04
[VAL] step 1600: bpb=1.9781
step   1700 | loss=6.4647 | lr=2.90e-04
step   1800 | loss=6.4321 | lr=2.87e-04
[VAL] step 1800: bpb=1.9592
step   1900 | loss=6.4050 | lr=2.85e-04
step   2000 | loss=6.3734 | lr=2.82e-04
[VAL] step 2000: bpb=1.9441
step   2100 | loss=6.3353 | lr=2.79e-04
step   2200 | loss=6.3134 | lr=2.76e-04
[VAL] step 2200: bpb=1.9326
step   2300 | loss=6.2900 | lr=2.72e-04
step   2400 | loss=6.2801 | lr=2.68e-04
[VAL] step 2400: bpb=1.9187
step   2500 | loss=6.2606 | lr=2.65e-04
step   2600 | loss=6.2490 | lr=2.60e-04
[VAL] step 2600: bpb=1.9057
step   2700 | loss=6.2151 | lr=2.56e-04
step   2800 | loss=6.2065 | lr=2.52e-04
[VAL] step 2800: bpb=1.8953
step   2900 | loss=6.1789 | lr=2.47e-04
step   3000 | loss=6.1691 | lr=2.42e-04
[VAL] step 3000: bpb=1.8853
step   3100 | loss=6.1539 | lr=2.38e-04
step   3200 | loss=6.1415 | lr=2.32e-04
[VAL] step 3200: bpb=1.8754
step   3300 | loss=6.1316 | lr=2.27e-04
step   3400 | loss=6.0972 | lr=2.22e-04
[VAL] step 3400: bpb=1.8687
step   3500 | loss=6.0879 | lr=2.17e-04
step   3600 | loss=6.0938 | lr=2.11e-04
[VAL] step 3600: bpb=1.8630
step   3700 | loss=6.0729 | lr=2.06e-04
step   3800 | loss=6.0624 | lr=2.00e-04
[VAL] step 3800: bpb=1.8543
step   3900 | loss=6.0386 | lr=1.94e-04
step   4000 | loss=6.0228 | lr=1.88e-04
[VAL] step 4000: bpb=1.8465
step   4100 | loss=6.0457 | lr=1.83e-04
step   4200 | loss=6.0156 | lr=1.77e-04
[VAL] step 4200: bpb=1.8417
step   4300 | loss=6.0162 | lr=1.71e-04
step   4400 | loss=6.0002 | lr=1.65e-04
[VAL] step 4400: bpb=1.8328
step   4500 | loss=5.9890 | lr=1.59e-04
step   4600 | loss=5.9745 | lr=1.53e-04
[VAL] step 4600: bpb=1.8294
step   4700 | loss=5.9761 | lr=1.47e-04
step   4800 | loss=5.9703 | lr=1.42e-04
[VAL] step 4800: bpb=1.8213
step   4900 | loss=5.9433 | lr=1.36e-04
step   5000 | loss=5.9378 | lr=1.30e-04
[VAL] step 5000: bpb=1.8130
step   5100 | loss=5.9199 | lr=1.24e-04
step   5200 | loss=5.9005 | lr=1.19e-04
[VAL] step 5200: bpb=1.8074
step   5300 | loss=5.8874 | lr=1.13e-04
step   5400 | loss=5.8720 | lr=1.08e-04
[VAL] step 5400: bpb=1.8041
step   5500 | loss=5.8716 | lr=1.03e-04
step   5600 | loss=5.8836 | lr=9.75e-05
[VAL] step 5600: bpb=1.7988
step   5700 | loss=5.8651 | lr=9.25e-05
step   5800 | loss=5.8552 | lr=8.76e-05
[VAL] step 5800: bpb=1.7947
step   5900 | loss=5.8578 | lr=8.28e-05
step   6000 | loss=5.8431 | lr=7.82e-05
[VAL] step 6000: bpb=1.7903
