Failed to import warp: No module named 'warp'
Failed to import mujoco_warp: No module named 'warp'
MHL-LIF SAC actor heads=1 tph=64 n_det=1 buckets=32 seed=2 | 12 outputs/cell (6 mu + 6 log-sigma) | front-end 4,416 + table 24,576 = 28,992 params (103.4% of the 28,032 hyperplane baseline; 28,864 trainable) | cells 64x32 = 2,048 | delay_init_std=4.0 table_init_std=0.01250 | temperatures FROZEN at 1.0 | no eps
[  500/10000] steps    32,000 | MJX ret     29.1 | cell-cov   0.0% | digit 25.543 | nosp 0.532 | eff  4.89/32 | Tbkt 1.000 | Tcr 1.000 | best     29.1 |   2.8m
[ 1000/10000] steps    64,000 | MJX ret    -21.7 | cell-cov  62.9% | digit 28.058 | nosp 0.476 | eff  3.12/32 | Tbkt 1.000 | Tcr 1.000 | best     29.1 |   5.0m
[ 1500/10000] steps    96,000 | MJX ret    361.8 | cell-cov  64.6% | digit 28.040 | nosp 0.431 | eff  2.94/32 | Tbkt 1.000 | Tcr 1.000 | best    361.8 |   6.6m
[ 2000/10000] steps   128,000 | MJX ret    406.8 | cell-cov  66.0% | digit 27.452 | nosp 0.345 | eff  3.08/32 | Tbkt 1.000 | Tcr 1.000 | best    406.8 |   8.2m
[ 2500/10000] steps   160,000 | MJX ret    394.3 | cell-cov  67.3% | digit 26.799 | nosp 0.328 | eff  3.62/32 | Tbkt 1.000 | Tcr 1.000 | best    406.8 |   9.7m
[ 3000/10000] steps   192,000 | MJX ret    378.1 | cell-cov  68.7% | digit 26.458 | nosp 0.277 | eff  4.28/32 | Tbkt 1.000 | Tcr 1.000 | best    406.8 |  11.3m
[ 3500/10000] steps   224,000 | MJX ret    468.7 | cell-cov  69.4% | digit 25.832 | nosp 0.222 | eff  4.37/32 | Tbkt 1.000 | Tcr 1.000 | best    468.7 |  12.9m
[ 4000/10000] steps   256,000 | MJX ret    403.7 | cell-cov  70.0% | digit 25.949 | nosp 0.199 | eff  4.21/32 | Tbkt 1.000 | Tcr 1.000 | best    468.7 |  14.4m
[ 4500/10000] steps   288,000 | MJX ret    734.2 | cell-cov  70.6% | digit 25.724 | nosp 0.176 | eff  4.53/32 | Tbkt 1.000 | Tcr 1.000 | best    734.2 |  15.9m
[ 5000/10000] steps   320,000 | MJX ret    806.2 | cell-cov  71.3% | digit 25.675 | nosp 0.143 | eff  4.54/32 | Tbkt 1.000 | Tcr 1.000 | best    806.2 |  17.4m
[ 5500/10000] steps   352,000 | MJX ret    979.4 | cell-cov  71.5% | digit 25.021 | nosp 0.119 | eff  4.47/32 | Tbkt 1.000 | Tcr 1.000 | best    979.4 |  18.8m
[ 6000/10000] steps   384,000 | MJX ret    938.5 | cell-cov  72.1% | digit 24.313 | nosp 0.105 | eff  4.24/32 | Tbkt 1.000 | Tcr 1.000 | best    979.4 |  20.3m
[ 6500/10000] steps   416,000 | MJX ret    821.2 | cell-cov  72.5% | digit 24.137 | nosp 0.085 | eff  4.28/32 | Tbkt 1.000 | Tcr 1.000 | best    979.4 |  21.7m
[ 7000/10000] steps   448,000 | MJX ret    805.5 | cell-cov  72.9% | digit 23.613 | nosp 0.079 | eff  4.58/32 | Tbkt 1.000 | Tcr 1.000 | best    979.4 |  23.2m
[ 7500/10000] steps   480,000 | MJX ret    841.9 | cell-cov  73.4% | digit 23.556 | nosp 0.075 | eff  4.26/32 | Tbkt 1.000 | Tcr 1.000 | best    979.4 |  24.6m
[ 8000/10000] steps   512,000 | MJX ret    917.2 | cell-cov  73.7% | digit 23.399 | nosp 0.055 | eff  4.46/32 | Tbkt 1.000 | Tcr 1.000 | best    979.4 |  26.1m
[ 8500/10000] steps   544,000 | MJX ret   1001.3 | cell-cov  74.6% | digit 22.738 | nosp 0.031 | eff  4.29/32 | Tbkt 1.000 | Tcr 1.000 | best   1001.3 |  27.6m
[ 9000/10000] steps   576,000 | MJX ret   1195.7 | cell-cov  75.0% | digit 22.259 | nosp 0.021 | eff  4.56/32 | Tbkt 1.000 | Tcr 1.000 | best   1195.7 |  29.1m
[ 9500/10000] steps   608,000 | MJX ret   1090.8 | cell-cov  75.5% | digit 22.064 | nosp 0.008 | eff  4.35/32 | Tbkt 1.000 | Tcr 1.000 | best   1195.7 |  30.5m
[10000/10000] steps   640,000 | MJX ret   1155.1 | cell-cov  76.0% | digit 21.836 | nosp 0.033 | eff  4.41/32 | Tbkt 1.000 | Tcr 1.000 | best   1195.7 |  31.4m
done: best MJX 1195.7 over 640,000 env-steps in 31.4 min
Failed to import warp: No module named 'warp'
Failed to import mujoco_warp: No module named 'warp'
  note: 3 of 1920 boundary gaps are exactly 0 (float32 cumsum resolution at boundary magnitudes up to 69.9) — 3 empty buckets, addressing still monotone
mhl_sac_c44_s2_actor.npz (28,992 params = 4,416 front-end + 24,576 table) [eval] 1 det x 32 bkt = 32 cells / tph64
  CPU-reference 100-ep deterministic: 1134.7 +/- 74.6  full 0/100  vel 2.470 m/s  len 327  [27s]
