Loading tokenizer from /home/starost/.cache/nanochat/tokenizer
Vocab size: 32768, BOS id: 32759
Total params (all fp32): 358,420,230
Q/K Joint MultiHeadLut(smooth=False, n_alt=3, noise_eps=0.002): in_nap=6 tph=256 d_qk=64 (n_outputs=2*d_qk=128) init_std=0.001 [no V2D, q_norm+k_norm -> SDPA]
V MultiHeadLut(smooth=False, n_alt=3, noise_eps=0.002):       in_nap=8 tph=256 d_v=32 (n_outputs=d_v)
out_proj MultiHeadLut(smooth=False, n_alt=3, noise_eps=0.002): in_nap=6 tph=[2048, 2048, 1024, 1024, 1024, 1024] (n_outputs=E=96) + out_v2d/out_d2v
V2D out:         init_T=0.1 learnable=True
Attention:       SDPA (causal); plain default 1/sqrt(d_qk=64)=0.1250, no learnable attn_scale
Tracking 6 learnable temperatures in temperatures.csv
Tokens/micro-batch: 4,096 | grad_accum: 1 | effective batch: 4,096 tokens
step      1 | loss=10.4100 | lr=3.75e-07
step    100 | loss=9.3711 | lr=3.75e-05
step    200 | loss=8.2680 | lr=7.50e-05
[VAL] step 200: bpb=2.3347
step    300 | loss=7.7046 | lr=1.12e-04
step    400 | loss=7.1973 | lr=1.50e-04
[VAL] step 400: bpb=2.0791
step    500 | loss=6.8688 | lr=1.87e-04
step    600 | loss=6.7088 | lr=2.25e-04
[VAL] step 600: bpb=2.0064
step    700 | loss=6.5988 | lr=2.62e-04
step    800 | loss=6.5070 | lr=3.00e-04
[VAL] step 800: bpb=1.9688
step    900 | loss=6.4333 | lr=3.00e-04
step   1000 | loss=6.3614 | lr=2.99e-04
[VAL] step 1000: bpb=1.9197
step   1100 | loss=6.2842 | lr=2.99e-04
step   1200 | loss=6.2109 | lr=2.98e-04
[VAL] step 1200: bpb=1.8733
step   1300 | loss=6.1284 | lr=2.97e-04
step   1400 | loss=6.0879 | lr=2.95e-04
[VAL] step 1400: bpb=1.8424
step   1500 | loss=6.0408 | lr=2.94e-04
step   1600 | loss=5.9686 | lr=2.92e-04
[VAL] step 1600: bpb=1.8197
step   1700 | loss=5.9420 | lr=2.90e-04
step   1800 | loss=5.9097 | lr=2.87e-04
[VAL] step 1800: bpb=1.7960
step   1900 | loss=5.8754 | lr=2.85e-04
step   2000 | loss=5.8435 | lr=2.82e-04
[VAL] step 2000: bpb=1.7809
step   2100 | loss=5.7941 | lr=2.79e-04
step   2200 | loss=5.7731 | lr=2.76e-04
[VAL] step 2200: bpb=1.7694
step   2300 | loss=5.7530 | lr=2.72e-04
step   2400 | loss=5.7479 | lr=2.68e-04
[VAL] step 2400: bpb=1.7521
step   2500 | loss=5.7263 | lr=2.65e-04
step   2600 | loss=5.7077 | lr=2.60e-04
[VAL] step 2600: bpb=1.7405
step   2700 | loss=5.6739 | lr=2.56e-04
step   2800 | loss=5.6599 | lr=2.52e-04
[VAL] step 2800: bpb=1.7301
step   2900 | loss=5.6353 | lr=2.47e-04
step   3000 | loss=5.6204 | lr=2.42e-04
[VAL] step 3000: bpb=1.7200
step   3100 | loss=5.6041 | lr=2.38e-04
step   3200 | loss=5.5945 | lr=2.32e-04
[VAL] step 3200: bpb=1.7097
step   3300 | loss=5.5832 | lr=2.27e-04
step   3400 | loss=5.5450 | lr=2.22e-04
[VAL] step 3400: bpb=1.7020
step   3500 | loss=5.5344 | lr=2.17e-04
step   3600 | loss=5.5437 | lr=2.11e-04
[VAL] step 3600: bpb=1.6981
step   3700 | loss=5.5164 | lr=2.06e-04
step   3800 | loss=5.5060 | lr=2.00e-04
[VAL] step 3800: bpb=1.6897
step   3900 | loss=5.4818 | lr=1.94e-04
step   4000 | loss=5.4622 | lr=1.88e-04
[VAL] step 4000: bpb=1.6794
step   4100 | loss=5.4927 | lr=1.83e-04
step   4200 | loss=5.4658 | lr=1.77e-04
[VAL] step 4200: bpb=1.6764
step   4300 | loss=5.4693 | lr=1.71e-04
step   4400 | loss=5.4583 | lr=1.65e-04
[VAL] step 4400: bpb=1.6719
step   4500 | loss=5.4411 | lr=1.59e-04
step   4600 | loss=5.4311 | lr=1.53e-04
[VAL] step 4600: bpb=1.6634
step   4700 | loss=5.4295 | lr=1.47e-04
step   4800 | loss=5.4271 | lr=1.42e-04
[VAL] step 4800: bpb=1.6610
step   4900 | loss=5.4032 | lr=1.36e-04
step   5000 | loss=5.3978 | lr=1.30e-04
[VAL] step 5000: bpb=1.6535
step   5100 | loss=5.3885 | lr=1.24e-04
step   5200 | loss=5.3702 | lr=1.19e-04
[VAL] step 5200: bpb=1.6489
step   5300 | loss=5.3558 | lr=1.13e-04
step   5400 | loss=5.3416 | lr=1.08e-04
[VAL] step 5400: bpb=1.6442
step   5500 | loss=5.3516 | lr=1.03e-04
step   5600 | loss=5.3658 | lr=9.75e-05
[VAL] step 5600: bpb=1.6409
step   5700 | loss=5.3485 | lr=9.25e-05
step   5800 | loss=5.3390 | lr=8.76e-05
[VAL] step 5800: bpb=1.6387
step   5900 | loss=5.3422 | lr=8.28e-05
step   6000 | loss=5.3314 | lr=7.82e-05
[VAL] step 6000: bpb=1.6352
step   6100 | loss=5.3183 | lr=7.38e-05
step   6200 | loss=5.3180 | lr=6.95e-05
[VAL] step 6200: bpb=1.6324
step   6300 | loss=5.3192 | lr=6.55e-05
step   6400 | loss=5.3041 | lr=6.16e-05
[VAL] step 6400: bpb=1.6294
step   6500 | loss=5.2923 | lr=5.79e-05
step   6600 | loss=5.2978 | lr=5.44e-05
[VAL] step 6600: bpb=1.6259
step   6700 | loss=5.2942 | lr=5.11e-05
step   6800 | loss=5.2852 | lr=4.81e-05
[VAL] step 6800: bpb=1.6243
step   6900 | loss=5.2866 | lr=4.53e-05
step   7000 | loss=5.2886 | lr=4.26e-05
[VAL] step 7000: bpb=1.6222
step   7100 | loss=5.2804 | lr=4.03e-05
step   7200 | loss=5.2841 | lr=3.81e-05
[VAL] step 7200: bpb=1.6206
step   7300 | loss=5.2680 | lr=3.62e-05
step   7400 | loss=5.2801 | lr=3.46e-05
[VAL] step 7400: bpb=1.6193
step   7500 | loss=5.2685 | lr=3.32e-05
step   7600 | loss=5.2631 | lr=3.21e-05
[VAL] step 7600: bpb=1.6170
step   7700 | loss=5.2562 | lr=3.12e-05
step   7800 | loss=5.2705 | lr=3.05e-05
[VAL] step 7800: bpb=1.6149
step   7900 | loss=5.2681 | lr=3.01e-05
step   8000 | loss=5.2597 | lr=3.00e-05
[VAL] step 8000: bpb=1.6151

=== DONE ===
{
  "exp_name": "exp261_mhlut_smooth_false_noise",
  "best_val_bpb": 1.6148832175732937,
  "final_val_bpb": 1.6150883197157604,
  "n_params": 358420230,
  "training_time_hours": 1.863
}
