Loading tokenizer from /home/starost/.cache/nanochat/tokenizer
Vocab size: 32768, BOS id: 32759
Total params (all fp32): 316,507,654
Q/K Joint MHLut: in_nap=8 tph=256 d_qk=32 (n_outputs=2*d_qk=64)
V MHLut:         in_nap=8 tph=256 d_v=32 (n_outputs=d_v)
out_proj MHLut:  in_nap=6 tph=3056 (n_outputs=E=64) + LayerNorm
Tokens/micro-batch: 4,096 | grad_accum: 1 | effective batch: 4,096 tokens
step      1 | loss=10.5543 | lr=3.75e-07
step    100 | loss=9.9125 | lr=3.75e-05
step    200 | loss=8.9638 | lr=7.50e-05
[VAL] step 200: bpb=2.4439
step    300 | loss=8.1245 | lr=1.12e-04
step    400 | loss=7.5533 | lr=1.50e-04
[VAL] step 400: bpb=2.1681
step    500 | loss=7.1572 | lr=1.87e-04
step    600 | loss=6.9507 | lr=2.25e-04
[VAL] step 600: bpb=2.0686
step    700 | loss=6.8177 | lr=2.62e-04
step    800 | loss=6.7177 | lr=3.00e-04
[VAL] step 800: bpb=2.0302
step    900 | loss=6.6452 | lr=3.00e-04
step   1000 | loss=6.5936 | lr=2.99e-04
[VAL] step 1000: bpb=1.9977
step   1100 | loss=6.5495 | lr=2.99e-04
step   1200 | loss=6.5089 | lr=2.98e-04
[VAL] step 1200: bpb=1.9745
step   1300 | loss=6.4537 | lr=2.97e-04
step   1400 | loss=6.4328 | lr=2.95e-04
[VAL] step 1400: bpb=1.9569
step   1500 | loss=6.4061 | lr=2.94e-04
step   1600 | loss=6.3491 | lr=2.92e-04
[VAL] step 1600: bpb=1.9362
step   1700 | loss=6.3267 | lr=2.90e-04
step   1800 | loss=6.3018 | lr=2.87e-04
[VAL] step 1800: bpb=1.9197
step   1900 | loss=6.2742 | lr=2.85e-04
step   2000 | loss=6.2404 | lr=2.82e-04
[VAL] step 2000: bpb=1.9011
step   2100 | loss=6.1948 | lr=2.79e-04
step   2200 | loss=6.1651 | lr=2.76e-04
[VAL] step 2200: bpb=1.8844
step   2300 | loss=6.1381 | lr=2.72e-04
step   2400 | loss=6.1243 | lr=2.68e-04
[VAL] step 2400: bpb=1.8691
step   2500 | loss=6.1021 | lr=2.65e-04
step   2600 | loss=6.0862 | lr=2.60e-04
[VAL] step 2600: bpb=1.8542
step   2700 | loss=6.0491 | lr=2.56e-04
step   2800 | loss=6.0359 | lr=2.52e-04
[VAL] step 2800: bpb=1.8416
step   2900 | loss=6.0073 | lr=2.47e-04
step   3000 | loss=5.9948 | lr=2.42e-04
[VAL] step 3000: bpb=1.8297
step   3100 | loss=5.9773 | lr=2.38e-04
step   3200 | loss=5.9641 | lr=2.32e-04
[VAL] step 3200: bpb=1.8183
step   3300 | loss=5.9520 | lr=2.27e-04
step   3400 | loss=5.9125 | lr=2.22e-04
[VAL] step 3400: bpb=1.8110
step   3500 | loss=5.9030 | lr=2.17e-04
step   3600 | loss=5.9116 | lr=2.11e-04
[VAL] step 3600: bpb=1.8074
step   3700 | loss=5.8863 | lr=2.06e-04
step   3800 | loss=5.8759 | lr=2.00e-04
[VAL] step 3800: bpb=1.7983
step   3900 | loss=5.8525 | lr=1.94e-04
step   4000 | loss=5.8347 | lr=1.88e-04
[VAL] step 4000: bpb=1.7902
step   4100 | loss=5.8607 | lr=1.83e-04
step   4200 | loss=5.8312 | lr=1.77e-04
[VAL] step 4200: bpb=1.7846
step   4300 | loss=5.8350 | lr=1.71e-04
step   4400 | loss=5.8203 | lr=1.65e-04
[VAL] step 4400: bpb=1.7800
step   4500 | loss=5.8060 | lr=1.59e-04
step   4600 | loss=5.7961 | lr=1.53e-04
[VAL] step 4600: bpb=1.7739
step   4700 | loss=5.7979 | lr=1.47e-04
step   4800 | loss=5.7951 | lr=1.42e-04
[VAL] step 4800: bpb=1.7682
step   4900 | loss=5.7705 | lr=1.36e-04
step   5000 | loss=5.7659 | lr=1.30e-04
[VAL] step 5000: bpb=1.7614
step   5100 | loss=5.7486 | lr=1.24e-04
step   5200 | loss=5.7309 | lr=1.19e-04
[VAL] step 5200: bpb=1.7565
step   5300 | loss=5.7199 | lr=1.13e-04
step   5400 | loss=5.7051 | lr=1.08e-04
[VAL] step 5400: bpb=1.7543
step   5500 | loss=5.7089 | lr=1.03e-04
step   5600 | loss=5.7225 | lr=9.75e-05
[VAL] step 5600: bpb=1.7480
step   5700 | loss=5.7050 | lr=9.25e-05
step   5800 | loss=5.6954 | lr=8.76e-05
[VAL] step 5800: bpb=1.7472
step   5900 | loss=5.7024 | lr=8.28e-05
step   6000 | loss=5.6867 | lr=7.82e-05
[VAL] step 6000: bpb=1.7414
step   6100 | loss=5.6739 | lr=7.38e-05
step   6200 | loss=5.6714 | lr=6.95e-05
[VAL] step 6200: bpb=1.7383
step   6300 | loss=5.6747 | lr=6.55e-05
step   6400 | loss=5.6576 | lr=6.16e-05
[VAL] step 6400: bpb=1.7349
step   6500 | loss=5.6505 | lr=5.79e-05
step   6600 | loss=5.6563 | lr=5.44e-05
[VAL] step 6600: bpb=1.7324
step   6700 | loss=5.6515 | lr=5.11e-05
step   6800 | loss=5.6436 | lr=4.81e-05
[VAL] step 6800: bpb=1.7301
step   6900 | loss=5.6436 | lr=4.53e-05
step   7000 | loss=5.6423 | lr=4.26e-05
[VAL] step 7000: bpb=1.7285
step   7100 | loss=5.6346 | lr=4.03e-05
step   7200 | loss=5.6371 | lr=3.81e-05
[VAL] step 7200: bpb=1.7274
step   7300 | loss=5.6253 | lr=3.62e-05
step   7400 | loss=5.6351 | lr=3.46e-05
[VAL] step 7400: bpb=1.7240
step   7500 | loss=5.6237 | lr=3.32e-05
step   7600 | loss=5.6145 | lr=3.21e-05
[VAL] step 7600: bpb=1.7238
step   7700 | loss=5.6054 | lr=3.12e-05
step   7800 | loss=5.6187 | lr=3.05e-05
[VAL] step 7800: bpb=1.7217
step   7900 | loss=5.6156 | lr=3.01e-05
step   8000 | loss=5.6055 | lr=3.00e-05
[VAL] step 8000: bpb=1.7213

=== DONE ===
{
  "exp_name": "exp143_attn_scale_0_4",
  "best_val_bpb": 1.7212747912237492,
  "final_val_bpb": 1.7212747912237492,
  "n_params": 316507654,
  "training_time_hours": 0.602
}
