Loading tokenizer from /home/starost/.cache/nanochat/tokenizer
Vocab size: 32768, BOS id: 32759
Total params (all fp32): 392,005,126
Q/K Joint MHLut: in_nap=8 tph=384 d_qk=32 (n_outputs=2*d_qk=64)
V MHLut:         in_nap=8 tph=256 d_v=32 (n_outputs=d_v)
out_proj MHLut:  in_nap=6 tph=3056 (n_outputs=E=64) + LayerNorm
Tokens/micro-batch: 4,096 | grad_accum: 1 | effective batch: 4,096 tokens
step      1 | loss=10.5508 | lr=3.75e-07
step    100 | loss=9.9164 | lr=3.75e-05
step    200 | loss=8.9841 | lr=7.50e-05
[VAL] step 200: bpb=2.4530
step    300 | loss=8.1887 | lr=1.12e-04
step    400 | loss=7.8361 | lr=1.50e-04
[VAL] step 400: bpb=2.3329
step    500 | loss=7.6256 | lr=1.87e-04
step    600 | loss=7.5072 | lr=2.25e-04
[VAL] step 600: bpb=2.2669
step    700 | loss=7.4139 | lr=2.62e-04
step    800 | loss=7.3221 | lr=3.00e-04
[VAL] step 800: bpb=2.2257
step    900 | loss=7.2458 | lr=3.00e-04
step   1000 | loss=7.1872 | lr=2.99e-04
[VAL] step 1000: bpb=2.1824
step   1100 | loss=7.1382 | lr=2.99e-04
step   1200 | loss=7.0897 | lr=2.98e-04
[VAL] step 1200: bpb=2.1518
