Loading tokenizer from /home/starost/.cache/nanochat/tokenizer
Vocab size: 32768, BOS id: 32759
V2DSDPATransformer: depth=6, E=192, H=6, E_H=32, E_QK=64, D=1456, seq_len=512
LUT: nap=6 (2^nap=64 cells), tph=1536, n_sparse=32, n_alt=1, smooth=True
Params: 78,339,456
AdamW groups: decay=40,581,120 lut_nodecay=37,748,736 nodecay=9,600
Tokens/micro-batch: 4,096 | grad_accum: 1 | effective batch: 4,096 tokens
step      1 | loss=10.4035 | lr=3.75e-07
step    100 | loss=10.2334 | lr=3.75e-05
step    200 | loss=9.0773 | lr=7.50e-05
[VAL] step 200: bpb=2.3596
step    300 | loss=8.1300 | lr=1.12e-04
step    400 | loss=7.6455 | lr=1.50e-04
[VAL] step 400: bpb=2.2250
step    500 | loss=7.2835 | lr=1.87e-04
step    600 | loss=7.0715 | lr=2.25e-04
[VAL] step 600: bpb=2.1059
step    700 | loss=6.9233 | lr=2.62e-04
step    800 | loss=6.8052 | lr=3.00e-04
[VAL] step 800: bpb=2.0538
step    900 | loss=6.7190 | lr=3.00e-04
step   1000 | loss=6.6591 | lr=2.99e-04
[VAL] step 1000: bpb=2.0169
step   1100 | loss=6.6123 | lr=2.99e-04
step   1200 | loss=6.5711 | lr=2.98e-04
[VAL] step 1200: bpb=1.9933
step   1300 | loss=6.5167 | lr=2.97e-04
step   1400 | loss=6.4990 | lr=2.95e-04
[VAL] step 1400: bpb=1.9787
step   1500 | loss=6.4778 | lr=2.94e-04
step   1600 | loss=6.4239 | lr=2.92e-04
[VAL] step 1600: bpb=1.9592
step   1700 | loss=6.4069 | lr=2.90e-04
step   1800 | loss=6.3885 | lr=2.87e-04
[VAL] step 1800: bpb=1.9483
step   1900 | loss=6.3706 | lr=2.85e-04
step   2000 | loss=6.3478 | lr=2.82e-04
[VAL] step 2000: bpb=1.9361
step   2100 | loss=6.3195 | lr=2.79e-04
step   2200 | loss=6.3005 | lr=2.76e-04
[VAL] step 2200: bpb=1.9277
step   2300 | loss=6.2821 | lr=2.72e-04
step   2400 | loss=6.2739 | lr=2.68e-04
[VAL] step 2400: bpb=1.9148
step   2500 | loss=6.2610 | lr=2.65e-04
step   2600 | loss=6.2521 | lr=2.60e-04
[VAL] step 2600: bpb=1.9060
step   2700 | loss=6.2226 | lr=2.56e-04
step   2800 | loss=6.2162 | lr=2.52e-04
[VAL] step 2800: bpb=1.8986
step   2900 | loss=6.1956 | lr=2.47e-04
step   3000 | loss=6.1862 | lr=2.42e-04
[VAL] step 3000: bpb=1.8904
step   3100 | loss=6.1733 | lr=2.38e-04
step   3200 | loss=6.1625 | lr=2.32e-04
[VAL] step 3200: bpb=1.8804
step   3300 | loss=6.1544 | lr=2.27e-04
step   3400 | loss=6.1203 | lr=2.22e-04
[VAL] step 3400: bpb=1.8733
step   3500 | loss=6.1112 | lr=2.17e-04
step   3600 | loss=6.1187 | lr=2.11e-04
[VAL] step 3600: bpb=1.8684
step   3700 | loss=6.0986 | lr=2.06e-04
step   3800 | loss=6.0876 | lr=2.00e-04
[VAL] step 3800: bpb=1.8625
step   3900 | loss=6.0653 | lr=1.94e-04
step   4000 | loss=6.0510 | lr=1.88e-04
[VAL] step 4000: bpb=1.8550
step   4100 | loss=6.0731 | lr=1.83e-04
step   4200 | loss=6.0449 | lr=1.77e-04
[VAL] step 4200: bpb=1.8480
step   4300 | loss=6.0456 | lr=1.71e-04
step   4400 | loss=6.0310 | lr=1.65e-04
[VAL] step 4400: bpb=1.8423
step   4500 | loss=6.0201 | lr=1.59e-04
step   4600 | loss=6.0060 | lr=1.53e-04
[VAL] step 4600: bpb=1.8348
step   4700 | loss=6.0069 | lr=1.47e-04
step   4800 | loss=5.9996 | lr=1.42e-04
[VAL] step 4800: bpb=1.8291
step   4900 | loss=5.9725 | lr=1.36e-04
step   5000 | loss=5.9654 | lr=1.30e-04
[VAL] step 5000: bpb=1.8209
step   5100 | loss=5.9468 | lr=1.24e-04
step   5200 | loss=5.9288 | lr=1.19e-04
[VAL] step 5200: bpb=1.8164
step   5300 | loss=5.9150 | lr=1.13e-04
step   5400 | loss=5.8991 | lr=1.08e-04
[VAL] step 5400: bpb=1.8096
step   5500 | loss=5.8952 | lr=1.03e-04
step   5600 | loss=5.9058 | lr=9.75e-05
[VAL] step 5600: bpb=1.8039
step   5700 | loss=5.8894 | lr=9.25e-05
step   5800 | loss=5.8805 | lr=8.76e-05
[VAL] step 5800: bpb=1.8004
step   5900 | loss=5.8819 | lr=8.28e-05
step   6000 | loss=5.8666 | lr=7.82e-05
[VAL] step 6000: bpb=1.7951
step   6100 | loss=5.8536 | lr=7.38e-05
step   6200 | loss=5.8478 | lr=6.95e-05
[VAL] step 6200: bpb=1.7918
step   6300 | loss=5.8501 | lr=6.55e-05
step   6400 | loss=5.8327 | lr=6.16e-05
[VAL] step 6400: bpb=1.7886
step   6500 | loss=5.8239 | lr=5.79e-05
step   6600 | loss=5.8303 | lr=5.44e-05
[VAL] step 6600: bpb=1.7846
step   6700 | loss=5.8243 | lr=5.11e-05
step   6800 | loss=5.8146 | lr=4.81e-05
[VAL] step 6800: bpb=1.7813
step   6900 | loss=5.8135 | lr=4.53e-05
step   7000 | loss=5.8106 | lr=4.26e-05
[VAL] step 7000: bpb=1.7796
step   7100 | loss=5.8029 | lr=4.03e-05
step   7200 | loss=5.8037 | lr=3.81e-05
[VAL] step 7200: bpb=1.7773
step   7300 | loss=5.7929 | lr=3.62e-05
step   7400 | loss=5.8025 | lr=3.46e-05
[VAL] step 7400: bpb=1.7751
step   7500 | loss=5.7909 | lr=3.32e-05
step   7600 | loss=5.7820 | lr=3.21e-05
[VAL] step 7600: bpb=1.7734
step   7700 | loss=5.7725 | lr=3.12e-05
step   7800 | loss=5.7815 | lr=3.05e-05
[VAL] step 7800: bpb=1.7716
step   7900 | loss=5.7811 | lr=3.01e-05
step   8000 | loss=5.7719 | lr=3.00e-05
[VAL] step 8000: bpb=1.7710

=== DONE ===
{
  "exp_name": "exp212_unembed_mlp",
  "best_val_bpb": 1.7709733401157435,
  "final_val_bpb": 1.7709733401157435,
  "total_params": 78339456,
  "training_time_hours": 0.426
}
