exp011 evolve: K=12, 6 rounds, 1000 Adam steps/candidate, lambda 2e-07, dev cuda
  constant-predictor held-out MSE 1.05982, target sd 1.0948
W0810 18:39:17.775000 435229 torch/fx/experimental/symbolic_shapes.py:6833] [1/0] _maybe_guard_rel() was called on non-relation expression Eq(s59, 1) | Eq(s59, 32)
W0810 18:39:17.777000 435229 torch/fx/experimental/symbolic_shapes.py:6833] [1/0] _maybe_guard_rel() was called on non-relation expression Eq(s30, 1) | Eq(s30, 6)
  TEACHER reference (NAP  6 (2^6=   64 rows) x tph  32 x heads 1 anchors full_coverage lr 0.003  -> 12,288 params):
    held-out MSE 0.02595   params 12,288   throughput 192 weights/forward   (1000 steps)
  anchoring: LITERAL PAIRS evolved, pair mutation rate 0.03
W0810 18:39:19.302000 435229 torch/fx/experimental/symbolic_shapes.py:6833] [1/1] _maybe_guard_rel() was called on non-relation expression Eq(s4, 1) | Eq(s4, s14)
W0810 18:39:19.356000 435229 torch/fx/experimental/symbolic_shapes.py:6833] [1/1] _maybe_guard_rel() was called on non-relation expression Eq(s62, 1) | Eq(s62, 82)
W0810 18:39:19.357000 435229 torch/fx/experimental/symbolic_shapes.py:6833] [1/1] _maybe_guard_rel() was called on non-relation expression Eq(s30, 1) | Eq(s30, 6)
W0810 18:39:22.474000 435229 torch/fx/experimental/symbolic_shapes.py:6833] [1/2] _maybe_guard_rel() was called on non-relation expression Eq(s4, 1) | Eq(s4, s14)
W0810 18:39:22.528000 435229 torch/fx/experimental/symbolic_shapes.py:6833] [1/2] _maybe_guard_rel() was called on non-relation expression Eq(s62, 1) | Eq(s62, 66)
W0810 18:39:22.529000 435229 torch/fx/experimental/symbolic_shapes.py:6833] [1/2] _maybe_guard_rel() was called on non-relation expression Eq(s30, 1) | Eq(s30, 6)
W0810 18:39:23.597000 435229 torch/fx/experimental/symbolic_shapes.py:6833] [1/3] _maybe_guard_rel() was called on non-relation expression Eq(s4, 1) | Eq(s4, s14)
W0810 18:39:23.645000 435229 torch/fx/experimental/symbolic_shapes.py:6833] [1/3] _maybe_guard_rel() was called on non-relation expression Eq(s62, 1) | Eq(s62, 34)
W0810 18:39:23.646000 435229 torch/fx/experimental/symbolic_shapes.py:6833] [1/3] _maybe_guard_rel() was called on non-relation expression Eq(s30, 1) | Eq(s30, 6)
W0810 18:39:24.990000 435229 torch/fx/experimental/symbolic_shapes.py:6833] [1/4] _maybe_guard_rel() was called on non-relation expression Eq(s4, 1) | Eq(s4, s14)
W0810 18:39:25.038000 435229 torch/fx/experimental/symbolic_shapes.py:6833] [1/4] _maybe_guard_rel() was called on non-relation expression Eq(s62, 1) | Eq(s62, 11)
W0810 18:39:25.039000 435229 torch/fx/experimental/symbolic_shapes.py:6833] [1/4] _maybe_guard_rel() was called on non-relation expression Eq(s30, 1) | Eq(s30, 6)
W0810 18:39:26.226000 435229 torch/fx/experimental/symbolic_shapes.py:6833] [1/5] _maybe_guard_rel() was called on non-relation expression Eq(s4, 1) | Eq(s4, s14)
W0810 18:39:26.274000 435229 torch/fx/experimental/symbolic_shapes.py:6833] [1/5] _maybe_guard_rel() was called on non-relation expression Eq(s62, 1) | Eq(s62, 121)
W0810 18:39:26.275000 435229 torch/fx/experimental/symbolic_shapes.py:6833] [1/5] _maybe_guard_rel() was called on non-relation expression Eq(s30, 1) | Eq(s30, 6)
W0810 18:39:27.484000 435229 torch/fx/experimental/symbolic_shapes.py:6833] [1/6] _maybe_guard_rel() was called on non-relation expression Eq(s4, 1) | Eq(s4, s14)
W0810 18:39:27.532000 435229 torch/fx/experimental/symbolic_shapes.py:6833] [1/6] _maybe_guard_rel() was called on non-relation expression Eq(s62, 1) | Eq(s62, 104)
W0810 18:39:27.532000 435229 torch/fx/experimental/symbolic_shapes.py:6833] [1/6] _maybe_guard_rel() was called on non-relation expression Eq(s30, 1) | Eq(s30, 6)
W0810 18:39:28.648000 435229 torch/fx/experimental/symbolic_shapes.py:6833] [1/7] _maybe_guard_rel() was called on non-relation expression Eq(s4, 1) | Eq(s4, s14)
W0810 18:39:28.696000 435229 torch/fx/experimental/symbolic_shapes.py:6833] [1/7] _maybe_guard_rel() was called on non-relation expression Eq(s62, 1) | Eq(s62, 69)
W0810 18:39:28.697000 435229 torch/fx/experimental/symbolic_shapes.py:6833] [1/7] _maybe_guard_rel() was called on non-relation expression Eq(s30, 1) | Eq(s30, 6)
W0810 18:39:29.719000 435229 torch/_dynamo/convert_frame.py:1358] [1/8] torch._dynamo hit config.recompile_limit (8)
W0810 18:39:29.719000 435229 torch/_dynamo/convert_frame.py:1358] [1/8]    function: '_soft_lut_bwd_body' (/home/astarostin/projects/spiky/src/spiky/lutorch/fast_multi_head_lut.py:123)
W0810 18:39:29.719000 435229 torch/_dynamo/convert_frame.py:1358] [1/8]    last reason: 1/7: tensor 'index' size mismatch at index 1. expected 69, actual 81
W0810 18:39:29.719000 435229 torch/_dynamo/convert_frame.py:1358] [1/8] To log all recompilation reasons, use TORCH_LOGS="recompiles".
W0810 18:39:29.719000 435229 torch/_dynamo/convert_frame.py:1358] [1/8] To diagnose recompilation issues, see https://pytorch.org/docs/main/torch.compiler_troubleshooting.html
  round   0  best fitness -0.02049  min MSE 0.00601  params min/med 408/224,256  tput min/med 66/450  pareto 6  beats-teacher 0  29s
  round   1  best fitness -0.02048  min MSE 0.00605  params min/med 408/224,256  tput min/med 66/450  pareto 6  beats-teacher 0  54s
  round   2  best fitness -0.02041  min MSE 0.00595  params min/med 10,176/98,304  tput min/med 66/450  pareto 7  beats-teacher 0  70s
  round   3  best fitness -0.02032  min MSE 0.00957  params min/med 10,176/30,528  tput min/med 66/450  pareto 7  beats-teacher 0  82s
  round   4  best fitness -0.02030  min MSE 0.01160  params min/med 10,176/25,344  tput min/med 66/450  pareto 7  beats-teacher 0  95s
  round   5  best fitness -0.02024  min MSE 0.01150  params min/med 10,176/30,528  tput min/med 288/561  pareto 8  beats-teacher 0  110s

BEST member 2: fitness -0.02024
  NAP  5 (2^5=   32 rows) x tph 128 x heads 1 anchors full_coverage lr 0.00259  -> 24,576 params

PARETO FRONT on PARAMETERS (8 points, lambda-free):
      params  throughput  held-out MSE  vs constant  config
         408         102       0.19964      0.1884x  NAP  2 x tph  17 x heads 1  lr 0.00299
      10,176         318       0.03277      0.0309x  NAP  5 x tph  53 x heads 1  lr 0.001458
      15,552         486       0.02115      0.0200x  NAP  5 x tph  81 x heads 1  lr 0.0007037
      24,576         768       0.01486      0.0140x  NAP  5 x tph 128 x heads 1  lr 0.00259
      43,008         672       0.01158      0.0109x  NAP  6 x tph 112 x heads 1  lr 0.001124
      49,152         768       0.01150      0.0109x  NAP  6 x tph 128 x heads 1  lr 0.00259
     371,712         726       0.00890      0.0084x  NAP  9 x tph 121 x heads 1  lr 0.003161
     755,712         738       0.00595      0.0056x  NAP 10 x tph 123 x heads 1  lr 0.0007807

PARETO FRONT on THROUGHPUT (4 points, lambda-free):
      params  throughput  held-out MSE  vs constant  config
      67,584          66       0.03776      0.0356x  NAP 10 x tph  11 x heads 1  lr 0.0008928
     417,792         204       0.01045      0.0099x  NAP 11 x tph  34 x heads 1  lr 0.001186
   1,007,616         492       0.00617      0.0058x  NAP 11 x tph  82 x heads 1  lr 0.001039
     755,712         738       0.00595      0.0056x  NAP 10 x tph 123 x heads 1  lr 0.0007807

JOINT FRONT, non-dominated on (params, throughput, MSE) together (14 points):
      params  throughput  held-out MSE  vs constant  config
         408         102       0.19964      0.1884x  NAP  2 x tph  17 x heads 1  lr 0.00299
      10,176         318       0.03277      0.0309x  NAP  5 x tph  53 x heads 1  lr 0.001458
      15,552         486       0.02115      0.0200x  NAP  5 x tph  81 x heads 1  lr 0.0007037
      18,432         288       0.02599      0.0245x  NAP  6 x tph  48 x heads 1  lr 0.001458
      24,576         768       0.01486      0.0140x  NAP  5 x tph 128 x heads 1  lr 0.00259
      26,496         414       0.01822      0.0172x  NAP  6 x tph  69 x heads 1  lr 0.001458
      34,560         540       0.01626      0.0153x  NAP  6 x tph  90 x heads 1  lr 0.001038
      43,008         672       0.01158      0.0109x  NAP  6 x tph 112 x heads 1  lr 0.001124
      49,152         768       0.01150      0.0109x  NAP  6 x tph 128 x heads 1  lr 0.00259
      67,584          66       0.03776      0.0356x  NAP 10 x tph  11 x heads 1  lr 0.0008928
     371,712         726       0.00890      0.0084x  NAP  9 x tph 121 x heads 1  lr 0.003161
     417,792         204       0.01045      0.0099x  NAP 11 x tph  34 x heads 1  lr 0.001186
     755,712         738       0.00595      0.0056x  NAP 10 x tph 123 x heads 1  lr 0.0007807
   1,007,616         492       0.00617      0.0058x  NAP 11 x tph  82 x heads 1  lr 0.001039

VS THE TEACHER  (MSE 0.02595, params 12,288, throughput 192, tol 0.002):
  45/72 candidates matched the teacher's fit; 0 Pareto-dominate it; 0 beat it on BOTH params and throughput.
    none yet. Best fit overall: MSE 0.00595 at 755,712 params / 738 throughput.
    Cheapest match of the teacher's fit: 15,552 params / 486 throughput at MSE 0.02158.
