exp011 evolve: K=12, 6 rounds, 1000 Adam steps/candidate, lambda 2e-07, dev cuda
  constant-predictor held-out MSE 1.05982, target sd 1.0948
W0810 19:03:02.231000 466258 torch/fx/experimental/symbolic_shapes.py:6833] [2/0] _maybe_guard_rel() was called on non-relation expression Eq(s59, 1) | Eq(s59, 32)
W0810 19:03:02.234000 466258 torch/fx/experimental/symbolic_shapes.py:6833] [2/0] _maybe_guard_rel() was called on non-relation expression Eq(s30, 1) | Eq(s30, 6)
  TEACHER reference (NAP  6 (2^6=   64 rows) x tph  32 x heads 1 anchors full_coverage lr 0.003  -> 12,288 params):
    held-out MSE 0.02595   params 12,288   throughput 192 weights/forward   (1000 steps)
  anchoring: LITERAL PAIRS evolved, pair mutation rate 0.03
  WARM START on: children inherit their parent's trained weights, remapped; new cells at std 0.0001
W0810 19:03:04.143000 466258 torch/fx/experimental/symbolic_shapes.py:6833] [2/1] _maybe_guard_rel() was called on non-relation expression Eq(s4, 1) | Eq(s4, s14)
W0810 19:03:04.200000 466258 torch/fx/experimental/symbolic_shapes.py:6833] [2/1] _maybe_guard_rel() was called on non-relation expression Eq(s62, 1) | Eq(s62, 82)
W0810 19:03:04.200000 466258 torch/fx/experimental/symbolic_shapes.py:6833] [2/1] _maybe_guard_rel() was called on non-relation expression Eq(s30, 1) | Eq(s30, 6)
W0810 19:03:06.577000 466258 torch/fx/experimental/symbolic_shapes.py:6833] [2/2] _maybe_guard_rel() was called on non-relation expression Eq(s4, 1) | Eq(s4, s14)
W0810 19:03:06.631000 466258 torch/fx/experimental/symbolic_shapes.py:6833] [2/2] _maybe_guard_rel() was called on non-relation expression Eq(s62, 1) | Eq(s62, 66)
W0810 19:03:06.632000 466258 torch/fx/experimental/symbolic_shapes.py:6833] [2/2] _maybe_guard_rel() was called on non-relation expression Eq(s30, 1) | Eq(s30, 6)
W0810 19:03:08.466000 466258 torch/fx/experimental/symbolic_shapes.py:6833] [2/3] _maybe_guard_rel() was called on non-relation expression Eq(s4, 1) | Eq(s4, s14)
W0810 19:03:08.518000 466258 torch/fx/experimental/symbolic_shapes.py:6833] [2/3] _maybe_guard_rel() was called on non-relation expression Eq(s62, 1) | Eq(s62, 34)
W0810 19:03:08.519000 466258 torch/fx/experimental/symbolic_shapes.py:6833] [2/3] _maybe_guard_rel() was called on non-relation expression Eq(s30, 1) | Eq(s30, 6)
W0810 19:03:10.554000 466258 torch/fx/experimental/symbolic_shapes.py:6833] [2/4] _maybe_guard_rel() was called on non-relation expression Eq(s4, 1) | Eq(s4, s14)
W0810 19:03:10.606000 466258 torch/fx/experimental/symbolic_shapes.py:6833] [2/4] _maybe_guard_rel() was called on non-relation expression Eq(s62, 1) | Eq(s62, 11)
W0810 19:03:10.607000 466258 torch/fx/experimental/symbolic_shapes.py:6833] [2/4] _maybe_guard_rel() was called on non-relation expression Eq(s30, 1) | Eq(s30, 6)
W0810 19:03:12.320000 466258 torch/fx/experimental/symbolic_shapes.py:6833] [2/5] _maybe_guard_rel() was called on non-relation expression Eq(s4, 1) | Eq(s4, s14)
W0810 19:03:12.372000 466258 torch/fx/experimental/symbolic_shapes.py:6833] [2/5] _maybe_guard_rel() was called on non-relation expression Eq(s62, 1) | Eq(s62, 121)
W0810 19:03:12.373000 466258 torch/fx/experimental/symbolic_shapes.py:6833] [2/5] _maybe_guard_rel() was called on non-relation expression Eq(s30, 1) | Eq(s30, 6)
W0810 19:03:14.179000 466258 torch/fx/experimental/symbolic_shapes.py:6833] [2/6] _maybe_guard_rel() was called on non-relation expression Eq(s4, 1) | Eq(s4, s14)
W0810 19:03:14.231000 466258 torch/fx/experimental/symbolic_shapes.py:6833] [2/6] _maybe_guard_rel() was called on non-relation expression Eq(s62, 1) | Eq(s62, 104)
W0810 19:03:14.232000 466258 torch/fx/experimental/symbolic_shapes.py:6833] [2/6] _maybe_guard_rel() was called on non-relation expression Eq(s30, 1) | Eq(s30, 6)
W0810 19:03:15.904000 466258 torch/fx/experimental/symbolic_shapes.py:6833] [2/7] _maybe_guard_rel() was called on non-relation expression Eq(s4, 1) | Eq(s4, s14)
W0810 19:03:15.956000 466258 torch/fx/experimental/symbolic_shapes.py:6833] [2/7] _maybe_guard_rel() was called on non-relation expression Eq(s62, 1) | Eq(s62, 69)
W0810 19:03:15.956000 466258 torch/fx/experimental/symbolic_shapes.py:6833] [2/7] _maybe_guard_rel() was called on non-relation expression Eq(s30, 1) | Eq(s30, 6)
W0810 19:03:17.651000 466258 torch/_dynamo/convert_frame.py:1358] [2/8] torch._dynamo hit config.recompile_limit (8)
W0810 19:03:17.651000 466258 torch/_dynamo/convert_frame.py:1358] [2/8]    function: '_soft_lut_bwd_body' (/home/astarostin/projects/spiky/src/spiky/lutorch/fast_multi_head_lut.py:123)
W0810 19:03:17.651000 466258 torch/_dynamo/convert_frame.py:1358] [2/8]    last reason: 2/7: tensor 'index' size mismatch at index 1. expected 69, actual 81
W0810 19:03:17.651000 466258 torch/_dynamo/convert_frame.py:1358] [2/8] To log all recompilation reasons, use TORCH_LOGS="recompiles".
W0810 19:03:17.651000 466258 torch/_dynamo/convert_frame.py:1358] [2/8] To diagnose recompilation issues, see https://pytorch.org/docs/main/torch.compiler_troubleshooting.html
  round   0  best fitness -0.02049  min MSE 0.00602  params min/med 408/224,256  tput min/med 66/450  pareto 6  beats-teacher 0  41s
  round   1  best fitness -0.02044  min MSE 0.00607  params min/med 408/224,256  tput min/med 66/450  pareto 7  beats-teacher 0  78s
  round   2  best fitness -0.02025  min MSE 0.00606  params min/med 10,176/98,304  tput min/med 66/450  pareto 8  beats-teacher 0  100s
  round   3  best fitness -0.02006  min MSE 0.01103  params min/med 10,176/38,784  tput min/med 66/450  pareto 9  beats-teacher 0  118s
  round   4  best fitness -0.02000  min MSE 0.01123  params min/med 10,176/38,784  tput min/med 66/450  pareto 9  beats-teacher 0  137s
  round   5  best fitness -0.02009  min MSE 0.01000  params min/med 10,176/38,784  tput min/med 132/513  pareto 11  beats-teacher 0  157s

BEST member 4: fitness -0.02009
  NAP  6 (2^6=   64 rows) x tph 112 x heads 1 anchors full_coverage lr 0.001124  -> 43,008 params

PARETO FRONT on PARAMETERS (11 points, lambda-free):
      params  throughput  held-out MSE  vs constant  config
         408         102       0.20155      0.1902x  NAP  2 x tph  17 x heads 1  lr 0.00299
      10,176         318       0.03123      0.0295x  NAP  5 x tph  53 x heads 1  lr 0.001458
      10,752         336       0.02643      0.0249x  NAP  5 x tph  56 x heads 1  lr 0.0006855
      15,552         486       0.01786      0.0168x  NAP  5 x tph  81 x heads 1  lr 0.0007037
      26,496         414       0.01785      0.0168x  NAP  6 x tph  69 x heads 1  lr 0.001458
      34,560         540       0.01553      0.0147x  NAP  6 x tph  90 x heads 1  lr 0.001038
      43,008         672       0.01103      0.0104x  NAP  6 x tph 112 x heads 1  lr 0.001124
      86,016         672       0.01000      0.0094x  NAP  7 x tph 112 x heads 1  lr 0.001552
     371,712         726       0.00979      0.0092x  NAP  9 x tph 121 x heads 1  lr 0.003161
     417,792         204       0.00948      0.0089x  NAP 11 x tph  34 x heads 1  lr 0.001186
     755,712         738       0.00602      0.0057x  NAP 10 x tph 123 x heads 1  lr 0.0007807

PARETO FRONT on THROUGHPUT (4 points, lambda-free):
      params  throughput  held-out MSE  vs constant  config
      67,584          66       0.02485      0.0235x  NAP 10 x tph  11 x heads 1  lr 0.0008928
     417,792         204       0.00948      0.0089x  NAP 11 x tph  34 x heads 1  lr 0.001186
   1,007,616         492       0.00620      0.0059x  NAP 11 x tph  82 x heads 1  lr 0.001039
     755,712         738       0.00602      0.0057x  NAP 10 x tph 123 x heads 1  lr 0.0007807

JOINT FRONT, non-dominated on (params, throughput, MSE) together (16 points):
      params  throughput  held-out MSE  vs constant  config
         408         102       0.20155      0.1902x  NAP  2 x tph  17 x heads 1  lr 0.00299
      10,176         318       0.03123      0.0295x  NAP  5 x tph  53 x heads 1  lr 0.001458
      10,752         336       0.02643      0.0249x  NAP  5 x tph  56 x heads 1  lr 0.0006855
      15,552         486       0.01786      0.0168x  NAP  5 x tph  81 x heads 1  lr 0.0007037
      16,896         132       0.03496      0.0330x  NAP  7 x tph  22 x heads 1  lr 0.001293
      26,496         414       0.01785      0.0168x  NAP  6 x tph  69 x heads 1  lr 0.001458
      34,560         540       0.01553      0.0147x  NAP  6 x tph  90 x heads 1  lr 0.001038
      43,008         672       0.01103      0.0104x  NAP  6 x tph 112 x heads 1  lr 0.001124
      52,992         414       0.01422      0.0134x  NAP  7 x tph  69 x heads 1  lr 0.001293
      67,584          66       0.02485      0.0235x  NAP 10 x tph  11 x heads 1  lr 0.0008928
      69,120         540       0.01185      0.0112x  NAP  7 x tph  90 x heads 1  lr 0.001085
      86,016         672       0.01000      0.0094x  NAP  7 x tph 112 x heads 1  lr 0.001552
     371,712         726       0.00979      0.0092x  NAP  9 x tph 121 x heads 1  lr 0.003161
     417,792         204       0.00948      0.0089x  NAP 11 x tph  34 x heads 1  lr 0.001186
     755,712         738       0.00602      0.0057x  NAP 10 x tph 123 x heads 1  lr 0.0007807
   1,007,616         492       0.00620      0.0059x  NAP 11 x tph  82 x heads 1  lr 0.001039

VS THE TEACHER  (MSE 0.02595, params 12,288, throughput 192, tol 0.002):
  48/72 candidates matched the teacher's fit; 0 Pareto-dominate it; 0 beat it on BOTH params and throughput.
    none yet. Best fit overall: MSE 0.00602 at 755,712 params / 738 throughput.
    Cheapest match of the teacher's fit: 10,752 params / 336 throughput at MSE 0.02643.
