Loading tokenizer from /home/starost/.cache/nanochat/tokenizer
Vocab size: 32768, BOS id: 32759
Building model + inheriting residual anchors:
  layer 1: inherited first 256/512 residual anchor pairs from layer 0
  layer 2: inherited first 512/768 residual anchor pairs from layer 1
  layer 3: inherited first 768/1024 residual anchor pairs from layer 2
  layer 4: inherited first 1024/1280 residual anchor pairs from layer 3
  layer 5: inherited first 1280/1536 residual anchor pairs from layer 4
Total params (all fp32): 143,495,942
Q/K Joint MHLut: in_nap=6 tph=256 d_qk=32 (n_outputs=2*d_qk=64)
V MHLut:         in_nap=7 tph=256 d_v=16 (n_outputs=d_v)
out_proj MHLut:  in_nap=6 tph=1024 (n_outputs=E=96)
residual MHLut:  in_nap=6 tph_factor=256 (per layer i: in=(i+1)*E, tph=256*(i+1))
Unembedder MLP:  LN(96) -> Linear(96,384) -> ReLU -> Linear(384,VOCAB)
Residual concat order: INVERSE [*prev_xs, x] (oldest at front, current x at tail)
Tokens/micro-batch: 4,096 | grad_accum: 1 | effective batch: 4,096 tokens
step      1 | loss=10.4209 | lr=3.75e-07
step    100 | loss=10.2180 | lr=3.75e-05
step    200 | loss=9.5582 | lr=7.50e-05
[VAL] step 200: bpb=2.5874
step    300 | loss=8.3136 | lr=1.12e-04
step    400 | loss=7.5957 | lr=1.50e-04
[VAL] step 400: bpb=2.1701
step    500 | loss=7.1850 | lr=1.87e-04
step    600 | loss=6.9850 | lr=2.25e-04
[VAL] step 600: bpb=2.0844
step    700 | loss=6.8553 | lr=2.62e-04
step    800 | loss=6.7486 | lr=3.00e-04
[VAL] step 800: bpb=2.0393
step    900 | loss=6.6700 | lr=3.00e-04
step   1000 | loss=6.6157 | lr=2.99e-04
[VAL] step 1000: bpb=2.0081
step   1100 | loss=6.5744 | lr=2.99e-04
step   1200 | loss=6.5393 | lr=2.98e-04
[VAL] step 1200: bpb=1.9846
step   1300 | loss=6.4911 | lr=2.97e-04
step   1400 | loss=6.4766 | lr=2.95e-04
[VAL] step 1400: bpb=1.9706
step   1500 | loss=6.4548 | lr=2.94e-04
step   1600 | loss=6.4079 | lr=2.92e-04
[VAL] step 1600: bpb=1.9567
step   1700 | loss=6.3959 | lr=2.90e-04
step   1800 | loss=6.3838 | lr=2.87e-04
[VAL] step 1800: bpb=1.9495
step   1900 | loss=6.3683 | lr=2.85e-04
step   2000 | loss=6.3495 | lr=2.82e-04
[VAL] step 2000: bpb=1.9385
step   2100 | loss=6.3267 | lr=2.79e-04
step   2200 | loss=6.3146 | lr=2.76e-04
[VAL] step 2200: bpb=1.9328
step   2300 | loss=6.2974 | lr=2.72e-04
step   2400 | loss=6.2927 | lr=2.68e-04
[VAL] step 2400: bpb=1.9228
step   2500 | loss=6.2829 | lr=2.65e-04
step   2600 | loss=6.2788 | lr=2.60e-04
[VAL] step 2600: bpb=1.9160
step   2700 | loss=6.2503 | lr=2.56e-04
step   2800 | loss=6.2463 | lr=2.52e-04
[VAL] step 2800: bpb=1.9076
step   2900 | loss=6.2259 | lr=2.47e-04
step   3000 | loss=6.2227 | lr=2.42e-04
[VAL] step 3000: bpb=1.9012
step   3100 | loss=6.2105 | lr=2.38e-04
step   3200 | loss=6.2029 | lr=2.32e-04
[VAL] step 3200: bpb=1.8928
step   3300 | loss=6.1927 | lr=2.27e-04
step   3400 | loss=6.1624 | lr=2.22e-04
[VAL] step 3400: bpb=1.8875
step   3500 | loss=6.1541 | lr=2.17e-04
step   3600 | loss=6.1588 | lr=2.11e-04
[VAL] step 3600: bpb=1.8818
step   3700 | loss=6.1408 | lr=2.06e-04
step   3800 | loss=6.1293 | lr=2.00e-04
[VAL] step 3800: bpb=1.8741
step   3900 | loss=6.1044 | lr=1.94e-04
step   4000 | loss=6.0924 | lr=1.88e-04
[VAL] step 4000: bpb=1.8658
step   4100 | loss=6.1152 | lr=1.83e-04
step   4200 | loss=6.0871 | lr=1.77e-04
[VAL] step 4200: bpb=1.8598
step   4300 | loss=6.0873 | lr=1.71e-04
step   4400 | loss=6.0735 | lr=1.65e-04
[VAL] step 4400: bpb=1.8532
step   4500 | loss=6.0655 | lr=1.59e-04
step   4600 | loss=6.0521 | lr=1.53e-04
[VAL] step 4600: bpb=1.8502
step   4700 | loss=6.0567 | lr=1.47e-04
step   4800 | loss=6.0515 | lr=1.42e-04
[VAL] step 4800: bpb=1.8446
step   4900 | loss=6.0255 | lr=1.36e-04
step   5000 | loss=6.0241 | lr=1.30e-04
[VAL] step 5000: bpb=1.8390
step   5100 | loss=6.0085 | lr=1.24e-04
step   5200 | loss=5.9910 | lr=1.19e-04
[VAL] step 5200: bpb=1.8354
step   5300 | loss=5.9849 | lr=1.13e-04
step   5400 | loss=5.9719 | lr=1.08e-04
[VAL] step 5400: bpb=1.8296
step   5500 | loss=5.9682 | lr=1.03e-04
step   5600 | loss=5.9805 | lr=9.75e-05
[VAL] step 5600: bpb=1.8260
step   5700 | loss=5.9673 | lr=9.25e-05
step   5800 | loss=5.9605 | lr=8.76e-05
[VAL] step 5800: bpb=1.8240
step   5900 | loss=5.9664 | lr=8.28e-05
step   6000 | loss=5.9517 | lr=7.82e-05
[VAL] step 6000: bpb=1.8203
step   6100 | loss=5.9409 | lr=7.38e-05
step   6200 | loss=5.9365 | lr=6.95e-05
[VAL] step 6200: bpb=1.8181
step   6300 | loss=5.9437 | lr=6.55e-05
step   6400 | loss=5.9253 | lr=6.16e-05
[VAL] step 6400: bpb=1.8159
step   6500 | loss=5.9209 | lr=5.79e-05
step   6600 | loss=5.9274 | lr=5.44e-05
[VAL] step 6600: bpb=1.8125
step   6700 | loss=5.9229 | lr=5.11e-05
step   6800 | loss=5.9173 | lr=4.81e-05
[VAL] step 6800: bpb=1.8103
step   6900 | loss=5.9187 | lr=4.53e-05
step   7000 | loss=5.9171 | lr=4.26e-05
[VAL] step 7000: bpb=1.8089
step   7100 | loss=5.9090 | lr=4.03e-05
step   7200 | loss=5.9077 | lr=3.81e-05
[VAL] step 7200: bpb=1.8071
step   7300 | loss=5.8990 | lr=3.62e-05
step   7400 | loss=5.9088 | lr=3.46e-05
[VAL] step 7400: bpb=1.8061
step   7500 | loss=5.9000 | lr=3.32e-05
step   7600 | loss=5.8904 | lr=3.21e-05
[VAL] step 7600: bpb=1.8050
step   7700 | loss=5.8823 | lr=3.12e-05
step   7800 | loss=5.8928 | lr=3.05e-05
[VAL] step 7800: bpb=1.8034
step   7900 | loss=5.8916 | lr=3.01e-05
step   8000 | loss=5.8840 | lr=3.00e-05
[VAL] step 8000: bpb=1.8030

=== DONE ===
{
  "exp_name": "exp085_residual_anchor_inherit",
  "best_val_bpb": 1.8029956747879523,
  "final_val_bpb": 1.8029956747879523,
  "n_params": 143495942,
  "training_time_hours": 0.506
}
