Loading tokenizer from /home/starost/.cache/nanochat/tokenizer
Vocab size: 32768, BOS id: 32759
bit LUTs: 24
Adam-managed parameters: 14,912,518
Q/K BitPermLUT: in_nap=5 out_nap=24 tph=512 d_qk=32 P_qk=496
V BitPermLUT:   in_nap=5 out_nap=16 tph=512 d_v=16 P_v=120
Out BitPermLUT: in_nap=8 out_nap=32 tph=[4096, 4096, 2048, 2048, 2048, 2048]
Tokens/micro-batch: 512 | grad_accum: 1 | effective batch: 512 tokens
step      1 | loss=10.5477 | lr=3.75e-07
step    100 | loss=9.9774 | lr=3.75e-05
step    200 | loss=9.1030 | lr=7.50e-05
[VAL] step 200: bpb=2.4080
step    300 | loss=8.3336 | lr=1.12e-04
step    400 | loss=8.0006 | lr=1.50e-04
[VAL] step 400: bpb=2.3234
step    500 | loss=7.9410 | lr=1.87e-04
step    600 | loss=7.8221 | lr=2.25e-04
[VAL] step 600: bpb=2.3062
step    700 | loss=7.8102 | lr=2.62e-04
step    800 | loss=7.7507 | lr=3.00e-04
[VAL] step 800: bpb=2.2667
step    900 | loss=7.6591 | lr=3.00e-04
step   1000 | loss=7.5842 | lr=2.99e-04
[VAL] step 1000: bpb=2.2298
step   1100 | loss=7.5289 | lr=2.99e-04
step   1200 | loss=7.5493 | lr=2.98e-04
[VAL] step 1200: bpb=2.2220
step   1300 | loss=7.4381 | lr=2.97e-04
step   1400 | loss=7.4319 | lr=2.95e-04
[VAL] step 1400: bpb=2.2092
step   1500 | loss=7.4006 | lr=2.94e-04
step   1600 | loss=7.3502 | lr=2.92e-04
[VAL] step 1600: bpb=2.1753
step   1700 | loss=7.3996 | lr=2.90e-04
step   1800 | loss=7.3468 | lr=2.87e-04
[VAL] step 1800: bpb=2.1773
step   1900 | loss=7.2957 | lr=2.85e-04
step   2000 | loss=7.2461 | lr=2.82e-04
[VAL] step 2000: bpb=2.1502
step   2100 | loss=7.2272 | lr=2.79e-04
step   2200 | loss=7.2229 | lr=2.76e-04
[VAL] step 2200: bpb=2.1426
step   2300 | loss=7.2321 | lr=2.72e-04
step   2400 | loss=7.1793 | lr=2.68e-04
[VAL] step 2400: bpb=2.1492
step   2500 | loss=7.1972 | lr=2.65e-04
step   2600 | loss=7.2087 | lr=2.60e-04
[VAL] step 2600: bpb=2.1282
step   2700 | loss=7.1768 | lr=2.56e-04
step   2800 | loss=7.1276 | lr=2.52e-04
[VAL] step 2800: bpb=2.1218
step   2900 | loss=7.1243 | lr=2.47e-04
step   3000 | loss=7.1227 | lr=2.42e-04
[VAL] step 3000: bpb=2.1181
step   3100 | loss=7.0931 | lr=2.38e-04
step   3200 | loss=7.0960 | lr=2.32e-04
[VAL] step 3200: bpb=2.0979
step   3300 | loss=7.1610 | lr=2.27e-04
step   3400 | loss=7.1081 | lr=2.22e-04
[VAL] step 3400: bpb=2.0844
step   3500 | loss=7.0646 | lr=2.17e-04
step   3600 | loss=7.0341 | lr=2.11e-04
[VAL] step 3600: bpb=2.0818
step   3700 | loss=6.9922 | lr=2.06e-04
step   3800 | loss=6.9811 | lr=2.00e-04
[VAL] step 3800: bpb=2.0773
step   3900 | loss=6.9928 | lr=1.94e-04
step   4000 | loss=6.9870 | lr=1.88e-04
[VAL] step 4000: bpb=2.0803
step   4100 | loss=6.9837 | lr=1.83e-04
step   4200 | loss=7.0302 | lr=1.77e-04
[VAL] step 4200: bpb=2.0724
step   4300 | loss=7.0663 | lr=1.71e-04
step   4400 | loss=7.0383 | lr=1.65e-04
[VAL] step 4400: bpb=2.0731
step   4500 | loss=7.0317 | lr=1.59e-04
step   4600 | loss=6.9626 | lr=1.53e-04
[VAL] step 4600: bpb=2.0622
step   4700 | loss=6.9886 | lr=1.47e-04
step   4800 | loss=7.0017 | lr=1.42e-04
[VAL] step 4800: bpb=2.0576
step   4900 | loss=6.9788 | lr=1.36e-04
step   5000 | loss=6.9612 | lr=1.30e-04
[VAL] step 5000: bpb=2.0555
step   5100 | loss=6.9804 | lr=1.24e-04
step   5200 | loss=6.9518 | lr=1.19e-04
[VAL] step 5200: bpb=2.0575
step   5300 | loss=6.9383 | lr=1.13e-04
step   5400 | loss=6.9556 | lr=1.08e-04
[VAL] step 5400: bpb=2.0560
step   5500 | loss=7.0263 | lr=1.03e-04
step   5600 | loss=6.9931 | lr=9.75e-05
[VAL] step 5600: bpb=2.0490
step   5700 | loss=7.0021 | lr=9.25e-05
step   5800 | loss=6.9874 | lr=8.76e-05
[VAL] step 5800: bpb=2.0465
step   5900 | loss=6.9699 | lr=8.28e-05
step   6000 | loss=6.9295 | lr=7.82e-05
[VAL] step 6000: bpb=2.0409
step   6100 | loss=6.9137 | lr=7.38e-05
step   6200 | loss=6.8968 | lr=6.95e-05
[VAL] step 6200: bpb=2.0462
step   6300 | loss=6.9096 | lr=6.55e-05
step   6400 | loss=6.8983 | lr=6.16e-05
[VAL] step 6400: bpb=2.0403
step   6500 | loss=6.9299 | lr=5.79e-05
step   6600 | loss=6.8998 | lr=5.44e-05
[VAL] step 6600: bpb=2.0405
step   6700 | loss=6.9063 | lr=5.11e-05
step   6800 | loss=6.9202 | lr=4.81e-05
[VAL] step 6800: bpb=2.0378
step   6900 | loss=6.8657 | lr=4.53e-05
step   7000 | loss=6.8755 | lr=4.26e-05
[VAL] step 7000: bpb=2.0448
step   7100 | loss=6.8997 | lr=4.03e-05
step   7200 | loss=6.9476 | lr=3.81e-05
[VAL] step 7200: bpb=2.0421
step   7300 | loss=6.9363 | lr=3.62e-05
step   7400 | loss=6.9351 | lr=3.46e-05
[VAL] step 7400: bpb=2.0397
step   7500 | loss=6.9127 | lr=3.32e-05
step   7600 | loss=6.9080 | lr=3.21e-05
[VAL] step 7600: bpb=2.0394
step   7700 | loss=6.8599 | lr=3.12e-05
step   7800 | loss=6.8820 | lr=3.05e-05
[VAL] step 7800: bpb=2.0404
step   7900 | loss=6.8902 | lr=3.01e-05
step   8000 | loss=6.9440 | lr=3.00e-05
[VAL] step 8000: bpb=2.0345

=== DONE ===
{
  "exp_name": "exp037_dqk32_heads6_bs1",
  "best_val_bpb": 2.034463196769398,
  "final_val_bpb": 2.034463196769398,
  "adam_params": 14912518,
  "n_bit_luts": 24,
  "training_time_hours": 0.222
}
