seeded from /home/astarostin/projects/spiky/experiments/neurodarwinism/exp012_tiny-direct-genome/full_run_crossover_latinhib/ck_L0.npz: 134 syn, 10 active, E-frac 0.800
r   0  fit  31.042  mse  26.642  neurons 10.01 (min 9 max 11)  syn  134.1  held-out best  24.108  [   2.7s]
r  25  fit  28.229  mse  24.383  neurons  9.84 (min 8 max 11)  syn  132.0  held-out best  24.659  [   9.7s]
r  50  fit  29.176  mse  25.087  neurons  9.61 (min 8 max 11)  syn  128.5  held-out best  23.503  [  16.6s]
r  75  fit  31.118  mse  27.038  neurons  9.30 (min 7 max 11)  syn  124.5  held-out best  23.503  [  23.2s]
r 100  fit  28.372  mse  24.608  neurons  8.91 (min 7 max 11)  syn  119.0  held-out best  23.503  [  29.9s]
r 125  fit  29.422  mse  26.005  neurons  8.65 (min 7 max 10)  syn  114.5  held-out best  23.503  [  36.4s]
r 150  fit  27.442  mse  24.542  neurons  8.27 (min 6 max 10)  syn  109.8  held-out best  25.219  [  43.1s]
r 175  fit  28.237  mse  24.887  neurons  7.96 (min 6 max 10)  syn  106.9  held-out best  25.219  [  49.8s]
r 200  fit  29.815  mse  26.465  neurons  7.80 (min 5 max 10)  syn  104.6  held-out best  23.702  [  56.4s]
r 225  fit  28.298  mse  25.384  neurons  7.56 (min 5 max 10)  syn  101.3  held-out best  23.702  [  63.0s]
r 250  fit  27.874  mse  24.946  neurons  7.06 (min 5 max 9)  syn   94.4  held-out best  23.702  [  69.5s]
r 275  fit  24.952  mse  22.103  neurons  6.58 (min 4 max 9)  syn   87.4  held-out best  23.702  [  76.1s]
r 300  fit  28.083  mse  25.436  neurons  6.01 (min 3 max 9)  syn   79.4  held-out best  23.702  [  82.5s]
r 325  fit  28.567  mse  25.983  neurons  5.44 (min 4 max 9)  syn   70.7  held-out best  24.722  [  88.9s]
r 350  fit  28.673  mse  26.844  neurons  4.87 (min 3 max 7)  syn   63.6  held-out best  24.722  [  95.4s]
r 375  fit  26.217  mse  24.517  neurons  4.54 (min 3 max 7)  syn   58.9  held-out best  24.566  [ 101.7s]
r 400  fit  26.002  mse  24.577  neurons  4.27 (min 3 max 6)  syn   55.3  held-out best  24.566  [ 108.0s]
r 425  fit  28.641  mse  27.087  neurons  4.14 (min 3 max 5)  syn   54.3  held-out best  24.317  [ 114.8s]
r 450  fit  27.034  mse  25.634  neurons  4.12 (min 3 max 6)  syn   53.8  held-out best  24.323  [ 121.4s]
r 475  fit  27.301  mse  25.801  neurons  4.06 (min 3 max 6)  syn   53.3  held-out best  24.323  [ 127.9s]
r 500  fit  26.375  mse  24.975  neurons  4.06 (min 3 max 5)  syn   53.1  held-out best  24.323  [ 134.5s]
r 525  fit  26.990  mse  25.590  neurons  4.01 (min 3 max 5)  syn   52.3  held-out best  24.323  [ 141.1s]
r 550  fit  25.931  mse  24.514  neurons  4.01 (min 3 max 5)  syn   52.8  held-out best  24.323  [ 147.7s]
r 575  fit  27.823  mse  26.423  neurons  3.98 (min 3 max 5)  syn   53.3  held-out best  24.323  [ 154.0s]
r 600  fit  26.017  mse  24.617  neurons  4.00 (min 3 max 5)  syn   53.1  held-out best  24.323  [ 160.6s]
r 625  fit  27.262  mse  25.862  neurons  3.98 (min 3 max 5)  syn   53.2  held-out best  24.323  [ 167.0s]
r 650  fit  25.856  mse  24.456  neurons  4.00 (min 2 max 5)  syn   53.4  held-out best  24.323  [ 173.5s]
r 675  fit  25.681  mse  24.281  neurons  4.03 (min 3 max 6)  syn   54.1  held-out best  24.323  [ 179.8s]
r 700  fit  26.919  mse  25.519  neurons  4.01 (min 3 max 5)  syn   54.8  held-out best  24.323  [ 186.1s]
r 725  fit  26.929  mse  25.529  neurons  3.99 (min 3 max 5)  syn   55.1  held-out best  24.323  [ 192.4s]
r 750  fit  24.997  mse  23.597  neurons  3.99 (min 3 max 5)  syn   55.2  held-out best  24.323  [ 198.8s]
r 775  fit  25.212  mse  23.812  neurons  4.00 (min 3 max 5)  syn   55.2  held-out best  24.323  [ 205.3s]
r 800  fit  26.742  mse  25.342  neurons  4.00 (min 3 max 5)  syn   55.3  held-out best  24.323  [ 211.8s]
r 825  fit  24.325  mse  22.925  neurons  3.98 (min 3 max 5)  syn   55.2  held-out best  24.323  [ 218.1s]
r 850  fit  23.727  mse  22.327  neurons  4.03 (min 3 max 5)  syn   55.9  held-out best  24.323  [ 224.6s]
r 875  fit  25.693  mse  24.293  neurons  4.01 (min 3 max 5)  syn   56.1  held-out best  24.323  [ 230.9s]
r 900  fit  27.929  mse  26.529  neurons  3.99 (min 3 max 5)  syn   56.3  held-out best  24.323  [ 237.3s]
r 925  fit  23.819  mse  22.419  neurons  4.01 (min 3 max 5)  syn   56.2  held-out best  24.323  [ 243.9s]
r 950  fit  25.086  mse  23.686  neurons  4.01 (min 3 max 5)  syn   56.6  held-out best  24.323  [ 250.5s]
r 975  fit  27.026  mse  25.626  neurons  4.02 (min 3 max 5)  syn   56.8  held-out best  24.323  [ 256.9s]
r1000  fit  25.425  mse  24.025  neurons  4.02 (min 3 max 5)  syn   56.8  held-out best  22.725  [ 263.5s]
r1025  fit  26.317  mse  24.917  neurons  4.01 (min 3 max 5)  syn   56.8  held-out best  22.725  [ 269.9s]
r1050  fit  27.349  mse  25.949  neurons  4.03 (min 3 max 5)  syn   56.7  held-out best  22.725  [ 276.5s]
r1075  fit  25.332  mse  23.932  neurons  4.03 (min 3 max 5)  syn   56.7  held-out best  22.725  [ 282.8s]
r1100  fit  25.241  mse  23.841  neurons  4.02 (min 3 max 5)  syn   57.2  held-out best  22.725  [ 289.4s]
r1125  fit  25.811  mse  24.411  neurons  4.00 (min 3 max 5)  syn   56.4  held-out best  22.725  [ 295.8s]
r1150  fit  25.940  mse  24.540  neurons  4.00 (min 3 max 5)  syn   56.4  held-out best  22.725  [ 302.4s]
r1175  fit  23.980  mse  22.580  neurons  4.01 (min 3 max 5)  syn   56.5  held-out best  22.725  [ 308.7s]
r1200  fit  25.525  mse  24.125  neurons  4.02 (min 3 max 6)  syn   56.2  held-out best  22.725  [ 315.4s]
r1225  fit  24.403  mse  23.003  neurons  4.00 (min 3 max 5)  syn   56.4  held-out best  22.725  [ 321.8s]
r1250  fit  26.194  mse  24.794  neurons  4.02 (min 3 max 5)  syn   56.4  held-out best  22.725  [ 328.4s]
r1275  fit  24.994  mse  23.594  neurons  3.99 (min 3 max 5)  syn   56.1  held-out best  22.725  [ 334.8s]
r1300  fit  24.548  mse  23.148  neurons  3.98 (min 3 max 5)  syn   56.1  held-out best  22.725  [ 341.2s]
r1325  fit  26.261  mse  24.861  neurons  4.00 (min 3 max 5)  syn   56.0  held-out best  22.725  [ 347.6s]
r1350  fit  25.432  mse  24.032  neurons  4.00 (min 3 max 5)  syn   56.1  held-out best  22.725  [ 354.2s]
r1375  fit  27.084  mse  25.684  neurons  4.00 (min 3 max 5)  syn   56.2  held-out best  22.725  [ 360.7s]
r1400  fit  27.551  mse  26.151  neurons  4.00 (min 3 max 5)  syn   55.8  held-out best  22.725  [ 367.2s]
r1425  fit  25.902  mse  24.502  neurons  4.00 (min 3 max 5)  syn   56.4  held-out best  22.725  [ 373.7s]
r1450  fit  26.847  mse  25.447  neurons  4.02 (min 3 max 5)  syn   56.5  held-out best  22.725  [ 380.1s]
r1475  fit  23.477  mse  22.077  neurons  3.99 (min 3 max 5)  syn   56.5  held-out best  22.725  [ 386.6s]
r1499  fit  23.835  mse  22.435  neurons  4.00 (min 3 max 5)  syn   56.3  held-out best  22.725  [ 392.8s]
DONE: held-out MSE 22.725 vs constant 34.152 (6.5 min)
