Loading tokenizer from /home/starost/.cache/nanochat/tokenizer
Vocab size: 32768, BOS id: 32759
Seeding Tiny LUT anchors from /home/starost/spiky/nanochat_exps/exp060_e96_full_mhlut/checkpoint.pt
  anchor import done (36 buffers)
TinyMultiHeadLut modules: 18 (expected 18)
AdamW params (fp32, single optimiser): 129,304,838
Q/K Joint MHLut: in_nap=6 tph=256 d_qk=32 (n_outputs=2*d_qk=64)
V MHLut:         in_nap=7 tph=256 d_v=16 (n_outputs=d_v)
out_proj MHLut:  in_nap=6 tph=[2048, 2048, 1024, 1024, 1024, 1024] (n_outputs=E=96) + LayerNorm
Tokens/micro-batch: 4,096 | grad_accum: 1 | effective batch: 4,096 tokens
step      1 | loss=10.5662 | lr=3.75e-07
step    100 | loss=9.7314 | lr=3.75e-05
step    200 | loss=8.5978 | lr=7.50e-05
[VAL] step 200: bpb=2.3576
step    300 | loss=7.9363 | lr=1.12e-04
step    400 | loss=7.5204 | lr=1.50e-04
[VAL] step 400: bpb=2.1764
step    500 | loss=7.1457 | lr=1.87e-04
step    600 | loss=6.9372 | lr=2.25e-04
[VAL] step 600: bpb=2.0626
step    700 | loss=6.7994 | lr=2.62e-04
step    800 | loss=6.6927 | lr=3.00e-04
[VAL] step 800: bpb=2.0214
step    900 | loss=6.6168 | lr=3.00e-04
step   1000 | loss=6.5612 | lr=2.99e-04
[VAL] step 1000: bpb=1.9849
step   1100 | loss=6.5131 | lr=2.99e-04
step   1200 | loss=6.4696 | lr=2.98e-04
[VAL] step 1200: bpb=1.9615
step   1300 | loss=6.4129 | lr=2.97e-04
step   1400 | loss=6.3924 | lr=2.95e-04
[VAL] step 1400: bpb=1.9442
step   1500 | loss=6.3652 | lr=2.94e-04
step   1600 | loss=6.3071 | lr=2.92e-04
[VAL] step 1600: bpb=1.9237
step   1700 | loss=6.2857 | lr=2.90e-04
step   1800 | loss=6.2594 | lr=2.87e-04
[VAL] step 1800: bpb=1.9063
step   1900 | loss=6.2331 | lr=2.85e-04
step   2000 | loss=6.2002 | lr=2.82e-04
[VAL] step 2000: bpb=1.8906
step   2100 | loss=6.1578 | lr=2.79e-04
step   2200 | loss=6.1340 | lr=2.76e-04
[VAL] step 2200: bpb=1.8747
step   2300 | loss=6.1115 | lr=2.72e-04
step   2400 | loss=6.1004 | lr=2.68e-04
[VAL] step 2400: bpb=1.8645
step   2500 | loss=6.0796 | lr=2.65e-04
