Loading tokenizer from /home/starost/.cache/nanochat/tokenizer
Vocab size: 32768, BOS id: 32759
bit LUTs: 18
Adam-managed parameters: 22,352,006
Q/K Joint BitMultiHeadLUT: in_nap=5 out_nap=32 tph=1024 d_qk=32 P_qk=496 (n_outputs=2*P_qk=992, CLT-scaled, q/k-canonicalised)
V BitPermLUT:   in_nap=6 out_nap=32 tph=512 d_v=16 P_v=120
Out BitPermLUT: in_nap=8 out_nap=32 tph=[4096, 4096, 2048, 2048, 2048, 2048]
Tokens/micro-batch: 4,096 | grad_accum: 1 | effective batch: 4,096 tokens
step      1 | loss=10.5665 | lr=3.75e-07
step    100 | loss=9.7320 | lr=3.75e-05
step    200 | loss=8.6207 | lr=7.50e-05
[VAL] step 200: bpb=2.3585
step    300 | loss=7.9442 | lr=1.12e-04
step    400 | loss=7.6149 | lr=1.50e-04
[VAL] step 400: bpb=2.2635
step    500 | loss=7.4118 | lr=1.87e-04
step    600 | loss=7.3033 | lr=2.25e-04
[VAL] step 600: bpb=2.2019
step    700 | loss=7.1609 | lr=2.62e-04
step    800 | loss=6.9792 | lr=3.00e-04
[VAL] step 800: bpb=2.0873
step    900 | loss=6.8397 | lr=3.00e-04
step   1000 | loss=6.7413 | lr=2.99e-04
[VAL] step 1000: bpb=2.0305
step   1100 | loss=6.6691 | lr=2.99e-04
step   1200 | loss=6.6092 | lr=2.98e-04
[VAL] step 1200: bpb=2.0016
step   1300 | loss=6.5443 | lr=2.97e-04
step   1400 | loss=6.5184 | lr=2.95e-04
[VAL] step 1400: bpb=1.9828
step   1500 | loss=6.4883 | lr=2.94e-04
step   1600 | loss=6.4309 | lr=2.92e-04
[VAL] step 1600: bpb=1.9635
step   1700 | loss=6.4137 | lr=2.90e-04
step   1800 | loss=6.3919 | lr=2.87e-04
[VAL] step 1800: bpb=1.9477
step   1900 | loss=6.3717 | lr=2.85e-04
step   2000 | loss=6.3469 | lr=2.82e-04
[VAL] step 2000: bpb=1.9400
step   2100 | loss=6.3160 | lr=2.79e-04
step   2200 | loss=6.2992 | lr=2.76e-04
[VAL] step 2200: bpb=1.9293
step   2300 | loss=6.2798 | lr=2.72e-04
step   2400 | loss=6.2737 | lr=2.68e-04
[VAL] step 2400: bpb=1.9187
step   2500 | loss=6.2568 | lr=2.65e-04
step   2600 | loss=6.2453 | lr=2.60e-04
[VAL] step 2600: bpb=1.9049
step   2700 | loss=6.2158 | lr=2.56e-04
step   2800 | loss=6.2051 | lr=2.52e-04
[VAL] step 2800: bpb=1.8957
step   2900 | loss=6.1806 | lr=2.47e-04
step   3000 | loss=6.1701 | lr=2.42e-04
[VAL] step 3000: bpb=1.8852
step   3100 | loss=6.1574 | lr=2.38e-04
step   3200 | loss=6.1411 | lr=2.32e-04
[VAL] step 3200: bpb=1.8769
step   3300 | loss=6.1323 | lr=2.27e-04
step   3400 | loss=6.0950 | lr=2.22e-04
[VAL] step 3400: bpb=1.8701
step   3500 | loss=6.0832 | lr=2.17e-04
step   3600 | loss=6.0892 | lr=2.11e-04
[VAL] step 3600: bpb=1.8632
step   3700 | loss=6.0663 | lr=2.06e-04
step   3800 | loss=6.0539 | lr=2.00e-04
[VAL] step 3800: bpb=1.8543
step   3900 | loss=6.0293 | lr=1.94e-04
step   4000 | loss=6.0136 | lr=1.88e-04
[VAL] step 4000: bpb=1.8456
step   4100 | loss=6.0374 | lr=1.83e-04
step   4200 | loss=6.0077 | lr=1.77e-04
[VAL] step 4200: bpb=1.8398
step   4300 | loss=6.0094 | lr=1.71e-04
step   4400 | loss=5.9959 | lr=1.65e-04
[VAL] step 4400: bpb=1.8334
step   4500 | loss=5.9835 | lr=1.59e-04
step   4600 | loss=5.9702 | lr=1.53e-04
[VAL] step 4600: bpb=1.8279
step   4700 | loss=5.9716 | lr=1.47e-04
step   4800 | loss=5.9675 | lr=1.42e-04
[VAL] step 4800: bpb=1.8223
step   4900 | loss=5.9426 | lr=1.36e-04
step   5000 | loss=5.9367 | lr=1.30e-04
[VAL] step 5000: bpb=1.8168
step   5100 | loss=5.9219 | lr=1.24e-04
step   5200 | loss=5.9048 | lr=1.19e-04
[VAL] step 5200: bpb=1.8100
step   5300 | loss=5.8938 | lr=1.13e-04
step   5400 | loss=5.8803 | lr=1.08e-04
[VAL] step 5400: bpb=1.8078
step   5500 | loss=5.8815 | lr=1.03e-04
step   5600 | loss=5.8953 | lr=9.75e-05
[VAL] step 5600: bpb=1.8035
step   5700 | loss=5.8780 | lr=9.25e-05
step   5800 | loss=5.8697 | lr=8.76e-05
[VAL] step 5800: bpb=1.7998
step   5900 | loss=5.8757 | lr=8.28e-05
step   6000 | loss=5.8605 | lr=7.82e-05
[VAL] step 6000: bpb=1.7963
step   6100 | loss=5.8488 | lr=7.38e-05
step   6200 | loss=5.8451 | lr=6.95e-05
[VAL] step 6200: bpb=1.7925
step   6300 | loss=5.8487 | lr=6.55e-05
step   6400 | loss=5.8305 | lr=6.16e-05
[VAL] step 6400: bpb=1.7899
step   6500 | loss=5.8250 | lr=5.79e-05
step   6600 | loss=5.8307 | lr=5.44e-05
[VAL] step 6600: bpb=1.7864
step   6700 | loss=5.8257 | lr=5.11e-05
step   6800 | loss=5.8175 | lr=4.81e-05
[VAL] step 6800: bpb=1.7846
step   6900 | loss=5.8177 | lr=4.53e-05
step   7000 | loss=5.8144 | lr=4.26e-05
[VAL] step 7000: bpb=1.7836
step   7100 | loss=5.8077 | lr=4.03e-05
step   7200 | loss=5.8122 | lr=3.81e-05
[VAL] step 7200: bpb=1.7817
step   7300 | loss=5.8011 | lr=3.62e-05
step   7400 | loss=5.8120 | lr=3.46e-05
[VAL] step 7400: bpb=1.7797
step   7500 | loss=5.7983 | lr=3.32e-05
step   7600 | loss=5.7908 | lr=3.21e-05
[VAL] step 7600: bpb=1.7777
step   7700 | loss=5.7822 | lr=3.12e-05
step   7800 | loss=5.7925 | lr=3.05e-05
[VAL] step 7800: bpb=1.7758
step   7900 | loss=5.7882 | lr=3.01e-05
step   8000 | loss=5.7834 | lr=3.00e-05
[VAL] step 8000: bpb=1.7758

=== DONE ===
{
  "exp_name": "exp052_e96_qk_bml_joint",
  "best_val_bpb": 1.7757711814232173,
  "final_val_bpb": 1.7757711814232173,
  "adam_params": 22352006,
  "n_bit_luts": 18,
  "training_time_hours": 2.758
}
