Loading tokenizer from /home/starost/.cache/nanochat/tokenizer
Vocab size: 32768, BOS id: 32759
Total params (all fp32): 496,829,958
Q/K Joint MHLut: in_nap=8 tph=384 d_qk=32 (n_outputs=2*d_qk=64)
V MHLut:         in_nap=8 tph=256 d_v=32 (n_outputs=d_v)
out_proj MHLut:  in_nap=6 tph=3056 (n_outputs=E=64) + LayerNorm
Tokens/micro-batch: 4,096 | grad_accum: 1 | effective batch: 4,096 tokens
step      1 | loss=10.4089 | lr=3.75e-07
step    100 | loss=10.0980 | lr=3.75e-05
step    200 | loss=8.8467 | lr=7.50e-05
[VAL] step 200: bpb=2.3657
step    300 | loss=8.0864 | lr=1.12e-04
step    400 | loss=7.6562 | lr=1.50e-04
[VAL] step 400: bpb=2.2196
step    500 | loss=7.2385 | lr=1.87e-04
step    600 | loss=6.9856 | lr=2.25e-04
[VAL] step 600: bpb=2.0713
step    700 | loss=6.8245 | lr=2.62e-04
step    800 | loss=6.7036 | lr=3.00e-04
[VAL] step 800: bpb=2.0211
step    900 | loss=6.6208 | lr=3.00e-04
step   1000 | loss=6.5617 | lr=2.99e-04
[VAL] step 1000: bpb=1.9859
step   1100 | loss=6.5115 | lr=2.99e-04
step   1200 | loss=6.4675 | lr=2.98e-04
[VAL] step 1200: bpb=1.9596
step   1300 | loss=6.4063 | lr=2.97e-04
step   1400 | loss=6.3751 | lr=2.95e-04
[VAL] step 1400: bpb=1.9369
step   1500 | loss=6.3336 | lr=2.94e-04
step   1600 | loss=6.2614 | lr=2.92e-04
[VAL] step 1600: bpb=1.9057
step   1700 | loss=6.2295 | lr=2.90e-04
step   1800 | loss=6.1981 | lr=2.87e-04
[VAL] step 1800: bpb=1.8859
step   1900 | loss=6.1653 | lr=2.85e-04
step   2000 | loss=6.1312 | lr=2.82e-04
[VAL] step 2000: bpb=1.8677
step   2100 | loss=6.0861 | lr=2.79e-04
step   2200 | loss=6.0591 | lr=2.76e-04
[VAL] step 2200: bpb=1.8504
step   2300 | loss=6.0330 | lr=2.72e-04
step   2400 | loss=6.0205 | lr=2.68e-04
[VAL] step 2400: bpb=1.8369
step   2500 | loss=5.9992 | lr=2.65e-04
step   2600 | loss=5.9841 | lr=2.60e-04
[VAL] step 2600: bpb=1.8212
step   2700 | loss=5.9485 | lr=2.56e-04
step   2800 | loss=5.9342 | lr=2.52e-04
[VAL] step 2800: bpb=1.8113
step   2900 | loss=5.9059 | lr=2.47e-04
step   3000 | loss=5.8903 | lr=2.42e-04
[VAL] step 3000: bpb=1.7997
step   3100 | loss=5.8751 | lr=2.38e-04
step   3200 | loss=5.8641 | lr=2.32e-04
[VAL] step 3200: bpb=1.7869
step   3300 | loss=5.8528 | lr=2.27e-04
step   3400 | loss=5.8149 | lr=2.22e-04
[VAL] step 3400: bpb=1.7814
step   3500 | loss=5.8055 | lr=2.17e-04
step   3600 | loss=5.8119 | lr=2.11e-04
[VAL] step 3600: bpb=1.7772
step   3700 | loss=5.7875 | lr=2.06e-04
step   3800 | loss=5.7754 | lr=2.00e-04
[VAL] step 3800: bpb=1.7683
step   3900 | loss=5.7532 | lr=1.94e-04
step   4000 | loss=5.7342 | lr=1.88e-04
[VAL] step 4000: bpb=1.7590
step   4100 | loss=5.7608 | lr=1.83e-04
step   4200 | loss=5.7321 | lr=1.77e-04
[VAL] step 4200: bpb=1.7548
step   4300 | loss=5.7362 | lr=1.71e-04
step   4400 | loss=5.7210 | lr=1.65e-04
[VAL] step 4400: bpb=1.7490
step   4500 | loss=5.7074 | lr=1.59e-04
step   4600 | loss=5.6965 | lr=1.53e-04
[VAL] step 4600: bpb=1.7437
step   4700 | loss=5.6961 | lr=1.47e-04
step   4800 | loss=5.6923 | lr=1.42e-04
[VAL] step 4800: bpb=1.7385
step   4900 | loss=5.6691 | lr=1.36e-04
step   5000 | loss=5.6650 | lr=1.30e-04
[VAL] step 5000: bpb=1.7322
step   5100 | loss=5.6501 | lr=1.24e-04
step   5200 | loss=5.6323 | lr=1.19e-04
[VAL] step 5200: bpb=1.7265
step   5300 | loss=5.6190 | lr=1.13e-04
step   5400 | loss=5.6065 | lr=1.08e-04
[VAL] step 5400: bpb=1.7227
step   5500 | loss=5.6118 | lr=1.03e-04
step   5600 | loss=5.6271 | lr=9.75e-05
[VAL] step 5600: bpb=1.7169
step   5700 | loss=5.6103 | lr=9.25e-05
step   5800 | loss=5.6007 | lr=8.76e-05
[VAL] step 5800: bpb=1.7157
step   5900 | loss=5.6045 | lr=8.28e-05
step   6000 | loss=5.5908 | lr=7.82e-05
[VAL] step 6000: bpb=1.7112
step   6100 | loss=5.5790 | lr=7.38e-05
step   6200 | loss=5.5767 | lr=6.95e-05
[VAL] step 6200: bpb=1.7078
step   6300 | loss=5.5793 | lr=6.55e-05
step   6400 | loss=5.5623 | lr=6.16e-05
[VAL] step 6400: bpb=1.7048
step   6500 | loss=5.5542 | lr=5.79e-05
step   6600 | loss=5.5611 | lr=5.44e-05
[VAL] step 6600: bpb=1.7014
step   6700 | loss=5.5545 | lr=5.11e-05
step   6800 | loss=5.5464 | lr=4.81e-05
[VAL] step 6800: bpb=1.7001
step   6900 | loss=5.5473 | lr=4.53e-05
step   7000 | loss=5.5479 | lr=4.26e-05
[VAL] step 7000: bpb=1.6988
step   7100 | loss=5.5413 | lr=4.03e-05
step   7200 | loss=5.5426 | lr=3.81e-05
[VAL] step 7200: bpb=1.6976
step   7300 | loss=5.5304 | lr=3.62e-05
step   7400 | loss=5.5411 | lr=3.46e-05
[VAL] step 7400: bpb=1.6958
step   7500 | loss=5.5284 | lr=3.32e-05
step   7600 | loss=5.5206 | lr=3.21e-05
[VAL] step 7600: bpb=1.6932
step   7700 | loss=5.5093 | lr=3.12e-05
step   7800 | loss=5.5244 | lr=3.05e-05
[VAL] step 7800: bpb=1.6914
step   7900 | loss=5.5226 | lr=3.01e-05
step   8000 | loss=5.5143 | lr=3.00e-05
[VAL] step 8000: bpb=1.6914

=== DONE ===
{
  "exp_name": "exp176_smooth_lut_unembedder",
  "best_val_bpb": 1.6913512334521708,
  "final_val_bpb": 1.6914467444040975,
  "n_params": 496829958,
  "training_time_hours": 0.668
}
