Loading tokenizer from /home/starost/.cache/nanochat/tokenizer
Vocab size: 32768, BOS id: 32759
Total params (all fp32): 496,829,958
Q/K Joint MHLut: in_nap=8 tph=384 d_qk=32 (n_outputs=2*d_qk=64)
V MHLut:         in_nap=8 tph=256 d_v=32 (n_outputs=d_v)
out_proj MHLut:  in_nap=6 tph=3056 (n_outputs=E=64) + LayerNorm
Tokens/micro-batch: 4,096 | grad_accum: 1 | effective batch: 4,096 tokens
/home/starost/spiky/.venv/lib/python3.12/site-packages/torch/_inductor/compile_fx.py:236: UserWarning: TensorFloat32 tensor cores for float32 matrix multiplication available but not enabled. Consider setting `torch.set_float32_matmul_precision('high')` for better performance.
  warnings.warn(
step      1 | loss=10.4093 | lr=3.75e-07
step    100 | loss=10.1080 | lr=3.75e-05
step    200 | loss=8.8683 | lr=7.50e-05
[VAL] step 200: bpb=2.3675
step    300 | loss=8.0974 | lr=1.12e-04
step    400 | loss=7.7121 | lr=1.50e-04
[VAL] step 400: bpb=2.2498
step    500 | loss=7.3117 | lr=1.87e-04
step    600 | loss=7.0485 | lr=2.25e-04
[VAL] step 600: bpb=2.0893
step    700 | loss=6.8775 | lr=2.62e-04
step    800 | loss=6.7539 | lr=3.00e-04
[VAL] step 800: bpb=2.0389
step    900 | loss=6.6681 | lr=3.00e-04
step   1000 | loss=6.6084 | lr=2.99e-04
[VAL] step 1000: bpb=2.0003
step   1100 | loss=6.5580 | lr=2.99e-04
step   1200 | loss=6.5162 | lr=2.98e-04
[VAL] step 1200: bpb=1.9743
step   1300 | loss=6.4584 | lr=2.97e-04
step   1400 | loss=6.4324 | lr=2.95e-04
[VAL] step 1400: bpb=1.9540
step   1500 | loss=6.3998 | lr=2.94e-04
step   1600 | loss=6.3357 | lr=2.92e-04
[VAL] step 1600: bpb=1.9288
step   1700 | loss=6.3067 | lr=2.90e-04
step   1800 | loss=6.2784 | lr=2.87e-04
[VAL] step 1800: bpb=1.9103
step   1900 | loss=6.2501 | lr=2.85e-04
step   2000 | loss=6.2189 | lr=2.82e-04
[VAL] step 2000: bpb=1.8949
step   2100 | loss=6.1790 | lr=2.79e-04
step   2200 | loss=6.1573 | lr=2.76e-04
[VAL] step 2200: bpb=1.8813
step   2300 | loss=6.1320 | lr=2.72e-04
step   2400 | loss=6.1222 | lr=2.68e-04
[VAL] step 2400: bpb=1.8696
step   2500 | loss=6.1045 | lr=2.65e-04
step   2600 | loss=6.0900 | lr=2.60e-04
[VAL] step 2600: bpb=1.8563
step   2700 | loss=6.0571 | lr=2.56e-04
step   2800 | loss=6.0468 | lr=2.52e-04
[VAL] step 2800: bpb=1.8459
step   2900 | loss=6.0183 | lr=2.47e-04
step   3000 | loss=6.0055 | lr=2.42e-04
[VAL] step 3000: bpb=1.8355
step   3100 | loss=5.9925 | lr=2.38e-04
step   3200 | loss=5.9814 | lr=2.32e-04
[VAL] step 3200: bpb=1.8220
step   3300 | loss=5.9715 | lr=2.27e-04
step   3400 | loss=5.9339 | lr=2.22e-04
[VAL] step 3400: bpb=1.8186
step   3500 | loss=5.9244 | lr=2.17e-04
step   3600 | loss=5.9314 | lr=2.11e-04
[VAL] step 3600: bpb=1.8137
step   3700 | loss=5.9100 | lr=2.06e-04
step   3800 | loss=5.8984 | lr=2.00e-04
[VAL] step 3800: bpb=1.8064
step   3900 | loss=5.8766 | lr=1.94e-04
step   4000 | loss=5.8599 | lr=1.88e-04
[VAL] step 4000: bpb=1.7971
step   4100 | loss=5.8847 | lr=1.83e-04
step   4200 | loss=5.8561 | lr=1.77e-04
[VAL] step 4200: bpb=1.7920
step   4300 | loss=5.8610 | lr=1.71e-04
step   4400 | loss=5.8467 | lr=1.65e-04
[VAL] step 4400: bpb=1.7863
step   4500 | loss=5.8326 | lr=1.59e-04
step   4600 | loss=5.8217 | lr=1.53e-04
[VAL] step 4600: bpb=1.7816
step   4700 | loss=5.8232 | lr=1.47e-04
step   4800 | loss=5.8201 | lr=1.42e-04
[VAL] step 4800: bpb=1.7754
step   4900 | loss=5.7957 | lr=1.36e-04
step   5000 | loss=5.7911 | lr=1.30e-04
[VAL] step 5000: bpb=1.7685
step   5100 | loss=5.7769 | lr=1.24e-04
step   5200 | loss=5.7593 | lr=1.19e-04
[VAL] step 5200: bpb=1.7639
step   5300 | loss=5.7464 | lr=1.13e-04
step   5400 | loss=5.7335 | lr=1.08e-04
[VAL] step 5400: bpb=1.7603
