Failed to import warp: No module named 'warp'
Failed to import mujoco_warp: No module named 'warp'
MHL-LIF SAC actor heads=1 tph=128 n_det=1 buckets=16 seed=2 | 12 outputs/cell (6 mu + 6 log-sigma) | front-end 6,784 + table 24,576 = 31,360 params (111.9% of the 28,032 hyperplane baseline; 31,360 trainable) | cells 128x16 = 2,048 | delay_init_std=0.0 table_init_std=0.10000 share_betas=False delay_const=0.0 delay_min=-inf | temperatures trainable | no eps
[  500/10000] steps    32,000 | MJX ret      7.6 | cell-cov   0.0% | digit 10.473 | nosp 0.374 | eff  3.70/16 | Tbkt 1.000 | Tcr 1.000 | best      7.6 |   2.9m
[ 1000/10000] steps    64,000 | MJX ret     92.2 | cell-cov  79.7% | digit 9.989 | nosp 0.327 | eff  3.82/16 | Tbkt 0.604 | Tcr 0.884 | best     92.2 |   5.4m
[ 1500/10000] steps    96,000 | MJX ret    311.0 | cell-cov  81.8% | digit 8.837 | nosp 0.208 | eff  3.39/16 | Tbkt 0.408 | Tcr 0.829 | best    311.0 |   7.6m
[ 2000/10000] steps   128,000 | MJX ret    325.9 | cell-cov  82.9% | digit 8.940 | nosp 0.192 | eff  3.82/16 | Tbkt 0.299 | Tcr 0.746 | best    325.9 |   9.4m
[ 2500/10000] steps   160,000 | MJX ret    518.2 | cell-cov  83.8% | digit 8.521 | nosp 0.182 | eff  3.65/16 | Tbkt 0.225 | Tcr 0.692 | best    518.2 |  11.2m
[ 3000/10000] steps   192,000 | MJX ret    821.5 | cell-cov  84.3% | digit 8.608 | nosp 0.182 | eff  4.07/16 | Tbkt 0.169 | Tcr 0.629 | best    821.5 |  12.9m
[ 3500/10000] steps   224,000 | MJX ret   1595.3 | cell-cov  84.4% | digit 8.255 | nosp 0.168 | eff  4.13/16 | Tbkt 0.132 | Tcr 0.600 | best   1595.3 |  14.6m
[ 4000/10000] steps   256,000 | MJX ret   1511.5 | cell-cov  84.8% | digit 8.381 | nosp 0.165 | eff  4.17/16 | Tbkt 0.097 | Tcr 0.578 | best   1595.3 |  16.3m
[ 4500/10000] steps   288,000 | MJX ret   1354.4 | cell-cov  85.1% | digit 8.257 | nosp 0.167 | eff  4.09/16 | Tbkt 0.077 | Tcr 0.569 | best   1595.3 |  18.0m
[ 5000/10000] steps   320,000 | MJX ret   1333.8 | cell-cov  85.2% | digit 8.127 | nosp 0.148 | eff  3.82/16 | Tbkt 0.064 | Tcr 0.561 | best   1595.3 |  19.8m
[ 5500/10000] steps   352,000 | MJX ret   1107.5 | cell-cov  85.3% | digit 8.151 | nosp 0.152 | eff  4.04/16 | Tbkt 0.056 | Tcr 0.541 | best   1595.3 |  21.5m
[ 6000/10000] steps   384,000 | MJX ret   1058.5 | cell-cov  85.4% | digit 8.258 | nosp 0.146 | eff  3.98/16 | Tbkt 0.051 | Tcr 0.526 | best   1595.3 |  23.2m
[ 6500/10000] steps   416,000 | MJX ret    794.1 | cell-cov  85.6% | digit 8.208 | nosp 0.142 | eff  3.99/16 | Tbkt 0.045 | Tcr 0.514 | best   1595.3 |  25.0m
[ 7000/10000] steps   448,000 | MJX ret    916.2 | cell-cov  85.7% | digit 8.304 | nosp 0.134 | eff  4.04/16 | Tbkt 0.040 | Tcr 0.505 | best   1595.3 |  26.8m
[ 7500/10000] steps   480,000 | MJX ret   1182.4 | cell-cov  85.9% | digit 8.217 | nosp 0.130 | eff  4.16/16 | Tbkt 0.037 | Tcr 0.504 | best   1595.3 |  28.7m
[ 8000/10000] steps   512,000 | MJX ret   1329.7 | cell-cov  86.0% | digit 8.044 | nosp 0.125 | eff  4.01/16 | Tbkt 0.034 | Tcr 0.498 | best   1595.3 |  30.5m
[ 8500/10000] steps   544,000 | MJX ret    775.6 | cell-cov  86.0% | digit 8.202 | nosp 0.137 | eff  4.43/16 | Tbkt 0.030 | Tcr 0.494 | best   1595.3 |  32.3m
[ 9000/10000] steps   576,000 | MJX ret    900.3 | cell-cov  86.1% | digit 7.913 | nosp 0.135 | eff  4.31/16 | Tbkt 0.029 | Tcr 0.488 | best   1595.3 |  34.1m
[ 9500/10000] steps   608,000 | MJX ret    991.4 | cell-cov  86.2% | digit 8.044 | nosp 0.127 | eff  4.31/16 | Tbkt 0.028 | Tcr 0.482 | best   1595.3 |  35.8m
[10000/10000] steps   640,000 | MJX ret   1129.0 | cell-cov  86.4% | digit 8.071 | nosp 0.126 | eff  4.11/16 | Tbkt 0.026 | Tcr 0.479 | best   1595.3 |  37.2m
done: best MJX 1595.3 over 640,000 env-steps in 37.2 min
Failed to import warp: No module named 'warp'
Failed to import mujoco_warp: No module named 'warp'
mhl_sac_c50_s2_actor.npz (31,360 params = 6,784 front-end + 24,576 table) [eval] 1 det x 16 bkt = 16 cells / tph128
  CPU-reference 100-ep deterministic: 1156.3 +/- 184.1  full 0/100  vel 2.742 m/s  len 309  [38s]
