Failed to import warp: No module named 'warp'
Failed to import mujoco_warp: No module named 'warp'
MHL-LIF SAC actor heads=1 tph=128 n_det=1 buckets=16 seed=0 | 12 outputs/cell (6 mu + 6 log-sigma) | front-end 6,784 + table 24,576 = 31,360 params (111.9% of the 28,032 hyperplane baseline; 31,360 trainable) | cells 128x16 = 2,048 | delay_init_std=0.0 table_init_std=0.10000 share_betas=False delay_const=0.0 delay_min=-inf | temperatures trainable | no eps
[  500/10000] steps    32,000 | MJX ret      0.8 | cell-cov   0.0% | digit 11.023 | nosp 0.411 | eff  4.36/16 | Tbkt 1.000 | Tcr 1.000 | best      0.8 |   2.9m
[ 1000/10000] steps    64,000 | MJX ret    298.7 | cell-cov  77.8% | digit 8.792 | nosp 0.137 | eff  3.11/16 | Tbkt 0.659 | Tcr 0.801 | best    298.7 |   5.4m
[ 1500/10000] steps    96,000 | MJX ret    251.0 | cell-cov  80.5% | digit 8.951 | nosp 0.154 | eff  4.23/16 | Tbkt 0.476 | Tcr 0.695 | best    298.7 |   7.6m
[ 2000/10000] steps   128,000 | MJX ret    317.3 | cell-cov  81.6% | digit 8.982 | nosp 0.146 | eff  3.89/16 | Tbkt 0.360 | Tcr 0.648 | best    317.3 |   9.4m
[ 2500/10000] steps   160,000 | MJX ret    400.0 | cell-cov  82.0% | digit 9.080 | nosp 0.157 | eff  3.68/16 | Tbkt 0.273 | Tcr 0.608 | best    400.0 |  11.1m
[ 3000/10000] steps   192,000 | MJX ret    825.9 | cell-cov  82.9% | digit 9.358 | nosp 0.179 | eff  4.67/16 | Tbkt 0.203 | Tcr 0.572 | best    825.9 |  12.8m
[ 3500/10000] steps   224,000 | MJX ret   1890.1 | cell-cov  83.7% | digit 9.682 | nosp 0.189 | eff  4.38/16 | Tbkt 0.151 | Tcr 0.546 | best   1890.1 |  14.5m
[ 4000/10000] steps   256,000 | MJX ret   1505.3 | cell-cov  84.3% | digit 9.552 | nosp 0.180 | eff  4.70/16 | Tbkt 0.114 | Tcr 0.534 | best   1890.1 |  16.2m
[ 4500/10000] steps   288,000 | MJX ret   3316.4 | cell-cov  84.8% | digit 9.620 | nosp 0.177 | eff  4.62/16 | Tbkt 0.087 | Tcr 0.523 | best   3316.4 |  17.9m
[ 5000/10000] steps   320,000 | MJX ret   1515.8 | cell-cov  84.9% | digit 9.659 | nosp 0.182 | eff  4.70/16 | Tbkt 0.070 | Tcr 0.518 | best   3316.4 |  19.7m
[ 5500/10000] steps   352,000 | MJX ret   2467.1 | cell-cov  85.1% | digit 9.396 | nosp 0.184 | eff  4.90/16 | Tbkt 0.064 | Tcr 0.507 | best   3316.4 |  21.5m
[ 6000/10000] steps   384,000 | MJX ret   3273.1 | cell-cov  85.4% | digit 9.401 | nosp 0.179 | eff  4.87/16 | Tbkt 0.061 | Tcr 0.498 | best   3316.4 |  23.2m
[ 6500/10000] steps   416,000 | MJX ret   3139.9 | cell-cov  85.5% | digit 9.381 | nosp 0.174 | eff  4.79/16 | Tbkt 0.058 | Tcr 0.495 | best   3316.4 |  25.0m
[ 7000/10000] steps   448,000 | MJX ret   4150.2 | cell-cov  85.7% | digit 9.238 | nosp 0.168 | eff  4.88/16 | Tbkt 0.056 | Tcr 0.489 | best   4150.2 |  26.8m
[ 7500/10000] steps   480,000 | MJX ret   2380.5 | cell-cov  85.7% | digit 9.322 | nosp 0.179 | eff  4.73/16 | Tbkt 0.055 | Tcr 0.484 | best   4150.2 |  28.7m
[ 8000/10000] steps   512,000 | MJX ret   4440.9 | cell-cov  85.9% | digit 9.345 | nosp 0.175 | eff  4.80/16 | Tbkt 0.053 | Tcr 0.479 | best   4440.9 |  30.6m
[ 8500/10000] steps   544,000 | MJX ret   4358.3 | cell-cov  86.0% | digit 9.337 | nosp 0.182 | eff  4.83/16 | Tbkt 0.050 | Tcr 0.473 | best   4440.9 |  32.4m
[ 9000/10000] steps   576,000 | MJX ret   4613.0 | cell-cov  86.1% | digit 9.354 | nosp 0.177 | eff  4.65/16 | Tbkt 0.046 | Tcr 0.469 | best   4613.0 |  34.3m
[ 9500/10000] steps   608,000 | MJX ret   4508.4 | cell-cov  86.2% | digit 9.423 | nosp 0.186 | eff  4.26/16 | Tbkt 0.042 | Tcr 0.466 | best   4613.0 |  36.1m
[10000/10000] steps   640,000 | MJX ret   4649.2 | cell-cov  86.2% | digit 9.212 | nosp 0.181 | eff  4.56/16 | Tbkt 0.037 | Tcr 0.464 | best   4649.2 |  37.4m
done: best MJX 4649.2 over 640,000 env-steps in 37.4 min
Failed to import warp: No module named 'warp'
Failed to import mujoco_warp: No module named 'warp'
mhl_sac_c50_s0_actor.npz (31,360 params = 6,784 front-end + 24,576 table) [eval] 1 det x 16 bkt = 16 cells / tph128
  CPU-reference 100-ep deterministic: 4447.2 +/- 874.4  full 62/100  vel 3.981 m/s  len 890  [25s]
