Loading tokenizer from /home/starost/.cache/nanochat/tokenizer
Vocab size: 32768, BOS id: 32759
bit LUTs: 18
Adam-managed parameters: 14,912,518
Q/K BitPermLUT: in_nap=5 out_nap=24 tph=512 d_qk=32 P_qk=496
V BitPermLUT:   in_nap=5 out_nap=16 tph=512 d_v=16 P_v=120
Out BitPermLUT: in_nap=8 out_nap=32 tph=[4096, 4096, 2048, 2048, 2048, 2048]
Tokens/micro-batch: 4,096 | grad_accum: 1 | effective batch: 4,096 tokens
step      1 | loss=10.5721 | lr=3.75e-07
step    100 | loss=9.9189 | lr=3.75e-05
step    200 | loss=8.9640 | lr=7.50e-05
[VAL] step 200: bpb=2.4446
step    300 | loss=8.1495 | lr=1.12e-04
step    400 | loss=7.7652 | lr=1.50e-04
[VAL] step 400: bpb=2.3076
step    500 | loss=7.5378 | lr=1.87e-04
step    600 | loss=7.4088 | lr=2.25e-04
[VAL] step 600: bpb=2.2339
step    700 | loss=7.2988 | lr=2.62e-04
step    800 | loss=7.1836 | lr=3.00e-04
[VAL] step 800: bpb=2.1722
step    900 | loss=7.0768 | lr=3.00e-04
step   1000 | loss=6.9705 | lr=2.99e-04
[VAL] step 1000: bpb=2.0977
step   1100 | loss=6.8677 | lr=2.99e-04
step   1200 | loss=6.7762 | lr=2.98e-04
[VAL] step 1200: bpb=2.0449
step   1300 | loss=6.6850 | lr=2.97e-04
step   1400 | loss=6.6368 | lr=2.95e-04
[VAL] step 1400: bpb=2.0139
step   1500 | loss=6.5967 | lr=2.94e-04
step   1600 | loss=6.5291 | lr=2.92e-04
[VAL] step 1600: bpb=1.9896
step   1700 | loss=6.5029 | lr=2.90e-04
step   1800 | loss=6.4782 | lr=2.87e-04
[VAL] step 1800: bpb=1.9740
step   1900 | loss=6.4572 | lr=2.85e-04
step   2000 | loss=6.4323 | lr=2.82e-04
[VAL] step 2000: bpb=1.9621
step   2100 | loss=6.3998 | lr=2.79e-04
step   2200 | loss=6.3806 | lr=2.76e-04
[VAL] step 2200: bpb=1.9522
step   2300 | loss=6.3600 | lr=2.72e-04
step   2400 | loss=6.3511 | lr=2.68e-04
[VAL] step 2400: bpb=1.9414
step   2500 | loss=6.3373 | lr=2.65e-04
step   2600 | loss=6.3273 | lr=2.60e-04
[VAL] step 2600: bpb=1.9310
step   2700 | loss=6.2977 | lr=2.56e-04
step   2800 | loss=6.2917 | lr=2.52e-04
[VAL] step 2800: bpb=1.9212
step   2900 | loss=6.2688 | lr=2.47e-04
step   3000 | loss=6.2616 | lr=2.42e-04
[VAL] step 3000: bpb=1.9135
step   3100 | loss=6.2490 | lr=2.38e-04
step   3200 | loss=6.2407 | lr=2.32e-04
[VAL] step 3200: bpb=1.9048
step   3300 | loss=6.2333 | lr=2.27e-04
step   3400 | loss=6.1982 | lr=2.22e-04
[VAL] step 3400: bpb=1.8992
step   3500 | loss=6.1912 | lr=2.17e-04
step   3600 | loss=6.1992 | lr=2.11e-04
[VAL] step 3600: bpb=1.8950
step   3700 | loss=6.1834 | lr=2.06e-04
step   3800 | loss=6.1751 | lr=2.00e-04
[VAL] step 3800: bpb=1.8885
step   3900 | loss=6.1532 | lr=1.94e-04
step   4000 | loss=6.1405 | lr=1.88e-04
[VAL] step 4000: bpb=1.8814
step   4100 | loss=6.1667 | lr=1.83e-04
step   4200 | loss=6.1384 | lr=1.77e-04
[VAL] step 4200: bpb=1.8756
step   4300 | loss=6.1411 | lr=1.71e-04
step   4400 | loss=6.1270 | lr=1.65e-04
[VAL] step 4400: bpb=1.8705
step   4500 | loss=6.1181 | lr=1.59e-04
step   4600 | loss=6.1080 | lr=1.53e-04
[VAL] step 4600: bpb=1.8672
step   4700 | loss=6.1128 | lr=1.47e-04
step   4800 | loss=6.1088 | lr=1.42e-04
[VAL] step 4800: bpb=1.8626
step   4900 | loss=6.0848 | lr=1.36e-04
step   5000 | loss=6.0823 | lr=1.30e-04
[VAL] step 5000: bpb=1.8571
step   5100 | loss=6.0663 | lr=1.24e-04
step   5200 | loss=6.0480 | lr=1.19e-04
[VAL] step 5200: bpb=1.8518
step   5300 | loss=6.0406 | lr=1.13e-04
step   5400 | loss=6.0270 | lr=1.08e-04
[VAL] step 5400: bpb=1.8475
step   5500 | loss=6.0245 | lr=1.03e-04
step   5600 | loss=6.0396 | lr=9.75e-05
[VAL] step 5600: bpb=1.8411
step   5700 | loss=6.0226 | lr=9.25e-05
step   5800 | loss=6.0152 | lr=8.76e-05
[VAL] step 5800: bpb=1.8404
step   5900 | loss=6.0210 | lr=8.28e-05
step   6000 | loss=6.0075 | lr=7.82e-05
[VAL] step 6000: bpb=1.8368
step   6100 | loss=5.9955 | lr=7.38e-05
step   6200 | loss=5.9905 | lr=6.95e-05
[VAL] step 6200: bpb=1.8351
step   6300 | loss=5.9964 | lr=6.55e-05
step   6400 | loss=5.9795 | lr=6.16e-05
[VAL] step 6400: bpb=1.8303
step   6500 | loss=5.9733 | lr=5.79e-05
step   6600 | loss=5.9825 | lr=5.44e-05
[VAL] step 6600: bpb=1.8274
step   6700 | loss=5.9766 | lr=5.11e-05
step   6800 | loss=5.9678 | lr=4.81e-05
[VAL] step 6800: bpb=1.8246
step   6900 | loss=5.9687 | lr=4.53e-05
step   7000 | loss=5.9660 | lr=4.26e-05
[VAL] step 7000: bpb=1.8248
step   7100 | loss=5.9596 | lr=4.03e-05
step   7200 | loss=5.9615 | lr=3.81e-05
[VAL] step 7200: bpb=1.8223
step   7300 | loss=5.9521 | lr=3.62e-05
step   7400 | loss=5.9617 | lr=3.46e-05
[VAL] step 7400: bpb=1.8200
step   7500 | loss=5.9499 | lr=3.32e-05
step   7600 | loss=5.9414 | lr=3.21e-05
[VAL] step 7600: bpb=1.8189
step   7700 | loss=5.9309 | lr=3.12e-05
step   7800 | loss=5.9440 | lr=3.05e-05
[VAL] step 7800: bpb=1.8179
step   7900 | loss=5.9429 | lr=3.01e-05
step   8000 | loss=5.9340 | lr=3.00e-05
[VAL] step 8000: bpb=1.8174

=== DONE ===
{
  "exp_name": "exp009_joint_qk_dqk32",
  "best_val_bpb": 1.8173611555684692,
  "final_val_bpb": 1.8173611555684692,
  "adam_params": 14912518,
  "n_bit_luts": 18,
  "training_time_hours": 0.768
}
