RANDOM init: 256 independent genomes, 40 exc + 10 inh active (E-frac 0.800), ~340 synapses each
r   0  fit 101.567  mse 101.567  neurons 50.00 (min 50 max 50)  syn  340.4  held-out best  91.876  [   8.9s]
r  25  fit  79.940  mse  79.940  neurons 50.00 (min 50 max 50)  syn  451.5  held-out best  57.196  [  57.5s]
r  50  fit  72.665  mse  72.665  neurons 50.00 (min 50 max 50)  syn  484.2  held-out best  58.447  [  97.5s]
r  75  fit  73.832  mse  73.832  neurons 50.00 (min 50 max 50)  syn  500.7  held-out best  58.447  [ 136.9s]
r 100  fit  74.758  mse  74.758  neurons 50.00 (min 50 max 50)  syn  518.7  held-out best  58.447  [ 195.3s]
r 125  fit  76.754  mse  76.754  neurons 50.00 (min 50 max 50)  syn  525.8  held-out best  58.447  [ 248.0s]
r 150  fit  68.176  mse  68.176  neurons 50.00 (min 50 max 50)  syn  532.5  held-out best  67.529  [ 286.4s]
r 175  fit  70.122  mse  70.122  neurons 50.00 (min 50 max 50)  syn  534.6  held-out best  67.529  [ 320.5s]
r 200  fit  72.574  mse  72.574  neurons 50.00 (min 50 max 50)  syn  552.7  held-out best  67.529  [ 355.1s]
r 225  fit  69.061  mse  69.061  neurons 50.00 (min 50 max 50)  syn  555.4  held-out best  67.529  [ 388.4s]
r 250  fit  71.533  mse  71.533  neurons 50.00 (min 50 max 50)  syn  555.6  held-out best  67.529  [ 425.3s]
r 275  fit  66.946  mse  66.946  neurons 50.00 (min 50 max 50)  syn  559.8  held-out best  67.529  [ 459.3s]
r 300  fit  68.333  mse  68.333  neurons 50.00 (min 50 max 50)  syn  564.5  held-out best  67.529  [ 497.8s]
r 325  fit  65.871  mse  65.871  neurons 50.00 (min 50 max 50)  syn  561.2  held-out best  69.861  [ 535.2s]
r 350  fit  69.774  mse  69.774  neurons 50.00 (min 50 max 50)  syn  559.9  held-out best  69.861  [ 573.4s]
r 375  fit  68.480  mse  68.480  neurons 50.00 (min 50 max 50)  syn  569.8  held-out best  69.861  [ 607.9s]
r 400  fit  66.904  mse  66.904  neurons 50.00 (min 50 max 50)  syn  565.0  held-out best  69.861  [ 643.2s]
r 425  fit  68.079  mse  68.079  neurons 50.00 (min 50 max 50)  syn  569.3  held-out best  69.861  [ 678.1s]
r 450  fit  67.485  mse  67.485  neurons 50.00 (min 50 max 50)  syn  574.4  held-out best  69.861  [ 713.2s]
r 475  fit  67.788  mse  67.788  neurons 50.00 (min 50 max 50)  syn  570.0  held-out best  69.861  [ 747.7s]
r 499  fit  64.680  mse  64.680  neurons 50.00 (min 50 max 50)  syn  574.2  held-out best  69.861  [ 781.3s]
DONE: held-out MSE 69.861 vs constant 34.152 (13.0 min)
