RANDOM init: 256 independent genomes, 40 exc + 10 inh active (E-frac 0.800), ~340 synapses each
r   0  fit  20.071  mse  20.071  neurons 50.00 (min 50 max 50)  syn  340.4  held-out best  16.765  [   9.0s]
r  25  fit  19.702  mse  19.702  neurons 50.00 (min 50 max 50)  syn  436.5  held-out best  17.067  [  48.3s]
r  50  fit  19.809  mse  19.809  neurons 50.00 (min 50 max 50)  syn  460.1  held-out best  17.067  [  85.4s]
r  75  fit  18.282  mse  18.282  neurons 50.00 (min 50 max 50)  syn  470.7  held-out best  17.067  [ 118.7s]
r 100  fit  18.052  mse  18.052  neurons 50.00 (min 50 max 50)  syn  478.3  held-out best  14.634  [ 180.6s]
r 125  fit  18.861  mse  18.861  neurons 50.00 (min 50 max 50)  syn  488.7  held-out best  15.316  [ 248.9s]
r 150  fit  17.937  mse  17.937  neurons 50.00 (min 50 max 50)  syn  500.6  held-out best  15.316  [ 287.0s]
r 175  fit  19.088  mse  19.088  neurons 50.00 (min 50 max 50)  syn  508.3  held-out best  15.316  [ 322.0s]
r 200  fit  19.221  mse  19.221  neurons 50.00 (min 50 max 50)  syn  511.1  held-out best  15.316  [ 360.5s]
r 225  fit  19.462  mse  19.462  neurons 50.00 (min 50 max 50)  syn  515.0  held-out best  15.691  [ 396.1s]
r 250  fit  18.964  mse  18.964  neurons 50.00 (min 50 max 50)  syn  520.9  held-out best  15.691  [ 432.2s]
r 275  fit  18.313  mse  18.313  neurons 50.00 (min 50 max 50)  syn  524.9  held-out best  15.691  [ 468.5s]
r 300  fit  18.528  mse  18.528  neurons 50.00 (min 50 max 50)  syn  525.1  held-out best  15.691  [ 506.2s]
r 325  fit  17.863  mse  17.863  neurons 50.00 (min 50 max 50)  syn  529.8  held-out best  15.691  [ 539.9s]
r 350  fit  18.839  mse  18.839  neurons 50.00 (min 50 max 50)  syn  527.7  held-out best  15.691  [ 579.1s]
r 375  fit  18.130  mse  18.130  neurons 50.00 (min 50 max 50)  syn  530.8  held-out best  15.691  [ 613.1s]
r 400  fit  17.991  mse  17.991  neurons 50.00 (min 50 max 50)  syn  541.5  held-out best  15.691  [ 649.1s]
r 425  fit  18.492  mse  18.492  neurons 50.00 (min 50 max 50)  syn  538.7  held-out best  15.691  [ 687.8s]
r 450  fit  18.129  mse  18.129  neurons 50.00 (min 50 max 50)  syn  535.1  held-out best  15.691  [ 727.5s]
r 475  fit  18.811  mse  18.811  neurons 50.00 (min 50 max 50)  syn  545.6  held-out best  15.691  [ 764.2s]
r 499  fit  18.019  mse  18.019  neurons 50.00 (min 50 max 50)  syn  542.1  held-out best  15.691  [ 790.1s]
DONE: held-out MSE 15.691 vs constant 34.152 (13.2 min)
