Loading tokenizer from /home/starost/.cache/nanochat/tokenizer
Vocab size: 32768, BOS id: 32759
bit LUTs: 24
Adam-managed parameters: 14,912,518
Q/K BitPermLUT: in_nap=5 out_nap=24 tph=512 d_qk=32 P_qk=496
V BitPermLUT:   in_nap=5 out_nap=16 tph=512 d_v=16 P_v=120
Out BitPermLUT: in_nap=8 out_nap=32 tph=[4096, 4096, 2048, 2048, 2048, 2048]
Tokens/micro-batch: 4,096 | grad_accum: 1 | effective batch: 4,096 tokens
step      1 | loss=10.5699 | lr=3.75e-07
step    100 | loss=9.9236 | lr=3.75e-05
step    200 | loss=8.9683 | lr=7.50e-05
[VAL] step 200: bpb=2.4476
step    300 | loss=8.1498 | lr=1.12e-04
step    400 | loss=7.7618 | lr=1.50e-04
[VAL] step 400: bpb=2.3045
step    500 | loss=7.5286 | lr=1.87e-04
step    600 | loss=7.3994 | lr=2.25e-04
[VAL] step 600: bpb=2.2307
step    700 | loss=7.2937 | lr=2.62e-04
step    800 | loss=7.1882 | lr=3.00e-04
[VAL] step 800: bpb=2.1725
step    900 | loss=7.0956 | lr=3.00e-04
step   1000 | loss=7.0200 | lr=2.99e-04
[VAL] step 1000: bpb=2.1209
step   1100 | loss=6.9539 | lr=2.99e-04
step   1200 | loss=6.8897 | lr=2.98e-04
[VAL] step 1200: bpb=2.0858
step   1300 | loss=6.8204 | lr=2.97e-04
step   1400 | loss=6.7843 | lr=2.95e-04
[VAL] step 1400: bpb=2.0604
step   1500 | loss=6.7483 | lr=2.94e-04
step   1600 | loss=6.6839 | lr=2.92e-04
[VAL] step 1600: bpb=2.0375
step   1700 | loss=6.6575 | lr=2.90e-04
step   1800 | loss=6.6279 | lr=2.87e-04
[VAL] step 1800: bpb=2.0233
step   1900 | loss=6.6082 | lr=2.85e-04
step   2000 | loss=6.5797 | lr=2.82e-04
[VAL] step 2000: bpb=2.0078
step   2100 | loss=6.5422 | lr=2.79e-04
step   2200 | loss=6.5153 | lr=2.76e-04
[VAL] step 2200: bpb=1.9921
step   2300 | loss=6.4841 | lr=2.72e-04
step   2400 | loss=6.4679 | lr=2.68e-04
[VAL] step 2400: bpb=1.9763
step   2500 | loss=6.4493 | lr=2.65e-04
