
                                                       █████                █████
                                                      ░░███                ░░███
     ████████    ██████   ████████    ██████   ██████  ░███████    ██████  ███████
    ░░███░░███  ░░░░░███ ░░███░░███  ███░░███ ███░░███ ░███░░███  ░░░░░███░░░███░
     ░███ ░███   ███████  ░███ ░███ ░███ ░███░███ ░░░  ░███ ░███   ███████  ░███
     ░███ ░███  ███░░███  ░███ ░███ ░███ ░███░███  ███ ░███ ░███  ███░░███  ░███ ███
     ████ █████░░████████ ████ █████░░██████ ░░██████  ████ █████░░███████  ░░█████
    ░░░░ ░░░░░  ░░░░░░░░ ░░░░ ░░░░░  ░░░░░░   ░░░░░░  ░░░░ ░░░░░  ░░░░░░░░   ░░░░░
    
Autodetected device type: cuda
2026-10-07 18:19:40,970 - nanochat.common - [32m[1mINFO[0m - Distributed world size: 1
GPU: NVIDIA H100 80GB HBM3 | Peak FLOPS (BF16): 9.89e+14
COMPUTE_DTYPE: torch.bfloat16 (auto-detected: CUDA SM 90 (bf16 supported))
wandb: WARNING `resume` will be ignored since W&B syncing is set to `offline`. Starting a new run with run id d24-dense-1xh100-s0-smoke-451e4180.
wandb: Tracking run with wandb version 0.21.3
wandb: W&B syncing is set to `offline` in this directory. Run `wandb online` or set WANDB_MODE=online to enable cloud syncing.
wandb: Run data is saved locally in /home/astarostin/projects/lut_nanochat_wt/experiments/lut_nanochat/nanochat/wandb/offline-run-20261007_181940-d24-dense-1xh100-s0-smoke-451e4180
✓ Using Flash Attention 3: efficient, new and awesome.
Vocab size: 32,768
Model config:
{
  "sequence_len": 2048,
  "vocab_size": 32768,
  "n_layer": 24,
  "n_head": 12,
  "n_kv_head": 12,
  "n_embd": 1536,
  "window_pattern": "SSSL"
}
✓ FP8 training enabled (tensorwise scaling) - converted 145/158 linear layers, skipped 13 (too small)
Parameter counts:
wte                     : 50,331,648
value_embeds            : 603,979,776
lm_head                 : 50,331,648
transformer_matrices    : 679,478,976
scalars                 : 74
total                   : 1,384,122,122
Estimated FLOPs per token: 3.963722e+08
Auto-computed optimal batch size: 1,048,576 tokens
Scaling LRs by 1.4142 for batch size 1,048,576 (reference: 524,288)
Scaling weight decay from 0.280000 to 0.059738 for depth 24
Scaling the LR for the AdamW parameters ∝1/√(1536/768) = 0.707107
Using user-provided number of iterations: 40
Total number of training tokens: 41,943,040
Tokens : Scaling params ratio: 0.06
Total training FLOPs estimate: 1.662506e+16
Tokens / micro-batch / rank: 16 x 2048 = 32,768
Tokens / micro-batch: 32,768
Total batch size 1,048,576 => gradient accumulation steps: 32
Step 00000 | Validation bpb: 3.167839
step 00000/00040 (0.00%) | loss: 10.397446 | lrm: 0.03 | dt: 47932.56ms | tok/sec: 21,876 | bf16_mfu: 0.88 | epoch: 1 pq: 0 rg: 2 | total time: 0.00m
step 00001/00040 (2.50%) | loss: 10.371659 | lrm: 0.05 | dt: 8317.11ms | tok/sec: 126,074 | bf16_mfu: 5.05 | epoch: 1 pq: 0 rg: 4 | total time: 0.00m
step 00002/00040 (5.00%) | loss: 10.322131 | lrm: 0.07 | dt: 8337.54ms | tok/sec: 125,765 | bf16_mfu: 5.04 | epoch: 1 pq: 0 rg: 6 | total time: 0.00m
step 00003/00040 (7.50%) | loss: 10.251404 | lrm: 0.10 | dt: 8322.52ms | tok/sec: 125,992 | bf16_mfu: 5.05 | epoch: 1 pq: 0 rg: 8 | total time: 0.00m
step 00004/00040 (10.00%) | loss: 10.135959 | lrm: 0.12 | dt: 8335.59ms | tok/sec: 125,795 | bf16_mfu: 5.04 | epoch: 1 pq: 0 rg: 11 | total time: 0.00m
step 00005/00040 (12.50%) | loss: 9.946723 | lrm: 0.15 | dt: 8366.56ms | tok/sec: 125,329 | bf16_mfu: 5.02 | epoch: 1 pq: 0 rg: 13 | total time: 0.00m
step 00006/00040 (15.00%) | loss: 9.600451 | lrm: 0.17 | dt: 8355.84ms | tok/sec: 125,490 | bf16_mfu: 5.03 | epoch: 1 pq: 0 rg: 15 | total time: 0.00m
step 00007/00040 (17.50%) | loss: 9.381194 | lrm: 0.20 | dt: 8326.75ms | tok/sec: 125,928 | bf16_mfu: 5.05 | epoch: 1 pq: 0 rg: 17 | total time: 0.00m
step 00008/00040 (20.00%) | loss: 9.154491 | lrm: 0.23 | dt: 8314.92ms | tok/sec: 126,107 | bf16_mfu: 5.05 | epoch: 1 pq: 0 rg: 19 | total time: 0.00m
step 00009/00040 (22.50%) | loss: 8.872816 | lrm: 0.25 | dt: 8373.40ms | tok/sec: 125,226 | bf16_mfu: 5.02 | epoch: 1 pq: 0 rg: 21 | total time: 0.00m
step 00010/00040 (25.00%) | loss: 8.609925 | lrm: 0.28 | dt: 8379.38ms | tok/sec: 125,137 | bf16_mfu: 5.02 | epoch: 1 pq: 0 rg: 23 | total time: 0.00m
step 00011/00040 (27.50%) | loss: 8.364912 | lrm: 0.30 | dt: 8382.31ms | tok/sec: 125,093 | bf16_mfu: 5.01 | epoch: 1 pq: 0 rg: 25 | total time: 0.14m | eta: 4.1m
step 00012/00040 (30.00%) | loss: 8.152515 | lrm: 0.33 | dt: 8376.61ms | tok/sec: 125,179 | bf16_mfu: 5.02 | epoch: 1 pq: 0 rg: 28 | total time: 0.28m | eta: 3.9m
step 00013/00040 (32.50%) | loss: 7.923958 | lrm: 0.35 | dt: 8382.31ms | tok/sec: 125,093 | bf16_mfu: 5.01 | epoch: 1 pq: 0 rg: 30 | total time: 0.42m | eta: 3.8m
step 00014/00040 (35.00%) | loss: 7.734634 | lrm: 0.38 | dt: 8395.04ms | tok/sec: 124,904 | bf16_mfu: 5.01 | epoch: 1 pq: 0 rg: 32 | total time: 0.56m | eta: 3.6m
step 00015/00040 (37.50%) | loss: 7.548914 | lrm: 0.40 | dt: 8380.45ms | tok/sec: 125,121 | bf16_mfu: 5.01 | epoch: 1 pq: 0 rg: 34 | total time: 0.70m | eta: 3.5m
step 00016/00040 (40.00%) | loss: 7.380156 | lrm: 0.42 | dt: 8380.51ms | tok/sec: 125,120 | bf16_mfu: 5.01 | epoch: 1 pq: 0 rg: 36 | total time: 0.84m | eta: 3.4m
step 00017/00040 (42.50%) | loss: 7.233882 | lrm: 0.45 | dt: 8379.94ms | tok/sec: 125,129 | bf16_mfu: 5.01 | epoch: 1 pq: 0 rg: 38 | total time: 0.98m | eta: 3.2m
step 00018/00040 (45.00%) | loss: 7.094586 | lrm: 0.47 | dt: 8397.91ms | tok/sec: 124,861 | bf16_mfu: 5.00 | epoch: 1 pq: 0 rg: 40 | total time: 1.12m | eta: 3.1m
step 00019/00040 (47.50%) | loss: 6.957705 | lrm: 0.50 | dt: 8377.89ms | tok/sec: 125,159 | bf16_mfu: 5.02 | epoch: 1 pq: 0 rg: 42 | total time: 1.26m | eta: 2.9m
Step 00020 | Validation bpb: 1.808366
2026-10-07 18:23:57,267 - nanochat.checkpoint_manager - [32m[1mINFO[0m - Saved model parameters to: /home/astarostin/.cache/nanochat/base_checkpoints/d24_1xh100_smoke/model_000020.pt
2026-10-07 18:23:57,269 - nanochat.checkpoint_manager - [32m[1mINFO[0m - Saved metadata to: /home/astarostin/.cache/nanochat/base_checkpoints/d24_1xh100_smoke/meta_000020.json
2026-10-07 18:24:08,017 - nanochat.checkpoint_manager - [32m[1mINFO[0m - Saved optimizer state to: /home/astarostin/.cache/nanochat/base_checkpoints/d24_1xh100_smoke/optim_000020_rank0.pt
step 00020/00040 (50.00%) | loss: 6.845904 | lrm: 0.53 | dt: 8347.68ms | tok/sec: 125,612 | bf16_mfu: 5.03 | epoch: 1 pq: 0 rg: 43 | total time: 1.40m | eta: 2.8m
step 00021/00040 (52.50%) | loss: 6.754704 | lrm: 0.55 | dt: 8375.71ms | tok/sec: 125,192 | bf16_mfu: 5.02 | epoch: 1 pq: 0 rg: 45 | total time: 1.54m | eta: 2.7m

                                                       █████                █████
                                                      ░░███                ░░███
     ████████    ██████   ████████    ██████   ██████  ░███████    ██████  ███████
    ░░███░░███  ░░░░░███ ░░███░░███  ███░░███ ███░░███ ░███░░███  ░░░░░███░░░███░
     ░███ ░███   ███████  ░███ ░███ ░███ ░███░███ ░░░  ░███ ░███   ███████  ░███
     ░███ ░███  ███░░███  ░███ ░███ ░███ ░███░███  ███ ░███ ░███  ███░░███  ░███ ███
     ████ █████░░████████ ████ █████░░██████ ░░██████  ████ █████░░███████  ░░█████
    ░░░░ ░░░░░  ░░░░░░░░ ░░░░ ░░░░░  ░░░░░░   ░░░░░░  ░░░░ ░░░░░  ░░░░░░░░   ░░░░░
    
Autodetected device type: cuda
2026-10-07 18:24:46,261 - nanochat.common - [32m[1mINFO[0m - Distributed world size: 1
GPU: NVIDIA H100 80GB HBM3 | Peak FLOPS (BF16): 9.89e+14
COMPUTE_DTYPE: torch.bfloat16 (auto-detected: CUDA SM 90 (bf16 supported))
wandb: WARNING `resume` will be ignored since W&B syncing is set to `offline`. Starting a new run with run id d24-dense-1xh100-s0-smoke-451e4180.
wandb: Tracking run with wandb version 0.21.3
wandb: W&B syncing is set to `offline` in this directory. Run `wandb online` or set WANDB_MODE=online to enable cloud syncing.
wandb: Run data is saved locally in /home/astarostin/projects/lut_nanochat_wt/experiments/lut_nanochat/nanochat/wandb/offline-run-20261007_182446-d24-dense-1xh100-s0-smoke-451e4180
✓ Using Flash Attention 3: efficient, new and awesome.
Vocab size: 32,768
Model config:
{
  "sequence_len": 2048,
  "vocab_size": 32768,
  "n_layer": 24,
  "n_head": 12,
  "n_kv_head": 12,
  "n_embd": 1536,
  "window_pattern": "SSSL"
}
Resuming optimization from step 20
✓ FP8 training enabled (tensorwise scaling) - converted 145/158 linear layers, skipped 13 (too small)
Parameter counts:
wte                     : 50,331,648
value_embeds            : 603,979,776
lm_head                 : 50,331,648
transformer_matrices    : 679,478,976
scalars                 : 74
total                   : 1,384,122,122
Estimated FLOPs per token: 3.963722e+08
Auto-computed optimal batch size: 1,048,576 tokens
Scaling LRs by 1.4142 for batch size 1,048,576 (reference: 524,288)
Scaling weight decay from 0.280000 to 0.059738 for depth 24
Scaling the LR for the AdamW parameters ∝1/√(1536/768) = 0.707107
Using user-provided number of iterations: 40
Total number of training tokens: 41,943,040
Tokens : Scaling params ratio: 0.06
Total training FLOPs estimate: 1.662506e+16
Tokens / micro-batch / rank: 16 x 2048 = 32,768
Tokens / micro-batch: 32,768
Total batch size 1,048,576 => gradient accumulation steps: 32
Step 00020 | Validation bpb: 1.808366
step 00020/00040 (50.00%) | loss: 6.836594 | lrm: 0.53 | dt: 49014.64ms | tok/sec: 21,393 | bf16_mfu: 0.86 | epoch: 1 pq: 0 rg: 45 | total time: 2.07m | eta: 4.1m
step 00021/00040 (52.50%) | loss: 6.737485 | lrm: 0.55 | dt: 8338.70ms | tok/sec: 125,748 | bf16_mfu: 5.04 | epoch: 1 pq: 0 rg: 47 | total time: 2.21m | eta: 3.8m
step 00022/00040 (55.00%) | loss: 6.645233 | lrm: 0.57 | dt: 8361.14ms | tok/sec: 125,410 | bf16_mfu: 5.03 | epoch: 1 pq: 0 rg: 49 | total time: 2.35m | eta: 3.5m
step 00023/00040 (57.50%) | loss: 6.565548 | lrm: 0.60 | dt: 8364.76ms | tok/sec: 125,356 | bf16_mfu: 5.02 | epoch: 1 pq: 0 rg: 51 | total time: 2.49m | eta: 3.3m
step 00024/00040 (60.00%) | loss: 6.490614 | lrm: 0.62 | dt: 8378.88ms | tok/sec: 125,145 | bf16_mfu: 5.02 | epoch: 1 pq: 0 rg: 53 | total time: 2.63m | eta: 3.0m
step 00025/00040 (62.50%) | loss: 6.424646 | lrm: 0.65 | dt: 8378.03ms | tok/sec: 125,157 | bf16_mfu: 5.02 | epoch: 1 pq: 0 rg: 56 | total time: 2.77m | eta: 2.8m
step 00026/00040 (65.00%) | loss: 6.352838 | lrm: 0.68 | dt: 8381.66ms | tok/sec: 125,103 | bf16_mfu: 5.01 | epoch: 1 pq: 0 rg: 58 | total time: 2.91m | eta: 2.5m
step 00027/00040 (67.50%) | loss: 6.289516 | lrm: 0.70 | dt: 8377.12ms | tok/sec: 125,171 | bf16_mfu: 5.02 | epoch: 1 pq: 0 rg: 60 | total time: 3.05m | eta: 2.3m
step 00028/00040 (70.00%) | loss: 6.225610 | lrm: 0.72 | dt: 8380.76ms | tok/sec: 125,117 | bf16_mfu: 5.01 | epoch: 1 pq: 0 rg: 62 | total time: 3.19m | eta: 2.1m
step 00029/00040 (72.50%) | loss: 6.165338 | lrm: 0.75 | dt: 8380.29ms | tok/sec: 125,124 | bf16_mfu: 5.01 | epoch: 1 pq: 0 rg: 64 | total time: 3.33m | eta: 1.9m
step 00030/00040 (75.00%) | loss: 6.119218 | lrm: 0.78 | dt: 8377.22ms | tok/sec: 125,169 | bf16_mfu: 5.02 | epoch: 1 pq: 0 rg: 66 | total time: 3.47m | eta: 1.7m
step 00031/00040 (77.50%) | loss: 6.065456 | lrm: 0.80 | dt: 8380.14ms | tok/sec: 125,126 | bf16_mfu: 5.01 | epoch: 1 pq: 0 rg: 68 | total time: 3.61m | eta: 1.5m
step 00032/00040 (80.00%) | loss: 6.019108 | lrm: 0.82 | dt: 8381.15ms | tok/sec: 125,111 | bf16_mfu: 5.01 | epoch: 1 pq: 0 rg: 70 | total time: 3.75m | eta: 1.4m
step 00033/00040 (82.50%) | loss: 5.981184 | lrm: 0.85 | dt: 8377.95ms | tok/sec: 125,159 | bf16_mfu: 5.02 | epoch: 1 pq: 0 rg: 73 | total time: 3.89m | eta: 1.2m
step 00034/00040 (85.00%) | loss: 5.947223 | lrm: 0.88 | dt: 8380.37ms | tok/sec: 125,122 | bf16_mfu: 5.01 | epoch: 1 pq: 0 rg: 75 | total time: 4.03m | eta: 1.0m
step 00035/00040 (87.50%) | loss: 5.918189 | lrm: 0.90 | dt: 8395.57ms | tok/sec: 124,896 | bf16_mfu: 5.01 | epoch: 1 pq: 0 rg: 77 | total time: 4.17m | eta: 0.8m
step 00036/00040 (90.00%) | loss: 5.871476 | lrm: 0.93 | dt: 8379.55ms | tok/sec: 125,135 | bf16_mfu: 5.02 | epoch: 1 pq: 0 rg: 79 | total time: 4.31m | eta: 0.7m
step 00037/00040 (92.50%) | loss: 5.833035 | lrm: 0.95 | dt: 8381.42ms | tok/sec: 125,107 | bf16_mfu: 5.01 | epoch: 1 pq: 0 rg: 80 | total time: 4.45m | eta: 0.5m
step 00038/00040 (95.00%) | loss: 5.779814 | lrm: 0.97 | dt: 8396.54ms | tok/sec: 124,881 | bf16_mfu: 5.01 | epoch: 1 pq: 0 rg: 82 | total time: 4.59m | eta: 0.3m
step 00039/00040 (97.50%) | loss: 5.762538 | lrm: 1.00 | dt: 8377.35ms | tok/sec: 125,167 | bf16_mfu: 5.02 | epoch: 1 pq: 1 rg: 0 | total time: 4.73m | eta: 0.2m
Step 00040 | Validation bpb: 1.659504
2026-10-07 18:28:50,224 - nanochat.checkpoint_manager - [32m[1mINFO[0m - Saved model parameters to: /home/astarostin/.cache/nanochat/base_checkpoints/d24_1xh100_smoke/model_000040.pt
2026-10-07 18:28:50,225 - nanochat.checkpoint_manager - [32m[1mINFO[0m - Saved metadata to: /home/astarostin/.cache/nanochat/base_checkpoints/d24_1xh100_smoke/meta_000040.json
2026-10-07 18:28:58,738 - nanochat.checkpoint_manager - [32m[1mINFO[0m - Saved optimizer state to: /home/astarostin/.cache/nanochat/base_checkpoints/d24_1xh100_smoke/optim_000040_rank0.pt
Peak memory usage: 52681.91MiB
Peak memory reserved: 54374.00MiB
Total training time: 4.73m
Minimum validation bpb: 1.659504
wandb:                                                                                
wandb: 
wandb: Run history:
wandb:                 step ▁▁▁▂▂▂▃▃▃▄▄▅▅▅▆▆▆▇▇▇██
wandb: total_training_flops ▁▁▁▂▂▂▃▃▃▄▄▄▅▅▆▆▆▇▇▇██
wandb:  total_training_time ▁▃▃▃▃▄▄▄▅▅▅▅▆▆▆▇▇▇▇███
wandb:             train/dt █▁▁▁▁▁▁▁▁▁▁▁▁▁▁▁▁▁▁▁
wandb:           train/loss █▇▇▆▆▅▅▄▄▄▃▃▃▂▂▂▂▁▁▁
wandb:       train/loss_raw ▇█▇█▇▇▆▆▅▅▆▄▄▅▅▅▃▃▁▄
wandb:      train/lr_matrix ▁▁▂▂▂▃▃▄▄▄▅▅▅▆▆▇▇▇██
wandb:            train/lrm ▁▁▂▂▂▃▃▄▄▄▅▅▅▆▆▇▇▇██
wandb:            train/mfu ▁███████████████████
wandb:    train/tok_per_sec ▁███████████████████
wandb:                   +2 ...
wandb: 
wandb: Run summary:
wandb:                 step 40
wandb: total_training_flops 16625056717209600
wandb:  total_training_time 283.63619
wandb:             train/dt 8.37735
wandb:          train/epoch 1 pq: 1 rg: 0
wandb:           train/loss 5.76254
wandb:       train/loss_raw 5.60961
wandb:      train/lr_matrix 0.02828
wandb:            train/lrm 1
wandb:            train/mfu 5.01649
wandb:                   +3 ...
wandb: 
wandb: You can sync this run to the cloud by running:
wandb: wandb sync /home/astarostin/projects/lut_nanochat_wt/experiments/lut_nanochat/nanochat/wandb/offline-run-20261007_182446-d24-dense-1xh100-s0-smoke-451e4180
wandb: Find logs at: ./wandb/offline-run-20261007_182446-d24-dense-1xh100-s0-smoke-451e4180/logs
