Loading tokenizer from /home/starost/.cache/nanochat/tokenizer
Vocab size: 32768, BOS id: 32759
Total params (all fp32): 358,420,224
Q/K Joint MHLut: in_nap=6 tph=256 d_qk=64 (n_outputs=2*d_qk=128) init_std=0.001 [no V2D, q_norm+k_norm -> SDPA]
V MHLut:         in_nap=8 tph=256 d_v=32 (n_outputs=d_v)
out_proj MHLut:  in_nap=6 tph=[2048, 2048, 1024, 1024, 1024, 1024] (n_outputs=E=96) + out_v2d/out_d2v
Attention:       SDPA (causal); plain default 1/sqrt(d_qk=64)=0.1250, no learnable attn_scale
Tokens/micro-batch: 4,096 | grad_accum: 1 | effective batch: 4,096 tokens
step      1 | loss=10.4171 | lr=3.75e-07
step    100 | loss=9.3704 | lr=3.75e-05
step    200 | loss=8.2539 | lr=7.50e-05
[VAL] step 200: bpb=2.3201
step    300 | loss=7.6422 | lr=1.12e-04
step    400 | loss=7.1664 | lr=1.50e-04
[VAL] step 400: bpb=2.0835
step    500 | loss=6.8705 | lr=1.87e-04
step    600 | loss=6.7268 | lr=2.25e-04
[VAL] step 600: bpb=2.0143
step    700 | loss=6.6273 | lr=2.62e-04
step    800 | loss=6.5401 | lr=3.00e-04
[VAL] step 800: bpb=1.9811
step    900 | loss=6.4765 | lr=3.00e-04
step   1000 | loss=6.4185 | lr=2.99e-04
[VAL] step 1000: bpb=1.9449
step   1100 | loss=6.3651 | lr=2.99e-04
step   1200 | loss=6.3079 | lr=2.98e-04
[VAL] step 1200: bpb=1.9059
step   1300 | loss=6.2334 | lr=2.97e-04
step   1400 | loss=6.1892 | lr=2.95e-04
[VAL] step 1400: bpb=1.8701
step   1500 | loss=6.1372 | lr=2.94e-04
step   1600 | loss=6.0644 | lr=2.92e-04
[VAL] step 1600: bpb=1.8463
step   1700 | loss=6.0335 | lr=2.90e-04
step   1800 | loss=6.0011 | lr=2.87e-04
[VAL] step 1800: bpb=1.8219
step   1900 | loss=5.9666 | lr=2.85e-04
step   2000 | loss=5.9338 | lr=2.82e-04
[VAL] step 2000: bpb=1.8074
step   2100 | loss=5.8836 | lr=2.79e-04
