Loading tokenizer from /home/starost/.cache/nanochat/tokenizer
Vocab size: 32768, BOS id: 32759
Seeding Tiny LUT anchors from /home/starost/spiky/nanochat_exps/exp060_e96_full_mhlut/checkpoint.pt
  anchor import done (36 buffers)
TinyMultiHeadLut modules: 18 (expected 18)
AdamW params (fp32, single optimiser): 129,304,838
Q/K Joint MHLut: in_nap=6 tph=256 d_qk=32 (n_outputs=2*d_qk=64)
V MHLut:         in_nap=7 tph=256 d_v=16 (n_outputs=d_v)
out_proj MHLut:  in_nap=6 tph=[2048, 2048, 1024, 1024, 1024, 1024] (n_outputs=E=96) + LayerNorm
Tokens/micro-batch: 4,096 | grad_accum: 1 | effective batch: 4,096 tokens
step      1 | loss=10.5662 | lr=3.75e-07
step    100 | loss=9.7329 | lr=3.75e-05
step    200 | loss=8.6012 | lr=7.50e-05
[VAL] step 200: bpb=2.3577
step    300 | loss=7.9434 | lr=1.12e-04
step    400 | loss=7.5503 | lr=1.50e-04
[VAL] step 400: bpb=2.1950
step    500 | loss=7.1883 | lr=1.87e-04
step    600 | loss=6.9825 | lr=2.25e-04
[VAL] step 600: bpb=2.0777
step    700 | loss=6.8470 | lr=2.62e-04
step    800 | loss=6.7396 | lr=3.00e-04
[VAL] step 800: bpb=2.0347
step    900 | loss=6.6642 | lr=3.00e-04
step   1000 | loss=6.6098 | lr=2.99e-04
[VAL] step 1000: bpb=2.0033
step   1100 | loss=6.5653 | lr=2.99e-04
step   1200 | loss=6.5243 | lr=2.98e-04
[VAL] step 1200: bpb=1.9801
step   1300 | loss=6.4707 | lr=2.97e-04
step   1400 | loss=6.4507 | lr=2.95e-04
[VAL] step 1400: bpb=1.9642
step   1500 | loss=6.4301 | lr=2.94e-04
step   1600 | loss=6.3760 | lr=2.92e-04
[VAL] step 1600: bpb=1.9468
step   1700 | loss=6.3592 | lr=2.90e-04
step   1800 | loss=6.3408 | lr=2.87e-04
[VAL] step 1800: bpb=1.9340
step   1900 | loss=6.3233 | lr=2.85e-04
step   2000 | loss=6.2986 | lr=2.82e-04
[VAL] step 2000: bpb=1.9231
step   2100 | loss=6.2667 | lr=2.79e-04
step   2200 | loss=6.2499 | lr=2.76e-04
[VAL] step 2200: bpb=1.9111
step   2300 | loss=6.2303 | lr=2.72e-04
step   2400 | loss=6.2223 | lr=2.68e-04
[VAL] step 2400: bpb=1.8998
step   2500 | loss=6.2066 | lr=2.65e-04
step   2600 | loss=6.1939 | lr=2.60e-04
[VAL] step 2600: bpb=1.8902
step   2700 | loss=6.1625 | lr=2.56e-04
step   2800 | loss=6.1485 | lr=2.52e-04
[VAL] step 2800: bpb=1.8745
step   2900 | loss=6.1230 | lr=2.47e-04
step   3000 | loss=6.1093 | lr=2.42e-04
[VAL] step 3000: bpb=1.8663
step   3100 | loss=6.0929 | lr=2.38e-04
step   3200 | loss=6.0785 | lr=2.32e-04
[VAL] step 3200: bpb=1.8543
step   3300 | loss=6.0680 | lr=2.27e-04
step   3400 | loss=6.0314 | lr=2.22e-04
[VAL] step 3400: bpb=1.8458
step   3500 | loss=6.0199 | lr=2.17e-04
step   3600 | loss=6.0266 | lr=2.11e-04
[VAL] step 3600: bpb=1.8413
step   3700 | loss=6.0022 | lr=2.06e-04
step   3800 | loss=5.9897 | lr=2.00e-04
[VAL] step 3800: bpb=1.8330
