Loading tokenizer from /home/starost/.cache/nanochat/tokenizer
Vocab size: 32768, BOS id: 32759
bit LUTs: 18
Adam-managed parameters: 16,772,198
Q/K BitPermLUT: in_nap=5 out_nap=24 tph=512 d_qk=24 P_qk=276
V BitPermLUT:   in_nap=5 out_nap=8 tph=512 d_v=12 P_v=66
Out BitPermLUT: in_nap=8 out_nap=32 tph=2048
Tokens/micro-batch: 4,096 | grad_accum: 1 | effective batch: 4,096 tokens
step      1 | loss=10.5792 | lr=3.75e-07
step    100 | loss=9.8589 | lr=3.75e-05
step    200 | loss=8.8528 | lr=7.50e-05
[VAL] step 200: bpb=2.4077
step    300 | loss=8.0775 | lr=1.12e-04
step    400 | loss=7.7112 | lr=1.50e-04
[VAL] step 400: bpb=2.2931
step    500 | loss=7.5021 | lr=1.87e-04
step    600 | loss=7.3890 | lr=2.25e-04
[VAL] step 600: bpb=2.2299
step    700 | loss=7.2861 | lr=2.62e-04
step    800 | loss=7.1778 | lr=3.00e-04
[VAL] step 800: bpb=2.1694
step    900 | loss=7.0807 | lr=3.00e-04
step   1000 | loss=7.0035 | lr=2.99e-04
[VAL] step 1000: bpb=2.1151
step   1100 | loss=6.9383 | lr=2.99e-04
step   1200 | loss=6.8774 | lr=2.98e-04
[VAL] step 1200: bpb=2.0829
step   1300 | loss=6.8106 | lr=2.97e-04
step   1400 | loss=6.7758 | lr=2.95e-04
[VAL] step 1400: bpb=2.0609
step   1500 | loss=6.7443 | lr=2.94e-04
step   1600 | loss=6.6816 | lr=2.92e-04
[VAL] step 1600: bpb=2.0389
step   1700 | loss=6.6586 | lr=2.90e-04
step   1800 | loss=6.6338 | lr=2.87e-04
[VAL] step 1800: bpb=2.0237
step   1900 | loss=6.6159 | lr=2.85e-04
step   2000 | loss=6.5883 | lr=2.82e-04
[VAL] step 2000: bpb=2.0131
step   2100 | loss=6.5582 | lr=2.79e-04
step   2200 | loss=6.5400 | lr=2.76e-04
[VAL] step 2200: bpb=2.0011
step   2300 | loss=6.5174 | lr=2.72e-04
step   2400 | loss=6.5056 | lr=2.68e-04
[VAL] step 2400: bpb=1.9906
step   2500 | loss=6.4953 | lr=2.65e-04
step   2600 | loss=6.4885 | lr=2.60e-04
[VAL] step 2600: bpb=1.9798
step   2700 | loss=6.4602 | lr=2.56e-04
step   2800 | loss=6.4515 | lr=2.52e-04
[VAL] step 2800: bpb=1.9713
step   2900 | loss=6.4297 | lr=2.47e-04
step   3000 | loss=6.4203 | lr=2.42e-04
[VAL] step 3000: bpb=1.9606
step   3100 | loss=6.4084 | lr=2.38e-04
step   3200 | loss=6.3987 | lr=2.32e-04
[VAL] step 3200: bpb=1.9539
step   3300 | loss=6.3901 | lr=2.27e-04
step   3400 | loss=6.3574 | lr=2.22e-04
[VAL] step 3400: bpb=1.9496
step   3500 | loss=6.3527 | lr=2.17e-04
step   3600 | loss=6.3577 | lr=2.11e-04
[VAL] step 3600: bpb=1.9447
step   3700 | loss=6.3403 | lr=2.06e-04
step   3800 | loss=6.3311 | lr=2.00e-04
[VAL] step 3800: bpb=1.9362
step   3900 | loss=6.3097 | lr=1.94e-04
step   4000 | loss=6.2994 | lr=1.88e-04
[VAL] step 4000: bpb=1.9297
step   4100 | loss=6.3261 | lr=1.83e-04
step   4200 | loss=6.2977 | lr=1.77e-04
[VAL] step 4200: bpb=1.9257
step   4300 | loss=6.3003 | lr=1.71e-04
step   4400 | loss=6.2870 | lr=1.65e-04
[VAL] step 4400: bpb=1.9207
step   4500 | loss=6.2819 | lr=1.59e-04
step   4600 | loss=6.2693 | lr=1.53e-04
[VAL] step 4600: bpb=1.9169
step   4700 | loss=6.2737 | lr=1.47e-04
step   4800 | loss=6.2702 | lr=1.42e-04
[VAL] step 4800: bpb=1.9127
step   4900 | loss=6.2474 | lr=1.36e-04
step   5000 | loss=6.2493 | lr=1.30e-04
[VAL] step 5000: bpb=1.9075
step   5100 | loss=6.2315 | lr=1.24e-04
step   5200 | loss=6.2148 | lr=1.19e-04
[VAL] step 5200: bpb=1.9028
step   5300 | loss=6.2082 | lr=1.13e-04
step   5400 | loss=6.1957 | lr=1.08e-04
[VAL] step 5400: bpb=1.9008
step   5500 | loss=6.1920 | lr=1.03e-04
step   5600 | loss=6.2091 | lr=9.75e-05
[VAL] step 5600: bpb=1.8974
step   5700 | loss=6.1929 | lr=9.25e-05
step   5800 | loss=6.1903 | lr=8.76e-05
[VAL] step 5800: bpb=1.8961
step   5900 | loss=6.1985 | lr=8.28e-05
step   6000 | loss=6.1830 | lr=7.82e-05
[VAL] step 6000: bpb=1.8934
step   6100 | loss=6.1730 | lr=7.38e-05
step   6200 | loss=6.1701 | lr=6.95e-05
[VAL] step 6200: bpb=1.8900
step   6300 | loss=6.1750 | lr=6.55e-05
step   6400 | loss=6.1599 | lr=6.16e-05
[VAL] step 6400: bpb=1.8884
step   6500 | loss=6.1561 | lr=5.79e-05
step   6600 | loss=6.1655 | lr=5.44e-05
[VAL] step 6600: bpb=1.8845
step   6700 | loss=6.1620 | lr=5.11e-05
step   6800 | loss=6.1546 | lr=4.81e-05
[VAL] step 6800: bpb=1.8822
step   6900 | loss=6.1542 | lr=4.53e-05
step   7000 | loss=6.1503 | lr=4.26e-05
[VAL] step 7000: bpb=1.8829
step   7100 | loss=6.1448 | lr=4.03e-05
step   7200 | loss=6.1470 | lr=3.81e-05
[VAL] step 7200: bpb=1.8814
step   7300 | loss=6.1405 | lr=3.62e-05
step   7400 | loss=6.1488 | lr=3.46e-05
[VAL] step 7400: bpb=1.8799
step   7500 | loss=6.1411 | lr=3.32e-05
step   7600 | loss=6.1312 | lr=3.21e-05
[VAL] step 7600: bpb=1.8791
step   7700 | loss=6.1221 | lr=3.12e-05
step   7800 | loss=6.1320 | lr=3.05e-05
[VAL] step 7800: bpb=1.8789
step   7900 | loss=6.1304 | lr=3.01e-05
step   8000 | loss=6.1245 | lr=3.00e-05
[VAL] step 8000: bpb=1.8770

=== DONE ===
{
  "exp_name": "exp025_e72_h6_dqk24_out_nap32",
  "best_val_bpb": 1.877041302948737,
  "final_val_bpb": 1.877041302948737,
  "adam_params": 16772198,
  "n_bit_luts": 18,
  "training_time_hours": 0.537
}
