Loading tokenizer from /home/starost/.cache/nanochat/tokenizer
Vocab size: 32768, BOS id: 32759
Total params (all fp32): 339,545,856
Q/K Joint MHLut: in_nap=6 tph=256 d_qk=64 (n_outputs=2*d_qk=128) init_std=0.02 [no V2D, q_norm+k_norm -> SDPA]
V MHLut:         in_nap=8 tph=256 d_v=24 (n_outputs=d_v)
out_proj MHLut:  in_nap=6 tph=[2048, 2048, 1024, 1024, 1024, 1024] (n_outputs=E=96) + out_v2d/out_d2v
Attention:       SDPA (causal); plain default 1/sqrt(d_qk=64)=0.1250, no learnable attn_scale
Tokens/micro-batch: 4,096 | grad_accum: 1 | effective batch: 4,096 tokens
step      1 | loss=10.4177 | lr=3.75e-07
step    100 | loss=9.3682 | lr=3.75e-05
step    200 | loss=8.3003 | lr=7.50e-05
[VAL] step 200: bpb=2.3630
step    300 | loss=7.8581 | lr=1.12e-04
step    400 | loss=7.5748 | lr=1.50e-04
[VAL] step 400: bpb=2.2510
step    500 | loss=7.3410 | lr=1.87e-04
step    600 | loss=7.1024 | lr=2.25e-04
[VAL] step 600: bpb=2.0879
step    700 | loss=6.8591 | lr=2.62e-04
step    800 | loss=6.6865 | lr=3.00e-04
[VAL] step 800: bpb=2.0083
step    900 | loss=6.5765 | lr=3.00e-04
step   1000 | loss=6.4992 | lr=2.99e-04
[VAL] step 1000: bpb=1.9634
step   1100 | loss=6.4373 | lr=2.99e-04
step   1200 | loss=6.3859 | lr=2.98e-04
[VAL] step 1200: bpb=1.9319
step   1300 | loss=6.3193 | lr=2.97e-04
step   1400 | loss=6.2880 | lr=2.95e-04
[VAL] step 1400: bpb=1.9119
step   1500 | loss=6.2493 | lr=2.94e-04
step   1600 | loss=6.1792 | lr=2.92e-04
[VAL] step 1600: bpb=1.8845
step   1700 | loss=6.1448 | lr=2.90e-04
step   1800 | loss=6.1043 | lr=2.87e-04
[VAL] step 1800: bpb=1.8548
step   1900 | loss=6.0633 | lr=2.85e-04
step   2000 | loss=6.0220 | lr=2.82e-04
[VAL] step 2000: bpb=1.8337
step   2100 | loss=5.9700 | lr=2.79e-04
step   2200 | loss=5.9388 | lr=2.76e-04
[VAL] step 2200: bpb=1.8163
step   2300 | loss=5.9129 | lr=2.72e-04
step   2400 | loss=5.9006 | lr=2.68e-04
[VAL] step 2400: bpb=1.7988
step   2500 | loss=5.8762 | lr=2.65e-04
step   2600 | loss=5.8543 | lr=2.60e-04
[VAL] step 2600: bpb=1.7813
step   2700 | loss=5.8182 | lr=2.56e-04
step   2800 | loss=5.8031 | lr=2.52e-04
[VAL] step 2800: bpb=1.7735
step   2900 | loss=5.7738 | lr=2.47e-04
step   3000 | loss=5.7580 | lr=2.42e-04
[VAL] step 3000: bpb=1.7615
step   3100 | loss=5.7366 | lr=2.38e-04
step   3200 | loss=5.7238 | lr=2.32e-04
[VAL] step 3200: bpb=1.7473
step   3300 | loss=5.7129 | lr=2.27e-04
step   3400 | loss=5.6729 | lr=2.22e-04
[VAL] step 3400: bpb=1.7410
step   3500 | loss=5.6614 | lr=2.17e-04
step   3600 | loss=5.6693 | lr=2.11e-04
[VAL] step 3600: bpb=1.7369
step   3700 | loss=5.6414 | lr=2.06e-04
step   3800 | loss=5.6284 | lr=2.00e-04
[VAL] step 3800: bpb=1.7261
step   3900 | loss=5.6017 | lr=1.94e-04
step   4000 | loss=5.5818 | lr=1.88e-04
[VAL] step 4000: bpb=1.7160
step   4100 | loss=5.6098 | lr=1.83e-04
step   4200 | loss=5.5821 | lr=1.77e-04
[VAL] step 4200: bpb=1.7106
step   4300 | loss=5.5838 | lr=1.71e-04
step   4400 | loss=5.5721 | lr=1.65e-04
[VAL] step 4400: bpb=1.7067
step   4500 | loss=5.5555 | lr=1.59e-04
step   4600 | loss=5.5435 | lr=1.53e-04
[VAL] step 4600: bpb=1.6984
step   4700 | loss=5.5435 | lr=1.47e-04
step   4800 | loss=5.5399 | lr=1.42e-04
[VAL] step 4800: bpb=1.6934
step   4900 | loss=5.5143 | lr=1.36e-04
step   5000 | loss=5.5086 | lr=1.30e-04
[VAL] step 5000: bpb=1.6857
step   5100 | loss=5.4969 | lr=1.24e-04
step   5200 | loss=5.4798 | lr=1.19e-04
[VAL] step 5200: bpb=1.6818
step   5300 | loss=5.4644 | lr=1.13e-04
step   5400 | loss=5.4489 | lr=1.08e-04
[VAL] step 5400: bpb=1.6758
step   5500 | loss=5.4571 | lr=1.03e-04
step   5600 | loss=5.4689 | lr=9.75e-05
[VAL] step 5600: bpb=1.6713
step   5700 | loss=5.4532 | lr=9.25e-05
step   5800 | loss=5.4427 | lr=8.76e-05
[VAL] step 5800: bpb=1.6694
step   5900 | loss=5.4451 | lr=8.28e-05
step   6000 | loss=5.4339 | lr=7.82e-05
[VAL] step 6000: bpb=1.6643
step   6100 | loss=5.4204 | lr=7.38e-05
step   6200 | loss=5.4180 | lr=6.95e-05
[VAL] step 6200: bpb=1.6613
step   6300 | loss=5.4209 | lr=6.55e-05
step   6400 | loss=5.4044 | lr=6.16e-05
[VAL] step 6400: bpb=1.6582
step   6500 | loss=5.3935 | lr=5.79e-05
step   6600 | loss=5.3989 | lr=5.44e-05
[VAL] step 6600: bpb=1.6550
step   6700 | loss=5.3943 | lr=5.11e-05
step   6800 | loss=5.3846 | lr=4.81e-05
[VAL] step 6800: bpb=1.6527
step   6900 | loss=5.3827 | lr=4.53e-05
step   7000 | loss=5.3823 | lr=4.26e-05
[VAL] step 7000: bpb=1.6488
step   7100 | loss=5.3711 | lr=4.03e-05
step   7200 | loss=5.3736 | lr=3.81e-05
[VAL] step 7200: bpb=1.6463
step   7300 | loss=5.3602 | lr=3.62e-05
step   7400 | loss=5.3721 | lr=3.46e-05
[VAL] step 7400: bpb=1.6447
step   7500 | loss=5.3588 | lr=3.32e-05
step   7600 | loss=5.3507 | lr=3.21e-05
[VAL] step 7600: bpb=1.6418
step   7700 | loss=5.3442 | lr=3.12e-05
step   7800 | loss=5.3575 | lr=3.05e-05
[VAL] step 7800: bpb=1.6407
step   7900 | loss=5.3534 | lr=3.01e-05
step   8000 | loss=5.3448 | lr=3.00e-05
[VAL] step 8000: bpb=1.6403

=== DONE ===
{
  "exp_name": "exp220_no_attn_scale",
  "best_val_bpb": 1.6402694184517437,
  "final_val_bpb": 1.6402694184517437,
  "n_params": 339545856,
  "training_time_hours": 0.665
}
