Failed to import warp: No module named 'warp'
Failed to import mujoco_warp: No module named 'warp'
MHL-LIF SAC actor heads=1 tph=128 n_det=1 buckets=16 seed=2 | 12 outputs/cell (6 mu + 6 log-sigma) | front-end 6,784 + table 24,576 = 31,360 params (111.9% of the 28,032 hyperplane baseline; 31,104 trainable) | cells 128x16 = 2,048 | delay_init_std=0.0 table_init_std=0.10000 share_betas=False | temperatures FROZEN at 1.0 | no eps
[  500/10000] steps    32,000 | MJX ret      7.6 | cell-cov   0.0% | digit 10.473 | nosp 0.374 | eff  3.70/16 | Tbkt 1.000 | Tcr 1.000 | best      7.6 |   2.8m
[ 1000/10000] steps    64,000 | MJX ret    225.4 | cell-cov  75.6% | digit 11.880 | nosp 0.513 | eff  3.26/16 | Tbkt 1.000 | Tcr 1.000 | best    225.4 |   4.5m
[ 1500/10000] steps    96,000 | MJX ret    408.9 | cell-cov  77.6% | digit 11.155 | nosp 0.320 | eff  3.38/16 | Tbkt 1.000 | Tcr 1.000 | best    408.9 |   6.1m
[ 2000/10000] steps   128,000 | MJX ret    427.8 | cell-cov  79.3% | digit 10.816 | nosp 0.250 | eff  3.25/16 | Tbkt 1.000 | Tcr 1.000 | best    427.8 |   7.8m
[ 2500/10000] steps   160,000 | MJX ret    406.0 | cell-cov  80.8% | digit 10.834 | nosp 0.200 | eff  3.00/16 | Tbkt 1.000 | Tcr 1.000 | best    427.8 |   9.4m
[ 3000/10000] steps   192,000 | MJX ret    459.9 | cell-cov  82.3% | digit 10.670 | nosp 0.164 | eff  3.14/16 | Tbkt 1.000 | Tcr 1.000 | best    459.9 |  11.0m
[ 3500/10000] steps   224,000 | MJX ret    619.5 | cell-cov  82.8% | digit 10.960 | nosp 0.160 | eff  2.65/16 | Tbkt 1.000 | Tcr 1.000 | best    619.5 |  12.6m
[ 4000/10000] steps   256,000 | MJX ret    861.8 | cell-cov  83.2% | digit 11.064 | nosp 0.154 | eff  2.43/16 | Tbkt 1.000 | Tcr 1.000 | best    861.8 |  14.2m
[ 4500/10000] steps   288,000 | MJX ret   1519.1 | cell-cov  83.5% | digit 11.141 | nosp 0.131 | eff  2.39/16 | Tbkt 1.000 | Tcr 1.000 | best   1519.1 |  15.7m
[ 5000/10000] steps   320,000 | MJX ret    673.4 | cell-cov  83.8% | digit 11.145 | nosp 0.109 | eff  2.29/16 | Tbkt 1.000 | Tcr 1.000 | best   1519.1 |  17.3m
[ 5500/10000] steps   352,000 | MJX ret    975.0 | cell-cov  84.3% | digit 11.165 | nosp 0.129 | eff  2.45/16 | Tbkt 1.000 | Tcr 1.000 | best   1519.1 |  18.8m
[ 6000/10000] steps   384,000 | MJX ret   1589.3 | cell-cov  84.7% | digit 11.147 | nosp 0.142 | eff  2.64/16 | Tbkt 1.000 | Tcr 1.000 | best   1589.3 |  20.4m
[ 6500/10000] steps   416,000 | MJX ret    811.4 | cell-cov  84.8% | digit 11.340 | nosp 0.141 | eff  2.56/16 | Tbkt 1.000 | Tcr 1.000 | best   1589.3 |  22.0m
[ 7000/10000] steps   448,000 | MJX ret   1964.3 | cell-cov  84.9% | digit 11.502 | nosp 0.132 | eff  2.25/16 | Tbkt 1.000 | Tcr 1.000 | best   1964.3 |  23.6m
[ 7500/10000] steps   480,000 | MJX ret   1493.1 | cell-cov  85.0% | digit 11.638 | nosp 0.116 | eff  2.30/16 | Tbkt 1.000 | Tcr 1.000 | best   1964.3 |  25.2m
[ 8000/10000] steps   512,000 | MJX ret   1589.2 | cell-cov  85.4% | digit 11.589 | nosp 0.107 | eff  2.46/16 | Tbkt 1.000 | Tcr 1.000 | best   1964.3 |  26.8m
[ 8500/10000] steps   544,000 | MJX ret   1730.3 | cell-cov  85.4% | digit 11.682 | nosp 0.092 | eff  2.30/16 | Tbkt 1.000 | Tcr 1.000 | best   1964.3 |  28.4m
[ 9000/10000] steps   576,000 | MJX ret   2044.0 | cell-cov  85.6% | digit 11.692 | nosp 0.092 | eff  2.55/16 | Tbkt 1.000 | Tcr 1.000 | best   2044.0 |  30.0m
[ 9500/10000] steps   608,000 | MJX ret   1405.5 | cell-cov  85.8% | digit 11.946 | nosp 0.092 | eff  2.23/16 | Tbkt 1.000 | Tcr 1.000 | best   2044.0 |  31.5m
[10000/10000] steps   640,000 | MJX ret   2810.5 | cell-cov  85.9% | digit 12.070 | nosp 0.102 | eff  2.14/16 | Tbkt 1.000 | Tcr 1.000 | best   2810.5 |  33.1m
done: best MJX 2810.5 over 640,000 env-steps in 33.1 min
Failed to import warp: No module named 'warp'
Failed to import mujoco_warp: No module named 'warp'
mhl_sac_c48_s2_actor.npz (31,360 params = 6,784 front-end + 24,576 table) [eval] 1 det x 16 bkt = 16 cells / tph128
  CPU-reference 100-ep deterministic: 3288.9 +/- 890.3  full 75/100  vel 2.520 m/s  len 912  [20s]
