Failed to import warp: No module named 'warp'
Failed to import mujoco_warp: No module named 'warp'
MHL-LIF SAC actor heads=1 tph=32 n_det=3 buckets=4 seed=2 | 12 outputs/cell (6 mu + 6 log-sigma) | front-end 3,808 + table 24,576 = 28,384 params (101.3% of the 28,032 hyperplane baseline; 28,320 trainable) | cells 32x64 = 2,048 | delay_init_std=4.0 delay_offset=2.0 | temperatures FROZEN at 1.0 | no eps
[  500/10000] steps    32,000 | MJX ret      0.2 | cell-cov   0.0% | digit 2.629 | nosp 0.519 | eff  5.00/64 | Tbkt 1.000 | Tcr 1.000 | best      0.2 |   2.8m
[ 1000/10000] steps    64,000 | MJX ret    243.5 | cell-cov  33.6% | digit 2.271 | nosp 0.291 | eff  4.14/64 | Tbkt 1.000 | Tcr 1.000 | best    243.5 |   4.9m
[ 1500/10000] steps    96,000 | MJX ret    294.6 | cell-cov  39.4% | digit 2.284 | nosp 0.245 | eff  4.25/64 | Tbkt 1.000 | Tcr 1.000 | best    294.6 |   6.7m
[ 2000/10000] steps   128,000 | MJX ret    302.5 | cell-cov  42.2% | digit 2.191 | nosp 0.186 | eff  4.09/64 | Tbkt 1.000 | Tcr 1.000 | best    302.5 |   8.0m
[ 2500/10000] steps   160,000 | MJX ret    364.9 | cell-cov  43.8% | digit 2.153 | nosp 0.162 | eff  3.99/64 | Tbkt 1.000 | Tcr 1.000 | best    364.9 |   9.6m
[ 3000/10000] steps   192,000 | MJX ret    361.9 | cell-cov  44.2% | digit 2.155 | nosp 0.160 | eff  3.70/64 | Tbkt 1.000 | Tcr 1.000 | best    364.9 |  11.1m
[ 3500/10000] steps   224,000 | MJX ret    515.8 | cell-cov  45.7% | digit 2.152 | nosp 0.125 | eff  4.06/64 | Tbkt 1.000 | Tcr 1.000 | best    515.8 |  12.6m
[ 4000/10000] steps   256,000 | MJX ret    448.3 | cell-cov  46.8% | digit 2.097 | nosp 0.110 | eff  4.14/64 | Tbkt 1.000 | Tcr 1.000 | best    515.8 |  14.1m
[ 4500/10000] steps   288,000 | MJX ret    493.7 | cell-cov  48.1% | digit 2.062 | nosp 0.079 | eff  4.74/64 | Tbkt 1.000 | Tcr 1.000 | best    515.8 |  15.6m
[ 5000/10000] steps   320,000 | MJX ret    625.7 | cell-cov  49.2% | digit 2.049 | nosp 0.060 | eff  5.13/64 | Tbkt 1.000 | Tcr 1.000 | best    625.7 |  17.2m
[ 5500/10000] steps   352,000 | MJX ret    559.0 | cell-cov  50.2% | digit 1.962 | nosp 0.054 | eff  4.48/64 | Tbkt 1.000 | Tcr 1.000 | best    625.7 |  18.7m
[ 6000/10000] steps   384,000 | MJX ret    943.9 | cell-cov  51.1% | digit 1.974 | nosp 0.056 | eff  4.98/64 | Tbkt 1.000 | Tcr 1.000 | best    943.9 |  20.2m
[ 6500/10000] steps   416,000 | MJX ret   1001.9 | cell-cov  52.2% | digit 1.971 | nosp 0.053 | eff  4.73/64 | Tbkt 1.000 | Tcr 1.000 | best   1001.9 |  21.7m
[ 7000/10000] steps   448,000 | MJX ret   1057.3 | cell-cov  52.9% | digit 1.919 | nosp 0.046 | eff  5.53/64 | Tbkt 1.000 | Tcr 1.000 | best   1057.3 |  23.2m
[ 7500/10000] steps   480,000 | MJX ret   1108.2 | cell-cov  53.7% | digit 1.973 | nosp 0.045 | eff  5.52/64 | Tbkt 1.000 | Tcr 1.000 | best   1108.2 |  24.7m
[ 8000/10000] steps   512,000 | MJX ret   1003.3 | cell-cov  53.8% | digit 1.915 | nosp 0.048 | eff  5.15/64 | Tbkt 1.000 | Tcr 1.000 | best   1108.2 |  26.2m
[ 8500/10000] steps   544,000 | MJX ret   1065.2 | cell-cov  54.4% | digit 1.911 | nosp 0.055 | eff  5.35/64 | Tbkt 1.000 | Tcr 1.000 | best   1108.2 |  27.7m
[ 9000/10000] steps   576,000 | MJX ret   1185.6 | cell-cov  54.8% | digit 1.899 | nosp 0.055 | eff  5.70/64 | Tbkt 1.000 | Tcr 1.000 | best   1185.6 |  29.2m
[ 9500/10000] steps   608,000 | MJX ret   1118.3 | cell-cov  55.1% | digit 1.913 | nosp 0.050 | eff  6.34/64 | Tbkt 1.000 | Tcr 1.000 | best   1185.6 |  30.7m
[10000/10000] steps   640,000 | MJX ret   1145.0 | cell-cov  56.2% | digit 1.877 | nosp 0.044 | eff  6.29/64 | Tbkt 1.000 | Tcr 1.000 | best   1185.6 |  32.2m
done: best MJX 1185.6 over 640,000 env-steps in 32.2 min
Failed to import warp: No module named 'warp'
Failed to import mujoco_warp: No module named 'warp'
mhl_sac_c40_s2_actor.npz (28,384 params = 3,808 front-end + 24,576 table) [eval] 3 det x 4 bkt = 64 cells / tph32
  CPU-reference 100-ep deterministic: 1162.8 +/- 130.4  full 0/100  vel 2.606 m/s  len 322  [38s]
