Loading tokenizer from /home/starost/.cache/nanochat/tokenizer
Vocab size: 32768, BOS id: 32759
V2DSDPATransformer: depth=6, E=384, H=6, E_H=64, D=3297, seq_len=512
LUT: nap=6 (2^nap=64 cells), tph=1536, n_sparse=32, n_alt=1, smooth=True
Params: 86,902,272
AdamW groups: decay=49,134,336 lut_nodecay=37,748,736 nodecay=19,200
Tokens/micro-batch: 4,096 | grad_accum: 1 | effective batch: 4,096 tokens
step      1 | loss=10.4662 | lr=3.75e-07
step    100 | loss=9.9461 | lr=3.75e-05
step    200 | loss=8.9139 | lr=7.50e-05
[VAL] step 200: bpb=2.3890
step    300 | loss=7.9790 | lr=1.12e-04
step    400 | loss=7.4487 | lr=1.50e-04
[VAL] step 400: bpb=2.1559
step    500 | loss=7.0989 | lr=1.87e-04
step    600 | loss=6.9114 | lr=2.25e-04
[VAL] step 600: bpb=2.0591
step    700 | loss=6.7847 | lr=2.62e-04
step    800 | loss=6.6831 | lr=3.00e-04
[VAL] step 800: bpb=2.0189
step    900 | loss=6.6110 | lr=3.00e-04
step   1000 | loss=6.5610 | lr=2.99e-04
[VAL] step 1000: bpb=1.9867
step   1100 | loss=6.5198 | lr=2.99e-04
step   1200 | loss=6.4824 | lr=2.98e-04
[VAL] step 1200: bpb=1.9654
step   1300 | loss=6.4342 | lr=2.97e-04
step   1400 | loss=6.4196 | lr=2.95e-04
[VAL] step 1400: bpb=1.9523
step   1500 | loss=6.4010 | lr=2.94e-04
step   1600 | loss=6.3518 | lr=2.92e-04
[VAL] step 1600: bpb=1.9386
step   1700 | loss=6.3396 | lr=2.90e-04
step   1800 | loss=6.3266 | lr=2.87e-04
[VAL] step 1800: bpb=1.9291
step   1900 | loss=6.3132 | lr=2.85e-04
step   2000 | loss=6.2913 | lr=2.82e-04
[VAL] step 2000: bpb=1.9204
step   2100 | loss=6.2655 | lr=2.79e-04
step   2200 | loss=6.2518 | lr=2.76e-04
[VAL] step 2200: bpb=1.9120
step   2300 | loss=6.2379 | lr=2.72e-04
step   2400 | loss=6.2329 | lr=2.68e-04
[VAL] step 2400: bpb=1.9037
step   2500 | loss=6.2229 | lr=2.65e-04
step   2600 | loss=6.2130 | lr=2.60e-04
[VAL] step 2600: bpb=1.8925
step   2700 | loss=6.1845 | lr=2.56e-04
step   2800 | loss=6.1782 | lr=2.52e-04
[VAL] step 2800: bpb=1.8851
step   2900 | loss=6.1572 | lr=2.47e-04
step   3000 | loss=6.1461 | lr=2.42e-04
[VAL] step 3000: bpb=1.8769
step   3100 | loss=6.1365 | lr=2.38e-04
step   3200 | loss=6.1251 | lr=2.32e-04
[VAL] step 3200: bpb=1.8684
step   3300 | loss=6.1177 | lr=2.27e-04
step   3400 | loss=6.0825 | lr=2.22e-04
[VAL] step 3400: bpb=1.8618
step   3500 | loss=6.0723 | lr=2.17e-04
step   3600 | loss=6.0790 | lr=2.11e-04
[VAL] step 3600: bpb=1.8555
step   3700 | loss=6.0578 | lr=2.06e-04
step   3800 | loss=6.0410 | lr=2.00e-04
[VAL] step 3800: bpb=1.8467
step   3900 | loss=6.0134 | lr=1.94e-04
step   4000 | loss=5.9973 | lr=1.88e-04
[VAL] step 4000: bpb=1.8364
step   4100 | loss=6.0172 | lr=1.83e-04
step   4200 | loss=5.9870 | lr=1.77e-04
[VAL] step 4200: bpb=1.8286
step   4300 | loss=5.9868 | lr=1.71e-04
step   4400 | loss=5.9683 | lr=1.65e-04
[VAL] step 4400: bpb=1.8230
step   4500 | loss=5.9537 | lr=1.59e-04
step   4600 | loss=5.9396 | lr=1.53e-04
[VAL] step 4600: bpb=1.8151
step   4700 | loss=5.9384 | lr=1.47e-04
step   4800 | loss=5.9331 | lr=1.42e-04
[VAL] step 4800: bpb=1.8071
step   4900 | loss=5.9032 | lr=1.36e-04
step   5000 | loss=5.8958 | lr=1.30e-04
[VAL] step 5000: bpb=1.8004
step   5100 | loss=5.8782 | lr=1.24e-04
step   5200 | loss=5.8592 | lr=1.19e-04
[VAL] step 5200: bpb=1.7932
step   5300 | loss=5.8440 | lr=1.13e-04
step   5400 | loss=5.8284 | lr=1.08e-04
[VAL] step 5400: bpb=1.7884
step   5500 | loss=5.8288 | lr=1.03e-04
step   5600 | loss=5.8420 | lr=9.75e-05
[VAL] step 5600: bpb=1.7838
step   5700 | loss=5.8240 | lr=9.25e-05
step   5800 | loss=5.8140 | lr=8.76e-05
[VAL] step 5800: bpb=1.7798
step   5900 | loss=5.8170 | lr=8.28e-05
step   6000 | loss=5.8001 | lr=7.82e-05
[VAL] step 6000: bpb=1.7742
step   6100 | loss=5.7873 | lr=7.38e-05
step   6200 | loss=5.7789 | lr=6.95e-05
[VAL] step 6200: bpb=1.7712
step   6300 | loss=5.7807 | lr=6.55e-05
step   6400 | loss=5.7646 | lr=6.16e-05
[VAL] step 6400: bpb=1.7676
step   6500 | loss=5.7558 | lr=5.79e-05
step   6600 | loss=5.7611 | lr=5.44e-05
[VAL] step 6600: bpb=1.7626
step   6700 | loss=5.7551 | lr=5.11e-05
step   6800 | loss=5.7470 | lr=4.81e-05
[VAL] step 6800: bpb=1.7594
step   6900 | loss=5.7444 | lr=4.53e-05
step   7000 | loss=5.7419 | lr=4.26e-05
[VAL] step 7000: bpb=1.7569
step   7100 | loss=5.7348 | lr=4.03e-05
step   7200 | loss=5.7370 | lr=3.81e-05
[VAL] step 7200: bpb=1.7547
step   7300 | loss=5.7243 | lr=3.62e-05
step   7400 | loss=5.7355 | lr=3.46e-05
[VAL] step 7400: bpb=1.7525
step   7500 | loss=5.7213 | lr=3.32e-05
step   7600 | loss=5.7127 | lr=3.21e-05
[VAL] step 7600: bpb=1.7503
step   7700 | loss=5.7019 | lr=3.12e-05
step   7800 | loss=5.7124 | lr=3.05e-05
[VAL] step 7800: bpb=1.7486
step   7900 | loss=5.7099 | lr=3.01e-05
step   8000 | loss=5.7007 | lr=3.00e-05
[VAL] step 8000: bpb=1.7482

=== DONE ===
{
  "exp_name": "exp207_lut_attn_ffn_smooth",
  "best_val_bpb": 1.7481723883820126,
  "final_val_bpb": 1.7481723883820126,
  "total_params": 86902272,
  "training_time_hours": 0.508
}
