Loading tokenizer from /home/starost/.cache/nanochat/tokenizer
Vocab size: 32768, BOS id: 32759
Building model:
Total params (all fp32): 133,343,750
Q/K Joint SparseLut: in_nap=8 tph=384 n_sparse=8 -> 2*d_qk=64 (per head, H=6)
V SparseLut:         in_nap=8 tph=384 n_sparse=8 -> d_v=64 (per head, H=6)
out_proj SparseLut:  in_nap=8 tph=2048 n_sparse=8 -> E=384
ffn SparseLut:       in_nap=8 tph=2048 n_sparse=8 (E=384 -> E)
Residual:        attention skip + LN, then ffn skip + LN
Unembedder:      LN(384) -> Linear(384,VOCAB)
Tokens/micro-batch: 4,096 | grad_accum: 1 | effective batch: 4,096 tokens
step      1 | loss=10.5750 | lr=3.75e-07
step    100 | loss=10.1868 | lr=3.75e-05
step    200 | loss=9.0411 | lr=7.50e-05
[VAL] step 200: bpb=2.4118
step    300 | loss=8.0670 | lr=1.12e-04
step    400 | loss=7.5583 | lr=1.50e-04
[VAL] step 400: bpb=2.1979
step    500 | loss=7.2174 | lr=1.87e-04
step    600 | loss=7.0212 | lr=2.25e-04
[VAL] step 600: bpb=2.0911
step    700 | loss=6.8764 | lr=2.62e-04
step    800 | loss=6.7566 | lr=3.00e-04
[VAL] step 800: bpb=2.0363
step    900 | loss=6.6649 | lr=3.00e-04
step   1000 | loss=6.5949 | lr=2.99e-04
[VAL] step 1000: bpb=1.9961
step   1100 | loss=6.5382 | lr=2.99e-04
step   1200 | loss=6.4894 | lr=2.98e-04
[VAL] step 1200: bpb=1.9680
step   1300 | loss=6.4307 | lr=2.97e-04
step   1400 | loss=6.4052 | lr=2.95e-04
[VAL] step 1400: bpb=1.9440
step   1500 | loss=6.3746 | lr=2.94e-04
step   1600 | loss=6.3181 | lr=2.92e-04
[VAL] step 1600: bpb=1.9278
step   1700 | loss=6.2967 | lr=2.90e-04
step   1800 | loss=6.2740 | lr=2.87e-04
[VAL] step 1800: bpb=1.9119
step   1900 | loss=6.2521 | lr=2.85e-04
step   2000 | loss=6.2229 | lr=2.82e-04
[VAL] step 2000: bpb=1.9036
step   2100 | loss=6.1851 | lr=2.79e-04
step   2200 | loss=6.1629 | lr=2.76e-04
[VAL] step 2200: bpb=1.8899
step   2300 | loss=6.1423 | lr=2.72e-04
step   2400 | loss=6.1315 | lr=2.68e-04
[VAL] step 2400: bpb=1.8755
step   2500 | loss=6.1099 | lr=2.65e-04
step   2600 | loss=6.0972 | lr=2.60e-04
[VAL] step 2600: bpb=1.8614
step   2700 | loss=6.0628 | lr=2.56e-04
step   2800 | loss=6.0488 | lr=2.52e-04
[VAL] step 2800: bpb=1.8472
step   2900 | loss=6.0206 | lr=2.47e-04
step   3000 | loss=6.0052 | lr=2.42e-04
[VAL] step 3000: bpb=1.8379
step   3100 | loss=5.9866 | lr=2.38e-04
step   3200 | loss=5.9789 | lr=2.32e-04
[VAL] step 3200: bpb=1.8273
step   3300 | loss=5.9640 | lr=2.27e-04
step   3400 | loss=5.9269 | lr=2.22e-04
[VAL] step 3400: bpb=1.8170
step   3500 | loss=5.9101 | lr=2.17e-04
step   3600 | loss=5.9115 | lr=2.11e-04
[VAL] step 3600: bpb=1.8086
step   3700 | loss=5.8839 | lr=2.06e-04
step   3800 | loss=5.8769 | lr=2.00e-04
[VAL] step 3800: bpb=1.8035
step   3900 | loss=5.8450 | lr=1.94e-04
step   4000 | loss=5.8322 | lr=1.88e-04
[VAL] step 4000: bpb=1.7907
step   4100 | loss=5.8590 | lr=1.83e-04
step   4200 | loss=5.8288 | lr=1.77e-04
[VAL] step 4200: bpb=1.7860
step   4300 | loss=5.8255 | lr=1.71e-04
step   4400 | loss=5.8129 | lr=1.65e-04
[VAL] step 4400: bpb=1.7792
step   4500 | loss=5.8000 | lr=1.59e-04
step   4600 | loss=5.7864 | lr=1.53e-04
[VAL] step 4600: bpb=1.7704
step   4700 | loss=5.7854 | lr=1.47e-04
step   4800 | loss=5.7818 | lr=1.42e-04
[VAL] step 4800: bpb=1.7682
step   4900 | loss=5.7590 | lr=1.36e-04
step   5000 | loss=5.7481 | lr=1.30e-04
[VAL] step 5000: bpb=1.7596
step   5100 | loss=5.7331 | lr=1.24e-04
step   5200 | loss=5.7182 | lr=1.19e-04
[VAL] step 5200: bpb=1.7566
step   5300 | loss=5.7052 | lr=1.13e-04
step   5400 | loss=5.6909 | lr=1.08e-04
[VAL] step 5400: bpb=1.7506
step   5500 | loss=5.6955 | lr=1.03e-04
step   5600 | loss=5.7090 | lr=9.75e-05
[VAL] step 5600: bpb=1.7469
step   5700 | loss=5.6929 | lr=9.25e-05
step   5800 | loss=5.6828 | lr=8.76e-05
[VAL] step 5800: bpb=1.7444
step   5900 | loss=5.6865 | lr=8.28e-05
step   6000 | loss=5.6698 | lr=7.82e-05
[VAL] step 6000: bpb=1.7401
step   6100 | loss=5.6612 | lr=7.38e-05
step   6200 | loss=5.6565 | lr=6.95e-05
[VAL] step 6200: bpb=1.7369
step   6300 | loss=5.6603 | lr=6.55e-05
step   6400 | loss=5.6456 | lr=6.16e-05
[VAL] step 6400: bpb=1.7340
step   6500 | loss=5.6379 | lr=5.79e-05
step   6600 | loss=5.6418 | lr=5.44e-05
[VAL] step 6600: bpb=1.7315
step   6700 | loss=5.6380 | lr=5.11e-05
step   6800 | loss=5.6279 | lr=4.81e-05
[VAL] step 6800: bpb=1.7305
step   6900 | loss=5.6288 | lr=4.53e-05
step   7000 | loss=5.6295 | lr=4.26e-05
[VAL] step 7000: bpb=1.7281
step   7100 | loss=5.6219 | lr=4.03e-05
step   7200 | loss=5.6254 | lr=3.81e-05
[VAL] step 7200: bpb=1.7265
step   7300 | loss=5.6123 | lr=3.62e-05
step   7400 | loss=5.6215 | lr=3.46e-05
[VAL] step 7400: bpb=1.7258
step   7500 | loss=5.6119 | lr=3.32e-05
step   7600 | loss=5.6047 | lr=3.21e-05
[VAL] step 7600: bpb=1.7243
step   7700 | loss=5.5951 | lr=3.12e-05
step   7800 | loss=5.6093 | lr=3.05e-05
[VAL] step 7800: bpb=1.7221
step   7900 | loss=5.6071 | lr=3.01e-05
step   8000 | loss=5.5999 | lr=3.00e-05
[VAL] step 8000: bpb=1.7206

=== DONE ===
{
  "exp_name": "exp116_ffn_lut",
  "best_val_bpb": 1.720627334918182,
  "final_val_bpb": 1.720627334918182,
  "n_params": 133343750,
  "training_time_hours": 0.669
}
