Loading tokenizer from /home/starost/.cache/nanochat/tokenizer
Vocab size: 32768, BOS id: 32759
Total params (all fp32): 429,753,862
Q/K Joint MHLut: in_nap=8 tph=256 d_qk=32 (n_outputs=2*d_qk=64)
V MHLut:         in_nap=8 tph=128 d_v=16 (n_outputs=d_v)
out_proj MHLut:  in_nap=6 tph=3056 (n_outputs=E=64) + LayerNorm
Tokens/micro-batch: 4,096 | grad_accum: 1 | effective batch: 4,096 tokens
step      1 | loss=10.5448 | lr=3.75e-07
step    100 | loss=9.9099 | lr=3.75e-05
step    200 | loss=8.9648 | lr=7.50e-05
[VAL] step 200: bpb=2.4426
step    300 | loss=8.1305 | lr=1.12e-04
step    400 | loss=7.6387 | lr=1.50e-04
[VAL] step 400: bpb=2.2031
step    500 | loss=7.2317 | lr=1.87e-04
step    600 | loss=7.0023 | lr=2.25e-04
[VAL] step 600: bpb=2.0774
step    700 | loss=6.8531 | lr=2.62e-04
step    800 | loss=6.7425 | lr=3.00e-04
[VAL] step 800: bpb=2.0346
step    900 | loss=6.6655 | lr=3.00e-04
step   1000 | loss=6.6101 | lr=2.99e-04
[VAL] step 1000: bpb=2.0027
step   1100 | loss=6.5668 | lr=2.99e-04
step   1200 | loss=6.5248 | lr=2.98e-04
[VAL] step 1200: bpb=1.9799
step   1300 | loss=6.4711 | lr=2.97e-04
step   1400 | loss=6.4505 | lr=2.95e-04
[VAL] step 1400: bpb=1.9609
step   1500 | loss=6.4231 | lr=2.94e-04
step   1600 | loss=6.3665 | lr=2.92e-04
[VAL] step 1600: bpb=1.9432
step   1700 | loss=6.3454 | lr=2.90e-04
step   1800 | loss=6.3197 | lr=2.87e-04
[VAL] step 1800: bpb=1.9267
step   1900 | loss=6.2933 | lr=2.85e-04
step   2000 | loss=6.2608 | lr=2.82e-04
[VAL] step 2000: bpb=1.9105
step   2100 | loss=6.2182 | lr=2.79e-04
step   2200 | loss=6.1917 | lr=2.76e-04
[VAL] step 2200: bpb=1.8938
step   2300 | loss=6.1650 | lr=2.72e-04
step   2400 | loss=6.1522 | lr=2.68e-04
[VAL] step 2400: bpb=1.8783
step   2500 | loss=6.1321 | lr=2.65e-04
step   2600 | loss=6.1181 | lr=2.60e-04
[VAL] step 2600: bpb=1.8638
step   2700 | loss=6.0847 | lr=2.56e-04
step   2800 | loss=6.0737 | lr=2.52e-04
[VAL] step 2800: bpb=1.8531
step   2900 | loss=6.0460 | lr=2.47e-04
step   3000 | loss=6.0327 | lr=2.42e-04
[VAL] step 3000: bpb=1.8452
step   3100 | loss=6.0195 | lr=2.38e-04
step   3200 | loss=6.0076 | lr=2.32e-04
[VAL] step 3200: bpb=1.8344
step   3300 | loss=5.9974 | lr=2.27e-04
step   3400 | loss=5.9607 | lr=2.22e-04
[VAL] step 3400: bpb=1.8279
step   3500 | loss=5.9512 | lr=2.17e-04
step   3600 | loss=5.9596 | lr=2.11e-04
[VAL] step 3600: bpb=1.8217
step   3700 | loss=5.9373 | lr=2.06e-04
step   3800 | loss=5.9264 | lr=2.00e-04
[VAL] step 3800: bpb=1.8145
step   3900 | loss=5.9046 | lr=1.94e-04
step   4000 | loss=5.8874 | lr=1.88e-04
[VAL] step 4000: bpb=1.8070
step   4100 | loss=5.9132 | lr=1.83e-04
step   4200 | loss=5.8837 | lr=1.77e-04
[VAL] step 4200: bpb=1.7996
step   4300 | loss=5.8884 | lr=1.71e-04
step   4400 | loss=5.8749 | lr=1.65e-04
[VAL] step 4400: bpb=1.7948
step   4500 | loss=5.8645 | lr=1.59e-04
step   4600 | loss=5.8511 | lr=1.53e-04
[VAL] step 4600: bpb=1.7904
step   4700 | loss=5.8533 | lr=1.47e-04
step   4800 | loss=5.8513 | lr=1.42e-04
[VAL] step 4800: bpb=1.7852
step   4900 | loss=5.8293 | lr=1.36e-04
step   5000 | loss=5.8240 | lr=1.30e-04
[VAL] step 5000: bpb=1.7790
step   5100 | loss=5.8084 | lr=1.24e-04
step   5200 | loss=5.7908 | lr=1.19e-04
[VAL] step 5200: bpb=1.7753
step   5300 | loss=5.7805 | lr=1.13e-04
step   5400 | loss=5.7658 | lr=1.08e-04
[VAL] step 5400: bpb=1.7723
step   5500 | loss=5.7699 | lr=1.03e-04
step   5600 | loss=5.7839 | lr=9.75e-05
[VAL] step 5600: bpb=1.7662
step   5700 | loss=5.7659 | lr=9.25e-05
step   5800 | loss=5.7581 | lr=8.76e-05
[VAL] step 5800: bpb=1.7639
step   5900 | loss=5.7643 | lr=8.28e-05
step   6000 | loss=5.7489 | lr=7.82e-05
[VAL] step 6000: bpb=1.7587
step   6100 | loss=5.7362 | lr=7.38e-05
step   6200 | loss=5.7336 | lr=6.95e-05
[VAL] step 6200: bpb=1.7572
step   6300 | loss=5.7377 | lr=6.55e-05
step   6400 | loss=5.7189 | lr=6.16e-05
[VAL] step 6400: bpb=1.7536
step   6500 | loss=5.7125 | lr=5.79e-05
step   6600 | loss=5.7201 | lr=5.44e-05
[VAL] step 6600: bpb=1.7505
step   6700 | loss=5.7142 | lr=5.11e-05
step   6800 | loss=5.7057 | lr=4.81e-05
[VAL] step 6800: bpb=1.7486
step   6900 | loss=5.7057 | lr=4.53e-05
step   7000 | loss=5.7053 | lr=4.26e-05
[VAL] step 7000: bpb=1.7477
step   7100 | loss=5.6991 | lr=4.03e-05
step   7200 | loss=5.7018 | lr=3.81e-05
[VAL] step 7200: bpb=1.7459
step   7300 | loss=5.6897 | lr=3.62e-05
step   7400 | loss=5.7006 | lr=3.46e-05
[VAL] step 7400: bpb=1.7435
step   7500 | loss=5.6877 | lr=3.32e-05
step   7600 | loss=5.6789 | lr=3.21e-05
[VAL] step 7600: bpb=1.7423
step   7700 | loss=5.6700 | lr=3.12e-05
step   7800 | loss=5.6833 | lr=3.05e-05
[VAL] step 7800: bpb=1.7409
step   7900 | loss=5.6789 | lr=3.01e-05
step   8000 | loss=5.6730 | lr=3.00e-05
[VAL] step 8000: bpb=1.7402

=== DONE ===
{
  "exp_name": "exp162_h12_dv16",
  "best_val_bpb": 1.7401924131479383,
  "final_val_bpb": 1.7401924131479383,
  "n_params": 429753862,
  "training_time_hours": 0.823
}
