Loading tokenizer from /home/starost/.cache/nanochat/tokenizer
Vocab size: 32768, BOS id: 32759
Total params (all fp32): 100,194,438
Per-layer input dims: [32, 64, 96, 128, 160, 192]
Unembedder input dim:  224
Q/K Joint MHLut: in_nap=6 tph=256 d_qk=32 (n_outputs=2*d_qk=64)
V MHLut:         in_nap=7 tph=256 d_v=16 (n_outputs=d_v)
out_proj MHLut:  in_nap=6 tph=1024 (n_outputs=O=32) + LayerNorm | H=6 partition zones
Tokens/micro-batch: 4,096 | grad_accum: 1 | effective batch: 4,096 tokens
step      1 | loss=10.4203 | lr=3.75e-07
step    100 | loss=10.0902 | lr=3.75e-05
step    200 | loss=8.8355 | lr=7.50e-05
[VAL] step 200: bpb=2.3653
step    300 | loss=8.0772 | lr=1.12e-04
step    400 | loss=7.7183 | lr=1.50e-04
[VAL] step 400: bpb=2.2905
step    500 | loss=7.4917 | lr=1.87e-04
step    600 | loss=7.3685 | lr=2.25e-04
[VAL] step 600: bpb=2.2146
step    700 | loss=7.2450 | lr=2.62e-04
step    800 | loss=7.1182 | lr=3.00e-04
[VAL] step 800: bpb=2.1476
step    900 | loss=7.0133 | lr=3.00e-04
step   1000 | loss=6.9387 | lr=2.99e-04
[VAL] step 1000: bpb=2.1011
step   1100 | loss=6.8752 | lr=2.99e-04
step   1200 | loss=6.8203 | lr=2.98e-04
[VAL] step 1200: bpb=2.0673
step   1300 | loss=6.7599 | lr=2.97e-04
step   1400 | loss=6.7322 | lr=2.95e-04
[VAL] step 1400: bpb=2.0460
step   1500 | loss=6.6991 | lr=2.94e-04
step   1600 | loss=6.6400 | lr=2.92e-04
[VAL] step 1600: bpb=2.0262
step   1700 | loss=6.6166 | lr=2.90e-04
step   1800 | loss=6.5971 | lr=2.87e-04
[VAL] step 1800: bpb=2.0106
step   1900 | loss=6.5795 | lr=2.85e-04
step   2000 | loss=6.5591 | lr=2.82e-04
[VAL] step 2000: bpb=1.9999
step   2100 | loss=6.5325 | lr=2.79e-04
step   2200 | loss=6.5162 | lr=2.76e-04
[VAL] step 2200: bpb=1.9918
step   2300 | loss=6.4930 | lr=2.72e-04
step   2400 | loss=6.4858 | lr=2.68e-04
[VAL] step 2400: bpb=1.9829
step   2500 | loss=6.4770 | lr=2.65e-04
step   2600 | loss=6.4723 | lr=2.60e-04
[VAL] step 2600: bpb=1.9719
step   2700 | loss=6.4422 | lr=2.56e-04
step   2800 | loss=6.4415 | lr=2.52e-04
[VAL] step 2800: bpb=1.9681
step   2900 | loss=6.4237 | lr=2.47e-04
step   3000 | loss=6.4201 | lr=2.42e-04
[VAL] step 3000: bpb=1.9622
step   3100 | loss=6.4072 | lr=2.38e-04
step   3200 | loss=6.4001 | lr=2.32e-04
[VAL] step 3200: bpb=1.9536
step   3300 | loss=6.3932 | lr=2.27e-04
step   3400 | loss=6.3668 | lr=2.22e-04
[VAL] step 3400: bpb=1.9512
step   3500 | loss=6.3626 | lr=2.17e-04
step   3600 | loss=6.3708 | lr=2.11e-04
[VAL] step 3600: bpb=1.9461
step   3700 | loss=6.3590 | lr=2.06e-04
step   3800 | loss=6.3500 | lr=2.00e-04
[VAL] step 3800: bpb=1.9418
step   3900 | loss=6.3338 | lr=1.94e-04
step   4000 | loss=6.3285 | lr=1.88e-04
[VAL] step 4000: bpb=1.9383
step   4100 | loss=6.3522 | lr=1.83e-04
step   4200 | loss=6.3296 | lr=1.77e-04
[VAL] step 4200: bpb=1.9342
step   4300 | loss=6.3333 | lr=1.71e-04
step   4400 | loss=6.3224 | lr=1.65e-04
[VAL] step 4400: bpb=1.9308
step   4500 | loss=6.3210 | lr=1.59e-04
step   4600 | loss=6.3112 | lr=1.53e-04
[VAL] step 4600: bpb=1.9284
step   4700 | loss=6.3209 | lr=1.47e-04
step   4800 | loss=6.3200 | lr=1.42e-04
[VAL] step 4800: bpb=1.9247
step   4900 | loss=6.2978 | lr=1.36e-04
step   5000 | loss=6.3002 | lr=1.30e-04
[VAL] step 5000: bpb=1.9222
step   5100 | loss=6.2861 | lr=1.24e-04
step   5200 | loss=6.2731 | lr=1.19e-04
[VAL] step 5200: bpb=1.9205
step   5300 | loss=6.2709 | lr=1.13e-04
step   5400 | loss=6.2613 | lr=1.08e-04
[VAL] step 5400: bpb=1.9170
step   5500 | loss=6.2585 | lr=1.03e-04
step   5600 | loss=6.2749 | lr=9.75e-05
[VAL] step 5600: bpb=1.9155
step   5700 | loss=6.2628 | lr=9.25e-05
step   5800 | loss=6.2598 | lr=8.76e-05
[VAL] step 5800: bpb=1.9139
step   5900 | loss=6.2713 | lr=8.28e-05
step   6000 | loss=6.2546 | lr=7.82e-05
[VAL] step 6000: bpb=1.9120
step   6100 | loss=6.2497 | lr=7.38e-05
step   6200 | loss=6.2465 | lr=6.95e-05
[VAL] step 6200: bpb=1.9112
step   6300 | loss=6.2522 | lr=6.55e-05
step   6400 | loss=6.2393 | lr=6.16e-05
[VAL] step 6400: bpb=1.9096
step   6500 | loss=6.2374 | lr=5.79e-05
step   6600 | loss=6.2462 | lr=5.44e-05
[VAL] step 6600: bpb=1.9083
step   6700 | loss=6.2436 | lr=5.11e-05
step   6800 | loss=6.2392 | lr=4.81e-05
[VAL] step 6800: bpb=1.9079
step   6900 | loss=6.2413 | lr=4.53e-05
step   7000 | loss=6.2397 | lr=4.26e-05
[VAL] step 7000: bpb=1.9061
step   7100 | loss=6.2341 | lr=4.03e-05
step   7200 | loss=6.2343 | lr=3.81e-05
[VAL] step 7200: bpb=1.9059
step   7300 | loss=6.2289 | lr=3.62e-05
step   7400 | loss=6.2380 | lr=3.46e-05
[VAL] step 7400: bpb=1.9053
step   7500 | loss=6.2329 | lr=3.32e-05
step   7600 | loss=6.2250 | lr=3.21e-05
[VAL] step 7600: bpb=1.9050
step   7700 | loss=6.2152 | lr=3.12e-05
step   7800 | loss=6.2268 | lr=3.05e-05
[VAL] step 7800: bpb=1.9041
step   7900 | loss=6.2233 | lr=3.01e-05
step   8000 | loss=6.2203 | lr=3.00e-05
[VAL] step 8000: bpb=1.9036

=== DONE ===
{
  "exp_name": "exp082_mlp_unembedder",
  "best_val_bpb": 1.9035738699209512,
  "final_val_bpb": 1.9035738699209512,
  "n_params": 100194438,
  "training_time_hours": 0.451,
  "layer_input_dims": [
    32,
    64,
    96,
    128,
    160,
    192
  ],
  "unembedder_dim": 224
}
