Loading tokenizer from /home/starost/.cache/nanochat/tokenizer
Vocab size: 32768, BOS id: 32759
bit LUTs: 24
Adam-managed parameters: 14,912,518
Q/K BitPermLUT: in_nap=5 out_nap=24 tph=512 d_qk=32 P_qk=496
V BitPermLUT:   in_nap=5 out_nap=16 tph=512 d_v=16 P_v=120
Out BitPermLUT: in_nap=8 out_nap=32 tph=[4096, 4096, 2048, 2048, 2048, 2048]
Tokens/micro-batch: 16,384 | grad_accum: 1 | effective batch: 16,384 tokens
step      1 | loss=10.5593 | lr=3.75e-07
step    100 | loss=9.8766 | lr=3.75e-05
step    200 | loss=8.8770 | lr=7.50e-05
[VAL] step 200: bpb=2.4207
step    300 | loss=8.0284 | lr=1.12e-04
step    400 | loss=7.5376 | lr=1.50e-04
[VAL] step 400: bpb=2.2055
step    500 | loss=7.1718 | lr=1.87e-04
step    600 | loss=6.9433 | lr=2.25e-04
[VAL] step 600: bpb=2.1454
step    700 | loss=6.7437 | lr=2.62e-04
step    800 | loss=6.5871 | lr=3.00e-04
[VAL] step 800: bpb=1.9998
step    900 | loss=6.4750 | lr=3.00e-04
step   1000 | loss=6.3867 | lr=2.99e-04
[VAL] step 1000: bpb=1.9605
step   1100 | loss=6.3270 | lr=2.99e-04
step   1200 | loss=6.2779 | lr=2.98e-04
[VAL] step 1200: bpb=1.9276
