Failed to import warp: No module named 'warp'
Failed to import mujoco_warp: No module named 'warp'
MHL-LIF SAC actor heads=1 tph=128 n_det=1 buckets=16 seed=0 | 12 outputs/cell (6 mu + 6 log-sigma) | front-end 6,784 + table 24,576 = 31,360 params (111.9% of the 28,032 hyperplane baseline; 31,360 trainable) | cells 128x16 = 2,048 | delay_init_std=0.0 table_init_std=0.10000 share_betas=False delay_const=0.0 delay_min=-inf | temperatures trainable | no eps
[  500/10000] steps    32,000 | MJX ret      0.8 | cell-cov   0.0% | digit 11.023 | nosp 0.411 | eff  4.36/16 | Tbkt 1.000 | Tcr 1.000 | best      0.8 |   2.8m
[ 1000/10000] steps    64,000 | MJX ret    221.1 | cell-cov  72.5% | digit 8.988 | nosp 0.226 | eff  3.77/16 | Tbkt 0.930 | Tcr 1.000 | best    221.1 |   5.1m
[ 1500/10000] steps    96,000 | MJX ret    232.2 | cell-cov  74.7% | digit 8.408 | nosp 0.173 | eff  3.36/16 | Tbkt 0.830 | Tcr 1.000 | best    232.2 |   6.8m
[ 2000/10000] steps   128,000 | MJX ret    216.2 | cell-cov  75.3% | digit 7.849 | nosp 0.106 | eff  2.95/16 | Tbkt 0.749 | Tcr 1.000 | best    232.2 |   8.3m
[ 2500/10000] steps   160,000 | MJX ret    233.9 | cell-cov  76.1% | digit 8.023 | nosp 0.135 | eff  3.23/16 | Tbkt 0.702 | Tcr 1.000 | best    233.9 |   9.9m
[ 3000/10000] steps   192,000 | MJX ret    305.7 | cell-cov  76.6% | digit 8.038 | nosp 0.123 | eff  3.30/16 | Tbkt 0.666 | Tcr 1.000 | best    305.7 |  11.4m
[ 3500/10000] steps   224,000 | MJX ret    352.2 | cell-cov  77.1% | digit 7.978 | nosp 0.110 | eff  3.23/16 | Tbkt 0.634 | Tcr 1.000 | best    352.2 |  12.9m
[ 4000/10000] steps   256,000 | MJX ret    390.6 | cell-cov  77.6% | digit 8.220 | nosp 0.148 | eff  3.46/16 | Tbkt 0.594 | Tcr 1.000 | best    390.6 |  14.5m
[ 4500/10000] steps   288,000 | MJX ret    466.3 | cell-cov  78.0% | digit 8.241 | nosp 0.136 | eff  3.35/16 | Tbkt 0.565 | Tcr 1.000 | best    466.3 |  16.1m
[ 5000/10000] steps   320,000 | MJX ret    518.0 | cell-cov  78.2% | digit 8.350 | nosp 0.147 | eff  3.46/16 | Tbkt 0.535 | Tcr 1.000 | best    518.0 |  17.7m
[ 5500/10000] steps   352,000 | MJX ret    649.6 | cell-cov  78.5% | digit 8.614 | nosp 0.185 | eff  3.97/16 | Tbkt 0.507 | Tcr 1.000 | best    649.6 |  19.3m
[ 6000/10000] steps   384,000 | MJX ret    665.4 | cell-cov  78.8% | digit 8.578 | nosp 0.185 | eff  3.88/16 | Tbkt 0.481 | Tcr 1.000 | best    665.4 |  20.9m
[ 6500/10000] steps   416,000 | MJX ret    663.9 | cell-cov  79.0% | digit 8.486 | nosp 0.172 | eff  3.71/16 | Tbkt 0.455 | Tcr 1.000 | best    665.4 |  22.4m
[ 7000/10000] steps   448,000 | MJX ret    975.9 | cell-cov  79.2% | digit 8.483 | nosp 0.165 | eff  3.79/16 | Tbkt 0.434 | Tcr 1.000 | best    975.9 |  23.9m
[ 7500/10000] steps   480,000 | MJX ret   1284.1 | cell-cov  79.7% | digit 8.680 | nosp 0.196 | eff  4.08/16 | Tbkt 0.424 | Tcr 1.000 | best   1284.1 |  25.5m
[ 8000/10000] steps   512,000 | MJX ret   1120.0 | cell-cov  79.9% | digit 8.548 | nosp 0.176 | eff  4.14/16 | Tbkt 0.411 | Tcr 1.000 | best   1284.1 |  27.0m
[ 8500/10000] steps   544,000 | MJX ret    990.6 | cell-cov  80.1% | digit 8.725 | nosp 0.199 | eff  4.46/16 | Tbkt 0.398 | Tcr 1.000 | best   1284.1 |  28.6m
[ 9000/10000] steps   576,000 | MJX ret   1131.6 | cell-cov  80.2% | digit 8.878 | nosp 0.216 | eff  4.26/16 | Tbkt 0.386 | Tcr 1.000 | best   1284.1 |  30.1m
[ 9500/10000] steps   608,000 | MJX ret   1537.9 | cell-cov  80.5% | digit 8.979 | nosp 0.219 | eff  4.56/16 | Tbkt 0.376 | Tcr 1.000 | best   1537.9 |  31.7m
[10000/10000] steps   640,000 | MJX ret    988.5 | cell-cov  80.6% | digit 8.850 | nosp 0.199 | eff  4.13/16 | Tbkt 0.367 | Tcr 1.000 | best   1537.9 |  32.9m
done: best MJX 1537.9 over 640,000 env-steps in 32.9 min
Failed to import warp: No module named 'warp'
Failed to import mujoco_warp: No module named 'warp'
mhl_sac_c53_s0_actor.npz (31,360 params = 6,784 front-end + 24,576 table) [eval] 1 det x 16 bkt = 16 cells / tph128
  CPU-reference 100-ep deterministic: 1042.4 +/- 177.4  full 0/100  vel 2.099 m/s  len 336  [39s]
