Failed to import warp: No module named 'warp'
Failed to import mujoco_warp: No module named 'warp'
MHL-LIF SAC actor heads=1 tph=128 n_det=1 buckets=16 seed=2 | 12 outputs/cell (6 mu + 6 log-sigma) | front-end 6,784 + table 24,576 = 31,360 params (111.9% of the 28,032 hyperplane baseline; 31,360 trainable) | cells 128x16 = 2,048 | delay_init_std=0.0 table_init_std=0.10000 share_betas=False delay_const=0.0 delay_min=-inf | temperatures trainable | no eps
[  500/10000] steps    32,000 | MJX ret      7.6 | cell-cov   0.0% | digit 10.473 | nosp 0.374 | eff  3.70/16 | Tbkt 1.000 | Tcr 1.000 | best      7.6 |   2.9m
[ 1000/10000] steps    64,000 | MJX ret    385.7 | cell-cov  73.3% | digit 9.802 | nosp 0.348 | eff  4.30/16 | Tbkt 0.957 | Tcr 1.000 | best    385.7 |   5.1m
[ 1500/10000] steps    96,000 | MJX ret    263.1 | cell-cov  75.3% | digit 9.118 | nosp 0.247 | eff  4.32/16 | Tbkt 0.856 | Tcr 1.000 | best    385.7 |   6.8m
[ 2000/10000] steps   128,000 | MJX ret    283.5 | cell-cov  76.3% | digit 8.943 | nosp 0.238 | eff  3.91/16 | Tbkt 0.795 | Tcr 1.000 | best    385.7 |   8.4m
[ 2500/10000] steps   160,000 | MJX ret    294.8 | cell-cov  77.0% | digit 8.409 | nosp 0.193 | eff  4.01/16 | Tbkt 0.751 | Tcr 1.000 | best    385.7 |  10.1m
[ 3000/10000] steps   192,000 | MJX ret    408.7 | cell-cov  77.4% | digit 7.944 | nosp 0.135 | eff  3.64/16 | Tbkt 0.725 | Tcr 1.000 | best    408.7 |  11.7m
[ 3500/10000] steps   224,000 | MJX ret    488.1 | cell-cov  78.0% | digit 7.898 | nosp 0.136 | eff  3.46/16 | Tbkt 0.694 | Tcr 1.000 | best    488.1 |  13.3m
[ 4000/10000] steps   256,000 | MJX ret    464.5 | cell-cov  78.3% | digit 7.683 | nosp 0.103 | eff  3.52/16 | Tbkt 0.653 | Tcr 1.000 | best    488.1 |  14.9m
[ 4500/10000] steps   288,000 | MJX ret    707.4 | cell-cov  78.8% | digit 7.966 | nosp 0.143 | eff  3.72/16 | Tbkt 0.616 | Tcr 1.000 | best    707.4 |  16.4m
[ 5000/10000] steps   320,000 | MJX ret    853.6 | cell-cov  79.7% | digit 7.432 | nosp 0.084 | eff  3.65/16 | Tbkt 0.580 | Tcr 1.000 | best    853.6 |  18.0m
[ 5500/10000] steps   352,000 | MJX ret   1194.6 | cell-cov  80.0% | digit 7.832 | nosp 0.121 | eff  3.63/16 | Tbkt 0.549 | Tcr 1.000 | best   1194.6 |  19.6m
[ 6000/10000] steps   384,000 | MJX ret   1638.4 | cell-cov  80.6% | digit 7.953 | nosp 0.134 | eff  4.09/16 | Tbkt 0.523 | Tcr 1.000 | best   1638.4 |  21.2m
[ 6500/10000] steps   416,000 | MJX ret   1465.8 | cell-cov  80.9% | digit 7.840 | nosp 0.120 | eff  3.87/16 | Tbkt 0.503 | Tcr 1.000 | best   1638.4 |  22.7m
[ 7000/10000] steps   448,000 | MJX ret   2012.8 | cell-cov  81.3% | digit 7.745 | nosp 0.106 | eff  3.72/16 | Tbkt 0.487 | Tcr 1.000 | best   2012.8 |  24.3m
[ 7500/10000] steps   480,000 | MJX ret   2797.7 | cell-cov  81.5% | digit 7.805 | nosp 0.122 | eff  3.86/16 | Tbkt 0.468 | Tcr 1.000 | best   2797.7 |  25.8m
[ 8000/10000] steps   512,000 | MJX ret   2779.0 | cell-cov  81.8% | digit 8.113 | nosp 0.147 | eff  4.30/16 | Tbkt 0.448 | Tcr 1.000 | best   2797.7 |  27.4m
[ 8500/10000] steps   544,000 | MJX ret   2172.6 | cell-cov  81.9% | digit 7.927 | nosp 0.143 | eff  4.09/16 | Tbkt 0.430 | Tcr 1.000 | best   2797.7 |  29.0m
[ 9000/10000] steps   576,000 | MJX ret   3265.0 | cell-cov  82.0% | digit 7.837 | nosp 0.124 | eff  3.98/16 | Tbkt 0.417 | Tcr 1.000 | best   3265.0 |  30.5m
[ 9500/10000] steps   608,000 | MJX ret   3847.1 | cell-cov  82.2% | digit 7.957 | nosp 0.147 | eff  4.28/16 | Tbkt 0.401 | Tcr 1.000 | best   3847.1 |  32.1m
[10000/10000] steps   640,000 | MJX ret   3945.7 | cell-cov  82.3% | digit 8.007 | nosp 0.152 | eff  4.23/16 | Tbkt 0.391 | Tcr 1.000 | best   3945.7 |  33.2m
done: best MJX 3945.7 over 640,000 env-steps in 33.2 min
Failed to import warp: No module named 'warp'
Failed to import mujoco_warp: No module named 'warp'
mhl_sac_c53_s2_actor.npz (31,360 params = 6,784 front-end + 24,576 table) [eval] 1 det x 16 bkt = 16 cells / tph128
  CPU-reference 100-ep deterministic: 3890.9 +/- 347.2  full 90/100  vel 2.985 m/s  len 977  [12s]
