Loading tokenizer from /home/starost/.cache/nanochat/tokenizer
Vocab size: 32768, BOS id: 32759
Building model:
Total params (all fp32): 108,826,630
Q/K Joint MHLut: in_nap=6 tph=256 d_qk=32 (n_outputs=2*d_qk=64)
V MHLut:         in_nap=7 tph=256 d_v=24 (n_outputs=d_v)
out_proj MHLut + SparseScatter: in_nap=8 tph=2048 n_sparse_outputs=8 -> E=256
Residual:        classic skip connection (out_real + x), no residual_lut
Unembedder:      LN(256) -> Linear(256,VOCAB)
Tokens/micro-batch: 4,096 | grad_accum: 1 | effective batch: 4,096 tokens
step      1 | loss=10.5686 | lr=3.75e-07
step    100 | loss=10.2559 | lr=3.75e-05
step    200 | loss=9.3678 | lr=7.50e-05
[VAL] step 200: bpb=2.5659
step    300 | loss=8.3776 | lr=1.12e-04
step    400 | loss=7.7671 | lr=1.50e-04
[VAL] step 400: bpb=2.2501
step    500 | loss=7.4139 | lr=1.87e-04
step    600 | loss=7.2035 | lr=2.25e-04
[VAL] step 600: bpb=2.1472
step    700 | loss=7.0458 | lr=2.62e-04
step    800 | loss=6.9124 | lr=3.00e-04
[VAL] step 800: bpb=2.0794
step    900 | loss=6.8078 | lr=3.00e-04
step   1000 | loss=6.7339 | lr=2.99e-04
[VAL] step 1000: bpb=2.0358
step   1100 | loss=6.6729 | lr=2.99e-04
step   1200 | loss=6.6231 | lr=2.98e-04
[VAL] step 1200: bpb=2.0054
step   1300 | loss=6.5588 | lr=2.97e-04
step   1400 | loss=6.5310 | lr=2.95e-04
[VAL] step 1400: bpb=1.9827
step   1500 | loss=6.4985 | lr=2.94e-04
step   1600 | loss=6.4421 | lr=2.92e-04
[VAL] step 1600: bpb=1.9653
step   1700 | loss=6.4170 | lr=2.90e-04
step   1800 | loss=6.3872 | lr=2.87e-04
[VAL] step 1800: bpb=1.9491
step   1900 | loss=6.3868 | lr=2.85e-04
step   2000 | loss=6.3763 | lr=2.82e-04
[VAL] step 2000: bpb=1.9360
step   2100 | loss=6.3275 | lr=2.79e-04
step   2200 | loss=6.2927 | lr=2.76e-04
[VAL] step 2200: bpb=1.9227
step   2300 | loss=6.2581 | lr=2.72e-04
step   2400 | loss=6.2371 | lr=2.68e-04
[VAL] step 2400: bpb=1.9015
step   2500 | loss=6.2061 | lr=2.65e-04
step   2600 | loss=6.1878 | lr=2.60e-04
[VAL] step 2600: bpb=1.8836
step   2700 | loss=6.1474 | lr=2.56e-04
step   2800 | loss=6.1303 | lr=2.52e-04
[VAL] step 2800: bpb=1.8714
step   2900 | loss=6.0961 | lr=2.47e-04
step   3000 | loss=6.0783 | lr=2.42e-04
[VAL] step 3000: bpb=1.8569
step   3100 | loss=6.0590 | lr=2.38e-04
step   3200 | loss=6.0416 | lr=2.32e-04
[VAL] step 3200: bpb=1.8428
step   3300 | loss=6.0303 | lr=2.27e-04
step   3400 | loss=5.9906 | lr=2.22e-04
[VAL] step 3400: bpb=1.8361
step   3500 | loss=5.9793 | lr=2.17e-04
step   3600 | loss=5.9822 | lr=2.11e-04
[VAL] step 3600: bpb=1.8291
step   3700 | loss=5.9554 | lr=2.06e-04
step   3800 | loss=5.9452 | lr=2.00e-04
[VAL] step 3800: bpb=1.8229
step   3900 | loss=5.9194 | lr=1.94e-04
step   4000 | loss=5.8999 | lr=1.88e-04
[VAL] step 4000: bpb=1.8120
step   4100 | loss=5.9216 | lr=1.83e-04
step   4200 | loss=5.8956 | lr=1.77e-04
[VAL] step 4200: bpb=1.8049
step   4300 | loss=5.8942 | lr=1.71e-04
step   4400 | loss=5.8787 | lr=1.65e-04
[VAL] step 4400: bpb=1.7982
step   4500 | loss=5.8650 | lr=1.59e-04
step   4600 | loss=5.8518 | lr=1.53e-04
[VAL] step 4600: bpb=1.7910
step   4700 | loss=5.8499 | lr=1.47e-04
step   4800 | loss=5.8481 | lr=1.42e-04
[VAL] step 4800: bpb=1.7860
step   4900 | loss=5.8216 | lr=1.36e-04
step   5000 | loss=5.8133 | lr=1.30e-04
[VAL] step 5000: bpb=1.7785
step   5100 | loss=5.8003 | lr=1.24e-04
step   5200 | loss=5.7833 | lr=1.19e-04
[VAL] step 5200: bpb=1.7743
step   5300 | loss=5.7710 | lr=1.13e-04
step   5400 | loss=5.7530 | lr=1.08e-04
[VAL] step 5400: bpb=1.7717
step   5500 | loss=5.7560 | lr=1.03e-04
step   5600 | loss=5.7706 | lr=9.75e-05
[VAL] step 5600: bpb=1.7638
step   5700 | loss=5.7541 | lr=9.25e-05
step   5800 | loss=5.7441 | lr=8.76e-05
[VAL] step 5800: bpb=1.7624
step   5900 | loss=5.7489 | lr=8.28e-05
step   6000 | loss=5.7322 | lr=7.82e-05
[VAL] step 6000: bpb=1.7584
step   6100 | loss=5.7219 | lr=7.38e-05
step   6200 | loss=5.7181 | lr=6.95e-05
[VAL] step 6200: bpb=1.7553
step   6300 | loss=5.7223 | lr=6.55e-05
step   6400 | loss=5.7058 | lr=6.16e-05
[VAL] step 6400: bpb=1.7525
step   6500 | loss=5.6989 | lr=5.79e-05
step   6600 | loss=5.7043 | lr=5.44e-05
[VAL] step 6600: bpb=1.7483
step   6700 | loss=5.6993 | lr=5.11e-05
step   6800 | loss=5.6888 | lr=4.81e-05
[VAL] step 6800: bpb=1.7466
step   6900 | loss=5.6892 | lr=4.53e-05
step   7000 | loss=5.6895 | lr=4.26e-05
[VAL] step 7000: bpb=1.7462
step   7100 | loss=5.6837 | lr=4.03e-05
step   7200 | loss=5.6863 | lr=3.81e-05
[VAL] step 7200: bpb=1.7439
step   7300 | loss=5.6736 | lr=3.62e-05
step   7400 | loss=5.6839 | lr=3.46e-05
[VAL] step 7400: bpb=1.7417
step   7500 | loss=5.6731 | lr=3.32e-05
step   7600 | loss=5.6637 | lr=3.21e-05
[VAL] step 7600: bpb=1.7402
step   7700 | loss=5.6545 | lr=3.12e-05
step   7800 | loss=5.6679 | lr=3.05e-05
[VAL] step 7800: bpb=1.7391
step   7900 | loss=5.6663 | lr=3.01e-05
step   8000 | loss=5.6590 | lr=3.00e-05
[VAL] step 8000: bpb=1.7383

=== DONE ===
{
  "exp_name": "exp098_out_sparse_scatter",
  "best_val_bpb": 1.7383236134779911,
  "final_val_bpb": 1.7383236134779911,
  "n_params": 108826630,
  "training_time_hours": 0.544
}
