Failed to import warp: No module named 'warp'
Failed to import mujoco_warp: No module named 'warp'
MHL-LIF SAC actor heads=1 tph=32 n_det=1 buckets=64 seed=0 | 12 outputs/cell (6 mu + 6 log-sigma) | front-end 3,232 + table 24,576 = 27,808 params (99.2% of the 28,032 hyperplane baseline; 27,744 trainable) | cells 32x64 = 2,048 | delay_init_std=4.0 table_init_std=0.01768 | temperatures FROZEN at 1.0 | no eps
[  500/10000] steps    32,000 | MJX ret     12.8 | cell-cov   0.0% | digit 52.647 | nosp 0.532 | eff  7.36/64 | Tbkt 1.000 | Tcr 1.000 | best     12.8 |   2.8m
[ 1000/10000] steps    64,000 | MJX ret      4.1 | cell-cov  64.6% | digit 58.191 | nosp 0.506 | eff  2.79/64 | Tbkt 1.000 | Tcr 1.000 | best     12.8 |   5.0m
[ 1500/10000] steps    96,000 | MJX ret    285.5 | cell-cov  68.9% | digit 57.245 | nosp 0.268 | eff  3.81/64 | Tbkt 1.000 | Tcr 1.000 | best    285.5 |   6.6m
[ 2000/10000] steps   128,000 | MJX ret    271.2 | cell-cov  71.9% | digit 53.655 | nosp 0.242 | eff  5.70/64 | Tbkt 1.000 | Tcr 1.000 | best    285.5 |   8.2m
[ 2500/10000] steps   160,000 | MJX ret    293.1 | cell-cov  72.3% | digit 54.241 | nosp 0.289 | eff  5.02/64 | Tbkt 1.000 | Tcr 1.000 | best    293.1 |   9.8m
[ 3000/10000] steps   192,000 | MJX ret    393.3 | cell-cov  72.4% | digit 54.323 | nosp 0.241 | eff  5.49/64 | Tbkt 1.000 | Tcr 1.000 | best    393.3 |  11.3m
[ 3500/10000] steps   224,000 | MJX ret    401.6 | cell-cov  72.9% | digit 54.083 | nosp 0.241 | eff  4.97/64 | Tbkt 1.000 | Tcr 1.000 | best    401.6 |  12.8m
[ 4000/10000] steps   256,000 | MJX ret    313.2 | cell-cov  73.2% | digit 53.543 | nosp 0.212 | eff  4.72/64 | Tbkt 1.000 | Tcr 1.000 | best    401.6 |  14.3m
[ 4500/10000] steps   288,000 | MJX ret    664.1 | cell-cov  74.0% | digit 52.153 | nosp 0.177 | eff  5.53/64 | Tbkt 1.000 | Tcr 1.000 | best    664.1 |  15.8m
[ 5000/10000] steps   320,000 | MJX ret    729.6 | cell-cov  74.6% | digit 51.615 | nosp 0.181 | eff  5.37/64 | Tbkt 1.000 | Tcr 1.000 | best    729.6 |  17.3m
[ 5500/10000] steps   352,000 | MJX ret    953.4 | cell-cov  74.9% | digit 50.582 | nosp 0.158 | eff  5.58/64 | Tbkt 1.000 | Tcr 1.000 | best    953.4 |  18.8m
[ 6000/10000] steps   384,000 | MJX ret   1167.6 | cell-cov  75.4% | digit 50.032 | nosp 0.162 | eff  5.35/64 | Tbkt 1.000 | Tcr 1.000 | best   1167.6 |  20.3m
[ 6500/10000] steps   416,000 | MJX ret   1405.0 | cell-cov  76.0% | digit 48.054 | nosp 0.136 | eff  5.50/64 | Tbkt 1.000 | Tcr 1.000 | best   1405.0 |  21.8m
[ 7000/10000] steps   448,000 | MJX ret   1444.6 | cell-cov  76.8% | digit 47.656 | nosp 0.132 | eff  5.37/64 | Tbkt 1.000 | Tcr 1.000 | best   1444.6 |  23.3m
[ 7500/10000] steps   480,000 | MJX ret   1008.6 | cell-cov  77.2% | digit 46.088 | nosp 0.127 | eff  4.71/64 | Tbkt 1.000 | Tcr 1.000 | best   1444.6 |  24.7m
[ 8000/10000] steps   512,000 | MJX ret    983.8 | cell-cov  77.7% | digit 46.614 | nosp 0.154 | eff  4.76/64 | Tbkt 1.000 | Tcr 1.000 | best   1444.6 |  26.2m
[ 8500/10000] steps   544,000 | MJX ret   1450.8 | cell-cov  78.3% | digit 46.263 | nosp 0.140 | eff  4.62/64 | Tbkt 1.000 | Tcr 1.000 | best   1450.8 |  27.6m
[ 9000/10000] steps   576,000 | MJX ret    971.5 | cell-cov  78.9% | digit 44.880 | nosp 0.094 | eff  4.92/64 | Tbkt 1.000 | Tcr 1.000 | best   1450.8 |  29.1m
[ 9500/10000] steps   608,000 | MJX ret   1120.1 | cell-cov  79.6% | digit 45.235 | nosp 0.075 | eff  4.91/64 | Tbkt 1.000 | Tcr 1.000 | best   1450.8 |  30.6m
[10000/10000] steps   640,000 | MJX ret   1440.7 | cell-cov  80.3% | digit 43.968 | nosp 0.071 | eff  4.88/64 | Tbkt 1.000 | Tcr 1.000 | best   1450.8 |  31.5m
done: best MJX 1450.8 over 640,000 env-steps in 31.5 min
Failed to import warp: No module named 'warp'
Failed to import mujoco_warp: No module named 'warp'
mhl_sac_c43_s0_actor.npz (27,808 params = 3,232 front-end + 24,576 table) [eval] 1 det x 64 bkt = 64 cells / tph32
  CPU-reference 100-ep deterministic: 1375.5 +/- 303.2  full 0/100  vel 2.509 m/s  len 390  [53s]
