Failed to import warp: No module named 'warp'
Failed to import mujoco_warp: No module named 'warp'
MHL-LIF SAC actor heads=1 tph=32 n_det=1 buckets=64 seed=2 | 12 outputs/cell (6 mu + 6 log-sigma) | front-end 3,232 + table 24,576 = 27,808 params (99.2% of the 28,032 hyperplane baseline; 27,744 trainable) | cells 32x64 = 2,048 | delay_init_std=4.0 table_init_std=0.01768 | temperatures FROZEN at 1.0 | no eps
[  500/10000] steps    32,000 | MJX ret     13.4 | cell-cov   0.0% | digit 52.138 | nosp 0.548 | eff  6.31/64 | Tbkt 1.000 | Tcr 1.000 | best     13.4 |   2.7m
[ 1000/10000] steps    64,000 | MJX ret    -22.9 | cell-cov  62.3% | digit 59.609 | nosp 0.788 | eff  2.20/64 | Tbkt 1.000 | Tcr 1.000 | best     13.4 |   4.5m
[ 1500/10000] steps    96,000 | MJX ret    433.6 | cell-cov  63.9% | digit 59.379 | nosp 0.521 | eff  1.84/64 | Tbkt 1.000 | Tcr 1.000 | best    433.6 |   5.8m
[ 2000/10000] steps   128,000 | MJX ret    427.8 | cell-cov  65.7% | digit 57.594 | nosp 0.340 | eff  3.78/64 | Tbkt 1.000 | Tcr 1.000 | best    433.6 |   7.4m
[ 2500/10000] steps   160,000 | MJX ret    301.5 | cell-cov  66.6% | digit 56.634 | nosp 0.214 | eff  4.12/64 | Tbkt 1.000 | Tcr 1.000 | best    433.6 |   8.9m
[ 3000/10000] steps   192,000 | MJX ret    471.0 | cell-cov  68.0% | digit 55.278 | nosp 0.143 | eff  3.96/64 | Tbkt 1.000 | Tcr 1.000 | best    471.0 |  10.4m
[ 3500/10000] steps   224,000 | MJX ret    645.2 | cell-cov  68.8% | digit 53.008 | nosp 0.135 | eff  5.87/64 | Tbkt 1.000 | Tcr 1.000 | best    645.2 |  11.9m
[ 4000/10000] steps   256,000 | MJX ret    786.2 | cell-cov  69.4% | digit 53.236 | nosp 0.114 | eff  5.41/64 | Tbkt 1.000 | Tcr 1.000 | best    786.2 |  13.4m
[ 4500/10000] steps   288,000 | MJX ret    765.4 | cell-cov  70.3% | digit 51.569 | nosp 0.116 | eff  5.69/64 | Tbkt 1.000 | Tcr 1.000 | best    786.2 |  14.9m
[ 5000/10000] steps   320,000 | MJX ret    646.8 | cell-cov  70.7% | digit 51.115 | nosp 0.101 | eff  5.37/64 | Tbkt 1.000 | Tcr 1.000 | best    786.2 |  16.3m
[ 5500/10000] steps   352,000 | MJX ret    647.2 | cell-cov  71.2% | digit 49.923 | nosp 0.116 | eff  6.14/64 | Tbkt 1.000 | Tcr 1.000 | best    786.2 |  17.8m
[ 6000/10000] steps   384,000 | MJX ret    736.7 | cell-cov  72.5% | digit 50.721 | nosp 0.118 | eff  5.47/64 | Tbkt 1.000 | Tcr 1.000 | best    786.2 |  19.3m
[ 6500/10000] steps   416,000 | MJX ret   1165.5 | cell-cov  73.3% | digit 50.833 | nosp 0.099 | eff  4.91/64 | Tbkt 1.000 | Tcr 1.000 | best   1165.5 |  20.8m
[ 7000/10000] steps   448,000 | MJX ret   1454.3 | cell-cov  73.4% | digit 50.848 | nosp 0.097 | eff  5.47/64 | Tbkt 1.000 | Tcr 1.000 | best   1454.3 |  22.2m
[ 7500/10000] steps   480,000 | MJX ret   1306.5 | cell-cov  73.6% | digit 51.928 | nosp 0.100 | eff  4.90/64 | Tbkt 1.000 | Tcr 1.000 | best   1454.3 |  23.7m
[ 8000/10000] steps   512,000 | MJX ret    919.6 | cell-cov  73.7% | digit 50.710 | nosp 0.046 | eff  5.45/64 | Tbkt 1.000 | Tcr 1.000 | best   1454.3 |  25.2m
[ 8500/10000] steps   544,000 | MJX ret   1779.8 | cell-cov  73.9% | digit 50.746 | nosp 0.049 | eff  5.39/64 | Tbkt 1.000 | Tcr 1.000 | best   1779.8 |  26.7m
[ 9000/10000] steps   576,000 | MJX ret   1643.5 | cell-cov  74.5% | digit 50.331 | nosp 0.068 | eff  5.27/64 | Tbkt 1.000 | Tcr 1.000 | best   1779.8 |  28.2m
[ 9500/10000] steps   608,000 | MJX ret   1811.3 | cell-cov  75.0% | digit 50.586 | nosp 0.063 | eff  5.08/64 | Tbkt 1.000 | Tcr 1.000 | best   1811.3 |  29.7m
[10000/10000] steps   640,000 | MJX ret   1348.0 | cell-cov  75.2% | digit 49.551 | nosp 0.051 | eff  5.76/64 | Tbkt 1.000 | Tcr 1.000 | best   1811.3 |  31.2m
done: best MJX 1811.3 over 640,000 env-steps in 31.2 min
Failed to import warp: No module named 'warp'
Failed to import mujoco_warp: No module named 'warp'
mhl_sac_c43_s2_actor.npz (27,808 params = 3,232 front-end + 24,576 table) [eval] 1 det x 64 bkt = 64 cells / tph32
  CPU-reference 100-ep deterministic: 1554.5 +/- 658.5  full 1/100  vel 2.323 m/s  len 458  [59s]
