patched (scratch, /tmp only): +table_init_std on /tmp/mhl_ref_c43/spiky/lutorch/lif_multi_head_lut.py
staged origin/exp/lif-detectors-mhl:src/spiky/lutorch/lif_multi_head_lut.py (24c0e60a) -> /tmp/mhl_ref_c43  (218 lines)
--- torch reference (spiky venv, CPU, eager) ---
torch 2.9.1+cu130  batch 24
run   cfg {'input_dim': 17, 'n_heads': 1, 'n_outputs': 12, 'tables_per_head': 32, 'n_det': 1, 'n_buckets': 64}  freeze_temperature=True  delay_init_std=4  boundary_offset=0.0 table_init_std=0.0176777
  [run] train(ST) vs eval(hard) forward: max|diff| 2.980e-08 (no-grad 2.980e-08)
          partition sums to 1: max|Sum g - 1| = 1.192e-07   cells used 26/64   boundaries increasing: True
/home/astarostin/projects/spiky/experiments/walker2d_lut/exp_c43_1det_64bkt/torch_ref_dump.py:164: UserWarning: Converting a tensor with requires_grad=True to a scalar may lead to unexpected behavior.
Consider using tensor.detach() first. (Triggered internally at /pytorch/torch/csrc/autograd/generated/python_variable_methods.cpp:836.)
  f"eff w in [{float(m.w.min()):.3f}, {float(m.w.max()):.3f}]   "
          table grad scatter: 372 of 2048 cells touched, 1676 EXACTLY 0.0 (cap 768)   NO-SPIKE mass 0.169   eff w in [0.049, 0.689]   tau mean 2.313
          trainable params with gradient: 6/6
perturbed cfg {'input_dim': 17, 'n_heads': 1, 'n_outputs': 12, 'tables_per_head': 32, 'n_det': 1, 'n_buckets': 64}  freeze_temperature=False
  [perturbed] train(ST) vs eval(hard) forward: max|diff| 4.768e-07 (no-grad 4.768e-07)
          partition sums to 1: max|Sum g - 1| = 1.192e-07   cells used 37/64   boundaries increasing: True
          table grad scatter: 372 of 2048 cells touched, 1676 EXACTLY 0.0 (cap 768)   NO-SPIKE mass 0.038   eff w in [0.005, 1.686]   tau mean 2.037
          trainable params with gradient: 8/8
alt   cfg {'input_dim': 17, 'n_heads': 2, 'n_outputs': 12, 'tables_per_head': 3, 'n_det': 6, 'n_buckets': 2}  freeze_temperature=False
  [alt] train(ST) vs eval(hard) forward: max|diff| 5.960e-08 (no-grad 5.960e-08)
          partition sums to 1: max|Sum g - 1| = 0.000e+00   cells used 40/64   boundaries increasing: n/a (M=2)
          table grad scatter: 58 of 384 cells touched, 326 EXACTLY 0.0 (cap 144)   NO-SPIKE mass 0.021   eff w in [0.008, 1.774]   tau mean 2.035
          trainable params with gradient: 8/8

  shipped config params: 27,808 total, 27,744 trainable
    delay 544, w_raw 544, tau_raw 32, beta_base 32, beta_raw 2,016, log_T_cross 32, log_T_bkt 32, table 24,576
    vs the 28,032 hyperplane baseline: 99.2% (trainable 99.0%)
torch reference written to /tmp/mhl_ref_c43/torch_reference.npz
--- JAX port (mjx venv, CPU) ---
torch reports 27,808 params for the shipped config (27,744 trainable)

--- case: run  (heads=1 tph=32 n_det=1 n_buckets=64 -> 32 tables x 64 cells, FROZEN temps) ---
  PASS  run: radix is trivial at n_det=1             radix [np.int32(1)]
  PASS  run: cell index == the single bucket digit   0 of 768 differ
  PASS  run: all 63 boundaries strictly increasing   min gap 0.50000 over 32x63 = 2016 gaps
  PASS  run: torch table drawn at the reduced std    mu-half std 0.01773 vs requested 0.01768 (stock would be 0.1)
  PASS  run: jax table_init_std scales the draw      std ratio 0.1768 vs requested 0.1768
  PASS  run: summed mu-head output std ~0.1 (fan-in corrected) sum over 32 tables gives std 0.1029 (stock 0.1 would give 0.566)
  PASS  run: radix (MSB-first)                       [np.int32(1)]
  PASS  run: boundaries                              rel 6.055e-08
  PASS  run: t_hard                                  rel 0.000e+00
  PASS  run: t_soft                                  rel 2.049e-07
  PASS  run: soft partition g                        rel 3.576e-07
  PASS  run: bucket digits EXACT                     0 of 768 differ
  PASS  run: mixed-radix cell index EXACT            0 of 768 differ; 26/64 cells used
  PASS  run: y_hard_read (ST value half)             rel 0.000e+00
  PASS  run: y_addr (ST gradient half)               rel 3.632e-08
  PASS  run: forward train (torch m.train())         rel 2.980e-08
  PASS  run: forward eval  (torch m.eval())          rel 2.980e-08
  PASS  run: train == eval (jax side)                max|diff| 2.980e-08
  PASS  run: no 'soft' forward mode exists           mode='soft' rejected — the reference has no soft forward
  PASS  run: partition sums to 1 (per detector)      max|Sum g - 1| 1.192e-07
  PASS  run: boundaries strictly increasing          min gap 0.5000
  PASS  run: grad beta_base                          rel 1.863e-07
  PASS  run: grad beta_raw                           rel 8.009e-08
  PASS  run: grad delay                              rel 3.539e-08
  PASS  run: grad log_T_bkt FROZEN -> 0              unmasked |grad|max 1.726e-01 (nonzero => freeze is real, not a dead path)
  PASS  run: grad log_T_bkt                          rel 0.000e+00
  PASS  run: grad log_T_cross FROZEN -> 0            unmasked |grad|max 1.039e-01 (nonzero => freeze is real, not a dead path)
  PASS  run: grad log_T_cross                        rel 0.000e+00
  PASS  run: grad table                              rel 0.000e+00
  PASS  run: grad tau_raw                            rel 2.130e-08
  PASS  run: grad w_raw                              rel 2.049e-08
  PASS  run: table grad is a hard scatter            372 of 2048 cells touched (cap 768), 1676 EXACTLY 0.0
  PASS  run: table touched-count matches torch       jax 372 vs torch 372
  PASS  run: no dead trainable parameter             all 6 receive gradient
  PASS  run: frozen temps pinned at T=1.0            log_T_cross = log_T_bkt = 0.0 exactly
  PASS  run: torch reports requires_grad=False       both temperatures non-trainable in the reference

--- case: perturbed  (heads=1 tph=32 n_det=1 n_buckets=64 -> 32 tables x 64 cells, trainable temps) ---
  PASS  perturbed: radix (MSB-first)                 [np.int32(1)]
  PASS  perturbed: boundaries                        rel 9.979e-08
  PASS  perturbed: t_hard                            rel 0.000e+00
  PASS  perturbed: t_soft                            rel 2.420e-07
  PASS  perturbed: soft partition g                  rel 1.073e-06
  PASS  perturbed: bucket digits EXACT               0 of 768 differ
  PASS  perturbed: mixed-radix cell index EXACT      0 of 768 differ; 37/64 cells used
  PASS  perturbed: y_hard_read (ST value half)       rel 0.000e+00
  PASS  perturbed: y_addr (ST gradient half)         rel 7.797e-07
  PASS  perturbed: forward train (torch m.train())   rel 1.210e-07
  PASS  perturbed: forward eval  (torch m.eval())    rel 1.210e-07
  PASS  perturbed: train == eval (jax side)          max|diff| 4.768e-07
  PASS  perturbed: no 'soft' forward mode exists     mode='soft' rejected — the reference has no soft forward
  PASS  perturbed: partition sums to 1 (per detector) max|Sum g - 1| 1.192e-07
  PASS  perturbed: boundaries strictly increasing    min gap 0.2323
  PASS  perturbed: grad beta_base                    rel 2.036e-06
  PASS  perturbed: grad beta_raw                     rel 1.645e-06
  PASS  perturbed: grad delay                        rel 1.319e-06
  PASS  perturbed: grad log_T_bkt                    rel 4.397e-06
  PASS  perturbed: grad log_T_cross                  rel 2.130e-06
  PASS  perturbed: grad table                        rel 0.000e+00
  PASS  perturbed: grad tau_raw                      rel 5.399e-07
  PASS  perturbed: grad w_raw                        rel 1.878e-06
  PASS  perturbed: table grad is a hard scatter      372 of 2048 cells touched (cap 768), 1676 EXACTLY 0.0
  PASS  perturbed: table touched-count matches torch jax 372 vs torch 372
  PASS  perturbed: no dead trainable parameter       all 8 receive gradient

--- case: alt  (heads=2 tph=3 n_det=6 n_buckets=2 -> 6 tables x 64 cells, trainable temps) ---
  PASS  alt: radix (MSB-first)                       [np.int32(32), np.int32(16), np.int32(8), np.int32(4), np.int32(2), np.int32(1)]
  PASS  alt: boundaries                              rel 0.000e+00
  PASS  alt: t_hard                                  rel 0.000e+00
  PASS  alt: t_soft                                  rel 2.430e-07
  PASS  alt: soft partition g                        rel 5.960e-07
  PASS  alt: bucket digits EXACT                     0 of 864 differ
  PASS  alt: mixed-radix cell index EXACT            0 of 144 differ; 40/64 cells used
  PASS  alt: y_hard_read (ST value half)             rel 0.000e+00
  PASS  alt: y_addr (ST gradient half)               rel 2.272e-07
  PASS  alt: forward train (torch m.train())         rel 4.983e-08
  PASS  alt: forward eval  (torch m.eval())          rel 0.000e+00
  PASS  alt: train == eval (jax side)                max|diff| 5.960e-08
  PASS  alt: no 'soft' forward mode exists           mode='soft' rejected — the reference has no soft forward
  PASS  alt: partition sums to 1 (per detector)      max|Sum g - 1| 0.000e+00
  ----  alt: boundaries strictly increasing         n/a — one boundary per detector at M=2
  PASS  alt: grad beta_base                          rel 8.121e-07
  PASS  alt: grad beta_raw                           rel 8.196e-07
  PASS  alt: grad delay                              rel 1.565e-07
  PASS  alt: grad log_T_bkt                          rel 1.126e-06
  PASS  alt: grad log_T_cross                        rel 2.682e-07
  PASS  alt: grad table                              rel 0.000e+00
  PASS  alt: grad tau_raw                            rel 1.245e-07
  PASS  alt: grad w_raw                              rel 1.490e-07
  PASS  alt: table grad is a hard scatter            58 of 384 cells touched (cap 144), 326 EXACTLY 0.0
  PASS  alt: table touched-count matches torch       jax 58 vs torch 58
  PASS  alt: no dead trainable parameter             all 8 receive gradient

PARITY OK — 87 checks over 3 cases, all within 2e-05 relative
