Loading tokenizer from /home/starost/.cache/nanochat/tokenizer
Vocab size: 32768, BOS id: 32759
Total params (all fp32): 166,492,422
Q/K Joint PerHeadMLP: H=6 d_in=96 d_out=2*d_qk=64 mult=8
V PerHeadMLP:         H=6 d_in=96 d_out=d_v=24 mult=8
out_proj PerHeadMLP:  H=1 d_in=H*d_v=144 d_out=E=96 mult=8
Tokens/micro-batch: 4,096 | grad_accum: 1 | effective batch: 4,096 tokens
/home/starost/spiky/.venv/lib/python3.12/site-packages/torch/_inductor/compile_fx.py:236: UserWarning: TensorFloat32 tensor cores for float32 matrix multiplication available but not enabled. Consider setting `torch.set_float32_matmul_precision('high')` for better performance.
  warnings.warn(
step      1 | loss=10.4107 | lr=3.75e-07
step    100 | loss=9.4786 | lr=3.75e-05
step    200 | loss=8.3475 | lr=7.50e-05
[VAL] step 200: bpb=2.3641
step    300 | loss=7.8637 | lr=1.12e-04
step    400 | loss=7.5578 | lr=1.50e-04
[VAL] step 400: bpb=2.2390
step    500 | loss=7.2839 | lr=1.87e-04
step    600 | loss=7.0923 | lr=2.25e-04
[VAL] step 600: bpb=2.1115
step    700 | loss=6.9397 | lr=2.62e-04
step    800 | loss=6.8077 | lr=3.00e-04
[VAL] step 800: bpb=2.0504
step    900 | loss=6.7079 | lr=3.00e-04
step   1000 | loss=6.6333 | lr=2.99e-04
[VAL] step 1000: bpb=2.0040
step   1100 | loss=6.5714 | lr=2.99e-04
step   1200 | loss=6.5173 | lr=2.98e-04
[VAL] step 1200: bpb=1.9733
step   1300 | loss=6.4542 | lr=2.97e-04
step   1400 | loss=6.4268 | lr=2.95e-04
[VAL] step 1400: bpb=1.9520
step   1500 | loss=6.3938 | lr=2.94e-04
step   1600 | loss=6.3350 | lr=2.92e-04
[VAL] step 1600: bpb=1.9348
step   1700 | loss=6.3121 | lr=2.90e-04
step   1800 | loss=6.2881 | lr=2.87e-04
[VAL] step 1800: bpb=1.9147
step   1900 | loss=6.2636 | lr=2.85e-04
step   2000 | loss=6.2315 | lr=2.82e-04
[VAL] step 2000: bpb=1.9011
step   2100 | loss=6.1916 | lr=2.79e-04
step   2200 | loss=6.1701 | lr=2.76e-04
[VAL] step 2200: bpb=1.8922
step   2300 | loss=6.1472 | lr=2.72e-04
step   2400 | loss=6.1348 | lr=2.68e-04
[VAL] step 2400: bpb=1.8718
step   2500 | loss=6.1134 | lr=2.65e-04
step   2600 | loss=6.0957 | lr=2.60e-04
[VAL] step 2600: bpb=1.8593
step   2700 | loss=6.0607 | lr=2.56e-04
step   2800 | loss=6.0482 | lr=2.52e-04
[VAL] step 2800: bpb=1.8510
step   2900 | loss=6.0187 | lr=2.47e-04
step   3000 | loss=6.0038 | lr=2.42e-04
[VAL] step 3000: bpb=1.8378
step   3100 | loss=5.9825 | lr=2.38e-04
step   3200 | loss=5.9661 | lr=2.32e-04
[VAL] step 3200: bpb=1.8194
step   3300 | loss=5.9513 | lr=2.27e-04
step   3400 | loss=5.9121 | lr=2.22e-04
[VAL] step 3400: bpb=1.8135
step   3500 | loss=5.8997 | lr=2.17e-04
step   3600 | loss=5.9026 | lr=2.11e-04
[VAL] step 3600: bpb=1.8086
step   3700 | loss=5.8751 | lr=2.06e-04
step   3800 | loss=5.8617 | lr=2.00e-04
[VAL] step 3800: bpb=1.7970
step   3900 | loss=5.8347 | lr=1.94e-04
step   4000 | loss=5.8184 | lr=1.88e-04
[VAL] step 4000: bpb=1.7871
step   4100 | loss=5.8404 | lr=1.83e-04
step   4200 | loss=5.8122 | lr=1.77e-04
[VAL] step 4200: bpb=1.7825
step   4300 | loss=5.8104 | lr=1.71e-04
step   4400 | loss=5.7953 | lr=1.65e-04
[VAL] step 4400: bpb=1.7738
step   4500 | loss=5.7826 | lr=1.59e-04
step   4600 | loss=5.7692 | lr=1.53e-04
[VAL] step 4600: bpb=1.7690
step   4700 | loss=5.7719 | lr=1.47e-04
step   4800 | loss=5.7654 | lr=1.42e-04
[VAL] step 4800: bpb=1.7637
step   4900 | loss=5.7407 | lr=1.36e-04
step   5000 | loss=5.7338 | lr=1.30e-04
[VAL] step 5000: bpb=1.7570
step   5100 | loss=5.7220 | lr=1.24e-04
step   5200 | loss=5.7070 | lr=1.19e-04
[VAL] step 5200: bpb=1.7533
step   5300 | loss=5.6916 | lr=1.13e-04
step   5400 | loss=5.6768 | lr=1.08e-04
[VAL] step 5400: bpb=1.7482
step   5500 | loss=5.6800 | lr=1.03e-04
step   5600 | loss=5.6929 | lr=9.75e-05
[VAL] step 5600: bpb=1.7444
step   5700 | loss=5.6779 | lr=9.25e-05
step   5800 | loss=5.6704 | lr=8.76e-05
[VAL] step 5800: bpb=1.7417
step   5900 | loss=5.6741 | lr=8.28e-05
step   6000 | loss=5.6611 | lr=7.82e-05
[VAL] step 6000: bpb=1.7388
step   6100 | loss=5.6498 | lr=7.38e-05
step   6200 | loss=5.6447 | lr=6.95e-05
[VAL] step 6200: bpb=1.7353
step   6300 | loss=5.6493 | lr=6.55e-05
step   6400 | loss=5.6342 | lr=6.16e-05
[VAL] step 6400: bpb=1.7322
step   6500 | loss=5.6257 | lr=5.79e-05
step   6600 | loss=5.6322 | lr=5.44e-05
[VAL] step 6600: bpb=1.7293
step   6700 | loss=5.6290 | lr=5.11e-05
step   6800 | loss=5.6207 | lr=4.81e-05
[VAL] step 6800: bpb=1.7284
step   6900 | loss=5.6212 | lr=4.53e-05
step   7000 | loss=5.6200 | lr=4.26e-05
[VAL] step 7000: bpb=1.7263
step   7100 | loss=5.6128 | lr=4.03e-05
step   7200 | loss=5.6160 | lr=3.81e-05
[VAL] step 7200: bpb=1.7244
step   7300 | loss=5.6040 | lr=3.62e-05
step   7400 | loss=5.6156 | lr=3.46e-05
[VAL] step 7400: bpb=1.7238
step   7500 | loss=5.6052 | lr=3.32e-05
step   7600 | loss=5.5975 | lr=3.21e-05
[VAL] step 7600: bpb=1.7219
step   7700 | loss=5.5895 | lr=3.12e-05
step   7800 | loss=5.6012 | lr=3.05e-05
[VAL] step 7800: bpb=1.7205
step   7900 | loss=5.6002 | lr=3.01e-05
step   8000 | loss=5.5931 | lr=3.00e-05
[VAL] step 8000: bpb=1.7199

=== DONE ===
{
  "exp_name": "exp187_e96_mlp_replace_lut",
  "best_val_bpb": 1.719886949037767,
  "final_val_bpb": 1.719886949037767,
  "n_params": 166492422,
  "training_time_hours": 0.865
}
