Loading tokenizer from /home/starost/.cache/nanochat/tokenizer
Vocab size: 32768, BOS id: 32759
Total params (all fp32): 257,099,270
Q/K Joint MHLut: in_nap=8 tph=96 d_qk=32 (n_outputs=2*d_qk=64)
V MHLut:         in_nap=8 tph=96 d_v=24 (n_outputs=d_v)
out_proj MHLut:  in_nap=6 tph=3056 (n_outputs=E=64) + LayerNorm
Tokens/micro-batch: 4,096 | grad_accum: 1 | effective batch: 4,096 tokens
step      1 | loss=10.4149 | lr=3.75e-07
step    100 | loss=9.6051 | lr=3.75e-05
step    200 | loss=8.3775 | lr=7.50e-05
[VAL] step 200: bpb=2.3522
step    300 | loss=7.8216 | lr=1.12e-04
step    400 | loss=7.3334 | lr=1.50e-04
[VAL] step 400: bpb=2.1135
step    500 | loss=6.9748 | lr=1.87e-04
step    600 | loss=6.7905 | lr=2.25e-04
[VAL] step 600: bpb=2.0264
step    700 | loss=6.6690 | lr=2.62e-04
step    800 | loss=6.5755 | lr=3.00e-04
[VAL] step 800: bpb=1.9886
step    900 | loss=6.5045 | lr=3.00e-04
step   1000 | loss=6.4515 | lr=2.99e-04
[VAL] step 1000: bpb=1.9566
step   1100 | loss=6.4071 | lr=2.99e-04
step   1200 | loss=6.3653 | lr=2.98e-04
[VAL] step 1200: bpb=1.9273
step   1300 | loss=6.3092 | lr=2.97e-04
step   1400 | loss=6.2840 | lr=2.95e-04
[VAL] step 1400: bpb=1.9088
step   1500 | loss=6.2514 | lr=2.94e-04
step   1600 | loss=6.1893 | lr=2.92e-04
[VAL] step 1600: bpb=1.8850
step   1700 | loss=6.1629 | lr=2.90e-04
step   1800 | loss=6.1261 | lr=2.87e-04
[VAL] step 1800: bpb=1.8620
step   1900 | loss=6.0934 | lr=2.85e-04
step   2000 | loss=6.0540 | lr=2.82e-04
[VAL] step 2000: bpb=1.8431
step   2100 | loss=6.0069 | lr=2.79e-04
step   2200 | loss=5.9789 | lr=2.76e-04
[VAL] step 2200: bpb=1.8307
step   2300 | loss=5.9567 | lr=2.72e-04
step   2400 | loss=5.9442 | lr=2.68e-04
[VAL] step 2400: bpb=1.8125
step   2500 | loss=5.9220 | lr=2.65e-04
step   2600 | loss=5.9054 | lr=2.60e-04
[VAL] step 2600: bpb=1.7973
step   2700 | loss=5.8710 | lr=2.56e-04
step   2800 | loss=5.8591 | lr=2.52e-04
[VAL] step 2800: bpb=1.7897
step   2900 | loss=5.8294 | lr=2.47e-04
step   3000 | loss=5.8156 | lr=2.42e-04
[VAL] step 3000: bpb=1.7794
step   3100 | loss=5.7992 | lr=2.38e-04
step   3200 | loss=5.7864 | lr=2.32e-04
[VAL] step 3200: bpb=1.7651
step   3300 | loss=5.7758 | lr=2.27e-04
step   3400 | loss=5.7380 | lr=2.22e-04
[VAL] step 3400: bpb=1.7603
step   3500 | loss=5.7284 | lr=2.17e-04
step   3600 | loss=5.7365 | lr=2.11e-04
[VAL] step 3600: bpb=1.7545
step   3700 | loss=5.7109 | lr=2.06e-04
step   3800 | loss=5.6998 | lr=2.00e-04
[VAL] step 3800: bpb=1.7480
step   3900 | loss=5.6748 | lr=1.94e-04
step   4000 | loss=5.6576 | lr=1.88e-04
[VAL] step 4000: bpb=1.7384
step   4100 | loss=5.6837 | lr=1.83e-04
step   4200 | loss=5.6568 | lr=1.77e-04
[VAL] step 4200: bpb=1.7356
step   4300 | loss=5.6608 | lr=1.71e-04
step   4400 | loss=5.6486 | lr=1.65e-04
[VAL] step 4400: bpb=1.7286
