Failed to import warp: No module named 'warp'
Failed to import mujoco_warp: No module named 'warp'
LUT-SAC actor nap=6 tph=64 heads=1 seed=2 addressing=anchors/canonical_full_coverage | 12 outputs/cell (6 mu + 6 log-sigma) | table 49,152 + addressing 13,056 = 62,208 params | rows 64x64 = 4,096
  constants: grid | NC = 16 | LUT input 17 -> 33 (actor addressing ONLY; critic and replay stay 17-dim)
  values: -2.527 -2.273 -2.020 -1.766 -1.513 -1.259 -1.006 -0.752 -0.498 -0.245 +0.009 +0.262 +0.516 +0.769 +1.023 +1.277
  addressing wiring: 384 bits = 98 obs-obs (25.5%) + 286 obs-const (74.5%) + 0 const-const (0.0%); 91 const-const bits repaired
  bits wired to each constant: c0:22 c1:23 c2:23 c3:20 c4:22 c5:20 c6:23 c7:20 c8:15 c9:16 c10:17 c11:14 c12:12 c13:15 c14:11 c15:13
  bits wired to each observation channel: z_heig:29 torso_:29 r_hip:29 r_knee:29 r_ankl:28 l_hip:28 l_knee:29 l_ankl:28 vx:28 vz:28 torso_:28 r_hip_:28 r_knee:28 r_ankl:29 l_hip_:28 l_knee:28 l_ankl:28
[  500/10000] steps    32,000 | MJX ret     -0.1 | row-cov   0.0% | best     -0.1 |   2.3m
[ 1000/10000] steps    64,000 | MJX ret    193.1 | row-cov  65.5% | best    193.1 |   5.0m
[ 1500/10000] steps    96,000 | MJX ret    339.9 | row-cov  69.3% | best    339.9 |   7.3m
[ 2000/10000] steps   128,000 | MJX ret    326.1 | row-cov  70.0% | best    339.9 |   9.5m
[ 2500/10000] steps   160,000 | MJX ret    420.6 | row-cov  70.3% | best    420.6 |  11.7m
[ 3000/10000] steps   192,000 | MJX ret    467.4 | row-cov  70.6% | best    467.4 |  13.9m
[ 3500/10000] steps   224,000 | MJX ret    385.2 | row-cov  71.1% | best    467.4 |  16.1m
[ 4000/10000] steps   256,000 | MJX ret    494.0 | row-cov  71.9% | best    494.0 |  18.3m
[ 4500/10000] steps   288,000 | MJX ret    864.2 | row-cov  72.5% | best    864.2 |  20.6m
[ 5000/10000] steps   320,000 | MJX ret   1396.7 | row-cov  73.0% | best   1396.7 |  22.8m
[ 5500/10000] steps   352,000 | MJX ret   1131.3 | row-cov  73.3% | best   1396.7 |  25.0m
[ 6000/10000] steps   384,000 | MJX ret   1239.5 | row-cov  73.4% | best   1396.7 |  27.2m
[ 6500/10000] steps   416,000 | MJX ret   1678.7 | row-cov  73.5% | best   1678.7 |  29.4m
[ 7000/10000] steps   448,000 | MJX ret   2460.7 | row-cov  73.6% | best   2460.7 |  31.6m
[ 7500/10000] steps   480,000 | MJX ret   3010.2 | row-cov  73.6% | best   3010.2 |  33.8m
[ 8000/10000] steps   512,000 | MJX ret   3868.3 | row-cov  73.7% | best   3868.3 |  36.0m
[ 8500/10000] steps   544,000 | MJX ret   3718.7 | row-cov  73.7% | best   3868.3 |  38.2m
[ 9000/10000] steps   576,000 | MJX ret   4349.8 | row-cov  73.7% | best   4349.8 |  40.5m
[ 9500/10000] steps   608,000 | MJX ret   4567.6 | row-cov  73.7% | best   4567.6 |  42.7m
[10000/10000] steps   640,000 | MJX ret   4783.5 | row-cov  73.8% | best   4783.5 |  44.6m
done: best MJX 4783.5 over 640,000 env-steps in 44.6 min
