Failed to import warp: No module named 'warp'
Failed to import mujoco_warp: No module named 'warp'
LUT-SAC actor nap=6 tph=64 heads=1 seed=0 addressing=anchors/canonical_full_coverage | 12 outputs/cell (6 mu + 6 log-sigma) | table 49,152 + addressing 13,056 = 62,208 params | rows 64x64 = 4,096
  constants: grid | NC = 16 | LUT input 17 -> 33 (actor addressing ONLY; critic and replay stay 17-dim)
  values: -2.527 -2.273 -2.020 -1.766 -1.513 -1.259 -1.006 -0.752 -0.498 -0.245 +0.009 +0.262 +0.516 +0.769 +1.023 +1.277
  addressing wiring: 384 bits = 94 obs-obs (24.5%) + 290 obs-const (75.5%) + 0 const-const (0.0%); 90 const-const bits repaired
  bits wired to each constant: c0:23 c1:21 c2:22 c3:22 c4:23 c5:19 c6:19 c7:21 c8:17 c9:18 c10:17 c11:14 c12:13 c13:15 c14:16 c15:10
  bits wired to each observation channel: z_heig:28 torso_:28 r_hip:28 r_knee:28 r_ankl:28 l_hip:28 l_knee:28 l_ankl:28 vx:28 vz:28 torso_:28 r_hip_:28 r_knee:28 r_ankl:28 l_hip_:29 l_knee:29 l_ankl:28
[  500/10000] steps    32,000 | MJX ret      5.8 | row-cov   0.0% | best      5.8 |   2.1m
[ 1000/10000] steps    64,000 | MJX ret    199.8 | row-cov  66.3% | best    199.8 |   4.8m
[ 1500/10000] steps    96,000 | MJX ret    179.9 | row-cov  70.5% | best    199.8 |   7.0m
[ 2000/10000] steps   128,000 | MJX ret    241.8 | row-cov  71.4% | best    241.8 |   9.2m
[ 2500/10000] steps   160,000 | MJX ret    420.1 | row-cov  72.4% | best    420.1 |  11.5m
[ 3000/10000] steps   192,000 | MJX ret    533.7 | row-cov  72.6% | best    533.7 |  13.7m
[ 3500/10000] steps   224,000 | MJX ret   1125.5 | row-cov  73.0% | best   1125.5 |  15.9m
[ 4000/10000] steps   256,000 | MJX ret   3033.5 | row-cov  73.2% | best   3033.5 |  18.1m
[ 4500/10000] steps   288,000 | MJX ret   3283.5 | row-cov  73.3% | best   3283.5 |  20.3m
[ 5000/10000] steps   320,000 | MJX ret   3444.0 | row-cov  73.3% | best   3444.0 |  22.4m
[ 5500/10000] steps   352,000 | MJX ret   3279.9 | row-cov  73.3% | best   3444.0 |  24.6m
[ 6000/10000] steps   384,000 | MJX ret   3640.3 | row-cov  73.3% | best   3640.3 |  26.8m
[ 6500/10000] steps   416,000 | MJX ret   3582.4 | row-cov  73.3% | best   3640.3 |  28.9m
[ 7000/10000] steps   448,000 | MJX ret   3495.0 | row-cov  73.3% | best   3640.3 |  31.1m
[ 7500/10000] steps   480,000 | MJX ret   3712.6 | row-cov  73.3% | best   3712.6 |  33.2m
[ 8000/10000] steps   512,000 | MJX ret   3709.0 | row-cov  73.4% | best   3712.6 |  35.4m
[ 8500/10000] steps   544,000 | MJX ret   2778.7 | row-cov  73.4% | best   3712.6 |  37.5m
[ 9000/10000] steps   576,000 | MJX ret   3662.6 | row-cov  73.5% | best   3712.6 |  39.7m
[ 9500/10000] steps   608,000 | MJX ret   3871.9 | row-cov  73.5% | best   3871.9 |  41.8m
[10000/10000] steps   640,000 | MJX ret   4052.4 | row-cov  73.5% | best   4052.4 |  43.9m
done: best MJX 4052.4 over 640,000 env-steps in 43.9 min
