Failed to import warp: No module named 'warp'
Failed to import mujoco_warp: No module named 'warp'
LUT-SAC actor nap=6 tph=64 heads=1 seed=1 addressing=anchors/balanced | 12 outputs/cell (6 mu + 6 log-sigma) | table 49,152 + addressing 13,056 = 62,208 params | rows 64x64 = 4,096
  constants: grid | NC = 16 | LUT input 17 -> 33 (actor addressing ONLY; critic and replay stay 17-dim)
  values: -2.527 -2.273 -2.020 -1.766 -1.513 -1.259 -1.006 -0.752 -0.498 -0.245 +0.009 +0.262 +0.516 +0.769 +1.023 +1.277
  addressing wiring: 384 bits = 95 obs-obs (24.7%) + 289 obs-const (75.3%) + 0 const-const (0.0%); 80 const-const bits repaired
  bits wired to each constant: c0:21 c1:13 c2:18 c3:20 c4:18 c5:16 c6:18 c7:20 c8:18 c9:19 c10:18 c11:17 c12:18 c13:20 c14:17 c15:18
  bits wired to each observation channel: z_heig:29 torso_:28 r_hip:28 r_knee:28 r_ankl:28 l_hip:28 l_knee:28 l_ankl:28 vx:28 vz:28 torso_:29 r_hip_:28 r_knee:29 r_ankl:28 l_hip_:28 l_knee:28 l_ankl:28
[  500/10000] steps    32,000 | MJX ret      5.9 | row-cov   0.0% | best      5.9 |   2.3m
[ 1000/10000] steps    64,000 | MJX ret    220.7 | row-cov  65.6% | best    220.7 |   5.1m
[ 1500/10000] steps    96,000 | MJX ret    299.4 | row-cov  69.9% | best    299.4 |   7.3m
[ 2000/10000] steps   128,000 | MJX ret    292.6 | row-cov  70.9% | best    299.4 |   9.5m
[ 2500/10000] steps   160,000 | MJX ret    390.8 | row-cov  71.6% | best    390.8 |  11.7m
[ 3000/10000] steps   192,000 | MJX ret    415.8 | row-cov  71.9% | best    415.8 |  13.9m
[ 3500/10000] steps   224,000 | MJX ret    404.0 | row-cov  72.1% | best    415.8 |  16.1m
[ 4000/10000] steps   256,000 | MJX ret    579.3 | row-cov  72.4% | best    579.3 |  18.3m
[ 4500/10000] steps   288,000 | MJX ret    631.5 | row-cov  72.7% | best    631.5 |  20.5m
[ 5000/10000] steps   320,000 | MJX ret    818.0 | row-cov  73.8% | best    818.0 |  22.6m
[ 5500/10000] steps   352,000 | MJX ret   1280.7 | row-cov  74.2% | best   1280.7 |  24.9m
[ 6000/10000] steps   384,000 | MJX ret    971.6 | row-cov  74.2% | best   1280.7 |  27.0m
[ 6500/10000] steps   416,000 | MJX ret   1136.1 | row-cov  74.4% | best   1280.7 |  29.2m
[ 7000/10000] steps   448,000 | MJX ret   1579.9 | row-cov  74.5% | best   1579.9 |  31.5m
[ 7500/10000] steps   480,000 | MJX ret   1547.3 | row-cov  74.6% | best   1579.9 |  33.7m
[ 8000/10000] steps   512,000 | MJX ret   3411.8 | row-cov  74.7% | best   3411.8 |  35.9m
[ 8500/10000] steps   544,000 | MJX ret   3999.8 | row-cov  74.7% | best   3999.8 |  38.0m
[ 9000/10000] steps   576,000 | MJX ret   3917.5 | row-cov  74.7% | best   3999.8 |  40.2m
[ 9500/10000] steps   608,000 | MJX ret   4425.8 | row-cov  74.7% | best   4425.8 |  42.4m
[10000/10000] steps   640,000 | MJX ret   4495.5 | row-cov  74.8% | best   4495.5 |  44.4m
done: best MJX 4495.5 over 640,000 env-steps in 44.4 min
