steady state: pool K=32, cull M=8/round, alpha=0.3, grace=2 rounds, 97,075 synapses/genome, dev cuda
  round   0  batch best +0.0956 mean -0.0003  EWMA best +0.0956 mean -0.0003  syn 97,094/net  2s
  round   5  batch best +0.1446 mean +0.0099  EWMA best +0.0945 mean +0.0441  syn 97,412/net  19s
  round  10  batch best +0.1649 mean +0.0876  EWMA best +0.1256 mean +0.0891  syn 96,983/net  39s
  round  15  batch best +0.1580 mean +0.0970  EWMA best +0.1347 mean +0.1063  syn 96,842/net  59s
  round  20  batch best +0.2333 mean +0.1422  EWMA best +0.1566 mean +0.1238  syn 96,697/net  80s
  round  25  batch best +0.2263 mean +0.1464  EWMA best +0.1634 mean +0.1402  syn 96,819/net  100s
  round  30  batch best +0.2469 mean +0.1185  EWMA best +0.1874 mean +0.1510  syn 96,418/net  121s
  round  35  batch best +0.2642 mean +0.1915  EWMA best +0.2503 mean +0.2213  syn 96,075/net  141s
  round  40  batch best +0.3011 mean +0.2098  EWMA best +0.2785 mean +0.2356  syn 95,861/net  162s
  round  45  batch best +0.3022 mean +0.2768  EWMA best +0.2828 mean +0.2712  syn 95,445/net  182s
  round  50  batch best +0.2604 mean +0.2116  EWMA best +0.2751 mean +0.2656  syn 95,341/net  201s
  round  55  batch best +0.3333 mean +0.2964  EWMA best +0.2966 mean +0.2832  syn 95,154/net  221s
  round  60  batch best +0.2886 mean +0.2680  EWMA best +0.3060 mean +0.2934  syn 94,903/net  240s
  round  65  batch best +0.3246 mean +0.2959  EWMA best +0.3265 mean +0.3143  syn 95,021/net  260s
  round  70  batch best +0.3681 mean +0.3354  EWMA best +0.3334 mean +0.3223  syn 94,881/net  279s
  round  75  batch best +0.2796 mean +0.2347  EWMA best +0.2952 mean +0.2838  syn 94,576/net  299s
  round  80  batch best +0.3142 mean +0.2720  EWMA best +0.3088 mean +0.2942  syn 94,431/net  318s
  round  85  batch best +0.2839 mean +0.2390  EWMA best +0.2697 mean +0.2584  syn 94,557/net  338s
  round  90  batch best +0.4172 mean +0.3861  EWMA best +0.3387 mean +0.3256  syn 94,155/net  358s
  round  95  batch best +0.2657 mean +0.2528  EWMA best +0.3138 mean +0.3064  syn 93,976/net  378s
  round 100  batch best +0.2372 mean +0.2111  EWMA best +0.2818 mean +0.2753  syn 93,948/net  398s
  round 105  batch best +0.2697 mean +0.2445  EWMA best +0.2923 mean +0.2862  syn 93,824/net  417s
  round 110  batch best +0.3358 mean +0.3185  EWMA best +0.3180 mean +0.3141  syn 93,334/net  436s
  round 115  batch best +0.3338 mean +0.3035  EWMA best +0.3432 mean +0.3350  syn 93,040/net  456s
  round 120  batch best +0.3071 mean +0.2944  EWMA best +0.3220 mean +0.3177  syn 93,228/net  475s
  round 125  batch best +0.3261 mean +0.3032  EWMA best +0.3180 mean +0.3085  syn 93,182/net  495s
  round 130  batch best +0.2969 mean +0.2795  EWMA best +0.2933 mean +0.2885  syn 92,885/net  514s
  round 135  batch best +0.2488 mean +0.2323  EWMA best +0.2937 mean +0.2862  syn 92,401/net  534s
