Loading tokenizer from /home/starost/.cache/nanochat/tokenizer
Vocab size: 32768, BOS id: 32759
bit LUTs: 24
Adam-managed parameters: 14,912,518
Q/K BitPermLUT: in_nap=5 out_nap=24 tph=512 d_qk=32 P_qk=496
V BitPermLUT:   in_nap=5 out_nap=16 tph=512 d_v=16 P_v=120
Out BitPermLUT: in_nap=8 out_nap=32 tph=[4096, 4096, 2048, 2048, 2048, 2048]
Tokens/micro-batch: 4,096 | grad_accum: 1 | effective batch: 4,096 tokens
step      1 | loss=10.5699 | lr=1.87e-07
step    100 | loss=10.0082 | lr=1.87e-05
step    200 | loss=9.3540 | lr=3.75e-05
[VAL] step 200: bpb=2.6502
step    300 | loss=8.5711 | lr=5.62e-05
step    400 | loss=7.9876 | lr=7.50e-05
[VAL] step 400: bpb=2.3305
step    500 | loss=7.6845 | lr=9.37e-05
step    600 | loss=7.5421 | lr=1.12e-04
[VAL] step 600: bpb=2.2767
step    700 | loss=7.4356 | lr=1.31e-04
step    800 | loss=7.3348 | lr=1.50e-04
[VAL] step 800: bpb=2.2250
step    900 | loss=7.2456 | lr=1.69e-04
step   1000 | loss=7.1759 | lr=1.87e-04
[VAL] step 1000: bpb=2.1779
step   1100 | loss=7.1121 | lr=2.06e-04
step   1200 | loss=7.0323 | lr=2.25e-04
[VAL] step 1200: bpb=2.1204
step   1300 | loss=6.9287 | lr=2.44e-04
step   1400 | loss=6.8553 | lr=2.62e-04
[VAL] step 1400: bpb=2.0715
step   1500 | loss=6.7866 | lr=2.81e-04
step   1600 | loss=6.6918 | lr=3.00e-04
[VAL] step 1600: bpb=2.0351
step   1700 | loss=6.6455 | lr=3.00e-04
step   1800 | loss=6.6001 | lr=3.00e-04
[VAL] step 1800: bpb=2.0087
step   1900 | loss=6.5661 | lr=3.00e-04
step   2000 | loss=6.5300 | lr=2.99e-04
[VAL] step 2000: bpb=1.9912
step   2100 | loss=6.4903 | lr=2.99e-04
step   2200 | loss=6.4646 | lr=2.99e-04
[VAL] step 2200: bpb=1.9737
step   2300 | loss=6.4364 | lr=2.98e-04
step   2400 | loss=6.4229 | lr=2.98e-04
[VAL] step 2400: bpb=1.9621
step   2500 | loss=6.4046 | lr=2.97e-04
step   2600 | loss=6.3940 | lr=2.97e-04
[VAL] step 2600: bpb=1.9496
step   2700 | loss=6.3614 | lr=2.96e-04
step   2800 | loss=6.3535 | lr=2.95e-04
[VAL] step 2800: bpb=1.9401
step   2900 | loss=6.3289 | lr=2.95e-04
step   3000 | loss=6.3176 | lr=2.94e-04
[VAL] step 3000: bpb=1.9300
step   3100 | loss=6.3041 | lr=2.93e-04
step   3200 | loss=6.2946 | lr=2.92e-04
[VAL] step 3200: bpb=1.9217
step   3300 | loss=6.2853 | lr=2.91e-04
step   3400 | loss=6.2491 | lr=2.90e-04
[VAL] step 3400: bpb=1.9148
step   3500 | loss=6.2421 | lr=2.89e-04
step   3600 | loss=6.2478 | lr=2.87e-04
[VAL] step 3600: bpb=1.9115
step   3700 | loss=6.2295 | lr=2.86e-04
step   3800 | loss=6.2201 | lr=2.85e-04
[VAL] step 3800: bpb=1.9044
step   3900 | loss=6.2007 | lr=2.83e-04
step   4000 | loss=6.1859 | lr=2.82e-04
[VAL] step 4000: bpb=1.8951
step   4100 | loss=6.2119 | lr=2.80e-04
step   4200 | loss=6.1808 | lr=2.79e-04
[VAL] step 4200: bpb=1.8921
step   4300 | loss=6.1835 | lr=2.77e-04
step   4400 | loss=6.1690 | lr=2.76e-04
[VAL] step 4400: bpb=1.8859
step   4500 | loss=6.1607 | lr=2.74e-04
step   4600 | loss=6.1488 | lr=2.72e-04
[VAL] step 4600: bpb=1.8822
step   4700 | loss=6.1530 | lr=2.70e-04
step   4800 | loss=6.1486 | lr=2.68e-04
[VAL] step 4800: bpb=1.8763
step   4900 | loss=6.1231 | lr=2.66e-04
step   5000 | loss=6.1207 | lr=2.65e-04
[VAL] step 5000: bpb=1.8686
step   5100 | loss=6.1042 | lr=2.63e-04
step   5200 | loss=6.0862 | lr=2.60e-04
[VAL] step 5200: bpb=1.8637
step   5300 | loss=6.0757 | lr=2.58e-04
step   5400 | loss=6.0601 | lr=2.56e-04
[VAL] step 5400: bpb=1.8584
step   5500 | loss=6.0602 | lr=2.54e-04
step   5600 | loss=6.0731 | lr=2.52e-04
[VAL] step 5600: bpb=1.8530
step   5700 | loss=6.0568 | lr=2.49e-04
step   5800 | loss=6.0487 | lr=2.47e-04
[VAL] step 5800: bpb=1.8499
step   5900 | loss=6.0523 | lr=2.45e-04
step   6000 | loss=6.0351 | lr=2.42e-04
[VAL] step 6000: bpb=1.8442
step   6100 | loss=6.0215 | lr=2.40e-04
step   6200 | loss=6.0161 | lr=2.38e-04
[VAL] step 6200: bpb=1.8413
step   6300 | loss=6.0179 | lr=2.35e-04
step   6400 | loss=5.9983 | lr=2.32e-04
[VAL] step 6400: bpb=1.8361
step   6500 | loss=5.9900 | lr=2.30e-04
step   6600 | loss=5.9939 | lr=2.27e-04
[VAL] step 6600: bpb=1.8295
step   6700 | loss=5.9871 | lr=2.25e-04
step   6800 | loss=5.9735 | lr=2.22e-04
[VAL] step 6800: bpb=1.8287
step   6900 | loss=5.9700 | lr=2.19e-04
step   7000 | loss=5.9640 | lr=2.17e-04
[VAL] step 7000: bpb=1.8245
step   7100 | loss=5.9562 | lr=2.14e-04
step   7200 | loss=5.9530 | lr=2.11e-04
[VAL] step 7200: bpb=1.8213
step   7300 | loss=5.9387 | lr=2.08e-04
step   7400 | loss=5.9434 | lr=2.06e-04
[VAL] step 7400: bpb=1.8178
step   7500 | loss=5.9288 | lr=2.03e-04
step   7600 | loss=5.9157 | lr=2.00e-04
[VAL] step 7600: bpb=1.8110
step   7700 | loss=5.9046 | lr=1.97e-04
step   7800 | loss=5.9111 | lr=1.94e-04
[VAL] step 7800: bpb=1.8075
step   7900 | loss=5.9039 | lr=1.91e-04
step   8000 | loss=5.8906 | lr=1.88e-04
[VAL] step 8000: bpb=1.8038
step   8100 | loss=5.8898 | lr=1.86e-04
step   8200 | loss=5.8779 | lr=1.83e-04
[VAL] step 8200: bpb=1.7999
step   8300 | loss=5.8789 | lr=1.80e-04
step   8400 | loss=5.8739 | lr=1.77e-04
[VAL] step 8400: bpb=1.7954
step   8500 | loss=5.8573 | lr=1.74e-04
step   8600 | loss=5.8743 | lr=1.71e-04
[VAL] step 8600: bpb=1.7940
step   8700 | loss=5.8641 | lr=1.68e-04
step   8800 | loss=5.8546 | lr=1.65e-04
[VAL] step 8800: bpb=1.7917
step   8900 | loss=5.8361 | lr=1.62e-04
step   9000 | loss=5.8351 | lr=1.59e-04
[VAL] step 9000: bpb=1.7899
step   9100 | loss=5.8286 | lr=1.56e-04
step   9200 | loss=5.8250 | lr=1.53e-04
[VAL] step 9200: bpb=1.7869
step   9300 | loss=5.8316 | lr=1.50e-04
step   9400 | loss=5.8231 | lr=1.47e-04
[VAL] step 9400: bpb=1.7840
step   9500 | loss=5.8404 | lr=1.44e-04
step   9600 | loss=5.8411 | lr=1.42e-04
[VAL] step 9600: bpb=1.7829
step   9700 | loss=5.8294 | lr=1.39e-04
step   9800 | loss=5.8252 | lr=1.36e-04
[VAL] step 9800: bpb=1.7782
step   9900 | loss=5.7960 | lr=1.33e-04
step  10000 | loss=5.7898 | lr=1.30e-04
[VAL] step 10000: bpb=1.7763
step  10100 | loss=5.7929 | lr=1.27e-04
step  10200 | loss=5.7696 | lr=1.24e-04
[VAL] step 10200: bpb=1.7765
step  10300 | loss=5.7844 | lr=1.22e-04
step  10400 | loss=5.7789 | lr=1.19e-04
[VAL] step 10400: bpb=1.7737
step  10500 | loss=5.7763 | lr=1.16e-04
step  10600 | loss=5.7641 | lr=1.13e-04
[VAL] step 10600: bpb=1.7729
step  10700 | loss=5.7669 | lr=1.11e-04
step  10800 | loss=5.7655 | lr=1.08e-04
[VAL] step 10800: bpb=1.7676
step  10900 | loss=5.7614 | lr=1.05e-04
step  11000 | loss=5.7491 | lr=1.03e-04
[VAL] step 11000: bpb=1.7673
step  11100 | loss=5.7667 | lr=1.00e-04
step  11200 | loss=5.7432 | lr=9.75e-05
[VAL] step 11200: bpb=1.7654
step  11300 | loss=5.7334 | lr=9.50e-05
step  11400 | loss=5.7450 | lr=9.25e-05
[VAL] step 11400: bpb=1.7647
step  11500 | loss=5.7490 | lr=9.00e-05
step  11600 | loss=5.7496 | lr=8.76e-05
[VAL] step 11600: bpb=1.7611
step  11700 | loss=5.7438 | lr=8.52e-05
step  11800 | loss=5.7432 | lr=8.28e-05
[VAL] step 11800: bpb=1.7590
step  11900 | loss=5.7212 | lr=8.05e-05
step  12000 | loss=5.7230 | lr=7.82e-05
[VAL] step 12000: bpb=1.7581
step  12100 | loss=5.7214 | lr=7.60e-05
step  12200 | loss=5.7066 | lr=7.38e-05
[VAL] step 12200: bpb=1.7550
step  12300 | loss=5.7100 | lr=7.16e-05
step  12400 | loss=5.7115 | lr=6.95e-05
[VAL] step 12400: bpb=1.7551
step  12500 | loss=5.7102 | lr=6.75e-05
step  12600 | loss=5.7022 | lr=6.55e-05
[VAL] step 12600: bpb=1.7536
step  12700 | loss=5.7188 | lr=6.35e-05
step  12800 | loss=5.7165 | lr=6.16e-05
[VAL] step 12800: bpb=1.7534
step  12900 | loss=5.7237 | lr=5.97e-05
step  13000 | loss=5.7264 | lr=5.79e-05
[VAL] step 13000: bpb=1.7494
step  13100 | loss=5.7079 | lr=5.61e-05
step  13200 | loss=5.6862 | lr=5.44e-05
[VAL] step 13200: bpb=1.7495
step  13300 | loss=5.7216 | lr=5.28e-05
step  13400 | loss=5.7203 | lr=5.11e-05
[VAL] step 13400: bpb=1.7488
step  13500 | loss=5.6935 | lr=4.96e-05
step  13600 | loss=5.6855 | lr=4.81e-05
[VAL] step 13600: bpb=1.7475
step  13700 | loss=5.7067 | lr=4.66e-05
step  13800 | loss=5.7009 | lr=4.53e-05
[VAL] step 13800: bpb=1.7474
step  13900 | loss=5.7043 | lr=4.39e-05
step  14000 | loss=5.6997 | lr=4.26e-05
[VAL] step 14000: bpb=1.7457
step  14100 | loss=5.6944 | lr=4.14e-05
step  14200 | loss=5.6992 | lr=4.03e-05
[VAL] step 14200: bpb=1.7458
step  14300 | loss=5.6879 | lr=3.92e-05
step  14400 | loss=5.6848 | lr=3.81e-05
[VAL] step 14400: bpb=1.7437
step  14500 | loss=5.6785 | lr=3.72e-05
step  14600 | loss=5.6741 | lr=3.62e-05
[VAL] step 14600: bpb=1.7429
step  14700 | loss=5.6779 | lr=3.54e-05
step  14800 | loss=5.6621 | lr=3.46e-05
[VAL] step 14800: bpb=1.7443
step  14900 | loss=5.6872 | lr=3.39e-05
step  15000 | loss=5.6802 | lr=3.32e-05
[VAL] step 15000: bpb=1.7431
step  15100 | loss=5.6605 | lr=3.26e-05
step  15200 | loss=5.6564 | lr=3.21e-05
[VAL] step 15200: bpb=1.7420
step  15300 | loss=5.6515 | lr=3.16e-05
step  15400 | loss=5.6831 | lr=3.12e-05
[VAL] step 15400: bpb=1.7423
step  15500 | loss=5.6726 | lr=3.08e-05
step  15600 | loss=5.6570 | lr=3.05e-05
[VAL] step 15600: bpb=1.7404
step  15700 | loss=5.6652 | lr=3.03e-05
step  15800 | loss=5.6883 | lr=3.01e-05
[VAL] step 15800: bpb=1.7406
step  15900 | loss=5.6799 | lr=3.00e-05
step  16000 | loss=5.6694 | lr=3.00e-05
[VAL] step 16000: bpb=1.7411

=== DONE ===
{
  "exp_name": "exp018_dqk32_heads6",
  "best_val_bpb": 1.7404113608583747,
  "final_val_bpb": 1.74112405560285,
  "adam_params": 14912518,
  "n_bit_luts": 24,
  "training_time_hours": 1.743
}
