Loading tokenizer from /home/starost/.cache/nanochat/tokenizer
Vocab size: 32768, BOS id: 32759
Total params (all fp32): 367,986,182
Q/K Joint MHLut: in_nap=8 tph=192 d_qk=32 (n_outputs=2*d_qk=64)
V MHLut:         in_nap=8 tph=256 d_v=32 (n_outputs=d_v)
out_proj MHLut:  in_nap=6 tph=3056 (n_outputs=E=64) + LayerNorm
Tokens/micro-batch: 4,096 | grad_accum: 1 | effective batch: 4,096 tokens
step      1 | loss=10.4245 | lr=3.75e-07
step    100 | loss=9.6076 | lr=3.75e-05
step    200 | loss=8.3690 | lr=7.50e-05
[VAL] step 200: bpb=2.3437
step    300 | loss=7.7654 | lr=1.12e-04
step    400 | loss=7.2475 | lr=1.50e-04
[VAL] step 400: bpb=2.0912
step    500 | loss=6.9069 | lr=1.87e-04
step    600 | loss=6.7417 | lr=2.25e-04
[VAL] step 600: bpb=2.0152
step    700 | loss=6.6291 | lr=2.62e-04
step    800 | loss=6.5402 | lr=3.00e-04
[VAL] step 800: bpb=1.9804
step    900 | loss=6.4704 | lr=3.00e-04
step   1000 | loss=6.4162 | lr=2.99e-04
[VAL] step 1000: bpb=1.9464
step   1100 | loss=6.3688 | lr=2.99e-04
step   1200 | loss=6.3230 | lr=2.98e-04
[VAL] step 1200: bpb=1.9143
step   1300 | loss=6.2590 | lr=2.97e-04
step   1400 | loss=6.2231 | lr=2.95e-04
[VAL] step 1400: bpb=1.8870
step   1500 | loss=6.1781 | lr=2.94e-04
step   1600 | loss=6.1042 | lr=2.92e-04
[VAL] step 1600: bpb=1.8592
step   1700 | loss=6.0721 | lr=2.90e-04
step   1800 | loss=6.0371 | lr=2.87e-04
[VAL] step 1800: bpb=1.8351
step   1900 | loss=6.0047 | lr=2.85e-04
step   2000 | loss=5.9708 | lr=2.82e-04
[VAL] step 2000: bpb=1.8202
step   2100 | loss=5.9249 | lr=2.79e-04
step   2200 | loss=5.9001 | lr=2.76e-04
[VAL] step 2200: bpb=1.8074
step   2300 | loss=5.8793 | lr=2.72e-04
step   2400 | loss=5.8691 | lr=2.68e-04
[VAL] step 2400: bpb=1.7912
step   2500 | loss=5.8466 | lr=2.65e-04
step   2600 | loss=5.8315 | lr=2.60e-04
[VAL] step 2600: bpb=1.7769
step   2700 | loss=5.7973 | lr=2.56e-04
step   2800 | loss=5.7835 | lr=2.52e-04
[VAL] step 2800: bpb=1.7687
step   2900 | loss=5.7582 | lr=2.47e-04
step   3000 | loss=5.7446 | lr=2.42e-04
[VAL] step 3000: bpb=1.7586
step   3100 | loss=5.7298 | lr=2.38e-04
step   3200 | loss=5.7180 | lr=2.32e-04
[VAL] step 3200: bpb=1.7456
step   3300 | loss=5.7054 | lr=2.27e-04
step   3400 | loss=5.6694 | lr=2.22e-04
[VAL] step 3400: bpb=1.7414
step   3500 | loss=5.6587 | lr=2.17e-04
step   3600 | loss=5.6697 | lr=2.11e-04
[VAL] step 3600: bpb=1.7359
step   3700 | loss=5.6424 | lr=2.06e-04
step   3800 | loss=5.6318 | lr=2.00e-04
[VAL] step 3800: bpb=1.7271
step   3900 | loss=5.6075 | lr=1.94e-04
step   4000 | loss=5.5894 | lr=1.88e-04
[VAL] step 4000: bpb=1.7181
step   4100 | loss=5.6154 | lr=1.83e-04
step   4200 | loss=5.5888 | lr=1.77e-04
[VAL] step 4200: bpb=1.7139
step   4300 | loss=5.5928 | lr=1.71e-04
step   4400 | loss=5.5813 | lr=1.65e-04
[VAL] step 4400: bpb=1.7093
step   4500 | loss=5.5648 | lr=1.59e-04
step   4600 | loss=5.5534 | lr=1.53e-04
[VAL] step 4600: bpb=1.7014
step   4700 | loss=5.5532 | lr=1.47e-04
step   4800 | loss=5.5511 | lr=1.42e-04
[VAL] step 4800: bpb=1.6968
step   4900 | loss=5.5281 | lr=1.36e-04
step   5000 | loss=5.5224 | lr=1.30e-04
[VAL] step 5000: bpb=1.6917
step   5100 | loss=5.5098 | lr=1.24e-04
step   5200 | loss=5.4929 | lr=1.19e-04
[VAL] step 5200: bpb=1.6863
step   5300 | loss=5.4789 | lr=1.13e-04
step   5400 | loss=5.4651 | lr=1.08e-04
[VAL] step 5400: bpb=1.6821
step   5500 | loss=5.4727 | lr=1.03e-04
step   5600 | loss=5.4857 | lr=9.75e-05
[VAL] step 5600: bpb=1.6780
step   5700 | loss=5.4707 | lr=9.25e-05
step   5800 | loss=5.4603 | lr=8.76e-05
[VAL] step 5800: bpb=1.6748
step   5900 | loss=5.4639 | lr=8.28e-05
step   6000 | loss=5.4526 | lr=7.82e-05
[VAL] step 6000: bpb=1.6711
step   6100 | loss=5.4395 | lr=7.38e-05
step   6200 | loss=5.4372 | lr=6.95e-05
[VAL] step 6200: bpb=1.6681
step   6300 | loss=5.4390 | lr=6.55e-05
step   6400 | loss=5.4239 | lr=6.16e-05
[VAL] step 6400: bpb=1.6649
step   6500 | loss=5.4149 | lr=5.79e-05
step   6600 | loss=5.4197 | lr=5.44e-05
[VAL] step 6600: bpb=1.6624
step   6700 | loss=5.4140 | lr=5.11e-05
step   6800 | loss=5.4048 | lr=4.81e-05
[VAL] step 6800: bpb=1.6609
step   6900 | loss=5.4075 | lr=4.53e-05
step   7000 | loss=5.4073 | lr=4.26e-05
[VAL] step 7000: bpb=1.6581
step   7100 | loss=5.3988 | lr=4.03e-05
step   7200 | loss=5.4023 | lr=3.81e-05
[VAL] step 7200: bpb=1.6567
step   7300 | loss=5.3893 | lr=3.62e-05
step   7400 | loss=5.4010 | lr=3.46e-05
[VAL] step 7400: bpb=1.6551
step   7500 | loss=5.3876 | lr=3.32e-05
step   7600 | loss=5.3818 | lr=3.21e-05
[VAL] step 7600: bpb=1.6525
step   7700 | loss=5.3740 | lr=3.12e-05
step   7800 | loss=5.3882 | lr=3.05e-05
[VAL] step 7800: bpb=1.6514
step   7900 | loss=5.3844 | lr=3.01e-05
step   8000 | loss=5.3760 | lr=3.00e-05
[VAL] step 8000: bpb=1.6510

=== DONE ===
{
  "exp_name": "exp177_qk_tph192",
  "best_val_bpb": 1.6509842453658035,
  "final_val_bpb": 1.6509842453658035,
  "n_params": 367986182,
  "training_time_hours": 0.653
}
