Loading tokenizer from /home/starost/.cache/nanochat/tokenizer
Vocab size: 32768, BOS id: 32759
Total params (all fp32): 339,544,326
Q/K Joint MHLut: in_nap=6 tph=256 d_qk=64 (n_outputs=2*d_qk=128) [no V2D, raw -> SDPA]
V MHLut:         in_nap=8 tph=256 d_v=24 (n_outputs=d_v)
out_proj MHLut:  in_nap=6 tph=[2048, 2048, 1024, 1024, 1024, 1024] (n_outputs=E=96) + out_v2d/out_d2v
Attention:       SDPA (causal); Q pre-scaled by learnable attn_scale, SDPA default 1/sqrt(d_qk=64)=0.1250 applied
Tokens/micro-batch: 4,096 | grad_accum: 1 | effective batch: 4,096 tokens
step      1 | loss=10.4078 | lr=3.75e-07
step    100 | loss=9.3693 | lr=3.75e-05
step    200 | loss=8.3057 | lr=7.50e-05
[VAL] step 200: bpb=2.3693
step    300 | loss=7.9163 | lr=1.12e-04
step    400 | loss=7.7600 | lr=1.50e-04
[VAL] step 400: bpb=2.3568
step    500 | loss=7.6638 | lr=1.87e-04
step    600 | loss=7.5401 | lr=2.25e-04
[VAL] step 600: bpb=2.2687
step    700 | loss=7.3496 | lr=2.62e-04
step    800 | loss=7.1642 | lr=3.00e-04
[VAL] step 800: bpb=2.1503
step    900 | loss=7.0195 | lr=3.00e-04
step   1000 | loss=6.9139 | lr=2.99e-04
[VAL] step 1000: bpb=2.0844
step   1100 | loss=6.8363 | lr=2.99e-04
step   1200 | loss=6.7603 | lr=2.98e-04
[VAL] step 1200: bpb=2.0459
step   1300 | loss=6.6882 | lr=2.97e-04
step   1400 | loss=6.6541 | lr=2.95e-04
[VAL] step 1400: bpb=2.0216
step   1500 | loss=6.6129 | lr=2.94e-04
step   1600 | loss=6.5464 | lr=2.92e-04
[VAL] step 1600: bpb=1.9966
step   1700 | loss=6.5179 | lr=2.90e-04
step   1800 | loss=6.4851 | lr=2.87e-04
[VAL] step 1800: bpb=1.9816
step   1900 | loss=6.4614 | lr=2.85e-04
step   2000 | loss=6.4301 | lr=2.82e-04
[VAL] step 2000: bpb=1.9636
step   2100 | loss=6.3955 | lr=2.79e-04
step   2200 | loss=6.3745 | lr=2.76e-04
[VAL] step 2200: bpb=1.9556
step   2300 | loss=6.3493 | lr=2.72e-04
step   2400 | loss=6.3399 | lr=2.68e-04
[VAL] step 2400: bpb=1.9367
step   2500 | loss=6.3231 | lr=2.65e-04
step   2600 | loss=6.3104 | lr=2.60e-04
[VAL] step 2600: bpb=1.9263
step   2700 | loss=6.2783 | lr=2.56e-04
step   2800 | loss=6.2699 | lr=2.52e-04
[VAL] step 2800: bpb=1.9163
step   2900 | loss=6.2455 | lr=2.47e-04
step   3000 | loss=6.2369 | lr=2.42e-04
[VAL] step 3000: bpb=1.9049
step   3100 | loss=6.2197 | lr=2.38e-04
