Failed to import warp: No module named 'warp'
Failed to import mujoco_warp: No module named 'warp'
MHL-LIF SAC actor heads=1 tph=128 n_det=1 buckets=16 seed=0 | 12 outputs/cell (6 mu + 6 log-sigma) | front-end 6,784 + table 24,576 = 31,360 params (111.9% of the 28,032 hyperplane baseline; 31,360 trainable) | cells 128x16 = 2,048 | delay_init_std=0.0 table_init_std=0.10000 share_betas=False | temperatures trainable | no eps
[  500/10000] steps    32,000 | MJX ret      0.8 | cell-cov   0.0% | digit 11.023 | nosp 0.411 | eff  4.36/16 | Tbkt 1.000 | Tcr 1.000 | best      0.8 |   3.0m
[ 1000/10000] steps    64,000 | MJX ret    205.4 | cell-cov  76.7% | digit 9.556 | nosp 0.237 | eff  4.15/16 | Tbkt 0.751 | Tcr 0.851 | best    205.4 |   5.6m
[ 1500/10000] steps    96,000 | MJX ret    308.9 | cell-cov  79.4% | digit 8.740 | nosp 0.177 | eff  3.80/16 | Tbkt 0.610 | Tcr 0.786 | best    308.9 |   7.7m
[ 2000/10000] steps   128,000 | MJX ret    347.8 | cell-cov  81.0% | digit 8.709 | nosp 0.179 | eff  3.94/16 | Tbkt 0.518 | Tcr 0.717 | best    347.8 |   9.6m
[ 2500/10000] steps   160,000 | MJX ret    315.8 | cell-cov  82.0% | digit 8.795 | nosp 0.152 | eff  4.18/16 | Tbkt 0.458 | Tcr 0.683 | best    347.8 |  11.5m
[ 3000/10000] steps   192,000 | MJX ret    415.8 | cell-cov  82.5% | digit 8.798 | nosp 0.133 | eff  4.45/16 | Tbkt 0.423 | Tcr 0.658 | best    415.8 |  13.3m
[ 3500/10000] steps   224,000 | MJX ret    445.9 | cell-cov  82.7% | digit 8.461 | nosp 0.126 | eff  4.30/16 | Tbkt 0.393 | Tcr 0.628 | best    445.9 |  15.2m
[ 4000/10000] steps   256,000 | MJX ret    482.9 | cell-cov  82.9% | digit 8.750 | nosp 0.130 | eff  4.13/16 | Tbkt 0.363 | Tcr 0.601 | best    482.9 |  17.0m
[ 4500/10000] steps   288,000 | MJX ret    517.8 | cell-cov  83.3% | digit 8.797 | nosp 0.136 | eff  4.43/16 | Tbkt 0.318 | Tcr 0.590 | best    517.8 |  18.8m
[ 5000/10000] steps   320,000 | MJX ret    489.0 | cell-cov  83.5% | digit 8.719 | nosp 0.128 | eff  3.77/16 | Tbkt 0.277 | Tcr 0.579 | best    517.8 |  20.6m
[ 5500/10000] steps   352,000 | MJX ret    503.1 | cell-cov  83.6% | digit 8.667 | nosp 0.131 | eff  3.67/16 | Tbkt 0.248 | Tcr 0.569 | best    517.8 |  22.4m
[ 6000/10000] steps   384,000 | MJX ret    677.1 | cell-cov  83.8% | digit 8.744 | nosp 0.143 | eff  4.40/16 | Tbkt 0.231 | Tcr 0.549 | best    677.1 |  24.3m
[ 6500/10000] steps   416,000 | MJX ret    710.3 | cell-cov  84.0% | digit 8.653 | nosp 0.148 | eff  4.36/16 | Tbkt 0.204 | Tcr 0.534 | best    710.3 |  26.1m
[ 7000/10000] steps   448,000 | MJX ret   1470.4 | cell-cov  84.4% | digit 8.645 | nosp 0.157 | eff  4.16/16 | Tbkt 0.167 | Tcr 0.522 | best   1470.4 |  27.9m
[ 7500/10000] steps   480,000 | MJX ret   1068.3 | cell-cov  84.5% | digit 8.709 | nosp 0.149 | eff  4.49/16 | Tbkt 0.152 | Tcr 0.509 | best   1470.4 |  29.7m
[ 8000/10000] steps   512,000 | MJX ret   1334.6 | cell-cov  84.5% | digit 8.714 | nosp 0.160 | eff  4.51/16 | Tbkt 0.140 | Tcr 0.501 | best   1470.4 |  31.5m
[ 8500/10000] steps   544,000 | MJX ret   1603.0 | cell-cov  84.6% | digit 8.882 | nosp 0.185 | eff  4.49/16 | Tbkt 0.131 | Tcr 0.495 | best   1603.0 |  33.3m
[ 9000/10000] steps   576,000 | MJX ret   1632.4 | cell-cov  84.8% | digit 8.728 | nosp 0.174 | eff  4.55/16 | Tbkt 0.109 | Tcr 0.489 | best   1632.4 |  35.1m
[ 9500/10000] steps   608,000 | MJX ret   3139.4 | cell-cov  84.8% | digit 8.554 | nosp 0.189 | eff  4.24/16 | Tbkt 0.080 | Tcr 0.485 | best   3139.4 |  37.0m
[10000/10000] steps   640,000 | MJX ret   2512.6 | cell-cov  84.9% | digit 8.599 | nosp 0.162 | eff  4.19/16 | Tbkt 0.067 | Tcr 0.479 | best   3139.4 |  38.4m
done: best MJX 3139.4 over 640,000 env-steps in 38.4 min
Failed to import warp: No module named 'warp'
Failed to import mujoco_warp: No module named 'warp'
mhl_sac_c49_s0_actor.npz (31,360 params = 6,784 front-end + 24,576 table) [eval] 1 det x 16 bkt = 16 cells / tph128
  CPU-reference 100-ep deterministic: 2722.6 +/- 681.2  full 17/100  vel 2.596 m/s  len 754  [43s]
