Loading tokenizer from /home/starost/.cache/nanochat/tokenizer
Vocab size: 32768, BOS id: 32759
Building model:
Total params (all fp32): 189,962,246
Q/K Joint SparseLut: in_nap=8 tph=768 n_sparse=8 -> 2*d_qk=64 (per head, H=6)
V SparseLut:         in_nap=8 tph=768 n_sparse=8 -> d_v=64 (per head, H=6)
out_proj SparseLut:  in_nap=8 tph=4096 n_sparse=8 -> E=384
Residual:        classic skip connection (out_real + x), no residual_lut
Unembedder:      LN(384) -> Linear(384,VOCAB)
Tokens/micro-batch: 4,096 | grad_accum: 1 | effective batch: 4,096 tokens
step      1 | loss=10.5780 | lr=3.75e-07
step    100 | loss=10.1021 | lr=3.75e-05
step    200 | loss=8.9893 | lr=7.50e-05
[VAL] step 200: bpb=2.4131
step    300 | loss=8.0646 | lr=1.12e-04
step    400 | loss=7.5735 | lr=1.50e-04
[VAL] step 400: bpb=2.2004
step    500 | loss=7.2421 | lr=1.87e-04
step    600 | loss=7.0660 | lr=2.25e-04
[VAL] step 600: bpb=2.1141
step    700 | loss=6.9362 | lr=2.62e-04
step    800 | loss=6.8298 | lr=3.00e-04
[VAL] step 800: bpb=2.0639
step    900 | loss=6.7491 | lr=3.00e-04
step   1000 | loss=6.6887 | lr=2.99e-04
[VAL] step 1000: bpb=2.0258
step   1100 | loss=6.6387 | lr=2.99e-04
step   1200 | loss=6.6019 | lr=2.98e-04
[VAL] step 1200: bpb=2.0043
step   1300 | loss=6.5496 | lr=2.97e-04
step   1400 | loss=6.5236 | lr=2.95e-04
[VAL] step 1400: bpb=1.9877
step   1500 | loss=6.5026 | lr=2.94e-04
step   1600 | loss=6.4673 | lr=2.92e-04
[VAL] step 1600: bpb=1.9760
step   1700 | loss=6.4700 | lr=2.90e-04
step   1800 | loss=6.5224 | lr=2.87e-04
[VAL] step 1800: bpb=2.0095
step   1900 | loss=6.6065 | lr=2.85e-04
step   2000 | loss=6.6052 | lr=2.82e-04
[VAL] step 2000: bpb=1.9729
step   2100 | loss=6.4695 | lr=2.79e-04
step   2200 | loss=6.3984 | lr=2.76e-04
[VAL] step 2200: bpb=1.9461
step   2300 | loss=6.3526 | lr=2.72e-04
step   2400 | loss=6.3271 | lr=2.68e-04
[VAL] step 2400: bpb=1.9278
step   2500 | loss=6.2997 | lr=2.65e-04
step   2600 | loss=6.2902 | lr=2.60e-04
[VAL] step 2600: bpb=1.9157
step   2700 | loss=6.2563 | lr=2.56e-04
step   2800 | loss=6.2472 | lr=2.52e-04
[VAL] step 2800: bpb=1.9093
step   2900 | loss=6.2220 | lr=2.47e-04
step   3000 | loss=6.2136 | lr=2.42e-04
[VAL] step 3000: bpb=1.8998
step   3100 | loss=6.1947 | lr=2.38e-04
step   3200 | loss=6.1787 | lr=2.32e-04
[VAL] step 3200: bpb=1.8869
step   3300 | loss=6.1696 | lr=2.27e-04
step   3400 | loss=6.1325 | lr=2.22e-04
[VAL] step 3400: bpb=1.8811
step   3500 | loss=6.1247 | lr=2.17e-04
step   3600 | loss=6.1330 | lr=2.11e-04
[VAL] step 3600: bpb=1.8739
step   3700 | loss=6.1117 | lr=2.06e-04
step   3800 | loss=6.0982 | lr=2.00e-04
[VAL] step 3800: bpb=1.8665
step   3900 | loss=6.0719 | lr=1.94e-04
step   4000 | loss=6.0596 | lr=1.88e-04
[VAL] step 4000: bpb=1.8599
step   4100 | loss=6.0851 | lr=1.83e-04
step   4200 | loss=6.0587 | lr=1.77e-04
[VAL] step 4200: bpb=1.8539
step   4300 | loss=6.0538 | lr=1.71e-04
step   4400 | loss=6.0404 | lr=1.65e-04
[VAL] step 4400: bpb=1.8476
step   4500 | loss=6.0287 | lr=1.59e-04
step   4600 | loss=6.0171 | lr=1.53e-04
[VAL] step 4600: bpb=1.8397
step   4700 | loss=6.0163 | lr=1.47e-04
step   4800 | loss=6.0145 | lr=1.42e-04
[VAL] step 4800: bpb=1.8354
step   4900 | loss=5.9886 | lr=1.36e-04
step   5000 | loss=5.9814 | lr=1.30e-04
[VAL] step 5000: bpb=1.8295
step   5100 | loss=5.9667 | lr=1.24e-04
step   5200 | loss=5.9522 | lr=1.19e-04
[VAL] step 5200: bpb=1.8238
step   5300 | loss=5.9390 | lr=1.13e-04
step   5400 | loss=5.9245 | lr=1.08e-04
[VAL] step 5400: bpb=1.8203
step   5500 | loss=5.9251 | lr=1.03e-04
step   5600 | loss=5.9384 | lr=9.75e-05
[VAL] step 5600: bpb=1.8168
step   5700 | loss=5.9226 | lr=9.25e-05
step   5800 | loss=5.9145 | lr=8.76e-05
[VAL] step 5800: bpb=1.8142
step   5900 | loss=5.9179 | lr=8.28e-05
step   6000 | loss=5.9019 | lr=7.82e-05
[VAL] step 6000: bpb=1.8099
step   6100 | loss=5.8938 | lr=7.38e-05
step   6200 | loss=5.8902 | lr=6.95e-05
[VAL] step 6200: bpb=1.8076
step   6300 | loss=5.8913 | lr=6.55e-05
step   6400 | loss=5.8775 | lr=6.16e-05
[VAL] step 6400: bpb=1.8050
step   6500 | loss=5.8695 | lr=5.79e-05
step   6600 | loss=5.8743 | lr=5.44e-05
[VAL] step 6600: bpb=1.8013
step   6700 | loss=5.8692 | lr=5.11e-05
step   6800 | loss=5.8593 | lr=4.81e-05
[VAL] step 6800: bpb=1.7999
step   6900 | loss=5.8598 | lr=4.53e-05
step   7000 | loss=5.8578 | lr=4.26e-05
[VAL] step 7000: bpb=1.7974
step   7100 | loss=5.8514 | lr=4.03e-05
step   7200 | loss=5.8556 | lr=3.81e-05
[VAL] step 7200: bpb=1.7965
step   7300 | loss=5.8440 | lr=3.62e-05
step   7400 | loss=5.8516 | lr=3.46e-05
[VAL] step 7400: bpb=1.7957
step   7500 | loss=5.8413 | lr=3.32e-05
step   7600 | loss=5.8326 | lr=3.21e-05
[VAL] step 7600: bpb=1.7932
step   7700 | loss=5.8241 | lr=3.12e-05
step   7800 | loss=5.8357 | lr=3.05e-05
[VAL] step 7800: bpb=1.7912
step   7900 | loss=5.8325 | lr=3.01e-05
step   8000 | loss=5.8269 | lr=3.00e-05
[VAL] step 8000: bpb=1.7907

=== DONE ===
{
  "exp_name": "exp119_tph2x",
  "best_val_bpb": 1.7906654924989844,
  "final_val_bpb": 1.7906654924989844,
  "n_params": 189962246,
  "training_time_hours": 0.886
}
