Loading tokenizer from /home/starost/.cache/nanochat/tokenizer
Vocab size: 32768, BOS id: 32759
bit LUTs: 12
Adam-managed parameters: 52,660,486
Q/K Joint MultiHeadLut: in_nap=5 tph=512 d_qk=32 P_qk=496 (fp32, smooth_mode=True)
V BitPermLUT:   in_nap=5 out_nap=16 tph=512 d_v=16 P_v=120
Out BitPermLUT: in_nap=8 out_nap=32 tph=[4096, 4096, 2048, 2048, 2048, 2048]
Tokens/micro-batch: 4,096 | grad_accum: 1 | effective batch: 4,096 tokens
step      1 | loss=10.5869 | lr=3.75e-07
step    100 | loss=9.9195 | lr=3.75e-05
step    200 | loss=8.9470 | lr=7.50e-05
[VAL] step 200: bpb=2.4353
step    300 | loss=8.1232 | lr=1.12e-04
step    400 | loss=7.7231 | lr=1.50e-04
[VAL] step 400: bpb=2.2907
step    500 | loss=7.4785 | lr=1.87e-04
step    600 | loss=7.3401 | lr=2.25e-04
[VAL] step 600: bpb=2.2047
step    700 | loss=7.2020 | lr=2.62e-04
step    800 | loss=7.0244 | lr=3.00e-04
[VAL] step 800: bpb=2.1031
step    900 | loss=6.8817 | lr=3.00e-04
step   1000 | loss=6.7828 | lr=2.99e-04
[VAL] step 1000: bpb=2.0461
step   1100 | loss=6.7111 | lr=2.99e-04
step   1200 | loss=6.6508 | lr=2.98e-04
[VAL] step 1200: bpb=2.0132
step   1300 | loss=6.5860 | lr=2.97e-04
step   1400 | loss=6.5596 | lr=2.95e-04
[VAL] step 1400: bpb=1.9931
step   1500 | loss=6.5316 | lr=2.94e-04
step   1600 | loss=6.4771 | lr=2.92e-04
[VAL] step 1600: bpb=1.9770
step   1700 | loss=6.4593 | lr=2.90e-04
step   1800 | loss=6.4403 | lr=2.87e-04
[VAL] step 1800: bpb=1.9649
step   1900 | loss=6.4230 | lr=2.85e-04
step   2000 | loss=6.4021 | lr=2.82e-04
[VAL] step 2000: bpb=1.9545
step   2100 | loss=6.3720 | lr=2.79e-04
step   2200 | loss=6.3549 | lr=2.76e-04
[VAL] step 2200: bpb=1.9471
step   2300 | loss=6.3358 | lr=2.72e-04
step   2400 | loss=6.3280 | lr=2.68e-04
[VAL] step 2400: bpb=1.9336
step   2500 | loss=6.3144 | lr=2.65e-04
step   2600 | loss=6.3058 | lr=2.60e-04
[VAL] step 2600: bpb=1.9242
step   2700 | loss=6.2752 | lr=2.56e-04
step   2800 | loss=6.2672 | lr=2.52e-04
[VAL] step 2800: bpb=1.9145
step   2900 | loss=6.2420 | lr=2.47e-04
step   3000 | loss=6.2325 | lr=2.42e-04
[VAL] step 3000: bpb=1.9017
step   3100 | loss=6.2180 | lr=2.38e-04
step   3200 | loss=6.2035 | lr=2.32e-04
[VAL] step 3200: bpb=1.8908
step   3300 | loss=6.1893 | lr=2.27e-04
step   3400 | loss=6.1495 | lr=2.22e-04
[VAL] step 3400: bpb=1.8848
step   3500 | loss=6.1379 | lr=2.17e-04
step   3600 | loss=6.1407 | lr=2.11e-04
[VAL] step 3600: bpb=1.8771
step   3700 | loss=6.1200 | lr=2.06e-04
step   3800 | loss=6.1068 | lr=2.00e-04
[VAL] step 3800: bpb=1.8684
step   3900 | loss=6.0796 | lr=1.94e-04
step   4000 | loss=6.0622 | lr=1.88e-04
[VAL] step 4000: bpb=1.8563
step   4100 | loss=6.0856 | lr=1.83e-04
step   4200 | loss=6.0535 | lr=1.77e-04
[VAL] step 4200: bpb=1.8506
step   4300 | loss=6.0555 | lr=1.71e-04
step   4400 | loss=6.0380 | lr=1.65e-04
[VAL] step 4400: bpb=1.8447
step   4500 | loss=6.0280 | lr=1.59e-04
step   4600 | loss=6.0162 | lr=1.53e-04
[VAL] step 4600: bpb=1.8409
step   4700 | loss=6.0181 | lr=1.47e-04
step   4800 | loss=6.0122 | lr=1.42e-04
[VAL] step 4800: bpb=1.8329
step   4900 | loss=5.9864 | lr=1.36e-04
step   5000 | loss=5.9816 | lr=1.30e-04
[VAL] step 5000: bpb=1.8252
step   5100 | loss=5.9651 | lr=1.24e-04
step   5200 | loss=5.9455 | lr=1.19e-04
[VAL] step 5200: bpb=1.8217
step   5300 | loss=5.9362 | lr=1.13e-04
step   5400 | loss=5.9219 | lr=1.08e-04
[VAL] step 5400: bpb=1.8186
step   5500 | loss=5.9210 | lr=1.03e-04
step   5600 | loss=5.9365 | lr=9.75e-05
[VAL] step 5600: bpb=1.8122
step   5700 | loss=5.9183 | lr=9.25e-05
step   5800 | loss=5.9109 | lr=8.76e-05
[VAL] step 5800: bpb=1.8102
step   5900 | loss=5.9181 | lr=8.28e-05
step   6000 | loss=5.9010 | lr=7.82e-05
[VAL] step 6000: bpb=1.8057
step   6100 | loss=5.8898 | lr=7.38e-05
step   6200 | loss=5.8853 | lr=6.95e-05
[VAL] step 6200: bpb=1.8026
step   6300 | loss=5.8914 | lr=6.55e-05
step   6400 | loss=5.8729 | lr=6.16e-05
[VAL] step 6400: bpb=1.7996
step   6500 | loss=5.8668 | lr=5.79e-05
step   6600 | loss=5.8745 | lr=5.44e-05
[VAL] step 6600: bpb=1.7953
step   6700 | loss=5.8690 | lr=5.11e-05
step   6800 | loss=5.8619 | lr=4.81e-05
[VAL] step 6800: bpb=1.7938
step   6900 | loss=5.8620 | lr=4.53e-05
step   7000 | loss=5.8590 | lr=4.26e-05
[VAL] step 7000: bpb=1.7940
step   7100 | loss=5.8519 | lr=4.03e-05
step   7200 | loss=5.8541 | lr=3.81e-05
[VAL] step 7200: bpb=1.7917
step   7300 | loss=5.8429 | lr=3.62e-05
step   7400 | loss=5.8542 | lr=3.46e-05
[VAL] step 7400: bpb=1.7897
step   7500 | loss=5.8424 | lr=3.32e-05
step   7600 | loss=5.8318 | lr=3.21e-05
[VAL] step 7600: bpb=1.7877
step   7700 | loss=5.8217 | lr=3.12e-05
step   7800 | loss=5.8345 | lr=3.05e-05
[VAL] step 7800: bpb=1.7860
step   7900 | loss=5.8336 | lr=3.01e-05
step   8000 | loss=5.8241 | lr=3.00e-05
[VAL] step 8000: bpb=1.7852

=== DONE ===
{
  "exp_name": "exp042_qk_multiheadlut_joint",
  "best_val_bpb": 1.7852084613537658,
  "final_val_bpb": 1.7852084613537658,
  "adam_params": 52660486,
  "n_bit_luts": 12,
  "training_time_hours": 1.375
}
