r   0  pool best  88.319  mean 146.786  held-out best  71.924  tau +0.0899  [   1.6s]
r  25  pool best  69.010  mean  95.902  held-out best  69.233  tau -0.2699  [  26.6s]
r  50  pool best  59.956  mean  81.476  held-out best  48.475  tau +0.1282  [  51.0s]
r  75  pool best  56.044  mean  71.863  held-out best  44.501  tau +0.0926  [  75.4s]
r 100  pool best  49.576  mean  62.826  held-out best  43.908  tau -0.0530  [  99.4s]
r 125  pool best  44.695  mean  58.857  held-out best  45.833  tau -0.0537  [ 123.2s]
r 150  pool best  43.984  mean  55.780  held-out best  41.346  tau +0.1689  [ 147.2s]
r 175  pool best  37.926  mean  51.931  held-out best  39.670  tau +0.0901  [ 170.5s]
r 200  pool best  42.140  mean  53.451  held-out best  35.499  tau +0.1687  [ 194.0s]
r 225  pool best  39.008  mean  48.891  held-out best  38.607  tau -0.3018  [ 217.4s]
r 250  pool best  37.536  mean  47.084  held-out best  35.059  tau +0.1137  [ 240.5s]
r 275  pool best  32.672  mean  42.465  held-out best  35.087  tau +0.2774  [ 263.8s]
r 300  pool best  34.340  mean  44.188  held-out best  33.691  tau +0.2321  [ 287.0s]
r 325  pool best  36.124  mean  44.986  held-out best  30.816  tau +0.3247  [ 310.0s]
r 350  pool best  35.669  mean  44.572  held-out best  30.816  tau +0.3247  [ 333.7s]
r 375  pool best  31.860  mean  40.131  held-out best  35.237  tau +0.1977  [ 356.6s]
r 400  pool best  30.124  mean  40.581  held-out best  28.366  tau +0.3092  [ 380.9s]
r 425  pool best  34.340  mean  42.681  held-out best  35.702  tau +0.2947  [ 404.3s]
r 450  pool best  32.517  mean  40.131  held-out best  28.550  tau +0.3285  [ 427.5s]
r 475  pool best  31.149  mean  39.091  held-out best  28.550  tau +0.3285  [ 449.7s]
r 500  pool best  30.382  mean  37.726  held-out best  28.550  tau +0.3285  [ 474.0s]
r 525  pool best  32.622  mean  40.301  held-out best  28.550  tau +0.3285  [ 497.7s]
r 550  pool best  30.523  mean  38.428  held-out best  28.550  tau +0.3285  [ 521.8s]
r 575  pool best  31.956  mean  39.843  held-out best  28.550  tau +0.3285  [ 545.0s]
r 600  pool best  29.463  mean  37.308  held-out best  28.550  tau +0.3285  [ 569.0s]
r 625  pool best  31.279  mean  39.285  held-out best  28.550  tau +0.3285  [ 592.1s]
r 650  pool best  29.930  mean  38.440  held-out best  28.550  tau +0.3285  [ 614.4s]
r 675  pool best  29.210  mean  37.559  held-out best  28.550  tau +0.3285  [ 637.2s]
r 700  pool best  32.228  mean  40.162  held-out best  28.550  tau +0.3285  [ 660.8s]
r 725  pool best  30.357  mean  38.885  held-out best  28.550  tau +0.3285  [ 683.6s]
r 750  pool best  29.868  mean  37.985  held-out best  28.550  tau +0.3285  [ 707.2s]
r 775  pool best  27.859  mean  35.192  held-out best  28.550  tau +0.3285  [ 730.2s]
r 800  pool best  30.007  mean  38.806  held-out best  28.550  tau +0.3285  [ 753.5s]
r 825  pool best  28.794  mean  36.665  held-out best  28.550  tau +0.3285  [ 777.0s]
r 850  pool best  26.395  mean  35.401  held-out best  28.550  tau +0.3285  [ 800.6s]
r 875  pool best  27.296  mean  35.515  held-out best  28.550  tau +0.3285  [ 824.3s]
r 900  pool best  30.810  mean  38.799  held-out best  28.550  tau +0.3285  [ 848.0s]
r 925  pool best  25.024  mean  33.083  held-out best  26.012  tau +0.3300  [ 871.2s]
r 950  pool best  28.995  mean  37.117  held-out best  26.012  tau +0.3300  [ 893.9s]
r 975  pool best  30.432  mean  39.771  held-out best  26.012  tau +0.3300  [ 916.6s]
r1000  pool best  28.896  mean  37.667  held-out best  26.012  tau +0.3300  [ 939.2s]
r1025  pool best  28.553  mean  37.951  held-out best  26.012  tau +0.3300  [ 962.5s]
r1050  pool best  29.577  mean  39.281  held-out best  26.012  tau +0.3300  [ 986.1s]
r1075  pool best  27.482  mean  36.690  held-out best  25.175  tau +0.3447  [1010.0s]
r1100  pool best  26.364  mean  36.470  held-out best  25.175  tau +0.3447  [1034.2s]
r1125  pool best  26.802  mean  37.451  held-out best  25.175  tau +0.3447  [1057.9s]
r1150  pool best  27.778  mean  39.061  held-out best  25.175  tau +0.3447  [1081.5s]
r1175  pool best  25.895  mean  35.227  held-out best  25.175  tau +0.3447  [1105.2s]
r1200  pool best  27.008  mean  35.815  held-out best  25.175  tau +0.3447  [1128.9s]
r1225  pool best  24.946  mean  33.557  held-out best  25.175  tau +0.3447  [1152.1s]
r1250  pool best  27.767  mean  37.453  held-out best  25.175  tau +0.3447  [1176.2s]
r1275  pool best  25.836  mean  34.386  held-out best  25.407  tau +0.4431  [1199.6s]
r1300  pool best  25.398  mean  34.773  held-out best  25.407  tau +0.4431  [1222.9s]
r1325  pool best  26.442  mean  37.477  held-out best  25.407  tau +0.4431  [1246.4s]
r1350  pool best  25.791  mean  34.701  held-out best  23.267  tau +0.3403  [1270.4s]
r1375  pool best  27.963  mean  36.059  held-out best  23.267  tau +0.3403  [1294.3s]
r1400  pool best  27.727  mean  36.686  held-out best  23.267  tau +0.3403  [1317.7s]
r1425  pool best  28.048  mean  37.818  held-out best  23.267  tau +0.3403  [1340.5s]
r1450  pool best  28.969  mean  38.253  held-out best  23.267  tau +0.3403  [1363.5s]
r1475  pool best  24.451  mean  32.307  held-out best  23.267  tau +0.3403  [1386.3s]
r1499  pool best  24.143  mean  32.216  held-out best  23.267  tau +0.3403  [1408.9s]
DONE seed 0: held-out MSE 23.267 vs constant 34.152, tau +0.3403 (1408.9s)
