RANDOM init: 512 independent genomes, 40 exc + 10 inh active (E-frac 0.800), ~508 synapses each
r   0  fit  31.007  mse  31.007  neurons 50.00 (min 50 max 50)  syn  508.7  held-out best  28.745  [   3.5s]
r  25  fit  30.501  mse  30.501  neurons 50.00 (min 50 max 50)  syn  637.4  held-out best  32.224  [  39.9s]
r  50  fit  29.909  mse  29.909  neurons 50.00 (min 50 max 50)  syn  678.6  held-out best  32.224  [  79.2s]
r  75  fit  30.807  mse  30.807  neurons 50.00 (min 50 max 50)  syn  701.1  held-out best  30.202  [ 119.8s]
r 100  fit  29.284  mse  29.284  neurons 50.00 (min 50 max 50)  syn  717.0  held-out best  26.951  [ 162.0s]
r 125  fit  30.139  mse  30.139  neurons 50.00 (min 50 max 50)  syn  728.0  held-out best  27.678  [ 204.1s]
r 150  fit  28.373  mse  28.373  neurons 50.00 (min 50 max 50)  syn  734.3  held-out best  27.678  [ 246.5s]
r 175  fit  28.578  mse  28.578  neurons 50.00 (min 50 max 50)  syn  742.0  held-out best  29.516  [ 289.2s]
r 200  fit  29.749  mse  29.749  neurons 50.00 (min 50 max 50)  syn  746.8  held-out best  29.516  [ 332.5s]
r 225  fit  30.062  mse  30.062  neurons 50.00 (min 50 max 50)  syn  750.2  held-out best  29.516  [ 374.9s]
r 250  fit  29.412  mse  29.412  neurons 50.00 (min 50 max 50)  syn  757.6  held-out best  29.516  [ 418.6s]
r 275  fit  28.856  mse  28.856  neurons 50.00 (min 50 max 50)  syn  759.8  held-out best  29.516  [ 461.5s]
r 300  fit  29.025  mse  29.025  neurons 50.00 (min 50 max 50)  syn  759.6  held-out best  29.516  [ 505.6s]
r 325  fit  29.640  mse  29.640  neurons 50.00 (min 50 max 50)  syn  761.5  held-out best  29.516  [ 548.9s]
r 350  fit  29.685  mse  29.685  neurons 50.00 (min 50 max 50)  syn  762.1  held-out best  29.516  [ 593.0s]
r 375  fit  28.928  mse  28.928  neurons 50.00 (min 50 max 50)  syn  767.0  held-out best  29.516  [ 636.4s]
r 400  fit  29.132  mse  29.132  neurons 50.00 (min 50 max 50)  syn  764.7  held-out best  29.516  [ 680.4s]
r 425  fit  28.980  mse  28.980  neurons 50.00 (min 50 max 50)  syn  774.4  held-out best  29.516  [ 723.9s]
r 450  fit  28.888  mse  28.888  neurons 50.00 (min 50 max 50)  syn  773.8  held-out best  29.516  [ 768.3s]
r 475  fit  29.331  mse  29.331  neurons 50.00 (min 50 max 50)  syn  777.3  held-out best  29.658  [ 812.6s]
r 500  fit  29.366  mse  29.366  neurons 50.00 (min 50 max 50)  syn  774.5  held-out best  29.658  [ 857.3s]
r 525  fit  29.757  mse  29.757  neurons 50.00 (min 50 max 50)  syn  778.2  held-out best  29.658  [ 901.2s]
r 550  fit  27.102  mse  27.102  neurons 50.00 (min 50 max 50)  syn  780.8  held-out best  25.674  [ 946.2s]
r 575  fit  29.885  mse  29.885  neurons 50.00 (min 50 max 50)  syn  779.4  held-out best  25.674  [ 990.3s]
r 600  fit  28.560  mse  28.560  neurons 50.00 (min 50 max 50)  syn  783.3  held-out best  25.674  [1035.3s]
r 625  fit  29.356  mse  29.356  neurons 50.00 (min 50 max 50)  syn  784.4  held-out best  25.674  [1079.8s]
r 650  fit  28.772  mse  28.772  neurons 50.00 (min 50 max 50)  syn  788.9  held-out best  25.674  [1125.0s]
r 675  fit  29.361  mse  29.361  neurons 50.00 (min 50 max 50)  syn  786.5  held-out best  25.674  [1169.6s]
r 700  fit  28.889  mse  28.889  neurons 50.00 (min 50 max 50)  syn  789.1  held-out best  25.674  [1215.3s]
r 725  fit  30.127  mse  30.127  neurons 50.00 (min 50 max 50)  syn  793.8  held-out best  25.674  [1260.4s]
r 750  fit  28.071  mse  28.071  neurons 50.00 (min 50 max 50)  syn  793.8  held-out best  25.674  [1306.2s]
r 775  fit  28.211  mse  28.211  neurons 50.00 (min 50 max 50)  syn  796.5  held-out best  25.674  [1351.0s]
r 800  fit  28.718  mse  28.718  neurons 50.00 (min 50 max 50)  syn  796.1  held-out best  25.674  [1397.0s]
r 825  fit  28.550  mse  28.550  neurons 50.00 (min 50 max 50)  syn  797.1  held-out best  25.674  [1442.0s]
r 850  fit  29.311  mse  29.311  neurons 50.00 (min 50 max 50)  syn  799.5  held-out best  25.674  [1487.9s]
r 875  fit  29.106  mse  29.106  neurons 50.00 (min 50 max 50)  syn  801.1  held-out best  28.433  [1533.3s]
r 900  fit  29.439  mse  29.439  neurons 50.00 (min 50 max 50)  syn  802.1  held-out best  28.433  [1579.4s]
r 925  fit  28.531  mse  28.531  neurons 50.00 (min 50 max 50)  syn  798.7  held-out best  28.433  [1624.7s]
r 950  fit  28.702  mse  28.702  neurons 50.00 (min 50 max 50)  syn  801.9  held-out best  28.433  [1670.9s]
r 975  fit  29.760  mse  29.760  neurons 50.00 (min 50 max 50)  syn  800.2  held-out best  28.433  [1716.5s]
r1000  fit  28.848  mse  28.848  neurons 50.00 (min 50 max 50)  syn  808.2  held-out best  28.433  [1762.8s]
r1025  fit  28.974  mse  28.974  neurons 50.00 (min 50 max 50)  syn  807.2  held-out best  28.433  [1808.5s]
r1050  fit  29.281  mse  29.281  neurons 50.00 (min 50 max 50)  syn  808.6  held-out best  28.433  [1854.7s]
r1075  fit  29.606  mse  29.606  neurons 50.00 (min 50 max 50)  syn  812.0  held-out best  28.433  [1900.7s]
r1100  fit  29.217  mse  29.217  neurons 50.00 (min 50 max 50)  syn  812.9  held-out best  28.433  [1947.1s]
r1125  fit  29.223  mse  29.223  neurons 50.00 (min 50 max 50)  syn  813.1  held-out best  28.433  [1993.1s]
r1150  fit  29.187  mse  29.187  neurons 50.00 (min 50 max 50)  syn  814.8  held-out best  28.433  [2039.9s]
r1175  fit  28.946  mse  28.946  neurons 50.00 (min 50 max 50)  syn  817.8  held-out best  28.433  [2086.2s]
r1200  fit  28.992  mse  28.992  neurons 50.00 (min 50 max 50)  syn  814.4  held-out best  28.433  [2133.0s]
r1225  fit  28.019  mse  28.019  neurons 50.00 (min 50 max 50)  syn  814.4  held-out best  28.433  [2179.3s]
r1250  fit  28.639  mse  28.639  neurons 50.00 (min 50 max 50)  syn  814.0  held-out best  28.433  [2226.2s]
r1275  fit  28.809  mse  28.809  neurons 50.00 (min 50 max 50)  syn  814.4  held-out best  28.433  [2272.4s]
r1300  fit  30.171  mse  30.171  neurons 50.00 (min 50 max 50)  syn  818.2  held-out best  28.433  [2319.3s]
r1325  fit  28.884  mse  28.884  neurons 50.00 (min 50 max 50)  syn  817.8  held-out best  28.433  [2365.8s]
r1350  fit  28.690  mse  28.690  neurons 50.00 (min 50 max 50)  syn  815.4  held-out best  28.433  [2412.9s]
r1375  fit  29.333  mse  29.333  neurons 50.00 (min 50 max 50)  syn  816.7  held-out best  28.433  [2459.2s]
r1400  fit  28.834  mse  28.834  neurons 50.00 (min 50 max 50)  syn  817.7  held-out best  23.310  [2506.6s]
r1425  fit  29.578  mse  29.578  neurons 50.00 (min 50 max 50)  syn  820.2  held-out best  22.777  [2553.4s]
r1450  fit  29.250  mse  29.250  neurons 50.00 (min 50 max 50)  syn  818.9  held-out best  22.777  [2600.4s]
r1475  fit  28.959  mse  28.959  neurons 50.00 (min 50 max 50)  syn  817.9  held-out best  22.777  [2647.0s]
r1500  fit  28.954  mse  28.954  neurons 50.00 (min 50 max 50)  syn  818.5  held-out best  22.777  [2694.1s]
r1525  fit  28.538  mse  28.538  neurons 50.00 (min 50 max 50)  syn  819.7  held-out best  22.777  [2740.2s]
r1550  fit  27.553  mse  27.553  neurons 50.00 (min 50 max 50)  syn  817.9  held-out best  28.304  [2787.3s]
r1575  fit  28.490  mse  28.490  neurons 50.00 (min 50 max 50)  syn  820.5  held-out best  28.304  [2833.5s]
r1600  fit  27.815  mse  27.815  neurons 50.00 (min 50 max 50)  syn  821.7  held-out best  28.304  [2880.7s]
r1625  fit  27.780  mse  27.780  neurons 50.00 (min 50 max 50)  syn  822.7  held-out best  28.304  [2927.4s]
r1650  fit  28.990  mse  28.990  neurons 50.00 (min 50 max 50)  syn  820.9  held-out best  28.304  [2974.6s]
r1675  fit  28.097  mse  28.097  neurons 50.00 (min 50 max 50)  syn  821.4  held-out best  28.304  [3021.3s]
r1699  fit  28.058  mse  28.058  neurons 50.00 (min 50 max 50)  syn  824.0  held-out best  28.304  [3066.7s]
DONE: held-out MSE 28.304 vs constant 34.152 (51.1 min)
