Loading tokenizer from /home/starost/.cache/nanochat/tokenizer
Vocab size: 32768, BOS id: 32759
V2DSDPATransformer: depth=6, E=192, H=6, E_H=32, E_QK=64, D=1456, seq_len=512
LUT: nap=6 (2^nap=64 cells), tph=1536, n_sparse=32, n_alt=1, smooth=True
Params: 59,317,632
AdamW groups: decay=21,559,296 lut_nodecay=37,748,736 nodecay=9,600
Tokens/micro-batch: 4,096 | grad_accum: 1 | effective batch: 4,096 tokens
step      1 | loss=10.4352 | lr=3.75e-07
step    100 | loss=10.1649 | lr=3.75e-05
step    200 | loss=9.5813 | lr=7.50e-05
[VAL] step 200: bpb=2.7095
step    300 | loss=8.7167 | lr=1.12e-04
step    400 | loss=7.9728 | lr=1.50e-04
[VAL] step 400: bpb=2.2762
step    500 | loss=7.5000 | lr=1.87e-04
step    600 | loss=7.2069 | lr=2.25e-04
[VAL] step 600: bpb=2.1271
step    700 | loss=7.0016 | lr=2.62e-04
step    800 | loss=6.8462 | lr=3.00e-04
[VAL] step 800: bpb=2.0553
step    900 | loss=6.7386 | lr=3.00e-04
step   1000 | loss=6.6666 | lr=2.99e-04
[VAL] step 1000: bpb=2.0155
step   1100 | loss=6.6134 | lr=2.99e-04
step   1200 | loss=6.5670 | lr=2.98e-04
[VAL] step 1200: bpb=1.9905
step   1300 | loss=6.5124 | lr=2.97e-04
step   1400 | loss=6.4938 | lr=2.95e-04
[VAL] step 1400: bpb=1.9741
step   1500 | loss=6.4716 | lr=2.94e-04
step   1600 | loss=6.4213 | lr=2.92e-04
[VAL] step 1600: bpb=1.9603
step   1700 | loss=6.4065 | lr=2.90e-04
step   1800 | loss=6.3887 | lr=2.87e-04
[VAL] step 1800: bpb=1.9486
step   1900 | loss=6.3775 | lr=2.85e-04
step   2000 | loss=6.3548 | lr=2.82e-04
[VAL] step 2000: bpb=1.9394
step   2100 | loss=6.3279 | lr=2.79e-04
step   2200 | loss=6.3158 | lr=2.76e-04
[VAL] step 2200: bpb=1.9310
step   2300 | loss=6.2995 | lr=2.72e-04
step   2400 | loss=6.2940 | lr=2.68e-04
[VAL] step 2400: bpb=1.9235
step   2500 | loss=6.2837 | lr=2.65e-04
step   2600 | loss=6.2761 | lr=2.60e-04
[VAL] step 2600: bpb=1.9131
step   2700 | loss=6.2476 | lr=2.56e-04
step   2800 | loss=6.2418 | lr=2.52e-04
[VAL] step 2800: bpb=1.9057
step   2900 | loss=6.2214 | lr=2.47e-04
step   3000 | loss=6.2136 | lr=2.42e-04
[VAL] step 3000: bpb=1.8972
step   3100 | loss=6.2035 | lr=2.38e-04
step   3200 | loss=6.1933 | lr=2.32e-04
[VAL] step 3200: bpb=1.8892
step   3300 | loss=6.1873 | lr=2.27e-04
step   3400 | loss=6.1546 | lr=2.22e-04
[VAL] step 3400: bpb=1.8830
step   3500 | loss=6.1471 | lr=2.17e-04
step   3600 | loss=6.1540 | lr=2.11e-04
[VAL] step 3600: bpb=1.8789
step   3700 | loss=6.1372 | lr=2.06e-04
step   3800 | loss=6.1287 | lr=2.00e-04
[VAL] step 3800: bpb=1.8745
step   3900 | loss=6.1064 | lr=1.94e-04
step   4000 | loss=6.0939 | lr=1.88e-04
[VAL] step 4000: bpb=1.8676
step   4100 | loss=6.1175 | lr=1.83e-04
step   4200 | loss=6.0914 | lr=1.77e-04
[VAL] step 4200: bpb=1.8623
step   4300 | loss=6.0945 | lr=1.71e-04
step   4400 | loss=6.0810 | lr=1.65e-04
[VAL] step 4400: bpb=1.8577
step   4500 | loss=6.0729 | lr=1.59e-04
step   4600 | loss=6.0608 | lr=1.53e-04
[VAL] step 4600: bpb=1.8518
step   4700 | loss=6.0651 | lr=1.47e-04
step   4800 | loss=6.0621 | lr=1.42e-04
[VAL] step 4800: bpb=1.8467
step   4900 | loss=6.0365 | lr=1.36e-04
step   5000 | loss=6.0322 | lr=1.30e-04
[VAL] step 5000: bpb=1.8410
step   5100 | loss=6.0169 | lr=1.24e-04
step   5200 | loss=6.0000 | lr=1.19e-04
[VAL] step 5200: bpb=1.8355
step   5300 | loss=5.9890 | lr=1.13e-04
step   5400 | loss=5.9754 | lr=1.08e-04
[VAL] step 5400: bpb=1.8325
step   5500 | loss=5.9737 | lr=1.03e-04
step   5600 | loss=5.9872 | lr=9.75e-05
[VAL] step 5600: bpb=1.8292
step   5700 | loss=5.9732 | lr=9.25e-05
step   5800 | loss=5.9666 | lr=8.76e-05
[VAL] step 5800: bpb=1.8258
step   5900 | loss=5.9699 | lr=8.28e-05
step   6000 | loss=5.9558 | lr=7.82e-05
[VAL] step 6000: bpb=1.8219
step   6100 | loss=5.9438 | lr=7.38e-05
step   6200 | loss=5.9385 | lr=6.95e-05
[VAL] step 6200: bpb=1.8185
step   6300 | loss=5.9415 | lr=6.55e-05
step   6400 | loss=5.9256 | lr=6.16e-05
[VAL] step 6400: bpb=1.8155
step   6500 | loss=5.9179 | lr=5.79e-05
step   6600 | loss=5.9254 | lr=5.44e-05
[VAL] step 6600: bpb=1.8124
step   6700 | loss=5.9193 | lr=5.11e-05
step   6800 | loss=5.9104 | lr=4.81e-05
[VAL] step 6800: bpb=1.8091
step   6900 | loss=5.9092 | lr=4.53e-05
step   7000 | loss=5.9066 | lr=4.26e-05
[VAL] step 7000: bpb=1.8076
step   7100 | loss=5.9000 | lr=4.03e-05
step   7200 | loss=5.9030 | lr=3.81e-05
[VAL] step 7200: bpb=1.8061
step   7300 | loss=5.8929 | lr=3.62e-05
step   7400 | loss=5.9012 | lr=3.46e-05
[VAL] step 7400: bpb=1.8036
step   7500 | loss=5.8894 | lr=3.32e-05
step   7600 | loss=5.8797 | lr=3.21e-05
[VAL] step 7600: bpb=1.8019
step   7700 | loss=5.8693 | lr=3.12e-05
step   7800 | loss=5.8813 | lr=3.05e-05
[VAL] step 7800: bpb=1.7999
step   7900 | loss=5.8784 | lr=3.01e-05
step   8000 | loss=5.8697 | lr=3.00e-05
[VAL] step 8000: bpb=1.7991

=== DONE ===
{
  "exp_name": "exp209_e192_qk64",
  "best_val_bpb": 1.7990573147124973,
  "final_val_bpb": 1.7990573147124973,
  "total_params": 59317632,
  "training_time_hours": 0.38
}
