BIT task: target = 1[ x_norm[0] > x_norm[16] ]  P(1) train 0.4796  held-out 0.5080
RANDOM init: 512 independent genomes, 8 exc + 0 inh active (E-frac 1.000), ~104 synapses each
r   0  fit   0.159  mse   0.159  neurons  8.00 (min 8 max 8)  syn  104.3  held-out best   0.198  [   1.3s]
r  25  fit   0.130  mse   0.130  neurons  8.00 (min 8 max 8)  syn  101.2  held-out best   0.127  [  18.0s]
r  50  fit   0.116  mse   0.116  neurons  8.00 (min 8 max 8)  syn  100.3  held-out best   0.129  [  35.1s]
r  75  fit   0.124  mse   0.124  neurons  8.00 (min 8 max 8)  syn   99.6  held-out best   0.133  [  51.3s]
r 100  fit   0.124  mse   0.124  neurons  8.00 (min 8 max 8)  syn   98.2  held-out best   0.133  [  67.7s]
r 125  fit   0.124  mse   0.124  neurons  8.00 (min 8 max 8)  syn   98.1  held-out best   0.133  [  83.6s]
r 150  fit   0.133  mse   0.133  neurons  8.00 (min 8 max 8)  syn   98.0  held-out best   0.133  [  99.6s]
r 175  fit   0.122  mse   0.122  neurons  8.00 (min 8 max 8)  syn   97.0  held-out best   0.133  [ 115.3s]
r 200  fit   0.119  mse   0.119  neurons  8.00 (min 8 max 8)  syn   98.8  held-out best   0.133  [ 131.3s]
r 225  fit   0.126  mse   0.126  neurons  8.00 (min 8 max 8)  syn   99.7  held-out best   0.133  [ 147.1s]
r 250  fit   0.121  mse   0.121  neurons  8.00 (min 8 max 8)  syn   98.7  held-out best   0.133  [ 163.2s]
r 275  fit   0.105  mse   0.105  neurons  8.00 (min 8 max 8)  syn   98.9  held-out best   0.127  [ 179.1s]
r 300  fit   0.104  mse   0.104  neurons  8.00 (min 8 max 8)  syn  100.1  held-out best   0.156  [ 195.2s]
r 325  fit   0.112  mse   0.112  neurons  8.00 (min 8 max 8)  syn  100.5  held-out best   0.135  [ 211.2s]
r 350  fit   0.117  mse   0.117  neurons  8.00 (min 8 max 8)  syn  100.1  held-out best   0.135  [ 227.0s]
r 375  fit   0.110  mse   0.110  neurons  8.00 (min 8 max 8)  syn  101.0  held-out best   0.135  [ 242.7s]
r 400  fit   0.106  mse   0.106  neurons  8.00 (min 8 max 8)  syn  101.6  held-out best   0.135  [ 258.7s]
r 425  fit   0.112  mse   0.112  neurons  8.00 (min 8 max 8)  syn  102.0  held-out best   0.136  [ 274.6s]
r 450  fit   0.100  mse   0.100  neurons  8.00 (min 8 max 8)  syn  102.5  held-out best   0.135  [ 290.5s]
r 475  fit   0.096  mse   0.096  neurons  8.00 (min 8 max 8)  syn  102.2  held-out best   0.135  [ 306.6s]
r 500  fit   0.096  mse   0.096  neurons  8.00 (min 8 max 8)  syn  101.2  held-out best   0.135  [ 322.5s]
r 525  fit   0.097  mse   0.097  neurons  8.00 (min 8 max 8)  syn  100.7  held-out best   0.131  [ 338.2s]
r 550  fit   0.096  mse   0.096  neurons  8.00 (min 8 max 8)  syn  100.3  held-out best   0.133  [ 354.0s]
r 575  fit   0.104  mse   0.104  neurons  8.00 (min 8 max 8)  syn  100.2  held-out best   0.133  [ 369.7s]
r 600  fit   0.104  mse   0.104  neurons  8.00 (min 8 max 8)  syn   99.9  held-out best   0.131  [ 385.9s]
r 625  fit   0.088  mse   0.088  neurons  8.00 (min 8 max 8)  syn   99.7  held-out best   0.131  [ 401.8s]
r 650  fit   0.104  mse   0.104  neurons  8.00 (min 8 max 8)  syn   99.5  held-out best   0.131  [ 418.0s]
r 675  fit   0.093  mse   0.093  neurons  8.00 (min 8 max 8)  syn   97.8  held-out best   0.131  [ 433.8s]
r 700  fit   0.107  mse   0.107  neurons  8.00 (min 8 max 8)  syn   98.3  held-out best   0.132  [ 449.7s]
r 725  fit   0.097  mse   0.097  neurons  8.00 (min 8 max 8)  syn   97.7  held-out best   0.132  [ 465.3s]
r 750  fit   0.096  mse   0.096  neurons  8.00 (min 8 max 8)  syn   98.6  held-out best   0.132  [ 481.3s]
r 775  fit   0.104  mse   0.104  neurons  8.00 (min 8 max 8)  syn   98.1  held-out best   0.132  [ 497.0s]
r 800  fit   0.090  mse   0.090  neurons  8.00 (min 8 max 8)  syn   97.4  held-out best   0.132  [ 513.1s]
r 825  fit   0.093  mse   0.093  neurons  8.00 (min 8 max 8)  syn   98.2  held-out best   0.132  [ 528.6s]
r 850  fit   0.097  mse   0.097  neurons  8.00 (min 8 max 8)  syn   98.9  held-out best   0.132  [ 544.4s]
r 875  fit   0.099  mse   0.099  neurons  8.00 (min 8 max 8)  syn   98.6  held-out best   0.132  [ 560.4s]
r 900  fit   0.099  mse   0.099  neurons  8.00 (min 8 max 8)  syn   98.8  held-out best   0.132  [ 576.3s]
r 925  fit   0.089  mse   0.089  neurons  8.00 (min 8 max 8)  syn   98.4  held-out best   0.132  [ 592.1s]
r 950  fit   0.096  mse   0.096  neurons  8.00 (min 8 max 8)  syn   99.2  held-out best   0.132  [ 607.9s]
r 975  fit   0.098  mse   0.098  neurons  8.00 (min 8 max 8)  syn   99.0  held-out best   0.132  [ 623.8s]
r1000  fit   0.084  mse   0.084  neurons  8.00 (min 8 max 8)  syn   99.5  held-out best   0.132  [ 639.7s]
r1025  fit   0.097  mse   0.097  neurons  8.00 (min 8 max 8)  syn   99.5  held-out best   0.132  [ 655.7s]
r1050  fit   0.107  mse   0.107  neurons  8.00 (min 8 max 8)  syn  100.2  held-out best   0.132  [ 671.7s]
r1075  fit   0.095  mse   0.095  neurons  8.00 (min 8 max 8)  syn  100.3  held-out best   0.132  [ 687.4s]
r1100  fit   0.098  mse   0.098  neurons  8.00 (min 8 max 8)  syn  101.1  held-out best   0.132  [ 703.3s]
r1125  fit   0.093  mse   0.093  neurons  8.00 (min 8 max 8)  syn  101.0  held-out best   0.132  [ 718.9s]
r1150  fit   0.106  mse   0.106  neurons  8.00 (min 8 max 8)  syn  100.6  held-out best   0.132  [ 734.7s]
r1175  fit   0.106  mse   0.106  neurons  8.00 (min 8 max 8)  syn   99.5  held-out best   0.132  [ 750.4s]
r1200  fit   0.099  mse   0.099  neurons  8.00 (min 8 max 8)  syn   99.8  held-out best   0.132  [ 765.9s]
r1225  fit   0.098  mse   0.098  neurons  8.00 (min 8 max 8)  syn  100.1  held-out best   0.132  [ 781.3s]
r1250  fit   0.092  mse   0.092  neurons  8.00 (min 8 max 8)  syn  100.1  held-out best   0.132  [ 796.8s]
r1275  fit   0.092  mse   0.092  neurons  8.00 (min 8 max 8)  syn  100.9  held-out best   0.132  [ 812.4s]
r1300  fit   0.093  mse   0.093  neurons  8.00 (min 8 max 8)  syn  100.8  held-out best   0.132  [ 828.1s]
r1325  fit   0.083  mse   0.083  neurons  8.00 (min 8 max 8)  syn  100.9  held-out best   0.132  [ 843.8s]
r1350  fit   0.093  mse   0.093  neurons  8.00 (min 8 max 8)  syn  101.5  held-out best   0.132  [ 859.8s]
r1375  fit   0.103  mse   0.103  neurons  8.00 (min 8 max 8)  syn  101.7  held-out best   0.132  [ 875.3s]
r1400  fit   0.101  mse   0.101  neurons  8.00 (min 8 max 8)  syn  102.1  held-out best   0.132  [ 891.1s]
r1425  fit   0.092  mse   0.092  neurons  8.00 (min 8 max 8)  syn  102.0  held-out best   0.132  [ 907.0s]
r1450  fit   0.086  mse   0.086  neurons  8.00 (min 8 max 8)  syn  102.2  held-out best   0.132  [ 923.1s]
r1475  fit   0.093  mse   0.093  neurons  8.00 (min 8 max 8)  syn  101.9  held-out best   0.132  [ 938.7s]
r1500  fit   0.104  mse   0.104  neurons  8.00 (min 8 max 8)  syn  101.5  held-out best   0.132  [ 954.6s]
r1525  fit   0.096  mse   0.096  neurons  8.00 (min 8 max 8)  syn  101.9  held-out best   0.132  [ 970.4s]
r1550  fit   0.098  mse   0.098  neurons  8.00 (min 8 max 8)  syn  101.6  held-out best   0.132  [ 986.4s]
r1575  fit   0.104  mse   0.104  neurons  8.00 (min 8 max 8)  syn  101.7  held-out best   0.132  [1002.7s]
r1600  fit   0.102  mse   0.102  neurons  8.00 (min 8 max 8)  syn  101.5  held-out best   0.132  [1018.7s]
r1625  fit   0.100  mse   0.100  neurons  8.00 (min 8 max 8)  syn  102.2  held-out best   0.132  [1034.4s]
r1650  fit   0.098  mse   0.098  neurons  8.00 (min 8 max 8)  syn  102.3  held-out best   0.132  [1050.4s]
r1675  fit   0.089  mse   0.089  neurons  8.00 (min 8 max 8)  syn  102.3  held-out best   0.132  [1066.2s]
r1699  fit   0.093  mse   0.093  neurons  8.00 (min 8 max 8)  syn  102.9  held-out best   0.132  [1081.3s]
DONE: held-out MSE 0.132 vs constant 0.250 (18.0 min)
