Loading tokenizer from /home/starost/.cache/nanochat/tokenizer
Vocab size: 32768, BOS id: 32759
Total params (all fp32): 264,177,158
Q/K Joint MHLut: in_nap=8 tph=96 d_qk=32 (n_outputs=2*d_qk=64)
V MHLut:         in_nap=8 tph=96 d_v=32 (n_outputs=d_v)
out_proj MHLut:  in_nap=6 tph=3056 (n_outputs=E=64) + LayerNorm
Tokens/micro-batch: 4,096 | grad_accum: 1 | effective batch: 4,096 tokens
step      1 | loss=10.4232 | lr=3.75e-07
step    100 | loss=9.6091 | lr=3.75e-05
step    200 | loss=8.3782 | lr=7.50e-05
[VAL] step 200: bpb=2.3522
step    300 | loss=7.8349 | lr=1.12e-04
step    400 | loss=7.3731 | lr=1.50e-04
[VAL] step 400: bpb=2.1206
step    500 | loss=6.9932 | lr=1.87e-04
step    600 | loss=6.7978 | lr=2.25e-04
[VAL] step 600: bpb=2.0252
step    700 | loss=6.6680 | lr=2.62e-04
step    800 | loss=6.5712 | lr=3.00e-04
[VAL] step 800: bpb=1.9864
step    900 | loss=6.4985 | lr=3.00e-04
step   1000 | loss=6.4440 | lr=2.99e-04
[VAL] step 1000: bpb=1.9566
step   1100 | loss=6.3984 | lr=2.99e-04
step   1200 | loss=6.3560 | lr=2.98e-04
[VAL] step 1200: bpb=1.9255
step   1300 | loss=6.3000 | lr=2.97e-04
step   1400 | loss=6.2741 | lr=2.95e-04
[VAL] step 1400: bpb=1.9058
step   1500 | loss=6.2389 | lr=2.94e-04
step   1600 | loss=6.1746 | lr=2.92e-04
[VAL] step 1600: bpb=1.8806
step   1700 | loss=6.1434 | lr=2.90e-04
step   1800 | loss=6.1078 | lr=2.87e-04
[VAL] step 1800: bpb=1.8565
step   1900 | loss=6.0749 | lr=2.85e-04
step   2000 | loss=6.0358 | lr=2.82e-04
[VAL] step 2000: bpb=1.8385
step   2100 | loss=5.9899 | lr=2.79e-04
step   2200 | loss=5.9631 | lr=2.76e-04
[VAL] step 2200: bpb=1.8243
step   2300 | loss=5.9397 | lr=2.72e-04
step   2400 | loss=5.9298 | lr=2.68e-04
[VAL] step 2400: bpb=1.8085
step   2500 | loss=5.9086 | lr=2.65e-04
step   2600 | loss=5.8924 | lr=2.60e-04
[VAL] step 2600: bpb=1.7950
step   2700 | loss=5.8571 | lr=2.56e-04
step   2800 | loss=5.8433 | lr=2.52e-04
[VAL] step 2800: bpb=1.7850
step   2900 | loss=5.8177 | lr=2.47e-04
step   3000 | loss=5.8035 | lr=2.42e-04
[VAL] step 3000: bpb=1.7762
step   3100 | loss=5.7878 | lr=2.38e-04
step   3200 | loss=5.7737 | lr=2.32e-04
[VAL] step 3200: bpb=1.7628
step   3300 | loss=5.7626 | lr=2.27e-04
step   3400 | loss=5.7244 | lr=2.22e-04
[VAL] step 3400: bpb=1.7572
step   3500 | loss=5.7152 | lr=2.17e-04
step   3600 | loss=5.7239 | lr=2.11e-04
[VAL] step 3600: bpb=1.7510
step   3700 | loss=5.6983 | lr=2.06e-04
step   3800 | loss=5.6880 | lr=2.00e-04
[VAL] step 3800: bpb=1.7435
step   3900 | loss=5.6630 | lr=1.94e-04
step   4000 | loss=5.6450 | lr=1.88e-04
[VAL] step 4000: bpb=1.7334
step   4100 | loss=5.6732 | lr=1.83e-04
step   4200 | loss=5.6451 | lr=1.77e-04
[VAL] step 4200: bpb=1.7302
step   4300 | loss=5.6487 | lr=1.71e-04
step   4400 | loss=5.6364 | lr=1.65e-04
[VAL] step 4400: bpb=1.7243
step   4500 | loss=5.6230 | lr=1.59e-04
step   4600 | loss=5.6099 | lr=1.53e-04
[VAL] step 4600: bpb=1.7177
step   4700 | loss=5.6114 | lr=1.47e-04
step   4800 | loss=5.6096 | lr=1.42e-04
[VAL] step 4800: bpb=1.7117
step   4900 | loss=5.5838 | lr=1.36e-04
step   5000 | loss=5.5794 | lr=1.30e-04
[VAL] step 5000: bpb=1.7075
step   5100 | loss=5.5667 | lr=1.24e-04
step   5200 | loss=5.5490 | lr=1.19e-04
[VAL] step 5200: bpb=1.7030
step   5300 | loss=5.5348 | lr=1.13e-04
step   5400 | loss=5.5209 | lr=1.08e-04
[VAL] step 5400: bpb=1.6979
step   5500 | loss=5.5280 | lr=1.03e-04
step   5600 | loss=5.5427 | lr=9.75e-05
[VAL] step 5600: bpb=1.6926
step   5700 | loss=5.5253 | lr=9.25e-05
step   5800 | loss=5.5163 | lr=8.76e-05
[VAL] step 5800: bpb=1.6917
step   5900 | loss=5.5182 | lr=8.28e-05
step   6000 | loss=5.5085 | lr=7.82e-05
[VAL] step 6000: bpb=1.6870
step   6100 | loss=5.4948 | lr=7.38e-05
step   6200 | loss=5.4921 | lr=6.95e-05
[VAL] step 6200: bpb=1.6846
step   6300 | loss=5.4953 | lr=6.55e-05
step   6400 | loss=5.4798 | lr=6.16e-05
[VAL] step 6400: bpb=1.6804
step   6500 | loss=5.4697 | lr=5.79e-05
step   6600 | loss=5.4754 | lr=5.44e-05
[VAL] step 6600: bpb=1.6785
step   6700 | loss=5.4709 | lr=5.11e-05
step   6800 | loss=5.4621 | lr=4.81e-05
[VAL] step 6800: bpb=1.6763
step   6900 | loss=5.4611 | lr=4.53e-05
step   7000 | loss=5.4616 | lr=4.26e-05
[VAL] step 7000: bpb=1.6747
step   7100 | loss=5.4542 | lr=4.03e-05
step   7200 | loss=5.4573 | lr=3.81e-05
[VAL] step 7200: bpb=1.6725
step   7300 | loss=5.4455 | lr=3.62e-05
step   7400 | loss=5.4578 | lr=3.46e-05
[VAL] step 7400: bpb=1.6708
step   7500 | loss=5.4441 | lr=3.32e-05
step   7600 | loss=5.4375 | lr=3.21e-05
[VAL] step 7600: bpb=1.6683
step   7700 | loss=5.4287 | lr=3.12e-05
step   7800 | loss=5.4421 | lr=3.05e-05
[VAL] step 7800: bpb=1.6669
step   7900 | loss=5.4392 | lr=3.01e-05
step   8000 | loss=5.4312 | lr=3.00e-05
[VAL] step 8000: bpb=1.6666

=== DONE ===
{
  "exp_name": "exp179_v_tph96",
  "best_val_bpb": 1.6665803390011207,
  "final_val_bpb": 1.6665803390011207,
  "n_params": 264177158,
  "training_time_hours": 0.576
}
