RANDOM init: 512 independent genomes, 8 exc + 0 inh active (E-frac 1.000), ~104 synapses each
r   0  fit  27.755  mse  27.755  neurons  8.00 (min 8 max 8)  syn  104.3  held-out best  32.046  [   1.5s]
r  25  fit  29.241  mse  29.241  neurons  8.00 (min 8 max 8)  syn  101.1  held-out best  31.071  [  18.1s]
r  50  fit  26.236  mse  26.236  neurons  8.00 (min 8 max 8)  syn   98.9  held-out best  21.170  [  34.9s]
r  75  fit  28.117  mse  28.117  neurons  8.00 (min 8 max 8)  syn   97.5  held-out best  29.642  [  51.0s]
r 100  fit  25.260  mse  25.260  neurons  8.00 (min 8 max 8)  syn   98.9  held-out best  29.672  [  67.6s]
r 125  fit  25.055  mse  25.055  neurons  8.00 (min 8 max 8)  syn   99.6  held-out best  24.183  [  84.1s]
r 150  fit  24.335  mse  24.335  neurons  8.00 (min 8 max 8)  syn  101.3  held-out best  25.310  [ 101.0s]
r 175  fit  23.532  mse  23.532  neurons  8.00 (min 8 max 8)  syn  101.6  held-out best  25.310  [ 117.6s]
r 200  fit  23.783  mse  23.783  neurons  8.00 (min 8 max 8)  syn  102.0  held-out best  25.310  [ 134.1s]
r 225  fit  26.391  mse  26.391  neurons  8.00 (min 8 max 8)  syn  102.9  held-out best  23.664  [ 150.5s]
r 250  fit  23.292  mse  23.292  neurons  8.00 (min 8 max 8)  syn  103.0  held-out best  23.664  [ 167.4s]
r 275  fit  23.608  mse  23.608  neurons  8.00 (min 8 max 8)  syn  103.4  held-out best  23.527  [ 184.2s]
r 300  fit  23.167  mse  23.167  neurons  8.00 (min 8 max 8)  syn  103.1  held-out best  23.527  [ 201.0s]
r 325  fit  22.039  mse  22.039  neurons  8.00 (min 8 max 8)  syn  102.8  held-out best  23.527  [ 217.8s]
r 350  fit  22.806  mse  22.806  neurons  8.00 (min 8 max 8)  syn  103.2  held-out best  23.527  [ 234.5s]
r 375  fit  23.889  mse  23.889  neurons  8.00 (min 8 max 8)  syn  102.0  held-out best  23.527  [ 251.2s]
r 400  fit  19.882  mse  19.882  neurons  8.00 (min 8 max 8)  syn  102.9  held-out best  22.614  [ 267.9s]
r 425  fit  23.528  mse  23.528  neurons  8.00 (min 8 max 8)  syn  102.3  held-out best  22.614  [ 284.2s]
r 450  fit  23.795  mse  23.795  neurons  8.00 (min 8 max 8)  syn  101.7  held-out best  22.614  [ 300.7s]
r 475  fit  22.163  mse  22.163  neurons  8.00 (min 8 max 8)  syn  102.0  held-out best  22.614  [ 317.1s]
r 500  fit  22.075  mse  22.075  neurons  8.00 (min 8 max 8)  syn  101.5  held-out best  22.614  [ 333.3s]
r 525  fit  22.382  mse  22.382  neurons  8.00 (min 8 max 8)  syn  102.6  held-out best  22.614  [ 349.2s]
r 550  fit  21.383  mse  21.383  neurons  8.00 (min 8 max 8)  syn  103.1  held-out best  22.614  [ 365.3s]
r 575  fit  21.572  mse  21.572  neurons  8.00 (min 8 max 8)  syn  102.3  held-out best  22.614  [ 381.3s]
r 600  fit  23.009  mse  23.009  neurons  8.00 (min 8 max 8)  syn  102.6  held-out best  22.542  [ 397.7s]
r 625  fit  22.597  mse  22.597  neurons  8.00 (min 8 max 8)  syn  101.7  held-out best  22.542  [ 413.7s]
r 650  fit  21.141  mse  21.141  neurons  8.00 (min 8 max 8)  syn  101.5  held-out best  22.542  [ 430.0s]
r 675  fit  24.232  mse  24.232  neurons  8.00 (min 8 max 8)  syn  101.4  held-out best  22.542  [ 446.3s]
r 700  fit  22.146  mse  22.146  neurons  8.00 (min 8 max 8)  syn  101.0  held-out best  22.542  [ 462.3s]
r 725  fit  21.597  mse  21.597  neurons  8.00 (min 8 max 8)  syn  101.5  held-out best  22.542  [ 478.1s]
r 750  fit  20.855  mse  20.855  neurons  8.00 (min 8 max 8)  syn  101.2  held-out best  22.691  [ 494.1s]
r 775  fit  21.437  mse  21.437  neurons  8.00 (min 8 max 8)  syn  101.1  held-out best  22.691  [ 510.0s]
r 800  fit  21.411  mse  21.411  neurons  8.00 (min 8 max 8)  syn  101.0  held-out best  22.691  [ 526.0s]
r 825  fit  23.194  mse  23.194  neurons  8.00 (min 8 max 8)  syn  100.9  held-out best  22.691  [ 541.7s]
r 850  fit  21.623  mse  21.623  neurons  8.00 (min 8 max 8)  syn  100.5  held-out best  22.691  [ 557.6s]
r 875  fit  20.079  mse  20.079  neurons  8.00 (min 8 max 8)  syn  100.2  held-out best  22.691  [ 573.6s]
r 900  fit  21.791  mse  21.791  neurons  8.00 (min 8 max 8)  syn  100.4  held-out best  22.691  [ 589.7s]
r 925  fit  21.633  mse  21.633  neurons  8.00 (min 8 max 8)  syn  100.2  held-out best  22.691  [ 605.5s]
r 950  fit  22.059  mse  22.059  neurons  8.00 (min 8 max 8)  syn  101.0  held-out best  22.691  [ 621.5s]
r 975  fit  23.400  mse  23.400  neurons  8.00 (min 8 max 8)  syn  100.3  held-out best  22.691  [ 637.8s]
r1000  fit  20.449  mse  20.449  neurons  8.00 (min 8 max 8)  syn  100.7  held-out best  22.691  [ 654.2s]
r1025  fit  20.910  mse  20.910  neurons  8.00 (min 8 max 8)  syn   99.7  held-out best  22.691  [ 670.5s]
r1050  fit  23.151  mse  23.151  neurons  8.00 (min 8 max 8)  syn   99.7  held-out best  22.691  [ 686.8s]
r1075  fit  22.059  mse  22.059  neurons  8.00 (min 8 max 8)  syn   99.9  held-out best  22.691  [ 702.1s]
r1100  fit  20.587  mse  20.587  neurons  8.00 (min 8 max 8)  syn  100.4  held-out best  22.691  [ 719.2s]
r1125  fit  23.106  mse  23.106  neurons  8.00 (min 8 max 8)  syn  101.7  held-out best  22.691  [ 738.0s]
r1150  fit  22.425  mse  22.425  neurons  8.00 (min 8 max 8)  syn  101.0  held-out best  22.691  [ 757.1s]
r1175  fit  21.372  mse  21.372  neurons  8.00 (min 8 max 8)  syn  101.7  held-out best  22.691  [ 775.8s]
r1200  fit  24.497  mse  24.497  neurons  8.00 (min 8 max 8)  syn  101.4  held-out best  22.691  [ 794.9s]
r1225  fit  20.892  mse  20.892  neurons  8.00 (min 8 max 8)  syn  101.3  held-out best  22.691  [ 811.4s]
r1250  fit  22.717  mse  22.717  neurons  8.00 (min 8 max 8)  syn  101.5  held-out best  22.691  [ 828.0s]
r1275  fit  21.888  mse  21.888  neurons  8.00 (min 8 max 8)  syn  101.9  held-out best  22.691  [ 843.5s]
r1300  fit  21.256  mse  21.256  neurons  8.00 (min 8 max 8)  syn  103.4  held-out best  22.691  [ 861.8s]
r1325  fit  20.914  mse  20.914  neurons  8.00 (min 8 max 8)  syn  102.8  held-out best  22.691  [ 880.8s]
r1350  fit  24.015  mse  24.015  neurons  8.00 (min 8 max 8)  syn  103.2  held-out best  21.999  [ 899.9s]
r1375  fit  20.893  mse  20.893  neurons  8.00 (min 8 max 8)  syn  103.3  held-out best  21.999  [ 918.8s]
r1400  fit  21.568  mse  21.568  neurons  8.00 (min 8 max 8)  syn  103.4  held-out best  22.783  [ 937.4s]
r1425  fit  21.330  mse  21.330  neurons  8.00 (min 8 max 8)  syn  103.7  held-out best  22.783  [ 952.7s]
r1450  fit  22.463  mse  22.463  neurons  8.00 (min 8 max 8)  syn  103.3  held-out best  22.783  [ 971.9s]
r1475  fit  21.160  mse  21.160  neurons  8.00 (min 8 max 8)  syn  103.1  held-out best  22.783  [ 990.4s]
r1500  fit  20.974  mse  20.974  neurons  8.00 (min 8 max 8)  syn  103.1  held-out best  22.783  [1009.4s]
r1525  fit  19.497  mse  19.497  neurons  8.00 (min 8 max 8)  syn  103.5  held-out best  22.783  [1028.2s]
r1550  fit  22.306  mse  22.306  neurons  8.00 (min 8 max 8)  syn  103.1  held-out best  22.783  [1046.8s]
r1575  fit  20.228  mse  20.228  neurons  8.00 (min 8 max 8)  syn  103.1  held-out best  22.783  [1063.0s]
r1600  fit  19.688  mse  19.688  neurons  8.00 (min 8 max 8)  syn  103.7  held-out best  22.783  [1079.3s]
r1625  fit  20.228  mse  20.228  neurons  8.00 (min 8 max 8)  syn  103.1  held-out best  22.783  [1095.5s]
r1650  fit  21.265  mse  21.265  neurons  8.00 (min 8 max 8)  syn  103.3  held-out best  22.783  [1112.1s]
r1675  fit  20.807  mse  20.807  neurons  8.00 (min 8 max 8)  syn  103.7  held-out best  22.783  [1127.7s]
r1699  fit  21.247  mse  21.247  neurons  8.00 (min 8 max 8)  syn  104.4  held-out best  22.783  [1141.4s]
DONE: held-out MSE 22.783 vs constant 29.384 (19.0 min)
