Loading tokenizer from /home/starost/.cache/nanochat/tokenizer
Vocab size: 32768, BOS id: 32759
bit LUTs: 18
Adam-managed parameters: 53,252,614
Q/K BitPermLUT: in_nap=5 out_nap=24 tph=512 d_qk=32 P_qk=496
V BitPermLUT:   in_nap=5 out_nap=16 tph=512 d_v=16 P_v=120
Out BitPermLUT: in_nap=8 out_nap=32 tph=[2048, 2048, 1024, 1024, 1024, 1024]
Tokens/micro-batch: 4,096 | grad_accum: 1 | effective batch: 4,096 tokens
step      1 | loss=10.4339 | lr=3.75e-07
step    100 | loss=9.8668 | lr=3.75e-05
step    200 | loss=8.5224 | lr=7.50e-05
[VAL] step 200: bpb=2.3599
step    300 | loss=7.9233 | lr=1.12e-04
step    400 | loss=7.6037 | lr=1.50e-04
[VAL] step 400: bpb=2.2625
step    500 | loss=7.3881 | lr=1.87e-04
step    600 | loss=7.2671 | lr=2.25e-04
[VAL] step 600: bpb=2.1970
step    700 | loss=7.1630 | lr=2.62e-04
step    800 | loss=7.0554 | lr=3.00e-04
[VAL] step 800: bpb=2.1392
step    900 | loss=6.9600 | lr=3.00e-04
step   1000 | loss=6.8705 | lr=2.99e-04
[VAL] step 1000: bpb=2.0736
step   1100 | loss=6.7819 | lr=2.99e-04
step   1200 | loss=6.7029 | lr=2.98e-04
[VAL] step 1200: bpb=2.0239
step   1300 | loss=6.6204 | lr=2.97e-04
step   1400 | loss=6.5769 | lr=2.95e-04
[VAL] step 1400: bpb=1.9972
step   1500 | loss=6.5361 | lr=2.94e-04
step   1600 | loss=6.4697 | lr=2.92e-04
[VAL] step 1600: bpb=1.9709
step   1700 | loss=6.4425 | lr=2.90e-04
step   1800 | loss=6.4214 | lr=2.87e-04
[VAL] step 1800: bpb=1.9549
step   1900 | loss=6.3994 | lr=2.85e-04
step   2000 | loss=6.3762 | lr=2.82e-04
[VAL] step 2000: bpb=1.9443
step   2100 | loss=6.3477 | lr=2.79e-04
step   2200 | loss=6.3312 | lr=2.76e-04
[VAL] step 2200: bpb=1.9365
step   2300 | loss=6.3110 | lr=2.72e-04
step   2400 | loss=6.3035 | lr=2.68e-04
[VAL] step 2400: bpb=1.9257
step   2500 | loss=6.2914 | lr=2.65e-04
step   2600 | loss=6.2857 | lr=2.60e-04
[VAL] step 2600: bpb=1.9194
step   2700 | loss=6.2578 | lr=2.56e-04
step   2800 | loss=6.2535 | lr=2.52e-04
[VAL] step 2800: bpb=1.9130
step   2900 | loss=6.2351 | lr=2.47e-04
step   3000 | loss=6.2323 | lr=2.42e-04
[VAL] step 3000: bpb=1.9079
step   3100 | loss=6.2204 | lr=2.38e-04
step   3200 | loss=6.2149 | lr=2.32e-04
[VAL] step 3200: bpb=1.8994
step   3300 | loss=6.2082 | lr=2.27e-04
step   3400 | loss=6.1798 | lr=2.22e-04
[VAL] step 3400: bpb=1.8950
step   3500 | loss=6.1763 | lr=2.17e-04
step   3600 | loss=6.1829 | lr=2.11e-04
[VAL] step 3600: bpb=1.8892
step   3700 | loss=6.1722 | lr=2.06e-04
step   3800 | loss=6.1646 | lr=2.00e-04
[VAL] step 3800: bpb=1.8849
step   3900 | loss=6.1459 | lr=1.94e-04
step   4000 | loss=6.1376 | lr=1.88e-04
[VAL] step 4000: bpb=1.8828
step   4100 | loss=6.1649 | lr=1.83e-04
step   4200 | loss=6.1417 | lr=1.77e-04
[VAL] step 4200: bpb=1.8781
step   4300 | loss=6.1464 | lr=1.71e-04
step   4400 | loss=6.1360 | lr=1.65e-04
[VAL] step 4400: bpb=1.8741
step   4500 | loss=6.1306 | lr=1.59e-04
step   4600 | loss=6.1222 | lr=1.53e-04
[VAL] step 4600: bpb=1.8711
step   4700 | loss=6.1307 | lr=1.47e-04
step   4800 | loss=6.1280 | lr=1.42e-04
[VAL] step 4800: bpb=1.8672
step   4900 | loss=6.1046 | lr=1.36e-04
