Loading tokenizer from /home/starost/.cache/nanochat/tokenizer
Vocab size: 32768, BOS id: 32759
Building model:
Total params (all fp32): 189,962,246
Q/K Joint SparseLut: in_nap=8 tph=384 n_sparse=16 -> 2*d_qk=64 (per head, H=6)
V SparseLut:         in_nap=8 tph=384 n_sparse=16 -> d_v=64 (per head, H=6)
out_proj SparseLut:  in_nap=8 tph=2048 n_sparse=16 -> E=384
Residual:        classic skip connection (out_real + x), no residual_lut
Unembedder:      LN(384) -> Linear(384,VOCAB)
Tokens/micro-batch: 4,096 | grad_accum: 1 | effective batch: 4,096 tokens
step      1 | loss=10.5742 | lr=3.75e-07
step    100 | loss=10.1000 | lr=3.75e-05
step    200 | loss=8.9932 | lr=7.50e-05
[VAL] step 200: bpb=2.4150
step    300 | loss=8.0745 | lr=1.12e-04
step    400 | loss=7.5931 | lr=1.50e-04
[VAL] step 400: bpb=2.2059
step    500 | loss=7.2596 | lr=1.87e-04
step    600 | loss=7.0800 | lr=2.25e-04
[VAL] step 600: bpb=2.1149
step    700 | loss=6.9500 | lr=2.62e-04
step    800 | loss=6.8428 | lr=3.00e-04
[VAL] step 800: bpb=2.0662
step    900 | loss=6.7618 | lr=3.00e-04
step   1000 | loss=6.7024 | lr=2.99e-04
[VAL] step 1000: bpb=2.0333
step   1100 | loss=6.6521 | lr=2.99e-04
step   1200 | loss=6.6559 | lr=2.98e-04
[VAL] step 1200: bpb=2.0330
step   1300 | loss=6.7534 | lr=2.97e-04
step   1400 | loss=6.6830 | lr=2.95e-04
[VAL] step 1400: bpb=1.9950
step   1500 | loss=6.5828 | lr=2.94e-04
step   1600 | loss=6.4877 | lr=2.92e-04
[VAL] step 1600: bpb=1.9715
step   1700 | loss=6.4548 | lr=2.90e-04
step   1800 | loss=6.4379 | lr=2.87e-04
[VAL] step 1800: bpb=1.9659
step   1900 | loss=6.4414 | lr=2.85e-04
step   2000 | loss=6.4185 | lr=2.82e-04
[VAL] step 2000: bpb=1.9598
step   2100 | loss=6.3909 | lr=2.79e-04
step   2200 | loss=6.3823 | lr=2.76e-04
[VAL] step 2200: bpb=1.9531
step   2300 | loss=6.3616 | lr=2.72e-04
step   2400 | loss=6.3535 | lr=2.68e-04
[VAL] step 2400: bpb=1.9430
step   2500 | loss=6.3376 | lr=2.65e-04
step   2600 | loss=6.3264 | lr=2.60e-04
[VAL] step 2600: bpb=1.9317
step   2700 | loss=6.2909 | lr=2.56e-04
step   2800 | loss=6.2832 | lr=2.52e-04
[VAL] step 2800: bpb=1.9182
