Loading tokenizer from /home/starost/.cache/nanochat/tokenizer
Vocab size: 32768, BOS id: 32759
Total params (all fp32): 301,795,590
AdamW groups: decay=157,089,792 lut_nodecay=144,703,488 nodecay=2,310
Q/K Joint MHLut: in_nap=6 tph=256 d_qk=32 (n_outputs=2*d_qk=64)
V MHLut:         in_nap=8 tph=256 d_v=24 (n_outputs=d_v)
out_proj MHLut:  in_nap=6 tph=[2048, 2048, 1024, 1024, 1024, 1024] (n_outputs=E=96) + LayerNorm
Tokens/micro-batch: 4,096 | grad_accum: 1 | effective batch: 4,096 tokens
step      1 | loss=10.4153 | lr=3.75e-07
step    100 | loss=9.3662 | lr=3.75e-05
step    200 | loss=8.2375 | lr=7.50e-05
[VAL] step 200: bpb=2.3093
step    300 | loss=7.6273 | lr=1.12e-04
step    400 | loss=7.1383 | lr=1.50e-04
[VAL] step 400: bpb=2.0687
step    500 | loss=6.8296 | lr=1.87e-04
step    600 | loss=6.6806 | lr=2.25e-04
[VAL] step 600: bpb=1.9997
step    700 | loss=6.5785 | lr=2.62e-04
step    800 | loss=6.4932 | lr=3.00e-04
[VAL] step 800: bpb=1.9681
step    900 | loss=6.4265 | lr=3.00e-04
step   1000 | loss=6.3679 | lr=2.99e-04
[VAL] step 1000: bpb=1.9283
step   1100 | loss=6.3105 | lr=2.99e-04
step   1200 | loss=6.2508 | lr=2.98e-04
[VAL] step 1200: bpb=1.8865
step   1300 | loss=6.1749 | lr=2.97e-04
step   1400 | loss=6.1342 | lr=2.95e-04
[VAL] step 1400: bpb=1.8555
step   1500 | loss=6.0878 | lr=2.94e-04
step   1600 | loss=6.0193 | lr=2.92e-04
[VAL] step 1600: bpb=1.8339
step   1700 | loss=5.9932 | lr=2.90e-04
step   1800 | loss=5.9637 | lr=2.87e-04
[VAL] step 1800: bpb=1.8134
step   1900 | loss=5.9336 | lr=2.85e-04
step   2000 | loss=5.8993 | lr=2.82e-04
[VAL] step 2000: bpb=1.7993
step   2100 | loss=5.8535 | lr=2.79e-04
step   2200 | loss=5.8304 | lr=2.76e-04
[VAL] step 2200: bpb=1.7844
step   2300 | loss=5.8118 | lr=2.72e-04
step   2400 | loss=5.8058 | lr=2.68e-04
[VAL] step 2400: bpb=1.7693
step   2500 | loss=5.7876 | lr=2.65e-04
step   2600 | loss=5.7666 | lr=2.60e-04
[VAL] step 2600: bpb=1.7565
step   2700 | loss=5.7337 | lr=2.56e-04
step   2800 | loss=5.7203 | lr=2.52e-04
[VAL] step 2800: bpb=1.7467
step   2900 | loss=5.6935 | lr=2.47e-04
step   3000 | loss=5.6802 | lr=2.42e-04
[VAL] step 3000: bpb=1.7389
step   3100 | loss=5.6645 | lr=2.38e-04
step   3200 | loss=5.6520 | lr=2.32e-04
[VAL] step 3200: bpb=1.7236
step   3300 | loss=5.6408 | lr=2.27e-04
step   3400 | loss=5.6043 | lr=2.22e-04
[VAL] step 3400: bpb=1.7189
step   3500 | loss=5.5947 | lr=2.17e-04
step   3600 | loss=5.6022 | lr=2.11e-04
[VAL] step 3600: bpb=1.7169
step   3700 | loss=5.5744 | lr=2.06e-04
step   3800 | loss=5.5641 | lr=2.00e-04
[VAL] step 3800: bpb=1.7092
step   3900 | loss=5.5385 | lr=1.94e-04
step   4000 | loss=5.5205 | lr=1.88e-04
[VAL] step 4000: bpb=1.6980
step   4100 | loss=5.5501 | lr=1.83e-04
step   4200 | loss=5.5244 | lr=1.77e-04
[VAL] step 4200: bpb=1.6942
step   4300 | loss=5.5267 | lr=1.71e-04
step   4400 | loss=5.5137 | lr=1.65e-04
[VAL] step 4400: bpb=1.6885
step   4500 | loss=5.4981 | lr=1.59e-04
step   4600 | loss=5.4862 | lr=1.53e-04
[VAL] step 4600: bpb=1.6824
step   4700 | loss=5.4870 | lr=1.47e-04
step   4800 | loss=5.4853 | lr=1.42e-04
[VAL] step 4800: bpb=1.6784
step   4900 | loss=5.4603 | lr=1.36e-04
step   5000 | loss=5.4542 | lr=1.30e-04
[VAL] step 5000: bpb=1.6719
step   5100 | loss=5.4432 | lr=1.24e-04
step   5200 | loss=5.4267 | lr=1.19e-04
[VAL] step 5200: bpb=1.6665
step   5300 | loss=5.4111 | lr=1.13e-04
step   5400 | loss=5.3986 | lr=1.08e-04
[VAL] step 5400: bpb=1.6620
step   5500 | loss=5.4059 | lr=1.03e-04
step   5600 | loss=5.4206 | lr=9.75e-05
[VAL] step 5600: bpb=1.6568
step   5700 | loss=5.4050 | lr=9.25e-05
step   5800 | loss=5.3943 | lr=8.76e-05
[VAL] step 5800: bpb=1.6546
step   5900 | loss=5.3959 | lr=8.28e-05
step   6000 | loss=5.3850 | lr=7.82e-05
[VAL] step 6000: bpb=1.6511
step   6100 | loss=5.3721 | lr=7.38e-05
step   6200 | loss=5.3711 | lr=6.95e-05
[VAL] step 6200: bpb=1.6475
step   6300 | loss=5.3726 | lr=6.55e-05
step   6400 | loss=5.3578 | lr=6.16e-05
[VAL] step 6400: bpb=1.6441
step   6500 | loss=5.3469 | lr=5.79e-05
step   6600 | loss=5.3519 | lr=5.44e-05
[VAL] step 6600: bpb=1.6411
step   6700 | loss=5.3478 | lr=5.11e-05
step   6800 | loss=5.3390 | lr=4.81e-05
[VAL] step 6800: bpb=1.6393
step   6900 | loss=5.3407 | lr=4.53e-05
step   7000 | loss=5.3415 | lr=4.26e-05
[VAL] step 7000: bpb=1.6385
step   7100 | loss=5.3328 | lr=4.03e-05
step   7200 | loss=5.3363 | lr=3.81e-05
[VAL] step 7200: bpb=1.6354
step   7300 | loss=5.3226 | lr=3.62e-05
step   7400 | loss=5.3330 | lr=3.46e-05
[VAL] step 7400: bpb=1.6347
step   7500 | loss=5.3213 | lr=3.32e-05
step   7600 | loss=5.3146 | lr=3.21e-05
[VAL] step 7600: bpb=1.6323
step   7700 | loss=5.3079 | lr=3.12e-05
step   7800 | loss=5.3211 | lr=3.05e-05
[VAL] step 7800: bpb=1.6307
step   7900 | loss=5.3174 | lr=3.01e-05
step   8000 | loss=5.3102 | lr=3.00e-05
[VAL] step 8000: bpb=1.6316

=== DONE ===
{
  "exp_name": "exp191_lut_no_wd",
  "best_val_bpb": 1.6306580129036778,
  "final_val_bpb": 1.6316282586794544,
  "n_params": 301795590,
  "training_time_hours": 1.551
}
