Loading tokenizer from ~/.cache/nanochat/tokenizer
FIXED EVAL: bs48 x 100 steps, skip 12 rows (val window independent of device_batch_size=12)
[learned_margin] layer 0: init g=0.0 beta=2.0 gamma=1.0 (g FROZEN; beta, gamma learnable) gain=1.0
[learned_margin] layer 1: init g=0.0 beta=2.0 gamma=1.0 (g FROZEN; beta, gamma learnable) gain=1.0
[learned_margin] layer 2: init g=0.0 beta=2.0 gamma=1.0 (g FROZEN; beta, gamma learnable) gain=1.0
[learned_margin] layer 3: init g=0.0 beta=2.0 gamma=1.0 (g FROZEN; beta, gamma learnable) gain=1.0
[learned_margin] layer 4: init g=0.0 beta=2.0 gamma=1.0 (g FROZEN; beta, gamma learnable) gain=1.0
[learned_margin] layer 5: init g=0.0 beta=2.0 gamma=1.0 (g FROZEN; beta, gamma learnable) gain=1.0
MinimalGPT depth=6 dim=384 heads=6 seq=512 | ffn=compression tie=False | params=67,351,692
Tokens/micro-batch: 6,144 | grad_accum: 4 | effective batch: 24,576 tokens
wandb: [wandb.login()] Loaded credentials for http://<WANDB_HOST> from ~/.netrc.
wandb: Currently logged in as: <WANDB_ENTITY> to http://<WANDB_HOST>. Use `wandb login --relogin` to force relogin
wandb: Tracking run with wandb version 0.28.0
wandb: Run data is saved locally in ~/.cache/wandb/wandb/run-20260914_120435-exp_g_abl_20_B16k_light_lmfrozeng_hard_tv10_tph128_seed1_fix
wandb: Run `wandb offline` to turn off syncing.
wandb: Syncing run exp_g_abl_20_B16k_light_lmfrozeng_hard_tv10_tph128_seed1_fix
wandb: ⭐️ View project at http://<WANDB_HOST>/<WANDB_ENTITY>/Spiky
wandb: 🚀 View run at http://<WANDB_HOST>/<WANDB_ENTITY>/Spiky/runs/exp_g_abl_20_B16k_light_lmfrozeng_hard_tv10_tph128_seed1_fix
[wandb] online: run exp_g_abl_20_B16k_light_lmfrozeng_hard_tv10_tph128_seed1_fix -> ~/.cache/wandb/wandb/run-20260914_120435-exp_g_abl_20_B16k_light_lmfrozeng_hard_tv10_tph128_seed1_fix/files
step      1 | loss=10.4804 | lr=1.87e-07
step    100 | loss=10.1234 | lr=1.87e-05
step    200 | loss=9.3997 | lr=3.75e-05
step    300 | loss=8.4736 | lr=5.62e-05
step    400 | loss=7.6953 | lr=7.50e-05
step    500 | loss=7.1363 | lr=9.37e-05
[VAL] step 500: bpb=2.0366
step    600 | loss=6.7284 | lr=1.12e-04
step    700 | loss=6.4469 | lr=1.31e-04
step    800 | loss=6.2559 | lr=1.50e-04
step    900 | loss=6.0882 | lr=1.69e-04
step   1000 | loss=5.9568 | lr=1.87e-04
[VAL] step 1000: bpb=1.7801
step   1100 | loss=5.8324 | lr=2.06e-04
step   1200 | loss=5.7184 | lr=2.25e-04
step   1300 | loss=5.6145 | lr=2.44e-04
step   1400 | loss=5.5195 | lr=2.62e-04
step   1500 | loss=5.4307 | lr=2.81e-04
[VAL] step 1500: bpb=1.6337
step   1600 | loss=5.3608 | lr=3.00e-04
step   1700 | loss=5.2772 | lr=3.00e-04
step   1800 | loss=5.2022 | lr=3.00e-04
step   1900 | loss=5.1311 | lr=3.00e-04
step   2000 | loss=5.0748 | lr=2.99e-04
[VAL] step 2000: bpb=1.5356
step   2100 | loss=5.0185 | lr=2.99e-04
step   2200 | loss=4.9735 | lr=2.99e-04
step   2300 | loss=4.9314 | lr=2.98e-04
step   2400 | loss=4.8879 | lr=2.98e-04
step   2500 | loss=4.8416 | lr=2.97e-04
[VAL] step 2500: bpb=1.4699
step   2600 | loss=4.7958 | lr=2.97e-04
step   2700 | loss=4.7595 | lr=2.96e-04
step   2800 | loss=4.7154 | lr=2.95e-04
step   2900 | loss=4.6755 | lr=2.95e-04
step   3000 | loss=4.6462 | lr=2.94e-04
[VAL] step 3000: bpb=1.4136
step   3100 | loss=4.6255 | lr=2.93e-04
step   3200 | loss=4.5941 | lr=2.92e-04
step   3300 | loss=4.5559 | lr=2.91e-04
step   3400 | loss=4.5332 | lr=2.90e-04
step   3500 | loss=4.5026 | lr=2.89e-04
[VAL] step 3500: bpb=1.3724
step   3600 | loss=4.4802 | lr=2.87e-04
step   3700 | loss=4.4638 | lr=2.86e-04
step   3800 | loss=4.4580 | lr=2.85e-04
step   3900 | loss=4.4401 | lr=2.83e-04
step   4000 | loss=4.4208 | lr=2.82e-04
[VAL] step 4000: bpb=1.3458
[CKPT] step 4000: wrote checkpoint_step4000.pt
step   4100 | loss=4.3992 | lr=2.80e-04
step   4200 | loss=4.3816 | lr=2.79e-04
step   4300 | loss=4.3656 | lr=2.77e-04
step   4400 | loss=4.3537 | lr=2.76e-04
step   4500 | loss=4.3442 | lr=2.74e-04
[VAL] step 4500: bpb=1.3271
step   4600 | loss=4.3384 | lr=2.72e-04
step   4700 | loss=4.3229 | lr=2.70e-04
step   4800 | loss=4.3103 | lr=2.68e-04
step   4900 | loss=4.2961 | lr=2.66e-04
step   5000 | loss=4.2967 | lr=2.65e-04
[VAL] step 5000: bpb=1.3094
step   5100 | loss=4.2819 | lr=2.63e-04
step   5200 | loss=4.2857 | lr=2.60e-04
step   5300 | loss=4.2886 | lr=2.58e-04
step   5400 | loss=4.2849 | lr=2.56e-04
step   5500 | loss=4.2606 | lr=2.54e-04
[VAL] step 5500: bpb=1.2968
step   5600 | loss=4.2420 | lr=2.52e-04
step   5700 | loss=4.2282 | lr=2.49e-04
step   5800 | loss=4.2171 | lr=2.47e-04
step   5900 | loss=4.2082 | lr=2.45e-04
step   6000 | loss=4.2061 | lr=2.42e-04
[VAL] step 6000: bpb=1.2861
step   6100 | loss=4.1991 | lr=2.40e-04
step   6200 | loss=4.1942 | lr=2.38e-04
step   6300 | loss=4.1824 | lr=2.35e-04
step   6400 | loss=4.1774 | lr=2.32e-04
step   6500 | loss=4.1778 | lr=2.30e-04
[VAL] step 6500: bpb=1.2758
step   6600 | loss=4.1650 | lr=2.27e-04
step   6700 | loss=4.1618 | lr=2.25e-04
step   6800 | loss=4.1657 | lr=2.22e-04
step   6900 | loss=4.1524 | lr=2.19e-04
step   7000 | loss=4.1379 | lr=2.17e-04
[VAL] step 7000: bpb=1.2674
step   7100 | loss=4.1216 | lr=2.14e-04
step   7200 | loss=4.1158 | lr=2.11e-04
step   7300 | loss=4.1200 | lr=2.08e-04
step   7400 | loss=4.1201 | lr=2.06e-04
step   7500 | loss=4.1126 | lr=2.03e-04
[VAL] step 7500: bpb=1.2604
step   7600 | loss=4.1046 | lr=2.00e-04
step   7700 | loss=4.0898 | lr=1.97e-04
step   7800 | loss=4.0870 | lr=1.94e-04
step   7900 | loss=4.0863 | lr=1.91e-04
step   8000 | loss=4.0807 | lr=1.88e-04
[VAL] step 8000: bpb=1.2538
[CKPT] step 8000: wrote checkpoint_step8000.pt
step   8100 | loss=4.0749 | lr=1.86e-04
step   8200 | loss=4.0774 | lr=1.83e-04
step   8300 | loss=4.0801 | lr=1.80e-04
step   8400 | loss=4.0658 | lr=1.77e-04
step   8500 | loss=4.0551 | lr=1.74e-04
[VAL] step 8500: bpb=1.2484
step   8600 | loss=4.0523 | lr=1.71e-04
step   8700 | loss=4.0446 | lr=1.68e-04
step   8800 | loss=4.0424 | lr=1.65e-04
step   8900 | loss=4.0436 | lr=1.62e-04
step   9000 | loss=4.0487 | lr=1.59e-04
[VAL] step 9000: bpb=1.2424
step   9100 | loss=4.0347 | lr=1.56e-04
step   9200 | loss=4.0329 | lr=1.53e-04
step   9300 | loss=4.0219 | lr=1.50e-04
step   9400 | loss=4.0186 | lr=1.47e-04
step   9500 | loss=4.0124 | lr=1.44e-04
[VAL] step 9500: bpb=1.2376
step   9600 | loss=4.0147 | lr=1.42e-04
step   9700 | loss=4.0121 | lr=1.39e-04
step   9800 | loss=4.0184 | lr=1.36e-04
step   9900 | loss=4.0044 | lr=1.33e-04
step  10000 | loss=3.9981 | lr=1.30e-04
[VAL] step 10000: bpb=1.2317
step  10100 | loss=3.9958 | lr=1.27e-04
step  10200 | loss=3.9955 | lr=1.24e-04
step  10300 | loss=3.9875 | lr=1.22e-04
step  10400 | loss=4.0083 | lr=1.19e-04
step  10500 | loss=4.0085 | lr=1.16e-04
[VAL] step 10500: bpb=1.2276
step  10600 | loss=4.0119 | lr=1.13e-04
step  10700 | loss=3.9796 | lr=1.11e-04
step  10800 | loss=3.9769 | lr=1.08e-04
step  10900 | loss=3.9689 | lr=1.05e-04
step  11000 | loss=3.9523 | lr=1.03e-04
[VAL] step 11000: bpb=1.2231
step  11100 | loss=3.9561 | lr=1.00e-04
step  11200 | loss=3.9577 | lr=9.75e-05
step  11300 | loss=3.9565 | lr=9.50e-05
step  11400 | loss=3.9576 | lr=9.25e-05
step  11500 | loss=3.9420 | lr=9.00e-05
[VAL] step 11500: bpb=1.2194
step  11600 | loss=3.9428 | lr=8.76e-05
step  11700 | loss=3.9476 | lr=8.52e-05
step  11800 | loss=3.9407 | lr=8.28e-05
step  11900 | loss=3.9410 | lr=8.05e-05
step  12000 | loss=3.9356 | lr=7.82e-05
[VAL] step 12000: bpb=1.2157
[CKPT] step 12000: wrote checkpoint_step12000.pt
step  12100 | loss=3.9307 | lr=7.60e-05
step  12200 | loss=3.9179 | lr=7.38e-05
step  12300 | loss=3.9102 | lr=7.16e-05
step  12400 | loss=3.9100 | lr=6.95e-05
step  12500 | loss=3.9117 | lr=6.75e-05
[VAL] step 12500: bpb=1.2124
step  12600 | loss=3.9091 | lr=6.55e-05
step  12700 | loss=3.9088 | lr=6.35e-05
step  12800 | loss=3.9000 | lr=6.16e-05
step  12900 | loss=3.8914 | lr=5.97e-05
step  13000 | loss=3.8962 | lr=5.79e-05
[VAL] step 13000: bpb=1.2092
step  13100 | loss=3.8870 | lr=5.61e-05
step  13200 | loss=3.8870 | lr=5.44e-05
step  13300 | loss=3.8868 | lr=5.28e-05
step  13400 | loss=3.8915 | lr=5.11e-05
step  13500 | loss=3.8921 | lr=4.96e-05
[VAL] step 13500: bpb=1.2073
step  13600 | loss=3.8830 | lr=4.81e-05
step  13700 | loss=3.8733 | lr=4.66e-05
step  13800 | loss=3.8726 | lr=4.53e-05
step  13900 | loss=3.8684 | lr=4.39e-05
step  14000 | loss=3.8716 | lr=4.26e-05
[VAL] step 14000: bpb=1.2047
step  14100 | loss=3.8717 | lr=4.14e-05
step  14200 | loss=3.8761 | lr=4.03e-05
step  14300 | loss=3.8711 | lr=3.92e-05
step  14400 | loss=3.8659 | lr=3.81e-05
step  14500 | loss=3.8563 | lr=3.72e-05
[VAL] step 14500: bpb=1.2026
step  14600 | loss=3.8539 | lr=3.62e-05
step  14700 | loss=3.8471 | lr=3.54e-05
step  14800 | loss=3.8545 | lr=3.46e-05
step  14900 | loss=3.8580 | lr=3.39e-05
step  15000 | loss=3.8595 | lr=3.32e-05
[VAL] step 15000: bpb=1.2010
step  15100 | loss=3.8487 | lr=3.26e-05
step  15200 | loss=3.8462 | lr=3.21e-05
step  15300 | loss=3.8480 | lr=3.16e-05
step  15400 | loss=3.8550 | lr=3.12e-05
step  15500 | loss=3.8489 | lr=3.08e-05
[VAL] step 15500: bpb=1.1997
step  15600 | loss=3.8788 | lr=3.05e-05
step  15700 | loss=3.8728 | lr=3.03e-05
step  15800 | loss=3.8652 | lr=3.01e-05
step  15900 | loss=3.8418 | lr=3.00e-05
step  16000 | loss=3.8432 | lr=3.00e-05
[VAL] step 16000: bpb=1.1989

=== DONE ===
{
  "exp_name": "exp_g_abl_20_B16k_light_lmfrozeng_hard_tv10_tph128_seed1_fix",
  "best_val_bpb": 1.198917580841262,
  "final_val_bpb": 1.198917580841262,
  "total_params": 67351692,
  "training_time_hours": 0.97,
  "eval_protocol": {
    "eval_batch_size": 48,
    "eval_steps": 100,
    "skip_rows": 12,
    "batch_size_independent": true
  },
  "learned_confidence": {
    "form": "learned_margin",
    "score": "exp(g) * sum|d| * prod sigmoid(beta |d|) ** gamma",
    "init_per_layer": [
      {
        "g": 0.0,
        "beta": 2.0,
        "gamma": 1.0
      },
      {
        "g": 0.0,
        "beta": 2.0,
        "gamma": 1.0
      },
      {
        "g": 0.0,
        "beta": 2.0,
        "gamma": 1.0
      },
      {
        "g": 0.0,
        "beta": 2.0,
        "gamma": 1.0
      },
      {
        "g": 0.0,
        "beta": 2.0,
        "gamma": 1.0
      },
      {
        "g": 0.0,
        "beta": 2.0,
        "gamma": 1.0
      }
    ],
    "final_per_layer": [
      {
        "g": 0.0,
        "beta": 1.0399346351623535,
        "gamma": 4.1722869873046875
      },
      {
        "g": 0.0,
        "beta": 3.0720221996307373,
        "gamma": 4.216287612915039
      },
      {
        "g": 0.0,
        "beta": 3.714132308959961,
        "gamma": 3.886423110961914
      },
      {
        "g": 0.0,
        "beta": 3.6686294078826904,
        "gamma": 3.7302615642547607
      },
      {
        "g": 0.0,
        "beta": 3.399091958999634,
        "gamma": 4.142341136932373
      },
      {
        "g": 0.0,
        "beta": 2.8115484714508057,
        "gamma": 1.7911285161972046
      }
    ]
  }
}
wandb: updating run metadata
wandb: 
wandb: Run history:
wandb: lm_beta_L0 ███▆▅▃▂▂▁▁▁▁▁▁▁▁▁▁▁▁▁▁▁▁▁▁▁▁▁▁▁▁
wandb: lm_beta_L1 ▁▁▁▂▃▄▄▄▅▅▅▅▅▅▆▆▆▆▆▆▇▇▇▇▇▇██████
wandb: lm_beta_L2 ▁▁▂▂▃▄▅▅▆▆▆▆▆▆▆▆▇▇▇▇▇▇▇▇████████
wandb: lm_beta_L3 ▁▁▂▃▄▄▄▅▅▅▅▆▆▆▆▆▆▆▆▇▇▇▇▇▇▇▇█████
wandb: lm_beta_L4 ▁▁▂▃▅▆▇▇██████▇▇▇▇▇▇▇▇▇█████████
wandb: lm_beta_L5 ▁▁▂▃▄▅▆▇▇██████████▇▇▇▇▇▇▇▇▇▇▇▇▇
wandb:    lm_g_L0 ▁▁▁▁▁▁▁▁▁▁▁▁▁▁▁▁▁▁▁▁▁▁▁▁▁▁▁▁▁▁▁▁
wandb:    lm_g_L1 ▁▁▁▁▁▁▁▁▁▁▁▁▁▁▁▁▁▁▁▁▁▁▁▁▁▁▁▁▁▁▁▁
wandb:    lm_g_L2 ▁▁▁▁▁▁▁▁▁▁▁▁▁▁▁▁▁▁▁▁▁▁▁▁▁▁▁▁▁▁▁▁
wandb:    lm_g_L3 ▁▁▁▁▁▁▁▁▁▁▁▁▁▁▁▁▁▁▁▁▁▁▁▁▁▁▁▁▁▁▁▁
wandb:        +39 ...
wandb: 
wandb: Run summary:
wandb:  best_val_bpb 1.19892
wandb:      exp_name exp_g_abl_20_B16k_li...
wandb: final_val_bpb 1.19892
wandb:    lm_beta_L0 1.03993
wandb:    lm_beta_L1 3.07202
wandb:    lm_beta_L2 3.71413
wandb:    lm_beta_L3 3.66863
wandb:    lm_beta_L4 3.39909
wandb:    lm_beta_L5 2.81155
wandb:       lm_g_L0 0
wandb:           +44 ...
wandb: 
wandb: 🚀 View run exp_g_abl_20_B16k_light_lmfrozeng_hard_tv10_tph128_seed1_fix at: http://<WANDB_HOST>/<WANDB_ENTITY>/Spiky/runs/exp_g_abl_20_B16k_light_lmfrozeng_hard_tv10_tph128_seed1_fix
wandb: ⭐️ View project at: http://<WANDB_HOST>/<WANDB_ENTITY>/Spiky
wandb: Synced 5 W&B file(s), 0 media file(s), 0 artifact file(s) and 0 other file(s)
wandb: Find logs at: ~/.cache/wandb/wandb/run-20260914_120435-exp_g_abl_20_B16k_light_lmfrozeng_hard_tv10_tph128_seed1_fix/logs
[wandb] finished in 0.6s
