Failed to import warp: No module named 'warp'
Failed to import mujoco_warp: No module named 'warp'
Bucket-LIF SAC actor buckets=16 tph=32 heads=1 seed=0 | 12 outputs/cell (6 mu + 6 log-sigma) | front-end 1,696 + table 6,144 = 7,840 params (28.0% of the 28,032 hyperplane baseline; front-end 49.1% of its 3,456) | rows 32x16 = 512 | eps INERT; sharpness is trainable T_cross/T_bkt
[  500/10000] steps    32,000 | MJX ret     -2.2 | bkt-cov   0.0% | bkt 11.05±3.60 | Tbkt 1.000 | Tcr 1.000 | best     -2.2 |   3.0m
[ 1000/10000] steps    64,000 | MJX ret    296.8 | bkt-cov  77.1% | bkt  9.99±3.98 | Tbkt 0.198 | Tcr 0.703 | best    296.8 |   8.0m
[ 1500/10000] steps    96,000 | MJX ret    -21.8 | bkt-cov  80.5% | bkt  9.57±3.78 | Tbkt 0.073 | Tcr 0.659 | best    296.8 |  12.2m
[ 2000/10000] steps   128,000 | MJX ret    402.8 | bkt-cov  82.2% | bkt  8.66±3.45 | Tbkt 0.038 | Tcr 0.593 | best    402.8 |  16.7m
[ 2500/10000] steps   160,000 | MJX ret    391.9 | bkt-cov  83.6% | bkt  8.73±3.16 | Tbkt 0.024 | Tcr 0.591 | best    402.8 |  21.5m
[ 3000/10000] steps   192,000 | MJX ret    455.6 | bkt-cov  84.0% | bkt  8.70±3.33 | Tbkt 0.018 | Tcr 0.617 | best    455.6 |  26.3m
[ 3500/10000] steps   224,000 | MJX ret    492.0 | bkt-cov  84.4% | bkt  8.73±3.31 | Tbkt 0.014 | Tcr 0.632 | best    492.0 |  30.9m
[ 4000/10000] steps   256,000 | MJX ret    506.7 | bkt-cov  84.8% | bkt  8.55±3.27 | Tbkt 0.013 | Tcr 0.666 | best    506.7 |  35.4m
[ 4500/10000] steps   288,000 | MJX ret    545.0 | bkt-cov  85.0% | bkt  8.86±3.34 | Tbkt 0.015 | Tcr 0.688 | best    545.0 |  40.0m
[ 5000/10000] steps   320,000 | MJX ret    564.0 | bkt-cov  85.4% | bkt  8.81±3.34 | Tbkt 0.016 | Tcr 0.700 | best    564.0 |  44.6m
[ 5500/10000] steps   352,000 | MJX ret    557.4 | bkt-cov  85.4% | bkt  8.82±3.47 | Tbkt 0.015 | Tcr 0.695 | best    564.0 |  49.2m
[ 6000/10000] steps   384,000 | MJX ret    562.5 | bkt-cov  85.4% | bkt  8.95±3.51 | Tbkt 0.014 | Tcr 0.732 | best    564.0 |  53.9m
[ 6500/10000] steps   416,000 | MJX ret    640.3 | bkt-cov  85.5% | bkt  9.00±3.59 | Tbkt 0.013 | Tcr 0.720 | best    640.3 |  58.6m
[ 7000/10000] steps   448,000 | MJX ret    615.8 | bkt-cov  85.9% | bkt  8.93±3.50 | Tbkt 0.009 | Tcr 0.740 | best    640.3 |  63.0m
[ 7500/10000] steps   480,000 | MJX ret    575.3 | bkt-cov  86.3% | bkt  8.83±3.63 | Tbkt 0.006 | Tcr 0.759 | best    640.3 |  68.9m
[ 8000/10000] steps   512,000 | MJX ret    614.6 | bkt-cov  86.5% | bkt  8.93±3.60 | Tbkt 0.005 | Tcr 0.760 | best    640.3 |  77.5m
[ 8500/10000] steps   544,000 | MJX ret    702.9 | bkt-cov  86.7% | bkt  8.99±3.80 | Tbkt 0.005 | Tcr 0.765 | best    702.9 |  86.0m
[ 9000/10000] steps   576,000 | MJX ret    752.2 | bkt-cov  86.7% | bkt  8.31±3.51 | Tbkt 0.005 | Tcr 0.705 | best    752.2 |  95.4m
[ 9500/10000] steps   608,000 | MJX ret    743.7 | bkt-cov  87.7% | bkt  8.53±3.56 | Tbkt 0.004 | Tcr 0.670 | best    752.2 | 104.2m
[10000/10000] steps   640,000 | MJX ret    789.1 | bkt-cov  87.9% | bkt  8.89±3.80 | Tbkt 0.004 | Tcr 0.690 | best    789.1 | 113.0m
done: best MJX 789.1 over 640,000 env-steps in 113.0 min
Failed to import warp: No module named 'warp'
Failed to import mujoco_warp: No module named 'warp'
bucket_sac_c32b_s0_actor.npz (7,840 params = 1,696 front-end + 6,144 table) [hard] 16 buckets / tph32
  CPU-reference 100-ep deterministic: 777.1 +/- 70.7  full 0/100  vel 2.301 m/s  len 235  [24s]
