Failed to import warp: No module named 'warp'
Failed to import mujoco_warp: No module named 'warp'
Bucket-LIF SAC actor buckets=16 tph=32 heads=1 seed=1 | 12 outputs/cell (6 mu + 6 log-sigma) | front-end 1,696 + table 6,144 = 7,840 params (28.0% of the 28,032 hyperplane baseline; front-end 49.1% of its 3,456) | rows 32x16 = 512 | eps INERT; sharpness is trainable T_cross/T_bkt
[  500/10000] steps    32,000 | MJX ret      0.5 | bkt-cov   0.0% | bkt 11.05±3.54 | Tbkt 1.000 | Tcr 1.000 | best      0.5 |   3.0m
[ 1000/10000] steps    64,000 | MJX ret    154.5 | bkt-cov  77.5% | bkt 12.19±3.71 | Tbkt 0.211 | Tcr 0.415 | best    154.5 |   8.2m
[ 1500/10000] steps    96,000 | MJX ret    384.5 | bkt-cov  80.1% | bkt 10.69±3.94 | Tbkt 0.077 | Tcr 0.348 | best    384.5 |  13.0m
[ 2000/10000] steps   128,000 | MJX ret    451.2 | bkt-cov  80.9% | bkt 10.11±3.90 | Tbkt 0.043 | Tcr 0.346 | best    451.2 |  17.8m
[ 2500/10000] steps   160,000 | MJX ret    543.8 | bkt-cov  81.1% | bkt 10.11±3.75 | Tbkt 0.028 | Tcr 0.352 | best    543.8 |  22.6m
[ 3000/10000] steps   192,000 | MJX ret    726.4 | bkt-cov  81.4% | bkt 10.30±3.76 | Tbkt 0.019 | Tcr 0.354 | best    726.4 |  27.4m
[ 3500/10000] steps   224,000 | MJX ret   1077.7 | bkt-cov  82.2% | bkt 10.28±3.87 | Tbkt 0.015 | Tcr 0.339 | best   1077.7 |  32.2m
[ 4000/10000] steps   256,000 | MJX ret    860.1 | bkt-cov  82.2% | bkt 10.28±3.90 | Tbkt 0.012 | Tcr 0.325 | best   1077.7 |  37.1m
[ 4500/10000] steps   288,000 | MJX ret   1750.3 | bkt-cov  83.0% | bkt 10.35±3.85 | Tbkt 0.010 | Tcr 0.326 | best   1750.3 |  42.0m
[ 5000/10000] steps   320,000 | MJX ret   1280.1 | bkt-cov  83.2% | bkt 10.17±3.86 | Tbkt 0.009 | Tcr 0.325 | best   1750.3 |  46.9m
[ 5500/10000] steps   352,000 | MJX ret   1175.1 | bkt-cov  83.2% | bkt 10.39±3.81 | Tbkt 0.008 | Tcr 0.322 | best   1750.3 |  51.7m
[ 6000/10000] steps   384,000 | MJX ret   1641.6 | bkt-cov  83.6% | bkt  9.99±3.79 | Tbkt 0.008 | Tcr 0.314 | best   1750.3 |  56.5m
[ 6500/10000] steps   416,000 | MJX ret   1688.9 | bkt-cov  83.8% | bkt  9.90±3.84 | Tbkt 0.009 | Tcr 0.311 | best   1750.3 |  61.2m
[ 7000/10000] steps   448,000 | MJX ret   1322.1 | bkt-cov  84.0% | bkt  9.81±3.84 | Tbkt 0.018 | Tcr 0.306 | best   1750.3 |  66.7m
[ 7500/10000] steps   480,000 | MJX ret   1754.5 | bkt-cov  84.2% | bkt  9.76±3.91 | Tbkt 0.021 | Tcr 0.298 | best   1754.5 |  75.4m
[ 8000/10000] steps   512,000 | MJX ret   1887.5 | bkt-cov  84.4% | bkt  9.72±3.96 | Tbkt 0.020 | Tcr 0.291 | best   1887.5 |  84.2m
[ 8500/10000] steps   544,000 | MJX ret   3136.6 | bkt-cov  84.4% | bkt  9.51±4.00 | Tbkt 0.020 | Tcr 0.284 | best   3136.6 |  93.8m
[ 9000/10000] steps   576,000 | MJX ret   2055.1 | bkt-cov  85.4% | bkt  9.49±3.97 | Tbkt 0.020 | Tcr 0.277 | best   3136.6 | 102.7m
[ 9500/10000] steps   608,000 | MJX ret   3294.0 | bkt-cov  85.5% | bkt  9.31±4.04 | Tbkt 0.019 | Tcr 0.275 | best   3294.0 | 111.6m
[10000/10000] steps   640,000 | MJX ret   3344.1 | bkt-cov  86.1% | bkt  9.42±4.01 | Tbkt 0.022 | Tcr 0.274 | best   3344.1 | 118.6m
done: best MJX 3344.1 over 640,000 env-steps in 118.6 min
Failed to import warp: No module named 'warp'
Failed to import mujoco_warp: No module named 'warp'
bucket_sac_c32b_s1_actor.npz (7,840 params = 1,696 front-end + 6,144 table) [hard] 16 buckets / tph32
  CPU-reference 100-ep deterministic: 3234.2 +/- 749.0  full 84/100  vel 2.434 m/s  len 942  [16s]
