Loading tokenizer from /home/starost/.cache/nanochat/tokenizer
Vocab size: 32768, BOS id: 32759
Total params (all fp32): 100,194,438
Per-layer input dims: [32, 64, 96, 128, 160, 192]
Unembedder input dim:  224
Q/K Joint MHLut: in_nap=6 tph=256 d_qk=32 (n_outputs=2*d_qk=64)
V MHLut:         in_nap=7 tph=256 d_v=16 (n_outputs=d_v)
out_proj MHLut:  in_nap=6 tph=1024 (n_outputs=O=32) + LayerNorm | H=6 partition zones
Partition weight schedule: linear
  L0 (in=32): none
  L1 (in=64): [2.0, 1.0]
  L2 (in=96): [3.0, 2.0, 1.0]
  L3 (in=128): [4.0, 3.0, 2.0, 1.0]
  L4 (in=160): [5.0, 4.0, 3.0, 2.0, 1.0]
  L5 (in=192): [6.0, 5.0, 4.0, 3.0, 2.0, 1.0]
Tokens/micro-batch: 4,096 | grad_accum: 1 | effective batch: 4,096 tokens
step      1 | loss=10.4143 | lr=3.75e-07
step    100 | loss=10.0879 | lr=3.75e-05
step    200 | loss=8.8330 | lr=7.50e-05
[VAL] step 200: bpb=2.3660
step    300 | loss=8.0795 | lr=1.12e-04
step    400 | loss=7.7271 | lr=1.50e-04
[VAL] step 400: bpb=2.2952
step    500 | loss=7.5011 | lr=1.87e-04
step    600 | loss=7.3749 | lr=2.25e-04
[VAL] step 600: bpb=2.2167
step    700 | loss=7.2489 | lr=2.62e-04
step    800 | loss=7.1230 | lr=3.00e-04
[VAL] step 800: bpb=2.1465
step    900 | loss=7.0175 | lr=3.00e-04
step   1000 | loss=6.9380 | lr=2.99e-04
[VAL] step 1000: bpb=2.0995
step   1100 | loss=6.8730 | lr=2.99e-04
step   1200 | loss=6.8170 | lr=2.98e-04
[VAL] step 1200: bpb=2.0657
step   1300 | loss=6.7543 | lr=2.97e-04
step   1400 | loss=6.7255 | lr=2.95e-04
[VAL] step 1400: bpb=2.0430
step   1500 | loss=6.6904 | lr=2.94e-04
step   1600 | loss=6.6320 | lr=2.92e-04
[VAL] step 1600: bpb=2.0232
step   1700 | loss=6.6090 | lr=2.90e-04
step   1800 | loss=6.5900 | lr=2.87e-04
[VAL] step 1800: bpb=2.0083
step   1900 | loss=6.5720 | lr=2.85e-04
step   2000 | loss=6.5517 | lr=2.82e-04
[VAL] step 2000: bpb=1.9975
step   2100 | loss=6.5242 | lr=2.79e-04
step   2200 | loss=6.5091 | lr=2.76e-04
[VAL] step 2200: bpb=1.9889
step   2300 | loss=6.4875 | lr=2.72e-04
step   2400 | loss=6.4806 | lr=2.68e-04
[VAL] step 2400: bpb=1.9807
step   2500 | loss=6.4702 | lr=2.65e-04
step   2600 | loss=6.4662 | lr=2.60e-04
[VAL] step 2600: bpb=1.9705
step   2700 | loss=6.4354 | lr=2.56e-04
step   2800 | loss=6.4355 | lr=2.52e-04
[VAL] step 2800: bpb=1.9651
step   2900 | loss=6.4175 | lr=2.47e-04
step   3000 | loss=6.4127 | lr=2.42e-04
[VAL] step 3000: bpb=1.9590
step   3100 | loss=6.4004 | lr=2.38e-04
step   3200 | loss=6.3941 | lr=2.32e-04
[VAL] step 3200: bpb=1.9520
step   3300 | loss=6.3875 | lr=2.27e-04
step   3400 | loss=6.3611 | lr=2.22e-04
[VAL] step 3400: bpb=1.9472
step   3500 | loss=6.3567 | lr=2.17e-04
step   3600 | loss=6.3660 | lr=2.11e-04
[VAL] step 3600: bpb=1.9457
step   3700 | loss=6.3538 | lr=2.06e-04
step   3800 | loss=6.3474 | lr=2.00e-04
[VAL] step 3800: bpb=1.9427
step   3900 | loss=6.3284 | lr=1.94e-04
step   4000 | loss=6.3222 | lr=1.88e-04
[VAL] step 4000: bpb=1.9377
step   4100 | loss=6.3483 | lr=1.83e-04
step   4200 | loss=6.3251 | lr=1.77e-04
[VAL] step 4200: bpb=1.9318
step   4300 | loss=6.3283 | lr=1.71e-04
step   4400 | loss=6.3184 | lr=1.65e-04
[VAL] step 4400: bpb=1.9299
step   4500 | loss=6.3158 | lr=1.59e-04
step   4600 | loss=6.3057 | lr=1.53e-04
[VAL] step 4600: bpb=1.9271
step   4700 | loss=6.3154 | lr=1.47e-04
step   4800 | loss=6.3148 | lr=1.42e-04
[VAL] step 4800: bpb=1.9237
step   4900 | loss=6.2931 | lr=1.36e-04
step   5000 | loss=6.2948 | lr=1.30e-04
[VAL] step 5000: bpb=1.9205
step   5100 | loss=6.2810 | lr=1.24e-04
step   5200 | loss=6.2679 | lr=1.19e-04
[VAL] step 5200: bpb=1.9189
step   5300 | loss=6.2655 | lr=1.13e-04
step   5400 | loss=6.2563 | lr=1.08e-04
[VAL] step 5400: bpb=1.9166
step   5500 | loss=6.2533 | lr=1.03e-04
step   5600 | loss=6.2693 | lr=9.75e-05
[VAL] step 5600: bpb=1.9152
step   5700 | loss=6.2587 | lr=9.25e-05
step   5800 | loss=6.2555 | lr=8.76e-05
[VAL] step 5800: bpb=1.9136
step   5900 | loss=6.2657 | lr=8.28e-05
step   6000 | loss=6.2495 | lr=7.82e-05
[VAL] step 6000: bpb=1.9110
step   6100 | loss=6.2456 | lr=7.38e-05
step   6200 | loss=6.2427 | lr=6.95e-05
[VAL] step 6200: bpb=1.9098
step   6300 | loss=6.2477 | lr=6.55e-05
step   6400 | loss=6.2351 | lr=6.16e-05
[VAL] step 6400: bpb=1.9088
step   6500 | loss=6.2325 | lr=5.79e-05
step   6600 | loss=6.2416 | lr=5.44e-05
[VAL] step 6600: bpb=1.9071
step   6700 | loss=6.2395 | lr=5.11e-05
step   6800 | loss=6.2347 | lr=4.81e-05
[VAL] step 6800: bpb=1.9070
step   6900 | loss=6.2368 | lr=4.53e-05
step   7000 | loss=6.2353 | lr=4.26e-05
[VAL] step 7000: bpb=1.9054
step   7100 | loss=6.2304 | lr=4.03e-05
step   7200 | loss=6.2298 | lr=3.81e-05
[VAL] step 7200: bpb=1.9054
step   7300 | loss=6.2236 | lr=3.62e-05
step   7400 | loss=6.2334 | lr=3.46e-05
[VAL] step 7400: bpb=1.9046
step   7500 | loss=6.2283 | lr=3.32e-05
step   7600 | loss=6.2203 | lr=3.21e-05
[VAL] step 7600: bpb=1.9043
step   7700 | loss=6.2105 | lr=3.12e-05
step   7800 | loss=6.2225 | lr=3.05e-05
[VAL] step 7800: bpb=1.9030
step   7900 | loss=6.2193 | lr=3.01e-05
step   8000 | loss=6.2166 | lr=3.00e-05
[VAL] step 8000: bpb=1.9028

=== DONE ===
{
  "exp_name": "exp083_partition_weights",
  "best_val_bpb": 1.9027827951815288,
  "final_val_bpb": 1.9027827951815288,
  "n_params": 100194438,
  "training_time_hours": 0.45,
  "layer_input_dims": [
    32,
    64,
    96,
    128,
    160,
    192
  ],
  "unembedder_dim": 224
}
