Loading tokenizer from /home/nebius-h100/.cache/nanochat/tokenizer
FIXED EVAL: bs48 x 100 steps, skip 12 rows (val window independent of device_batch_size=12)
MinimalGPT depth=6 dim=384 heads=6 seq=512 | ffn=compression tie=False | params=67,351,692
[tv] lut_cell_smoothness=10: penalty over 6 LUT modules (FastMultiHeadLut), applied once per step before clipping
Tokens/micro-batch: 6,144 | grad_accum: 4 | effective batch: 24,576 tokens
wandb: [wandb.login()] Loaded credentials for http://<WANDB_HOST> from /home/nebius-h100/.netrc.
wandb: Currently logged in as: <WANDB_ENTITY> to http://<WANDB_HOST>. Use `wandb login --relogin` to force relogin
wandb: Tracking run with wandb version 0.30.0
wandb: Run data is saved locally in /home/nebius-h100/.cache/wandb/wandb/run-20260914_034643-exp_n_abl_18_B16k_fast_hsmooth_topk1_tv10_nap8_tph128_seed1
wandb: Run `wandb offline` to turn off syncing.
wandb: Syncing run exp_n_abl_18_B16k_fast_hsmooth_topk1_tv10_nap8_tph128_seed1
wandb: ⭐️ View project at http://<WANDB_HOST>/<WANDB_ENTITY>/Spiky
wandb: 🚀 View run at http://<WANDB_HOST>/<WANDB_ENTITY>/Spiky/runs/exp_n_abl_18_B16k_fast_hsmooth_topk1_tv10_nap8_tph128_seed1
[wandb] online: run exp_n_abl_18_B16k_fast_hsmooth_topk1_tv10_nap8_tph128_seed1 -> /home/nebius-h100/.cache/wandb/wandb/run-20260914_034643-exp_n_abl_18_B16k_fast_hsmooth_topk1_tv10_nap8_tph128_seed1/files
step      1 | loss=10.4804 | lr=1.87e-07
step    100 | loss=10.1235 | lr=1.87e-05
step    200 | loss=9.3864 | lr=3.75e-05
step    300 | loss=8.4311 | lr=5.62e-05
step    400 | loss=7.6132 | lr=7.50e-05
step    500 | loss=7.0360 | lr=9.37e-05
[VAL] step 500: bpb=2.0032
step    600 | loss=6.6287 | lr=1.12e-04
step    700 | loss=6.3541 | lr=1.31e-04
step    800 | loss=6.1700 | lr=1.50e-04
step    900 | loss=6.0061 | lr=1.69e-04
step   1000 | loss=5.8786 | lr=1.87e-04
[VAL] step 1000: bpb=1.7561
step   1100 | loss=5.7591 | lr=2.06e-04
step   1200 | loss=5.6492 | lr=2.25e-04
step   1300 | loss=5.5512 | lr=2.44e-04
step   1400 | loss=5.4612 | lr=2.62e-04
step   1500 | loss=5.3777 | lr=2.81e-04
[VAL] step 1500: bpb=1.6183
step   1600 | loss=5.3126 | lr=3.00e-04
step   1700 | loss=5.2341 | lr=3.00e-04
step   1800 | loss=5.1627 | lr=3.00e-04
step   1900 | loss=5.0935 | lr=3.00e-04
step   2000 | loss=5.0402 | lr=2.99e-04
[VAL] step 2000: bpb=1.5259
step   2100 | loss=4.9870 | lr=2.99e-04
step   2200 | loss=4.9448 | lr=2.99e-04
step   2300 | loss=4.9058 | lr=2.98e-04
step   2400 | loss=4.8660 | lr=2.98e-04
step   2500 | loss=4.8243 | lr=2.97e-04
[VAL] step 2500: bpb=1.4640
step   2600 | loss=4.7821 | lr=2.97e-04
step   2700 | loss=4.7508 | lr=2.96e-04
step   2800 | loss=4.7107 | lr=2.95e-04
step   2900 | loss=4.6719 | lr=2.95e-04
step   3000 | loss=4.6442 | lr=2.94e-04
[VAL] step 3000: bpb=1.4115
step   3100 | loss=4.6227 | lr=2.93e-04
step   3200 | loss=4.5909 | lr=2.92e-04
step   3300 | loss=4.5503 | lr=2.91e-04
step   3400 | loss=4.5259 | lr=2.90e-04
step   3500 | loss=4.4942 | lr=2.89e-04
[VAL] step 3500: bpb=1.3692
step   3600 | loss=4.4695 | lr=2.87e-04
step   3700 | loss=4.4504 | lr=2.86e-04
step   3800 | loss=4.4437 | lr=2.85e-04
step   3900 | loss=4.4235 | lr=2.83e-04
step   4000 | loss=4.4018 | lr=2.82e-04
[VAL] step 4000: bpb=1.3401
step   4100 | loss=4.3787 | lr=2.80e-04
step   4200 | loss=4.3599 | lr=2.79e-04
step   4300 | loss=4.3426 | lr=2.77e-04
step   4400 | loss=4.3295 | lr=2.76e-04
step   4500 | loss=4.3190 | lr=2.74e-04
[VAL] step 4500: bpb=1.3186
step   4600 | loss=4.3124 | lr=2.72e-04
step   4700 | loss=4.2951 | lr=2.70e-04
step   4800 | loss=4.2818 | lr=2.68e-04
step   4900 | loss=4.2669 | lr=2.66e-04
step   5000 | loss=4.2666 | lr=2.65e-04
[VAL] step 5000: bpb=1.3013
step   5100 | loss=4.2511 | lr=2.63e-04
step   5200 | loss=4.2536 | lr=2.60e-04
step   5300 | loss=4.2563 | lr=2.58e-04
step   5400 | loss=4.2521 | lr=2.56e-04
step   5500 | loss=4.2272 | lr=2.54e-04
[VAL] step 5500: bpb=1.2858
step   5600 | loss=4.2069 | lr=2.52e-04
step   5700 | loss=4.1920 | lr=2.49e-04
step   5800 | loss=4.1793 | lr=2.47e-04
step   5900 | loss=4.1696 | lr=2.45e-04
step   6000 | loss=4.1663 | lr=2.42e-04
[VAL] step 6000: bpb=1.2730
step   6100 | loss=4.1583 | lr=2.40e-04
step   6200 | loss=4.1526 | lr=2.38e-04
step   6300 | loss=4.1406 | lr=2.35e-04
step   6400 | loss=4.1342 | lr=2.32e-04
step   6500 | loss=4.1335 | lr=2.30e-04
[VAL] step 6500: bpb=1.2627
step   6600 | loss=4.1202 | lr=2.27e-04
step   6700 | loss=4.1159 | lr=2.25e-04
step   6800 | loss=4.1198 | lr=2.22e-04
step   6900 | loss=4.1053 | lr=2.19e-04
step   7000 | loss=4.0893 | lr=2.17e-04
[VAL] step 7000: bpb=1.2528
step   7100 | loss=4.0725 | lr=2.14e-04
step   7200 | loss=4.0649 | lr=2.11e-04
step   7300 | loss=4.0686 | lr=2.08e-04
step   7400 | loss=4.0682 | lr=2.06e-04
step   7500 | loss=4.0608 | lr=2.03e-04
[VAL] step 7500: bpb=1.2439
step   7600 | loss=4.0509 | lr=2.00e-04
step   7700 | loss=4.0349 | lr=1.97e-04
step   7800 | loss=4.0329 | lr=1.94e-04
step   7900 | loss=4.0308 | lr=1.91e-04
step   8000 | loss=4.0247 | lr=1.88e-04
[VAL] step 8000: bpb=1.2373
step   8100 | loss=4.0180 | lr=1.86e-04
step   8200 | loss=4.0199 | lr=1.83e-04
step   8300 | loss=4.0216 | lr=1.80e-04
step   8400 | loss=4.0067 | lr=1.77e-04
step   8500 | loss=3.9944 | lr=1.74e-04
[VAL] step 8500: bpb=1.2296
step   8600 | loss=3.9914 | lr=1.71e-04
step   8700 | loss=3.9834 | lr=1.68e-04
step   8800 | loss=3.9799 | lr=1.65e-04
step   8900 | loss=3.9802 | lr=1.62e-04
step   9000 | loss=3.9846 | lr=1.59e-04
[VAL] step 9000: bpb=1.2231
step   9100 | loss=3.9699 | lr=1.56e-04
step   9200 | loss=3.9679 | lr=1.53e-04
step   9300 | loss=3.9552 | lr=1.50e-04
step   9400 | loss=3.9509 | lr=1.47e-04
step   9500 | loss=3.9440 | lr=1.44e-04
[VAL] step 9500: bpb=1.2168
step   9600 | loss=3.9455 | lr=1.42e-04
step   9700 | loss=3.9429 | lr=1.39e-04
step   9800 | loss=3.9479 | lr=1.36e-04
step   9900 | loss=3.9339 | lr=1.33e-04
step  10000 | loss=3.9267 | lr=1.30e-04
[VAL] step 10000: bpb=1.2107
step  10100 | loss=3.9231 | lr=1.27e-04
step  10200 | loss=3.9222 | lr=1.24e-04
step  10300 | loss=3.9133 | lr=1.22e-04
step  10400 | loss=3.9332 | lr=1.19e-04
step  10500 | loss=3.9329 | lr=1.16e-04
[VAL] step 10500: bpb=1.2048
step  10600 | loss=3.9355 | lr=1.13e-04
step  10700 | loss=3.9016 | lr=1.11e-04
step  10800 | loss=3.8995 | lr=1.08e-04
step  10900 | loss=3.8913 | lr=1.05e-04
step  11000 | loss=3.8729 | lr=1.03e-04
[VAL] step 11000: bpb=1.1999
step  11100 | loss=3.8758 | lr=1.00e-04
step  11200 | loss=3.8770 | lr=9.75e-05
step  11300 | loss=3.8748 | lr=9.50e-05
step  11400 | loss=3.8754 | lr=9.25e-05
step  11500 | loss=3.8590 | lr=9.00e-05
[VAL] step 11500: bpb=1.1960
step  11600 | loss=3.8586 | lr=8.76e-05
step  11700 | loss=3.8627 | lr=8.52e-05
step  11800 | loss=3.8553 | lr=8.28e-05
step  11900 | loss=3.8554 | lr=8.05e-05
step  12000 | loss=3.8494 | lr=7.82e-05
[VAL] step 12000: bpb=1.1916
step  12100 | loss=3.8448 | lr=7.60e-05
step  12200 | loss=3.8308 | lr=7.38e-05
step  12300 | loss=3.8216 | lr=7.16e-05
step  12400 | loss=3.8217 | lr=6.95e-05
step  12500 | loss=3.8222 | lr=6.75e-05
[VAL] step 12500: bpb=1.1881
step  12600 | loss=3.8177 | lr=6.55e-05
step  12700 | loss=3.8175 | lr=6.35e-05
step  12800 | loss=3.8088 | lr=6.16e-05
step  12900 | loss=3.7986 | lr=5.97e-05
step  13000 | loss=3.8040 | lr=5.79e-05
[VAL] step 13000: bpb=1.1849
step  13100 | loss=3.7934 | lr=5.61e-05
step  13200 | loss=3.7931 | lr=5.44e-05
step  13300 | loss=3.7918 | lr=5.28e-05
step  13400 | loss=3.7958 | lr=5.11e-05
step  13500 | loss=3.7960 | lr=4.96e-05
[VAL] step 13500: bpb=1.1823
step  13600 | loss=3.7861 | lr=4.81e-05
step  13700 | loss=3.7754 | lr=4.66e-05
step  13800 | loss=3.7745 | lr=4.53e-05
step  13900 | loss=3.7700 | lr=4.39e-05
step  14000 | loss=3.7722 | lr=4.26e-05
[VAL] step 14000: bpb=1.1794
step  14100 | loss=3.7713 | lr=4.14e-05
step  14200 | loss=3.7757 | lr=4.03e-05
step  14300 | loss=3.7694 | lr=3.92e-05
step  14400 | loss=3.7630 | lr=3.81e-05
step  14500 | loss=3.7531 | lr=3.72e-05
[VAL] step 14500: bpb=1.1780
step  14600 | loss=3.7497 | lr=3.62e-05
step  14700 | loss=3.7428 | lr=3.54e-05
step  14800 | loss=3.7498 | lr=3.46e-05
step  14900 | loss=3.7527 | lr=3.39e-05
step  15000 | loss=3.7535 | lr=3.32e-05
[VAL] step 15000: bpb=1.1758
step  15100 | loss=3.7431 | lr=3.26e-05
step  15200 | loss=3.7388 | lr=3.21e-05
step  15300 | loss=3.7398 | lr=3.16e-05
step  15400 | loss=3.7464 | lr=3.12e-05
step  15500 | loss=3.7394 | lr=3.08e-05
[VAL] step 15500: bpb=1.1748
step  15600 | loss=3.7688 | lr=3.05e-05
step  15700 | loss=3.7614 | lr=3.03e-05
step  15800 | loss=3.7542 | lr=3.01e-05
step  15900 | loss=3.7297 | lr=3.00e-05
step  16000 | loss=3.7304 | lr=3.00e-05
[VAL] step 16000: bpb=1.1745

=== DONE ===
{
  "exp_name": "exp_n_abl_18_B16k_fast_hsmooth_topk1_tv10_nap8_tph128_seed1",
  "best_val_bpb": 1.1744818762508806,
  "final_val_bpb": 1.1744818762508806,
  "total_params": 67351692,
  "training_time_hours": 1.287,
  "eval_protocol": {
    "eval_batch_size": 48,
    "eval_steps": 100,
    "skip_rows": 12,
    "batch_size_independent": true
  }
}
wandb: updating run metadata
wandb: uploading wandb-summary.json; uploading config.yaml
wandb: 
wandb: Run history:
wandb: ln1_norm_L0 ██▇▇▆▆▅▅▄▄▃▃▂▂▂▂▂▁▁▁▁▁▁▁▁▁▁▁▁▁▁▁
wandb: ln1_norm_L1 █████▇▇▆▆▅▅▅▄▄▃▃▃▃▂▂▂▂▂▂▁▁▁▁▁▁▁▁
wandb: ln1_norm_L2 ███▇▇▆▅▅▄▄▃▃▂▂▂▂▁▁▁▁▁▁▁▁▁▁▁▁▁▁▁▁
wandb: ln1_norm_L3 ███▇▇▆▅▅▄▃▃▃▂▂▂▂▁▁▁▁▁▁▁▁▁▁▁▁▁▁▁▁
wandb: ln1_norm_L4 ▁▁▁▁▂▃▄▄▅▅▆▆▆▆▇▇▇▇▇▇▇▇██████████
wandb: ln1_norm_L5 ▁▁▁▂▂▃▄▄▅▅▅▆▆▆▆▇▇▇▇▇▇▇██████████
wandb: ln2_mean_L0 ▃▆█▇▆▅▄▃▃▂▂▁▁▁▁▁▂▂▂▃▃▄▄▄▅▅▆▆▇▇▇█
wandb: ln2_mean_L1 ▃▆██▇▆▅▄▃▃▂▂▂▁▁▁▁▁▁▁▁▂▂▂▂▃▃▃▃▄▄▄
wandb: ln2_mean_L2 ▁▅▇█▇▆▅▄▃▃▃▂▂▂▂▁▁▁▁▁▁▁▁▁▁▂▂▂▂▃▃▃
wandb: ln2_mean_L3 ▅▇██▇▆▅▅▄▄▄▃▃▃▂▂▂▁▁▁▁▁▁▁▁▁▁▁▁▁▁▂
wandb:         +22 ...
wandb: 
wandb: Run summary:
wandb:  best_val_bpb 1.17448
wandb:      exp_name exp_n_abl_18_B16k_fa...
wandb: final_val_bpb 1.17448
wandb:   ln1_norm_L0 13.66602
wandb:   ln1_norm_L1 18.52439
wandb:   ln1_norm_L2 17.57048
wandb:   ln1_norm_L3 18.35539
wandb:   ln1_norm_L4 21.4497
wandb:   ln1_norm_L5 22.1241
wandb:   ln2_mean_L0 1.00622
wandb:           +27 ...
wandb: 
wandb: 🚀 View run exp_n_abl_18_B16k_fast_hsmooth_topk1_tv10_nap8_tph128_seed1 at: http://<WANDB_HOST>/<WANDB_ENTITY>/Spiky/runs/exp_n_abl_18_B16k_fast_hsmooth_topk1_tv10_nap8_tph128_seed1
wandb: ⭐️ View project at: http://<WANDB_HOST>/<WANDB_ENTITY>/Spiky
wandb: Synced 5 W&B file(s), 0 media file(s), 0 artifact file(s) and 0 other file(s)
wandb: Find logs at: /home/nebius-h100/.cache/wandb/wandb/run-20260914_034643-exp_n_abl_18_B16k_fast_hsmooth_topk1_tv10_nap8_tph128_seed1/logs
[wandb] finished in 0.8s
