Failed to import warp: No module named 'warp'
Failed to import mujoco_warp: No module named 'warp'
MHL-LIF SAC actor heads=1 tph=64 n_det=1 buckets=32 seed=0 | 12 outputs/cell (6 mu + 6 log-sigma) | front-end 2,400 + table 24,576 = 26,976 params (96.2% of the 28,032 hyperplane baseline; 26,848 trainable) | cells 64x32 = 2,048 | delay_init_std=4.0 table_init_std=0.01250 share_betas=True | temperatures FROZEN at 1.0 | no eps
[  500/10000] steps    32,000 | MJX ret     36.5 | cell-cov   0.0% | digit 25.613 | nosp 0.510 | eff  5.69/32 | Tbkt 1.000 | Tcr 1.000 | best     36.5 |   2.8m
[ 1000/10000] steps    64,000 | MJX ret    -73.2 | cell-cov  60.8% | digit 30.106 | nosp 0.501 | eff  1.80/32 | Tbkt 1.000 | Tcr 1.000 | best     36.5 |   4.9m
[ 1500/10000] steps    96,000 | MJX ret    366.8 | cell-cov  63.0% | digit 30.668 | nosp 0.234 | eff  1.46/32 | Tbkt 1.000 | Tcr 1.000 | best    366.8 |   6.8m
[ 2000/10000] steps   128,000 | MJX ret    404.1 | cell-cov  64.0% | digit 30.012 | nosp 0.164 | eff  2.68/32 | Tbkt 1.000 | Tcr 1.000 | best    404.1 |   8.3m
[ 2500/10000] steps   160,000 | MJX ret    180.3 | cell-cov  64.1% | digit 29.648 | nosp 0.146 | eff  3.40/32 | Tbkt 1.000 | Tcr 1.000 | best    404.1 |   9.8m
[ 3000/10000] steps   192,000 | MJX ret    402.1 | cell-cov  64.2% | digit 30.056 | nosp 0.116 | eff  1.93/32 | Tbkt 1.000 | Tcr 1.000 | best    404.1 |  11.2m
[ 3500/10000] steps   224,000 | MJX ret    441.2 | cell-cov  65.0% | digit 29.797 | nosp 0.111 | eff  2.87/32 | Tbkt 1.000 | Tcr 1.000 | best    441.2 |  12.7m
[ 4000/10000] steps   256,000 | MJX ret    413.2 | cell-cov  65.1% | digit 29.932 | nosp 0.134 | eff  1.99/32 | Tbkt 1.000 | Tcr 1.000 | best    441.2 |  14.1m
[ 4500/10000] steps   288,000 | MJX ret    406.5 | cell-cov  65.2% | digit 29.426 | nosp 0.133 | eff  3.42/32 | Tbkt 1.000 | Tcr 1.000 | best    441.2 |  15.5m
[ 5000/10000] steps   320,000 | MJX ret    407.1 | cell-cov  65.8% | digit 29.573 | nosp 0.094 | eff  3.50/32 | Tbkt 1.000 | Tcr 1.000 | best    441.2 |  17.0m
[ 5500/10000] steps   352,000 | MJX ret    503.1 | cell-cov  66.6% | digit 29.564 | nosp 0.120 | eff  3.32/32 | Tbkt 1.000 | Tcr 1.000 | best    503.1 |  18.4m
[ 6000/10000] steps   384,000 | MJX ret    384.7 | cell-cov  66.8% | digit 29.444 | nosp 0.106 | eff  3.51/32 | Tbkt 1.000 | Tcr 1.000 | best    503.1 |  19.8m
[ 6500/10000] steps   416,000 | MJX ret    391.4 | cell-cov  66.8% | digit 29.230 | nosp 0.113 | eff  3.61/32 | Tbkt 1.000 | Tcr 1.000 | best    503.1 |  21.3m
[ 7000/10000] steps   448,000 | MJX ret    406.5 | cell-cov  66.9% | digit 29.142 | nosp 0.090 | eff  3.76/32 | Tbkt 1.000 | Tcr 1.000 | best    503.1 |  22.7m
[ 7500/10000] steps   480,000 | MJX ret    400.4 | cell-cov  67.7% | digit 29.267 | nosp 0.086 | eff  3.21/32 | Tbkt 1.000 | Tcr 1.000 | best    503.1 |  24.1m
[ 8000/10000] steps   512,000 | MJX ret    435.9 | cell-cov  67.8% | digit 29.356 | nosp 0.077 | eff  3.18/32 | Tbkt 1.000 | Tcr 1.000 | best    503.1 |  25.5m
[ 8500/10000] steps   544,000 | MJX ret    418.9 | cell-cov  68.0% | digit 29.258 | nosp 0.083 | eff  3.18/32 | Tbkt 1.000 | Tcr 1.000 | best    503.1 |  27.0m
[ 9000/10000] steps   576,000 | MJX ret    459.2 | cell-cov  68.0% | digit 29.110 | nosp 0.083 | eff  3.11/32 | Tbkt 1.000 | Tcr 1.000 | best    503.1 |  28.4m
[ 9500/10000] steps   608,000 | MJX ret    445.4 | cell-cov  68.2% | digit 28.762 | nosp 0.087 | eff  3.75/32 | Tbkt 1.000 | Tcr 1.000 | best    503.1 |  29.8m
[10000/10000] steps   640,000 | MJX ret    461.6 | cell-cov  68.2% | digit 28.511 | nosp 0.080 | eff  3.62/32 | Tbkt 1.000 | Tcr 1.000 | best    503.1 |  31.1m
done: best MJX 503.1 over 640,000 env-steps in 31.1 min
Failed to import warp: No module named 'warp'
Failed to import mujoco_warp: No module named 'warp'
  note: SHARED bucket ladder — one beta_base scalar and one 31-vector broadcast to all 64 tables
mhl_sac_c45_s0_actor.npz (26,976 params = 2,400 front-end + 24,576 table) [eval] 1 det x 32 bkt = 32 cells / tph64
  CPU-reference 100-ep deterministic: 460.1 +/- 6.3  full 0/100  vel 1.560 m/s  len 180  [13s]
