Loading tokenizer from /home/starost/.cache/nanochat/tokenizer
Vocab size: 32768, BOS id: 32759
Building model + inheriting residual anchors:
  layer 1: inherited first 256/512 residual anchor pairs from layer 0
  layer 2: inherited first 512/768 residual anchor pairs from layer 1
  layer 3: inherited first 768/1024 residual anchor pairs from layer 2
  layer 4: inherited first 1024/1280 residual anchor pairs from layer 3
  layer 5: inherited first 1280/1536 residual anchor pairs from layer 4
Total params (all fp32): 143,497,094
Q/K Joint MHLut: in_nap=6 tph=256 d_qk=32 (n_outputs=2*d_qk=64)
V MHLut:         in_nap=7 tph=256 d_v=16 (n_outputs=d_v)
out_proj MHLut:  in_nap=6 tph=1024 (n_outputs=E=96)
residual MHLut:  in_nap=6 tph_factor=256 (per layer i: in=(i+1)*E, tph=256*(i+1))
Unembedder MLP:  LN(96) -> Linear(96,384) -> ReLU -> Linear(384,VOCAB)
Residual concat order: INVERSE [*prev_xs, x] (oldest at front, current x at tail)
Tokens/micro-batch: 4,096 | grad_accum: 1 | effective batch: 4,096 tokens
step      1 | loss=10.4246 | lr=3.75e-07
step    100 | loss=10.2295 | lr=3.75e-05
step    200 | loss=9.5742 | lr=7.50e-05
[VAL] step 200: bpb=2.5970
step    300 | loss=8.3288 | lr=1.12e-04
step    400 | loss=7.5920 | lr=1.50e-04
[VAL] step 400: bpb=2.1683
step    500 | loss=7.1712 | lr=1.87e-04
step    600 | loss=6.9639 | lr=2.25e-04
[VAL] step 600: bpb=2.0754
step    700 | loss=6.8330 | lr=2.62e-04
step    800 | loss=6.7254 | lr=3.00e-04
[VAL] step 800: bpb=2.0329
step    900 | loss=6.6486 | lr=3.00e-04
step   1000 | loss=6.5968 | lr=2.99e-04
[VAL] step 1000: bpb=2.0040
step   1100 | loss=6.5538 | lr=2.99e-04
step   1200 | loss=6.5188 | lr=2.98e-04
[VAL] step 1200: bpb=1.9761
step   1300 | loss=6.4707 | lr=2.97e-04
step   1400 | loss=6.4553 | lr=2.95e-04
[VAL] step 1400: bpb=1.9637
step   1500 | loss=6.4324 | lr=2.94e-04
step   1600 | loss=6.3832 | lr=2.92e-04
[VAL] step 1600: bpb=1.9500
step   1700 | loss=6.3689 | lr=2.90e-04
step   1800 | loss=6.3543 | lr=2.87e-04
[VAL] step 1800: bpb=1.9396
step   1900 | loss=6.3357 | lr=2.85e-04
step   2000 | loss=6.3127 | lr=2.82e-04
[VAL] step 2000: bpb=1.9277
step   2100 | loss=6.2824 | lr=2.79e-04
step   2200 | loss=6.2649 | lr=2.76e-04
[VAL] step 2200: bpb=1.9165
step   2300 | loss=6.2403 | lr=2.72e-04
step   2400 | loss=6.2283 | lr=2.68e-04
[VAL] step 2400: bpb=1.9024
step   2500 | loss=6.2106 | lr=2.65e-04
step   2600 | loss=6.2005 | lr=2.60e-04
[VAL] step 2600: bpb=1.8904
step   2700 | loss=6.1652 | lr=2.56e-04
step   2800 | loss=6.1538 | lr=2.52e-04
[VAL] step 2800: bpb=1.8808
step   2900 | loss=6.1277 | lr=2.47e-04
step   3000 | loss=6.1189 | lr=2.42e-04
[VAL] step 3000: bpb=1.8696
step   3100 | loss=6.1032 | lr=2.38e-04
step   3200 | loss=6.0938 | lr=2.32e-04
[VAL] step 3200: bpb=1.8594
step   3300 | loss=6.0837 | lr=2.27e-04
step   3400 | loss=6.0523 | lr=2.22e-04
[VAL] step 3400: bpb=1.8548
step   3500 | loss=6.0430 | lr=2.17e-04
step   3600 | loss=6.0503 | lr=2.11e-04
[VAL] step 3600: bpb=1.8500
step   3700 | loss=6.0326 | lr=2.06e-04
step   3800 | loss=6.0212 | lr=2.00e-04
[VAL] step 3800: bpb=1.8425
step   3900 | loss=6.0000 | lr=1.94e-04
step   4000 | loss=5.9889 | lr=1.88e-04
[VAL] step 4000: bpb=1.8375
step   4100 | loss=6.0144 | lr=1.83e-04
step   4200 | loss=5.9860 | lr=1.77e-04
[VAL] step 4200: bpb=1.8312
step   4300 | loss=5.9900 | lr=1.71e-04
step   4400 | loss=5.9770 | lr=1.65e-04
[VAL] step 4400: bpb=1.8264
step   4500 | loss=5.9704 | lr=1.59e-04
step   4600 | loss=5.9593 | lr=1.53e-04
[VAL] step 4600: bpb=1.8233
step   4700 | loss=5.9637 | lr=1.47e-04
step   4800 | loss=5.9609 | lr=1.42e-04
[VAL] step 4800: bpb=1.8183
step   4900 | loss=5.9372 | lr=1.36e-04
step   5000 | loss=5.9367 | lr=1.30e-04
[VAL] step 5000: bpb=1.8137
step   5100 | loss=5.9220 | lr=1.24e-04
step   5200 | loss=5.9049 | lr=1.19e-04
[VAL] step 5200: bpb=1.8097
step   5300 | loss=5.8997 | lr=1.13e-04
step   5400 | loss=5.8876 | lr=1.08e-04
[VAL] step 5400: bpb=1.8064
step   5500 | loss=5.8859 | lr=1.03e-04
step   5600 | loss=5.8997 | lr=9.75e-05
[VAL] step 5600: bpb=1.8036
step   5700 | loss=5.8865 | lr=9.25e-05
step   5800 | loss=5.8796 | lr=8.76e-05
[VAL] step 5800: bpb=1.8010
step   5900 | loss=5.8866 | lr=8.28e-05
step   6000 | loss=5.8725 | lr=7.82e-05
[VAL] step 6000: bpb=1.7985
step   6100 | loss=5.8622 | lr=7.38e-05
step   6200 | loss=5.8580 | lr=6.95e-05
[VAL] step 6200: bpb=1.7946
step   6300 | loss=5.8666 | lr=6.55e-05
step   6400 | loss=5.8483 | lr=6.16e-05
[VAL] step 6400: bpb=1.7934
step   6500 | loss=5.8438 | lr=5.79e-05
step   6600 | loss=5.8512 | lr=5.44e-05
[VAL] step 6600: bpb=1.7915
step   6700 | loss=5.8466 | lr=5.11e-05
step   6800 | loss=5.8406 | lr=4.81e-05
[VAL] step 6800: bpb=1.7881
step   6900 | loss=5.8417 | lr=4.53e-05
step   7000 | loss=5.8420 | lr=4.26e-05
[VAL] step 7000: bpb=1.7875
step   7100 | loss=5.8347 | lr=4.03e-05
step   7200 | loss=5.8335 | lr=3.81e-05
[VAL] step 7200: bpb=1.7867
step   7300 | loss=5.8247 | lr=3.62e-05
step   7400 | loss=5.8358 | lr=3.46e-05
[VAL] step 7400: bpb=1.7852
step   7500 | loss=5.8267 | lr=3.32e-05
step   7600 | loss=5.8181 | lr=3.21e-05
[VAL] step 7600: bpb=1.7834
step   7700 | loss=5.8085 | lr=3.12e-05
step   7800 | loss=5.8204 | lr=3.05e-05
[VAL] step 7800: bpb=1.7827
step   7900 | loss=5.8191 | lr=3.01e-05
step   8000 | loss=5.8116 | lr=3.00e-05
[VAL] step 8000: bpb=1.7819

=== DONE ===
{
  "exp_name": "exp087_residual_ln",
  "best_val_bpb": 1.781873674173533,
  "final_val_bpb": 1.781873674173533,
  "n_params": 143497094,
  "training_time_hours": 0.505
}
