Loading tokenizer from /home/starost/.cache/nanochat/tokenizer
Vocab size: 32768, BOS id: 32759
Total params (all fp32): 455,444,742
Q/K Joint MHLut: in_nap=6 tph=256 d_qk=32 (n_outputs=2*d_qk=64)
V MHLut:         in_nap=8 tph=256 d_v=24 (n_outputs=d_v)
out_proj MHLut:  in_nap=6 tph=[2048, 2048, 1024, 1024, 1024, 1024] (n_outputs=E=96) + LayerNorm
Tokens/micro-batch: 4,096 | grad_accum: 1 | effective batch: 4,096 tokens
step      1 | loss=10.4095 | lr=3.75e-07
step    100 | loss=9.2161 | lr=3.75e-05
step    200 | loss=8.1641 | lr=7.50e-05
[VAL] step 200: bpb=2.2961
step    300 | loss=7.5535 | lr=1.12e-04
step    400 | loss=7.0741 | lr=1.50e-04
[VAL] step 400: bpb=2.0508
step    500 | loss=6.7826 | lr=1.87e-04
step    600 | loss=6.6503 | lr=2.25e-04
[VAL] step 600: bpb=2.0063
step    700 | loss=6.5574 | lr=2.62e-04
step    800 | loss=6.4784 | lr=3.00e-04
[VAL] step 800: bpb=1.9627
step    900 | loss=6.4153 | lr=3.00e-04
step   1000 | loss=6.3583 | lr=2.99e-04
[VAL] step 1000: bpb=1.9292
step   1100 | loss=6.3038 | lr=2.99e-04
step   1200 | loss=6.2456 | lr=2.98e-04
[VAL] step 1200: bpb=1.8880
step   1300 | loss=6.1744 | lr=2.97e-04
step   1400 | loss=6.1368 | lr=2.95e-04
[VAL] step 1400: bpb=1.8580
step   1500 | loss=6.0911 | lr=2.94e-04
step   1600 | loss=6.0172 | lr=2.92e-04
[VAL] step 1600: bpb=1.8315
step   1700 | loss=5.9861 | lr=2.90e-04
step   1800 | loss=5.9560 | lr=2.87e-04
[VAL] step 1800: bpb=1.8098
step   1900 | loss=5.9215 | lr=2.85e-04
step   2000 | loss=5.8849 | lr=2.82e-04
[VAL] step 2000: bpb=1.7951
step   2100 | loss=5.8360 | lr=2.79e-04
step   2200 | loss=5.8146 | lr=2.76e-04
[VAL] step 2200: bpb=1.7812
step   2300 | loss=5.7935 | lr=2.72e-04
step   2400 | loss=5.7888 | lr=2.68e-04
[VAL] step 2400: bpb=1.7656
step   2500 | loss=5.7682 | lr=2.65e-04
step   2600 | loss=5.7450 | lr=2.60e-04
[VAL] step 2600: bpb=1.7527
step   2700 | loss=5.7116 | lr=2.56e-04
step   2800 | loss=5.6978 | lr=2.52e-04
[VAL] step 2800: bpb=1.7406
step   2900 | loss=5.6730 | lr=2.47e-04
step   3000 | loss=5.6515 | lr=2.42e-04
[VAL] step 3000: bpb=1.7275
step   3100 | loss=5.6360 | lr=2.38e-04
step   3200 | loss=5.6268 | lr=2.32e-04
[VAL] step 3200: bpb=1.7149
step   3300 | loss=5.6129 | lr=2.27e-04
step   3400 | loss=5.5743 | lr=2.22e-04
[VAL] step 3400: bpb=1.7101
step   3500 | loss=5.5631 | lr=2.17e-04
step   3600 | loss=5.5697 | lr=2.11e-04
[VAL] step 3600: bpb=1.7067
step   3700 | loss=5.5394 | lr=2.06e-04
step   3800 | loss=5.5277 | lr=2.00e-04
[VAL] step 3800: bpb=1.6946
step   3900 | loss=5.5024 | lr=1.94e-04
step   4000 | loss=5.4821 | lr=1.88e-04
[VAL] step 4000: bpb=1.6836
step   4100 | loss=5.5107 | lr=1.83e-04
step   4200 | loss=5.4809 | lr=1.77e-04
[VAL] step 4200: bpb=1.6814
step   4300 | loss=5.4850 | lr=1.71e-04
step   4400 | loss=5.4719 | lr=1.65e-04
[VAL] step 4400: bpb=1.6760
step   4500 | loss=5.4526 | lr=1.59e-04
step   4600 | loss=5.4398 | lr=1.53e-04
[VAL] step 4600: bpb=1.6683
step   4700 | loss=5.4381 | lr=1.47e-04
step   4800 | loss=5.4340 | lr=1.42e-04
[VAL] step 4800: bpb=1.6647
step   4900 | loss=5.4097 | lr=1.36e-04
step   5000 | loss=5.4032 | lr=1.30e-04
[VAL] step 5000: bpb=1.6539
step   5100 | loss=5.3938 | lr=1.24e-04
step   5200 | loss=5.3748 | lr=1.19e-04
[VAL] step 5200: bpb=1.6493
step   5300 | loss=5.3558 | lr=1.13e-04
step   5400 | loss=5.3410 | lr=1.08e-04
[VAL] step 5400: bpb=1.6457
step   5500 | loss=5.3490 | lr=1.03e-04
step   5600 | loss=5.3626 | lr=9.75e-05
[VAL] step 5600: bpb=1.6386
step   5700 | loss=5.3453 | lr=9.25e-05
step   5800 | loss=5.3335 | lr=8.76e-05
[VAL] step 5800: bpb=1.6371
step   5900 | loss=5.3345 | lr=8.28e-05
step   6000 | loss=5.3225 | lr=7.82e-05
[VAL] step 6000: bpb=1.6327
step   6100 | loss=5.3096 | lr=7.38e-05
step   6200 | loss=5.3083 | lr=6.95e-05
[VAL] step 6200: bpb=1.6287
step   6300 | loss=5.3098 | lr=6.55e-05
step   6400 | loss=5.2921 | lr=6.16e-05
[VAL] step 6400: bpb=1.6257
step   6500 | loss=5.2793 | lr=5.79e-05
step   6600 | loss=5.2849 | lr=5.44e-05
[VAL] step 6600: bpb=1.6224
step   6700 | loss=5.2780 | lr=5.11e-05
step   6800 | loss=5.2683 | lr=4.81e-05
[VAL] step 6800: bpb=1.6201
step   6900 | loss=5.2681 | lr=4.53e-05
step   7000 | loss=5.2718 | lr=4.26e-05
[VAL] step 7000: bpb=1.6189
step   7100 | loss=5.2617 | lr=4.03e-05
step   7200 | loss=5.2655 | lr=3.81e-05
[VAL] step 7200: bpb=1.6158
step   7300 | loss=5.2498 | lr=3.62e-05
step   7400 | loss=5.2623 | lr=3.46e-05
[VAL] step 7400: bpb=1.6135
step   7500 | loss=5.2456 | lr=3.32e-05
step   7600 | loss=5.2388 | lr=3.21e-05
[VAL] step 7600: bpb=1.6097
step   7700 | loss=5.2305 | lr=3.12e-05
step   7800 | loss=5.2441 | lr=3.05e-05
[VAL] step 7800: bpb=1.6077
step   7900 | loss=5.2404 | lr=3.01e-05
step   8000 | loss=5.2317 | lr=3.00e-05
[VAL] step 8000: bpb=1.6067

=== DONE ===
{
  "exp_name": "exp186_e96_unembed_mult16",
  "best_val_bpb": 1.6067298207336325,
  "final_val_bpb": 1.6067298207336325,
  "n_params": 455444742,
  "training_time_hours": 1.278
}
