seeded from /home/astarostin/projects/spiky/experiments/neurodarwinism/exp012_tiny-direct-genome/full_run_crossover_latinhib/ck_L0.npz: 134 syn, 10 active, E-frac 0.800
r   0  fit  26.629  mse  25.171  neurons 10.00 (min 9 max 11)  syn  134.1  held-out best  25.206  [   3.6s]
r  25  fit  26.598  mse  25.298  neurons  9.98 (min 9 max 12)  syn  133.2  held-out best  23.150  [  26.4s]
r  50  fit  26.233  mse  24.933  neurons  9.91 (min 8 max 11)  syn  131.6  held-out best  23.150  [  49.1s]
r  75  fit  26.736  mse  25.563  neurons  9.88 (min 8 max 12)  syn  130.8  held-out best  23.150  [  71.7s]
r 100  fit  25.267  mse  24.129  neurons  9.87 (min 8 max 12)  syn  130.5  held-out best  23.150  [  93.8s]
r 125  fit  26.312  mse  25.259  neurons  9.81 (min 8 max 11)  syn  129.8  held-out best  24.041  [ 116.2s]
r 150  fit  25.339  mse  24.339  neurons  9.75 (min 8 max 11)  syn  128.4  held-out best  24.041  [ 138.1s]
r 175  fit  25.317  mse  24.143  neurons  9.73 (min 8 max 11)  syn  127.9  held-out best  24.041  [ 160.2s]
r 200  fit  26.248  mse  25.191  neurons  9.70 (min 8 max 11)  syn  127.0  held-out best  24.041  [ 182.3s]
r 225  fit  26.608  mse  25.553  neurons  9.76 (min 8 max 11)  syn  127.3  held-out best  24.079  [ 204.3s]
r 250  fit  25.703  mse  24.603  neurons  9.65 (min 8 max 11)  syn  125.9  held-out best  24.079  [ 226.3s]
r 275  fit  24.965  mse  23.865  neurons  9.63 (min 7 max 11)  syn  124.7  held-out best  24.079  [ 248.0s]
r 300  fit  25.513  mse  24.213  neurons  9.62 (min 7 max 11)  syn  123.8  held-out best  24.079  [ 270.1s]
r 325  fit  25.988  mse  24.892  neurons  9.63 (min 7 max 11)  syn  123.7  held-out best  24.079  [ 291.7s]
r 350  fit  26.159  mse  25.004  neurons  9.58 (min 7 max 11)  syn  121.8  held-out best  24.079  [ 314.1s]
r 375  fit  25.630  mse  24.530  neurons  9.61 (min 7 max 11)  syn  121.7  held-out best  24.079  [ 336.0s]
r 400  fit  25.798  mse  24.801  neurons  9.57 (min 7 max 11)  syn  120.7  held-out best  22.704  [ 357.6s]
r 425  fit  25.766  mse  24.724  neurons  9.54 (min 7 max 11)  syn  119.9  held-out best  22.704  [ 379.2s]
r 450  fit  25.887  mse  25.139  neurons  9.52 (min 7 max 11)  syn  120.0  held-out best  22.704  [ 401.2s]
r 475  fit  25.851  mse  24.955  neurons  9.52 (min 7 max 11)  syn  119.8  held-out best  22.704  [ 422.9s]
r 500  fit  25.903  mse  24.826  neurons  9.42 (min 7 max 11)  syn  118.9  held-out best  22.704  [ 445.1s]
r 525  fit  26.241  mse  25.174  neurons  9.47 (min 7 max 11)  syn  119.0  held-out best  22.704  [ 466.7s]
r 550  fit  24.420  mse  23.467  neurons  9.47 (min 8 max 12)  syn  118.9  held-out best  22.704  [ 488.4s]
r 575  fit  26.169  mse  25.121  neurons  9.54 (min 8 max 12)  syn  119.1  held-out best  22.704  [ 510.0s]
r 600  fit  24.895  mse  23.985  neurons  9.51 (min 8 max 11)  syn  118.4  held-out best  22.704  [ 532.1s]
r 625  fit  25.351  mse  24.495  neurons  9.53 (min 7 max 11)  syn  118.0  held-out best  22.704  [ 553.9s]
r 650  fit  24.909  mse  24.155  neurons  9.50 (min 7 max 11)  syn  117.9  held-out best  22.704  [ 575.8s]
r 675  fit  26.339  mse  25.639  neurons  9.49 (min 7 max 11)  syn  117.5  held-out best  23.459  [ 597.6s]
r 700  fit  25.193  mse  24.493  neurons  9.48 (min 7 max 11)  syn  116.4  held-out best  23.459  [ 619.7s]
r 725  fit  25.590  mse  24.890  neurons  9.46 (min 7 max 11)  syn  116.8  held-out best  23.459  [ 641.6s]
r 750  fit  24.770  mse  24.063  neurons  9.50 (min 7 max 11)  syn  116.2  held-out best  24.294  [ 663.5s]
r 775  fit  25.017  mse  24.192  neurons  9.47 (min 7 max 11)  syn  115.8  held-out best  24.294  [ 685.2s]
r 800  fit  25.069  mse  24.369  neurons  9.44 (min 7 max 11)  syn  115.3  held-out best  24.294  [ 707.3s]
r 825  fit  25.156  mse  24.291  neurons  9.40 (min 7 max 12)  syn  114.7  held-out best  23.459  [ 729.3s]
r 850  fit  25.017  mse  24.317  neurons  9.42 (min 7 max 11)  syn  114.8  held-out best  23.459  [ 751.3s]
r 875  fit  24.861  mse  24.161  neurons  9.38 (min 7 max 11)  syn  114.0  held-out best  23.459  [ 773.6s]
r 900  fit  25.817  mse  25.267  neurons  9.39 (min 7 max 11)  syn  113.3  held-out best  23.459  [ 795.9s]
r 925  fit  24.878  mse  24.211  neurons  9.32 (min 7 max 11)  syn  113.5  held-out best  23.459  [ 817.7s]
r 950  fit  24.474  mse  23.924  neurons  9.36 (min 8 max 11)  syn  112.8  held-out best  23.459  [ 839.7s]
r 975  fit  25.447  mse  24.793  neurons  9.30 (min 8 max 11)  syn  112.3  held-out best  23.459  [ 861.3s]
r1000  fit  24.314  mse  23.764  neurons  9.22 (min 7 max 11)  syn  111.7  held-out best  23.459  [ 883.1s]
r1025  fit  24.829  mse  24.129  neurons  9.20 (min 7 max 11)  syn  111.4  held-out best  23.459  [ 904.7s]
r1050  fit  25.213  mse  24.475  neurons  9.23 (min 7 max 11)  syn  110.7  held-out best  23.459  [ 926.5s]
r1075  fit  25.277  mse  24.577  neurons  9.19 (min 7 max 11)  syn  110.4  held-out best  23.459  [ 948.1s]
r1100  fit  25.009  mse  24.287  neurons  9.22 (min 8 max 11)  syn  110.0  held-out best  23.459  [ 970.0s]
r1125  fit  25.548  mse  24.756  neurons  9.18 (min 7 max 11)  syn  110.2  held-out best  23.459  [ 991.6s]
r1150  fit  25.079  mse  24.394  neurons  9.16 (min 7 max 11)  syn  110.0  held-out best  23.459  [1013.3s]
r1175  fit  24.819  mse  24.300  neurons  9.18 (min 8 max 11)  syn  109.8  held-out best  23.459  [1035.1s]
r1200  fit  25.152  mse  24.502  neurons  9.08 (min 8 max 11)  syn  109.2  held-out best  23.459  [1056.9s]
r1225  fit  24.454  mse  23.846  neurons  9.11 (min 7 max 11)  syn  109.5  held-out best  23.459  [1078.7s]
r1250  fit  24.756  mse  24.106  neurons  9.05 (min 8 max 11)  syn  108.8  held-out best  23.459  [1100.4s]
r1275  fit  24.901  mse  24.201  neurons  9.04 (min 7 max 11)  syn  109.2  held-out best  23.459  [1122.0s]
r1300  fit  26.047  mse  25.456  neurons  8.99 (min 7 max 11)  syn  108.7  held-out best  23.459  [1143.5s]
r1325  fit  24.916  mse  24.266  neurons  9.01 (min 7 max 11)  syn  109.0  held-out best  23.459  [1164.6s]
r1350  fit  25.146  mse  24.439  neurons  8.95 (min 7 max 11)  syn  108.5  held-out best  23.459  [1186.7s]
r1375  fit  25.219  mse  24.519  neurons  8.96 (min 7 max 11)  syn  108.9  held-out best  23.459  [1208.5s]
r1400  fit  25.584  mse  24.971  neurons  8.93 (min 7 max 11)  syn  108.4  held-out best  23.459  [1229.9s]
r1425  fit  25.531  mse  25.031  neurons  8.97 (min 7 max 10)  syn  108.1  held-out best  23.459  [1251.2s]
r1450  fit  25.839  mse  25.112  neurons  8.95 (min 7 max 11)  syn  108.2  held-out best  23.459  [1273.1s]
r1475  fit  25.362  mse  24.812  neurons  8.96 (min 7 max 11)  syn  108.5  held-out best  23.459  [1295.0s]
r1499  fit  24.575  mse  23.943  neurons  8.96 (min 7 max 10)  syn  108.4  held-out best  23.459  [1315.9s]
DONE: held-out MSE 23.459 vs constant 34.152 (21.9 min)
