Loading tokenizer from /home/starost/.cache/nanochat/tokenizer
Vocab size: 32768, BOS id: 32759
Total params (all fp32): 358,420,224
Q/K Joint MHLut: in_nap=6 tph=256 d_qk=64 (n_outputs=2*d_qk=128) init_std=0.001 [no V2D, q_norm+k_norm -> SDPA]
V MHLut:         in_nap=8 tph=256 d_v=32 (n_outputs=d_v)
out_proj MHLut:  in_nap=6 tph=[2048, 2048, 1024, 1024, 1024, 1024] (n_outputs=E=96) + LayerNorm (no rank canon)
Attention:       SDPA (causal); plain default 1/sqrt(d_qk=64)=0.1250, no learnable attn_scale
Tokens/micro-batch: 4,096 | grad_accum: 1 | effective batch: 4,096 tokens
step      1 | loss=10.4165 | lr=6.25e-08
step    100 | loss=10.0737 | lr=6.25e-06
step    200 | loss=9.0278 | lr=1.25e-05
[VAL] step 200: bpb=2.3971
step    300 | loss=8.1526 | lr=1.87e-05
step    400 | loss=7.7489 | lr=2.50e-05
[VAL] step 400: bpb=2.2855
step    500 | loss=7.3677 | lr=3.13e-05
step    600 | loss=7.0800 | lr=3.75e-05
[VAL] step 600: bpb=2.0865
step    700 | loss=6.8819 | lr=4.37e-05
step    800 | loss=6.7338 | lr=5.00e-05
[VAL] step 800: bpb=2.0255
step    900 | loss=6.6366 | lr=5.62e-05
step   1000 | loss=6.5670 | lr=6.25e-05
[VAL] step 1000: bpb=1.9867
step   1100 | loss=6.5109 | lr=6.87e-05
step   1200 | loss=6.4614 | lr=7.50e-05
[VAL] step 1200: bpb=1.9537
step   1300 | loss=6.3920 | lr=8.12e-05
step   1400 | loss=6.3542 | lr=8.75e-05
[VAL] step 1400: bpb=1.9294
step   1500 | loss=6.3060 | lr=9.37e-05
step   1600 | loss=6.2294 | lr=1.00e-04
[VAL] step 1600: bpb=1.9002
step   1700 | loss=6.1961 | lr=1.06e-04
step   1800 | loss=6.1609 | lr=1.12e-04
[VAL] step 1800: bpb=1.8747
step   1900 | loss=6.1291 | lr=1.19e-04
step   2000 | loss=6.0933 | lr=1.25e-04
[VAL] step 2000: bpb=1.8558
step   2100 | loss=6.0443 | lr=1.31e-04
step   2200 | loss=6.0175 | lr=1.37e-04
[VAL] step 2200: bpb=1.8399
step   2300 | loss=5.9902 | lr=1.44e-04
step   2400 | loss=5.9780 | lr=1.50e-04
[VAL] step 2400: bpb=1.8240
step   2500 | loss=5.9538 | lr=1.56e-04
step   2600 | loss=5.9369 | lr=1.62e-04
[VAL] step 2600: bpb=1.8100
step   2700 | loss=5.8990 | lr=1.69e-04
step   2800 | loss=5.8844 | lr=1.75e-04
[VAL] step 2800: bpb=1.8003
step   2900 | loss=5.8535 | lr=1.81e-04
step   3000 | loss=5.8365 | lr=1.87e-04
[VAL] step 3000: bpb=1.7855
step   3100 | loss=5.8168 | lr=1.94e-04
step   3200 | loss=5.8024 | lr=2.00e-04
[VAL] step 3200: bpb=1.7705
step   3300 | loss=5.7900 | lr=2.06e-04
step   3400 | loss=5.7496 | lr=2.12e-04
[VAL] step 3400: bpb=1.7623
step   3500 | loss=5.7331 | lr=2.19e-04
step   3600 | loss=5.7395 | lr=2.25e-04
[VAL] step 3600: bpb=1.7596
step   3700 | loss=5.7105 | lr=2.31e-04
step   3800 | loss=5.6962 | lr=2.37e-04
[VAL] step 3800: bpb=1.7475
step   3900 | loss=5.6697 | lr=2.44e-04
step   4000 | loss=5.6485 | lr=2.50e-04
[VAL] step 4000: bpb=1.7363
step   4100 | loss=5.6789 | lr=2.56e-04
step   4200 | loss=5.6478 | lr=2.62e-04
[VAL] step 4200: bpb=1.7299
step   4300 | loss=5.6487 | lr=2.69e-04
step   4400 | loss=5.6339 | lr=2.75e-04
[VAL] step 4400: bpb=1.7236
step   4500 | loss=5.6152 | lr=2.81e-04
step   4600 | loss=5.6016 | lr=2.87e-04
[VAL] step 4600: bpb=1.7176
step   4700 | loss=5.6018 | lr=2.94e-04
step   4800 | loss=5.5985 | lr=3.00e-04
[VAL] step 4800: bpb=1.7130
step   4900 | loss=5.5748 | lr=3.00e-04
step   5000 | loss=5.5694 | lr=3.00e-04
[VAL] step 5000: bpb=1.7047
step   5100 | loss=5.5568 | lr=3.00e-04
step   5200 | loss=5.5327 | lr=3.00e-04
[VAL] step 5200: bpb=1.6944
step   5300 | loss=5.5130 | lr=3.00e-04
step   5400 | loss=5.4958 | lr=3.00e-04
[VAL] step 5400: bpb=1.6918
step   5500 | loss=5.5001 | lr=3.00e-04
step   5600 | loss=5.5093 | lr=3.00e-04
[VAL] step 5600: bpb=1.6854
step   5700 | loss=5.4898 | lr=3.00e-04
step   5800 | loss=5.4749 | lr=3.00e-04
[VAL] step 5800: bpb=1.6829
step   5900 | loss=5.4769 | lr=3.00e-04
step   6000 | loss=5.4600 | lr=2.99e-04
[VAL] step 6000: bpb=1.6712
step   6100 | loss=5.4441 | lr=2.99e-04
step   6200 | loss=5.4418 | lr=2.99e-04
[VAL] step 6200: bpb=1.6705
step   6300 | loss=5.4386 | lr=2.99e-04
step   6400 | loss=5.4206 | lr=2.99e-04
[VAL] step 6400: bpb=1.6672
step   6500 | loss=5.4082 | lr=2.99e-04
step   6600 | loss=5.4122 | lr=2.99e-04
[VAL] step 6600: bpb=1.6602
step   6700 | loss=5.4024 | lr=2.99e-04
step   6800 | loss=5.3880 | lr=2.99e-04
[VAL] step 6800: bpb=1.6625
step   6900 | loss=5.3864 | lr=2.98e-04
step   7000 | loss=5.3897 | lr=2.98e-04
[VAL] step 7000: bpb=1.6544
step   7100 | loss=5.3789 | lr=2.98e-04
step   7200 | loss=5.3805 | lr=2.98e-04
[VAL] step 7200: bpb=1.6477
step   7300 | loss=5.3612 | lr=2.98e-04
step   7400 | loss=5.3698 | lr=2.98e-04
[VAL] step 7400: bpb=1.6462
step   7500 | loss=5.3546 | lr=2.97e-04
step   7600 | loss=5.3463 | lr=2.97e-04
[VAL] step 7600: bpb=1.6375
step   7700 | loss=5.3362 | lr=2.97e-04
step   7800 | loss=5.3496 | lr=2.97e-04
[VAL] step 7800: bpb=1.6386
step   7900 | loss=5.3421 | lr=2.97e-04
step   8000 | loss=5.3312 | lr=2.96e-04
[VAL] step 8000: bpb=1.6388
step   8100 | loss=5.3329 | lr=2.96e-04
step   8200 | loss=5.3179 | lr=2.96e-04
[VAL] step 8200: bpb=1.6329
step   8300 | loss=5.3181 | lr=2.96e-04
step   8400 | loss=5.3077 | lr=2.95e-04
[VAL] step 8400: bpb=1.6300
step   8500 | loss=5.2978 | lr=2.95e-04
step   8600 | loss=5.3191 | lr=2.95e-04
[VAL] step 8600: bpb=1.6275
step   8700 | loss=5.3109 | lr=2.95e-04
step   8800 | loss=5.3041 | lr=2.94e-04
[VAL] step 8800: bpb=1.6275
step   8900 | loss=5.2819 | lr=2.94e-04
step   9000 | loss=5.2881 | lr=2.94e-04
[VAL] step 9000: bpb=1.6254
step   9100 | loss=5.2806 | lr=2.93e-04
step   9200 | loss=5.2834 | lr=2.93e-04
[VAL] step 9200: bpb=1.6224
step   9300 | loss=5.2841 | lr=2.93e-04
step   9400 | loss=5.2831 | lr=2.93e-04
[VAL] step 9400: bpb=1.6207
step   9500 | loss=5.2961 | lr=2.92e-04
step   9600 | loss=5.3045 | lr=2.92e-04
[VAL] step 9600: bpb=1.6193
step   9700 | loss=5.2901 | lr=2.92e-04
step   9800 | loss=5.2868 | lr=2.91e-04
[VAL] step 9800: bpb=1.6193
step   9900 | loss=5.2536 | lr=2.91e-04
step  10000 | loss=5.2445 | lr=2.90e-04
[VAL] step 10000: bpb=1.6150
step  10100 | loss=5.2562 | lr=2.90e-04
step  10200 | loss=5.2354 | lr=2.90e-04
[VAL] step 10200: bpb=1.6178
step  10300 | loss=5.2534 | lr=2.89e-04
step  10400 | loss=5.2448 | lr=2.89e-04
[VAL] step 10400: bpb=1.6159
step  10500 | loss=5.2415 | lr=2.89e-04
step  10600 | loss=5.2319 | lr=2.88e-04
[VAL] step 10600: bpb=1.6144
step  10700 | loss=5.2347 | lr=2.88e-04
step  10800 | loss=5.2373 | lr=2.87e-04
[VAL] step 10800: bpb=1.6108
step  10900 | loss=5.2258 | lr=2.87e-04
step  11000 | loss=5.2144 | lr=2.87e-04
[VAL] step 11000: bpb=1.6086
step  11100 | loss=5.2258 | lr=2.86e-04
step  11200 | loss=5.2080 | lr=2.86e-04
[VAL] step 11200: bpb=1.6095
step  11300 | loss=5.2010 | lr=2.85e-04
step  11400 | loss=5.2135 | lr=2.85e-04
[VAL] step 11400: bpb=1.6068
step  11500 | loss=5.2179 | lr=2.84e-04
step  11600 | loss=5.2172 | lr=2.84e-04
[VAL] step 11600: bpb=1.6021
step  11700 | loss=5.2101 | lr=2.83e-04
step  11800 | loss=5.2150 | lr=2.83e-04
[VAL] step 11800: bpb=1.6015
step  11900 | loss=5.1951 | lr=2.82e-04
step  12000 | loss=5.2007 | lr=2.82e-04
[VAL] step 12000: bpb=1.6005
step  12100 | loss=5.1919 | lr=2.81e-04
step  12200 | loss=5.1768 | lr=2.81e-04
[VAL] step 12200: bpb=1.5975
step  12300 | loss=5.1828 | lr=2.80e-04
step  12400 | loss=5.1904 | lr=2.80e-04
[VAL] step 12400: bpb=1.6005
step  12500 | loss=5.1950 | lr=2.79e-04
step  12600 | loss=5.1860 | lr=2.79e-04
[VAL] step 12600: bpb=1.5959
step  12700 | loss=5.1973 | lr=2.78e-04
step  12800 | loss=5.1906 | lr=2.78e-04
[VAL] step 12800: bpb=1.5964
step  12900 | loss=5.2007 | lr=2.77e-04
step  13000 | loss=5.2057 | lr=2.77e-04
[VAL] step 13000: bpb=1.5933
step  13100 | loss=5.1818 | lr=2.76e-04
step  13200 | loss=5.1630 | lr=2.76e-04
[VAL] step 13200: bpb=1.5924
step  13300 | loss=5.2033 | lr=2.75e-04
step  13400 | loss=5.1979 | lr=2.74e-04
[VAL] step 13400: bpb=1.5887
step  13500 | loss=5.1708 | lr=2.74e-04
step  13600 | loss=5.1636 | lr=2.73e-04
[VAL] step 13600: bpb=1.5924
step  13700 | loss=5.1872 | lr=2.73e-04
step  13800 | loss=5.1819 | lr=2.72e-04
[VAL] step 13800: bpb=1.5914
step  13900 | loss=5.1842 | lr=2.72e-04
step  14000 | loss=5.1765 | lr=2.71e-04
[VAL] step 14000: bpb=1.5922
step  14100 | loss=5.1729 | lr=2.70e-04
step  14200 | loss=5.1713 | lr=2.70e-04
[VAL] step 14200: bpb=1.5897
step  14300 | loss=5.1600 | lr=2.69e-04
step  14400 | loss=5.1624 | lr=2.68e-04
[VAL] step 14400: bpb=1.5881
step  14500 | loss=5.1544 | lr=2.68e-04
step  14600 | loss=5.1484 | lr=2.67e-04
[VAL] step 14600: bpb=1.5855
step  14700 | loss=5.1492 | lr=2.66e-04
step  14800 | loss=5.1329 | lr=2.66e-04
[VAL] step 14800: bpb=1.5888
step  14900 | loss=5.1562 | lr=2.65e-04
step  15000 | loss=5.1514 | lr=2.65e-04
[VAL] step 15000: bpb=1.5850
step  15100 | loss=5.1347 | lr=2.64e-04
step  15200 | loss=5.1284 | lr=2.63e-04
[VAL] step 15200: bpb=1.5840
step  15300 | loss=5.1280 | lr=2.63e-04
step  15400 | loss=5.1574 | lr=2.62e-04
[VAL] step 15400: bpb=1.5835
step  15500 | loss=5.1414 | lr=2.61e-04
step  15600 | loss=5.1227 | lr=2.60e-04
[VAL] step 15600: bpb=1.5812
step  15700 | loss=5.1314 | lr=2.60e-04
step  15800 | loss=5.1604 | lr=2.59e-04
[VAL] step 15800: bpb=1.5830
step  15900 | loss=5.1413 | lr=2.58e-04
step  16000 | loss=5.1295 | lr=2.58e-04
[VAL] step 16000: bpb=1.5798
step  16100 | loss=5.1437 | lr=2.57e-04
step  16200 | loss=5.1290 | lr=2.56e-04
[VAL] step 16200: bpb=1.5798
step  16300 | loss=5.1295 | lr=2.55e-04
step  16400 | loss=5.1265 | lr=2.55e-04
[VAL] step 16400: bpb=1.5772
step  16500 | loss=5.1234 | lr=2.54e-04
step  16600 | loss=5.1217 | lr=2.53e-04
[VAL] step 16600: bpb=1.5807
step  16700 | loss=5.1106 | lr=2.53e-04
step  16800 | loss=5.1249 | lr=2.52e-04
[VAL] step 16800: bpb=1.5790
step  16900 | loss=5.1415 | lr=2.51e-04
step  17000 | loss=5.1380 | lr=2.50e-04
[VAL] step 17000: bpb=1.5775
step  17100 | loss=5.1360 | lr=2.49e-04
step  17200 | loss=5.1062 | lr=2.49e-04
[VAL] step 17200: bpb=1.5748
step  17300 | loss=5.1053 | lr=2.48e-04
step  17400 | loss=5.1043 | lr=2.47e-04
[VAL] step 17400: bpb=1.5750
step  17500 | loss=5.1285 | lr=2.46e-04
step  17600 | loss=5.1245 | lr=2.46e-04
[VAL] step 17600: bpb=1.5735
step  17700 | loss=5.1177 | lr=2.45e-04
step  17800 | loss=5.1230 | lr=2.44e-04
[VAL] step 17800: bpb=1.5699
step  17900 | loss=5.1061 | lr=2.43e-04
step  18000 | loss=5.1154 | lr=2.42e-04
[VAL] step 18000: bpb=1.5708
step  18100 | loss=5.1111 | lr=2.42e-04
step  18200 | loss=5.1073 | lr=2.41e-04
[VAL] step 18200: bpb=1.5732
step  18300 | loss=5.1043 | lr=2.40e-04
step  18400 | loss=5.1239 | lr=2.39e-04
[VAL] step 18400: bpb=1.5729
step  18500 | loss=5.1163 | lr=2.38e-04
step  18600 | loss=5.1144 | lr=2.38e-04
[VAL] step 18600: bpb=1.5673
step  18700 | loss=5.1137 | lr=2.37e-04
step  18800 | loss=5.0861 | lr=2.36e-04
[VAL] step 18800: bpb=1.5677
step  18900 | loss=5.0905 | lr=2.35e-04
step  19000 | loss=5.0772 | lr=2.34e-04
[VAL] step 19000: bpb=1.5660
step  19100 | loss=5.1007 | lr=2.33e-04
step  19200 | loss=5.1013 | lr=2.32e-04
[VAL] step 19200: bpb=1.5676
step  19300 | loss=5.0822 | lr=2.32e-04
step  19400 | loss=5.0663 | lr=2.31e-04
[VAL] step 19400: bpb=1.5684
step  19500 | loss=5.0783 | lr=2.30e-04
step  19600 | loss=5.0819 | lr=2.29e-04
[VAL] step 19600: bpb=1.5650
step  19700 | loss=5.0740 | lr=2.28e-04
step  19800 | loss=5.0846 | lr=2.27e-04
[VAL] step 19800: bpb=1.5665
step  19900 | loss=5.0773 | lr=2.26e-04
step  20000 | loss=5.0737 | lr=2.26e-04
[VAL] step 20000: bpb=1.5623
step  20100 | loss=5.0670 | lr=2.25e-04
step  20200 | loss=5.0701 | lr=2.24e-04
[VAL] step 20200: bpb=1.5629
step  20300 | loss=5.0842 | lr=2.23e-04
step  20400 | loss=5.0634 | lr=2.22e-04
[VAL] step 20400: bpb=1.5619
step  20500 | loss=5.0672 | lr=2.21e-04
step  20600 | loss=5.0590 | lr=2.20e-04
[VAL] step 20600: bpb=1.5621
step  20700 | loss=5.0618 | lr=2.19e-04
step  20800 | loss=5.0445 | lr=2.18e-04
[VAL] step 20800: bpb=1.5592
step  20900 | loss=5.0530 | lr=2.18e-04
step  21000 | loss=5.0563 | lr=2.17e-04
[VAL] step 21000: bpb=1.5602
step  21100 | loss=5.0611 | lr=2.16e-04
step  21200 | loss=5.0444 | lr=2.15e-04
[VAL] step 21200: bpb=1.5599
step  21300 | loss=5.0539 | lr=2.14e-04
step  21400 | loss=5.0523 | lr=2.13e-04
[VAL] step 21400: bpb=1.5598
step  21500 | loss=5.0465 | lr=2.12e-04
step  21600 | loss=5.0542 | lr=2.11e-04
[VAL] step 21600: bpb=1.5585
step  21700 | loss=5.0679 | lr=2.10e-04
step  21800 | loss=5.0599 | lr=2.09e-04
[VAL] step 21800: bpb=1.5571
step  21900 | loss=5.0536 | lr=2.08e-04
step  22000 | loss=5.0531 | lr=2.07e-04
[VAL] step 22000: bpb=1.5561
step  22100 | loss=5.0384 | lr=2.07e-04
step  22200 | loss=5.0707 | lr=2.06e-04
[VAL] step 22200: bpb=1.5543
step  22300 | loss=5.0590 | lr=2.05e-04
step  22400 | loss=5.0513 | lr=2.04e-04
[VAL] step 22400: bpb=1.5531
step  22500 | loss=5.0424 | lr=2.03e-04
step  22600 | loss=5.0570 | lr=2.02e-04
[VAL] step 22600: bpb=1.5521
step  22700 | loss=5.0672 | lr=2.01e-04
step  22800 | loss=5.0574 | lr=2.00e-04
[VAL] step 22800: bpb=1.5535
step  22900 | loss=5.0565 | lr=1.99e-04
step  23000 | loss=5.0521 | lr=1.98e-04
[VAL] step 23000: bpb=1.5483
step  23100 | loss=5.0425 | lr=1.97e-04
step  23200 | loss=5.0446 | lr=1.96e-04
[VAL] step 23200: bpb=1.5482
step  23300 | loss=5.0555 | lr=1.95e-04
step  23400 | loss=5.0429 | lr=1.94e-04
[VAL] step 23400: bpb=1.5522
step  23500 | loss=5.0179 | lr=1.93e-04
step  23600 | loss=5.0187 | lr=1.92e-04
[VAL] step 23600: bpb=1.5488
step  23700 | loss=5.0470 | lr=1.91e-04
step  23800 | loss=5.0505 | lr=1.90e-04
[VAL] step 23800: bpb=1.5489
step  23900 | loss=5.0327 | lr=1.89e-04
step  24000 | loss=5.0269 | lr=1.88e-04
[VAL] step 24000: bpb=1.5475
step  24100 | loss=5.0179 | lr=1.87e-04
step  24200 | loss=5.0286 | lr=1.87e-04
[VAL] step 24200: bpb=1.5481
step  24300 | loss=5.0260 | lr=1.86e-04
step  24400 | loss=5.0280 | lr=1.85e-04
[VAL] step 24400: bpb=1.5505
step  24500 | loss=5.0208 | lr=1.84e-04
step  24600 | loss=5.0221 | lr=1.83e-04
[VAL] step 24600: bpb=1.5460
step  24700 | loss=5.0322 | lr=1.82e-04
step  24800 | loss=5.0357 | lr=1.81e-04
[VAL] step 24800: bpb=1.5456
step  24900 | loss=5.0267 | lr=1.80e-04
step  25000 | loss=5.0276 | lr=1.79e-04
[VAL] step 25000: bpb=1.5458
step  25100 | loss=5.0198 | lr=1.78e-04
step  25200 | loss=5.0143 | lr=1.77e-04
[VAL] step 25200: bpb=1.5450
step  25300 | loss=5.0226 | lr=1.76e-04
step  25400 | loss=5.0153 | lr=1.75e-04
[VAL] step 25400: bpb=1.5434
step  25500 | loss=5.0229 | lr=1.74e-04
step  25600 | loss=5.0112 | lr=1.73e-04
[VAL] step 25600: bpb=1.5423
step  25700 | loss=4.9943 | lr=1.72e-04
step  25800 | loss=5.0134 | lr=1.71e-04
[VAL] step 25800: bpb=1.5437
step  25900 | loss=5.0222 | lr=1.70e-04
step  26000 | loss=5.0083 | lr=1.69e-04
[VAL] step 26000: bpb=1.5401
step  26100 | loss=5.0119 | lr=1.68e-04
step  26200 | loss=5.0131 | lr=1.67e-04
[VAL] step 26200: bpb=1.5409
step  26300 | loss=5.0015 | lr=1.66e-04
step  26400 | loss=5.0147 | lr=1.65e-04
[VAL] step 26400: bpb=1.5403
step  26500 | loss=5.0208 | lr=1.64e-04
step  26600 | loss=5.0200 | lr=1.63e-04
[VAL] step 26600: bpb=1.5381
step  26700 | loss=4.9953 | lr=1.62e-04
step  26800 | loss=4.9981 | lr=1.61e-04
[VAL] step 26800: bpb=1.5396
step  26900 | loss=5.0033 | lr=1.60e-04
step  27000 | loss=4.9938 | lr=1.59e-04
[VAL] step 27000: bpb=1.5387
step  27100 | loss=4.9923 | lr=1.58e-04
step  27200 | loss=5.0062 | lr=1.57e-04
[VAL] step 27200: bpb=1.5378
step  27300 | loss=5.0184 | lr=1.56e-04
step  27400 | loss=5.0086 | lr=1.55e-04
[VAL] step 27400: bpb=1.5375
step  27500 | loss=4.9986 | lr=1.54e-04
step  27600 | loss=4.9984 | lr=1.53e-04
[VAL] step 27600: bpb=1.5389
step  27700 | loss=5.0138 | lr=1.52e-04
step  27800 | loss=4.9984 | lr=1.51e-04
[VAL] step 27800: bpb=1.5353
step  27900 | loss=4.9900 | lr=1.50e-04
step  28000 | loss=4.9891 | lr=1.49e-04
[VAL] step 28000: bpb=1.5346
step  28100 | loss=4.9636 | lr=1.48e-04
step  28200 | loss=4.9820 | lr=1.47e-04
[VAL] step 28200: bpb=1.5345
step  28300 | loss=4.9896 | lr=1.46e-04
step  28400 | loss=4.9725 | lr=1.45e-04
[VAL] step 28400: bpb=1.5324
step  28500 | loss=4.9751 | lr=1.44e-04
step  28600 | loss=4.9780 | lr=1.43e-04
[VAL] step 28600: bpb=1.5315
step  28700 | loss=4.9884 | lr=1.43e-04
step  28800 | loss=5.0052 | lr=1.42e-04
[VAL] step 28800: bpb=1.5319
step  28900 | loss=4.9880 | lr=1.41e-04
step  29000 | loss=4.9604 | lr=1.40e-04
[VAL] step 29000: bpb=1.5292
step  29100 | loss=4.9758 | lr=1.39e-04
step  29200 | loss=4.9785 | lr=1.38e-04
[VAL] step 29200: bpb=1.5301
step  29300 | loss=4.9548 | lr=1.37e-04
step  29400 | loss=4.9823 | lr=1.36e-04
[VAL] step 29400: bpb=1.5313
step  29500 | loss=4.9750 | lr=1.35e-04
step  29600 | loss=4.9794 | lr=1.34e-04
[VAL] step 29600: bpb=1.5304
step  29700 | loss=4.9753 | lr=1.33e-04
step  29800 | loss=4.9819 | lr=1.32e-04
[VAL] step 29800: bpb=1.5286
step  29900 | loss=4.9824 | lr=1.31e-04
step  30000 | loss=4.9784 | lr=1.30e-04
[VAL] step 30000: bpb=1.5277
step  30100 | loss=4.9632 | lr=1.29e-04
step  30200 | loss=4.9878 | lr=1.28e-04
[VAL] step 30200: bpb=1.5286
step  30300 | loss=4.9896 | lr=1.27e-04
step  30400 | loss=4.9634 | lr=1.26e-04
[VAL] step 30400: bpb=1.5256
step  30500 | loss=4.9485 | lr=1.25e-04
step  30600 | loss=4.9304 | lr=1.24e-04
[VAL] step 30600: bpb=1.5242
step  30700 | loss=4.9571 | lr=1.23e-04
step  30800 | loss=4.9535 | lr=1.23e-04
[VAL] step 30800: bpb=1.5292
step  30900 | loss=4.9654 | lr=1.22e-04
step  31000 | loss=4.9694 | lr=1.21e-04
[VAL] step 31000: bpb=1.5258
step  31100 | loss=4.9389 | lr=1.20e-04
step  31200 | loss=4.9485 | lr=1.19e-04
[VAL] step 31200: bpb=1.5232
step  31300 | loss=4.9605 | lr=1.18e-04
step  31400 | loss=4.9497 | lr=1.17e-04
[VAL] step 31400: bpb=1.5236
step  31500 | loss=4.9625 | lr=1.16e-04
step  31600 | loss=4.9495 | lr=1.15e-04
[VAL] step 31600: bpb=1.5225
step  31700 | loss=4.9458 | lr=1.14e-04
step  31800 | loss=4.9423 | lr=1.13e-04
[VAL] step 31800: bpb=1.5245
step  31900 | loss=4.9583 | lr=1.12e-04
step  32000 | loss=4.9470 | lr=1.12e-04
[VAL] step 32000: bpb=1.5199
step  32100 | loss=4.9502 | lr=1.11e-04
step  32200 | loss=4.9433 | lr=1.10e-04
[VAL] step 32200: bpb=1.5189
step  32300 | loss=4.9271 | lr=1.09e-04
step  32400 | loss=4.9377 | lr=1.08e-04
[VAL] step 32400: bpb=1.5192
step  32500 | loss=4.9231 | lr=1.07e-04
step  32600 | loss=4.9398 | lr=1.06e-04
[VAL] step 32600: bpb=1.5188
step  32700 | loss=4.9185 | lr=1.05e-04
step  32800 | loss=4.9248 | lr=1.04e-04
[VAL] step 32800: bpb=1.5184
step  32900 | loss=4.9204 | lr=1.04e-04
step  33000 | loss=4.9236 | lr=1.03e-04
[VAL] step 33000: bpb=1.5175
step  33100 | loss=4.9240 | lr=1.02e-04
step  33200 | loss=4.9081 | lr=1.01e-04
[VAL] step 33200: bpb=1.5170
step  33300 | loss=4.9382 | lr=1.00e-04
step  33400 | loss=4.9280 | lr=9.92e-05
[VAL] step 33400: bpb=1.5155
step  33500 | loss=4.9364 | lr=9.84e-05
step  33600 | loss=4.9300 | lr=9.75e-05
[VAL] step 33600: bpb=1.5155
step  33700 | loss=4.9212 | lr=9.67e-05
step  33800 | loss=4.9219 | lr=9.58e-05
[VAL] step 33800: bpb=1.5149
step  33900 | loss=4.9160 | lr=9.50e-05
step  34000 | loss=4.9303 | lr=9.41e-05
[VAL] step 34000: bpb=1.5158
step  34100 | loss=4.9341 | lr=9.33e-05
step  34200 | loss=4.9141 | lr=9.25e-05
[VAL] step 34200: bpb=1.5140
step  34300 | loss=4.9275 | lr=9.16e-05
step  34400 | loss=4.9206 | lr=9.08e-05
[VAL] step 34400: bpb=1.5141
step  34500 | loss=4.9323 | lr=9.00e-05
step  34600 | loss=4.9252 | lr=8.92e-05
[VAL] step 34600: bpb=1.5136
step  34700 | loss=4.9285 | lr=8.84e-05
step  34800 | loss=4.9194 | lr=8.76e-05
[VAL] step 34800: bpb=1.5123
step  34900 | loss=4.9109 | lr=8.68e-05
step  35000 | loss=4.9247 | lr=8.60e-05
[VAL] step 35000: bpb=1.5118
step  35100 | loss=4.9077 | lr=8.52e-05
step  35200 | loss=4.9233 | lr=8.44e-05
[VAL] step 35200: bpb=1.5099
step  35300 | loss=4.9351 | lr=8.36e-05
step  35400 | loss=4.9185 | lr=8.28e-05
[VAL] step 35400: bpb=1.5103
step  35500 | loss=4.9287 | lr=8.20e-05
step  35600 | loss=4.9277 | lr=8.13e-05
[VAL] step 35600: bpb=1.5099
step  35700 | loss=4.9268 | lr=8.05e-05
step  35800 | loss=4.9062 | lr=7.97e-05
[VAL] step 35800: bpb=1.5092
step  35900 | loss=4.8992 | lr=7.90e-05
step  36000 | loss=4.8972 | lr=7.82e-05
[VAL] step 36000: bpb=1.5073
step  36100 | loss=4.9154 | lr=7.75e-05
step  36200 | loss=4.9063 | lr=7.67e-05
[VAL] step 36200: bpb=1.5048
step  36300 | loss=4.8876 | lr=7.60e-05
step  36400 | loss=4.8721 | lr=7.53e-05
[VAL] step 36400: bpb=1.5025
step  36500 | loss=4.8790 | lr=7.45e-05
step  36600 | loss=4.8781 | lr=7.38e-05
[VAL] step 36600: bpb=1.5017
step  36700 | loss=4.8695 | lr=7.31e-05
step  36800 | loss=4.8746 | lr=7.24e-05
[VAL] step 36800: bpb=1.5011
step  36900 | loss=4.8678 | lr=7.16e-05
step  37000 | loss=4.8742 | lr=7.09e-05
[VAL] step 37000: bpb=1.5017
step  37100 | loss=4.8827 | lr=7.02e-05
step  37200 | loss=4.8859 | lr=6.95e-05
[VAL] step 37200: bpb=1.5002
step  37300 | loss=4.8741 | lr=6.88e-05
step  37400 | loss=4.8729 | lr=6.82e-05
[VAL] step 37400: bpb=1.5003
step  37500 | loss=4.8903 | lr=6.75e-05
step  37600 | loss=4.8587 | lr=6.68e-05
[VAL] step 37600: bpb=1.5007
step  37700 | loss=4.8639 | lr=6.61e-05
step  37800 | loss=4.8684 | lr=6.55e-05
[VAL] step 37800: bpb=1.4984
step  37900 | loss=4.8756 | lr=6.48e-05
step  38000 | loss=4.8705 | lr=6.42e-05
[VAL] step 38000: bpb=1.4969
step  38100 | loss=4.8863 | lr=6.35e-05
step  38200 | loss=4.8664 | lr=6.29e-05
[VAL] step 38200: bpb=1.4963
step  38300 | loss=4.8681 | lr=6.22e-05
step  38400 | loss=4.8679 | lr=6.16e-05
[VAL] step 38400: bpb=1.4960
step  38500 | loss=4.8650 | lr=6.10e-05
step  38600 | loss=4.8719 | lr=6.03e-05
[VAL] step 38600: bpb=1.4950
step  38700 | loss=4.8696 | lr=5.97e-05
step  38800 | loss=4.8314 | lr=5.91e-05
[VAL] step 38800: bpb=1.4941
step  38900 | loss=4.8402 | lr=5.85e-05
step  39000 | loss=4.8415 | lr=5.79e-05
[VAL] step 39000: bpb=1.4934
step  39100 | loss=4.8516 | lr=5.73e-05
step  39200 | loss=4.8623 | lr=5.67e-05
[VAL] step 39200: bpb=1.4924
step  39300 | loss=4.8525 | lr=5.61e-05
step  39400 | loss=4.8654 | lr=5.56e-05
[VAL] step 39400: bpb=1.4932
step  39500 | loss=4.8526 | lr=5.50e-05
step  39600 | loss=4.8421 | lr=5.44e-05
[VAL] step 39600: bpb=1.4929
step  39700 | loss=4.8461 | lr=5.39e-05
step  39800 | loss=4.8539 | lr=5.33e-05
[VAL] step 39800: bpb=1.4913
step  39900 | loss=4.8425 | lr=5.28e-05
step  40000 | loss=4.8568 | lr=5.22e-05
[VAL] step 40000: bpb=1.4902
step  40100 | loss=4.8358 | lr=5.17e-05
step  40200 | loss=4.8426 | lr=5.11e-05
[VAL] step 40200: bpb=1.4918
step  40300 | loss=4.8285 | lr=5.06e-05
step  40400 | loss=4.8441 | lr=5.01e-05
[VAL] step 40400: bpb=1.4913
step  40500 | loss=4.8673 | lr=4.96e-05
step  40600 | loss=4.8443 | lr=4.91e-05
[VAL] step 40600: bpb=1.4903
step  40700 | loss=4.8296 | lr=4.86e-05
step  40800 | loss=4.8391 | lr=4.81e-05
[VAL] step 40800: bpb=1.4907
step  40900 | loss=4.8369 | lr=4.76e-05
step  41000 | loss=4.8060 | lr=4.71e-05
[VAL] step 41000: bpb=1.4904
step  41100 | loss=4.8149 | lr=4.66e-05
step  41200 | loss=4.8426 | lr=4.62e-05
[VAL] step 41200: bpb=1.4889
step  41300 | loss=4.8499 | lr=4.57e-05
step  41400 | loss=4.8451 | lr=4.53e-05
[VAL] step 41400: bpb=1.4876
step  41500 | loss=4.8440 | lr=4.48e-05
step  41600 | loss=4.8355 | lr=4.44e-05
[VAL] step 41600: bpb=1.4876
step  41700 | loss=4.8517 | lr=4.39e-05
step  41800 | loss=4.8318 | lr=4.35e-05
[VAL] step 41800: bpb=1.4876
step  41900 | loss=4.8420 | lr=4.31e-05
step  42000 | loss=4.8310 | lr=4.26e-05
[VAL] step 42000: bpb=1.4866
step  42100 | loss=4.8240 | lr=4.22e-05
step  42200 | loss=4.8314 | lr=4.18e-05
[VAL] step 42200: bpb=1.4872
step  42300 | loss=4.8204 | lr=4.14e-05
step  42400 | loss=4.8431 | lr=4.10e-05
[VAL] step 42400: bpb=1.4872
step  42500 | loss=4.8316 | lr=4.07e-05
step  42600 | loss=4.8358 | lr=4.03e-05
[VAL] step 42600: bpb=1.4861
step  42700 | loss=4.8272 | lr=3.99e-05
step  42800 | loss=4.8450 | lr=3.95e-05
[VAL] step 42800: bpb=1.4872
step  42900 | loss=4.8014 | lr=3.92e-05
step  43000 | loss=4.8137 | lr=3.88e-05
[VAL] step 43000: bpb=1.4869
step  43100 | loss=4.8193 | lr=3.85e-05
step  43200 | loss=4.8288 | lr=3.81e-05
[VAL] step 43200: bpb=1.4860
step  43300 | loss=4.8322 | lr=3.78e-05
step  43400 | loss=4.8337 | lr=3.75e-05
[VAL] step 43400: bpb=1.4869
step  43500 | loss=4.8218 | lr=3.72e-05
step  43600 | loss=4.8071 | lr=3.69e-05
[VAL] step 43600: bpb=1.4864
step  43700 | loss=4.8191 | lr=3.65e-05
step  43800 | loss=4.8250 | lr=3.62e-05
[VAL] step 43800: bpb=1.4858
step  43900 | loss=4.8206 | lr=3.60e-05
step  44000 | loss=4.8150 | lr=3.57e-05
[VAL] step 44000: bpb=1.4852
step  44100 | loss=4.8206 | lr=3.54e-05
step  44200 | loss=4.8410 | lr=3.51e-05
[VAL] step 44200: bpb=1.4851
step  44300 | loss=4.8372 | lr=3.49e-05
step  44400 | loss=4.8208 | lr=3.46e-05
[VAL] step 44400: bpb=1.4848
step  44500 | loss=4.8135 | lr=3.43e-05
step  44600 | loss=4.7959 | lr=3.41e-05
[VAL] step 44600: bpb=1.4835
step  44700 | loss=4.8097 | lr=3.39e-05
step  44800 | loss=4.8208 | lr=3.36e-05
[VAL] step 44800: bpb=1.4835
step  44900 | loss=4.8062 | lr=3.34e-05
step  45000 | loss=4.8051 | lr=3.32e-05
[VAL] step 45000: bpb=1.4841
step  45100 | loss=4.8333 | lr=3.30e-05
step  45200 | loss=4.8256 | lr=3.28e-05
[VAL] step 45200: bpb=1.4843
step  45300 | loss=4.8338 | lr=3.26e-05
step  45400 | loss=4.8236 | lr=3.24e-05
[VAL] step 45400: bpb=1.4835
step  45500 | loss=4.8080 | lr=3.22e-05
step  45600 | loss=4.8006 | lr=3.21e-05
[VAL] step 45600: bpb=1.4836
step  45700 | loss=4.8089 | lr=3.19e-05
step  45800 | loss=4.8324 | lr=3.17e-05
[VAL] step 45800: bpb=1.4844
step  45900 | loss=4.8184 | lr=3.16e-05
step  46000 | loss=4.8234 | lr=3.14e-05
[VAL] step 46000: bpb=1.4832
step  46100 | loss=4.8087 | lr=3.13e-05
step  46200 | loss=4.8089 | lr=3.12e-05
[VAL] step 46200: bpb=1.4827
step  46300 | loss=4.8211 | lr=3.10e-05
step  46400 | loss=4.8104 | lr=3.09e-05
[VAL] step 46400: bpb=1.4822
step  46500 | loss=4.8091 | lr=3.08e-05
step  46600 | loss=4.7926 | lr=3.07e-05
[VAL] step 46600: bpb=1.4819
step  46700 | loss=4.7915 | lr=3.06e-05
step  46800 | loss=4.7874 | lr=3.05e-05
[VAL] step 46800: bpb=1.4821
step  46900 | loss=4.7828 | lr=3.04e-05
step  47000 | loss=4.8084 | lr=3.04e-05
[VAL] step 47000: bpb=1.4803
step  47100 | loss=4.8020 | lr=3.03e-05
step  47200 | loss=4.8136 | lr=3.02e-05
[VAL] step 47200: bpb=1.4809
step  47300 | loss=4.8007 | lr=3.02e-05
step  47400 | loss=4.8096 | lr=3.01e-05
[VAL] step 47400: bpb=1.4816
step  47500 | loss=4.8124 | lr=3.01e-05
step  47600 | loss=4.8159 | lr=3.01e-05
[VAL] step 47600: bpb=1.4820
step  47700 | loss=4.8052 | lr=3.00e-05
step  47800 | loss=4.7969 | lr=3.00e-05
[VAL] step 47800: bpb=1.4813
step  47900 | loss=4.8041 | lr=3.00e-05
step  48000 | loss=4.8004 | lr=3.00e-05
[VAL] step 48000: bpb=1.4804

=== DONE ===
{
  "exp_name": "exp237_no_rank_canon_48k",
  "best_val_bpb": 1.480280360501956,
  "final_val_bpb": 1.4803758714538828,
  "n_params": 358420224,
  "training_time_hours": 3.503
}
