Loading tokenizer from /home/starost/.cache/nanochat/tokenizer
Vocab size: 32768, BOS id: 32759
bit LUTs: 12
Adam-managed parameters: 60,099,974
Q/K Joint MultiHeadLut: in_nap=5 tph=512 d_qk=32 P_qk=496 (fp32, smooth_mode=True)
V BitPermLUT:   in_nap=6 out_nap=32 tph=512 d_v=16 P_v=120
Out BitPermLUT: in_nap=8 out_nap=32 tph=[4096, 4096, 2048, 2048, 2048, 2048]
Tokens/micro-batch: 4,096 | grad_accum: 1 | effective batch: 4,096 tokens
step      1 | loss=10.5632 | lr=3.75e-07
step    100 | loss=9.7310 | lr=3.75e-05
step    200 | loss=8.6078 | lr=7.50e-05
[VAL] step 200: bpb=2.3495
step    300 | loss=7.9106 | lr=1.12e-04
step    400 | loss=7.5501 | lr=1.50e-04
[VAL] step 400: bpb=2.2243
step    500 | loss=7.2398 | lr=1.87e-04
step    600 | loss=7.0504 | lr=2.25e-04
[VAL] step 600: bpb=2.1091
step    700 | loss=6.9113 | lr=2.62e-04
step    800 | loss=6.7935 | lr=3.00e-04
[VAL] step 800: bpb=2.0499
step    900 | loss=6.7061 | lr=3.00e-04
step   1000 | loss=6.6421 | lr=2.99e-04
[VAL] step 1000: bpb=2.0093
step   1100 | loss=6.5926 | lr=2.99e-04
step   1200 | loss=6.5466 | lr=2.98e-04
[VAL] step 1200: bpb=1.9873
step   1300 | loss=6.4908 | lr=2.97e-04
step   1400 | loss=6.4693 | lr=2.95e-04
[VAL] step 1400: bpb=1.9688
step   1500 | loss=6.4454 | lr=2.94e-04
step   1600 | loss=6.3895 | lr=2.92e-04
[VAL] step 1600: bpb=1.9503
step   1700 | loss=6.3722 | lr=2.90e-04
step   1800 | loss=6.3535 | lr=2.87e-04
[VAL] step 1800: bpb=1.9371
step   1900 | loss=6.3330 | lr=2.85e-04
step   2000 | loss=6.3082 | lr=2.82e-04
[VAL] step 2000: bpb=1.9265
step   2100 | loss=6.2733 | lr=2.79e-04
step   2200 | loss=6.2562 | lr=2.76e-04
[VAL] step 2200: bpb=1.9130
step   2300 | loss=6.2350 | lr=2.72e-04
step   2400 | loss=6.2259 | lr=2.68e-04
[VAL] step 2400: bpb=1.9013
step   2500 | loss=6.2071 | lr=2.65e-04
step   2600 | loss=6.1909 | lr=2.60e-04
[VAL] step 2600: bpb=1.8844
step   2700 | loss=6.1579 | lr=2.56e-04
step   2800 | loss=6.1458 | lr=2.52e-04
[VAL] step 2800: bpb=1.8750
step   2900 | loss=6.1163 | lr=2.47e-04
step   3000 | loss=6.1012 | lr=2.42e-04
[VAL] step 3000: bpb=1.8621
step   3100 | loss=6.0821 | lr=2.38e-04
step   3200 | loss=6.0642 | lr=2.32e-04
[VAL] step 3200: bpb=1.8483
step   3300 | loss=6.0509 | lr=2.27e-04
step   3400 | loss=6.0134 | lr=2.22e-04
[VAL] step 3400: bpb=1.8436
step   3500 | loss=6.0025 | lr=2.17e-04
step   3600 | loss=6.0071 | lr=2.11e-04
[VAL] step 3600: bpb=1.8393
step   3700 | loss=5.9825 | lr=2.06e-04
step   3800 | loss=5.9719 | lr=2.00e-04
[VAL] step 3800: bpb=1.8272
step   3900 | loss=5.9453 | lr=1.94e-04
step   4000 | loss=5.9287 | lr=1.88e-04
[VAL] step 4000: bpb=1.8198
step   4100 | loss=5.9536 | lr=1.83e-04
step   4200 | loss=5.9246 | lr=1.77e-04
[VAL] step 4200: bpb=1.8144
step   4300 | loss=5.9257 | lr=1.71e-04
step   4400 | loss=5.9115 | lr=1.65e-04
[VAL] step 4400: bpb=1.8084
step   4500 | loss=5.9001 | lr=1.59e-04
step   4600 | loss=5.8875 | lr=1.53e-04
[VAL] step 4600: bpb=1.8027
step   4700 | loss=5.8888 | lr=1.47e-04
step   4800 | loss=5.8849 | lr=1.42e-04
[VAL] step 4800: bpb=1.7966
step   4900 | loss=5.8592 | lr=1.36e-04
step   5000 | loss=5.8539 | lr=1.30e-04
[VAL] step 5000: bpb=1.7890
step   5100 | loss=5.8391 | lr=1.24e-04
step   5200 | loss=5.8213 | lr=1.19e-04
[VAL] step 5200: bpb=1.7852
step   5300 | loss=5.8103 | lr=1.13e-04
step   5400 | loss=5.7973 | lr=1.08e-04
[VAL] step 5400: bpb=1.7815
step   5500 | loss=5.8001 | lr=1.03e-04
step   5600 | loss=5.8146 | lr=9.75e-05
[VAL] step 5600: bpb=1.7776
step   5700 | loss=5.7980 | lr=9.25e-05
step   5800 | loss=5.7881 | lr=8.76e-05
[VAL] step 5800: bpb=1.7737
step   5900 | loss=5.7940 | lr=8.28e-05
step   6000 | loss=5.7794 | lr=7.82e-05
[VAL] step 6000: bpb=1.7717
step   6100 | loss=5.7667 | lr=7.38e-05
step   6200 | loss=5.7649 | lr=6.95e-05
[VAL] step 6200: bpb=1.7678
step   6300 | loss=5.7675 | lr=6.55e-05
step   6400 | loss=5.7501 | lr=6.16e-05
[VAL] step 6400: bpb=1.7649
step   6500 | loss=5.7434 | lr=5.79e-05
step   6600 | loss=5.7499 | lr=5.44e-05
[VAL] step 6600: bpb=1.7608
step   6700 | loss=5.7448 | lr=5.11e-05
step   6800 | loss=5.7365 | lr=4.81e-05
[VAL] step 6800: bpb=1.7596
step   6900 | loss=5.7349 | lr=4.53e-05
step   7000 | loss=5.7347 | lr=4.26e-05
[VAL] step 7000: bpb=1.7584
step   7100 | loss=5.7271 | lr=4.03e-05
step   7200 | loss=5.7296 | lr=3.81e-05
[VAL] step 7200: bpb=1.7573
step   7300 | loss=5.7201 | lr=3.62e-05
step   7400 | loss=5.7319 | lr=3.46e-05
[VAL] step 7400: bpb=1.7546
step   7500 | loss=5.7184 | lr=3.32e-05
step   7600 | loss=5.7110 | lr=3.21e-05
[VAL] step 7600: bpb=1.7540
step   7700 | loss=5.7016 | lr=3.12e-05
step   7800 | loss=5.7138 | lr=3.05e-05
[VAL] step 7800: bpb=1.7509
step   7900 | loss=5.7109 | lr=3.01e-05
step   8000 | loss=5.7038 | lr=3.00e-05
[VAL] step 8000: bpb=1.7511

=== DONE ===
{
  "exp_name": "exp050_e96_concat_full_tph",
  "best_val_bpb": 1.750867228717272,
  "final_val_bpb": 1.751127478460974,
  "adam_params": 60099974,
  "n_bit_luts": 12,
  "training_time_hours": 2.038
}
