Loading tokenizer from /home/starost/.cache/nanochat/tokenizer
Vocab size: 32768, BOS id: 32759
Total params (all fp32): 358,420,224
Q/K Joint SoftLUT: in_nap=6 tph=256 d_qk=64 (n_outputs=2*d_qk=128) init_std=0.001 T_soft=0.01 T_sel=0.5 [no V2D, q_norm+k_norm -> SDPA]
V SoftLUT:       in_nap=8 tph=256 d_v=32 (n_outputs=d_v)
out_proj SoftLUT: in_nap=6 tph=[2048, 2048, 1024, 1024, 1024, 1024] (n_outputs=E=96) + out_v2d/out_d2v
Attention:       SDPA (causal); plain default 1/sqrt(d_qk=64)=0.1250, no learnable attn_scale
Tokens/micro-batch: 4,096 | grad_accum: 1 | effective batch: 4,096 tokens
step      1 | loss=10.4146 | lr=3.75e-07
step    100 | loss=9.3686 | lr=3.75e-05
step    200 | loss=8.2409 | lr=7.50e-05
W0510 12:45:19.737000 2144739 torch/_dynamo/convert_frame.py:964] [0/8] torch._dynamo hit config.recompile_limit (8)
W0510 12:45:19.737000 2144739 torch/_dynamo/convert_frame.py:964] [0/8]    function: 'forward' (/home/starost/spiky/src/spiky/lutorch/soft_multi_head_lut.py:153)
W0510 12:45:19.737000 2144739 torch/_dynamo/convert_frame.py:964] [0/8]    last reason: 0/5: tensor 'self._buffers['bit_matrix']' size mismatch at index 0. expected 6, actual 8
W0510 12:45:19.737000 2144739 torch/_dynamo/convert_frame.py:964] [0/8] To log all recompilation reasons, use TORCH_LOGS="recompiles".
W0510 12:45:19.737000 2144739 torch/_dynamo/convert_frame.py:964] [0/8] To diagnose recompilation issues, see https://pytorch.org/docs/main/torch.compiler_troubleshooting.html.
[VAL] step 200: bpb=2.3176
step    300 | loss=7.7274 | lr=1.12e-04
step    400 | loss=7.3643 | lr=1.50e-04
[VAL] step 400: bpb=2.1635
step    500 | loss=7.1188 | lr=1.87e-04
step    600 | loss=7.0442 | lr=2.25e-04
[VAL] step 600: bpb=2.1352
step    700 | loss=6.9940 | lr=2.62e-04
step    800 | loss=6.9588 | lr=3.00e-04
[VAL] step 800: bpb=2.1261
step    900 | loss=6.9398 | lr=3.00e-04
step   1000 | loss=6.9247 | lr=2.99e-04
[VAL] step 1000: bpb=2.1053
step   1100 | loss=6.9062 | lr=2.99e-04
step   1200 | loss=6.8753 | lr=2.98e-04
[VAL] step 1200: bpb=2.0963
step   1300 | loss=6.8417 | lr=2.97e-04
step   1400 | loss=6.8421 | lr=2.95e-04
[VAL] step 1400: bpb=2.0849
step   1500 | loss=6.8336 | lr=2.94e-04
step   1600 | loss=6.7909 | lr=2.92e-04
[VAL] step 1600: bpb=2.0755
step   1700 | loss=6.7836 | lr=2.90e-04
step   1800 | loss=6.7882 | lr=2.87e-04
[VAL] step 1800: bpb=2.0949
step   1900 | loss=6.7805 | lr=2.85e-04
step   2000 | loss=6.7824 | lr=2.82e-04
[VAL] step 2000: bpb=2.0782
step   2100 | loss=6.7701 | lr=2.79e-04
step   2200 | loss=6.7718 | lr=2.76e-04
[VAL] step 2200: bpb=2.0681
