Loading tokenizer from /home/starost/.cache/nanochat/tokenizer
Vocab size: 32768, BOS id: 32759
MultiHeadLut modules: 18
Adam-managed parameters: 129,304,838
Q/K Joint MHLut: in_nap=6 tph=256 d_qk=32 (n_outputs=2*d_qk=64)
V MHLut:         in_nap=7 tph=256 d_v=16 (n_outputs=d_v)
out_proj MHLut:  in_nap=6 tph=[2048, 2048, 1024, 1024, 1024, 1024] (n_outputs=E=96) + LayerNorm
Tokens/micro-batch: 4,096 | grad_accum: 1 | effective batch: 4,096 tokens
step      1 | loss=10.5639 | lr=3.75e-07
step    100 | loss=9.7288 | lr=3.75e-05
step    200 | loss=8.5915 | lr=7.50e-05
[VAL] step 200: bpb=2.3526
step    300 | loss=7.9252 | lr=1.12e-04
step    400 | loss=7.5703 | lr=1.50e-04
[VAL] step 400: bpb=2.2242
step    500 | loss=7.2165 | lr=1.87e-04
step    600 | loss=6.9867 | lr=2.25e-04
[VAL] step 600: bpb=2.0708
step    700 | loss=6.8295 | lr=2.62e-04
step    800 | loss=6.7073 | lr=3.00e-04
[VAL] step 800: bpb=2.0215
step    900 | loss=6.6219 | lr=3.00e-04
step   1000 | loss=6.5603 | lr=2.99e-04
[VAL] step 1000: bpb=1.9870
step   1100 | loss=6.5108 | lr=2.99e-04
step   1200 | loss=6.4650 | lr=2.98e-04
[VAL] step 1200: bpb=1.9615
step   1300 | loss=6.4077 | lr=2.97e-04
step   1400 | loss=6.3873 | lr=2.95e-04
