Loading tokenizer from /home/starost/.cache/nanochat/tokenizer
Vocab size: 32768, BOS id: 32759
Total params (all fp32): 391,611,910
Q/K Joint MHLut: in_nap=8 tph=384 d_qk=32 (n_outputs=2*d_qk=64)
V MHLut:         SKIPPED (v = x broadcast across heads)
out_proj MHLut:  in_nap=6 tph=6112 (input=H*E=384, n_outputs=E=64) + LayerNorm
Tokens/micro-batch: 4,096 | grad_accum: 1 | effective batch: 4,096 tokens
/home/starost/spiky/.venv/lib/python3.12/site-packages/torch/_inductor/compile_fx.py:236: UserWarning: TensorFloat32 tensor cores for float32 matrix multiplication available but not enabled. Consider setting `torch.set_float32_matmul_precision('high')` for better performance.
  warnings.warn(
step      1 | loss=10.5561 | lr=3.75e-07
step    100 | loss=9.9122 | lr=3.75e-05
step    200 | loss=8.9595 | lr=7.50e-05
[VAL] step 200: bpb=2.4411
step    300 | loss=8.1442 | lr=1.12e-04
step    400 | loss=7.7558 | lr=1.50e-04
[VAL] step 400: bpb=2.2979
step    500 | loss=7.5166 | lr=1.87e-04
step    600 | loss=7.3783 | lr=2.25e-04
[VAL] step 600: bpb=2.2134
step    700 | loss=7.2207 | lr=2.62e-04
step    800 | loss=7.0262 | lr=3.00e-04
[VAL] step 800: bpb=2.0985
step    900 | loss=6.8729 | lr=3.00e-04
step   1000 | loss=6.7688 | lr=2.99e-04
[VAL] step 1000: bpb=2.0362
step   1100 | loss=6.6917 | lr=2.99e-04
step   1200 | loss=6.6286 | lr=2.98e-04
[VAL] step 1200: bpb=2.0061
step   1300 | loss=6.5625 | lr=2.97e-04
step   1400 | loss=6.5341 | lr=2.95e-04
[VAL] step 1400: bpb=1.9835
step   1500 | loss=6.5064 | lr=2.94e-04
step   1600 | loss=6.4503 | lr=2.92e-04
[VAL] step 1600: bpb=1.9673
step   1700 | loss=6.4305 | lr=2.90e-04
step   1800 | loss=6.4116 | lr=2.87e-04
[VAL] step 1800: bpb=1.9536
step   1900 | loss=6.3962 | lr=2.85e-04
step   2000 | loss=6.3757 | lr=2.82e-04
[VAL] step 2000: bpb=1.9439
step   2100 | loss=6.3433 | lr=2.79e-04
step   2200 | loss=6.3294 | lr=2.76e-04
[VAL] step 2200: bpb=1.9355
step   2300 | loss=6.3092 | lr=2.72e-04
step   2400 | loss=6.3012 | lr=2.68e-04
[VAL] step 2400: bpb=1.9277
step   2500 | loss=6.2879 | lr=2.65e-04
step   2600 | loss=6.2786 | lr=2.60e-04
[VAL] step 2600: bpb=1.9153
step   2700 | loss=6.2471 | lr=2.56e-04
step   2800 | loss=6.2413 | lr=2.52e-04
[VAL] step 2800: bpb=1.9072
step   2900 | loss=6.2163 | lr=2.47e-04
step   3000 | loss=6.2080 | lr=2.42e-04
[VAL] step 3000: bpb=1.8997
step   3100 | loss=6.1927 | lr=2.38e-04
step   3200 | loss=6.1837 | lr=2.32e-04
[VAL] step 3200: bpb=1.8876
step   3300 | loss=6.1724 | lr=2.27e-04
step   3400 | loss=6.1363 | lr=2.22e-04
[VAL] step 3400: bpb=1.8818
step   3500 | loss=6.1274 | lr=2.17e-04
step   3600 | loss=6.1345 | lr=2.11e-04
[VAL] step 3600: bpb=1.8747
step   3700 | loss=6.1140 | lr=2.06e-04
step   3800 | loss=6.1019 | lr=2.00e-04
[VAL] step 3800: bpb=1.8680
step   3900 | loss=6.0757 | lr=1.94e-04
step   4000 | loss=6.0596 | lr=1.88e-04
[VAL] step 4000: bpb=1.8591
step   4100 | loss=6.0842 | lr=1.83e-04
step   4200 | loss=6.0531 | lr=1.77e-04
[VAL] step 4200: bpb=1.8537
step   4300 | loss=6.0553 | lr=1.71e-04
step   4400 | loss=6.0389 | lr=1.65e-04
[VAL] step 4400: bpb=1.8459
step   4500 | loss=6.0276 | lr=1.59e-04
step   4600 | loss=6.0162 | lr=1.53e-04
[VAL] step 4600: bpb=1.8408
step   4700 | loss=6.0171 | lr=1.47e-04
step   4800 | loss=6.0119 | lr=1.42e-04
[VAL] step 4800: bpb=1.8368
step   4900 | loss=5.9867 | lr=1.36e-04
step   5000 | loss=5.9804 | lr=1.30e-04
[VAL] step 5000: bpb=1.8286
step   5100 | loss=5.9656 | lr=1.24e-04
step   5200 | loss=5.9480 | lr=1.19e-04
[VAL] step 5200: bpb=1.8247
step   5300 | loss=5.9391 | lr=1.13e-04
step   5400 | loss=5.9238 | lr=1.08e-04
[VAL] step 5400: bpb=1.8202
step   5500 | loss=5.9245 | lr=1.03e-04
step   5600 | loss=5.9385 | lr=9.75e-05
[VAL] step 5600: bpb=1.8160
step   5700 | loss=5.9205 | lr=9.25e-05
step   5800 | loss=5.9124 | lr=8.76e-05
[VAL] step 5800: bpb=1.8124
step   5900 | loss=5.9170 | lr=8.28e-05
step   6000 | loss=5.9004 | lr=7.82e-05
[VAL] step 6000: bpb=1.8092
step   6100 | loss=5.8895 | lr=7.38e-05
step   6200 | loss=5.8858 | lr=6.95e-05
[VAL] step 6200: bpb=1.8055
step   6300 | loss=5.8920 | lr=6.55e-05
step   6400 | loss=5.8750 | lr=6.16e-05
[VAL] step 6400: bpb=1.8023
step   6500 | loss=5.8684 | lr=5.79e-05
step   6600 | loss=5.8741 | lr=5.44e-05
[VAL] step 6600: bpb=1.7999
step   6700 | loss=5.8672 | lr=5.11e-05
step   6800 | loss=5.8604 | lr=4.81e-05
[VAL] step 6800: bpb=1.7968
step   6900 | loss=5.8615 | lr=4.53e-05
step   7000 | loss=5.8575 | lr=4.26e-05
[VAL] step 7000: bpb=1.7960
step   7100 | loss=5.8508 | lr=4.03e-05
step   7200 | loss=5.8541 | lr=3.81e-05
[VAL] step 7200: bpb=1.7936
step   7300 | loss=5.8400 | lr=3.62e-05
step   7400 | loss=5.8506 | lr=3.46e-05
[VAL] step 7400: bpb=1.7925
step   7500 | loss=5.8411 | lr=3.32e-05
step   7600 | loss=5.8325 | lr=3.21e-05
[VAL] step 7600: bpb=1.7894
step   7700 | loss=5.8209 | lr=3.12e-05
step   7800 | loss=5.8329 | lr=3.05e-05
[VAL] step 7800: bpb=1.7879
step   7900 | loss=5.8323 | lr=3.01e-05
step   8000 | loss=5.8228 | lr=3.00e-05
[VAL] step 8000: bpb=1.7872

=== DONE ===
{
  "exp_name": "exp160_skip_v",
  "best_val_bpb": 1.7872048045184847,
  "final_val_bpb": 1.7872048045184847,
  "n_params": 391611910,
  "training_time_hours": 0.811
}
