Loading tokenizer from /home/starost/.cache/nanochat/tokenizer
Vocab size: 32768, BOS id: 32759
Total params (all fp32): 358,420,254
Q/K Joint TinyMHLut(ste, n_alt=3, noise_eps=0.002): in_nap=6 tph=256 d_qk=64 (n_outputs=2*d_qk=128) init_std=0.001 [no V2D, q_norm+k_norm -> SDPA]
V TinyMHLut(ste, n_alt=3, noise_eps=0.002):       in_nap=8 tph=256 d_v=32 (n_outputs=d_v)
out_proj TinyMHLut(ste, n_alt=3, noise_eps=0.002): in_nap=6 tph=[2048, 2048, 1024, 1024, 1024, 1024] (n_outputs=E=96) + out_v2d/out_d2v
V2D out:         init_T=0.1 learnable=True
Attention:       SDPA (causal); plain default 1/sqrt(d_qk=64)=0.1250, no learnable attn_scale
Tracking 30 learnable temperatures in temperatures.csv
Tokens/micro-batch: 4,096 | grad_accum: 1 | effective batch: 4,096 tokens
step      1 | loss=10.4157 | lr=3.75e-07
step    100 | loss=9.3694 | lr=3.75e-05
step    200 | loss=8.2430 | lr=7.50e-05
[VAL] step 200: bpb=2.3146
step    300 | loss=7.6672 | lr=1.12e-04
step    400 | loss=7.1877 | lr=1.50e-04
[VAL] step 400: bpb=2.0837
step    500 | loss=6.8715 | lr=1.87e-04
step    600 | loss=6.7117 | lr=2.25e-04
[VAL] step 600: bpb=2.0115
step    700 | loss=6.6018 | lr=2.62e-04
step    800 | loss=6.5083 | lr=3.00e-04
[VAL] step 800: bpb=1.9687
step    900 | loss=6.4314 | lr=3.00e-04
step   1000 | loss=6.3574 | lr=2.99e-04
[VAL] step 1000: bpb=1.9234
step   1100 | loss=6.2772 | lr=2.99e-04
step   1200 | loss=6.2010 | lr=2.98e-04
[VAL] step 1200: bpb=1.8688
step   1300 | loss=6.1161 | lr=2.97e-04
step   1400 | loss=6.0728 | lr=2.95e-04
[VAL] step 1400: bpb=1.8410
step   1500 | loss=6.0236 | lr=2.94e-04
step   1600 | loss=5.9509 | lr=2.92e-04
[VAL] step 1600: bpb=1.8170
step   1700 | loss=5.9242 | lr=2.90e-04
step   1800 | loss=5.8921 | lr=2.87e-04
[VAL] step 1800: bpb=1.7919
step   1900 | loss=5.8582 | lr=2.85e-04
step   2000 | loss=5.8235 | lr=2.82e-04
[VAL] step 2000: bpb=1.7758
step   2100 | loss=5.7729 | lr=2.79e-04
step   2200 | loss=5.7533 | lr=2.76e-04
[VAL] step 2200: bpb=1.7628
step   2300 | loss=5.7344 | lr=2.72e-04
step   2400 | loss=5.7286 | lr=2.68e-04
[VAL] step 2400: bpb=1.7476
step   2500 | loss=5.7075 | lr=2.65e-04
step   2600 | loss=5.6905 | lr=2.60e-04
[VAL] step 2600: bpb=1.7340
step   2700 | loss=5.6561 | lr=2.56e-04
step   2800 | loss=5.6429 | lr=2.52e-04
[VAL] step 2800: bpb=1.7261
step   2900 | loss=5.6171 | lr=2.47e-04
step   3000 | loss=5.6035 | lr=2.42e-04
[VAL] step 3000: bpb=1.7140
step   3100 | loss=5.5873 | lr=2.38e-04
step   3200 | loss=5.5775 | lr=2.32e-04
[VAL] step 3200: bpb=1.7027
step   3300 | loss=5.5673 | lr=2.27e-04
step   3400 | loss=5.5319 | lr=2.22e-04
[VAL] step 3400: bpb=1.6990
step   3500 | loss=5.5209 | lr=2.17e-04
step   3600 | loss=5.5312 | lr=2.11e-04
[VAL] step 3600: bpb=1.6962
step   3700 | loss=5.5029 | lr=2.06e-04
step   3800 | loss=5.4931 | lr=2.00e-04
[VAL] step 3800: bpb=1.6873
step   3900 | loss=5.4689 | lr=1.94e-04
step   4000 | loss=5.4487 | lr=1.88e-04
[VAL] step 4000: bpb=1.6787
step   4100 | loss=5.4779 | lr=1.83e-04
step   4200 | loss=5.4520 | lr=1.77e-04
[VAL] step 4200: bpb=1.6738
step   4300 | loss=5.4577 | lr=1.71e-04
step   4400 | loss=5.4472 | lr=1.65e-04
[VAL] step 4400: bpb=1.6697
step   4500 | loss=5.4303 | lr=1.59e-04
step   4600 | loss=5.4187 | lr=1.53e-04
[VAL] step 4600: bpb=1.6626
step   4700 | loss=5.4177 | lr=1.47e-04
step   4800 | loss=5.4167 | lr=1.42e-04
[VAL] step 4800: bpb=1.6584
step   4900 | loss=5.3934 | lr=1.36e-04
step   5000 | loss=5.3868 | lr=1.30e-04
[VAL] step 5000: bpb=1.6526
step   5100 | loss=5.3786 | lr=1.24e-04
step   5200 | loss=5.3613 | lr=1.19e-04
[VAL] step 5200: bpb=1.6481
step   5300 | loss=5.3459 | lr=1.13e-04
step   5400 | loss=5.3326 | lr=1.08e-04
[VAL] step 5400: bpb=1.6434
step   5500 | loss=5.3406 | lr=1.03e-04
step   5600 | loss=5.3550 | lr=9.75e-05
[VAL] step 5600: bpb=1.6392
step   5700 | loss=5.3383 | lr=9.25e-05
step   5800 | loss=5.3277 | lr=8.76e-05
[VAL] step 5800: bpb=1.6372
step   5900 | loss=5.3298 | lr=8.28e-05
step   6000 | loss=5.3200 | lr=7.82e-05
[VAL] step 6000: bpb=1.6333
step   6100 | loss=5.3064 | lr=7.38e-05
step   6200 | loss=5.3062 | lr=6.95e-05
[VAL] step 6200: bpb=1.6303
step   6300 | loss=5.3089 | lr=6.55e-05
step   6400 | loss=5.2915 | lr=6.16e-05
[VAL] step 6400: bpb=1.6282
step   6500 | loss=5.2792 | lr=5.79e-05
step   6600 | loss=5.2859 | lr=5.44e-05
[VAL] step 6600: bpb=1.6238
step   6700 | loss=5.2810 | lr=5.11e-05
step   6800 | loss=5.2719 | lr=4.81e-05
[VAL] step 6800: bpb=1.6221
step   6900 | loss=5.2718 | lr=4.53e-05
step   7000 | loss=5.2745 | lr=4.26e-05
[VAL] step 7000: bpb=1.6217
step   7100 | loss=5.2654 | lr=4.03e-05
step   7200 | loss=5.2699 | lr=3.81e-05
[VAL] step 7200: bpb=1.6184
step   7300 | loss=5.2569 | lr=3.62e-05
step   7400 | loss=5.2677 | lr=3.46e-05
[VAL] step 7400: bpb=1.6171
step   7500 | loss=5.2552 | lr=3.32e-05
step   7600 | loss=5.2497 | lr=3.21e-05
[VAL] step 7600: bpb=1.6149
step   7700 | loss=5.2437 | lr=3.12e-05
step   7800 | loss=5.2560 | lr=3.05e-05
[VAL] step 7800: bpb=1.6130
step   7900 | loss=5.2538 | lr=3.01e-05
step   8000 | loss=5.2451 | lr=3.00e-05
[VAL] step 8000: bpb=1.6126

=== DONE ===
{
  "exp_name": "exp265_hybrid_soft_multialt",
  "best_val_bpb": 1.6125541114360142,
  "final_val_bpb": 1.6125541114360142,
  "n_params": 358420254,
  "training_time_hours": 0.573
}
