Loading tokenizer from /home/starost/.cache/nanochat/tokenizer
Vocab size: 32768, BOS id: 32759
Total params (all fp32): 334,998,022
Q/K MLPs (per-head): 64->2048->ReLU->64->LN, H=6
V MHLut:         in_nap=8 tph=512 d_v=32 (n_outputs=d_v)
out_proj MHLut:  in_nap=6 tph=6112 (n_outputs=E=64) + LayerNorm
Tokens/micro-batch: 4,096 | grad_accum: 1 | effective batch: 4,096 tokens
step      1 | loss=10.5526 | lr=3.75e-07
step    100 | loss=9.9089 | lr=3.75e-05
step    200 | loss=8.9682 | lr=7.50e-05
[VAL] step 200: bpb=2.4471
step    300 | loss=8.1421 | lr=1.12e-04
step    400 | loss=7.6686 | lr=1.50e-04
[VAL] step 400: bpb=2.2381
step    500 | loss=7.3260 | lr=1.87e-04
step    600 | loss=7.1152 | lr=2.25e-04
[VAL] step 600: bpb=2.1154
step    700 | loss=6.9567 | lr=2.62e-04
step    800 | loss=6.8193 | lr=3.00e-04
[VAL] step 800: bpb=2.0510
step    900 | loss=6.7149 | lr=3.00e-04
step   1000 | loss=6.6414 | lr=2.99e-04
[VAL] step 1000: bpb=2.0077
step   1100 | loss=6.5813 | lr=2.99e-04
step   1200 | loss=6.5260 | lr=2.98e-04
[VAL] step 1200: bpb=1.9773
step   1300 | loss=6.4645 | lr=2.97e-04
step   1400 | loss=6.4344 | lr=2.95e-04
[VAL] step 1400: bpb=1.9568
step   1500 | loss=6.4028 | lr=2.94e-04
step   1600 | loss=6.3444 | lr=2.92e-04
[VAL] step 1600: bpb=1.9353
step   1700 | loss=6.3222 | lr=2.90e-04
step   1800 | loss=6.2969 | lr=2.87e-04
[VAL] step 1800: bpb=1.9182
step   1900 | loss=6.2741 | lr=2.85e-04
step   2000 | loss=6.2462 | lr=2.82e-04
[VAL] step 2000: bpb=1.9039
step   2100 | loss=6.2063 | lr=2.79e-04
step   2200 | loss=6.1827 | lr=2.76e-04
[VAL] step 2200: bpb=1.8904
step   2300 | loss=6.1605 | lr=2.72e-04
step   2400 | loss=6.1470 | lr=2.68e-04
[VAL] step 2400: bpb=1.8765
step   2500 | loss=6.1235 | lr=2.65e-04
step   2600 | loss=6.1046 | lr=2.60e-04
[VAL] step 2600: bpb=1.8604
step   2700 | loss=6.0667 | lr=2.56e-04
step   2800 | loss=6.0484 | lr=2.52e-04
[VAL] step 2800: bpb=1.8458
step   2900 | loss=6.0156 | lr=2.47e-04
step   3000 | loss=5.9963 | lr=2.42e-04
[VAL] step 3000: bpb=1.8293
step   3100 | loss=5.9735 | lr=2.38e-04
step   3200 | loss=5.9582 | lr=2.32e-04
[VAL] step 3200: bpb=1.8176
step   3300 | loss=5.9413 | lr=2.27e-04
step   3400 | loss=5.9003 | lr=2.22e-04
[VAL] step 3400: bpb=1.8078
step   3500 | loss=5.8870 | lr=2.17e-04
step   3600 | loss=5.8901 | lr=2.11e-04
[VAL] step 3600: bpb=1.8014
step   3700 | loss=5.8641 | lr=2.06e-04
step   3800 | loss=5.8499 | lr=2.00e-04
[VAL] step 3800: bpb=1.7913
step   3900 | loss=5.8240 | lr=1.94e-04
step   4000 | loss=5.8064 | lr=1.88e-04
[VAL] step 4000: bpb=1.7839
step   4100 | loss=5.8294 | lr=1.83e-04
step   4200 | loss=5.7995 | lr=1.77e-04
[VAL] step 4200: bpb=1.7746
step   4300 | loss=5.8022 | lr=1.71e-04
step   4400 | loss=5.7849 | lr=1.65e-04
[VAL] step 4400: bpb=1.7691
step   4500 | loss=5.7716 | lr=1.59e-04
step   4600 | loss=5.7583 | lr=1.53e-04
[VAL] step 4600: bpb=1.7630
step   4700 | loss=5.7586 | lr=1.47e-04
step   4800 | loss=5.7538 | lr=1.42e-04
[VAL] step 4800: bpb=1.7567
step   4900 | loss=5.7284 | lr=1.36e-04
step   5000 | loss=5.7238 | lr=1.30e-04
[VAL] step 5000: bpb=1.7496
step   5100 | loss=5.7083 | lr=1.24e-04
step   5200 | loss=5.6897 | lr=1.19e-04
[VAL] step 5200: bpb=1.7445
step   5300 | loss=5.6773 | lr=1.13e-04
step   5400 | loss=5.6607 | lr=1.08e-04
[VAL] step 5400: bpb=1.7406
step   5500 | loss=5.6649 | lr=1.03e-04
step   5600 | loss=5.6780 | lr=9.75e-05
[VAL] step 5600: bpb=1.7370
step   5700 | loss=5.6593 | lr=9.25e-05
step   5800 | loss=5.6500 | lr=8.76e-05
[VAL] step 5800: bpb=1.7332
step   5900 | loss=5.6549 | lr=8.28e-05
step   6000 | loss=5.6401 | lr=7.82e-05
[VAL] step 6000: bpb=1.7289
step   6100 | loss=5.6263 | lr=7.38e-05
step   6200 | loss=5.6232 | lr=6.95e-05
[VAL] step 6200: bpb=1.7248
step   6300 | loss=5.6275 | lr=6.55e-05
step   6400 | loss=5.6092 | lr=6.16e-05
[VAL] step 6400: bpb=1.7207
step   6500 | loss=5.6019 | lr=5.79e-05
step   6600 | loss=5.6079 | lr=5.44e-05
[VAL] step 6600: bpb=1.7172
step   6700 | loss=5.6008 | lr=5.11e-05
step   6800 | loss=5.5927 | lr=4.81e-05
[VAL] step 6800: bpb=1.7160
step   6900 | loss=5.5926 | lr=4.53e-05
step   7000 | loss=5.5932 | lr=4.26e-05
[VAL] step 7000: bpb=1.7152
step   7100 | loss=5.5855 | lr=4.03e-05
step   7200 | loss=5.5891 | lr=3.81e-05
[VAL] step 7200: bpb=1.7123
step   7300 | loss=5.5771 | lr=3.62e-05
step   7400 | loss=5.5871 | lr=3.46e-05
[VAL] step 7400: bpb=1.7109
step   7500 | loss=5.5737 | lr=3.32e-05
step   7600 | loss=5.5659 | lr=3.21e-05
[VAL] step 7600: bpb=1.7092
step   7700 | loss=5.5564 | lr=3.12e-05
step   7800 | loss=5.5695 | lr=3.05e-05
[VAL] step 7800: bpb=1.7073
step   7900 | loss=5.5656 | lr=3.01e-05
step   8000 | loss=5.5578 | lr=3.00e-05
[VAL] step 8000: bpb=1.7071

=== DONE ===
{
  "exp_name": "exp171_grow_v_out",
  "best_val_bpb": 1.7070502301646866,
  "final_val_bpb": 1.7070502301646866,
  "n_params": 334998022,
  "training_time_hours": 0.654
}
