Loading tokenizer from /home/starost/.cache/nanochat/tokenizer
Vocab size: 32768, BOS id: 32759
V2DSDPATransformer: depth=6, E=384, H=6, E_H=64, D=3297, seq_len=512
LUT: nap=8 (2^nap=256 cells), tph=1536, n_sparse=32, n_alt=1, smooth=False
Params: 124,646,400
AdamW groups: decay=49,134,336 lut_nodecay=75,497,472 nodecay=14,592
Tokens/micro-batch: 4,096 | grad_accum: 1 | effective batch: 4,096 tokens
step      1 | loss=10.4676 | lr=3.75e-07
step    100 | loss=9.9896 | lr=3.75e-05
step    200 | loss=8.9541 | lr=7.50e-05
[VAL] step 200: bpb=2.4063
step    300 | loss=8.0436 | lr=1.12e-04
step    400 | loss=7.5142 | lr=1.50e-04
[VAL] step 400: bpb=2.1731
step    500 | loss=7.1552 | lr=1.87e-04
step    600 | loss=6.9608 | lr=2.25e-04
[VAL] step 600: bpb=2.0752
step    700 | loss=6.8297 | lr=2.62e-04
step    800 | loss=6.7294 | lr=3.00e-04
[VAL] step 800: bpb=2.0347
step    900 | loss=6.6590 | lr=3.00e-04
step   1000 | loss=6.6125 | lr=2.99e-04
[VAL] step 1000: bpb=2.0041
step   1100 | loss=6.5755 | lr=2.99e-04
step   1200 | loss=6.5413 | lr=2.98e-04
[VAL] step 1200: bpb=1.9833
step   1300 | loss=6.4951 | lr=2.97e-04
step   1400 | loss=6.4850 | lr=2.95e-04
[VAL] step 1400: bpb=1.9713
step   1500 | loss=6.4642 | lr=2.94e-04
step   1600 | loss=6.4185 | lr=2.92e-04
[VAL] step 1600: bpb=1.9590
step   1700 | loss=6.4083 | lr=2.90e-04
step   1800 | loss=6.3984 | lr=2.87e-04
[VAL] step 1800: bpb=1.9507
step   1900 | loss=6.3875 | lr=2.85e-04
step   2000 | loss=6.3685 | lr=2.82e-04
[VAL] step 2000: bpb=1.9422
step   2100 | loss=6.3417 | lr=2.79e-04
