Loading tokenizer from /home/starost/.cache/nanochat/tokenizer
Vocab size: 32768, BOS id: 32759
bit LUTs: 18
Adam-managed parameters: 14,912,326
Q/K BitPermLUT: in_nap=5 out_nap=24 tph=512 d_qk=24 P_qk=276
V BitPermLUT:   in_nap=5 out_nap=16 tph=512 d_v=16 P_v=120
Out BitPermLUT: in_nap=8 out_nap=32 tph=[4096, 4096, 2048, 2048, 2048, 2048]
Tokens/micro-batch: 4,096 | grad_accum: 1 | effective batch: 4,096 tokens
step      1 | loss=10.5401 | lr=3.75e-07
step    100 | loss=9.9070 | lr=3.75e-05
step    200 | loss=8.9624 | lr=7.50e-05
[VAL] step 200: bpb=2.4455
step    300 | loss=8.1613 | lr=1.12e-04
step    400 | loss=7.7834 | lr=1.50e-04
[VAL] step 400: bpb=2.3120
step    500 | loss=7.5573 | lr=1.87e-04
step    600 | loss=7.4275 | lr=2.25e-04
[VAL] step 600: bpb=2.2411
step    700 | loss=7.3188 | lr=2.62e-04
step    800 | loss=7.2109 | lr=3.00e-04
[VAL] step 800: bpb=2.1847
step    900 | loss=7.1161 | lr=3.00e-04
step   1000 | loss=7.0386 | lr=2.99e-04
[VAL] step 1000: bpb=2.1268
step   1100 | loss=6.9698 | lr=2.99e-04
step   1200 | loss=6.9008 | lr=2.98e-04
[VAL] step 1200: bpb=2.0874
step   1300 | loss=6.8206 | lr=2.97e-04
step   1400 | loss=6.7691 | lr=2.95e-04
[VAL] step 1400: bpb=2.0517
step   1500 | loss=6.7167 | lr=2.94e-04
step   1600 | loss=6.6368 | lr=2.92e-04
[VAL] step 1600: bpb=2.0213
step   1700 | loss=6.6011 | lr=2.90e-04
step   1800 | loss=6.5661 | lr=2.87e-04
[VAL] step 1800: bpb=1.9997
step   1900 | loss=6.5395 | lr=2.85e-04
step   2000 | loss=6.5072 | lr=2.82e-04
[VAL] step 2000: bpb=1.9852
step   2100 | loss=6.4714 | lr=2.79e-04
step   2200 | loss=6.4484 | lr=2.76e-04
[VAL] step 2200: bpb=1.9743
step   2300 | loss=6.4235 | lr=2.72e-04
step   2400 | loss=6.4124 | lr=2.68e-04
[VAL] step 2400: bpb=1.9599
step   2500 | loss=6.3960 | lr=2.65e-04
step   2600 | loss=6.3871 | lr=2.60e-04
[VAL] step 2600: bpb=1.9488
step   2700 | loss=6.3559 | lr=2.56e-04
step   2800 | loss=6.3482 | lr=2.52e-04
[VAL] step 2800: bpb=1.9398
step   2900 | loss=6.3247 | lr=2.47e-04
step   3000 | loss=6.3168 | lr=2.42e-04
[VAL] step 3000: bpb=1.9310
step   3100 | loss=6.3048 | lr=2.38e-04
step   3200 | loss=6.2953 | lr=2.32e-04
[VAL] step 3200: bpb=1.9256
step   3300 | loss=6.2886 | lr=2.27e-04
step   3400 | loss=6.2540 | lr=2.22e-04
[VAL] step 3400: bpb=1.9173
step   3500 | loss=6.2484 | lr=2.17e-04
step   3600 | loss=6.2533 | lr=2.11e-04
[VAL] step 3600: bpb=1.9154
step   3700 | loss=6.2365 | lr=2.06e-04
step   3800 | loss=6.2287 | lr=2.00e-04
[VAL] step 3800: bpb=1.9078
step   3900 | loss=6.2064 | lr=1.94e-04
step   4000 | loss=6.1958 | lr=1.88e-04
[VAL] step 4000: bpb=1.8991
step   4100 | loss=6.2207 | lr=1.83e-04
step   4200 | loss=6.1918 | lr=1.77e-04
[VAL] step 4200: bpb=1.8953
step   4300 | loss=6.1958 | lr=1.71e-04
step   4400 | loss=6.1823 | lr=1.65e-04
[VAL] step 4400: bpb=1.8921
step   4500 | loss=6.1761 | lr=1.59e-04
step   4600 | loss=6.1650 | lr=1.53e-04
[VAL] step 4600: bpb=1.8857
step   4700 | loss=6.1708 | lr=1.47e-04
step   4800 | loss=6.1682 | lr=1.42e-04
[VAL] step 4800: bpb=1.8830
step   4900 | loss=6.1452 | lr=1.36e-04
step   5000 | loss=6.1439 | lr=1.30e-04
[VAL] step 5000: bpb=1.8781
step   5100 | loss=6.1285 | lr=1.24e-04
step   5200 | loss=6.1120 | lr=1.19e-04
[VAL] step 5200: bpb=1.8736
step   5300 | loss=6.1049 | lr=1.13e-04
step   5400 | loss=6.0930 | lr=1.08e-04
[VAL] step 5400: bpb=1.8706
step   5500 | loss=6.0928 | lr=1.03e-04
step   5600 | loss=6.1084 | lr=9.75e-05
[VAL] step 5600: bpb=1.8678
step   5700 | loss=6.0940 | lr=9.25e-05
step   5800 | loss=6.0891 | lr=8.76e-05
[VAL] step 5800: bpb=1.8650
step   5900 | loss=6.0969 | lr=8.28e-05
step   6000 | loss=6.0827 | lr=7.82e-05
[VAL] step 6000: bpb=1.8621
step   6100 | loss=6.0743 | lr=7.38e-05
step   6200 | loss=6.0700 | lr=6.95e-05
[VAL] step 6200: bpb=1.8611
step   6300 | loss=6.0752 | lr=6.55e-05
step   6400 | loss=6.0615 | lr=6.16e-05
[VAL] step 6400: bpb=1.8576
step   6500 | loss=6.0577 | lr=5.79e-05
step   6600 | loss=6.0658 | lr=5.44e-05
[VAL] step 6600: bpb=1.8550
step   6700 | loss=6.0603 | lr=5.11e-05
step   6800 | loss=6.0529 | lr=4.81e-05
[VAL] step 6800: bpb=1.8548
step   6900 | loss=6.0530 | lr=4.53e-05
step   7000 | loss=6.0514 | lr=4.26e-05
[VAL] step 7000: bpb=1.8532
step   7100 | loss=6.0459 | lr=4.03e-05
step   7200 | loss=6.0488 | lr=3.81e-05
[VAL] step 7200: bpb=1.8531
step   7300 | loss=6.0398 | lr=3.62e-05
step   7400 | loss=6.0490 | lr=3.46e-05
[VAL] step 7400: bpb=1.8516
step   7500 | loss=6.0403 | lr=3.32e-05
step   7600 | loss=6.0329 | lr=3.21e-05
[VAL] step 7600: bpb=1.8497
step   7700 | loss=6.0231 | lr=3.12e-05
step   7800 | loss=6.0333 | lr=3.05e-05
[VAL] step 7800: bpb=1.8495
step   7900 | loss=6.0330 | lr=3.01e-05
step   8000 | loss=6.0255 | lr=3.00e-05
[VAL] step 8000: bpb=1.8483

=== DONE ===
{
  "exp_name": "exp008_joint_qk_lut",
  "best_val_bpb": 1.8482601218699823,
  "final_val_bpb": 1.8482601218699823,
  "adam_params": 14912326,
  "n_bit_luts": 18,
  "training_time_hours": 0.468
}
