Failed to import warp: No module named 'warp'
Failed to import mujoco_warp: No module named 'warp'
Bucket-LIF SAC actor buckets=64 tph=32 heads=1 seed=0 | 12 outputs/cell (6 mu + 6 log-sigma) | front-end 3,232 + table 24,576 = 27,808 params (99.2% of the 28,032 hyperplane baseline; front-end 93.5% of its 3,456) | rows 32x64 = 2,048 | eps INERT; sharpness is trainable T_cross/T_bkt
[  500/10000] steps    32,000 | MJX ret     -7.3 | bkt-cov   0.0% | bkt 46.34±14.96 | Tbkt 1.000 | Tcr 1.000 | best     -7.3 |   5.4m
[ 1000/10000] steps    64,000 | MJX ret    185.4 | bkt-cov  74.1% | bkt 45.63±16.96 | Tbkt 0.131 | Tcr 0.474 | best    185.4 |  14.7m
[ 1500/10000] steps    96,000 | MJX ret    305.2 | bkt-cov  76.6% | bkt 44.05±17.52 | Tbkt 0.046 | Tcr 0.405 | best    305.2 |  23.7m
[ 2000/10000] steps   128,000 | MJX ret    386.4 | bkt-cov  78.0% | bkt 43.71±17.38 | Tbkt 0.026 | Tcr 0.353 | best    386.4 |  33.1m
[ 2500/10000] steps   160,000 | MJX ret    428.0 | bkt-cov  78.6% | bkt 42.60±17.36 | Tbkt 0.019 | Tcr 0.334 | best    428.0 |  42.0m
[ 3000/10000] steps   192,000 | MJX ret    470.3 | bkt-cov  79.0% | bkt 42.65±17.48 | Tbkt 0.015 | Tcr 0.325 | best    470.3 |  50.4m
[ 3500/10000] steps   224,000 | MJX ret    752.0 | bkt-cov  79.7% | bkt 42.63±17.75 | Tbkt 0.012 | Tcr 0.317 | best    752.0 |  55.7m
[ 4000/10000] steps   256,000 | MJX ret    967.0 | bkt-cov  80.3% | bkt 41.82±17.59 | Tbkt 0.010 | Tcr 0.310 | best    967.0 |  60.2m
[ 4500/10000] steps   288,000 | MJX ret   2444.5 | bkt-cov  80.5% | bkt 41.30±18.00 | Tbkt 0.009 | Tcr 0.303 | best   2444.5 |  65.9m
[ 5000/10000] steps   320,000 | MJX ret   1470.8 | bkt-cov  81.2% | bkt 41.96±18.58 | Tbkt 0.008 | Tcr 0.295 | best   2444.5 |  74.5m
[ 5500/10000] steps   352,000 | MJX ret   1417.4 | bkt-cov  82.0% | bkt 41.27±19.22 | Tbkt 0.008 | Tcr 0.295 | best   2444.5 |  83.1m
[ 6000/10000] steps   384,000 | MJX ret   1473.8 | bkt-cov  82.2% | bkt 40.86±19.22 | Tbkt 0.007 | Tcr 0.295 | best   2444.5 |  91.5m
[ 6500/10000] steps   416,000 | MJX ret   1779.8 | bkt-cov  82.6% | bkt 40.68±19.51 | Tbkt 0.007 | Tcr 0.293 | best   2444.5 |  99.9m
[ 7000/10000] steps   448,000 | MJX ret   1983.9 | bkt-cov  82.9% | bkt 39.93±19.45 | Tbkt 0.006 | Tcr 0.294 | best   2444.5 | 108.3m
[ 7500/10000] steps   480,000 | MJX ret   1901.6 | bkt-cov  83.1% | bkt 39.59±19.63 | Tbkt 0.006 | Tcr 0.292 | best   2444.5 | 116.6m
[ 8000/10000] steps   512,000 | MJX ret   1467.7 | bkt-cov  83.7% | bkt 39.04±19.68 | Tbkt 0.006 | Tcr 0.290 | best   2444.5 | 125.0m
[ 8500/10000] steps   544,000 | MJX ret   1843.7 | bkt-cov  83.8% | bkt 39.78±19.91 | Tbkt 0.005 | Tcr 0.284 | best   2444.5 | 133.4m
[ 9000/10000] steps   576,000 | MJX ret   2241.4 | bkt-cov  83.9% | bkt 39.32±20.34 | Tbkt 0.005 | Tcr 0.280 | best   2444.5 | 141.7m
[ 9500/10000] steps   608,000 | MJX ret   3348.7 | bkt-cov  84.0% | bkt 39.04±20.27 | Tbkt 0.005 | Tcr 0.279 | best   3348.7 | 150.1m
[10000/10000] steps   640,000 | MJX ret   3144.6 | bkt-cov  84.5% | bkt 39.33±20.28 | Tbkt 0.005 | Tcr 0.276 | best   3348.7 | 158.5m
done: best MJX 3348.7 over 640,000 env-steps in 158.5 min
Failed to import warp: No module named 'warp'
Failed to import mujoco_warp: No module named 'warp'
bucket_sac_c33_s0_actor.npz (27,808 params = 3,232 front-end + 24,576 table) [hard] 64 buckets / tph32
  CPU-reference 100-ep deterministic: 3165.9 +/- 453.4  full 83/100  vel 2.306 m/s  len 956  [17s]
