Loading tokenizer from /home/starost/.cache/nanochat/tokenizer
Vocab size: 32768, BOS id: 32759
Total params (all fp32): 467,895,814
Q/K Joint MHLut: in_nap=8 tph=256 d_qk=32 (n_outputs=2*d_qk=64)
V MHLut:         in_nap=8 tph=256 d_v=32 (n_outputs=d_v)
out_proj MHLut:  in_nap=8 tph=2304 (n_outputs=E=64) + LayerNorm
Tokens/micro-batch: 4,096 | grad_accum: 1 | effective batch: 4,096 tokens
step      1 | loss=10.5727 | lr=3.75e-07
step    100 | loss=9.9281 | lr=3.75e-05
step    200 | loss=8.9766 | lr=7.50e-05
[VAL] step 200: bpb=2.4468
step    300 | loss=8.1470 | lr=1.12e-04
step    400 | loss=7.6816 | lr=1.50e-04
[VAL] step 400: bpb=2.2265
step    500 | loss=7.2757 | lr=1.87e-04
step    600 | loss=7.0355 | lr=2.25e-04
[VAL] step 600: bpb=2.0834
step    700 | loss=6.8733 | lr=2.62e-04
step    800 | loss=6.7515 | lr=3.00e-04
[VAL] step 800: bpb=2.0360
step    900 | loss=6.6667 | lr=3.00e-04
step   1000 | loss=6.6067 | lr=2.99e-04
[VAL] step 1000: bpb=2.0005
step   1100 | loss=6.5564 | lr=2.99e-04
step   1200 | loss=6.5145 | lr=2.98e-04
[VAL] step 1200: bpb=1.9751
step   1300 | loss=6.4581 | lr=2.97e-04
step   1400 | loss=6.4364 | lr=2.95e-04
[VAL] step 1400: bpb=1.9566
step   1500 | loss=6.4094 | lr=2.94e-04
step   1600 | loss=6.3523 | lr=2.92e-04
[VAL] step 1600: bpb=1.9378
step   1700 | loss=6.3308 | lr=2.90e-04
step   1800 | loss=6.3014 | lr=2.87e-04
[VAL] step 1800: bpb=1.9208
step   1900 | loss=6.2740 | lr=2.85e-04
step   2000 | loss=6.2394 | lr=2.82e-04
[VAL] step 2000: bpb=1.9016
step   2100 | loss=6.1930 | lr=2.79e-04
step   2200 | loss=6.1634 | lr=2.76e-04
[VAL] step 2200: bpb=1.8850
step   2300 | loss=6.1370 | lr=2.72e-04
step   2400 | loss=6.1240 | lr=2.68e-04
[VAL] step 2400: bpb=1.8668
step   2500 | loss=6.1021 | lr=2.65e-04
step   2600 | loss=6.0865 | lr=2.60e-04
[VAL] step 2600: bpb=1.8546
step   2700 | loss=6.0506 | lr=2.56e-04
step   2800 | loss=6.0384 | lr=2.52e-04
[VAL] step 2800: bpb=1.8423
step   2900 | loss=6.0098 | lr=2.47e-04
step   3000 | loss=5.9978 | lr=2.42e-04
[VAL] step 3000: bpb=1.8304
step   3100 | loss=5.9809 | lr=2.38e-04
step   3200 | loss=5.9693 | lr=2.32e-04
[VAL] step 3200: bpb=1.8203
step   3300 | loss=5.9570 | lr=2.27e-04
step   3400 | loss=5.9178 | lr=2.22e-04
[VAL] step 3400: bpb=1.8144
step   3500 | loss=5.9084 | lr=2.17e-04
step   3600 | loss=5.9158 | lr=2.11e-04
[VAL] step 3600: bpb=1.8068
step   3700 | loss=5.8918 | lr=2.06e-04
step   3800 | loss=5.8804 | lr=2.00e-04
[VAL] step 3800: bpb=1.8001
step   3900 | loss=5.8563 | lr=1.94e-04
step   4000 | loss=5.8393 | lr=1.88e-04
[VAL] step 4000: bpb=1.7933
step   4100 | loss=5.8648 | lr=1.83e-04
step   4200 | loss=5.8357 | lr=1.77e-04
[VAL] step 4200: bpb=1.7856
step   4300 | loss=5.8404 | lr=1.71e-04
step   4400 | loss=5.8246 | lr=1.65e-04
[VAL] step 4400: bpb=1.7798
step   4500 | loss=5.8118 | lr=1.59e-04
step   4600 | loss=5.8003 | lr=1.53e-04
[VAL] step 4600: bpb=1.7758
step   4700 | loss=5.8004 | lr=1.47e-04
step   4800 | loss=5.7976 | lr=1.42e-04
[VAL] step 4800: bpb=1.7687
step   4900 | loss=5.7742 | lr=1.36e-04
step   5000 | loss=5.7692 | lr=1.30e-04
[VAL] step 5000: bpb=1.7608
step   5100 | loss=5.7548 | lr=1.24e-04
step   5200 | loss=5.7360 | lr=1.19e-04
[VAL] step 5200: bpb=1.7564
step   5300 | loss=5.7248 | lr=1.13e-04
step   5400 | loss=5.7084 | lr=1.08e-04
[VAL] step 5400: bpb=1.7523
step   5500 | loss=5.7119 | lr=1.03e-04
step   5600 | loss=5.7255 | lr=9.75e-05
[VAL] step 5600: bpb=1.7491
step   5700 | loss=5.7083 | lr=9.25e-05
step   5800 | loss=5.7000 | lr=8.76e-05
[VAL] step 5800: bpb=1.7457
step   5900 | loss=5.7050 | lr=8.28e-05
step   6000 | loss=5.6897 | lr=7.82e-05
[VAL] step 6000: bpb=1.7421
step   6100 | loss=5.6762 | lr=7.38e-05
step   6200 | loss=5.6738 | lr=6.95e-05
[VAL] step 6200: bpb=1.7399
step   6300 | loss=5.6777 | lr=6.55e-05
step   6400 | loss=5.6591 | lr=6.16e-05
[VAL] step 6400: bpb=1.7354
step   6500 | loss=5.6502 | lr=5.79e-05
step   6600 | loss=5.6564 | lr=5.44e-05
[VAL] step 6600: bpb=1.7329
step   6700 | loss=5.6519 | lr=5.11e-05
step   6800 | loss=5.6443 | lr=4.81e-05
[VAL] step 6800: bpb=1.7298
step   6900 | loss=5.6443 | lr=4.53e-05
step   7000 | loss=5.6448 | lr=4.26e-05
[VAL] step 7000: bpb=1.7281
step   7100 | loss=5.6363 | lr=4.03e-05
step   7200 | loss=5.6383 | lr=3.81e-05
[VAL] step 7200: bpb=1.7259
step   7300 | loss=5.6247 | lr=3.62e-05
step   7400 | loss=5.6361 | lr=3.46e-05
[VAL] step 7400: bpb=1.7240
step   7500 | loss=5.6236 | lr=3.32e-05
step   7600 | loss=5.6163 | lr=3.21e-05
[VAL] step 7600: bpb=1.7232
step   7700 | loss=5.6061 | lr=3.12e-05
step   7800 | loss=5.6204 | lr=3.05e-05
[VAL] step 7800: bpb=1.7210
step   7900 | loss=5.6184 | lr=3.01e-05
step   8000 | loss=5.6083 | lr=3.00e-05
[VAL] step 8000: bpb=1.7206

=== DONE ===
{
  "exp_name": "exp134_e64_saturated",
  "best_val_bpb": 1.7205821608192977,
  "final_val_bpb": 1.7205821608192977,
  "n_params": 467895814,
  "training_time_hours": 0.566
}
