Loading tokenizer from /home/starost/.cache/nanochat/tokenizer
Vocab size: 32768, BOS id: 32759
Total params (all fp32): 339,547,584
Q/K Joint MHLut: in_nap=6 tph=256 d_qk=64 (n_outputs=2*d_qk=128) init_std=0.001 [no V2D, q_norm+k_norm -> SDPA]
V PermLut:       in_nap=8 out_nap=24 tph=256 d_v=24 (n_outputs=P=276) pair_mode=scrambled soft_mode=rational borda=borda
out_proj MHLut:  in_nap=6 tph=[2048, 2048, 1024, 1024, 1024, 1024] (n_outputs=E=96) + out_v2d/out_d2v
Attention:       SDPA (causal); plain default 1/sqrt(d_qk=64)=0.1250, no learnable attn_scale
Tokens/micro-batch: 4,096 | grad_accum: 1 | effective batch: 4,096 tokens
step      1 | loss=10.4164 | lr=3.75e-07
step    100 | loss=9.3689 | lr=3.75e-05
step    200 | loss=8.2314 | lr=7.50e-05
[VAL] step 200: bpb=2.3012
step    300 | loss=7.5273 | lr=1.12e-04
step    400 | loss=7.0600 | lr=1.50e-04
[VAL] step 400: bpb=2.0528
step    500 | loss=6.7836 | lr=1.87e-04
step    600 | loss=6.6579 | lr=2.25e-04
[VAL] step 600: bpb=1.9951
step    700 | loss=6.5666 | lr=2.62e-04
step    800 | loss=6.4870 | lr=3.00e-04
[VAL] step 800: bpb=1.9652
step    900 | loss=6.4233 | lr=3.00e-04
step   1000 | loss=6.3654 | lr=2.99e-04
[VAL] step 1000: bpb=1.9275
step   1100 | loss=6.3049 | lr=2.99e-04
step   1200 | loss=6.2405 | lr=2.98e-04
[VAL] step 1200: bpb=1.8820
step   1300 | loss=6.1608 | lr=2.97e-04
step   1400 | loss=6.1205 | lr=2.95e-04
[VAL] step 1400: bpb=1.8540
step   1500 | loss=6.0769 | lr=2.94e-04
step   1600 | loss=6.0093 | lr=2.92e-04
[VAL] step 1600: bpb=1.8297
step   1700 | loss=5.9830 | lr=2.90e-04
step   1800 | loss=5.9535 | lr=2.87e-04
[VAL] step 1800: bpb=1.8121
step   1900 | loss=5.9240 | lr=2.85e-04
step   2000 | loss=5.8904 | lr=2.82e-04
[VAL] step 2000: bpb=1.7986
step   2100 | loss=5.8448 | lr=2.79e-04
step   2200 | loss=5.8228 | lr=2.76e-04
[VAL] step 2200: bpb=1.7840
step   2300 | loss=5.8059 | lr=2.72e-04
step   2400 | loss=5.7986 | lr=2.68e-04
[VAL] step 2400: bpb=1.7696
step   2500 | loss=5.7802 | lr=2.65e-04
step   2600 | loss=5.7628 | lr=2.60e-04
[VAL] step 2600: bpb=1.7562
step   2700 | loss=5.7280 | lr=2.56e-04
step   2800 | loss=5.7149 | lr=2.52e-04
[VAL] step 2800: bpb=1.7473
step   2900 | loss=5.6886 | lr=2.47e-04
step   3000 | loss=5.6770 | lr=2.42e-04
[VAL] step 3000: bpb=1.7408
step   3100 | loss=5.6601 | lr=2.38e-04
step   3200 | loss=5.6516 | lr=2.32e-04
[VAL] step 3200: bpb=1.7245
step   3300 | loss=5.6401 | lr=2.27e-04
step   3400 | loss=5.6024 | lr=2.22e-04
[VAL] step 3400: bpb=1.7203
step   3500 | loss=5.5921 | lr=2.17e-04
step   3600 | loss=5.6019 | lr=2.11e-04
[VAL] step 3600: bpb=1.7165
step   3700 | loss=5.5750 | lr=2.06e-04
step   3800 | loss=5.5653 | lr=2.00e-04
[VAL] step 3800: bpb=1.7076
step   3900 | loss=5.5419 | lr=1.94e-04
step   4000 | loss=5.5211 | lr=1.88e-04
[VAL] step 4000: bpb=1.6982
step   4100 | loss=5.5517 | lr=1.83e-04
step   4200 | loss=5.5240 | lr=1.77e-04
[VAL] step 4200: bpb=1.6932
step   4300 | loss=5.5271 | lr=1.71e-04
step   4400 | loss=5.5160 | lr=1.65e-04
[VAL] step 4400: bpb=1.6905
step   4500 | loss=5.4992 | lr=1.59e-04
step   4600 | loss=5.4881 | lr=1.53e-04
[VAL] step 4600: bpb=1.6815
step   4700 | loss=5.4874 | lr=1.47e-04
step   4800 | loss=5.4852 | lr=1.42e-04
[VAL] step 4800: bpb=1.6779
step   4900 | loss=5.4613 | lr=1.36e-04
step   5000 | loss=5.4548 | lr=1.30e-04
[VAL] step 5000: bpb=1.6711
step   5100 | loss=5.4446 | lr=1.24e-04
step   5200 | loss=5.4265 | lr=1.19e-04
[VAL] step 5200: bpb=1.6651
step   5300 | loss=5.4110 | lr=1.13e-04
step   5400 | loss=5.3975 | lr=1.08e-04
[VAL] step 5400: bpb=1.6607
step   5500 | loss=5.4049 | lr=1.03e-04
step   5600 | loss=5.4186 | lr=9.75e-05
[VAL] step 5600: bpb=1.6547
step   5700 | loss=5.4036 | lr=9.25e-05
step   5800 | loss=5.3919 | lr=8.76e-05
[VAL] step 5800: bpb=1.6530
step   5900 | loss=5.3945 | lr=8.28e-05
step   6000 | loss=5.3838 | lr=7.82e-05
[VAL] step 6000: bpb=1.6485
step   6100 | loss=5.3703 | lr=7.38e-05
step   6200 | loss=5.3687 | lr=6.95e-05
[VAL] step 6200: bpb=1.6451
step   6300 | loss=5.3711 | lr=6.55e-05
step   6400 | loss=5.3551 | lr=6.16e-05
[VAL] step 6400: bpb=1.6442
step   6500 | loss=5.3425 | lr=5.79e-05
step   6600 | loss=5.3493 | lr=5.44e-05
[VAL] step 6600: bpb=1.6393
step   6700 | loss=5.3438 | lr=5.11e-05
step   6800 | loss=5.3355 | lr=4.81e-05
[VAL] step 6800: bpb=1.6381
step   6900 | loss=5.3364 | lr=4.53e-05
step   7000 | loss=5.3387 | lr=4.26e-05
[VAL] step 7000: bpb=1.6367
step   7100 | loss=5.3288 | lr=4.03e-05
step   7200 | loss=5.3325 | lr=3.81e-05
[VAL] step 7200: bpb=1.6350
step   7300 | loss=5.3175 | lr=3.62e-05
step   7400 | loss=5.3291 | lr=3.46e-05
[VAL] step 7400: bpb=1.6340
step   7500 | loss=5.3163 | lr=3.32e-05
step   7600 | loss=5.3101 | lr=3.21e-05
[VAL] step 7600: bpb=1.6318
step   7700 | loss=5.3022 | lr=3.12e-05
step   7800 | loss=5.3159 | lr=3.05e-05
[VAL] step 7800: bpb=1.6299
step   7900 | loss=5.3139 | lr=3.01e-05
step   8000 | loss=5.3067 | lr=3.00e-05
[VAL] step 8000: bpb=1.6290

=== DONE ===
{
  "exp_name": "exp226_v_d2v_no_norm_pre_outln",
  "best_val_bpb": 1.6289788271137229,
  "final_val_bpb": 1.6289788271137229,
  "n_params": 339547584,
  "training_time_hours": 0.75
}
