Loading tokenizer from /home/starost/.cache/nanochat/tokenizer
Vocab size: 32768, BOS id: 32759
bit LUTs: 18
Adam-managed parameters: 16,772,390
Q/K BitPermLUT: in_nap=5 out_nap=24 tph=512 d_qk=32 P_qk=496
V BitPermLUT:   in_nap=5 out_nap=16 tph=512 d_v=16 P_v=120
Out BitPermLUT: in_nap=8 out_nap=32 tph=2048
Tokens/micro-batch: 4,096 | grad_accum: 1 | effective batch: 4,096 tokens
step      1 | loss=10.5553 | lr=3.75e-07
step    100 | loss=10.4062 | lr=3.75e-05
step    200 | loss=9.3038 | lr=7.50e-05
[VAL] step 200: bpb=2.4597
step    300 | loss=8.3217 | lr=1.12e-04
step    400 | loss=7.9440 | lr=1.50e-04
[VAL] step 400: bpb=2.3748
step    500 | loss=7.7978 | lr=1.87e-04
step    600 | loss=7.7478 | lr=2.25e-04
[VAL] step 600: bpb=2.3617
step    700 | loss=7.6973 | lr=2.62e-04
step    800 | loss=7.6188 | lr=3.00e-04
[VAL] step 800: bpb=2.3159
step    900 | loss=7.5313 | lr=3.00e-04
step   1000 | loss=7.4446 | lr=2.99e-04
[VAL] step 1000: bpb=2.2552
step   1100 | loss=7.3700 | lr=2.99e-04
step   1200 | loss=7.2936 | lr=2.98e-04
[VAL] step 1200: bpb=2.2059
step   1300 | loss=7.2108 | lr=2.97e-04
step   1400 | loss=7.1650 | lr=2.95e-04
[VAL] step 1400: bpb=2.1743
step   1500 | loss=7.1189 | lr=2.94e-04
step   1600 | loss=7.0527 | lr=2.92e-04
[VAL] step 1600: bpb=2.1475
step   1700 | loss=7.0222 | lr=2.90e-04
step   1800 | loss=6.9901 | lr=2.87e-04
[VAL] step 1800: bpb=2.1289
step   1900 | loss=6.9681 | lr=2.85e-04
step   2000 | loss=6.9389 | lr=2.82e-04
[VAL] step 2000: bpb=2.1153
step   2100 | loss=6.9057 | lr=2.79e-04
step   2200 | loss=6.8823 | lr=2.76e-04
[VAL] step 2200: bpb=2.0997
step   2300 | loss=6.8518 | lr=2.72e-04
step   2400 | loss=6.8359 | lr=2.68e-04
[VAL] step 2400: bpb=2.0874
step   2500 | loss=6.8228 | lr=2.65e-04
step   2600 | loss=6.8153 | lr=2.60e-04
[VAL] step 2600: bpb=2.0736
step   2700 | loss=6.7796 | lr=2.56e-04
step   2800 | loss=6.7739 | lr=2.52e-04
[VAL] step 2800: bpb=2.0669
step   2900 | loss=6.7525 | lr=2.47e-04
step   3000 | loss=6.7443 | lr=2.42e-04
[VAL] step 3000: bpb=2.0567
step   3100 | loss=6.7291 | lr=2.38e-04
step   3200 | loss=6.7162 | lr=2.32e-04
[VAL] step 3200: bpb=2.0473
step   3300 | loss=6.7069 | lr=2.27e-04
step   3400 | loss=6.6718 | lr=2.22e-04
[VAL] step 3400: bpb=2.0414
step   3500 | loss=6.6648 | lr=2.17e-04
step   3600 | loss=6.6688 | lr=2.11e-04
[VAL] step 3600: bpb=2.0367
step   3700 | loss=6.6570 | lr=2.06e-04
step   3800 | loss=6.6458 | lr=2.00e-04
[VAL] step 3800: bpb=2.0295
step   3900 | loss=6.6245 | lr=1.94e-04
step   4000 | loss=6.6142 | lr=1.88e-04
[VAL] step 4000: bpb=2.0228
step   4100 | loss=6.6432 | lr=1.83e-04
step   4200 | loss=6.6113 | lr=1.77e-04
[VAL] step 4200: bpb=2.0195
step   4300 | loss=6.6148 | lr=1.71e-04
