Loading tokenizer from /home/starost/.cache/nanochat/tokenizer
Vocab size: 32768, BOS id: 32759
Total params (all fp32): 167,053,574
Q/K Joint MHLut: in_nap=6 tph=512 d_qk=32 (n_outputs=2*d_qk=64)
V MHLut:         in_nap=7 tph=256 d_v=16 (n_outputs=d_v)
out_proj MHLut:  in_nap=6 tph=[2048, 2048, 1024, 1024, 1024, 1024] (n_outputs=E=96) + LayerNorm
Tokens/micro-batch: 4,096 | grad_accum: 1 | effective batch: 4,096 tokens
step      1 | loss=10.5496 | lr=3.75e-07
step    100 | loss=9.7243 | lr=3.75e-05
step    200 | loss=8.5776 | lr=7.50e-05
[VAL] step 200: bpb=2.3450
step    300 | loss=7.8959 | lr=1.12e-04
step    400 | loss=7.4948 | lr=1.50e-04
[VAL] step 400: bpb=2.1755
step    500 | loss=7.1435 | lr=1.87e-04
step    600 | loss=6.9435 | lr=2.25e-04
[VAL] step 600: bpb=2.0658
step    700 | loss=6.8066 | lr=2.62e-04
step    800 | loss=6.6954 | lr=3.00e-04
[VAL] step 800: bpb=2.0209
step    900 | loss=6.6156 | lr=3.00e-04
step   1000 | loss=6.5549 | lr=2.99e-04
[VAL] step 1000: bpb=1.9805
step   1100 | loss=6.5038 | lr=2.99e-04
step   1200 | loss=6.4546 | lr=2.98e-04
[VAL] step 1200: bpb=1.9555
step   1300 | loss=6.3934 | lr=2.97e-04
step   1400 | loss=6.3680 | lr=2.95e-04
[VAL] step 1400: bpb=1.9341
step   1500 | loss=6.3325 | lr=2.94e-04
step   1600 | loss=6.2634 | lr=2.92e-04
[VAL] step 1600: bpb=1.9046
step   1700 | loss=6.2290 | lr=2.90e-04
step   1800 | loss=6.1952 | lr=2.87e-04
[VAL] step 1800: bpb=1.8847
step   1900 | loss=6.1637 | lr=2.85e-04
step   2000 | loss=6.1259 | lr=2.82e-04
[VAL] step 2000: bpb=1.8683
step   2100 | loss=6.0810 | lr=2.79e-04
step   2200 | loss=6.0573 | lr=2.76e-04
[VAL] step 2200: bpb=1.8486
step   2300 | loss=6.0355 | lr=2.72e-04
step   2400 | loss=6.0239 | lr=2.68e-04
[VAL] step 2400: bpb=1.8355
step   2500 | loss=6.0025 | lr=2.65e-04
step   2600 | loss=5.9875 | lr=2.60e-04
[VAL] step 2600: bpb=1.8231
step   2700 | loss=5.9538 | lr=2.56e-04
step   2800 | loss=5.9402 | lr=2.52e-04
[VAL] step 2800: bpb=1.8111
step   2900 | loss=5.9125 | lr=2.47e-04
step   3000 | loss=5.9008 | lr=2.42e-04
[VAL] step 3000: bpb=1.8027
step   3100 | loss=5.8863 | lr=2.38e-04
step   3200 | loss=5.8754 | lr=2.32e-04
[VAL] step 3200: bpb=1.7905
step   3300 | loss=5.8637 | lr=2.27e-04
step   3400 | loss=5.8274 | lr=2.22e-04
[VAL] step 3400: bpb=1.7858
step   3500 | loss=5.8177 | lr=2.17e-04
step   3600 | loss=5.8258 | lr=2.11e-04
[VAL] step 3600: bpb=1.7806
step   3700 | loss=5.8011 | lr=2.06e-04
step   3800 | loss=5.7911 | lr=2.00e-04
[VAL] step 3800: bpb=1.7722
step   3900 | loss=5.7677 | lr=1.94e-04
step   4000 | loss=5.7509 | lr=1.88e-04
[VAL] step 4000: bpb=1.7659
step   4100 | loss=5.7796 | lr=1.83e-04
step   4200 | loss=5.7504 | lr=1.77e-04
[VAL] step 4200: bpb=1.7615
step   4300 | loss=5.7569 | lr=1.71e-04
step   4400 | loss=5.7421 | lr=1.65e-04
[VAL] step 4400: bpb=1.7563
step   4500 | loss=5.7293 | lr=1.59e-04
step   4600 | loss=5.7172 | lr=1.53e-04
[VAL] step 4600: bpb=1.7517
step   4700 | loss=5.7186 | lr=1.47e-04
step   4800 | loss=5.7158 | lr=1.42e-04
[VAL] step 4800: bpb=1.7445
step   4900 | loss=5.6912 | lr=1.36e-04
step   5000 | loss=5.6857 | lr=1.30e-04
[VAL] step 5000: bpb=1.7389
step   5100 | loss=5.6720 | lr=1.24e-04
