Loading tokenizer from /home/starost/.cache/nanochat/tokenizer
Vocab size: 32768, BOS id: 32759
bit LUTs: 18
Adam-managed parameters: 22,352,006
Q/K Joint BitMultiHeadLUT: in_nap=8 out_nap=256 tph=128 d_qk=32 P_qk=496 (n_outputs=2*P_qk=992, CLT-scaled, q/k-canonicalised)
V BitPermLUT:   in_nap=6 out_nap=32 tph=512 d_v=16 P_v=120
Out BitPermLUT: in_nap=8 out_nap=32 tph=[4096, 4096, 2048, 2048, 2048, 2048]
Tokens/micro-batch: 4,096 | grad_accum: 1 | effective batch: 4,096 tokens
step      1 | loss=10.5620 | lr=3.75e-07
step    100 | loss=9.7319 | lr=3.75e-05
step    200 | loss=8.6306 | lr=7.50e-05
[VAL] step 200: bpb=2.3641
step    300 | loss=7.9711 | lr=1.12e-04
step    400 | loss=7.6600 | lr=1.50e-04
[VAL] step 400: bpb=2.2869
step    500 | loss=7.4690 | lr=1.87e-04
step    600 | loss=7.3729 | lr=2.25e-04
[VAL] step 600: bpb=2.2330
step    700 | loss=7.2917 | lr=2.62e-04
step    800 | loss=7.1808 | lr=3.00e-04
[VAL] step 800: bpb=2.1645
step    900 | loss=7.0175 | lr=3.00e-04
step   1000 | loss=6.8682 | lr=2.99e-04
[VAL] step 1000: bpb=2.0591
step   1100 | loss=6.7596 | lr=2.99e-04
step   1200 | loss=6.6748 | lr=2.98e-04
[VAL] step 1200: bpb=2.0171
step   1300 | loss=6.5942 | lr=2.97e-04
step   1400 | loss=6.5577 | lr=2.95e-04
[VAL] step 1400: bpb=1.9921
step   1500 | loss=6.5205 | lr=2.94e-04
step   1600 | loss=6.4600 | lr=2.92e-04
[VAL] step 1600: bpb=1.9691
step   1700 | loss=6.4412 | lr=2.90e-04
step   1800 | loss=6.4166 | lr=2.87e-04
[VAL] step 1800: bpb=1.9576
step   1900 | loss=6.3961 | lr=2.85e-04
step   2000 | loss=6.3723 | lr=2.82e-04
[VAL] step 2000: bpb=1.9466
step   2100 | loss=6.3389 | lr=2.79e-04
step   2200 | loss=6.3188 | lr=2.76e-04
[VAL] step 2200: bpb=1.9334
step   2300 | loss=6.2993 | lr=2.72e-04
step   2400 | loss=6.2907 | lr=2.68e-04
[VAL] step 2400: bpb=1.9214
step   2500 | loss=6.2733 | lr=2.65e-04
step   2600 | loss=6.2621 | lr=2.60e-04
[VAL] step 2600: bpb=1.9098
step   2700 | loss=6.2280 | lr=2.56e-04
step   2800 | loss=6.2182 | lr=2.52e-04
[VAL] step 2800: bpb=1.8971
step   2900 | loss=6.1915 | lr=2.47e-04
step   3000 | loss=6.1789 | lr=2.42e-04
[VAL] step 3000: bpb=1.8866
step   3100 | loss=6.1627 | lr=2.38e-04
step   3200 | loss=6.1483 | lr=2.32e-04
[VAL] step 3200: bpb=1.8746
step   3300 | loss=6.1380 | lr=2.27e-04
step   3400 | loss=6.0998 | lr=2.22e-04
[VAL] step 3400: bpb=1.8683
step   3500 | loss=6.0864 | lr=2.17e-04
step   3600 | loss=6.0895 | lr=2.11e-04
[VAL] step 3600: bpb=1.8644
step   3700 | loss=6.0660 | lr=2.06e-04
step   3800 | loss=6.0525 | lr=2.00e-04
[VAL] step 3800: bpb=1.8512
step   3900 | loss=6.0265 | lr=1.94e-04
step   4000 | loss=6.0085 | lr=1.88e-04
[VAL] step 4000: bpb=1.8412
step   4100 | loss=6.0322 | lr=1.83e-04
step   4200 | loss=6.0011 | lr=1.77e-04
[VAL] step 4200: bpb=1.8354
step   4300 | loss=6.0014 | lr=1.71e-04
step   4400 | loss=5.9872 | lr=1.65e-04
[VAL] step 4400: bpb=1.8287
step   4500 | loss=5.9736 | lr=1.59e-04
step   4600 | loss=5.9610 | lr=1.53e-04
[VAL] step 4600: bpb=1.8213
step   4700 | loss=5.9610 | lr=1.47e-04
step   4800 | loss=5.9560 | lr=1.42e-04
[VAL] step 4800: bpb=1.8151
step   4900 | loss=5.9315 | lr=1.36e-04
step   5000 | loss=5.9241 | lr=1.30e-04
[VAL] step 5000: bpb=1.8106
step   5100 | loss=5.9087 | lr=1.24e-04
step   5200 | loss=5.8895 | lr=1.19e-04
[VAL] step 5200: bpb=1.8057
step   5300 | loss=5.8780 | lr=1.13e-04
step   5400 | loss=5.8649 | lr=1.08e-04
[VAL] step 5400: bpb=1.8008
step   5500 | loss=5.8651 | lr=1.03e-04
step   5600 | loss=5.8786 | lr=9.75e-05
[VAL] step 5600: bpb=1.7961
step   5700 | loss=5.8620 | lr=9.25e-05
step   5800 | loss=5.8515 | lr=8.76e-05
[VAL] step 5800: bpb=1.7942
step   5900 | loss=5.8578 | lr=8.28e-05
step   6000 | loss=5.8420 | lr=7.82e-05
[VAL] step 6000: bpb=1.7881
step   6100 | loss=5.8307 | lr=7.38e-05
step   6200 | loss=5.8271 | lr=6.95e-05
[VAL] step 6200: bpb=1.7854
step   6300 | loss=5.8304 | lr=6.55e-05
step   6400 | loss=5.8132 | lr=6.16e-05
[VAL] step 6400: bpb=1.7818
step   6500 | loss=5.8078 | lr=5.79e-05
step   6600 | loss=5.8116 | lr=5.44e-05
[VAL] step 6600: bpb=1.7781
step   6700 | loss=5.8066 | lr=5.11e-05
step   6800 | loss=5.7973 | lr=4.81e-05
[VAL] step 6800: bpb=1.7768
step   6900 | loss=5.7968 | lr=4.53e-05
step   7000 | loss=5.7951 | lr=4.26e-05
[VAL] step 7000: bpb=1.7751
step   7100 | loss=5.7885 | lr=4.03e-05
step   7200 | loss=5.7915 | lr=3.81e-05
[VAL] step 7200: bpb=1.7742
step   7300 | loss=5.7806 | lr=3.62e-05
step   7400 | loss=5.7909 | lr=3.46e-05
[VAL] step 7400: bpb=1.7727
step   7500 | loss=5.7785 | lr=3.32e-05
step   7600 | loss=5.7685 | lr=3.21e-05
[VAL] step 7600: bpb=1.7696
step   7700 | loss=5.7600 | lr=3.12e-05
step   7800 | loss=5.7717 | lr=3.05e-05
[VAL] step 7800: bpb=1.7679
step   7900 | loss=5.7690 | lr=3.01e-05
step   8000 | loss=5.7605 | lr=3.00e-05
[VAL] step 8000: bpb=1.7671

=== DONE ===
{
  "exp_name": "exp054_qk_sparse_deep",
  "best_val_bpb": 1.7671035038682061,
  "final_val_bpb": 1.7671035038682061,
  "adam_params": 22352006,
  "n_bit_luts": 18,
  "training_time_hours": 1.546
}
