Loading tokenizer from /home/starost/.cache/nanochat/tokenizer
Vocab size: 32768, BOS id: 32759
V2DSDPATransformer: depth=6, E=192, H=6, E_H=32, E_QK=64, D=1456, seq_len=512
LUT: nap=6 (2^nap=64 cells), tph=1536, n_sparse=32, n_alt=1, smooth=True
Params: 114,410,880
AdamW groups: decay=38,903,808 lut_nodecay=75,497,472 nodecay=9,600
Tokens/micro-batch: 4,096 | grad_accum: 1 | effective batch: 4,096 tokens
step      1 | loss=10.4002 | lr=3.75e-07
step    100 | loss=10.2215 | lr=3.75e-05
step    200 | loss=9.0646 | lr=7.50e-05
[VAL] step 200: bpb=2.3455
step    300 | loss=8.0774 | lr=1.12e-04
step    400 | loss=7.5864 | lr=1.50e-04
[VAL] step 400: bpb=2.2296
step    500 | loss=7.2647 | lr=1.87e-04
step    600 | loss=7.0787 | lr=2.25e-04
[VAL] step 600: bpb=2.1137
step    700 | loss=6.9473 | lr=2.62e-04
step    800 | loss=6.8335 | lr=3.00e-04
[VAL] step 800: bpb=2.0635
step    900 | loss=6.7476 | lr=3.00e-04
step   1000 | loss=6.6831 | lr=2.99e-04
[VAL] step 1000: bpb=2.0229
step   1100 | loss=6.6329 | lr=2.99e-04
step   1200 | loss=6.5884 | lr=2.98e-04
[VAL] step 1200: bpb=1.9975
step   1300 | loss=6.5336 | lr=2.97e-04
step   1400 | loss=6.5146 | lr=2.95e-04
[VAL] step 1400: bpb=1.9825
step   1500 | loss=6.4890 | lr=2.94e-04
step   1600 | loss=6.4348 | lr=2.92e-04
[VAL] step 1600: bpb=1.9613
step   1700 | loss=6.4172 | lr=2.90e-04
step   1800 | loss=6.4018 | lr=2.87e-04
[VAL] step 1800: bpb=1.9495
step   1900 | loss=6.3843 | lr=2.85e-04
step   2000 | loss=6.3631 | lr=2.82e-04
[VAL] step 2000: bpb=1.9401
step   2100 | loss=6.3372 | lr=2.79e-04
step   2200 | loss=6.3194 | lr=2.76e-04
[VAL] step 2200: bpb=1.9334
step   2300 | loss=6.2993 | lr=2.72e-04
step   2400 | loss=6.2921 | lr=2.68e-04
[VAL] step 2400: bpb=1.9203
step   2500 | loss=6.2774 | lr=2.65e-04
step   2600 | loss=6.2694 | lr=2.60e-04
[VAL] step 2600: bpb=1.9116
step   2700 | loss=6.2388 | lr=2.56e-04
step   2800 | loss=6.2320 | lr=2.52e-04
[VAL] step 2800: bpb=1.9024
step   2900 | loss=6.2103 | lr=2.47e-04
step   3000 | loss=6.2024 | lr=2.42e-04
[VAL] step 3000: bpb=1.8959
step   3100 | loss=6.1894 | lr=2.38e-04
step   3200 | loss=6.1769 | lr=2.32e-04
[VAL] step 3200: bpb=1.8836
step   3300 | loss=6.1673 | lr=2.27e-04
step   3400 | loss=6.1344 | lr=2.22e-04
[VAL] step 3400: bpb=1.8785
step   3500 | loss=6.1243 | lr=2.17e-04
step   3600 | loss=6.1307 | lr=2.11e-04
[VAL] step 3600: bpb=1.8730
step   3700 | loss=6.1113 | lr=2.06e-04
step   3800 | loss=6.0991 | lr=2.00e-04
[VAL] step 3800: bpb=1.8660
step   3900 | loss=6.0753 | lr=1.94e-04
step   4000 | loss=6.0617 | lr=1.88e-04
[VAL] step 4000: bpb=1.8577
step   4100 | loss=6.0811 | lr=1.83e-04
step   4200 | loss=6.0523 | lr=1.77e-04
[VAL] step 4200: bpb=1.8488
step   4300 | loss=6.0518 | lr=1.71e-04
step   4400 | loss=6.0342 | lr=1.65e-04
[VAL] step 4400: bpb=1.8420
step   4500 | loss=6.0217 | lr=1.59e-04
step   4600 | loss=6.0055 | lr=1.53e-04
[VAL] step 4600: bpb=1.8335
step   4700 | loss=6.0038 | lr=1.47e-04
step   4800 | loss=5.9962 | lr=1.42e-04
[VAL] step 4800: bpb=1.8253
step   4900 | loss=5.9676 | lr=1.36e-04
step   5000 | loss=5.9587 | lr=1.30e-04
[VAL] step 5000: bpb=1.8175
step   5100 | loss=5.9365 | lr=1.24e-04
step   5200 | loss=5.9168 | lr=1.19e-04
[VAL] step 5200: bpb=1.8105
step   5300 | loss=5.9028 | lr=1.13e-04
step   5400 | loss=5.8849 | lr=1.08e-04
[VAL] step 5400: bpb=1.8050
step   5500 | loss=5.8792 | lr=1.03e-04
step   5600 | loss=5.8898 | lr=9.75e-05
[VAL] step 5600: bpb=1.7976
step   5700 | loss=5.8719 | lr=9.25e-05
step   5800 | loss=5.8613 | lr=8.76e-05
[VAL] step 5800: bpb=1.7932
step   5900 | loss=5.8608 | lr=8.28e-05
step   6000 | loss=5.8442 | lr=7.82e-05
[VAL] step 6000: bpb=1.7869
step   6100 | loss=5.8310 | lr=7.38e-05
step   6200 | loss=5.8234 | lr=6.95e-05
[VAL] step 6200: bpb=1.7832
step   6300 | loss=5.8237 | lr=6.55e-05
step   6400 | loss=5.8067 | lr=6.16e-05
[VAL] step 6400: bpb=1.7792
step   6500 | loss=5.7986 | lr=5.79e-05
step   6600 | loss=5.8028 | lr=5.44e-05
[VAL] step 6600: bpb=1.7753
step   6700 | loss=5.7968 | lr=5.11e-05
step   6800 | loss=5.7877 | lr=4.81e-05
[VAL] step 6800: bpb=1.7716
step   6900 | loss=5.7856 | lr=4.53e-05
step   7000 | loss=5.7808 | lr=4.26e-05
[VAL] step 7000: bpb=1.7694
step   7100 | loss=5.7722 | lr=4.03e-05
step   7200 | loss=5.7738 | lr=3.81e-05
[VAL] step 7200: bpb=1.7672
step   7300 | loss=5.7617 | lr=3.62e-05
step   7400 | loss=5.7714 | lr=3.46e-05
[VAL] step 7400: bpb=1.7655
step   7500 | loss=5.7592 | lr=3.32e-05
step   7600 | loss=5.7505 | lr=3.21e-05
[VAL] step 7600: bpb=1.7628
step   7700 | loss=5.7401 | lr=3.12e-05
step   7800 | loss=5.7496 | lr=3.05e-05
[VAL] step 7800: bpb=1.7610
step   7900 | loss=5.7482 | lr=3.01e-05
step   8000 | loss=5.7375 | lr=3.00e-05
[VAL] step 8000: bpb=1.7599

=== DONE ===
{
  "exp_name": "exp215_pos_qk_only",
  "best_val_bpb": 1.7598533543355865,
  "final_val_bpb": 1.7598533543355865,
  "total_params": 114410880,
  "training_time_hours": 0.586
}
