Loading tokenizer from /home/starost/.cache/nanochat/tokenizer
Vocab size: 32768, BOS id: 32759
Total params (all fp32): 301,795,590
Q/K Joint MHLut: in_nap=6 tph=256 d_qk=32 (n_outputs=2*d_qk=64)
V MHLut:         in_nap=8 tph=256 d_v=24 (n_outputs=d_v)
out_proj MHLut:  in_nap=6 tph=[2048, 2048, 1024, 1024, 1024, 1024] (n_outputs=E=96) + LayerNorm
Tokens/micro-batch: 4,096 | grad_accum: 1 | effective batch: 4,096 tokens
step      1 | loss=10.4151 | lr=3.75e-07
step    100 | loss=9.3626 | lr=3.75e-05
step    200 | loss=8.2447 | lr=7.50e-05
[VAL] step 200: bpb=2.3156
step    300 | loss=7.6299 | lr=1.12e-04
step    400 | loss=7.1383 | lr=1.50e-04
[VAL] step 400: bpb=2.0681
step    500 | loss=6.8334 | lr=1.87e-04
step    600 | loss=6.6884 | lr=2.25e-04
[VAL] step 600: bpb=2.0048
step    700 | loss=6.5898 | lr=2.62e-04
step    800 | loss=6.5046 | lr=3.00e-04
[VAL] step 800: bpb=1.9703
step    900 | loss=6.4420 | lr=3.00e-04
step   1000 | loss=6.3875 | lr=2.99e-04
[VAL] step 1000: bpb=1.9373
step   1100 | loss=6.3384 | lr=2.99e-04
step   1200 | loss=6.2901 | lr=2.98e-04
[VAL] step 1200: bpb=1.9071
step   1300 | loss=6.2258 | lr=2.97e-04
step   1400 | loss=6.1913 | lr=2.95e-04
[VAL] step 1400: bpb=1.8764
step   1500 | loss=6.1438 | lr=2.94e-04
step   1600 | loss=6.0697 | lr=2.92e-04
[VAL] step 1600: bpb=1.8490
step   1700 | loss=6.0369 | lr=2.90e-04
step   1800 | loss=6.0031 | lr=2.87e-04
[VAL] step 1800: bpb=1.8255
step   1900 | loss=5.9697 | lr=2.85e-04
step   2000 | loss=5.9360 | lr=2.82e-04
[VAL] step 2000: bpb=1.8084
step   2100 | loss=5.8866 | lr=2.79e-04
step   2200 | loss=5.8633 | lr=2.76e-04
[VAL] step 2200: bpb=1.7949
step   2300 | loss=5.8416 | lr=2.72e-04
step   2400 | loss=5.8353 | lr=2.68e-04
[VAL] step 2400: bpb=1.7796
step   2500 | loss=5.8137 | lr=2.65e-04
step   2600 | loss=5.7939 | lr=2.60e-04
[VAL] step 2600: bpb=1.7642
step   2700 | loss=5.7601 | lr=2.56e-04
step   2800 | loss=5.7459 | lr=2.52e-04
[VAL] step 2800: bpb=1.7540
step   2900 | loss=5.7160 | lr=2.47e-04
step   3000 | loss=5.7032 | lr=2.42e-04
[VAL] step 3000: bpb=1.7443
step   3100 | loss=5.6864 | lr=2.38e-04
step   3200 | loss=5.6757 | lr=2.32e-04
[VAL] step 3200: bpb=1.7327
step   3300 | loss=5.6616 | lr=2.27e-04
step   3400 | loss=5.6274 | lr=2.22e-04
[VAL] step 3400: bpb=1.7267
step   3500 | loss=5.6143 | lr=2.17e-04
step   3600 | loss=5.6236 | lr=2.11e-04
[VAL] step 3600: bpb=1.7221
step   3700 | loss=5.5964 | lr=2.06e-04
step   3800 | loss=5.5864 | lr=2.00e-04
[VAL] step 3800: bpb=1.7127
step   3900 | loss=5.5608 | lr=1.94e-04
step   4000 | loss=5.5420 | lr=1.88e-04
[VAL] step 4000: bpb=1.7031
step   4100 | loss=5.5677 | lr=1.83e-04
step   4200 | loss=5.5386 | lr=1.77e-04
[VAL] step 4200: bpb=1.6987
step   4300 | loss=5.5423 | lr=1.71e-04
step   4400 | loss=5.5302 | lr=1.65e-04
[VAL] step 4400: bpb=1.6937
step   4500 | loss=5.5138 | lr=1.59e-04
step   4600 | loss=5.5007 | lr=1.53e-04
[VAL] step 4600: bpb=1.6862
step   4700 | loss=5.5024 | lr=1.47e-04
step   4800 | loss=5.4996 | lr=1.42e-04
[VAL] step 4800: bpb=1.6816
step   4900 | loss=5.4755 | lr=1.36e-04
step   5000 | loss=5.4699 | lr=1.30e-04
[VAL] step 5000: bpb=1.6750
step   5100 | loss=5.4592 | lr=1.24e-04
step   5200 | loss=5.4402 | lr=1.19e-04
[VAL] step 5200: bpb=1.6697
step   5300 | loss=5.4242 | lr=1.13e-04
step   5400 | loss=5.4107 | lr=1.08e-04
[VAL] step 5400: bpb=1.6642
step   5500 | loss=5.4184 | lr=1.03e-04
step   5600 | loss=5.4300 | lr=9.75e-05
[VAL] step 5600: bpb=1.6600
step   5700 | loss=5.4148 | lr=9.25e-05
step   5800 | loss=5.4047 | lr=8.76e-05
[VAL] step 5800: bpb=1.6577
step   5900 | loss=5.4066 | lr=8.28e-05
step   6000 | loss=5.3954 | lr=7.82e-05
[VAL] step 6000: bpb=1.6535
step   6100 | loss=5.3836 | lr=7.38e-05
step   6200 | loss=5.3808 | lr=6.95e-05
[VAL] step 6200: bpb=1.6498
step   6300 | loss=5.3818 | lr=6.55e-05
step   6400 | loss=5.3660 | lr=6.16e-05
[VAL] step 6400: bpb=1.6470
step   6500 | loss=5.3556 | lr=5.79e-05
step   6600 | loss=5.3606 | lr=5.44e-05
[VAL] step 6600: bpb=1.6437
step   6700 | loss=5.3553 | lr=5.11e-05
step   6800 | loss=5.3469 | lr=4.81e-05
[VAL] step 6800: bpb=1.6424
step   6900 | loss=5.3471 | lr=4.53e-05
step   7000 | loss=5.3476 | lr=4.26e-05
[VAL] step 7000: bpb=1.6401
step   7100 | loss=5.3386 | lr=4.03e-05
step   7200 | loss=5.3427 | lr=3.81e-05
[VAL] step 7200: bpb=1.6373
step   7300 | loss=5.3279 | lr=3.62e-05
step   7400 | loss=5.3405 | lr=3.46e-05
[VAL] step 7400: bpb=1.6359
step   7500 | loss=5.3277 | lr=3.32e-05
step   7600 | loss=5.3207 | lr=3.21e-05
[VAL] step 7600: bpb=1.6329
step   7700 | loss=5.3137 | lr=3.12e-05
step   7800 | loss=5.3261 | lr=3.05e-05
[VAL] step 7800: bpb=1.6324
step   7900 | loss=5.3239 | lr=3.01e-05
step   8000 | loss=5.3157 | lr=3.00e-05
[VAL] step 8000: bpb=1.6314

=== DONE ===
{
  "exp_name": "exp184_e96_split_canon",
  "best_val_bpb": 1.631448852972457,
  "final_val_bpb": 1.631448852972457,
  "n_params": 301795590,
  "training_time_hours": 0.7
}
