Loading tokenizer from /home/starost/.cache/nanochat/tokenizer
Vocab size: 32768, BOS id: 32759
Building model + inheriting residual anchors:
  layer 1: inherited first 256/512 residual anchor pairs from layer 0
  layer 2: inherited first 512/768 residual anchor pairs from layer 1
  layer 3: inherited first 768/1024 residual anchor pairs from layer 2
  layer 4: inherited first 1024/1280 residual anchor pairs from layer 3
  layer 5: inherited first 1280/1536 residual anchor pairs from layer 4
Total params (all fp32): 182,143,238
Q/K Joint MHLut: in_nap=6 tph=256 d_qk=32 (n_outputs=2*d_qk=64)
V MHLut:         in_nap=7 tph=256 d_v=24 (n_outputs=d_v)
out_proj MHLut:  in_nap=6 tph=1024 (n_outputs=E=144)
residual MHLut:  in_nap=6 tph_factor=256 (per layer i: in=(i+1)*E, tph=256*(i+1))
Unembedder:      LN(144) -> Linear(144,VOCAB)
Residual concat order: INVERSE [*prev_xs, x] (oldest at front, current x at tail)
Tokens/micro-batch: 4,096 | grad_accum: 1 | effective batch: 4,096 tokens
step      1 | loss=10.5386 | lr=3.75e-07
step    100 | loss=10.0645 | lr=3.75e-05
step    200 | loss=9.4856 | lr=7.50e-05
[VAL] step 200: bpb=2.7105
step    300 | loss=8.7669 | lr=1.12e-04
step    400 | loss=8.0077 | lr=1.50e-04
[VAL] step 400: bpb=2.2497
step    500 | loss=7.4688 | lr=1.87e-04
step    600 | loss=7.1730 | lr=2.25e-04
[VAL] step 600: bpb=2.1145
step    700 | loss=6.9780 | lr=2.62e-04
step    800 | loss=6.8339 | lr=3.00e-04
[VAL] step 800: bpb=2.0502
step    900 | loss=6.7333 | lr=3.00e-04
step   1000 | loss=6.6633 | lr=2.99e-04
[VAL] step 1000: bpb=2.0189
step   1100 | loss=6.6112 | lr=2.99e-04
step   1200 | loss=6.5651 | lr=2.98e-04
[VAL] step 1200: bpb=1.9897
step   1300 | loss=6.5127 | lr=2.97e-04
step   1400 | loss=6.4968 | lr=2.95e-04
[VAL] step 1400: bpb=1.9728
step   1500 | loss=6.4695 | lr=2.94e-04
step   1600 | loss=6.4172 | lr=2.92e-04
[VAL] step 1600: bpb=1.9613
step   1700 | loss=6.3999 | lr=2.90e-04
step   1800 | loss=6.3842 | lr=2.87e-04
[VAL] step 1800: bpb=1.9470
step   1900 | loss=6.3675 | lr=2.85e-04
step   2000 | loss=6.3451 | lr=2.82e-04
[VAL] step 2000: bpb=1.9400
step   2100 | loss=6.3121 | lr=2.79e-04
step   2200 | loss=6.2930 | lr=2.76e-04
[VAL] step 2200: bpb=1.9252
step   2300 | loss=6.2711 | lr=2.72e-04
step   2400 | loss=6.2590 | lr=2.68e-04
[VAL] step 2400: bpb=1.9121
step   2500 | loss=6.2423 | lr=2.65e-04
step   2600 | loss=6.2290 | lr=2.60e-04
[VAL] step 2600: bpb=1.8985
step   2700 | loss=6.1942 | lr=2.56e-04
step   2800 | loss=6.1805 | lr=2.52e-04
[VAL] step 2800: bpb=1.8873
step   2900 | loss=6.1529 | lr=2.47e-04
step   3000 | loss=6.1422 | lr=2.42e-04
[VAL] step 3000: bpb=1.8783
step   3100 | loss=6.1233 | lr=2.38e-04
step   3200 | loss=6.1080 | lr=2.32e-04
[VAL] step 3200: bpb=1.8640
step   3300 | loss=6.0934 | lr=2.27e-04
step   3400 | loss=6.0546 | lr=2.22e-04
[VAL] step 3400: bpb=1.8540
step   3500 | loss=6.0414 | lr=2.17e-04
step   3600 | loss=6.0447 | lr=2.11e-04
[VAL] step 3600: bpb=1.8477
step   3700 | loss=6.0227 | lr=2.06e-04
step   3800 | loss=6.0084 | lr=2.00e-04
[VAL] step 3800: bpb=1.8401
step   3900 | loss=5.9817 | lr=1.94e-04
step   4000 | loss=5.9641 | lr=1.88e-04
[VAL] step 4000: bpb=1.8281
step   4100 | loss=5.9851 | lr=1.83e-04
step   4200 | loss=5.9538 | lr=1.77e-04
[VAL] step 4200: bpb=1.8220
step   4300 | loss=5.9567 | lr=1.71e-04
step   4400 | loss=5.9407 | lr=1.65e-04
[VAL] step 4400: bpb=1.8145
step   4500 | loss=5.9248 | lr=1.59e-04
step   4600 | loss=5.9122 | lr=1.53e-04
[VAL] step 4600: bpb=1.8092
step   4700 | loss=5.9123 | lr=1.47e-04
step   4800 | loss=5.9045 | lr=1.42e-04
[VAL] step 4800: bpb=1.8007
step   4900 | loss=5.8767 | lr=1.36e-04
step   5000 | loss=5.8703 | lr=1.30e-04
[VAL] step 5000: bpb=1.7937
step   5100 | loss=5.8535 | lr=1.24e-04
step   5200 | loss=5.8339 | lr=1.19e-04
[VAL] step 5200: bpb=1.7853
step   5300 | loss=5.8226 | lr=1.13e-04
step   5400 | loss=5.8060 | lr=1.08e-04
[VAL] step 5400: bpb=1.7820
step   5500 | loss=5.8054 | lr=1.03e-04
step   5600 | loss=5.8178 | lr=9.75e-05
[VAL] step 5600: bpb=1.7758
step   5700 | loss=5.8001 | lr=9.25e-05
step   5800 | loss=5.7899 | lr=8.76e-05
[VAL] step 5800: bpb=1.7728
step   5900 | loss=5.7938 | lr=8.28e-05
step   6000 | loss=5.7756 | lr=7.82e-05
[VAL] step 6000: bpb=1.7687
step   6100 | loss=5.7646 | lr=7.38e-05
step   6200 | loss=5.7591 | lr=6.95e-05
[VAL] step 6200: bpb=1.7660
step   6300 | loss=5.7634 | lr=6.55e-05
step   6400 | loss=5.7455 | lr=6.16e-05
[VAL] step 6400: bpb=1.7617
step   6500 | loss=5.7388 | lr=5.79e-05
step   6600 | loss=5.7420 | lr=5.44e-05
[VAL] step 6600: bpb=1.7573
step   6700 | loss=5.7354 | lr=5.11e-05
step   6800 | loss=5.7249 | lr=4.81e-05
[VAL] step 6800: bpb=1.7541
step   6900 | loss=5.7253 | lr=4.53e-05
step   7000 | loss=5.7227 | lr=4.26e-05
[VAL] step 7000: bpb=1.7529
step   7100 | loss=5.7146 | lr=4.03e-05
step   7200 | loss=5.7159 | lr=3.81e-05
[VAL] step 7200: bpb=1.7506
step   7300 | loss=5.7039 | lr=3.62e-05
step   7400 | loss=5.7135 | lr=3.46e-05
[VAL] step 7400: bpb=1.7486
step   7500 | loss=5.7019 | lr=3.32e-05
step   7600 | loss=5.6917 | lr=3.21e-05
[VAL] step 7600: bpb=1.7463
step   7700 | loss=5.6829 | lr=3.12e-05
step   7800 | loss=5.6942 | lr=3.05e-05
[VAL] step 7800: bpb=1.7443
step   7900 | loss=5.6924 | lr=3.01e-05
step   8000 | loss=5.6838 | lr=3.00e-05
[VAL] step 8000: bpb=1.7440

=== DONE ===
{
  "exp_name": "exp094_e144_dv24_linear",
  "best_val_bpb": 1.7439555915879799,
  "final_val_bpb": 1.7439555915879799,
  "n_params": 182143238,
  "training_time_hours": 0.644
}
