Loading tokenizer from /home/starost/.cache/nanochat/tokenizer
Vocab size: 32768, BOS id: 32759
Total params (all fp32): 358,420,266
Q/K Joint SoftLUT: in_nap=6 tph=256 d_qk=64 (n_outputs=2*d_qk=128) init_std=0.001 T_soft=0.5 T_sel=0.5 [no V2D, q_norm+k_norm -> SDPA]
V SoftLUT:       in_nap=8 tph=256 d_v=32 (n_outputs=d_v)
out_proj SoftLUT: in_nap=6 tph=[2048, 2048, 1024, 1024, 1024, 1024] (n_outputs=E=96) + out_v2d/out_d2v
V2D out:         init_T=0.1 learnable=True
Attention:       SDPA (causal); plain default 1/sqrt(d_qk=64)=0.1250, no learnable attn_scale
Tracking 42 learnable temperatures in temperatures.csv
Tokens/micro-batch: 4,096 | grad_accum: 1 | effective batch: 4,096 tokens
step      1 | loss=10.4124 | lr=3.75e-07
step    100 | loss=9.3665 | lr=3.75e-05
step    200 | loss=8.2315 | lr=7.50e-05
W0510 17:01:20.765000 2503710 torch/_dynamo/convert_frame.py:964] [0/8] torch._dynamo hit config.recompile_limit (8)
W0510 17:01:20.765000 2503710 torch/_dynamo/convert_frame.py:964] [0/8]    function: 'forward' (/home/starost/spiky/src/spiky/lutorch/soft_multi_head_lut.py:193)
W0510 17:01:20.765000 2503710 torch/_dynamo/convert_frame.py:964] [0/8]    last reason: 0/5: tensor 'self._buffers['bit_matrix']' size mismatch at index 0. expected 6, actual 8
W0510 17:01:20.765000 2503710 torch/_dynamo/convert_frame.py:964] [0/8] To log all recompilation reasons, use TORCH_LOGS="recompiles".
W0510 17:01:20.765000 2503710 torch/_dynamo/convert_frame.py:964] [0/8] To diagnose recompilation issues, see https://pytorch.org/docs/main/torch.compiler_troubleshooting.html.
[VAL] step 200: bpb=2.3052
step    300 | loss=7.6270 | lr=1.12e-04
step    400 | loss=7.1491 | lr=1.50e-04
[VAL] step 400: bpb=2.0765
step    500 | loss=6.8430 | lr=1.87e-04
step    600 | loss=6.6940 | lr=2.25e-04
[VAL] step 600: bpb=2.0052
step    700 | loss=6.5894 | lr=2.62e-04
step    800 | loss=6.4954 | lr=3.00e-04
[VAL] step 800: bpb=1.9645
step    900 | loss=6.4144 | lr=3.00e-04
step   1000 | loss=6.3307 | lr=2.99e-04
[VAL] step 1000: bpb=1.9069
step   1100 | loss=6.2477 | lr=2.99e-04
step   1200 | loss=6.1739 | lr=2.98e-04
[VAL] step 1200: bpb=1.8609
step   1300 | loss=6.0930 | lr=2.97e-04
step   1400 | loss=6.0525 | lr=2.95e-04
[VAL] step 1400: bpb=1.8321
step   1500 | loss=6.0045 | lr=2.94e-04
step   1600 | loss=5.9329 | lr=2.92e-04
[VAL] step 1600: bpb=1.8066
step   1700 | loss=5.9056 | lr=2.90e-04
step   1800 | loss=5.8737 | lr=2.87e-04
[VAL] step 1800: bpb=1.7864
step   1900 | loss=5.8410 | lr=2.85e-04
step   2000 | loss=5.8080 | lr=2.82e-04
[VAL] step 2000: bpb=1.7723
step   2100 | loss=5.7597 | lr=2.79e-04
step   2200 | loss=5.7408 | lr=2.76e-04
[VAL] step 2200: bpb=1.7596
step   2300 | loss=5.7205 | lr=2.72e-04
step   2400 | loss=5.7143 | lr=2.68e-04
[VAL] step 2400: bpb=1.7424
step   2500 | loss=5.6928 | lr=2.65e-04
step   2600 | loss=5.6761 | lr=2.60e-04
[VAL] step 2600: bpb=1.7300
step   2700 | loss=5.6420 | lr=2.56e-04
step   2800 | loss=5.6288 | lr=2.52e-04
[VAL] step 2800: bpb=1.7238
step   2900 | loss=5.6018 | lr=2.47e-04
step   3000 | loss=5.5884 | lr=2.42e-04
[VAL] step 3000: bpb=1.7116
step   3100 | loss=5.5723 | lr=2.38e-04
step   3200 | loss=5.5640 | lr=2.32e-04
[VAL] step 3200: bpb=1.6996
step   3300 | loss=5.5526 | lr=2.27e-04
step   3400 | loss=5.5137 | lr=2.22e-04
[VAL] step 3400: bpb=1.6948
step   3500 | loss=5.5037 | lr=2.17e-04
step   3600 | loss=5.5142 | lr=2.11e-04
[VAL] step 3600: bpb=1.6908
step   3700 | loss=5.4860 | lr=2.06e-04
step   3800 | loss=5.4767 | lr=2.00e-04
[VAL] step 3800: bpb=1.6833
step   3900 | loss=5.4520 | lr=1.94e-04
step   4000 | loss=5.4310 | lr=1.88e-04
[VAL] step 4000: bpb=1.6732
step   4100 | loss=5.4604 | lr=1.83e-04
step   4200 | loss=5.4332 | lr=1.77e-04
[VAL] step 4200: bpb=1.6686
step   4300 | loss=5.4367 | lr=1.71e-04
step   4400 | loss=5.4265 | lr=1.65e-04
[VAL] step 4400: bpb=1.6648
step   4500 | loss=5.4098 | lr=1.59e-04
step   4600 | loss=5.3982 | lr=1.53e-04
[VAL] step 4600: bpb=1.6570
step   4700 | loss=5.3988 | lr=1.47e-04
step   4800 | loss=5.3957 | lr=1.42e-04
[VAL] step 4800: bpb=1.6515
step   4900 | loss=5.3711 | lr=1.36e-04
step   5000 | loss=5.3650 | lr=1.30e-04
[VAL] step 5000: bpb=1.6445
step   5100 | loss=5.3556 | lr=1.24e-04
step   5200 | loss=5.3375 | lr=1.19e-04
[VAL] step 5200: bpb=1.6394
step   5300 | loss=5.3218 | lr=1.13e-04
step   5400 | loss=5.3078 | lr=1.08e-04
[VAL] step 5400: bpb=1.6356
step   5500 | loss=5.3178 | lr=1.03e-04
step   5600 | loss=5.3295 | lr=9.75e-05
[VAL] step 5600: bpb=1.6312
step   5700 | loss=5.3156 | lr=9.25e-05
step   5800 | loss=5.3046 | lr=8.76e-05
[VAL] step 5800: bpb=1.6281
step   5900 | loss=5.3057 | lr=8.28e-05
step   6000 | loss=5.2953 | lr=7.82e-05
[VAL] step 6000: bpb=1.6244
step   6100 | loss=5.2818 | lr=7.38e-05
step   6200 | loss=5.2793 | lr=6.95e-05
[VAL] step 6200: bpb=1.6214
step   6300 | loss=5.2824 | lr=6.55e-05
step   6400 | loss=5.2654 | lr=6.16e-05
[VAL] step 6400: bpb=1.6173
step   6500 | loss=5.2546 | lr=5.79e-05
step   6600 | loss=5.2597 | lr=5.44e-05
[VAL] step 6600: bpb=1.6137
step   6700 | loss=5.2544 | lr=5.11e-05
step   6800 | loss=5.2462 | lr=4.81e-05
[VAL] step 6800: bpb=1.6127
step   6900 | loss=5.2472 | lr=4.53e-05
step   7000 | loss=5.2495 | lr=4.26e-05
[VAL] step 7000: bpb=1.6108
step   7100 | loss=5.2392 | lr=4.03e-05
step   7200 | loss=5.2433 | lr=3.81e-05
[VAL] step 7200: bpb=1.6078
step   7300 | loss=5.2293 | lr=3.62e-05
step   7400 | loss=5.2407 | lr=3.46e-05
[VAL] step 7400: bpb=1.6065
step   7500 | loss=5.2283 | lr=3.32e-05
step   7600 | loss=5.2229 | lr=3.21e-05
[VAL] step 7600: bpb=1.6046
step   7700 | loss=5.2162 | lr=3.12e-05
step   7800 | loss=5.2316 | lr=3.05e-05
[VAL] step 7800: bpb=1.6026
step   7900 | loss=5.2265 | lr=3.01e-05
step   8000 | loss=5.2182 | lr=3.00e-05
[VAL] step 8000: bpb=1.6030

=== DONE ===
{
  "exp_name": "exp251_v2d_learnable_t01",
  "best_val_bpb": 1.6026362260274658,
  "final_val_bpb": 1.6029879973221544,
  "n_params": 358420266,
  "training_time_hours": 0.746
}
