Loading tokenizer from /home/starost/.cache/nanochat/tokenizer
Vocab size: 32768, BOS id: 32759
Total params (all fp32): 129,304,838
Q/K Joint MHLut: in_nap=6 tph=256 d_qk=32 (n_outputs=2*d_qk=64)
V MHLut:         in_nap=7 tph=256 d_v=16 (n_outputs=d_v)
out_proj MHLut:  in_nap=6 tph=[2048, 2048, 1024, 1024, 1024, 1024] (n_outputs=E=96) + LayerNorm
Tokens/micro-batch: 4,096 | grad_accum: 1 | effective batch: 4,096 tokens
step      1 | loss=10.5816 | lr=3.75e-07
step    100 | loss=9.7457 | lr=3.75e-05
step    200 | loss=8.6387 | lr=7.50e-05
[VAL] step 200: bpb=2.3585
step    300 | loss=7.9347 | lr=1.12e-04
step    400 | loss=7.5697 | lr=1.50e-04
[VAL] step 400: bpb=2.2332
step    500 | loss=7.2525 | lr=1.87e-04
step    600 | loss=7.0344 | lr=2.25e-04
[VAL] step 600: bpb=2.0876
step    700 | loss=6.8811 | lr=2.62e-04
step    800 | loss=6.7564 | lr=3.00e-04
[VAL] step 800: bpb=2.0344
step    900 | loss=6.6660 | lr=3.00e-04
step   1000 | loss=6.6019 | lr=2.99e-04
[VAL] step 1000: bpb=1.9954
step   1100 | loss=6.5479 | lr=2.99e-04
step   1200 | loss=6.4995 | lr=2.98e-04
[VAL] step 1200: bpb=1.9717
step   1300 | loss=6.4385 | lr=2.97e-04
step   1400 | loss=6.4138 | lr=2.95e-04
[VAL] step 1400: bpb=1.9499
step   1500 | loss=6.3788 | lr=2.94e-04
step   1600 | loss=6.3127 | lr=2.92e-04
[VAL] step 1600: bpb=1.9231
step   1700 | loss=6.2839 | lr=2.90e-04
step   1800 | loss=6.2489 | lr=2.87e-04
[VAL] step 1800: bpb=1.9039
step   1900 | loss=6.2181 | lr=2.85e-04
step   2000 | loss=6.1826 | lr=2.82e-04
[VAL] step 2000: bpb=1.8829
step   2100 | loss=6.1357 | lr=2.79e-04
step   2200 | loss=6.1095 | lr=2.76e-04
[VAL] step 2200: bpb=1.8649
step   2300 | loss=6.0836 | lr=2.72e-04
step   2400 | loss=6.0722 | lr=2.68e-04
[VAL] step 2400: bpb=1.8517
step   2500 | loss=6.0497 | lr=2.65e-04
step   2600 | loss=6.0349 | lr=2.60e-04
[VAL] step 2600: bpb=1.8350
step   2700 | loss=6.0014 | lr=2.56e-04
step   2800 | loss=5.9867 | lr=2.52e-04
[VAL] step 2800: bpb=1.8261
step   2900 | loss=5.9576 | lr=2.47e-04
step   3000 | loss=5.9454 | lr=2.42e-04
[VAL] step 3000: bpb=1.8156
step   3100 | loss=5.9303 | lr=2.38e-04
step   3200 | loss=5.9165 | lr=2.32e-04
[VAL] step 3200: bpb=1.8034
step   3300 | loss=5.9050 | lr=2.27e-04
step   3400 | loss=5.8659 | lr=2.22e-04
[VAL] step 3400: bpb=1.7966
step   3500 | loss=5.8568 | lr=2.17e-04
step   3600 | loss=5.8648 | lr=2.11e-04
[VAL] step 3600: bpb=1.7922
step   3700 | loss=5.8415 | lr=2.06e-04
step   3800 | loss=5.8309 | lr=2.00e-04
[VAL] step 3800: bpb=1.7856
step   3900 | loss=5.8070 | lr=1.94e-04
step   4000 | loss=5.7888 | lr=1.88e-04
[VAL] step 4000: bpb=1.7757
step   4100 | loss=5.8150 | lr=1.83e-04
step   4200 | loss=5.7870 | lr=1.77e-04
[VAL] step 4200: bpb=1.7713
step   4300 | loss=5.7920 | lr=1.71e-04
step   4400 | loss=5.7779 | lr=1.65e-04
[VAL] step 4400: bpb=1.7647
step   4500 | loss=5.7631 | lr=1.59e-04
step   4600 | loss=5.7508 | lr=1.53e-04
[VAL] step 4600: bpb=1.7590
step   4700 | loss=5.7529 | lr=1.47e-04
step   4800 | loss=5.7502 | lr=1.42e-04
[VAL] step 4800: bpb=1.7551
step   4900 | loss=5.7245 | lr=1.36e-04
step   5000 | loss=5.7197 | lr=1.30e-04
[VAL] step 5000: bpb=1.7483
step   5100 | loss=5.7047 | lr=1.24e-04
step   5200 | loss=5.6859 | lr=1.19e-04
[VAL] step 5200: bpb=1.7428
step   5300 | loss=5.6745 | lr=1.13e-04
step   5400 | loss=5.6614 | lr=1.08e-04
[VAL] step 5400: bpb=1.7417
step   5500 | loss=5.6657 | lr=1.03e-04
step   5600 | loss=5.6788 | lr=9.75e-05
[VAL] step 5600: bpb=1.7342
step   5700 | loss=5.6613 | lr=9.25e-05
step   5800 | loss=5.6513 | lr=8.76e-05
[VAL] step 5800: bpb=1.7317
step   5900 | loss=5.6578 | lr=8.28e-05
step   6000 | loss=5.6434 | lr=7.82e-05
[VAL] step 6000: bpb=1.7284
step   6100 | loss=5.6314 | lr=7.38e-05
step   6200 | loss=5.6276 | lr=6.95e-05
[VAL] step 6200: bpb=1.7247
step   6300 | loss=5.6315 | lr=6.55e-05
step   6400 | loss=5.6136 | lr=6.16e-05
[VAL] step 6400: bpb=1.7227
step   6500 | loss=5.6073 | lr=5.79e-05
step   6600 | loss=5.6137 | lr=5.44e-05
[VAL] step 6600: bpb=1.7181
step   6700 | loss=5.6074 | lr=5.11e-05
step   6800 | loss=5.5983 | lr=4.81e-05
[VAL] step 6800: bpb=1.7166
step   6900 | loss=5.5991 | lr=4.53e-05
step   7000 | loss=5.5987 | lr=4.26e-05
[VAL] step 7000: bpb=1.7161
step   7100 | loss=5.5898 | lr=4.03e-05
step   7200 | loss=5.5935 | lr=3.81e-05
[VAL] step 7200: bpb=1.7132
step   7300 | loss=5.5823 | lr=3.62e-05
step   7400 | loss=5.5934 | lr=3.46e-05
[VAL] step 7400: bpb=1.7118
step   7500 | loss=5.5809 | lr=3.32e-05
step   7600 | loss=5.5735 | lr=3.21e-05
[VAL] step 7600: bpb=1.7096
step   7700 | loss=5.5658 | lr=3.12e-05
step   7800 | loss=5.5775 | lr=3.05e-05
[VAL] step 7800: bpb=1.7087
step   7900 | loss=5.5756 | lr=3.01e-05
step   8000 | loss=5.5676 | lr=3.00e-05
[VAL] step 8000: bpb=1.7076

=== DONE ===
{
  "exp_name": "exp128_mhlut_smooth",
  "best_val_bpb": 1.7076376107855038,
  "final_val_bpb": 1.7076376107855038,
  "n_params": 129304838,
  "training_time_hours": 0.729
}
