Loading tokenizer from /home/starost/.cache/nanochat/tokenizer
Vocab size: 32768, BOS id: 32759
Building model:
Total params (all fp32): 218,927,110
Q/K Joint MHLut: in_nap=6 tph=256 d_qk=32 (n_outputs=2*d_qk=64)
V MHLut:         in_nap=7 tph=256 d_v=32 (n_outputs=d_v)
out_proj MHLut:  in_nap=6 tph=1024 (n_outputs=E=256)
Residual:        classic skip connection (out_real + x), no residual_lut
Unembedder:      LN(256) -> Linear(256,VOCAB)
Tokens/micro-batch: 4,096 | grad_accum: 1 | effective batch: 4,096 tokens
step      1 | loss=10.5694 | lr=3.75e-07
step    100 | loss=10.0548 | lr=3.75e-05
step    200 | loss=9.2536 | lr=7.50e-05
[VAL] step 200: bpb=2.5648
step    300 | loss=8.3672 | lr=1.12e-04
step    400 | loss=7.8019 | lr=1.50e-04
[VAL] step 400: bpb=2.2693
step    500 | loss=7.4669 | lr=1.87e-04
step    600 | loss=7.2615 | lr=2.25e-04
[VAL] step 600: bpb=2.1566
step    700 | loss=7.0828 | lr=2.62e-04
step    800 | loss=6.9087 | lr=3.00e-04
[VAL] step 800: bpb=2.0653
step    900 | loss=6.7905 | lr=3.00e-04
step   1000 | loss=6.7102 | lr=2.99e-04
[VAL] step 1000: bpb=2.0233
step   1100 | loss=6.6472 | lr=2.99e-04
step   1200 | loss=6.6047 | lr=2.98e-04
[VAL] step 1200: bpb=1.9969
step   1300 | loss=6.5384 | lr=2.97e-04
step   1400 | loss=6.5258 | lr=2.95e-04
[VAL] step 1400: bpb=1.9757
step   1500 | loss=6.4891 | lr=2.94e-04
step   1600 | loss=6.4289 | lr=2.92e-04
[VAL] step 1600: bpb=1.9624
step   1700 | loss=6.3972 | lr=2.90e-04
step   1800 | loss=6.3703 | lr=2.87e-04
[VAL] step 1800: bpb=1.9405
step   1900 | loss=6.3464 | lr=2.85e-04
step   2000 | loss=6.3170 | lr=2.82e-04
[VAL] step 2000: bpb=1.9233
step   2100 | loss=6.2750 | lr=2.79e-04
step   2200 | loss=6.2504 | lr=2.76e-04
[VAL] step 2200: bpb=1.9102
step   2300 | loss=6.2287 | lr=2.72e-04
step   2400 | loss=6.2185 | lr=2.68e-04
[VAL] step 2400: bpb=1.9014
step   2500 | loss=6.2204 | lr=2.65e-04
step   2600 | loss=6.2086 | lr=2.60e-04
[VAL] step 2600: bpb=1.8849
step   2700 | loss=6.1688 | lr=2.56e-04
step   2800 | loss=6.1551 | lr=2.52e-04
[VAL] step 2800: bpb=1.8729
step   2900 | loss=6.1250 | lr=2.47e-04
step   3000 | loss=6.1124 | lr=2.42e-04
[VAL] step 3000: bpb=1.8682
step   3100 | loss=6.1016 | lr=2.38e-04
step   3200 | loss=6.0860 | lr=2.32e-04
[VAL] step 3200: bpb=1.8579
step   3300 | loss=6.0725 | lr=2.27e-04
step   3400 | loss=6.0332 | lr=2.22e-04
[VAL] step 3400: bpb=1.8449
step   3500 | loss=6.0199 | lr=2.17e-04
step   3600 | loss=6.0251 | lr=2.11e-04
[VAL] step 3600: bpb=1.8399
step   3700 | loss=6.0016 | lr=2.06e-04
step   3800 | loss=5.9941 | lr=2.00e-04
[VAL] step 3800: bpb=1.8332
step   3900 | loss=5.9849 | lr=1.94e-04
step   4000 | loss=6.0586 | lr=1.88e-04
[VAL] step 4000: bpb=1.8425
step   4100 | loss=6.0207 | lr=1.83e-04
step   4200 | loss=5.9654 | lr=1.77e-04
[VAL] step 4200: bpb=1.8221
step   4300 | loss=5.9529 | lr=1.71e-04
step   4400 | loss=5.9306 | lr=1.65e-04
[VAL] step 4400: bpb=1.8108
step   4500 | loss=5.9193 | lr=1.59e-04
step   4600 | loss=5.9028 | lr=1.53e-04
[VAL] step 4600: bpb=1.8047
step   4700 | loss=5.9013 | lr=1.47e-04
step   4800 | loss=5.8950 | lr=1.42e-04
[VAL] step 4800: bpb=1.7967
step   4900 | loss=5.8713 | lr=1.36e-04
step   5000 | loss=5.8637 | lr=1.30e-04
[VAL] step 5000: bpb=1.7894
step   5100 | loss=5.8472 | lr=1.24e-04
step   5200 | loss=5.8240 | lr=1.19e-04
[VAL] step 5200: bpb=1.7836
step   5300 | loss=5.8136 | lr=1.13e-04
step   5400 | loss=5.7951 | lr=1.08e-04
[VAL] step 5400: bpb=1.7774
step   5500 | loss=5.7942 | lr=1.03e-04
step   5600 | loss=5.8072 | lr=9.75e-05
[VAL] step 5600: bpb=1.7732
step   5700 | loss=5.7885 | lr=9.25e-05
step   5800 | loss=5.7778 | lr=8.76e-05
[VAL] step 5800: bpb=1.7681
step   5900 | loss=5.7824 | lr=8.28e-05
step   6000 | loss=5.7641 | lr=7.82e-05
[VAL] step 6000: bpb=1.7648
step   6100 | loss=5.7500 | lr=7.38e-05
step   6200 | loss=5.7449 | lr=6.95e-05
[VAL] step 6200: bpb=1.7612
step   6300 | loss=5.7503 | lr=6.55e-05
step   6400 | loss=5.7282 | lr=6.16e-05
[VAL] step 6400: bpb=1.7561
step   6500 | loss=5.7212 | lr=5.79e-05
step   6600 | loss=5.7252 | lr=5.44e-05
[VAL] step 6600: bpb=1.7502
step   6700 | loss=5.7162 | lr=5.11e-05
step   6800 | loss=5.7077 | lr=4.81e-05
[VAL] step 6800: bpb=1.7485
step   6900 | loss=5.7069 | lr=4.53e-05
step   7000 | loss=5.7056 | lr=4.26e-05
[VAL] step 7000: bpb=1.7463
step   7100 | loss=5.6964 | lr=4.03e-05
step   7200 | loss=5.6972 | lr=3.81e-05
[VAL] step 7200: bpb=1.7441
step   7300 | loss=5.6846 | lr=3.62e-05
step   7400 | loss=5.6927 | lr=3.46e-05
[VAL] step 7400: bpb=1.7415
step   7500 | loss=5.6792 | lr=3.32e-05
step   7600 | loss=5.6696 | lr=3.21e-05
[VAL] step 7600: bpb=1.7394
step   7700 | loss=5.6603 | lr=3.12e-05
step   7800 | loss=5.6718 | lr=3.05e-05
[VAL] step 7800: bpb=1.7368
step   7900 | loss=5.6698 | lr=3.01e-05
step   8000 | loss=5.6600 | lr=3.00e-05
[VAL] step 8000: bpb=1.7363

=== DONE ===
{
  "exp_name": "exp097_e256",
  "best_val_bpb": 1.7363156541164162,
  "final_val_bpb": 1.7363156541164162,
  "n_params": 218927110,
  "training_time_hours": 1.688
}
