Loading tokenizer from /home/starost/.cache/nanochat/tokenizer
Vocab size: 32768, BOS id: 32759
MinimalGPT: depth=6, dim=384, heads=6, seq_len=512
Params: 23,406,336
Tokens/micro-batch: 4,096 | grad_accum: 1 | effective batch: 4,096 tokens
step      1 | loss=10.4838 | lr=6.25e-08
step    100 | loss=10.1795 | lr=6.25e-06
step    200 | loss=9.7809 | lr=1.25e-05
[VAL] step 200: bpb=2.8738
step    300 | loss=9.3284 | lr=1.87e-05
step    400 | loss=8.7962 | lr=2.50e-05
[VAL] step 400: bpb=2.5206
step    500 | loss=8.2160 | lr=3.13e-05
step    600 | loss=7.7634 | lr=3.75e-05
[VAL] step 600: bpb=2.2595
step    700 | loss=7.4697 | lr=4.37e-05
step    800 | loss=7.2589 | lr=5.00e-05
[VAL] step 800: bpb=2.1676
step    900 | loss=7.1044 | lr=5.62e-05
step   1000 | loss=6.9878 | lr=6.25e-05
[VAL] step 1000: bpb=2.1013
step   1100 | loss=6.8939 | lr=6.87e-05
step   1200 | loss=6.8135 | lr=7.50e-05
[VAL] step 1200: bpb=2.0606
step   1300 | loss=6.7358 | lr=8.12e-05
step   1400 | loss=6.6966 | lr=8.75e-05
[VAL] step 1400: bpb=2.0300
step   1500 | loss=6.6570 | lr=9.37e-05
step   1600 | loss=6.5930 | lr=1.00e-04
[VAL] step 1600: bpb=2.0087
step   1700 | loss=6.5636 | lr=1.06e-04
step   1800 | loss=6.5348 | lr=1.12e-04
[VAL] step 1800: bpb=1.9891
step   1900 | loss=6.5112 | lr=1.19e-04
step   2000 | loss=6.4780 | lr=1.25e-04
[VAL] step 2000: bpb=1.9728
step   2100 | loss=6.4374 | lr=1.31e-04
step   2200 | loss=6.4077 | lr=1.37e-04
[VAL] step 2200: bpb=1.9547
step   2300 | loss=6.3712 | lr=1.44e-04
step   2400 | loss=6.3442 | lr=1.50e-04
[VAL] step 2400: bpb=1.9332
step   2500 | loss=6.3127 | lr=1.56e-04
step   2600 | loss=6.2882 | lr=1.62e-04
[VAL] step 2600: bpb=1.9116
step   2700 | loss=6.2398 | lr=1.69e-04
step   2800 | loss=6.2158 | lr=1.75e-04
[VAL] step 2800: bpb=1.8942
step   2900 | loss=6.1738 | lr=1.81e-04
step   3000 | loss=6.1470 | lr=1.87e-04
[VAL] step 3000: bpb=1.8740
step   3100 | loss=6.1176 | lr=1.94e-04
step   3200 | loss=6.0904 | lr=2.00e-04
[VAL] step 3200: bpb=1.8525
step   3300 | loss=6.0670 | lr=2.06e-04
step   3400 | loss=6.0200 | lr=2.12e-04
[VAL] step 3400: bpb=1.8401
step   3500 | loss=5.9969 | lr=2.19e-04
step   3600 | loss=5.9915 | lr=2.25e-04
[VAL] step 3600: bpb=1.8264
step   3700 | loss=5.9578 | lr=2.31e-04
step   3800 | loss=5.9361 | lr=2.37e-04
[VAL] step 3800: bpb=1.8134
step   3900 | loss=5.9033 | lr=2.44e-04
step   4000 | loss=5.8778 | lr=2.50e-04
[VAL] step 4000: bpb=1.8060
step   4100 | loss=5.8918 | lr=2.56e-04
step   4200 | loss=5.8551 | lr=2.62e-04
[VAL] step 4200: bpb=1.7903
step   4300 | loss=5.8501 | lr=2.69e-04
step   4400 | loss=5.8229 | lr=2.75e-04
[VAL] step 4400: bpb=1.7760
step   4500 | loss=5.8031 | lr=2.81e-04
step   4600 | loss=5.7800 | lr=2.87e-04
[VAL] step 4600: bpb=1.7694
step   4700 | loss=5.7753 | lr=2.94e-04
step   4800 | loss=5.7671 | lr=3.00e-04
[VAL] step 4800: bpb=1.7597
step   4900 | loss=5.7369 | lr=3.00e-04
step   5000 | loss=5.7227 | lr=3.00e-04
[VAL] step 5000: bpb=1.7454
step   5100 | loss=5.6975 | lr=3.00e-04
step   5200 | loss=5.6685 | lr=3.00e-04
[VAL] step 5200: bpb=1.7362
step   5300 | loss=5.6454 | lr=3.00e-04
step   5400 | loss=5.6167 | lr=3.00e-04
[VAL] step 5400: bpb=1.7219
step   5500 | loss=5.6137 | lr=3.00e-04
step   5600 | loss=5.6196 | lr=3.00e-04
[VAL] step 5600: bpb=1.7142
step   5700 | loss=5.5929 | lr=3.00e-04
step   5800 | loss=5.5746 | lr=3.00e-04
[VAL] step 5800: bpb=1.7088
step   5900 | loss=5.5700 | lr=3.00e-04
step   6000 | loss=5.5484 | lr=2.99e-04
[VAL] step 6000: bpb=1.6964
step   6100 | loss=5.5284 | lr=2.99e-04
step   6200 | loss=5.5133 | lr=2.99e-04
[VAL] step 6200: bpb=1.6877
step   6300 | loss=5.5074 | lr=2.99e-04
step   6400 | loss=5.4784 | lr=2.99e-04
[VAL] step 6400: bpb=1.6774
step   6500 | loss=5.4626 | lr=2.99e-04
step   6600 | loss=5.4593 | lr=2.99e-04
[VAL] step 6600: bpb=1.6720
step   6700 | loss=5.4470 | lr=2.99e-04
step   6800 | loss=5.4321 | lr=2.99e-04
[VAL] step 6800: bpb=1.6648
step   6900 | loss=5.4233 | lr=2.98e-04
step   7000 | loss=5.4170 | lr=2.98e-04
[VAL] step 7000: bpb=1.6621
step   7100 | loss=5.3996 | lr=2.98e-04
step   7200 | loss=5.3947 | lr=2.98e-04
[VAL] step 7200: bpb=1.6522
step   7300 | loss=5.3704 | lr=2.98e-04
step   7400 | loss=5.3665 | lr=2.98e-04
[VAL] step 7400: bpb=1.6444
step   7500 | loss=5.3477 | lr=2.97e-04
step   7600 | loss=5.3303 | lr=2.97e-04
[VAL] step 7600: bpb=1.6327
step   7700 | loss=5.3176 | lr=2.97e-04
step   7800 | loss=5.3253 | lr=2.97e-04
[VAL] step 7800: bpb=1.6256
step   7900 | loss=5.3083 | lr=2.97e-04
step   8000 | loss=5.2854 | lr=2.96e-04
[VAL] step 8000: bpb=1.6226
step   8100 | loss=5.2828 | lr=2.96e-04
step   8200 | loss=5.2600 | lr=2.96e-04
[VAL] step 8200: bpb=1.6148
step   8300 | loss=5.2483 | lr=2.96e-04
step   8400 | loss=5.2324 | lr=2.95e-04
[VAL] step 8400: bpb=1.6038
step   8500 | loss=5.2058 | lr=2.95e-04
step   8600 | loss=5.2167 | lr=2.95e-04
[VAL] step 8600: bpb=1.5951
step   8700 | loss=5.2027 | lr=2.95e-04
step   8800 | loss=5.1879 | lr=2.94e-04
[VAL] step 8800: bpb=1.5894
step   8900 | loss=5.1658 | lr=2.94e-04
step   9000 | loss=5.1611 | lr=2.94e-04
[VAL] step 9000: bpb=1.5834
step   9100 | loss=5.1492 | lr=2.93e-04
step   9200 | loss=5.1407 | lr=2.93e-04
[VAL] step 9200: bpb=1.5757
step   9300 | loss=5.1322 | lr=2.93e-04
step   9400 | loss=5.1351 | lr=2.93e-04
[VAL] step 9400: bpb=1.5739
step   9500 | loss=5.1342 | lr=2.92e-04
step   9600 | loss=5.1406 | lr=2.92e-04
[VAL] step 9600: bpb=1.5684
step   9700 | loss=5.1188 | lr=2.92e-04
step   9800 | loss=5.1134 | lr=2.91e-04
[VAL] step 9800: bpb=1.5606
step   9900 | loss=5.0654 | lr=2.91e-04
step  10000 | loss=5.0544 | lr=2.90e-04
[VAL] step 10000: bpb=1.5542
step  10100 | loss=5.0677 | lr=2.90e-04
step  10200 | loss=5.0389 | lr=2.90e-04
[VAL] step 10200: bpb=1.5524
step  10300 | loss=5.0521 | lr=2.89e-04
step  10400 | loss=5.0331 | lr=2.89e-04
[VAL] step 10400: bpb=1.5486
step  10500 | loss=5.0318 | lr=2.89e-04
step  10600 | loss=5.0156 | lr=2.88e-04
[VAL] step 10600: bpb=1.5471
step  10700 | loss=5.0113 | lr=2.88e-04
step  10800 | loss=5.0167 | lr=2.87e-04
[VAL] step 10800: bpb=1.5365
step  10900 | loss=4.9973 | lr=2.87e-04
step  11000 | loss=4.9780 | lr=2.87e-04
[VAL] step 11000: bpb=1.5305
step  11100 | loss=4.9860 | lr=2.86e-04
step  11200 | loss=4.9641 | lr=2.86e-04
[VAL] step 11200: bpb=1.5305
step  11300 | loss=4.9546 | lr=2.85e-04
step  11400 | loss=4.9624 | lr=2.85e-04
[VAL] step 11400: bpb=1.5278
step  11500 | loss=4.9687 | lr=2.84e-04
step  11600 | loss=4.9644 | lr=2.84e-04
[VAL] step 11600: bpb=1.5215
step  11700 | loss=4.9490 | lr=2.83e-04
step  11800 | loss=4.9520 | lr=2.83e-04
[VAL] step 11800: bpb=1.5217
step  11900 | loss=4.9350 | lr=2.82e-04
step  12000 | loss=4.9459 | lr=2.82e-04
[VAL] step 12000: bpb=1.5155
step  12100 | loss=4.9324 | lr=2.81e-04
step  12200 | loss=4.9052 | lr=2.81e-04
[VAL] step 12200: bpb=1.5154
step  12300 | loss=4.9201 | lr=2.80e-04
step  12400 | loss=4.9199 | lr=2.80e-04
[VAL] step 12400: bpb=1.5129
step  12500 | loss=4.9195 | lr=2.79e-04
step  12600 | loss=4.9049 | lr=2.79e-04
[VAL] step 12600: bpb=1.5093
step  12700 | loss=4.9139 | lr=2.78e-04
step  12800 | loss=4.9016 | lr=2.78e-04
[VAL] step 12800: bpb=1.5047
step  12900 | loss=4.9071 | lr=2.77e-04
step  13000 | loss=4.9072 | lr=2.77e-04
[VAL] step 13000: bpb=1.5011
step  13100 | loss=4.8818 | lr=2.76e-04
step  13200 | loss=4.8668 | lr=2.76e-04
[VAL] step 13200: bpb=1.4986
step  13300 | loss=4.9029 | lr=2.75e-04
step  13400 | loss=4.8991 | lr=2.74e-04
[VAL] step 13400: bpb=1.5006
step  13500 | loss=4.8686 | lr=2.74e-04
step  13600 | loss=4.8612 | lr=2.73e-04
[VAL] step 13600: bpb=1.5012
step  13700 | loss=4.8841 | lr=2.73e-04
step  13800 | loss=4.8681 | lr=2.72e-04
[VAL] step 13800: bpb=1.4945
step  13900 | loss=4.8686 | lr=2.72e-04
step  14000 | loss=4.8668 | lr=2.71e-04
[VAL] step 14000: bpb=1.4938
step  14100 | loss=4.8580 | lr=2.70e-04
step  14200 | loss=4.8544 | lr=2.70e-04
[VAL] step 14200: bpb=1.4902
step  14300 | loss=4.8342 | lr=2.69e-04
step  14400 | loss=4.8453 | lr=2.68e-04
[VAL] step 14400: bpb=1.4883
step  14500 | loss=4.8337 | lr=2.68e-04
step  14600 | loss=4.8212 | lr=2.67e-04
[VAL] step 14600: bpb=1.4807
step  14700 | loss=4.8257 | lr=2.66e-04
step  14800 | loss=4.8115 | lr=2.66e-04
[VAL] step 14800: bpb=1.4831
step  14900 | loss=4.8260 | lr=2.65e-04
step  15000 | loss=4.8073 | lr=2.65e-04
[VAL] step 15000: bpb=1.4798
step  15100 | loss=4.7950 | lr=2.64e-04
step  15200 | loss=4.7897 | lr=2.63e-04
[VAL] step 15200: bpb=1.4775
step  15300 | loss=4.7960 | lr=2.63e-04
step  15400 | loss=4.8221 | lr=2.62e-04
[VAL] step 15400: bpb=1.4749
step  15500 | loss=4.8118 | lr=2.61e-04
step  15600 | loss=4.7819 | lr=2.60e-04
[VAL] step 15600: bpb=1.4755
step  15700 | loss=4.7872 | lr=2.60e-04
step  15800 | loss=4.8150 | lr=2.59e-04
[VAL] step 15800: bpb=1.4723
step  15900 | loss=4.7981 | lr=2.58e-04
step  16000 | loss=4.7913 | lr=2.58e-04
[VAL] step 16000: bpb=1.4724
step  16100 | loss=4.7990 | lr=2.57e-04
step  16200 | loss=4.7863 | lr=2.56e-04
[VAL] step 16200: bpb=1.4721
step  16300 | loss=4.7827 | lr=2.55e-04
step  16400 | loss=4.7758 | lr=2.55e-04
[VAL] step 16400: bpb=1.4637
step  16500 | loss=4.7731 | lr=2.54e-04
step  16600 | loss=4.7653 | lr=2.53e-04
[VAL] step 16600: bpb=1.4676
step  16700 | loss=4.7525 | lr=2.53e-04
step  16800 | loss=4.7680 | lr=2.52e-04
[VAL] step 16800: bpb=1.4626
step  16900 | loss=4.7846 | lr=2.51e-04
step  17000 | loss=4.7774 | lr=2.50e-04
[VAL] step 17000: bpb=1.4612
step  17100 | loss=4.7729 | lr=2.49e-04
step  17200 | loss=4.7358 | lr=2.49e-04
[VAL] step 17200: bpb=1.4581
step  17300 | loss=4.7436 | lr=2.48e-04
step  17400 | loss=4.7421 | lr=2.47e-04
[VAL] step 17400: bpb=1.4581
step  17500 | loss=4.7678 | lr=2.46e-04
step  17600 | loss=4.7477 | lr=2.46e-04
[VAL] step 17600: bpb=1.4541
step  17700 | loss=4.7479 | lr=2.45e-04
step  17800 | loss=4.7578 | lr=2.44e-04
[VAL] step 17800: bpb=1.4527
step  17900 | loss=4.7307 | lr=2.43e-04
step  18000 | loss=4.7445 | lr=2.42e-04
[VAL] step 18000: bpb=1.4522
step  18100 | loss=4.7455 | lr=2.42e-04
step  18200 | loss=4.7430 | lr=2.41e-04
[VAL] step 18200: bpb=1.4510
step  18300 | loss=4.7345 | lr=2.40e-04
step  18400 | loss=4.7481 | lr=2.39e-04
[VAL] step 18400: bpb=1.4501
step  18500 | loss=4.7393 | lr=2.38e-04
step  18600 | loss=4.7489 | lr=2.38e-04
[VAL] step 18600: bpb=1.4493
step  18700 | loss=4.7425 | lr=2.37e-04
step  18800 | loss=4.7209 | lr=2.36e-04
[VAL] step 18800: bpb=1.4514
step  18900 | loss=4.7169 | lr=2.35e-04
step  19000 | loss=4.7098 | lr=2.34e-04
[VAL] step 19000: bpb=1.4483
step  19100 | loss=4.7248 | lr=2.33e-04
step  19200 | loss=4.7182 | lr=2.32e-04
[VAL] step 19200: bpb=1.4452
step  19300 | loss=4.7003 | lr=2.32e-04
step  19400 | loss=4.6820 | lr=2.31e-04
[VAL] step 19400: bpb=1.4479
step  19500 | loss=4.6963 | lr=2.30e-04
step  19600 | loss=4.7014 | lr=2.29e-04
[VAL] step 19600: bpb=1.4462
step  19700 | loss=4.6901 | lr=2.28e-04
step  19800 | loss=4.6926 | lr=2.27e-04
[VAL] step 19800: bpb=1.4415
step  19900 | loss=4.6791 | lr=2.26e-04
step  20000 | loss=4.6826 | lr=2.26e-04
[VAL] step 20000: bpb=1.4420
step  20100 | loss=4.6807 | lr=2.25e-04
step  20200 | loss=4.6860 | lr=2.24e-04
[VAL] step 20200: bpb=1.4411
step  20300 | loss=4.7013 | lr=2.23e-04
step  20400 | loss=4.6761 | lr=2.22e-04
[VAL] step 20400: bpb=1.4410
step  20500 | loss=4.6773 | lr=2.21e-04
step  20600 | loss=4.6648 | lr=2.20e-04
[VAL] step 20600: bpb=1.4365
step  20700 | loss=4.6720 | lr=2.19e-04
step  20800 | loss=4.6642 | lr=2.18e-04
[VAL] step 20800: bpb=1.4381
step  20900 | loss=4.6683 | lr=2.18e-04
step  21000 | loss=4.6661 | lr=2.17e-04
[VAL] step 21000: bpb=1.4361
step  21100 | loss=4.6614 | lr=2.16e-04
step  21200 | loss=4.6486 | lr=2.15e-04
[VAL] step 21200: bpb=1.4354
step  21300 | loss=4.6583 | lr=2.14e-04
step  21400 | loss=4.6573 | lr=2.13e-04
[VAL] step 21400: bpb=1.4348
step  21500 | loss=4.6494 | lr=2.12e-04
step  21600 | loss=4.6576 | lr=2.11e-04
[VAL] step 21600: bpb=1.4331
step  21700 | loss=4.6614 | lr=2.10e-04
step  21800 | loss=4.6604 | lr=2.09e-04
[VAL] step 21800: bpb=1.4294
step  21900 | loss=4.6531 | lr=2.08e-04
step  22000 | loss=4.6439 | lr=2.07e-04
[VAL] step 22000: bpb=1.4290
step  22100 | loss=4.6372 | lr=2.07e-04
step  22200 | loss=4.6617 | lr=2.06e-04
[VAL] step 22200: bpb=1.4289
step  22300 | loss=4.6585 | lr=2.05e-04
step  22400 | loss=4.6533 | lr=2.04e-04
[VAL] step 22400: bpb=1.4259
step  22500 | loss=4.6414 | lr=2.03e-04
step  22600 | loss=4.6610 | lr=2.02e-04
[VAL] step 22600: bpb=1.4271
step  22700 | loss=4.6596 | lr=2.01e-04
step  22800 | loss=4.6472 | lr=2.00e-04
[VAL] step 22800: bpb=1.4257
step  22900 | loss=4.6539 | lr=1.99e-04
step  23000 | loss=4.6444 | lr=1.98e-04
[VAL] step 23000: bpb=1.4230
step  23100 | loss=4.6387 | lr=1.97e-04
step  23200 | loss=4.6421 | lr=1.96e-04
[VAL] step 23200: bpb=1.4247
step  23300 | loss=4.6518 | lr=1.95e-04
step  23400 | loss=4.6370 | lr=1.94e-04
[VAL] step 23400: bpb=1.4190
step  23500 | loss=4.6077 | lr=1.93e-04
step  23600 | loss=4.6056 | lr=1.92e-04
[VAL] step 23600: bpb=1.4226
step  23700 | loss=4.6393 | lr=1.91e-04
step  23800 | loss=4.6335 | lr=1.90e-04
[VAL] step 23800: bpb=1.4226
step  23900 | loss=4.6227 | lr=1.89e-04
step  24000 | loss=4.6094 | lr=1.88e-04
[VAL] step 24000: bpb=1.4204
step  24100 | loss=4.6010 | lr=1.87e-04
step  24200 | loss=4.6166 | lr=1.87e-04
[VAL] step 24200: bpb=1.4185
step  24300 | loss=4.6147 | lr=1.86e-04
step  24400 | loss=4.6142 | lr=1.85e-04
[VAL] step 24400: bpb=1.4160
step  24500 | loss=4.6091 | lr=1.84e-04
step  24600 | loss=4.5970 | lr=1.83e-04
[VAL] step 24600: bpb=1.4164
step  24700 | loss=4.6064 | lr=1.82e-04
step  24800 | loss=4.6034 | lr=1.81e-04
[VAL] step 24800: bpb=1.4159
step  24900 | loss=4.6027 | lr=1.80e-04
step  25000 | loss=4.6091 | lr=1.79e-04
[VAL] step 25000: bpb=1.4140
step  25100 | loss=4.6009 | lr=1.78e-04
step  25200 | loss=4.5852 | lr=1.77e-04
[VAL] step 25200: bpb=1.4120
step  25300 | loss=4.5879 | lr=1.76e-04
step  25400 | loss=4.5836 | lr=1.75e-04
[VAL] step 25400: bpb=1.4103
step  25500 | loss=4.5851 | lr=1.74e-04
step  25600 | loss=4.5844 | lr=1.73e-04
[VAL] step 25600: bpb=1.4073
step  25700 | loss=4.5659 | lr=1.72e-04
step  25800 | loss=4.5876 | lr=1.71e-04
[VAL] step 25800: bpb=1.4050
step  25900 | loss=4.5864 | lr=1.70e-04
step  26000 | loss=4.5787 | lr=1.69e-04
[VAL] step 26000: bpb=1.4043
step  26100 | loss=4.5849 | lr=1.68e-04
step  26200 | loss=4.5932 | lr=1.67e-04
[VAL] step 26200: bpb=1.4040
step  26300 | loss=4.5774 | lr=1.66e-04
step  26400 | loss=4.5976 | lr=1.65e-04
[VAL] step 26400: bpb=1.4061
step  26500 | loss=4.5884 | lr=1.64e-04
step  26600 | loss=4.5855 | lr=1.63e-04
[VAL] step 26600: bpb=1.4066
step  26700 | loss=4.5655 | lr=1.62e-04
step  26800 | loss=4.5658 | lr=1.61e-04
[VAL] step 26800: bpb=1.4037
step  26900 | loss=4.5809 | lr=1.60e-04
step  27000 | loss=4.5612 | lr=1.59e-04
[VAL] step 27000: bpb=1.4023
step  27100 | loss=4.5593 | lr=1.58e-04
step  27200 | loss=4.5746 | lr=1.57e-04
[VAL] step 27200: bpb=1.4006
step  27300 | loss=4.5833 | lr=1.56e-04
step  27400 | loss=4.5652 | lr=1.55e-04
[VAL] step 27400: bpb=1.4000
step  27500 | loss=4.5663 | lr=1.54e-04
step  27600 | loss=4.5578 | lr=1.53e-04
[VAL] step 27600: bpb=1.3996
step  27700 | loss=4.5813 | lr=1.52e-04
step  27800 | loss=4.5594 | lr=1.51e-04
[VAL] step 27800: bpb=1.3971
step  27900 | loss=4.5527 | lr=1.50e-04
step  28000 | loss=4.5531 | lr=1.49e-04
[VAL] step 28000: bpb=1.3953
step  28100 | loss=4.5343 | lr=1.48e-04
step  28200 | loss=4.5428 | lr=1.47e-04
[VAL] step 28200: bpb=1.3938
step  28300 | loss=4.5597 | lr=1.46e-04
step  28400 | loss=4.5341 | lr=1.45e-04
[VAL] step 28400: bpb=1.3931
step  28500 | loss=4.5318 | lr=1.44e-04
step  28600 | loss=4.5346 | lr=1.43e-04
[VAL] step 28600: bpb=1.3927
step  28700 | loss=4.5436 | lr=1.43e-04
step  28800 | loss=4.5643 | lr=1.42e-04
[VAL] step 28800: bpb=1.3904
step  28900 | loss=4.5375 | lr=1.41e-04
step  29000 | loss=4.5107 | lr=1.40e-04
[VAL] step 29000: bpb=1.3870
step  29100 | loss=4.5381 | lr=1.39e-04
step  29200 | loss=4.5351 | lr=1.38e-04
[VAL] step 29200: bpb=1.3901
step  29300 | loss=4.5129 | lr=1.37e-04
step  29400 | loss=4.5409 | lr=1.36e-04
[VAL] step 29400: bpb=1.3902
step  29500 | loss=4.5341 | lr=1.35e-04
step  29600 | loss=4.5372 | lr=1.34e-04
[VAL] step 29600: bpb=1.3882
step  29700 | loss=4.5316 | lr=1.33e-04
step  29800 | loss=4.5441 | lr=1.32e-04
[VAL] step 29800: bpb=1.3890
step  29900 | loss=4.5411 | lr=1.31e-04
step  30000 | loss=4.5282 | lr=1.30e-04
[VAL] step 30000: bpb=1.3857
step  30100 | loss=4.5144 | lr=1.29e-04
step  30200 | loss=4.5334 | lr=1.28e-04
[VAL] step 30200: bpb=1.3852
step  30300 | loss=4.5375 | lr=1.27e-04
step  30400 | loss=4.5239 | lr=1.26e-04
[VAL] step 30400: bpb=1.3832
step  30500 | loss=4.5033 | lr=1.25e-04
step  30600 | loss=4.4843 | lr=1.24e-04
[VAL] step 30600: bpb=1.3841
step  30700 | loss=4.5113 | lr=1.23e-04
step  30800 | loss=4.5055 | lr=1.23e-04
[VAL] step 30800: bpb=1.3841
step  30900 | loss=4.5174 | lr=1.22e-04
step  31000 | loss=4.5252 | lr=1.21e-04
[VAL] step 31000: bpb=1.3832
step  31100 | loss=4.4905 | lr=1.20e-04
step  31200 | loss=4.5011 | lr=1.19e-04
[VAL] step 31200: bpb=1.3834
step  31300 | loss=4.5092 | lr=1.18e-04
step  31400 | loss=4.5022 | lr=1.17e-04
[VAL] step 31400: bpb=1.3824
step  31500 | loss=4.5152 | lr=1.16e-04
step  31600 | loss=4.5076 | lr=1.15e-04
[VAL] step 31600: bpb=1.3805
step  31700 | loss=4.4976 | lr=1.14e-04
step  31800 | loss=4.4999 | lr=1.13e-04
[VAL] step 31800: bpb=1.3779
step  31900 | loss=4.5081 | lr=1.12e-04
step  32000 | loss=4.4910 | lr=1.12e-04
[VAL] step 32000: bpb=1.3782
step  32100 | loss=4.4953 | lr=1.11e-04
step  32200 | loss=4.4983 | lr=1.10e-04
[VAL] step 32200: bpb=1.3780
step  32300 | loss=4.4732 | lr=1.09e-04
step  32400 | loss=4.4844 | lr=1.08e-04
[VAL] step 32400: bpb=1.3774
step  32500 | loss=4.4716 | lr=1.07e-04
step  32600 | loss=4.4909 | lr=1.06e-04
[VAL] step 32600: bpb=1.3744
step  32700 | loss=4.4663 | lr=1.05e-04
step  32800 | loss=4.4715 | lr=1.04e-04
[VAL] step 32800: bpb=1.3754
step  32900 | loss=4.4726 | lr=1.04e-04
step  33000 | loss=4.4740 | lr=1.03e-04
[VAL] step 33000: bpb=1.3751
step  33100 | loss=4.4686 | lr=1.02e-04
step  33200 | loss=4.4484 | lr=1.01e-04
[VAL] step 33200: bpb=1.3735
step  33300 | loss=4.4844 | lr=1.00e-04
step  33400 | loss=4.4822 | lr=9.92e-05
[VAL] step 33400: bpb=1.3726
step  33500 | loss=4.4934 | lr=9.84e-05
step  33600 | loss=4.4775 | lr=9.75e-05
[VAL] step 33600: bpb=1.3736
step  33700 | loss=4.4610 | lr=9.67e-05
step  33800 | loss=4.4693 | lr=9.58e-05
[VAL] step 33800: bpb=1.3709
step  33900 | loss=4.4741 | lr=9.50e-05
step  34000 | loss=4.4843 | lr=9.41e-05
[VAL] step 34000: bpb=1.3710
step  34100 | loss=4.4780 | lr=9.33e-05
step  34200 | loss=4.4604 | lr=9.25e-05
[VAL] step 34200: bpb=1.3695
step  34300 | loss=4.4743 | lr=9.16e-05
step  34400 | loss=4.4627 | lr=9.08e-05
[VAL] step 34400: bpb=1.3680
step  34500 | loss=4.4733 | lr=9.00e-05
step  34600 | loss=4.4679 | lr=8.92e-05
[VAL] step 34600: bpb=1.3675
step  34700 | loss=4.4731 | lr=8.84e-05
step  34800 | loss=4.4701 | lr=8.76e-05
[VAL] step 34800: bpb=1.3669
step  34900 | loss=4.4677 | lr=8.68e-05
step  35000 | loss=4.4761 | lr=8.60e-05
[VAL] step 35000: bpb=1.3655
step  35100 | loss=4.4642 | lr=8.52e-05
step  35200 | loss=4.4708 | lr=8.44e-05
[VAL] step 35200: bpb=1.3645
step  35300 | loss=4.4846 | lr=8.36e-05
step  35400 | loss=4.4690 | lr=8.28e-05
[VAL] step 35400: bpb=1.3652
step  35500 | loss=4.4750 | lr=8.20e-05
step  35600 | loss=4.4711 | lr=8.13e-05
[VAL] step 35600: bpb=1.3651
step  35700 | loss=4.4643 | lr=8.05e-05
step  35800 | loss=4.4468 | lr=7.97e-05
[VAL] step 35800: bpb=1.3662
step  35900 | loss=4.4415 | lr=7.90e-05
step  36000 | loss=4.4406 | lr=7.82e-05
[VAL] step 36000: bpb=1.3650
step  36100 | loss=4.4635 | lr=7.75e-05
step  36200 | loss=4.4591 | lr=7.67e-05
[VAL] step 36200: bpb=1.3659
step  36300 | loss=4.4366 | lr=7.60e-05
step  36400 | loss=4.4322 | lr=7.53e-05
[VAL] step 36400: bpb=1.3658
step  36500 | loss=4.4448 | lr=7.45e-05
step  36600 | loss=4.4336 | lr=7.38e-05
[VAL] step 36600: bpb=1.3648
step  36700 | loss=4.4327 | lr=7.31e-05
step  36800 | loss=4.4400 | lr=7.24e-05
[VAL] step 36800: bpb=1.3645
step  36900 | loss=4.4377 | lr=7.16e-05
step  37000 | loss=4.4440 | lr=7.09e-05
[VAL] step 37000: bpb=1.3655
step  37100 | loss=4.4502 | lr=7.02e-05
step  37200 | loss=4.4507 | lr=6.95e-05
[VAL] step 37200: bpb=1.3626
step  37300 | loss=4.4394 | lr=6.88e-05
step  37400 | loss=4.4390 | lr=6.82e-05
[VAL] step 37400: bpb=1.3625
step  37500 | loss=4.4530 | lr=6.75e-05
step  37600 | loss=4.4232 | lr=6.68e-05
[VAL] step 37600: bpb=1.3628
step  37700 | loss=4.4321 | lr=6.61e-05
step  37800 | loss=4.4279 | lr=6.55e-05
[VAL] step 37800: bpb=1.3615
step  37900 | loss=4.4352 | lr=6.48e-05
step  38000 | loss=4.4317 | lr=6.42e-05
[VAL] step 38000: bpb=1.3609
step  38100 | loss=4.4464 | lr=6.35e-05
step  38200 | loss=4.4304 | lr=6.29e-05
[VAL] step 38200: bpb=1.3605
step  38300 | loss=4.4355 | lr=6.22e-05
step  38400 | loss=4.4359 | lr=6.16e-05
[VAL] step 38400: bpb=1.3583
step  38500 | loss=4.4250 | lr=6.10e-05
step  38600 | loss=4.4409 | lr=6.03e-05
[VAL] step 38600: bpb=1.3575
step  38700 | loss=4.4285 | lr=5.97e-05
step  38800 | loss=4.4045 | lr=5.91e-05
[VAL] step 38800: bpb=1.3571
step  38900 | loss=4.4076 | lr=5.85e-05
step  39000 | loss=4.4051 | lr=5.79e-05
[VAL] step 39000: bpb=1.3564
step  39100 | loss=4.4129 | lr=5.73e-05
step  39200 | loss=4.4260 | lr=5.67e-05
[VAL] step 39200: bpb=1.3564
step  39300 | loss=4.4102 | lr=5.61e-05
step  39400 | loss=4.4222 | lr=5.56e-05
[VAL] step 39400: bpb=1.3564
step  39500 | loss=4.4317 | lr=5.50e-05
step  39600 | loss=4.4171 | lr=5.44e-05
[VAL] step 39600: bpb=1.3558
step  39700 | loss=4.4223 | lr=5.39e-05
step  39800 | loss=4.4230 | lr=5.33e-05
[VAL] step 39800: bpb=1.3540
step  39900 | loss=4.4177 | lr=5.28e-05
step  40000 | loss=4.4311 | lr=5.22e-05
[VAL] step 40000: bpb=1.3535
step  40100 | loss=4.3998 | lr=5.17e-05
step  40200 | loss=4.4138 | lr=5.11e-05
[VAL] step 40200: bpb=1.3545
step  40300 | loss=4.3955 | lr=5.06e-05
step  40400 | loss=4.4110 | lr=5.01e-05
[VAL] step 40400: bpb=1.3530
step  40500 | loss=4.4316 | lr=4.96e-05
step  40600 | loss=4.4209 | lr=4.91e-05
[VAL] step 40600: bpb=1.3530
step  40700 | loss=4.4014 | lr=4.86e-05
step  40800 | loss=4.4052 | lr=4.81e-05
[VAL] step 40800: bpb=1.3530
step  40900 | loss=4.3949 | lr=4.76e-05
step  41000 | loss=4.3609 | lr=4.71e-05
[VAL] step 41000: bpb=1.3516
step  41100 | loss=4.3744 | lr=4.66e-05
step  41200 | loss=4.4049 | lr=4.62e-05
[VAL] step 41200: bpb=1.3514
step  41300 | loss=4.4211 | lr=4.57e-05
step  41400 | loss=4.4083 | lr=4.53e-05
[VAL] step 41400: bpb=1.3504
step  41500 | loss=4.4104 | lr=4.48e-05
step  41600 | loss=4.3973 | lr=4.44e-05
[VAL] step 41600: bpb=1.3500
step  41700 | loss=4.4166 | lr=4.39e-05
step  41800 | loss=4.4008 | lr=4.35e-05
[VAL] step 41800: bpb=1.3500
step  41900 | loss=4.4027 | lr=4.31e-05
step  42000 | loss=4.3985 | lr=4.26e-05
[VAL] step 42000: bpb=1.3501
step  42100 | loss=4.3824 | lr=4.22e-05
step  42200 | loss=4.3945 | lr=4.18e-05
[VAL] step 42200: bpb=1.3490
step  42300 | loss=4.3783 | lr=4.14e-05
step  42400 | loss=4.4083 | lr=4.10e-05
[VAL] step 42400: bpb=1.3483
step  42500 | loss=4.3916 | lr=4.07e-05
step  42600 | loss=4.3930 | lr=4.03e-05
[VAL] step 42600: bpb=1.3482
step  42700 | loss=4.3899 | lr=3.99e-05
step  42800 | loss=4.4019 | lr=3.95e-05
[VAL] step 42800: bpb=1.3473
step  42900 | loss=4.3579 | lr=3.92e-05
step  43000 | loss=4.3770 | lr=3.88e-05
[VAL] step 43000: bpb=1.3475
step  43100 | loss=4.3764 | lr=3.85e-05
step  43200 | loss=4.3778 | lr=3.81e-05
[VAL] step 43200: bpb=1.3471
step  43300 | loss=4.3963 | lr=3.78e-05
step  43400 | loss=4.3907 | lr=3.75e-05
[VAL] step 43400: bpb=1.3460
step  43500 | loss=4.3785 | lr=3.72e-05
step  43600 | loss=4.3760 | lr=3.69e-05
[VAL] step 43600: bpb=1.3459
step  43700 | loss=4.3786 | lr=3.65e-05
step  43800 | loss=4.3812 | lr=3.62e-05
[VAL] step 43800: bpb=1.3457
step  43900 | loss=4.3785 | lr=3.60e-05
step  44000 | loss=4.3734 | lr=3.57e-05
[VAL] step 44000: bpb=1.3457
step  44100 | loss=4.3754 | lr=3.54e-05
step  44200 | loss=4.3972 | lr=3.51e-05
[VAL] step 44200: bpb=1.3456
step  44300 | loss=4.4005 | lr=3.49e-05
step  44400 | loss=4.3889 | lr=3.46e-05
[VAL] step 44400: bpb=1.3464
step  44500 | loss=4.3780 | lr=3.43e-05
step  44600 | loss=4.3564 | lr=3.41e-05
[VAL] step 44600: bpb=1.3450
step  44700 | loss=4.3768 | lr=3.39e-05
step  44800 | loss=4.3907 | lr=3.36e-05
[VAL] step 44800: bpb=1.3449
step  44900 | loss=4.3732 | lr=3.34e-05
step  45000 | loss=4.3703 | lr=3.32e-05
[VAL] step 45000: bpb=1.3443
step  45100 | loss=4.4068 | lr=3.30e-05
step  45200 | loss=4.3819 | lr=3.28e-05
[VAL] step 45200: bpb=1.3440
step  45300 | loss=4.3863 | lr=3.26e-05
step  45400 | loss=4.3904 | lr=3.24e-05
[VAL] step 45400: bpb=1.3436
step  45500 | loss=4.3812 | lr=3.22e-05
step  45600 | loss=4.3635 | lr=3.21e-05
[VAL] step 45600: bpb=1.3432
step  45700 | loss=4.3720 | lr=3.19e-05
step  45800 | loss=4.3935 | lr=3.17e-05
[VAL] step 45800: bpb=1.3434
step  45900 | loss=4.3840 | lr=3.16e-05
step  46000 | loss=4.3911 | lr=3.14e-05
[VAL] step 46000: bpb=1.3425
step  46100 | loss=4.3816 | lr=3.13e-05
step  46200 | loss=4.3745 | lr=3.12e-05
[VAL] step 46200: bpb=1.3415
step  46300 | loss=4.3869 | lr=3.10e-05
step  46400 | loss=4.3761 | lr=3.09e-05
[VAL] step 46400: bpb=1.3410
step  46500 | loss=4.3765 | lr=3.08e-05
step  46600 | loss=4.3598 | lr=3.07e-05
[VAL] step 46600: bpb=1.3407
step  46700 | loss=4.3425 | lr=3.06e-05
step  46800 | loss=4.3563 | lr=3.05e-05
[VAL] step 46800: bpb=1.3411
step  46900 | loss=4.3495 | lr=3.04e-05
step  47000 | loss=4.3662 | lr=3.04e-05
[VAL] step 47000: bpb=1.3409
step  47100 | loss=4.3747 | lr=3.03e-05
step  47200 | loss=4.3762 | lr=3.02e-05
[VAL] step 47200: bpb=1.3417
step  47300 | loss=4.3601 | lr=3.02e-05
step  47400 | loss=4.3719 | lr=3.01e-05
[VAL] step 47400: bpb=1.3419
step  47500 | loss=4.3711 | lr=3.01e-05
step  47600 | loss=4.3775 | lr=3.01e-05
[VAL] step 47600: bpb=1.3415
step  47700 | loss=4.3631 | lr=3.00e-05
step  47800 | loss=4.3602 | lr=3.00e-05
[VAL] step 47800: bpb=1.3406
step  47900 | loss=4.3670 | lr=3.00e-05
step  48000 | loss=4.3671 | lr=3.00e-05
[VAL] step 48000: bpb=1.3409

=== DONE ===
{
  "exp_name": "exp041_vanilla_48k",
  "best_val_bpb": 1.340638068695605,
  "final_val_bpb": 1.3409406764904688,
  "total_params": 23406336,
  "training_time_hours": 0.324
}
