Loading tokenizer from /home/starost/.cache/nanochat/tokenizer
Vocab size: 32768, BOS id: 32759
Total params (all fp32): 203,270,662
Q/K MLPs (per-head): 64->4096->ReLU->64->LN, H=6
V MHLut:         in_nap=8 tph=256 d_v=32 (n_outputs=d_v)
out_proj MHLut:  in_nap=6 tph=3056 (n_outputs=E=64) + LayerNorm
Tokens/micro-batch: 4,096 | grad_accum: 1 | effective batch: 4,096 tokens
step      1 | loss=10.5507 | lr=3.75e-07
step    100 | loss=9.9149 | lr=3.75e-05
step    200 | loss=8.9771 | lr=7.50e-05
[VAL] step 200: bpb=2.4483
step    300 | loss=8.1205 | lr=1.12e-04
step    400 | loss=7.6279 | lr=1.50e-04
[VAL] step 400: bpb=2.2200
step    500 | loss=7.2893 | lr=1.87e-04
step    600 | loss=7.0917 | lr=2.25e-04
[VAL] step 600: bpb=2.1094
step    700 | loss=6.9440 | lr=2.62e-04
step    800 | loss=6.8152 | lr=3.00e-04
[VAL] step 800: bpb=2.0516
step    900 | loss=6.7160 | lr=3.00e-04
step   1000 | loss=6.6418 | lr=2.99e-04
[VAL] step 1000: bpb=2.0065
step   1100 | loss=6.5819 | lr=2.99e-04
step   1200 | loss=6.5271 | lr=2.98e-04
[VAL] step 1200: bpb=1.9771
step   1300 | loss=6.4659 | lr=2.97e-04
step   1400 | loss=6.4368 | lr=2.95e-04
[VAL] step 1400: bpb=1.9567
step   1500 | loss=6.4061 | lr=2.94e-04
step   1600 | loss=6.3480 | lr=2.92e-04
[VAL] step 1600: bpb=1.9384
step   1700 | loss=6.3271 | lr=2.90e-04
step   1800 | loss=6.3021 | lr=2.87e-04
[VAL] step 1800: bpb=1.9201
step   1900 | loss=6.2794 | lr=2.85e-04
step   2000 | loss=6.2529 | lr=2.82e-04
[VAL] step 2000: bpb=1.9075
step   2100 | loss=6.2140 | lr=2.79e-04
step   2200 | loss=6.1921 | lr=2.76e-04
[VAL] step 2200: bpb=1.8941
step   2300 | loss=6.1699 | lr=2.72e-04
step   2400 | loss=6.1581 | lr=2.68e-04
[VAL] step 2400: bpb=1.8779
step   2500 | loss=6.1361 | lr=2.65e-04
step   2600 | loss=6.1201 | lr=2.60e-04
[VAL] step 2600: bpb=1.8638
step   2700 | loss=6.0822 | lr=2.56e-04
step   2800 | loss=6.0665 | lr=2.52e-04
[VAL] step 2800: bpb=1.8513
step   2900 | loss=6.0337 | lr=2.47e-04
step   3000 | loss=6.0171 | lr=2.42e-04
[VAL] step 3000: bpb=1.8364
step   3100 | loss=5.9960 | lr=2.38e-04
step   3200 | loss=5.9783 | lr=2.32e-04
[VAL] step 3200: bpb=1.8222
step   3300 | loss=5.9642 | lr=2.27e-04
step   3400 | loss=5.9245 | lr=2.22e-04
[VAL] step 3400: bpb=1.8165
step   3500 | loss=5.9109 | lr=2.17e-04
step   3600 | loss=5.9177 | lr=2.11e-04
[VAL] step 3600: bpb=1.8076
step   3700 | loss=5.8904 | lr=2.06e-04
step   3800 | loss=5.8780 | lr=2.00e-04
[VAL] step 3800: bpb=1.7990
step   3900 | loss=5.8523 | lr=1.94e-04
step   4000 | loss=5.8337 | lr=1.88e-04
[VAL] step 4000: bpb=1.7916
step   4100 | loss=5.8579 | lr=1.83e-04
step   4200 | loss=5.8268 | lr=1.77e-04
[VAL] step 4200: bpb=1.7844
step   4300 | loss=5.8296 | lr=1.71e-04
step   4400 | loss=5.8154 | lr=1.65e-04
[VAL] step 4400: bpb=1.7783
step   4500 | loss=5.8021 | lr=1.59e-04
step   4600 | loss=5.7899 | lr=1.53e-04
[VAL] step 4600: bpb=1.7745
step   4700 | loss=5.7908 | lr=1.47e-04
step   4800 | loss=5.7859 | lr=1.42e-04
[VAL] step 4800: bpb=1.7662
step   4900 | loss=5.7615 | lr=1.36e-04
step   5000 | loss=5.7560 | lr=1.30e-04
[VAL] step 5000: bpb=1.7606
step   5100 | loss=5.7409 | lr=1.24e-04
step   5200 | loss=5.7238 | lr=1.19e-04
[VAL] step 5200: bpb=1.7550
step   5300 | loss=5.7114 | lr=1.13e-04
step   5400 | loss=5.6950 | lr=1.08e-04
[VAL] step 5400: bpb=1.7527
step   5500 | loss=5.6986 | lr=1.03e-04
step   5600 | loss=5.7121 | lr=9.75e-05
[VAL] step 5600: bpb=1.7477
step   5700 | loss=5.6947 | lr=9.25e-05
step   5800 | loss=5.6854 | lr=8.76e-05
[VAL] step 5800: bpb=1.7443
step   5900 | loss=5.6919 | lr=8.28e-05
step   6000 | loss=5.6772 | lr=7.82e-05
[VAL] step 6000: bpb=1.7393
step   6100 | loss=5.6641 | lr=7.38e-05
step   6200 | loss=5.6606 | lr=6.95e-05
[VAL] step 6200: bpb=1.7374
step   6300 | loss=5.6654 | lr=6.55e-05
step   6400 | loss=5.6481 | lr=6.16e-05
[VAL] step 6400: bpb=1.7337
step   6500 | loss=5.6401 | lr=5.79e-05
step   6600 | loss=5.6452 | lr=5.44e-05
[VAL] step 6600: bpb=1.7303
step   6700 | loss=5.6389 | lr=5.11e-05
step   6800 | loss=5.6306 | lr=4.81e-05
[VAL] step 6800: bpb=1.7277
step   6900 | loss=5.6305 | lr=4.53e-05
step   7000 | loss=5.6318 | lr=4.26e-05
[VAL] step 7000: bpb=1.7269
step   7100 | loss=5.6238 | lr=4.03e-05
step   7200 | loss=5.6270 | lr=3.81e-05
[VAL] step 7200: bpb=1.7246
step   7300 | loss=5.6134 | lr=3.62e-05
step   7400 | loss=5.6229 | lr=3.46e-05
[VAL] step 7400: bpb=1.7224
step   7500 | loss=5.6120 | lr=3.32e-05
step   7600 | loss=5.6046 | lr=3.21e-05
[VAL] step 7600: bpb=1.7210
step   7700 | loss=5.5941 | lr=3.12e-05
step   7800 | loss=5.6074 | lr=3.05e-05
[VAL] step 7800: bpb=1.7197
step   7900 | loss=5.6039 | lr=3.01e-05
step   8000 | loss=5.5951 | lr=3.00e-05
[VAL] step 8000: bpb=1.7190

=== DONE ===
{
  "exp_name": "exp167_mlp_qk_h4096",
  "best_val_bpb": 1.7189537812236722,
  "final_val_bpb": 1.7189537812236722,
  "n_params": 203270662,
  "training_time_hours": 0.426
}
