Loading tokenizer from /home/starost/.cache/nanochat/tokenizer
Vocab size: 32768, BOS id: 32759
/home/starost/spiky/src/spiky/lutorch/tiny_multi_head_lut.py:446: RuntimeWarning: _balanced_coverage_indices: greedy failed after 32 retries for (n_tables=1024, n_per_row=24, n_slots=96); falling back to i.i.d. randperm sampling. Per-slot counts will be approximately balanced but not exact.
  _balanced_coverage_indices(
Total params (all fp32): 129,304,838
Q/K Joint MHLut: in_nap=6 tph=256 d_qk=32 (n_outputs=2*d_qk=64)
V MHLut:         in_nap=7 tph=256 d_v=16 (n_outputs=d_v)
out_proj MHLut:  in_nap=8 tph=[2048, 2048, 1024, 1024, 1024, 1024] (n_outputs=E=96) + LayerNorm
Tokens/micro-batch: 4,096 | grad_accum: 1 | effective batch: 4,096 tokens
step      1 | loss=10.5624 | lr=3.75e-07
step    100 | loss=9.7645 | lr=3.75e-05
step    200 | loss=8.6588 | lr=7.50e-05
[VAL] step 200: bpb=2.3637
step    300 | loss=7.9575 | lr=1.12e-04
step    400 | loss=7.6002 | lr=1.50e-04
[VAL] step 400: bpb=2.2479
step    500 | loss=7.2961 | lr=1.87e-04
step    600 | loss=7.0587 | lr=2.25e-04
[VAL] step 600: bpb=2.0911
step    700 | loss=6.8913 | lr=2.62e-04
step    800 | loss=6.7639 | lr=3.00e-04
[VAL] step 800: bpb=2.0358
step    900 | loss=6.6712 | lr=3.00e-04
step   1000 | loss=6.6055 | lr=2.99e-04
[VAL] step 1000: bpb=1.9965
step   1100 | loss=6.5542 | lr=2.99e-04
step   1200 | loss=6.5103 | lr=2.98e-04
[VAL] step 1200: bpb=1.9734
step   1300 | loss=6.4516 | lr=2.97e-04
step   1400 | loss=6.4314 | lr=2.95e-04
[VAL] step 1400: bpb=1.9545
step   1500 | loss=6.4076 | lr=2.94e-04
step   1600 | loss=6.3523 | lr=2.92e-04
[VAL] step 1600: bpb=1.9372
step   1700 | loss=6.3350 | lr=2.90e-04
step   1800 | loss=6.3161 | lr=2.87e-04
[VAL] step 1800: bpb=1.9264
step   1900 | loss=6.2972 | lr=2.85e-04
step   2000 | loss=6.2711 | lr=2.82e-04
[VAL] step 2000: bpb=1.9150
step   2100 | loss=6.2367 | lr=2.79e-04
step   2200 | loss=6.2181 | lr=2.76e-04
[VAL] step 2200: bpb=1.8995
step   2300 | loss=6.1982 | lr=2.72e-04
step   2400 | loss=6.1885 | lr=2.68e-04
[VAL] step 2400: bpb=1.8884
step   2500 | loss=6.1674 | lr=2.65e-04
step   2600 | loss=6.1540 | lr=2.60e-04
[VAL] step 2600: bpb=1.8748
step   2700 | loss=6.1206 | lr=2.56e-04
step   2800 | loss=6.1050 | lr=2.52e-04
[VAL] step 2800: bpb=1.8613
step   2900 | loss=6.0764 | lr=2.47e-04
step   3000 | loss=6.0597 | lr=2.42e-04
[VAL] step 3000: bpb=1.8476
step   3100 | loss=6.0410 | lr=2.38e-04
step   3200 | loss=6.0236 | lr=2.32e-04
[VAL] step 3200: bpb=1.8327
step   3300 | loss=6.0095 | lr=2.27e-04
step   3400 | loss=5.9702 | lr=2.22e-04
[VAL] step 3400: bpb=1.8262
step   3500 | loss=5.9567 | lr=2.17e-04
step   3600 | loss=5.9627 | lr=2.11e-04
[VAL] step 3600: bpb=1.8206
step   3700 | loss=5.9359 | lr=2.06e-04
