Loading tokenizer from /home/starost/.cache/nanochat/tokenizer
Vocab size: 32768, BOS id: 32759
Total params (all fp32): 129,304,838
Q/K Joint MHLut: in_nap=6 tph=256 d_qk=32 (n_outputs=2*d_qk=64)
V MHLut:         in_nap=7 tph=256 d_v=16 (n_outputs=d_v)
out_proj MHLut:  in_nap=6 tph=[2048, 2048, 1024, 1024, 1024, 1024] (n_outputs=E=96) + LayerNorm
Tokens/micro-batch: 4,096 | grad_accum: 1 | effective batch: 4,096 tokens
step      1 | loss=10.5705 | lr=1.25e-07
step    100 | loss=9.9275 | lr=1.25e-05
step    200 | loss=9.2369 | lr=2.50e-05
[VAL] step 200: bpb=2.6129
step    300 | loss=8.4840 | lr=3.75e-05
step    400 | loss=7.9315 | lr=5.00e-05
[VAL] step 400: bpb=2.3128
step    500 | loss=7.6063 | lr=6.25e-05
step    600 | loss=7.3714 | lr=7.50e-05
[VAL] step 600: bpb=2.1771
step    700 | loss=7.1448 | lr=8.75e-05
step    800 | loss=6.9599 | lr=1.00e-04
[VAL] step 800: bpb=2.0818
step    900 | loss=6.8298 | lr=1.12e-04
step   1000 | loss=6.7436 | lr=1.25e-04
[VAL] step 1000: bpb=2.0366
step   1100 | loss=6.6796 | lr=1.37e-04
step   1200 | loss=6.6257 | lr=1.50e-04
[VAL] step 1200: bpb=2.0044
step   1300 | loss=6.5628 | lr=1.62e-04
step   1400 | loss=6.5357 | lr=1.75e-04
[VAL] step 1400: bpb=1.9843
step   1500 | loss=6.5023 | lr=1.87e-04
step   1600 | loss=6.4391 | lr=2.00e-04
[VAL] step 1600: bpb=1.9630
step   1700 | loss=6.4107 | lr=2.12e-04
step   1800 | loss=6.3757 | lr=2.25e-04
[VAL] step 1800: bpb=1.9398
step   1900 | loss=6.3426 | lr=2.37e-04
step   2000 | loss=6.3057 | lr=2.50e-04
[VAL] step 2000: bpb=1.9188
step   2100 | loss=6.2550 | lr=2.62e-04
step   2200 | loss=6.2267 | lr=2.75e-04
[VAL] step 2200: bpb=1.8998
step   2300 | loss=6.1975 | lr=2.87e-04
step   2400 | loss=6.1813 | lr=3.00e-04
[VAL] step 2400: bpb=1.8838
step   2500 | loss=6.1581 | lr=3.00e-04
step   2600 | loss=6.1407 | lr=3.00e-04
[VAL] step 2600: bpb=1.8660
step   2700 | loss=6.0987 | lr=3.00e-04
step   2800 | loss=6.0806 | lr=3.00e-04
[VAL] step 2800: bpb=1.8512
step   2900 | loss=6.0460 | lr=3.00e-04
step   3000 | loss=6.0272 | lr=2.99e-04
[VAL] step 3000: bpb=1.8398
step   3100 | loss=6.0086 | lr=2.99e-04
step   3200 | loss=5.9924 | lr=2.99e-04
[VAL] step 3200: bpb=1.8232
step   3300 | loss=5.9791 | lr=2.99e-04
step   3400 | loss=5.9384 | lr=2.99e-04
[VAL] step 3400: bpb=1.8164
step   3500 | loss=5.9260 | lr=2.98e-04
step   3600 | loss=5.9296 | lr=2.98e-04
[VAL] step 3600: bpb=1.8128
step   3700 | loss=5.9038 | lr=2.98e-04
step   3800 | loss=5.8900 | lr=2.97e-04
[VAL] step 3800: bpb=1.8023
step   3900 | loss=5.8656 | lr=2.97e-04
step   4000 | loss=5.8474 | lr=2.96e-04
[VAL] step 4000: bpb=1.7923
step   4100 | loss=5.8749 | lr=2.96e-04
step   4200 | loss=5.8435 | lr=2.95e-04
[VAL] step 4200: bpb=1.7889
step   4300 | loss=5.8488 | lr=2.95e-04
step   4400 | loss=5.8327 | lr=2.94e-04
[VAL] step 4400: bpb=1.7800
step   4500 | loss=5.8212 | lr=2.94e-04
step   4600 | loss=5.8075 | lr=2.93e-04
[VAL] step 4600: bpb=1.7750
step   4700 | loss=5.8073 | lr=2.93e-04
step   4800 | loss=5.8058 | lr=2.92e-04
[VAL] step 4800: bpb=1.7722
step   4900 | loss=5.7792 | lr=2.91e-04
step   5000 | loss=5.7758 | lr=2.90e-04
[VAL] step 5000: bpb=1.7696
step   5100 | loss=5.7629 | lr=2.90e-04
step   5200 | loss=5.7448 | lr=2.89e-04
[VAL] step 5200: bpb=1.7583
step   5300 | loss=5.7297 | lr=2.88e-04
step   5400 | loss=5.7148 | lr=2.87e-04
[VAL] step 5400: bpb=1.7567
step   5500 | loss=5.7212 | lr=2.87e-04
step   5600 | loss=5.7333 | lr=2.86e-04
[VAL] step 5600: bpb=1.7524
step   5700 | loss=5.7177 | lr=2.85e-04
step   5800 | loss=5.7087 | lr=2.84e-04
[VAL] step 5800: bpb=1.7499
step   5900 | loss=5.7126 | lr=2.83e-04
step   6000 | loss=5.6973 | lr=2.82e-04
[VAL] step 6000: bpb=1.7438
step   6100 | loss=5.6842 | lr=2.81e-04
step   6200 | loss=5.6814 | lr=2.80e-04
[VAL] step 6200: bpb=1.7405
step   6300 | loss=5.6852 | lr=2.79e-04
step   6400 | loss=5.6651 | lr=2.78e-04
[VAL] step 6400: bpb=1.7396
step   6500 | loss=5.6577 | lr=2.77e-04
step   6600 | loss=5.6642 | lr=2.76e-04
[VAL] step 6600: bpb=1.7329
step   6700 | loss=5.6578 | lr=2.74e-04
step   6800 | loss=5.6470 | lr=2.73e-04
[VAL] step 6800: bpb=1.7350
step   6900 | loss=5.6442 | lr=2.72e-04
step   7000 | loss=5.6427 | lr=2.71e-04
[VAL] step 7000: bpb=1.7331
step   7100 | loss=5.6357 | lr=2.70e-04
step   7200 | loss=5.6389 | lr=2.68e-04
[VAL] step 7200: bpb=1.7288
step   7300 | loss=5.6224 | lr=2.67e-04
step   7400 | loss=5.6322 | lr=2.66e-04
[VAL] step 7400: bpb=1.7281
step   7500 | loss=5.6161 | lr=2.65e-04
step   7600 | loss=5.6096 | lr=2.63e-04
[VAL] step 7600: bpb=1.7196
step   7700 | loss=5.5998 | lr=2.62e-04
step   7800 | loss=5.6104 | lr=2.60e-04
[VAL] step 7800: bpb=1.7192
step   7900 | loss=5.6056 | lr=2.59e-04
step   8000 | loss=5.5933 | lr=2.58e-04
[VAL] step 8000: bpb=1.7199
step   8100 | loss=5.5966 | lr=2.56e-04
step   8200 | loss=5.5843 | lr=2.55e-04
[VAL] step 8200: bpb=1.7143
step   8300 | loss=5.5844 | lr=2.53e-04
step   8400 | loss=5.5770 | lr=2.52e-04
[VAL] step 8400: bpb=1.7110
step   8500 | loss=5.5634 | lr=2.50e-04
step   8600 | loss=5.5876 | lr=2.49e-04
[VAL] step 8600: bpb=1.7082
step   8700 | loss=5.5768 | lr=2.47e-04
step   8800 | loss=5.5709 | lr=2.46e-04
[VAL] step 8800: bpb=1.7122
step   8900 | loss=5.5510 | lr=2.44e-04
step   9000 | loss=5.5534 | lr=2.42e-04
[VAL] step 9000: bpb=1.7080
step   9100 | loss=5.5493 | lr=2.41e-04
step   9200 | loss=5.5486 | lr=2.39e-04
[VAL] step 9200: bpb=1.7033
step   9300 | loss=5.5528 | lr=2.38e-04
step   9400 | loss=5.5500 | lr=2.36e-04
[VAL] step 9400: bpb=1.7035
step   9500 | loss=5.5681 | lr=2.34e-04
step   9600 | loss=5.5720 | lr=2.32e-04
[VAL] step 9600: bpb=1.7006
step   9700 | loss=5.5592 | lr=2.31e-04
step   9800 | loss=5.5558 | lr=2.29e-04
[VAL] step 9800: bpb=1.6983
step   9900 | loss=5.5233 | lr=2.27e-04
step  10000 | loss=5.5169 | lr=2.26e-04
[VAL] step 10000: bpb=1.6953
step  10100 | loss=5.5241 | lr=2.24e-04
step  10200 | loss=5.4993 | lr=2.22e-04
[VAL] step 10200: bpb=1.6976
step  10300 | loss=5.5179 | lr=2.20e-04
step  10400 | loss=5.5120 | lr=2.18e-04
[VAL] step 10400: bpb=1.6985
step  10500 | loss=5.5114 | lr=2.17e-04
step  10600 | loss=5.5019 | lr=2.15e-04
[VAL] step 10600: bpb=1.6964
step  10700 | loss=5.5057 | lr=2.13e-04
step  10800 | loss=5.5045 | lr=2.11e-04
[VAL] step 10800: bpb=1.6894
step  10900 | loss=5.4959 | lr=2.09e-04
step  11000 | loss=5.4837 | lr=2.07e-04
[VAL] step 11000: bpb=1.6907
step  11100 | loss=5.4970 | lr=2.06e-04
step  11200 | loss=5.4772 | lr=2.04e-04
[VAL] step 11200: bpb=1.6896
step  11300 | loss=5.4696 | lr=2.02e-04
step  11400 | loss=5.4836 | lr=2.00e-04
[VAL] step 11400: bpb=1.6860
step  11500 | loss=5.4862 | lr=1.98e-04
step  11600 | loss=5.4850 | lr=1.96e-04
[VAL] step 11600: bpb=1.6852
step  11700 | loss=5.4787 | lr=1.94e-04
step  11800 | loss=5.4817 | lr=1.92e-04
[VAL] step 11800: bpb=1.6817
step  11900 | loss=5.4595 | lr=1.90e-04
step  12000 | loss=5.4651 | lr=1.88e-04
[VAL] step 12000: bpb=1.6798
step  12100 | loss=5.4606 | lr=1.87e-04
step  12200 | loss=5.4434 | lr=1.85e-04
[VAL] step 12200: bpb=1.6788
step  12300 | loss=5.4473 | lr=1.83e-04
step  12400 | loss=5.4501 | lr=1.81e-04
[VAL] step 12400: bpb=1.6782
step  12500 | loss=5.4558 | lr=1.79e-04
step  12600 | loss=5.4454 | lr=1.77e-04
[VAL] step 12600: bpb=1.6751
step  12700 | loss=5.4581 | lr=1.75e-04
step  12800 | loss=5.4525 | lr=1.73e-04
[VAL] step 12800: bpb=1.6726
step  12900 | loss=5.4590 | lr=1.71e-04
step  13000 | loss=5.4632 | lr=1.69e-04
[VAL] step 13000: bpb=1.6684
step  13100 | loss=5.4406 | lr=1.67e-04
step  13200 | loss=5.4188 | lr=1.65e-04
[VAL] step 13200: bpb=1.6710
step  13300 | loss=5.4594 | lr=1.63e-04
step  13400 | loss=5.4563 | lr=1.61e-04
[VAL] step 13400: bpb=1.6687
step  13500 | loss=5.4255 | lr=1.59e-04
step  13600 | loss=5.4176 | lr=1.57e-04
[VAL] step 13600: bpb=1.6679
step  13700 | loss=5.4401 | lr=1.55e-04
step  13800 | loss=5.4342 | lr=1.53e-04
[VAL] step 13800: bpb=1.6680
step  13900 | loss=5.4369 | lr=1.51e-04
step  14000 | loss=5.4309 | lr=1.49e-04
[VAL] step 14000: bpb=1.6672
step  14100 | loss=5.4265 | lr=1.47e-04
step  14200 | loss=5.4272 | lr=1.45e-04
[VAL] step 14200: bpb=1.6647
step  14300 | loss=5.4140 | lr=1.43e-04
step  14400 | loss=5.4152 | lr=1.42e-04
[VAL] step 14400: bpb=1.6629
step  14500 | loss=5.4070 | lr=1.40e-04
step  14600 | loss=5.3986 | lr=1.38e-04
[VAL] step 14600: bpb=1.6598
step  14700 | loss=5.4006 | lr=1.36e-04
step  14800 | loss=5.3863 | lr=1.34e-04
[VAL] step 14800: bpb=1.6605
step  14900 | loss=5.4080 | lr=1.32e-04
step  15000 | loss=5.3991 | lr=1.30e-04
[VAL] step 15000: bpb=1.6600
step  15100 | loss=5.3791 | lr=1.28e-04
step  15200 | loss=5.3739 | lr=1.26e-04
[VAL] step 15200: bpb=1.6598
step  15300 | loss=5.3699 | lr=1.24e-04
step  15400 | loss=5.4000 | lr=1.23e-04
[VAL] step 15400: bpb=1.6582
step  15500 | loss=5.3865 | lr=1.21e-04
step  15600 | loss=5.3682 | lr=1.19e-04
[VAL] step 15600: bpb=1.6558
step  15700 | loss=5.3774 | lr=1.17e-04
step  15800 | loss=5.4069 | lr=1.15e-04
[VAL] step 15800: bpb=1.6551
step  15900 | loss=5.3891 | lr=1.13e-04
step  16000 | loss=5.3781 | lr=1.12e-04
[VAL] step 16000: bpb=1.6561
step  16100 | loss=5.3915 | lr=1.10e-04
step  16200 | loss=5.3725 | lr=1.08e-04
[VAL] step 16200: bpb=1.6532
step  16300 | loss=5.3725 | lr=1.06e-04
step  16400 | loss=5.3712 | lr=1.04e-04
[VAL] step 16400: bpb=1.6513
step  16500 | loss=5.3662 | lr=1.03e-04
step  16600 | loss=5.3631 | lr=1.01e-04
[VAL] step 16600: bpb=1.6505
step  16700 | loss=5.3472 | lr=9.92e-05
step  16800 | loss=5.3656 | lr=9.75e-05
[VAL] step 16800: bpb=1.6483
step  16900 | loss=5.3845 | lr=9.58e-05
step  17000 | loss=5.3762 | lr=9.41e-05
[VAL] step 17000: bpb=1.6472
step  17100 | loss=5.3786 | lr=9.25e-05
step  17200 | loss=5.3444 | lr=9.08e-05
[VAL] step 17200: bpb=1.6471
step  17300 | loss=5.3434 | lr=8.92e-05
step  17400 | loss=5.3384 | lr=8.76e-05
[VAL] step 17400: bpb=1.6468
step  17500 | loss=5.3623 | lr=8.60e-05
step  17600 | loss=5.3590 | lr=8.44e-05
[VAL] step 17600: bpb=1.6446
step  17700 | loss=5.3501 | lr=8.28e-05
step  17800 | loss=5.3566 | lr=8.13e-05
[VAL] step 17800: bpb=1.6433
step  17900 | loss=5.3391 | lr=7.97e-05
step  18000 | loss=5.3502 | lr=7.82e-05
[VAL] step 18000: bpb=1.6436
step  18100 | loss=5.3499 | lr=7.67e-05
step  18200 | loss=5.3418 | lr=7.53e-05
[VAL] step 18200: bpb=1.6433
step  18300 | loss=5.3389 | lr=7.38e-05
step  18400 | loss=5.3563 | lr=7.24e-05
[VAL] step 18400: bpb=1.6437
step  18500 | loss=5.3486 | lr=7.09e-05
step  18600 | loss=5.3476 | lr=6.95e-05
[VAL] step 18600: bpb=1.6407
step  18700 | loss=5.3472 | lr=6.82e-05
step  18800 | loss=5.3236 | lr=6.68e-05
[VAL] step 18800: bpb=1.6406
step  18900 | loss=5.3261 | lr=6.55e-05
step  19000 | loss=5.3128 | lr=6.42e-05
[VAL] step 19000: bpb=1.6387
step  19100 | loss=5.3365 | lr=6.29e-05
step  19200 | loss=5.3374 | lr=6.16e-05
[VAL] step 19200: bpb=1.6383
step  19300 | loss=5.3176 | lr=6.03e-05
step  19400 | loss=5.3040 | lr=5.91e-05
[VAL] step 19400: bpb=1.6388
step  19500 | loss=5.3188 | lr=5.79e-05
step  19600 | loss=5.3185 | lr=5.67e-05
[VAL] step 19600: bpb=1.6380
step  19700 | loss=5.3100 | lr=5.56e-05
step  19800 | loss=5.3229 | lr=5.44e-05
[VAL] step 19800: bpb=1.6370
step  19900 | loss=5.3129 | lr=5.33e-05
step  20000 | loss=5.3113 | lr=5.22e-05
[VAL] step 20000: bpb=1.6359
step  20100 | loss=5.3074 | lr=5.11e-05
step  20200 | loss=5.3080 | lr=5.01e-05
[VAL] step 20200: bpb=1.6346
step  20300 | loss=5.3190 | lr=4.91e-05
step  20400 | loss=5.3015 | lr=4.81e-05
[VAL] step 20400: bpb=1.6346
step  20500 | loss=5.3055 | lr=4.71e-05
step  20600 | loss=5.2987 | lr=4.62e-05
[VAL] step 20600: bpb=1.6341
step  20700 | loss=5.3020 | lr=4.53e-05
step  20800 | loss=5.2796 | lr=4.44e-05
[VAL] step 20800: bpb=1.6332
step  20900 | loss=5.2874 | lr=4.35e-05
step  21000 | loss=5.2907 | lr=4.26e-05
[VAL] step 21000: bpb=1.6320
step  21100 | loss=5.2978 | lr=4.18e-05
step  21200 | loss=5.2831 | lr=4.10e-05
[VAL] step 21200: bpb=1.6320
step  21300 | loss=5.2930 | lr=4.03e-05
step  21400 | loss=5.2921 | lr=3.95e-05
[VAL] step 21400: bpb=1.6312
step  21500 | loss=5.2829 | lr=3.88e-05
step  21600 | loss=5.2954 | lr=3.81e-05
[VAL] step 21600: bpb=1.6314
step  21700 | loss=5.3085 | lr=3.75e-05
step  21800 | loss=5.3023 | lr=3.69e-05
[VAL] step 21800: bpb=1.6304
step  21900 | loss=5.2923 | lr=3.62e-05
step  22000 | loss=5.2923 | lr=3.57e-05
[VAL] step 22000: bpb=1.6304
step  22100 | loss=5.2777 | lr=3.51e-05
step  22200 | loss=5.3109 | lr=3.46e-05
[VAL] step 22200: bpb=1.6289
step  22300 | loss=5.2991 | lr=3.41e-05
step  22400 | loss=5.2951 | lr=3.36e-05
[VAL] step 22400: bpb=1.6282
step  22500 | loss=5.2839 | lr=3.32e-05
step  22600 | loss=5.2995 | lr=3.28e-05
[VAL] step 22600: bpb=1.6281
step  22700 | loss=5.3128 | lr=3.24e-05
step  22800 | loss=5.3025 | lr=3.21e-05
[VAL] step 22800: bpb=1.6276
step  22900 | loss=5.3040 | lr=3.17e-05
step  23000 | loss=5.2979 | lr=3.14e-05
[VAL] step 23000: bpb=1.6275
step  23100 | loss=5.2920 | lr=3.12e-05
step  23200 | loss=5.2920 | lr=3.09e-05
[VAL] step 23200: bpb=1.6263
step  23300 | loss=5.3041 | lr=3.07e-05
step  23400 | loss=5.2948 | lr=3.05e-05
[VAL] step 23400: bpb=1.6259
step  23500 | loss=5.2754 | lr=3.04e-05
step  23600 | loss=5.2733 | lr=3.02e-05
[VAL] step 23600: bpb=1.6274
step  23700 | loss=5.2998 | lr=3.01e-05
step  23800 | loss=5.3003 | lr=3.01e-05
[VAL] step 23800: bpb=1.6266
step  23900 | loss=5.2836 | lr=3.00e-05
step  24000 | loss=5.2862 | lr=3.00e-05
[VAL] step 24000: bpb=1.6267

=== DONE ===
{
  "exp_name": "exp077_canon_24k",
  "best_val_bpb": 1.6259003002762518,
  "final_val_bpb": 1.6267085059726538,
  "n_params": 129304838,
  "training_time_hours": 1.651
}
