Loading tokenizer from /home/starost/.cache/nanochat/tokenizer
Vocab size: 32768, BOS id: 32759
bit LUTs: 18
Adam-managed parameters: 14,912,518
Q/K BitPermLUT: in_nap=5 out_nap=24 tph=512 d_qk=32 P_qk=496
V BitPermLUT:   in_nap=5 out_nap=16 tph=512 d_v=16 P_v=120
Out BitPermLUT: in_nap=10 out_nap=64 tph=[2048, 2048, 1024, 1024, 1024, 1024]
Tokens/micro-batch: 4,096 | grad_accum: 1 | effective batch: 4,096 tokens
step      1 | loss=10.5570 | lr=3.75e-07
step    100 | loss=9.9174 | lr=3.75e-05
step    200 | loss=8.9670 | lr=7.50e-05
[VAL] step 200: bpb=2.4462
step    300 | loss=8.1593 | lr=1.12e-04
step    400 | loss=7.7754 | lr=1.50e-04
[VAL] step 400: bpb=2.3085
step    500 | loss=7.5448 | lr=1.87e-04
step    600 | loss=7.4139 | lr=2.25e-04
[VAL] step 600: bpb=2.2329
step    700 | loss=7.2984 | lr=2.62e-04
step    800 | loss=7.1817 | lr=3.00e-04
[VAL] step 800: bpb=2.1700
step    900 | loss=7.0695 | lr=3.00e-04
step   1000 | loss=6.9552 | lr=2.99e-04
[VAL] step 1000: bpb=2.0879
step   1100 | loss=6.8509 | lr=2.99e-04
step   1200 | loss=6.7618 | lr=2.98e-04
[VAL] step 1200: bpb=2.0417
step   1300 | loss=6.6742 | lr=2.97e-04
step   1400 | loss=6.6313 | lr=2.95e-04
[VAL] step 1400: bpb=2.0132
step   1500 | loss=6.5920 | lr=2.94e-04
step   1600 | loss=6.5283 | lr=2.92e-04
[VAL] step 1600: bpb=1.9887
step   1700 | loss=6.5055 | lr=2.90e-04
step   1800 | loss=6.4821 | lr=2.87e-04
[VAL] step 1800: bpb=1.9780
step   1900 | loss=6.4645 | lr=2.85e-04
step   2000 | loss=6.4413 | lr=2.82e-04
[VAL] step 2000: bpb=1.9677
step   2100 | loss=6.4085 | lr=2.79e-04
step   2200 | loss=6.3912 | lr=2.76e-04
[VAL] step 2200: bpb=1.9591
step   2300 | loss=6.3712 | lr=2.72e-04
step   2400 | loss=6.3646 | lr=2.68e-04
[VAL] step 2400: bpb=1.9496
step   2500 | loss=6.3519 | lr=2.65e-04
step   2600 | loss=6.3437 | lr=2.60e-04
[VAL] step 2600: bpb=1.9368
step   2700 | loss=6.3121 | lr=2.56e-04
step   2800 | loss=6.3074 | lr=2.52e-04
[VAL] step 2800: bpb=1.9278
step   2900 | loss=6.2871 | lr=2.47e-04
step   3000 | loss=6.2799 | lr=2.42e-04
[VAL] step 3000: bpb=1.9199
step   3100 | loss=6.2695 | lr=2.38e-04
step   3200 | loss=6.2603 | lr=2.32e-04
[VAL] step 3200: bpb=1.9123
step   3300 | loss=6.2543 | lr=2.27e-04
step   3400 | loss=6.2206 | lr=2.22e-04
[VAL] step 3400: bpb=1.9082
step   3500 | loss=6.2156 | lr=2.17e-04
step   3600 | loss=6.2223 | lr=2.11e-04
[VAL] step 3600: bpb=1.9053
step   3700 | loss=6.2063 | lr=2.06e-04
step   3800 | loss=6.1998 | lr=2.00e-04
[VAL] step 3800: bpb=1.8998
step   3900 | loss=6.1780 | lr=1.94e-04
step   4000 | loss=6.1689 | lr=1.88e-04
[VAL] step 4000: bpb=1.8925
