Loading tokenizer from /home/starost/.cache/nanochat/tokenizer
Vocab size: 32768, BOS id: 32759
V2DSDPATransformer: depth=6, E=192, H=6, E_H=32, E_QK=64, D=1456, seq_len=512
LUT: nap=6 (2^nap=64 cells), tph=1536, n_sparse=32, n_alt=1, smooth=True
Params: 114,410,880
AdamW groups: decay=38,903,808 lut_nodecay=75,497,472 nodecay=9,600
Tokens/micro-batch: 4,096 | grad_accum: 1 | effective batch: 4,096 tokens
step      1 | loss=10.4034 | lr=3.75e-07
step    100 | loss=10.2309 | lr=3.75e-05
step    200 | loss=9.0786 | lr=7.50e-05
[VAL] step 200: bpb=2.3632
step    300 | loss=8.1338 | lr=1.12e-04
step    400 | loss=7.6545 | lr=1.50e-04
[VAL] step 400: bpb=2.2243
step    500 | loss=7.2915 | lr=1.87e-04
step    600 | loss=7.0782 | lr=2.25e-04
[VAL] step 600: bpb=2.1073
step    700 | loss=6.9322 | lr=2.62e-04
step    800 | loss=6.8168 | lr=3.00e-04
[VAL] step 800: bpb=2.0604
step    900 | loss=6.7321 | lr=3.00e-04
step   1000 | loss=6.6711 | lr=2.99e-04
[VAL] step 1000: bpb=2.0199
step   1100 | loss=6.6232 | lr=2.99e-04
step   1200 | loss=6.5819 | lr=2.98e-04
[VAL] step 1200: bpb=1.9964
step   1300 | loss=6.5305 | lr=2.97e-04
step   1400 | loss=6.5126 | lr=2.95e-04
[VAL] step 1400: bpb=1.9834
step   1500 | loss=6.4885 | lr=2.94e-04
step   1600 | loss=6.4361 | lr=2.92e-04
[VAL] step 1600: bpb=1.9652
step   1700 | loss=6.4208 | lr=2.90e-04
step   1800 | loss=6.4046 | lr=2.87e-04
[VAL] step 1800: bpb=1.9533
step   1900 | loss=6.3880 | lr=2.85e-04
step   2000 | loss=6.3663 | lr=2.82e-04
[VAL] step 2000: bpb=1.9418
step   2100 | loss=6.3409 | lr=2.79e-04
step   2200 | loss=6.3241 | lr=2.76e-04
[VAL] step 2200: bpb=1.9333
step   2300 | loss=6.3045 | lr=2.72e-04
step   2400 | loss=6.2992 | lr=2.68e-04
[VAL] step 2400: bpb=1.9225
step   2500 | loss=6.2851 | lr=2.65e-04
step   2600 | loss=6.2772 | lr=2.60e-04
[VAL] step 2600: bpb=1.9139
step   2700 | loss=6.2475 | lr=2.56e-04
step   2800 | loss=6.2405 | lr=2.52e-04
[VAL] step 2800: bpb=1.9052
step   2900 | loss=6.2197 | lr=2.47e-04
step   3000 | loss=6.2102 | lr=2.42e-04
[VAL] step 3000: bpb=1.8974
step   3100 | loss=6.1982 | lr=2.38e-04
step   3200 | loss=6.1866 | lr=2.32e-04
[VAL] step 3200: bpb=1.8865
step   3300 | loss=6.1768 | lr=2.27e-04
step   3400 | loss=6.1454 | lr=2.22e-04
[VAL] step 3400: bpb=1.8810
step   3500 | loss=6.1351 | lr=2.17e-04
step   3600 | loss=6.1413 | lr=2.11e-04
[VAL] step 3600: bpb=1.8754
step   3700 | loss=6.1227 | lr=2.06e-04
step   3800 | loss=6.1116 | lr=2.00e-04
[VAL] step 3800: bpb=1.8688
step   3900 | loss=6.0876 | lr=1.94e-04
step   4000 | loss=6.0737 | lr=1.88e-04
[VAL] step 4000: bpb=1.8621
step   4100 | loss=6.0932 | lr=1.83e-04
step   4200 | loss=6.0649 | lr=1.77e-04
[VAL] step 4200: bpb=1.8536
step   4300 | loss=6.0642 | lr=1.71e-04
step   4400 | loss=6.0471 | lr=1.65e-04
[VAL] step 4400: bpb=1.8476
step   4500 | loss=6.0345 | lr=1.59e-04
step   4600 | loss=6.0212 | lr=1.53e-04
[VAL] step 4600: bpb=1.8391
step   4700 | loss=6.0186 | lr=1.47e-04
step   4800 | loss=6.0099 | lr=1.42e-04
[VAL] step 4800: bpb=1.8310
step   4900 | loss=5.9806 | lr=1.36e-04
step   5000 | loss=5.9732 | lr=1.30e-04
[VAL] step 5000: bpb=1.8231
step   5100 | loss=5.9521 | lr=1.24e-04
step   5200 | loss=5.9316 | lr=1.19e-04
[VAL] step 5200: bpb=1.8164
step   5300 | loss=5.9175 | lr=1.13e-04
step   5400 | loss=5.9000 | lr=1.08e-04
[VAL] step 5400: bpb=1.8097
step   5500 | loss=5.8954 | lr=1.03e-04
step   5600 | loss=5.9051 | lr=9.75e-05
[VAL] step 5600: bpb=1.8027
step   5700 | loss=5.8864 | lr=9.25e-05
step   5800 | loss=5.8774 | lr=8.76e-05
[VAL] step 5800: bpb=1.7986
step   5900 | loss=5.8792 | lr=8.28e-05
step   6000 | loss=5.8620 | lr=7.82e-05
[VAL] step 6000: bpb=1.7932
step   6100 | loss=5.8490 | lr=7.38e-05
step   6200 | loss=5.8430 | lr=6.95e-05
[VAL] step 6200: bpb=1.7895
step   6300 | loss=5.8456 | lr=6.55e-05
step   6400 | loss=5.8274 | lr=6.16e-05
[VAL] step 6400: bpb=1.7848
step   6500 | loss=5.8203 | lr=5.79e-05
step   6600 | loss=5.8244 | lr=5.44e-05
[VAL] step 6600: bpb=1.7812
step   6700 | loss=5.8174 | lr=5.11e-05
step   6800 | loss=5.8093 | lr=4.81e-05
[VAL] step 6800: bpb=1.7784
step   6900 | loss=5.8083 | lr=4.53e-05
step   7000 | loss=5.8043 | lr=4.26e-05
[VAL] step 7000: bpb=1.7762
step   7100 | loss=5.7952 | lr=4.03e-05
step   7200 | loss=5.7962 | lr=3.81e-05
[VAL] step 7200: bpb=1.7737
step   7300 | loss=5.7852 | lr=3.62e-05
step   7400 | loss=5.7951 | lr=3.46e-05
[VAL] step 7400: bpb=1.7716
step   7500 | loss=5.7829 | lr=3.32e-05
step   7600 | loss=5.7732 | lr=3.21e-05
[VAL] step 7600: bpb=1.7695
step   7700 | loss=5.7633 | lr=3.12e-05
step   7800 | loss=5.7725 | lr=3.05e-05
[VAL] step 7800: bpb=1.7677
step   7900 | loss=5.7718 | lr=3.01e-05
step   8000 | loss=5.7631 | lr=3.00e-05
[VAL] step 8000: bpb=1.7670

=== DONE ===
{
  "exp_name": "exp213_v_lut",
  "best_val_bpb": 1.7670267665677637,
  "final_val_bpb": 1.7670267665677637,
  "total_params": 114410880,
  "training_time_hours": 0.585
}
