seeded from /home/astarostin/projects/spiky/experiments/neurodarwinism/exp012_tiny-direct-genome/full_run_crossover_latinhib/ck_L0.npz: 134 syn, 10 active, E-frac 0.800
r   0  fit  28.042  mse  26.642  neurons 10.01 (min 9 max 11)  syn  134.1  held-out best  24.108  [   2.6s]
r  25  fit  25.731  mse  24.431  neurons  9.95 (min 9 max 11)  syn  132.6  held-out best  23.237  [   9.4s]
r  50  fit  26.712  mse  25.430  neurons  9.82 (min 8 max 11)  syn  131.0  held-out best  24.878  [  16.1s]
r  75  fit  28.473  mse  27.141  neurons  9.74 (min 8 max 11)  syn  129.3  held-out best  24.878  [  22.5s]
r 100  fit  25.727  mse  24.481  neurons  9.70 (min 8 max 12)  syn  128.3  held-out best  24.878  [  29.1s]
r 125  fit  27.013  mse  25.745  neurons  9.59 (min 8 max 11)  syn  126.6  held-out best  24.878  [  35.5s]
r 150  fit  25.329  mse  23.961  neurons  9.47 (min 7 max 11)  syn  125.0  held-out best  22.600  [  42.1s]
r 175  fit  25.840  mse  24.773  neurons  9.38 (min 7 max 11)  syn  123.1  held-out best  22.600  [  48.5s]
r 200  fit  27.890  mse  26.862  neurons  9.36 (min 7 max 12)  syn  122.7  held-out best  23.188  [  55.1s]
r 225  fit  26.339  mse  25.256  neurons  9.39 (min 8 max 11)  syn  122.0  held-out best  23.188  [  61.4s]
r 250  fit  25.861  mse  24.821  neurons  9.35 (min 6 max 11)  syn  120.2  held-out best  23.188  [  67.9s]
r 275  fit  23.186  mse  22.155  neurons  9.25 (min 8 max 11)  syn  119.0  held-out best  23.188  [  74.3s]
r 300  fit  26.274  mse  25.424  neurons  9.30 (min 8 max 12)  syn  118.8  held-out best  23.188  [  80.8s]
r 325  fit  26.993  mse  26.133  neurons  9.29 (min 7 max 12)  syn  118.1  held-out best  23.188  [  87.2s]
r 350  fit  27.184  mse  26.268  neurons  9.26 (min 7 max 12)  syn  117.5  held-out best  23.188  [  93.8s]
r 375  fit  24.358  mse  23.719  neurons  9.25 (min 7 max 11)  syn  116.1  held-out best  23.188  [ 100.5s]
r 400  fit  24.732  mse  23.882  neurons  9.25 (min 7 max 11)  syn  115.7  held-out best  23.188  [ 107.0s]
r 425  fit  26.984  mse  26.234  neurons  9.28 (min 7 max 11)  syn  115.7  held-out best  23.188  [ 113.4s]
r 450  fit  25.557  mse  25.080  neurons  9.28 (min 7 max 11)  syn  114.8  held-out best  24.059  [ 119.9s]
r 475  fit  26.040  mse  25.387  neurons  9.24 (min 7 max 11)  syn  114.0  held-out best  24.059  [ 126.3s]
r 500  fit  24.946  mse  24.305  neurons  9.23 (min 7 max 10)  syn  113.3  held-out best  24.059  [ 132.8s]
r 525  fit  26.313  mse  25.663  neurons  9.20 (min 7 max 11)  syn  112.4  held-out best  24.059  [ 139.0s]
r 550  fit  24.501  mse  23.986  neurons  9.17 (min 7 max 11)  syn  111.6  held-out best  24.059  [ 145.5s]
r 575  fit  26.334  mse  25.794  neurons  9.09 (min 8 max 11)  syn  110.8  held-out best  24.059  [ 151.9s]
r 600  fit  24.896  mse  24.269  neurons  9.12 (min 7 max 11)  syn  110.6  held-out best  24.059  [ 158.4s]
r 625  fit  26.606  mse  25.906  neurons  9.10 (min 7 max 11)  syn  111.0  held-out best  24.059  [ 164.8s]
r 650  fit  24.610  mse  24.060  neurons  9.09 (min 7 max 11)  syn  110.3  held-out best  24.059  [ 171.3s]
r 675  fit  25.108  mse  24.558  neurons  9.09 (min 7 max 11)  syn  109.8  held-out best  24.059  [ 177.6s]
r 700  fit  26.089  mse  25.555  neurons  9.06 (min 7 max 11)  syn  108.8  held-out best  24.059  [ 184.1s]
r 725  fit  25.438  mse  24.922  neurons  8.94 (min 7 max 11)  syn  107.0  held-out best  24.059  [ 190.4s]
r 750  fit  24.690  mse  23.998  neurons  8.94 (min 6 max 11)  syn  106.8  held-out best  24.059  [ 196.8s]
r 775  fit  23.962  mse  23.408  neurons  8.89 (min 7 max 10)  syn  106.2  held-out best  24.059  [ 203.2s]
r 800  fit  26.057  mse  25.495  neurons  8.95 (min 8 max 11)  syn  106.3  held-out best  24.059  [ 209.6s]
r 825  fit  23.483  mse  22.938  neurons  8.81 (min 7 max 11)  syn  105.4  held-out best  24.059  [ 215.9s]
r 850  fit  22.813  mse  22.329  neurons  8.79 (min 7 max 11)  syn  105.3  held-out best  24.059  [ 222.3s]
r 875  fit  24.142  mse  23.592  neurons  8.75 (min 7 max 11)  syn  104.6  held-out best  24.059  [ 228.5s]
r 900  fit  26.991  mse  26.441  neurons  8.78 (min 7 max 11)  syn  104.8  held-out best  24.059  [ 235.0s]
r 925  fit  22.923  mse  22.251  neurons  8.76 (min 7 max 11)  syn  104.7  held-out best  24.059  [ 241.4s]
r 950  fit  24.320  mse  23.781  neurons  8.67 (min 7 max 11)  syn  103.7  held-out best  24.059  [ 247.8s]
r 975  fit  26.134  mse  25.652  neurons  8.64 (min 7 max 11)  syn  103.6  held-out best  24.059  [ 254.2s]
r1000  fit  24.686  mse  24.286  neurons  8.63 (min 7 max 11)  syn  103.3  held-out best  24.059  [ 260.6s]
r1025  fit  25.396  mse  24.996  neurons  8.56 (min 7 max 11)  syn  102.5  held-out best  24.059  [ 267.0s]
r1050  fit  26.518  mse  26.001  neurons  8.53 (min 7 max 11)  syn  102.5  held-out best  24.059  [ 273.6s]
r1075  fit  24.784  mse  24.384  neurons  8.54 (min 7 max 11)  syn  103.0  held-out best  24.059  [ 280.0s]
r1100  fit  24.432  mse  23.982  neurons  8.41 (min 7 max 10)  syn  101.4  held-out best  24.059  [ 286.6s]
r1125  fit  24.572  mse  24.122  neurons  8.42 (min 7 max 10)  syn  101.5  held-out best  24.059  [ 293.0s]
r1150  fit  24.925  mse  24.525  neurons  8.35 (min 7 max 10)  syn  100.5  held-out best  24.059  [ 299.3s]
r1175  fit  22.898  mse  22.498  neurons  8.44 (min 7 max 10)  syn  101.0  held-out best  24.059  [ 305.7s]
r1200  fit  24.314  mse  23.914  neurons  8.41 (min 7 max 10)  syn  100.0  held-out best  24.059  [ 312.3s]
r1225  fit  23.219  mse  22.819  neurons  8.40 (min 7 max 10)  syn   99.5  held-out best  24.059  [ 318.6s]
r1250  fit  25.484  mse  25.084  neurons  8.39 (min 7 max 10)  syn  100.1  held-out best  24.059  [ 325.0s]
r1275  fit  23.905  mse  23.505  neurons  8.35 (min 7 max 10)  syn   99.5  held-out best  24.059  [ 331.4s]
r1300  fit  23.400  mse  23.000  neurons  8.30 (min 6 max 10)  syn   99.5  held-out best  24.059  [ 338.0s]
r1325  fit  24.731  mse  24.331  neurons  8.30 (min 7 max 10)  syn   99.8  held-out best  24.059  [ 344.4s]
r1350  fit  24.181  mse  23.781  neurons  8.28 (min 7 max 10)  syn   99.0  held-out best  24.059  [ 350.9s]
r1375  fit  25.891  mse  25.491  neurons  8.33 (min 7 max 10)  syn   99.7  held-out best  24.059  [ 357.3s]
r1400  fit  26.468  mse  26.068  neurons  8.31 (min 7 max 10)  syn   99.4  held-out best  24.059  [ 363.7s]
r1425  fit  24.822  mse  24.422  neurons  8.27 (min 7 max 10)  syn   98.9  held-out best  24.059  [ 370.2s]
r1450  fit  25.569  mse  25.169  neurons  8.29 (min 6 max 10)  syn   98.5  held-out best  24.059  [ 376.9s]
r1475  fit  22.059  mse  21.583  neurons  8.28 (min 7 max 11)  syn   99.0  held-out best  24.059  [ 383.2s]
r1499  fit  22.515  mse  22.115  neurons  8.25 (min 7 max 10)  syn   99.0  held-out best  24.059  [ 389.2s]
DONE: held-out MSE 24.059 vs constant 34.152 (6.5 min)
