exp011 evolve: K=16, 60 rounds, 2000 Adam steps/candidate, lambda 2e-07, dev cuda
  constant-predictor held-out MSE 1.05982, target sd 1.0948
W0810 20:15:51.949000 536000 torch/fx/experimental/symbolic_shapes.py:6833] [2/0] _maybe_guard_rel() was called on non-relation expression Eq(s59, 1) | Eq(s59, 32)
W0810 20:15:51.951000 536000 torch/fx/experimental/symbolic_shapes.py:6833] [2/0] _maybe_guard_rel() was called on non-relation expression Eq(s30, 1) | Eq(s30, 6)
  TEACHER reference (NAP  6 (2^6=   64 rows) x tph  32 x heads 1 anchors full_coverage lr 0.003  -> 12,288 params):
    held-out MSE 0.02522   params 12,288   throughput 192 weights/forward   (2000 steps)
  anchoring: LITERAL PAIRS evolved, pair mutation rate 0.03
  THROUGHPUT BUDGET 192 weights/forward (teacher reads 192); tph is bounded at 32 for a 1-head genome
W0810 20:15:54.424000 536000 torch/fx/experimental/symbolic_shapes.py:6833] [2/1] _maybe_guard_rel() was called on non-relation expression Eq(s4, 1) | Eq(s4, s14)
W0810 20:15:54.479000 536000 torch/fx/experimental/symbolic_shapes.py:6833] [2/1] _maybe_guard_rel() was called on non-relation expression Eq(s62, 1) | Eq(s62, 27)
W0810 20:15:54.480000 536000 torch/fx/experimental/symbolic_shapes.py:6833] [2/1] _maybe_guard_rel() was called on non-relation expression Eq(s30, 1) | Eq(s30, 6)
W0810 20:15:59.670000 536000 torch/fx/experimental/symbolic_shapes.py:6833] [2/2] _maybe_guard_rel() was called on non-relation expression Eq(s4, 1) | Eq(s4, s14)
W0810 20:15:59.725000 536000 torch/fx/experimental/symbolic_shapes.py:6833] [2/2] _maybe_guard_rel() was called on non-relation expression Eq(s62, 1) | Eq(s62, 31)
W0810 20:15:59.726000 536000 torch/fx/experimental/symbolic_shapes.py:6833] [2/2] _maybe_guard_rel() was called on non-relation expression Eq(s30, 1) | Eq(s30, 6)
W0810 20:16:03.598000 536000 torch/fx/experimental/symbolic_shapes.py:6833] [2/3] _maybe_guard_rel() was called on non-relation expression Eq(s4, 1) | Eq(s4, s14)
W0810 20:16:03.653000 536000 torch/fx/experimental/symbolic_shapes.py:6833] [2/3] _maybe_guard_rel() was called on non-relation expression Eq(s62, 1) | Eq(s62, 6)
W0810 20:16:03.654000 536000 torch/fx/experimental/symbolic_shapes.py:6833] [2/3] _maybe_guard_rel() was called on non-relation expression Eq(s30, 1) | Eq(s30, 6)
W0810 20:16:07.395000 536000 torch/fx/experimental/symbolic_shapes.py:6833] [2/4] _maybe_guard_rel() was called on non-relation expression Eq(s4, 1) | Eq(s4, s14)
W0810 20:16:07.449000 536000 torch/fx/experimental/symbolic_shapes.py:6833] [2/4] _maybe_guard_rel() was called on non-relation expression Eq(s62, 1) | Eq(s62, 11)
W0810 20:16:07.449000 536000 torch/fx/experimental/symbolic_shapes.py:6833] [2/4] _maybe_guard_rel() was called on non-relation expression Eq(s30, 1) | Eq(s30, 6)
W0810 20:16:11.283000 536000 torch/fx/experimental/symbolic_shapes.py:6833] [2/5] _maybe_guard_rel() was called on non-relation expression Eq(s4, 1) | Eq(s4, s14)
W0810 20:16:11.336000 536000 torch/fx/experimental/symbolic_shapes.py:6833] [2/5] _maybe_guard_rel() was called on non-relation expression Eq(s62, 1) | Eq(s62, 27)
W0810 20:16:11.337000 536000 torch/fx/experimental/symbolic_shapes.py:6833] [2/5] _maybe_guard_rel() was called on non-relation expression Eq(s30, 1) | Eq(s30, 6)
W0810 20:16:18.224000 536000 torch/fx/experimental/symbolic_shapes.py:6833] [2/6] _maybe_guard_rel() was called on non-relation expression Eq(s4, 1) | Eq(s4, s14)
W0810 20:16:18.278000 536000 torch/fx/experimental/symbolic_shapes.py:6833] [2/6] _maybe_guard_rel() was called on non-relation expression Eq(s62, 1) | Eq(s62, 21)
W0810 20:16:18.279000 536000 torch/fx/experimental/symbolic_shapes.py:6833] [2/6] _maybe_guard_rel() was called on non-relation expression Eq(s30, 1) | Eq(s30, 6)
W0810 20:16:22.758000 536000 torch/fx/experimental/symbolic_shapes.py:6833] [2/7] _maybe_guard_rel() was called on non-relation expression Eq(s4, 1) | Eq(s4, s14)
W0810 20:16:22.811000 536000 torch/fx/experimental/symbolic_shapes.py:6833] [2/7] _maybe_guard_rel() was called on non-relation expression Eq(s62, 1) | Eq(s62, 32)
W0810 20:16:22.811000 536000 torch/fx/experimental/symbolic_shapes.py:6833] [2/7] _maybe_guard_rel() was called on non-relation expression Eq(s30, 1) | Eq(s30, 6)
W0810 20:16:26.913000 536000 torch/_dynamo/convert_frame.py:1358] [2/8] torch._dynamo hit config.recompile_limit (8)
W0810 20:16:26.913000 536000 torch/_dynamo/convert_frame.py:1358] [2/8]    function: '_soft_lut_bwd_body' (/home/astarostin/projects/spiky/src/spiky/lutorch/fast_multi_head_lut.py:123)
W0810 20:16:26.913000 536000 torch/_dynamo/convert_frame.py:1358] [2/8]    last reason: 2/7: tensor 'index' size mismatch at index 1. expected 32, actual 21
W0810 20:16:26.913000 536000 torch/_dynamo/convert_frame.py:1358] [2/8] To log all recompilation reasons, use TORCH_LOGS="recompiles".
W0810 20:16:26.913000 536000 torch/_dynamo/convert_frame.py:1358] [2/8] To diagnose recompilation issues, see https://pytorch.org/docs/main/torch.compiler_troubleshooting.html
  round   0  best fitness -0.02562  min MSE 0.01330  params min/med 192/2,640  tput min/med 18/132  pareto 12  beats-teacher 0  71s
  round   1  best fitness -0.02563  min MSE 0.01331  params min/med 192/2,640  tput min/med 18/132  pareto 12  beats-teacher 0  126s
  round   2  best fitness -0.02572  min MSE 0.01357  params min/med 504/15,744  tput min/med 30/132  pareto 14  beats-teacher 0  177s
  round   3  best fitness -0.02569  min MSE 0.01377  params min/med 2,976/29,952  tput min/med 66/138  pareto 14  beats-teacher 0  223s
  round   4  best fitness -0.02581  min MSE 0.01675  params min/med 6,528/24,576  tput min/med 96/138  pareto 14  beats-teacher 0  270s
  round   5  best fitness -0.02584  min MSE 0.01656  params min/med 12,288/24,576  tput min/med 96/171  pareto 15  beats-teacher 0  316s
  round   6  best fitness -0.02577  min MSE 0.01469  params min/med 5,760/29,952  tput min/med 90/180  pareto 16  beats-teacher 0  363s
  round   7  best fitness -0.02567  min MSE 0.01490  params min/med 5,760/29,952  tput min/med 90/180  pareto 17  beats-teacher 0  409s
  round   8  best fitness -0.02561  min MSE 0.01505  params min/med 20,736/35,328  tput min/med 138/180  pareto 17  beats-teacher 0  455s
  round   9  best fitness -0.02535  min MSE 0.01492  params min/med 15,360/35,328  tput min/med 120/180  pareto 17  beats-teacher 0  502s
  round  10  best fitness -0.02513  min MSE 0.01478  params min/med 15,360/26,880  tput min/med 114/180  pareto 17  beats-teacher 0  546s
  round  11  best fitness -0.02498  min MSE 0.01479  params min/med 12,288/24,576  tput min/med 114/180  pareto 19  beats-teacher 0  590s
  round  12  best fitness -0.02487  min MSE 0.01480  params min/med 12,288/24,576  tput min/med 132/186  pareto 19  beats-teacher 0  633s
  round  13  best fitness -0.02482  min MSE 0.01485  params min/med 19,968/38,400  tput min/med 132/180  pareto 20  beats-teacher 0  679s
  round  14  best fitness -0.02481  min MSE 0.01498  params min/med 23,040/38,400  tput min/med 132/180  pareto 20  beats-teacher 0  726s
  round  15  best fitness -0.02464  min MSE 0.01417  params min/med 23,040/34,560  tput min/med 132/180  pareto 20  beats-teacher 0  774s
  round  16  best fitness -0.02450  min MSE 0.01417  params min/med 23,040/45,312  tput min/med 174/186  pareto 20  beats-teacher 0  820s
  round  17  best fitness -0.02446  min MSE 0.01474  params min/med 11,520/45,312  tput min/med 174/183  pareto 20  beats-teacher 0  867s
  round  18  best fitness -0.02447  min MSE 0.01421  params min/med 11,520/44,544  tput min/med 174/189  pareto 20  beats-teacher 0  914s
  round  19  best fitness -0.02449  min MSE 0.01417  params min/med 23,040/46,848  tput min/med 96/186  pareto 20  beats-teacher 0  962s
  round  20  best fitness -0.02438  min MSE 0.01456  params min/med 24,576/44,544  tput min/med 96/183  pareto 21  beats-teacher 0  1009s
  round  21  best fitness -0.02424  min MSE 0.01462  params min/med 16,896/44,544  tput min/med 132/174  pareto 23  beats-teacher 0  1053s
  round  22  best fitness -0.02401  min MSE 0.01459  params min/med 16,896/44,544  tput min/med 132/174  pareto 23  beats-teacher 0  1099s
  round  23  best fitness -0.02392  min MSE 0.01438  params min/med 14,592/43,008  tput min/med 114/183  pareto 23  beats-teacher 0  1145s
  round  24  best fitness -0.02388  min MSE 0.01469  params min/med 14,592/44,544  tput min/med 114/192  pareto 23  beats-teacher 0  1188s
  round  25  best fitness -0.02387  min MSE 0.01350  params min/med 13,056/44,544  tput min/med 102/183  pareto 23  beats-teacher 0  1233s
  round  26  best fitness -0.02388  min MSE 0.01316  params min/med 13,056/44,544  tput min/med 102/174  pareto 23  beats-teacher 0  1278s
  round  27  best fitness -0.02391  min MSE 0.01310  params min/med 17,664/44,544  tput min/med 138/183  pareto 22  beats-teacher 0  1325s
  round  28  best fitness -0.02392  min MSE 0.01308  params min/med 17,664/41,472  tput min/med 138/186  pareto 22  beats-teacher 0  1370s
  round  29  best fitness -0.02388  min MSE 0.01391  params min/med 22,272/44,544  tput min/med 150/192  pareto 22  beats-teacher 0  1416s
  round  30  best fitness -0.02386  min MSE 0.01378  params min/med 18,432/44,544  tput min/med 114/192  pareto 21  beats-teacher 0  1462s
  round  31  best fitness -0.02376  min MSE 0.01458  params min/med 18,432/44,544  tput min/med 114/192  pareto 21  beats-teacher 0  1508s
  round  32  best fitness -0.02382  min MSE 0.01446  params min/med 12,288/44,544  tput min/med 174/192  pareto 21  beats-teacher 0  1552s
  round  33  best fitness -0.02392  min MSE 0.01420  params min/med 12,288/44,544  tput min/med 108/186  pareto 21  beats-teacher 0  1597s
  round  34  best fitness -0.02392  min MSE 0.01252  params min/med 22,272/44,544  tput min/med 108/192  pareto 21  beats-teacher 0  1643s
  round  35  best fitness -0.02390  min MSE 0.01247  params min/med 19,200/44,544  tput min/med 150/192  pareto 22  beats-teacher 0  1687s
  round  36  best fitness -0.02389  min MSE 0.01319  params min/med 19,200/31,488  tput min/med 84/183  pareto 22  beats-teacher 0  1731s
  round  37  best fitness -0.02384  min MSE 0.01449  params min/med 21,504/26,112  tput min/med 84/192  pareto 22  beats-teacher 0  1774s
  round  38  best fitness -0.02384  min MSE 0.01418  params min/med 9,216/24,576  tput min/med 72/192  pareto 22  beats-teacher 0  1815s
  round  39  best fitness -0.02390  min MSE 0.01419  params min/med 5,376/24,576  tput min/med 72/192  pareto 23  beats-teacher 0  1856s
  round  40  best fitness -0.02377  min MSE 0.01454  params min/med 5,376/24,576  tput min/med 84/192  pareto 23  beats-teacher 0  1898s
  round  41  best fitness -0.02375  min MSE 0.01404  params min/med 12,288/38,400  tput min/med 126/192  pareto 24  beats-teacher 0  1940s
  round  42  best fitness -0.02372  min MSE 0.01433  params min/med 23,808/28,416  tput min/med 126/192  pareto 25  beats-teacher 0  1982s
  round  43  best fitness -0.02376  min MSE 0.01449  params min/med 13,824/24,576  tput min/med 54/192  pareto 25  beats-teacher 0  2023s
  round  44  best fitness -0.02372  min MSE 0.01466  params min/med 13,824/24,576  tput min/med 54/189  pareto 25  beats-teacher 0  2066s
  round  45  best fitness -0.02377  min MSE 0.01472  params min/med 12,288/24,576  tput min/med 132/192  pareto 25  beats-teacher 0  2108s
  round  46  best fitness -0.02373  min MSE 0.01457  params min/med 12,288/24,576  tput min/med 150/192  pareto 25  beats-teacher 0  2149s
  round  47  best fitness -0.02372  min MSE 0.01477  params min/med 12,288/24,576  tput min/med 150/192  pareto 25  beats-teacher 0  2187s
  round  48  best fitness -0.02369  min MSE 0.01512  params min/med 12,288/24,576  tput min/med 174/192  pareto 25  beats-teacher 0  2226s
  round  49  best fitness -0.02366  min MSE 0.01523  params min/med 6,912/24,576  tput min/med 108/192  pareto 25  beats-teacher 0  2266s
  round  50  best fitness -0.02371  min MSE 0.01582  params min/med 6,912/24,576  tput min/med 108/192  pareto 26  beats-teacher 0  2306s
  round  51  best fitness -0.02374  min MSE 0.01602  params min/med 12,288/24,576  tput min/med 162/192  pareto 26  beats-teacher 0  2343s
  round  52  best fitness -0.02373  min MSE 0.01644  params min/med 12,288/24,576  tput min/med 192/192  pareto 26  beats-teacher 0  2379s
  round  53  best fitness -0.02370  min MSE 0.01671  params min/med 12,288/24,576  tput min/med 126/192  pareto 26  beats-teacher 0  2417s
  round  54  best fitness -0.02370  min MSE 0.01714  params min/med 5,376/24,576  tput min/med 84/192  pareto 26  beats-teacher 0  2453s
  round  55  best fitness -0.02366  min MSE 0.01612  params min/med 3,072/24,576  tput min/med 48/192  pareto 26  beats-teacher 0  2491s
  round  56  best fitness -0.02375  min MSE 0.01571  params min/med 3,072/24,576  tput min/med 48/192  pareto 26  beats-teacher 0  2528s
  round  57  best fitness -0.02376  min MSE 0.01800  params min/med 11,136/24,576  tput min/med 108/192  pareto 26  beats-teacher 0  2565s
  round  58  best fitness -0.02376  min MSE 0.01880  params min/med 11,136/24,576  tput min/med 108/192  pareto 26  beats-teacher 0  2599s
  round  59  best fitness -0.02377  min MSE 0.01581  params min/med 12,288/24,576  tput min/med 162/192  pareto 26  beats-teacher 0  2634s

BEST member 1: fitness -0.02377
  NAP  7 (2^7=  128 rows) x tph  32 x heads 1 anchors full_coverage lr 0.00284  -> 24,576 params

PARETO FRONT on PARAMETERS (26 points, lambda-free):
      params  throughput  held-out MSE  vs constant  config
         192          24       0.33076      0.3121x  NAP  3 x tph   4 x heads 1  lr 0.01464
         288          18       0.30478      0.2876x  NAP  4 x tph   3 x heads 1  lr 0.000601
         336         168       0.23649      0.2231x  NAP  1 x tph  28 x heads 1  lr 0.005517
         504         126       0.16946      0.1599x  NAP  2 x tph  21 x heads 1  lr 0.002707
       1,920          30       0.13845      0.1306x  NAP  6 x tph   5 x heads 1  lr 0.0006542
       2,016         126       0.08857      0.0836x  NAP  4 x tph  21 x heads 1  lr 0.02884
       2,976         186       0.05205      0.0491x  NAP  4 x tph  31 x heads 1  lr 0.00157
       6,528         102       0.04022      0.0379x  NAP  6 x tph  17 x heads 1  lr 0.01005
      11,136         174       0.03124      0.0295x  NAP  6 x tph  29 x heads 1  lr 0.004932
      11,520         180       0.02861      0.0270x  NAP  6 x tph  30 x heads 1  lr 0.003177
      12,288         192       0.02678      0.0253x  NAP  6 x tph  32 x heads 1  lr 0.003177
      16,896         132       0.02502      0.0236x  NAP  7 x tph  22 x heads 1  lr 0.001816
      17,664         138       0.02386      0.0225x  NAP  7 x tph  23 x heads 1  lr 0.004502
      18,432         144       0.02300      0.0217x  NAP  7 x tph  24 x heads 1  lr 0.003525
      20,736         162       0.02106      0.0199x  NAP  7 x tph  27 x heads 1  lr 0.00381
      22,272         174       0.02007      0.0189x  NAP  7 x tph  29 x heads 1  lr 0.002371
      23,808         186       0.01990      0.0188x  NAP  7 x tph  31 x heads 1  lr 0.003194
      24,576         192       0.01840      0.0174x  NAP  7 x tph  32 x heads 1  lr 0.003194
      35,328         138       0.01832      0.0173x  NAP  8 x tph  23 x heads 1  lr 0.004837
      38,400         150       0.01736      0.0164x  NAP  8 x tph  25 x heads 1  lr 0.003191
      41,472         162       0.01729      0.0163x  NAP  8 x tph  27 x heads 1  lr 0.002111
      44,544         174       0.01477      0.0139x  NAP  8 x tph  29 x heads 1  lr 0.003194
      47,616         186       0.01449      0.0137x  NAP  8 x tph  31 x heads 1  lr 0.003194
      49,152         192       0.01391      0.0131x  NAP  8 x tph  32 x heads 1  lr 0.003194
      89,088         174       0.01319      0.0124x  NAP  9 x tph  29 x heads 1  lr 0.002244
      98,304         192       0.01247      0.0118x  NAP  9 x tph  32 x heads 1  lr 0.001805

PARETO FRONT on THROUGHPUT (12 points, lambda-free):
      params  throughput  held-out MSE  vs constant  config
         288          18       0.30478      0.2876x  NAP  4 x tph   3 x heads 1  lr 0.000601
       1,920          30       0.13845      0.1306x  NAP  6 x tph   5 x heads 1  lr 0.0006542
       2,304          36       0.11400      0.1076x  NAP  6 x tph   6 x heads 1  lr 0.004457
       3,072          48       0.08326      0.0786x  NAP  6 x tph   8 x heads 1  lr 0.003194
      13,824          54       0.04968      0.0469x  NAP  8 x tph   9 x heads 1  lr 0.002244
       9,216          72       0.04744      0.0448x  NAP  7 x tph  12 x heads 1  lr 0.0009774
      21,504          84       0.03152      0.0297x  NAP  8 x tph  14 x heads 1  lr 0.001882
      49,152          96       0.02314      0.0218x  NAP  9 x tph  16 x heads 1  lr 0.003194
     221,184         108       0.01418      0.0134x  NAP 11 x tph  18 x heads 1  lr 0.00468
     165,888         162       0.01330      0.0125x  NAP 10 x tph  27 x heads 1  lr 0.00468
      89,088         174       0.01319      0.0124x  NAP  9 x tph  29 x heads 1  lr 0.002244
      98,304         192       0.01247      0.0118x  NAP  9 x tph  32 x heads 1  lr 0.001805

JOINT FRONT, non-dominated on (params, throughput, MSE) together (48 points):
      params  throughput  held-out MSE  vs constant  config
         192          24       0.33076      0.3121x  NAP  3 x tph   4 x heads 1  lr 0.01464
         288          18       0.30478      0.2876x  NAP  4 x tph   3 x heads 1  lr 0.000601
         336         168       0.23649      0.2231x  NAP  1 x tph  28 x heads 1  lr 0.005517
         504         126       0.16946      0.1599x  NAP  2 x tph  21 x heads 1  lr 0.002707
       1,920          30       0.13845      0.1306x  NAP  6 x tph   5 x heads 1  lr 0.0006542
       2,016         126       0.08857      0.0836x  NAP  4 x tph  21 x heads 1  lr 0.02884
       2,304          36       0.11400      0.1076x  NAP  6 x tph   6 x heads 1  lr 0.004457
       2,976         186       0.05205      0.0491x  NAP  4 x tph  31 x heads 1  lr 0.00157
       3,072          48       0.08326      0.0786x  NAP  6 x tph   8 x heads 1  lr 0.003194
       5,376          84       0.05474      0.0516x  NAP  6 x tph  14 x heads 1  lr 0.003133
       6,528         102       0.04022      0.0379x  NAP  6 x tph  17 x heads 1  lr 0.01005
       8,448          66       0.06741      0.0636x  NAP  7 x tph  11 x heads 1  lr 0.0008429
       9,216          72       0.04744      0.0448x  NAP  7 x tph  12 x heads 1  lr 0.0009774
      11,136         174       0.03124      0.0295x  NAP  6 x tph  29 x heads 1  lr 0.004932
      11,520         180       0.02861      0.0270x  NAP  6 x tph  30 x heads 1  lr 0.003177
      12,288          96       0.04354      0.0411x  NAP  7 x tph  16 x heads 1  lr 0.0003613
      12,288         192       0.02678      0.0253x  NAP  6 x tph  32 x heads 1  lr 0.003177
      13,056         102       0.03247      0.0306x  NAP  7 x tph  17 x heads 1  lr 0.002247
      13,824          54       0.04968      0.0469x  NAP  8 x tph   9 x heads 1  lr 0.002244
      13,824         108       0.02915      0.0275x  NAP  7 x tph  18 x heads 1  lr 0.01445
      14,592         114       0.02727      0.0257x  NAP  7 x tph  19 x heads 1  lr 0.003194
      16,896         132       0.02502      0.0236x  NAP  7 x tph  22 x heads 1  lr 0.001816
      17,664         138       0.02386      0.0225x  NAP  7 x tph  23 x heads 1  lr 0.004502
      18,432         144       0.02300      0.0217x  NAP  7 x tph  24 x heads 1  lr 0.003525
      20,736         162       0.02106      0.0199x  NAP  7 x tph  27 x heads 1  lr 0.00381
      21,504          84       0.03152      0.0297x  NAP  8 x tph  14 x heads 1  lr 0.001882
      22,272         174       0.02007      0.0189x  NAP  7 x tph  29 x heads 1  lr 0.002371
      23,808         186       0.01990      0.0188x  NAP  7 x tph  31 x heads 1  lr 0.003194
      24,576          96       0.02611      0.0246x  NAP  8 x tph  16 x heads 1  lr 0.003038
      24,576         192       0.01840      0.0174x  NAP  7 x tph  32 x heads 1  lr 0.003194
      27,648         108       0.02243      0.0212x  NAP  8 x tph  18 x heads 1  lr 0.002244
      29,184         114       0.02188      0.0206x  NAP  8 x tph  19 x heads 1  lr 0.002244
      32,256         126       0.01986      0.0187x  NAP  8 x tph  21 x heads 1  lr 0.002338
      35,328         138       0.01832      0.0173x  NAP  8 x tph  23 x heads 1  lr 0.004837
      38,400         150       0.01736      0.0164x  NAP  8 x tph  25 x heads 1  lr 0.003191
      41,472         162       0.01729      0.0163x  NAP  8 x tph  27 x heads 1  lr 0.002111
      44,544         174       0.01477      0.0139x  NAP  8 x tph  29 x heads 1  lr 0.003194
      47,616         186       0.01449      0.0137x  NAP  8 x tph  31 x heads 1  lr 0.003194
      49,152          96       0.02314      0.0218x  NAP  9 x tph  16 x heads 1  lr 0.003194
      49,152         192       0.01391      0.0131x  NAP  8 x tph  32 x heads 1  lr 0.003194
      55,296         108       0.01864      0.0176x  NAP  9 x tph  18 x heads 1  lr 0.002691
      67,584         132       0.01665      0.0157x  NAP  9 x tph  22 x heads 1  lr 0.002954
      70,656         138       0.01594      0.0150x  NAP  9 x tph  23 x heads 1  lr 0.002903
      82,944         162       0.01493      0.0141x  NAP  9 x tph  27 x heads 1  lr 0.00455
      89,088         174       0.01319      0.0124x  NAP  9 x tph  29 x heads 1  lr 0.002244
      98,304         192       0.01247      0.0118x  NAP  9 x tph  32 x heads 1  lr 0.001805
     165,888         162       0.01330      0.0125x  NAP 10 x tph  27 x heads 1  lr 0.00468
     221,184         108       0.01418      0.0134x  NAP 11 x tph  18 x heads 1  lr 0.00468

VS THE TEACHER  (MSE 0.02522, params 12,288, throughput 192, tol 0.002):
  859/960 candidates matched the teacher's fit; 0 Pareto-dominate it; 0 beat it on BOTH params and throughput.
    none yet. Best fit overall: MSE 0.01247 at 98,304 params / 192 throughput.
    Cheapest match of the teacher's fit: 12,288 params / 192 throughput at MSE 0.02678.
