RANDOM init: 512 independent genomes, 40 exc + 10 inh active (E-frac 0.800), ~341 synapses each
r   0  fit  71.581  mse  71.581  neurons 50.00 (min 50 max 50)  syn  341.1  held-out best  56.534  [   4.0s]
r  25  fit  73.221  mse  73.221  neurons 50.00 (min 50 max 50)  syn  477.5  held-out best  56.534  [  48.9s]
r  50  fit  62.439  mse  62.439  neurons 50.00 (min 50 max 50)  syn  511.5  held-out best  65.188  [  92.2s]
r  75  fit  63.081  mse  63.081  neurons 50.00 (min 50 max 50)  syn  528.4  held-out best  65.188  [ 136.2s]
r 100  fit  61.116  mse  61.116  neurons 50.00 (min 50 max 50)  syn  545.3  held-out best  65.188  [ 169.4s]
r 125  fit  64.020  mse  64.020  neurons 50.00 (min 50 max 50)  syn  552.3  held-out best  65.188  [ 198.1s]
r 150  fit  64.075  mse  64.075  neurons 50.00 (min 50 max 50)  syn  562.2  held-out best  65.188  [ 227.9s]
r 175  fit  62.008  mse  62.008  neurons 50.00 (min 50 max 50)  syn  575.3  held-out best  65.188  [ 257.2s]
r 200  fit  61.459  mse  61.459  neurons 50.00 (min 50 max 50)  syn  578.1  held-out best  65.188  [ 286.9s]
r 225  fit  65.728  mse  65.728  neurons 50.00 (min 50 max 50)  syn  585.7  held-out best  65.188  [ 315.4s]
r 250  fit  62.110  mse  62.110  neurons 50.00 (min 50 max 50)  syn  587.1  held-out best  65.188  [ 344.6s]
r 275  fit  61.262  mse  61.262  neurons 50.00 (min 50 max 50)  syn  594.8  held-out best  65.188  [ 372.8s]
r 300  fit  61.359  mse  61.359  neurons 50.00 (min 50 max 50)  syn  597.6  held-out best  65.188  [ 401.7s]
r 325  fit  64.019  mse  64.019  neurons 50.00 (min 50 max 50)  syn  600.2  held-out best  65.188  [ 430.5s]
r 350  fit  63.403  mse  63.403  neurons 50.00 (min 50 max 50)  syn  604.9  held-out best  65.188  [ 459.5s]
r 375  fit  63.343  mse  63.343  neurons 50.00 (min 50 max 50)  syn  608.6  held-out best  65.188  [ 488.1s]
r 400  fit  64.417  mse  64.417  neurons 50.00 (min 50 max 50)  syn  607.4  held-out best  65.188  [ 517.4s]
r 425  fit  63.659  mse  63.659  neurons 50.00 (min 50 max 50)  syn  614.6  held-out best  65.188  [ 546.0s]
r 450  fit  62.446  mse  62.446  neurons 50.00 (min 50 max 50)  syn  618.7  held-out best  65.188  [ 575.1s]
r 475  fit  62.795  mse  62.795  neurons 50.00 (min 50 max 50)  syn  617.0  held-out best  65.188  [ 604.8s]
r 500  fit  62.402  mse  62.402  neurons 50.00 (min 50 max 50)  syn  620.4  held-out best  65.188  [ 635.0s]
r 525  fit  63.026  mse  63.026  neurons 50.00 (min 50 max 50)  syn  626.0  held-out best  65.188  [ 665.0s]
r 550  fit  59.584  mse  59.584  neurons 50.00 (min 50 max 50)  syn  621.8  held-out best  59.844  [ 695.7s]
r 575  fit  64.397  mse  64.397  neurons 50.00 (min 50 max 50)  syn  627.7  held-out best  59.844  [ 725.4s]
r 600  fit  61.186  mse  61.186  neurons 50.00 (min 50 max 50)  syn  630.0  held-out best  59.844  [ 756.1s]
r 625  fit  61.756  mse  61.756  neurons 50.00 (min 50 max 50)  syn  631.7  held-out best  59.844  [ 786.5s]
r 650  fit  62.214  mse  62.214  neurons 50.00 (min 50 max 50)  syn  635.9  held-out best  59.844  [ 817.6s]
r 675  fit  63.243  mse  63.243  neurons 50.00 (min 50 max 50)  syn  638.2  held-out best  59.844  [ 847.2s]
r 700  fit  62.742  mse  62.742  neurons 50.00 (min 50 max 50)  syn  639.3  held-out best  59.844  [ 877.3s]
r 725  fit  64.489  mse  64.489  neurons 50.00 (min 50 max 50)  syn  637.7  held-out best  59.844  [ 906.8s]
r 750  fit  57.155  mse  57.155  neurons 50.00 (min 50 max 50)  syn  642.4  held-out best  43.065  [ 937.4s]
r 775  fit  59.004  mse  59.004  neurons 50.00 (min 50 max 50)  syn  643.4  held-out best  43.065  [ 967.7s]
r 800  fit  59.587  mse  59.587  neurons 50.00 (min 50 max 50)  syn  645.4  held-out best  43.065  [ 999.3s]
r 825  fit  60.099  mse  60.099  neurons 50.00 (min 50 max 50)  syn  644.1  held-out best  43.065  [1030.8s]
r 850  fit  61.321  mse  61.321  neurons 50.00 (min 50 max 50)  syn  642.9  held-out best  43.065  [1062.5s]
r 875  fit  59.350  mse  59.350  neurons 50.00 (min 50 max 50)  syn  647.3  held-out best  43.065  [1092.8s]
r 900  fit  60.786  mse  60.786  neurons 50.00 (min 50 max 50)  syn  650.9  held-out best  43.065  [1124.9s]
r 925  fit  58.576  mse  58.576  neurons 50.00 (min 50 max 50)  syn  652.4  held-out best  43.065  [1156.0s]
r 950  fit  60.692  mse  60.692  neurons 50.00 (min 50 max 50)  syn  651.0  held-out best  43.065  [1187.7s]
r 975  fit  61.200  mse  61.200  neurons 50.00 (min 50 max 50)  syn  649.0  held-out best  43.065  [1218.5s]
r1000  fit  57.981  mse  57.981  neurons 50.00 (min 50 max 50)  syn  652.1  held-out best  43.065  [1250.0s]
r1025  fit  59.050  mse  59.050  neurons 50.00 (min 50 max 50)  syn  651.8  held-out best  43.065  [1281.1s]
r1050  fit  59.629  mse  59.629  neurons 50.00 (min 50 max 50)  syn  652.8  held-out best  43.065  [1312.9s]
r1075  fit  61.681  mse  61.681  neurons 50.00 (min 50 max 50)  syn  654.2  held-out best  43.065  [1343.9s]
r1100  fit  58.638  mse  58.638  neurons 50.00 (min 50 max 50)  syn  655.1  held-out best  43.065  [1374.1s]
r1125  fit  60.641  mse  60.641  neurons 50.00 (min 50 max 50)  syn  658.0  held-out best  43.065  [1404.0s]
r1150  fit  59.916  mse  59.916  neurons 50.00 (min 50 max 50)  syn  656.4  held-out best  43.065  [1434.6s]
r1175  fit  59.080  mse  59.080  neurons 50.00 (min 50 max 50)  syn  657.1  held-out best  43.065  [1464.9s]
r1200  fit  61.264  mse  61.264  neurons 50.00 (min 50 max 50)  syn  659.3  held-out best  43.065  [1497.2s]
r1225  fit  59.017  mse  59.017  neurons 50.00 (min 50 max 50)  syn  657.1  held-out best  43.065  [1528.7s]
r1250  fit  58.514  mse  58.514  neurons 50.00 (min 50 max 50)  syn  660.3  held-out best  43.065  [1560.8s]
r1275  fit  60.465  mse  60.465  neurons 50.00 (min 50 max 50)  syn  659.4  held-out best  43.065  [1591.5s]
r1300  fit  59.316  mse  59.316  neurons 50.00 (min 50 max 50)  syn  659.9  held-out best  43.065  [1623.4s]
r1325  fit  57.712  mse  57.712  neurons 50.00 (min 50 max 50)  syn  660.0  held-out best  43.065  [1654.8s]
r1350  fit  57.806  mse  57.806  neurons 50.00 (min 50 max 50)  syn  666.1  held-out best  43.065  [1686.6s]
r1375  fit  58.191  mse  58.191  neurons 50.00 (min 50 max 50)  syn  663.0  held-out best  43.065  [1717.7s]
r1400  fit  58.117  mse  58.117  neurons 50.00 (min 50 max 50)  syn  661.2  held-out best  43.065  [1749.8s]
r1425  fit  60.767  mse  60.767  neurons 50.00 (min 50 max 50)  syn  663.2  held-out best  43.065  [1781.9s]
r1450  fit  58.269  mse  58.269  neurons 50.00 (min 50 max 50)  syn  661.7  held-out best  43.065  [1814.1s]
r1475  fit  57.636  mse  57.636  neurons 50.00 (min 50 max 50)  syn  666.2  held-out best  43.065  [1845.5s]
r1500  fit  58.337  mse  58.337  neurons 50.00 (min 50 max 50)  syn  667.8  held-out best  50.542  [1876.3s]
r1525  fit  59.916  mse  59.916  neurons 50.00 (min 50 max 50)  syn  665.6  held-out best  50.542  [1906.4s]
r1550  fit  57.119  mse  57.119  neurons 50.00 (min 50 max 50)  syn  669.5  held-out best  50.542  [1937.4s]
r1575  fit  58.294  mse  58.294  neurons 50.00 (min 50 max 50)  syn  666.9  held-out best  50.542  [1967.7s]
r1600  fit  57.663  mse  57.663  neurons 50.00 (min 50 max 50)  syn  669.7  held-out best  50.542  [1998.2s]
r1625  fit  53.332  mse  53.332  neurons 50.00 (min 50 max 50)  syn  667.4  held-out best  48.219  [2028.5s]
r1650  fit  55.671  mse  55.671  neurons 50.00 (min 50 max 50)  syn  666.8  held-out best  48.219  [2059.8s]
r1675  fit  53.481  mse  53.481  neurons 50.00 (min 50 max 50)  syn  670.0  held-out best  48.219  [2090.4s]
r1699  fit  53.570  mse  53.570  neurons 50.00 (min 50 max 50)  syn  670.5  held-out best  48.219  [2120.3s]
DONE: held-out MSE 48.219 vs constant 34.152 (35.3 min)
