Loading tokenizer from /home/starost/.cache/nanochat/tokenizer
Vocab size: 32768, BOS id: 32759
Total params (all fp32): 129,304,838
Q/K Joint MHLut: in_nap=6 tph=256 d_qk=32 (n_outputs=2*d_qk=64)
V MHLut:         in_nap=7 tph=256 d_v=16 (n_outputs=d_v)
out_proj MHLut:  in_nap=10 tph=[2048, 2048, 1024, 1024, 1024, 1024] (n_outputs=E=96) + LayerNorm
Tokens/micro-batch: 4,096 | grad_accum: 1 | effective batch: 4,096 tokens
step      1 | loss=10.5717 | lr=3.75e-07
step    100 | loss=9.7990 | lr=3.75e-05
step    200 | loss=8.6880 | lr=7.50e-05
[VAL] step 200: bpb=2.3747
step    300 | loss=7.9980 | lr=1.12e-04
step    400 | loss=7.6582 | lr=1.50e-04
[VAL] step 400: bpb=2.2761
step    500 | loss=7.4312 | lr=1.87e-04
step    600 | loss=7.2256 | lr=2.25e-04
[VAL] step 600: bpb=2.1363
step    700 | loss=7.0231 | lr=2.62e-04
step    800 | loss=6.8654 | lr=3.00e-04
[VAL] step 800: bpb=2.0629
step    900 | loss=6.7552 | lr=3.00e-04
step   1000 | loss=6.6812 | lr=2.99e-04
[VAL] step 1000: bpb=2.0190
step   1100 | loss=6.6230 | lr=2.99e-04
step   1200 | loss=6.5742 | lr=2.98e-04
[VAL] step 1200: bpb=1.9938
step   1300 | loss=6.5135 | lr=2.97e-04
step   1400 | loss=6.4905 | lr=2.95e-04
[VAL] step 1400: bpb=1.9711
step   1500 | loss=6.4640 | lr=2.94e-04
step   1600 | loss=6.4070 | lr=2.92e-04
[VAL] step 1600: bpb=1.9541
step   1700 | loss=6.3870 | lr=2.90e-04
step   1800 | loss=6.3640 | lr=2.87e-04
[VAL] step 1800: bpb=1.9395
step   1900 | loss=6.3418 | lr=2.85e-04
step   2000 | loss=6.3146 | lr=2.82e-04
[VAL] step 2000: bpb=1.9242
step   2100 | loss=6.2768 | lr=2.79e-04
step   2200 | loss=6.2543 | lr=2.76e-04
[VAL] step 2200: bpb=1.9108
step   2300 | loss=6.2306 | lr=2.72e-04
step   2400 | loss=6.2195 | lr=2.68e-04
[VAL] step 2400: bpb=1.8978
step   2500 | loss=6.1989 | lr=2.65e-04
step   2600 | loss=6.1848 | lr=2.60e-04
[VAL] step 2600: bpb=1.8846
