Loading tokenizer from /home/starost/.cache/nanochat/tokenizer
Vocab size: 32768, BOS id: 32759
Total params (all fp32): 50,137,350
Q/K Joint MHLut: in_nap=6 tph=256 d_qk=32 (n_outputs=2*d_qk=64)
V MHLut:         in_nap=7 tph=256 d_v=16 (n_outputs=d_v)
out_proj MHLut:  in_nap=6 tph=[2048, 2048, 1024, 1024, 1024, 1024] (n_outputs=E=96) + LayerNorm
Tokens/micro-batch: 4,096 | grad_accum: 1 | effective batch: 4,096 tokens
step      1 | loss=10.5517 | lr=3.75e-07
step    100 | loss=9.7698 | lr=3.75e-05
step    200 | loss=8.6840 | lr=7.50e-05
[VAL] step 200: bpb=2.3774
step    300 | loss=8.0063 | lr=1.12e-04
step    400 | loss=7.6742 | lr=1.50e-04
[VAL] step 400: bpb=2.2827
step    500 | loss=7.4660 | lr=1.87e-04
step    600 | loss=7.3573 | lr=2.25e-04
[VAL] step 600: bpb=2.2239
step    700 | loss=7.2618 | lr=2.62e-04
step    800 | loss=7.1529 | lr=3.00e-04
[VAL] step 800: bpb=2.1582
step    900 | loss=7.0074 | lr=3.00e-04
step   1000 | loss=6.8673 | lr=2.99e-04
[VAL] step 1000: bpb=2.0579
step   1100 | loss=6.7616 | lr=2.99e-04
step   1200 | loss=6.6785 | lr=2.98e-04
[VAL] step 1200: bpb=2.0180
step   1300 | loss=6.5977 | lr=2.97e-04
step   1400 | loss=6.5606 | lr=2.95e-04
[VAL] step 1400: bpb=1.9919
step   1500 | loss=6.5280 | lr=2.94e-04
step   1600 | loss=6.4678 | lr=2.92e-04
[VAL] step 1600: bpb=1.9736
step   1700 | loss=6.4475 | lr=2.90e-04
step   1800 | loss=6.4238 | lr=2.87e-04
[VAL] step 1800: bpb=1.9596
step   1900 | loss=6.4024 | lr=2.85e-04
step   2000 | loss=6.3782 | lr=2.82e-04
[VAL] step 2000: bpb=1.9475
step   2100 | loss=6.3476 | lr=2.79e-04
step   2200 | loss=6.3279 | lr=2.76e-04
[VAL] step 2200: bpb=1.9343
step   2300 | loss=6.3106 | lr=2.72e-04
step   2400 | loss=6.3045 | lr=2.68e-04
[VAL] step 2400: bpb=1.9240
step   2500 | loss=6.2896 | lr=2.65e-04
step   2600 | loss=6.2787 | lr=2.60e-04
[VAL] step 2600: bpb=1.9129
step   2700 | loss=6.2484 | lr=2.56e-04
step   2800 | loss=6.2406 | lr=2.52e-04
[VAL] step 2800: bpb=1.9042
step   2900 | loss=6.2181 | lr=2.47e-04
step   3000 | loss=6.2077 | lr=2.42e-04
[VAL] step 3000: bpb=1.8969
step   3100 | loss=6.1969 | lr=2.38e-04
step   3200 | loss=6.1859 | lr=2.32e-04
[VAL] step 3200: bpb=1.8865
step   3300 | loss=6.1805 | lr=2.27e-04
step   3400 | loss=6.1474 | lr=2.22e-04
[VAL] step 3400: bpb=1.8812
step   3500 | loss=6.1398 | lr=2.17e-04
step   3600 | loss=6.1465 | lr=2.11e-04
[VAL] step 3600: bpb=1.8783
step   3700 | loss=6.1286 | lr=2.06e-04
step   3800 | loss=6.1180 | lr=2.00e-04
[VAL] step 3800: bpb=1.8717
step   3900 | loss=6.0964 | lr=1.94e-04
step   4000 | loss=6.0826 | lr=1.88e-04
[VAL] step 4000: bpb=1.8633
step   4100 | loss=6.1079 | lr=1.83e-04
step   4200 | loss=6.0824 | lr=1.77e-04
[VAL] step 4200: bpb=1.8600
step   4300 | loss=6.0851 | lr=1.71e-04
step   4400 | loss=6.0726 | lr=1.65e-04
[VAL] step 4400: bpb=1.8542
step   4500 | loss=6.0628 | lr=1.59e-04
step   4600 | loss=6.0493 | lr=1.53e-04
[VAL] step 4600: bpb=1.8508
step   4700 | loss=6.0538 | lr=1.47e-04
step   4800 | loss=6.0495 | lr=1.42e-04
[VAL] step 4800: bpb=1.8462
step   4900 | loss=6.0254 | lr=1.36e-04
step   5000 | loss=6.0199 | lr=1.30e-04
[VAL] step 5000: bpb=1.8398
