Loading tokenizer from /home/starost/.cache/nanochat/tokenizer
Vocab size: 32768, BOS id: 32759
V2DSDPATransformer: depth=6, E=192, H=6, E_H=32, E_QK=64, D=4368, seq_len=512
LUT: nap=6 (2^nap=64 cells), tph=1536, n_sparse=32, n_alt=1, smooth=True
Params: 76,090,752
AdamW groups: decay=38,332,416 lut_nodecay=37,748,736 nodecay=9,600
Tokens/micro-batch: 4,096 | grad_accum: 1 | effective batch: 4,096 tokens
step      1 | loss=10.4412 | lr=3.75e-07
step    100 | loss=10.1672 | lr=3.75e-05
step    200 | loss=9.5830 | lr=7.50e-05
[VAL] step 200: bpb=2.7087
step    300 | loss=8.7165 | lr=1.12e-04
step    400 | loss=7.9653 | lr=1.50e-04
[VAL] step 400: bpb=2.2690
step    500 | loss=7.4836 | lr=1.87e-04
step    600 | loss=7.1921 | lr=2.25e-04
[VAL] step 600: bpb=2.1221
step    700 | loss=6.9965 | lr=2.62e-04
step    800 | loss=6.8516 | lr=3.00e-04
[VAL] step 800: bpb=2.0616
step    900 | loss=6.7502 | lr=3.00e-04
step   1000 | loss=6.6866 | lr=2.99e-04
[VAL] step 1000: bpb=2.0247
step   1100 | loss=6.6403 | lr=2.99e-04
step   1200 | loss=6.6023 | lr=2.98e-04
[VAL] step 1200: bpb=2.0038
step   1300 | loss=6.5546 | lr=2.97e-04
step   1400 | loss=6.5427 | lr=2.95e-04
[VAL] step 1400: bpb=1.9905
step   1500 | loss=6.5237 | lr=2.94e-04
step   1600 | loss=6.4758 | lr=2.92e-04
[VAL] step 1600: bpb=1.9767
step   1700 | loss=6.4634 | lr=2.90e-04
step   1800 | loss=6.4509 | lr=2.87e-04
[VAL] step 1800: bpb=1.9660
step   1900 | loss=6.4401 | lr=2.85e-04
step   2000 | loss=6.4216 | lr=2.82e-04
[VAL] step 2000: bpb=1.9589
step   2100 | loss=6.3995 | lr=2.79e-04
step   2200 | loss=6.3897 | lr=2.76e-04
[VAL] step 2200: bpb=1.9521
step   2300 | loss=6.3777 | lr=2.72e-04
step   2400 | loss=6.3748 | lr=2.68e-04
[VAL] step 2400: bpb=1.9471
step   2500 | loss=6.3696 | lr=2.65e-04
step   2600 | loss=6.3683 | lr=2.60e-04
[VAL] step 2600: bpb=1.9402
step   2700 | loss=6.3414 | lr=2.56e-04
step   2800 | loss=6.3409 | lr=2.52e-04
[VAL] step 2800: bpb=1.9354
step   2900 | loss=6.3262 | lr=2.47e-04
step   3000 | loss=6.3230 | lr=2.42e-04
[VAL] step 3000: bpb=1.9306
step   3100 | loss=6.3145 | lr=2.38e-04
step   3200 | loss=6.3093 | lr=2.32e-04
[VAL] step 3200: bpb=1.9263
step   3300 | loss=6.3057 | lr=2.27e-04
step   3400 | loss=6.2796 | lr=2.22e-04
[VAL] step 3400: bpb=1.9235
step   3500 | loss=6.2764 | lr=2.17e-04
step   3600 | loss=6.2880 | lr=2.11e-04
[VAL] step 3600: bpb=1.9211
step   3700 | loss=6.2789 | lr=2.06e-04
step   3800 | loss=6.2687 | lr=2.00e-04
[VAL] step 3800: bpb=1.9186
step   3900 | loss=6.2509 | lr=1.94e-04
step   4000 | loss=6.2486 | lr=1.88e-04
[VAL] step 4000: bpb=1.9149
step   4100 | loss=6.2734 | lr=1.83e-04
step   4200 | loss=6.2502 | lr=1.77e-04
[VAL] step 4200: bpb=1.9102
step   4300 | loss=6.2568 | lr=1.71e-04
step   4400 | loss=6.2458 | lr=1.65e-04
[VAL] step 4400: bpb=1.9072
step   4500 | loss=6.2427 | lr=1.59e-04
step   4600 | loss=6.2325 | lr=1.53e-04
[VAL] step 4600: bpb=1.9040
step   4700 | loss=6.2410 | lr=1.47e-04
step   4800 | loss=6.2436 | lr=1.42e-04
[VAL] step 4800: bpb=1.9032
step   4900 | loss=6.2211 | lr=1.36e-04
step   5000 | loss=6.2205 | lr=1.30e-04
[VAL] step 5000: bpb=1.8998
step   5100 | loss=6.2088 | lr=1.24e-04
step   5200 | loss=6.1932 | lr=1.19e-04
[VAL] step 5200: bpb=1.8960
step   5300 | loss=6.1894 | lr=1.13e-04
step   5400 | loss=6.1813 | lr=1.08e-04
[VAL] step 5400: bpb=1.8932
step   5500 | loss=6.1781 | lr=1.03e-04
step   5600 | loss=6.1933 | lr=9.75e-05
[VAL] step 5600: bpb=1.8912
step   5700 | loss=6.1804 | lr=9.25e-05
step   5800 | loss=6.1763 | lr=8.76e-05
[VAL] step 5800: bpb=1.8891
step   5900 | loss=6.1820 | lr=8.28e-05
step   6000 | loss=6.1682 | lr=7.82e-05
[VAL] step 6000: bpb=1.8868
step   6100 | loss=6.1642 | lr=7.38e-05
step   6200 | loss=6.1592 | lr=6.95e-05
[VAL] step 6200: bpb=1.8859
step   6300 | loss=6.1634 | lr=6.55e-05
step   6400 | loss=6.1497 | lr=6.16e-05
[VAL] step 6400: bpb=1.8828
step   6500 | loss=6.1478 | lr=5.79e-05
step   6600 | loss=6.1556 | lr=5.44e-05
[VAL] step 6600: bpb=1.8804
step   6700 | loss=6.1505 | lr=5.11e-05
step   6800 | loss=6.1441 | lr=4.81e-05
[VAL] step 6800: bpb=1.8795
step   6900 | loss=6.1479 | lr=4.53e-05
step   7000 | loss=6.1452 | lr=4.26e-05
[VAL] step 7000: bpb=1.8790
step   7100 | loss=6.1396 | lr=4.03e-05
step   7200 | loss=6.1398 | lr=3.81e-05
[VAL] step 7200: bpb=1.8785
step   7300 | loss=6.1342 | lr=3.62e-05
step   7400 | loss=6.1426 | lr=3.46e-05
[VAL] step 7400: bpb=1.8766
step   7500 | loss=6.1329 | lr=3.32e-05
step   7600 | loss=6.1249 | lr=3.21e-05
[VAL] step 7600: bpb=1.8759
step   7700 | loss=6.1150 | lr=3.12e-05
step   7800 | loss=6.1251 | lr=3.05e-05
[VAL] step 7800: bpb=1.8746
step   7900 | loss=6.1244 | lr=3.01e-05
step   8000 | loss=6.1177 | lr=3.00e-05
[VAL] step 8000: bpb=1.8741

=== DONE ===
{
  "exp_name": "exp210_e192_v2d3x",
  "best_val_bpb": 1.8740852741872014,
  "final_val_bpb": 1.8740852741872014,
  "total_params": 76090752,
  "training_time_hours": 0.539
}
