Failed to import warp: No module named 'warp'
Failed to import mujoco_warp: No module named 'warp'
LUT-SAC actor nap=6 tph=32 heads=1 seed=4 addressing=hyperplane/anchor_pairs(canonical_full_coverage) | 12 outputs/cell (6 mu + 6 log-sigma) | table 24,576 + addressing 3,456 = 28,032 params | rows 32x64 = 2,048
  output quantization: K = 3 levels/joint on [-1, 1], straight-through, applied to env step AND critic input
[  500/10000] steps    32,000 | MJX ret     31.2 | row-cov   0.0% | best     31.2 |   1.9m
[ 1000/10000] steps    64,000 | MJX ret    248.1 | row-cov  98.7% | best    248.1 |   4.4m
[ 1500/10000] steps    96,000 | MJX ret    245.2 | row-cov 100.0% | best    248.1 |   6.8m
[ 2000/10000] steps   128,000 | MJX ret    568.9 | row-cov 100.0% | best    568.9 |   9.3m
[ 2500/10000] steps   160,000 | MJX ret    403.9 | row-cov 100.0% | best    568.9 |  11.4m
[ 3000/10000] steps   192,000 | MJX ret    528.1 | row-cov 100.0% | best    568.9 |  13.3m
[ 3500/10000] steps   224,000 | MJX ret    421.7 | row-cov 100.0% | best    568.9 |  15.3m
[ 4000/10000] steps   256,000 | MJX ret    640.1 | row-cov 100.0% | best    640.1 |  17.3m
[ 4500/10000] steps   288,000 | MJX ret    557.8 | row-cov 100.0% | best    640.1 |  19.3m
[ 5000/10000] steps   320,000 | MJX ret    669.9 | row-cov 100.0% | best    669.9 |  21.3m
[ 5500/10000] steps   352,000 | MJX ret    584.5 | row-cov 100.0% | best    669.9 |  23.3m
[ 6000/10000] steps   384,000 | MJX ret    843.5 | row-cov 100.0% | best    843.5 |  25.3m
[ 6500/10000] steps   416,000 | MJX ret    807.8 | row-cov 100.0% | best    843.5 |  27.3m
[ 7000/10000] steps   448,000 | MJX ret   1944.8 | row-cov 100.0% | best   1944.8 |  29.2m
[ 7500/10000] steps   480,000 | MJX ret   1956.1 | row-cov 100.0% | best   1956.1 |  31.2m
[ 8000/10000] steps   512,000 | MJX ret   2835.5 | row-cov 100.0% | best   2835.5 |  33.1m
[ 8500/10000] steps   544,000 | MJX ret   3722.2 | row-cov 100.0% | best   3722.2 |  35.1m
[ 9000/10000] steps   576,000 | MJX ret   3641.0 | row-cov 100.0% | best   3722.2 |  37.0m
[ 9500/10000] steps   608,000 | MJX ret   3752.3 | row-cov 100.0% | best   3752.3 |  39.0m
[10000/10000] steps   640,000 | MJX ret   4032.9 | row-cov 100.0% | best   4032.9 |  41.0m
done: best MJX 4032.9 over 640,000 env-steps in 41.0 min
