Loading tokenizer from /home/starost/.cache/nanochat/tokenizer
Vocab size: 32768, BOS id: 32759
Total params (all fp32): 618,499,078
Q/K Joint MHLut: in_nap=8 tph=384 d_qk=64 (n_outputs=2*d_qk=128)
V MHLut:         in_nap=8 tph=256 d_v=32 (n_outputs=d_v)
out_proj MHLut:  in_nap=6 tph=3056 (n_outputs=E=64) + LayerNorm
Tokens/micro-batch: 4,096 | grad_accum: 1 | effective batch: 4,096 tokens
step      1 | loss=10.5399 | lr=3.75e-07
step    100 | loss=9.9110 | lr=3.75e-05
step    200 | loss=8.9847 | lr=7.50e-05
[VAL] step 200: bpb=2.4574
step    300 | loss=8.1967 | lr=1.12e-04
step    400 | loss=7.8765 | lr=1.50e-04
[VAL] step 400: bpb=2.3628
step    500 | loss=7.7439 | lr=1.87e-04
step    600 | loss=7.6982 | lr=2.25e-04
[VAL] step 600: bpb=2.3427
step    700 | loss=7.6188 | lr=2.62e-04
step    800 | loss=7.4817 | lr=3.00e-04
[VAL] step 800: bpb=2.2551
step    900 | loss=7.3393 | lr=3.00e-04
step   1000 | loss=7.2150 | lr=2.99e-04
[VAL] step 1000: bpb=2.1725
step   1100 | loss=7.1185 | lr=2.99e-04
step   1200 | loss=7.0304 | lr=2.98e-04
[VAL] step 1200: bpb=2.1246
step   1300 | loss=6.9421 | lr=2.97e-04
step   1400 | loss=6.8924 | lr=2.95e-04
[VAL] step 1400: bpb=2.0935
step   1500 | loss=6.8484 | lr=2.94e-04
step   1600 | loss=6.7784 | lr=2.92e-04
[VAL] step 1600: bpb=2.0654
step   1700 | loss=6.7436 | lr=2.90e-04
step   1800 | loss=6.7087 | lr=2.87e-04
[VAL] step 1800: bpb=2.0467
step   1900 | loss=6.6843 | lr=2.85e-04
step   2000 | loss=6.6495 | lr=2.82e-04
[VAL] step 2000: bpb=2.0325
step   2100 | loss=6.6139 | lr=2.79e-04
step   2200 | loss=6.5879 | lr=2.76e-04
[VAL] step 2200: bpb=2.0156
step   2300 | loss=6.5600 | lr=2.72e-04
step   2400 | loss=6.5463 | lr=2.68e-04
[VAL] step 2400: bpb=2.0019
step   2500 | loss=6.5274 | lr=2.65e-04
step   2600 | loss=6.5167 | lr=2.60e-04
[VAL] step 2600: bpb=1.9888
step   2700 | loss=6.4801 | lr=2.56e-04
step   2800 | loss=6.4673 | lr=2.52e-04
[VAL] step 2800: bpb=1.9782
