Loading tokenizer from /home/<user>/.cache/nanochat/tokenizer
FIXED EVAL: bs48 x 100 steps, skip 12 rows (val window independent of device_batch_size=12)
[learned_margin] layer 0: init g=0.0 beta=2.0 gamma=1.0 (g FROZEN; beta, gamma learnable) gain=1.0
[learned_margin] layer 1: init g=0.0 beta=2.0 gamma=1.0 (g FROZEN; beta, gamma learnable) gain=1.0
[learned_margin] layer 2: init g=0.0 beta=2.0 gamma=1.0 (g FROZEN; beta, gamma learnable) gain=1.0
[learned_margin] layer 3: init g=0.0 beta=2.0 gamma=1.0 (g FROZEN; beta, gamma learnable) gain=1.0
[learned_margin] layer 4: init g=0.0 beta=2.0 gamma=1.0 (g FROZEN; beta, gamma learnable) gain=1.0
[learned_margin] layer 5: init g=0.0 beta=2.0 gamma=1.0 (g FROZEN; beta, gamma learnable) gain=1.0
MinimalGPT depth=6 dim=384 heads=6 seq=512 | ffn=compression tie=False | params=67,351,698
Tokens/micro-batch: 6,144 | grad_accum: 4 | effective batch: 24,576 tokens
wandb: [wandb.login()] Loaded credentials for http://<WANDB_HOST> from /home/<user>/.netrc.
wandb: Currently logged in as: <WANDB_ENTITY> to http://<WANDB_HOST>. Use `wandb login --relogin` to force relogin
wandb: Tracking run with wandb version 0.30.0
wandb: Run data is saved locally in /home/<user>/.cache/wandb/wandb/run-20260914_064248-exp_n_abl_21_B16k_light_lmfrozeng_hard_n2_tau0p5_tph128_seed1
wandb: Run `wandb offline` to turn off syncing.
wandb: Syncing run exp_n_abl_21_B16k_light_lmfrozeng_hard_n2_tau0p5_tph128_seed1
wandb: ⭐️ View project at http://<WANDB_HOST>/<WANDB_ENTITY>/Spiky
wandb: 🚀 View run at http://<WANDB_HOST>/<WANDB_ENTITY>/Spiky/runs/exp_n_abl_21_B16k_light_lmfrozeng_hard_n2_tau0p5_tph128_seed1
[wandb] online: run exp_n_abl_21_B16k_light_lmfrozeng_hard_n2_tau0p5_tph128_seed1 -> /home/<user>/.cache/wandb/wandb/run-20260914_064248-exp_n_abl_21_B16k_light_lmfrozeng_hard_n2_tau0p5_tph128_seed1/files
/home/<user>/projects/spiky/.venv/lib/python3.12/site-packages/torch/_dynamo/variables/functions.py:2431: UserWarning: Dynamo does not know how to trace the builtin `lutorch_cuda.pybind11_detail_function_record_v1_system_libstdcpp_gxx_abi_1xxx_use_cxx11_abi_1.anchor_pairs_lookup_eval_forward_msb.` This function is either a Python builtin (e.g. _warnings.warn) or a third-party C/C++ Python extension (perhaps created with pybind).
If it is a Python builtin, please file an issue on GitHub so the PyTorch team can add support for it and see the next case for a workaround.
If it is a third-party C/C++ Python extension, please either wrap it into a PyTorch-understood custom operator (see https://pytorch.org/tutorials/advanced/custom_ops_landing_page.html for more details) or, if it is traceable, use `torch.compiler.allow_in_graph`.
  torch._dynamo.utils.warn_once(explanation + "\n" + "\n".join(hints))
step      1 | loss=10.4804 | lr=1.87e-07
step    100 | loss=10.1234 | lr=1.87e-05
step    200 | loss=9.3919 | lr=3.75e-05
step    300 | loss=8.4720 | lr=5.62e-05
step    400 | loss=7.7450 | lr=7.50e-05
step    500 | loss=7.2434 | lr=9.37e-05
[VAL] step 500: bpb=2.0811
step    600 | loss=6.8857 | lr=1.12e-04
step    700 | loss=6.6664 | lr=1.31e-04
step    800 | loss=6.5468 | lr=1.50e-04
step    900 | loss=6.4698 | lr=1.69e-04
step   1000 | loss=7.1195 | lr=1.87e-04
[VAL] step 1000: bpb=2.4330
step   1100 | loss=7.6403 | lr=2.06e-04
step   1200 | loss=7.6272 | lr=2.25e-04
step   1300 | loss=7.5714 | lr=2.44e-04
step   1400 | loss=7.4924 | lr=2.62e-04
step   1500 | loss=7.5068 | lr=2.81e-04
[VAL] step 1500: bpb=2.3227
step   1600 | loss=7.6046 | lr=3.00e-04
step   1700 | loss=7.5716 | lr=3.00e-04
step   1800 | loss=7.5979 | lr=3.00e-04
step   1900 | loss=8.3485 | lr=3.00e-04
step   2000 | loss=12.5421 | lr=2.99e-04
[VAL] step 2000: bpb=4.9865
step   2100 | loss=14.6664 | lr=2.99e-04
step   2200 | loss=15.9668 | lr=2.99e-04
step   2300 | loss=15.9408 | lr=2.98e-04
step   2400 | loss=14.6112 | lr=2.98e-04
step   2500 | loss=14.7303 | lr=2.97e-04
[VAL] step 2500: bpb=4.1839
step   2600 | loss=13.1689 | lr=2.97e-04
step   2700 | loss=12.6175 | lr=2.96e-04
step   2800 | loss=12.7254 | lr=2.95e-04
step   2900 | loss=13.1863 | lr=2.95e-04
step   3000 | loss=13.2378 | lr=2.94e-04
[VAL] step 3000: bpb=4.1948
step   3100 | loss=13.3291 | lr=2.93e-04
step   3200 | loss=13.2671 | lr=2.92e-04
step   3300 | loss=13.1968 | lr=2.91e-04
step   3400 | loss=13.1158 | lr=2.90e-04
step   3500 | loss=12.7787 | lr=2.89e-04
[VAL] step 3500: bpb=3.6645
step   3600 | loss=11.2679 | lr=2.87e-04
step   3700 | loss=10.0439 | lr=2.86e-04
step   3800 | loss=9.7182 | lr=2.85e-04
step   3900 | loss=9.1375 | lr=2.83e-04
step   4000 | loss=8.7912 | lr=2.82e-04
[VAL] step 4000: bpb=2.5085
[CKPT] step 4000: wrote checkpoint_step4000.pt
step   4100 | loss=8.9051 | lr=2.80e-04
step   4200 | loss=9.4729 | lr=2.79e-04
step   4300 | loss=10.0542 | lr=2.77e-04
step   4400 | loss=9.6493 | lr=2.76e-04
step   4500 | loss=9.0104 | lr=2.74e-04
[VAL] step 4500: bpb=2.6480
step   4600 | loss=8.7728 | lr=2.72e-04
step   4700 | loss=8.6575 | lr=2.70e-04
step   4800 | loss=8.7241 | lr=2.68e-04
step   4900 | loss=10.2579 | lr=2.66e-04
step   5000 | loss=11.5829 | lr=2.65e-04
[VAL] step 5000: bpb=4.1637
step   5100 | loss=12.5247 | lr=2.63e-04
step   5200 | loss=10.7147 | lr=2.60e-04
step   5300 | loss=9.6210 | lr=2.58e-04
step   5400 | loss=9.2897 | lr=2.56e-04
step   5500 | loss=10.1981 | lr=2.54e-04
[VAL] step 5500: bpb=3.9200
step   5600 | loss=12.2627 | lr=2.52e-04
step   5700 | loss=12.9269 | lr=2.49e-04
step   5800 | loss=11.7018 | lr=2.47e-04
step   5900 | loss=10.4913 | lr=2.45e-04
step   6000 | loss=10.4254 | lr=2.42e-04
[VAL] step 6000: bpb=3.2598
step   6100 | loss=10.4824 | lr=2.40e-04
step   6200 | loss=9.8452 | lr=2.38e-04
step   6300 | loss=9.5606 | lr=2.35e-04
step   6400 | loss=9.4323 | lr=2.32e-04
step   6500 | loss=9.3781 | lr=2.30e-04
[VAL] step 6500: bpb=3.0257
step   6600 | loss=9.8796 | lr=2.27e-04
step   6700 | loss=10.3832 | lr=2.25e-04
step   6800 | loss=9.6911 | lr=2.22e-04
step   6900 | loss=9.3033 | lr=2.19e-04
step   7000 | loss=9.1502 | lr=2.17e-04
[VAL] step 7000: bpb=2.7384
step   7100 | loss=8.9673 | lr=2.14e-04
step   7200 | loss=8.9135 | lr=2.11e-04
step   7300 | loss=8.8954 | lr=2.08e-04
step   7400 | loss=8.9260 | lr=2.06e-04
step   7500 | loss=8.9125 | lr=2.03e-04
[VAL] step 7500: bpb=2.6991
step   7600 | loss=9.5550 | lr=2.00e-04
step   7700 | loss=9.5296 | lr=1.97e-04
step   7800 | loss=9.1298 | lr=1.94e-04
step   7900 | loss=9.0182 | lr=1.91e-04
step   8000 | loss=9.0387 | lr=1.88e-04
[VAL] step 8000: bpb=2.7424
[CKPT] step 8000: wrote checkpoint_step8000.pt
step   8100 | loss=8.9928 | lr=1.86e-04
step   8200 | loss=9.0856 | lr=1.83e-04
step   8300 | loss=9.0597 | lr=1.80e-04
step   8400 | loss=9.0109 | lr=1.77e-04
step   8500 | loss=8.9602 | lr=1.74e-04
[VAL] step 8500: bpb=2.7265
step   8600 | loss=8.9271 | lr=1.71e-04
step   8700 | loss=8.9321 | lr=1.68e-04
step   8800 | loss=8.9331 | lr=1.65e-04
step   8900 | loss=8.9444 | lr=1.62e-04
step   9000 | loss=8.9588 | lr=1.59e-04
[VAL] step 9000: bpb=2.7434
step   9100 | loss=8.9802 | lr=1.56e-04
step   9200 | loss=8.9742 | lr=1.53e-04
step   9300 | loss=9.2222 | lr=1.50e-04
step   9400 | loss=9.2073 | lr=1.47e-04
step   9500 | loss=9.3273 | lr=1.44e-04
[VAL] step 9500: bpb=2.9043
step   9600 | loss=9.4231 | lr=1.42e-04
step   9700 | loss=9.4767 | lr=1.39e-04
step   9800 | loss=9.4124 | lr=1.36e-04
step   9900 | loss=9.3796 | lr=1.33e-04
step  10000 | loss=9.2803 | lr=1.30e-04
[VAL] step 10000: bpb=2.7911
step  10100 | loss=9.1191 | lr=1.27e-04
step  10200 | loss=8.9671 | lr=1.24e-04
step  10300 | loss=8.9108 | lr=1.22e-04
step  10400 | loss=8.8793 | lr=1.19e-04
step  10500 | loss=8.8727 | lr=1.16e-04
[VAL] step 10500: bpb=2.7136
step  10600 | loss=8.8909 | lr=1.13e-04
step  10700 | loss=8.9090 | lr=1.11e-04
step  10800 | loss=8.9052 | lr=1.08e-04
step  10900 | loss=8.9255 | lr=1.05e-04
step  11000 | loss=8.9229 | lr=1.03e-04
[VAL] step 11000: bpb=2.7382
step  11100 | loss=8.9688 | lr=1.00e-04
step  11200 | loss=8.9996 | lr=9.75e-05
step  11300 | loss=9.0488 | lr=9.50e-05
step  11400 | loss=9.1148 | lr=9.25e-05
step  11500 | loss=9.1095 | lr=9.00e-05
[VAL] step 11500: bpb=2.7871
step  11600 | loss=9.0747 | lr=8.76e-05
step  11700 | loss=9.0293 | lr=8.52e-05
step  11800 | loss=9.0120 | lr=8.28e-05
step  11900 | loss=8.9999 | lr=8.05e-05
step  12000 | loss=9.0104 | lr=7.82e-05
[VAL] step 12000: bpb=2.7609
[CKPT] step 12000: wrote checkpoint_step12000.pt
step  12100 | loss=9.0083 | lr=7.60e-05
step  12200 | loss=9.0118 | lr=7.38e-05
step  12300 | loss=9.0250 | lr=7.16e-05
step  12400 | loss=9.0293 | lr=6.95e-05
step  12500 | loss=9.0450 | lr=6.75e-05
[VAL] step 12500: bpb=2.7653
step  12600 | loss=9.0541 | lr=6.55e-05
step  12700 | loss=9.0450 | lr=6.35e-05
step  12800 | loss=9.1085 | lr=6.16e-05
step  12900 | loss=9.1768 | lr=5.97e-05
step  13000 | loss=9.1976 | lr=5.79e-05
[VAL] step 13000: bpb=2.8120
step  13100 | loss=9.1382 | lr=5.61e-05
step  13200 | loss=9.1076 | lr=5.44e-05
step  13300 | loss=9.1341 | lr=5.28e-05
step  13400 | loss=9.1327 | lr=5.11e-05
step  13500 | loss=9.1446 | lr=4.96e-05
[VAL] step 13500: bpb=2.7999
step  13600 | loss=9.1442 | lr=4.81e-05
step  13700 | loss=9.1467 | lr=4.66e-05
step  13800 | loss=9.1472 | lr=4.53e-05
step  13900 | loss=9.1568 | lr=4.39e-05
step  14000 | loss=9.1475 | lr=4.26e-05
[VAL] step 14000: bpb=2.7968
step  14100 | loss=9.1345 | lr=4.14e-05
step  14200 | loss=9.1187 | lr=4.03e-05
step  14300 | loss=9.1022 | lr=3.92e-05
step  14400 | loss=9.1006 | lr=3.81e-05
step  14500 | loss=9.0938 | lr=3.72e-05
[VAL] step 14500: bpb=2.7784
step  14600 | loss=9.0721 | lr=3.62e-05
step  14700 | loss=9.0648 | lr=3.54e-05
step  14800 | loss=9.0462 | lr=3.46e-05
step  14900 | loss=9.0349 | lr=3.39e-05
step  15000 | loss=9.0263 | lr=3.32e-05
[VAL] step 15000: bpb=2.7574
step  15100 | loss=9.0041 | lr=3.26e-05
step  15200 | loss=8.9757 | lr=3.21e-05
step  15300 | loss=8.9303 | lr=3.16e-05
step  15400 | loss=8.8922 | lr=3.12e-05
step  15500 | loss=8.8722 | lr=3.08e-05
[VAL] step 15500: bpb=2.7101
step  15600 | loss=8.8757 | lr=3.05e-05
step  15700 | loss=8.8751 | lr=3.03e-05
step  15800 | loss=8.8706 | lr=3.01e-05
step  15900 | loss=8.8574 | lr=3.00e-05
step  16000 | loss=8.8502 | lr=3.00e-05
[VAL] step 16000: bpb=2.7072

=== DONE ===
{
  "exp_name": "exp_n_abl_21_B16k_light_lmfrozeng_hard_n2_tau0p5_tph128_seed1",
  "best_val_bpb": 2.0810526273234076,
  "final_val_bpb": 2.707188300112872,
  "total_params": 67351698,
  "training_time_hours": 1.136,
  "eval_protocol": {
    "eval_batch_size": 48,
    "eval_steps": 100,
    "skip_rows": 12,
    "batch_size_independent": true
  },
  "learned_confidence": {
    "form": "learned_margin",
    "score": "exp(g) * sum|d| * prod sigmoid(beta |d|) ** gamma",
    "init_per_layer": [
      {
        "g": 0.0,
        "beta": 2.0,
        "gamma": 1.0
      },
      {
        "g": 0.0,
        "beta": 2.0,
        "gamma": 1.0
      },
      {
        "g": 0.0,
        "beta": 2.0,
        "gamma": 1.0
      },
      {
        "g": 0.0,
        "beta": 2.0,
        "gamma": 1.0
      },
      {
        "g": 0.0,
        "beta": 2.0,
        "gamma": 1.0
      },
      {
        "g": 0.0,
        "beta": 2.0,
        "gamma": 1.0
      }
    ],
    "final_per_layer": [
      {
        "g": 0.0,
        "beta": 2.1767163276672363,
        "gamma": 0.9241042137145996
      },
      {
        "g": 0.0,
        "beta": 2.204073429107666,
        "gamma": 0.9230039715766907
      },
      {
        "g": 0.0,
        "beta": 2.946904420852661,
        "gamma": 0.7214609384536743
      },
      {
        "g": 0.0,
        "beta": 3.1179802417755127,
        "gamma": 0.6795594692230225
      },
      {
        "g": 0.0,
        "beta": 2.752992630004883,
        "gamma": 0.7745757102966309
      },
      {
        "g": 0.0,
        "beta": 2.5842747688293457,
        "gamma": 0.8033410310745239
      }
    ]
  }
}
wandb: updating run metadata
wandb: uploading wandb-summary.json; uploading config.yaml
wandb: 
wandb: Run history:
wandb: lm_beta_L0 ▁▃▃▃▂▃▃▄▅▄▅▅▅▄▅▆▆▆▇▇▇▇▇▇▇▇██████
wandb: lm_beta_L1 ▁▁▁▂▁▂▂▃▄▃▄▄▄▅▆▆▇▇██████████████
wandb: lm_beta_L2 ▁▁▁▁▁▂▂▂▂▂▂▃▃▃▄▄▄▅▆▇▇▇▇▇▇▇██████
wandb: lm_beta_L3 ▁▁▁▂▂▃▄▄▅▅▆▆▇▇▇▇▇▇██████████████
wandb: lm_beta_L4 ▁▁▂▂▄▅▆▆▆▇▇█████████████████████
wandb: lm_beta_L5 ▁▂▂▃▅▆▇▇▇▇▇█████████████████████
wandb:    lm_g_L0 ▁▁▁▁▁▁▁▁▁▁▁▁▁▁▁▁▁▁▁▁▁▁▁▁▁▁▁▁▁▁▁▁
wandb:    lm_g_L1 ▁▁▁▁▁▁▁▁▁▁▁▁▁▁▁▁▁▁▁▁▁▁▁▁▁▁▁▁▁▁▁▁
wandb:    lm_g_L2 ▁▁▁▁▁▁▁▁▁▁▁▁▁▁▁▁▁▁▁▁▁▁▁▁▁▁▁▁▁▁▁▁
wandb:    lm_g_L3 ▁▁▁▁▁▁▁▁▁▁▁▁▁▁▁▁▁▁▁▁▁▁▁▁▁▁▁▁▁▁▁▁
wandb:        +39 ...
wandb: 
wandb: Run summary:
wandb:  best_val_bpb 2.08105
wandb:      exp_name exp_n_abl_21_B16k_li...
wandb: final_val_bpb 2.70719
wandb:    lm_beta_L0 2.17672
wandb:    lm_beta_L1 2.20407
wandb:    lm_beta_L2 2.9469
wandb:    lm_beta_L3 3.11798
wandb:    lm_beta_L4 2.75299
wandb:    lm_beta_L5 2.58427
wandb:       lm_g_L0 0
wandb:           +44 ...
wandb: 
wandb: 🚀 View run exp_n_abl_21_B16k_light_lmfrozeng_hard_n2_tau0p5_tph128_seed1 at: http://<WANDB_HOST>/<WANDB_ENTITY>/Spiky/runs/exp_n_abl_21_B16k_light_lmfrozeng_hard_n2_tau0p5_tph128_seed1
wandb: ⭐️ View project at: http://<WANDB_HOST>/<WANDB_ENTITY>/Spiky
wandb: Synced 5 W&B file(s), 0 media file(s), 0 artifact file(s) and 0 other file(s)
wandb: Find logs at: /home/<user>/.cache/wandb/wandb/run-20260914_064248-exp_n_abl_21_B16k_light_lmfrozeng_hard_n2_tau0p5_tph128_seed1/logs
[wandb] finished in 0.9s
