Loading tokenizer from /home/starost/.cache/nanochat/tokenizer
Vocab size: 32768, BOS id: 32759
Total params (all fp32): 485,206,534
Q/K MLPs (per-head): 64->2048->ReLU->64->LN, H=6
V MHLut:         in_nap=8 tph=512 d_v=32 (n_outputs=d_v)
out_proj MHLut:  in_nap=8 tph=3056 (n_outputs=E=64) + LayerNorm
Tokens/micro-batch: 4,096 | grad_accum: 1 | effective batch: 4,096 tokens
step      1 | loss=10.5531 | lr=3.75e-07
step    100 | loss=9.9212 | lr=3.75e-05
step    200 | loss=8.9833 | lr=7.50e-05
[VAL] step 200: bpb=2.4538
step    300 | loss=8.1604 | lr=1.12e-04
step    400 | loss=7.6910 | lr=1.50e-04
[VAL] step 400: bpb=2.2449
step    500 | loss=7.3430 | lr=1.87e-04
step    600 | loss=7.1220 | lr=2.25e-04
[VAL] step 600: bpb=2.1129
step    700 | loss=6.9578 | lr=2.62e-04
step    800 | loss=6.8184 | lr=3.00e-04
[VAL] step 800: bpb=2.0493
step    900 | loss=6.7123 | lr=3.00e-04
step   1000 | loss=6.6354 | lr=2.99e-04
[VAL] step 1000: bpb=2.0033
step   1100 | loss=6.5753 | lr=2.99e-04
step   1200 | loss=6.5210 | lr=2.98e-04
[VAL] step 1200: bpb=1.9726
step   1300 | loss=6.4599 | lr=2.97e-04
step   1400 | loss=6.4336 | lr=2.95e-04
[VAL] step 1400: bpb=1.9544
step   1500 | loss=6.4044 | lr=2.94e-04
step   1600 | loss=6.3450 | lr=2.92e-04
[VAL] step 1600: bpb=1.9337
step   1700 | loss=6.3236 | lr=2.90e-04
step   1800 | loss=6.3023 | lr=2.87e-04
[VAL] step 1800: bpb=1.9215
step   1900 | loss=6.2797 | lr=2.85e-04
step   2000 | loss=6.2503 | lr=2.82e-04
[VAL] step 2000: bpb=1.9058
step   2100 | loss=6.2124 | lr=2.79e-04
step   2200 | loss=6.1901 | lr=2.76e-04
[VAL] step 2200: bpb=1.8920
step   2300 | loss=6.1703 | lr=2.72e-04
step   2400 | loss=6.1588 | lr=2.68e-04
[VAL] step 2400: bpb=1.8785
step   2500 | loss=6.1383 | lr=2.65e-04
step   2600 | loss=6.1222 | lr=2.60e-04
[VAL] step 2600: bpb=1.8639
step   2700 | loss=6.0856 | lr=2.56e-04
step   2800 | loss=6.0686 | lr=2.52e-04
[VAL] step 2800: bpb=1.8523
step   2900 | loss=6.0372 | lr=2.47e-04
step   3000 | loss=6.0210 | lr=2.42e-04
[VAL] step 3000: bpb=1.8368
step   3100 | loss=5.9992 | lr=2.38e-04
step   3200 | loss=5.9819 | lr=2.32e-04
[VAL] step 3200: bpb=1.8211
step   3300 | loss=5.9640 | lr=2.27e-04
step   3400 | loss=5.9229 | lr=2.22e-04
[VAL] step 3400: bpb=1.8133
step   3500 | loss=5.9080 | lr=2.17e-04
step   3600 | loss=5.9130 | lr=2.11e-04
[VAL] step 3600: bpb=1.8058
step   3700 | loss=5.8882 | lr=2.06e-04
step   3800 | loss=5.8739 | lr=2.00e-04
[VAL] step 3800: bpb=1.7963
step   3900 | loss=5.8464 | lr=1.94e-04
step   4000 | loss=5.8277 | lr=1.88e-04
[VAL] step 4000: bpb=1.7889
step   4100 | loss=5.8518 | lr=1.83e-04
step   4200 | loss=5.8212 | lr=1.77e-04
[VAL] step 4200: bpb=1.7802
step   4300 | loss=5.8210 | lr=1.71e-04
step   4400 | loss=5.8052 | lr=1.65e-04
[VAL] step 4400: bpb=1.7727
step   4500 | loss=5.7918 | lr=1.59e-04
step   4600 | loss=5.7779 | lr=1.53e-04
[VAL] step 4600: bpb=1.7677
step   4700 | loss=5.7782 | lr=1.47e-04
step   4800 | loss=5.7750 | lr=1.42e-04
[VAL] step 4800: bpb=1.7601
step   4900 | loss=5.7486 | lr=1.36e-04
step   5000 | loss=5.7430 | lr=1.30e-04
[VAL] step 5000: bpb=1.7548
step   5100 | loss=5.7271 | lr=1.24e-04
step   5200 | loss=5.7106 | lr=1.19e-04
[VAL] step 5200: bpb=1.7487
step   5300 | loss=5.6978 | lr=1.13e-04
step   5400 | loss=5.6812 | lr=1.08e-04
[VAL] step 5400: bpb=1.7457
step   5500 | loss=5.6854 | lr=1.03e-04
step   5600 | loss=5.6983 | lr=9.75e-05
[VAL] step 5600: bpb=1.7416
step   5700 | loss=5.6792 | lr=9.25e-05
step   5800 | loss=5.6703 | lr=8.76e-05
[VAL] step 5800: bpb=1.7376
step   5900 | loss=5.6745 | lr=8.28e-05
step   6000 | loss=5.6603 | lr=7.82e-05
[VAL] step 6000: bpb=1.7336
step   6100 | loss=5.6468 | lr=7.38e-05
step   6200 | loss=5.6439 | lr=6.95e-05
[VAL] step 6200: bpb=1.7307
step   6300 | loss=5.6479 | lr=6.55e-05
step   6400 | loss=5.6294 | lr=6.16e-05
[VAL] step 6400: bpb=1.7265
step   6500 | loss=5.6218 | lr=5.79e-05
step   6600 | loss=5.6264 | lr=5.44e-05
[VAL] step 6600: bpb=1.7223
step   6700 | loss=5.6191 | lr=5.11e-05
