Loading tokenizer from /home/starost/.cache/nanochat/tokenizer
Vocab size: 32768, BOS id: 32759
Building model:
Total params (all fp32): 139,630,598
Q/K Joint SparseLut: in_nap=14 tph=64 n_sparse=1 -> 2*d_qk=64 (per head, H=6)
V SparseLut:         in_nap=14 tph=64 n_sparse=1 -> d_v=64 (per head, H=6)
out_proj SparseLut:  in_nap=14 tph=384 n_sparse=1 -> E=384
Residual:        classic skip connection (out_real + x), no residual_lut
Unembedder:      LN(384) -> Linear(384,VOCAB)
Tokens/micro-batch: 4,096 | grad_accum: 1 | effective batch: 4,096 tokens
step      1 | loss=10.5761 | lr=3.75e-07
step    100 | loss=10.5462 | lr=3.75e-05
step    200 | loss=10.3461 | lr=7.50e-05
[VAL] step 200: bpb=3.0598
step    300 | loss=9.6105 | lr=1.12e-04
step    400 | loss=8.3819 | lr=1.50e-04
[VAL] step 400: bpb=2.2661
step    500 | loss=7.6465 | lr=1.87e-04
step    600 | loss=7.2902 | lr=2.25e-04
[VAL] step 600: bpb=2.1417
step    700 | loss=7.0755 | lr=2.62e-04
step    800 | loss=6.9125 | lr=3.00e-04
[VAL] step 800: bpb=2.0746
step    900 | loss=6.7946 | lr=3.00e-04
step   1000 | loss=6.7099 | lr=2.99e-04
[VAL] step 1000: bpb=2.0242
step   1100 | loss=6.6417 | lr=2.99e-04
step   1200 | loss=6.5849 | lr=2.98e-04
[VAL] step 1200: bpb=1.9921
step   1300 | loss=6.5166 | lr=2.97e-04
step   1400 | loss=6.4877 | lr=2.95e-04
[VAL] step 1400: bpb=1.9695
step   1500 | loss=6.4540 | lr=2.94e-04
step   1600 | loss=6.3935 | lr=2.92e-04
[VAL] step 1600: bpb=1.9489
step   1700 | loss=6.3708 | lr=2.90e-04
step   1800 | loss=6.3477 | lr=2.87e-04
[VAL] step 1800: bpb=1.9346
step   1900 | loss=6.3273 | lr=2.85e-04
step   2000 | loss=6.2962 | lr=2.82e-04
[VAL] step 2000: bpb=1.9218
step   2100 | loss=6.2600 | lr=2.79e-04
step   2200 | loss=6.2437 | lr=2.76e-04
[VAL] step 2200: bpb=1.9118
step   2300 | loss=6.2243 | lr=2.72e-04
step   2400 | loss=6.2155 | lr=2.68e-04
[VAL] step 2400: bpb=1.9006
step   2500 | loss=6.1984 | lr=2.65e-04
step   2600 | loss=6.1883 | lr=2.60e-04
[VAL] step 2600: bpb=1.8913
step   2700 | loss=6.1567 | lr=2.56e-04
step   2800 | loss=6.1473 | lr=2.52e-04
[VAL] step 2800: bpb=1.8812
step   2900 | loss=6.1260 | lr=2.47e-04
step   3000 | loss=6.1176 | lr=2.42e-04
[VAL] step 3000: bpb=1.8730
step   3100 | loss=6.1061 | lr=2.38e-04
step   3200 | loss=6.0982 | lr=2.32e-04
[VAL] step 3200: bpb=1.8642
step   3300 | loss=6.0890 | lr=2.27e-04
step   3400 | loss=6.0587 | lr=2.22e-04
[VAL] step 3400: bpb=1.8607
step   3500 | loss=6.0518 | lr=2.17e-04
step   3600 | loss=6.0622 | lr=2.11e-04
[VAL] step 3600: bpb=1.8549
step   3700 | loss=6.0430 | lr=2.06e-04
step   3800 | loss=6.0349 | lr=2.00e-04
[VAL] step 3800: bpb=1.8516
step   3900 | loss=6.0137 | lr=1.94e-04
step   4000 | loss=6.0051 | lr=1.88e-04
[VAL] step 4000: bpb=1.8457
step   4100 | loss=6.0334 | lr=1.83e-04
step   4200 | loss=6.0112 | lr=1.77e-04
[VAL] step 4200: bpb=1.8405
step   4300 | loss=6.0125 | lr=1.71e-04
step   4400 | loss=6.0042 | lr=1.65e-04
[VAL] step 4400: bpb=1.8386
step   4500 | loss=5.9955 | lr=1.59e-04
step   4600 | loss=5.9867 | lr=1.53e-04
[VAL] step 4600: bpb=1.8355
step   4700 | loss=5.9915 | lr=1.47e-04
step   4800 | loss=5.9952 | lr=1.42e-04
[VAL] step 4800: bpb=1.8320
step   4900 | loss=5.9734 | lr=1.36e-04
step   5000 | loss=5.9712 | lr=1.30e-04
[VAL] step 5000: bpb=1.8287
step   5100 | loss=5.9614 | lr=1.24e-04
step   5200 | loss=5.9477 | lr=1.19e-04
[VAL] step 5200: bpb=1.8251
step   5300 | loss=5.9363 | lr=1.13e-04
step   5400 | loss=5.9268 | lr=1.08e-04
[VAL] step 5400: bpb=1.8228
step   5500 | loss=5.9308 | lr=1.03e-04
step   5600 | loss=5.9494 | lr=9.75e-05
[VAL] step 5600: bpb=1.8209
