Materializing 100000 rows from parquet...
  inputs:  (100000, 384) float32
  logits:  (100000, 32768) float16
  load time: 14.3s

Using all 100000 samples for training (capacity test).

Model: StackedLutUnembedder — 71.30M params
  LN(384)
  block 0: TinyMultiHeadLut(384→384, n_heads=1, tph=4096, nap=10) + residual
  final: Linear(384, 32768, bias=True)
  init_std=0.1

Training: epochs=20 batch_size=512 lr=0.001 schedule=cosine warmup=0

  step     20  ep 1/20  train KL=4.7000  (1.3s)
  step     40  ep 1/20  train KL=4.6699  (1.9s)
  step     60  ep 1/20  train KL=4.6367  (2.5s)
  step     80  ep 1/20  train KL=4.5976  (3.1s)
  step    100  ep 1/20  train KL=4.5596  (3.7s)
  step    120  ep 1/20  train KL=4.5243  (4.3s)
  step    140  ep 1/20  train KL=4.4840  (4.8s)
  step    160  ep 1/20  train KL=4.4450  (5.4s)
  step    180  ep 1/20  train KL=4.4067  (6.1s)
== ep 1: train KL=4.3808  (6.6s)
  step    200  ep 2/20  train KL=4.0151  (7.3s)
  step    220  ep 2/20  train KL=3.9960  (7.9s)
  step    240  ep 2/20  train KL=3.9537  (8.5s)
  step    260  ep 2/20  train KL=3.9212  (9.1s)
  step    280  ep 2/20  train KL=3.8905  (9.6s)
  step    300  ep 2/20  train KL=3.8599  (10.2s)
  step    320  ep 2/20  train KL=3.8282  (10.8s)
  step    340  ep 2/20  train KL=3.7973  (11.4s)
  step    360  ep 2/20  train KL=3.7672  (11.9s)
  step    380  ep 2/20  train KL=3.7417  (12.5s)
== ep 2: train KL=3.7267  (13.0s)
  step    400  ep 3/20  train KL=3.4512  (13.8s)
  step    420  ep 3/20  train KL=3.4251  (14.3s)
  step    440  ep 3/20  train KL=3.4080  (14.9s)
  step    460  ep 3/20  train KL=3.3850  (15.5s)
  step    480  ep 3/20  train KL=3.3579  (16.0s)
  step    500  ep 3/20  train KL=3.3357  (16.6s)
  step    520  ep 3/20  train KL=3.3136  (17.2s)
  step    540  ep 3/20  train KL=3.2903  (17.8s)
  step    560  ep 3/20  train KL=3.2713  (18.3s)
  step    580  ep 3/20  train KL=3.2483  (18.9s)
== ep 3: train KL=3.2429  (19.2s)
  step    600  ep 4/20  train KL=3.0176  (20.2s)
  step    620  ep 4/20  train KL=2.9952  (20.8s)
  step    640  ep 4/20  train KL=2.9747  (21.4s)
  step    660  ep 4/20  train KL=2.9587  (21.9s)
  step    680  ep 4/20  train KL=2.9428  (22.5s)
  step    700  ep 4/20  train KL=2.9239  (23.1s)
  step    720  ep 4/20  train KL=2.9088  (23.7s)
  step    740  ep 4/20  train KL=2.8923  (24.3s)
  step    760  ep 4/20  train KL=2.8732  (24.9s)
  step    780  ep 4/20  train KL=2.8568  (25.4s)
== ep 4: train KL=2.8568  (25.6s)
  step    800  ep 5/20  train KL=2.6933  (26.7s)
  step    820  ep 5/20  train KL=2.6671  (27.3s)
  step    840  ep 5/20  train KL=2.6496  (27.8s)
  step    860  ep 5/20  train KL=2.6347  (28.4s)
  step    880  ep 5/20  train KL=2.6162  (29.0s)
  step    900  ep 5/20  train KL=2.6047  (29.6s)
  step    920  ep 5/20  train KL=2.5891  (30.1s)
  step    940  ep 5/20  train KL=2.5739  (30.7s)
  step    960  ep 5/20  train KL=2.5555  (31.3s)
== ep 5: train KL=2.5431  (31.9s)
  step    980  ep 6/20  train KL=2.4335  (32.4s)
  step   1000  ep 6/20  train KL=2.4177  (33.1s)
  step   1020  ep 6/20  train KL=2.3895  (33.7s)
  step   1040  ep 6/20  train KL=2.3741  (34.3s)
  step   1060  ep 6/20  train KL=2.3617  (34.9s)
  step   1080  ep 6/20  train KL=2.3447  (35.5s)
  step   1100  ep 6/20  train KL=2.3323  (36.0s)
  step   1120  ep 6/20  train KL=2.3180  (36.6s)
  step   1140  ep 6/20  train KL=2.3060  (37.2s)
  step   1160  ep 6/20  train KL=2.2924  (37.8s)
== ep 6: train KL=2.2859  (38.3s)
  step   1180  ep 7/20  train KL=2.1641  (39.1s)
  step   1200  ep 7/20  train KL=2.1624  (39.7s)
  step   1220  ep 7/20  train KL=2.1569  (40.3s)
  step   1240  ep 7/20  train KL=2.1426  (40.8s)
  step   1260  ep 7/20  train KL=2.1289  (41.4s)
  step   1280  ep 7/20  train KL=2.1183  (42.0s)
  step   1300  ep 7/20  train KL=2.1064  (42.6s)
  step   1320  ep 7/20  train KL=2.0961  (43.2s)
  step   1340  ep 7/20  train KL=2.0848  (43.8s)
  step   1360  ep 7/20  train KL=2.0769  (44.3s)
== ep 7: train KL=2.0737  (44.6s)
  step   1380  ep 8/20  train KL=1.9700  (45.6s)
  step   1400  ep 8/20  train KL=1.9560  (46.2s)
  step   1420  ep 8/20  train KL=1.9532  (46.8s)
  step   1440  ep 8/20  train KL=1.9465  (47.3s)
  step   1460  ep 8/20  train KL=1.9390  (47.9s)
  step   1480  ep 8/20  train KL=1.9293  (48.4s)
  step   1500  ep 8/20  train KL=1.9204  (49.0s)
  step   1520  ep 8/20  train KL=1.9138  (49.6s)
  step   1540  ep 8/20  train KL=1.9059  (50.1s)
  step   1560  ep 8/20  train KL=1.8981  (50.7s)
== ep 8: train KL=1.8981  (50.9s)
  step   1580  ep 9/20  train KL=1.8117  (51.9s)
  step   1600  ep 9/20  train KL=1.8047  (52.5s)
  step   1620  ep 9/20  train KL=1.7971  (53.1s)
  step   1640  ep 9/20  train KL=1.7913  (53.6s)
  step   1660  ep 9/20  train KL=1.7836  (54.2s)
  step   1680  ep 9/20  train KL=1.7761  (54.8s)
  step   1700  ep 9/20  train KL=1.7689  (55.3s)
  step   1720  ep 9/20  train KL=1.7642  (55.9s)
  step   1740  ep 9/20  train KL=1.7569  (56.5s)
== ep 9: train KL=1.7524  (57.0s)
  step   1760  ep 10/20  train KL=1.7124  (57.5s)
  step   1780  ep 10/20  train KL=1.6873  (58.3s)
  step   1800  ep 10/20  train KL=1.6724  (58.8s)
  step   1820  ep 10/20  train KL=1.6651  (59.4s)
  step   1840  ep 10/20  train KL=1.6610  (59.9s)
  step   1860  ep 10/20  train KL=1.6562  (60.5s)
  step   1880  ep 10/20  train KL=1.6510  (61.0s)
  step   1900  ep 10/20  train KL=1.6446  (61.6s)
  step   1920  ep 10/20  train KL=1.6414  (62.2s)
  step   1940  ep 10/20  train KL=1.6344  (62.7s)
== ep 10: train KL=1.6320  (63.2s)
  step   1960  ep 11/20  train KL=1.5665  (64.1s)
  step   1980  ep 11/20  train KL=1.5631  (64.6s)
  step   2000  ep 11/20  train KL=1.5628  (65.2s)
  step   2020  ep 11/20  train KL=1.5636  (65.8s)
  step   2040  ep 11/20  train KL=1.5554  (66.4s)
  step   2060  ep 11/20  train KL=1.5517  (67.0s)
  step   2080  ep 11/20  train KL=1.5475  (67.5s)
  step   2100  ep 11/20  train KL=1.5433  (68.1s)
  step   2120  ep 11/20  train KL=1.5376  (68.7s)
  step   2140  ep 11/20  train KL=1.5348  (69.3s)
== ep 11: train KL=1.5338  (69.6s)
  step   2160  ep 12/20  train KL=1.4798  (70.6s)
  step   2180  ep 12/20  train KL=1.4836  (71.2s)
  step   2200  ep 12/20  train KL=1.4837  (71.7s)
  step   2220  ep 12/20  train KL=1.4799  (72.3s)
  step   2240  ep 12/20  train KL=1.4732  (72.9s)
  step   2260  ep 12/20  train KL=1.4700  (73.4s)
  step   2280  ep 12/20  train KL=1.4659  (74.0s)
  step   2300  ep 12/20  train KL=1.4625  (74.6s)
  step   2320  ep 12/20  train KL=1.4596  (75.1s)
  step   2340  ep 12/20  train KL=1.4551  (75.7s)
== ep 12: train KL=1.4551  (75.9s)
  step   2360  ep 13/20  train KL=1.4037  (77.0s)
  step   2380  ep 13/20  train KL=1.4091  (77.6s)
  step   2400  ep 13/20  train KL=1.4100  (78.1s)
  step   2420  ep 13/20  train KL=1.4084  (78.7s)
  step   2440  ep 13/20  train KL=1.4060  (79.3s)
  step   2460  ep 13/20  train KL=1.4021  (79.8s)
  step   2480  ep 13/20  train KL=1.3997  (80.4s)
  step   2500  ep 13/20  train KL=1.3967  (81.0s)
  step   2520  ep 13/20  train KL=1.3949  (81.5s)
== ep 13: train KL=1.3930  (82.2s)
  step   2540  ep 14/20  train KL=1.3465  (82.7s)
  step   2560  ep 14/20  train KL=1.3589  (83.4s)
  step   2580  ep 14/20  train KL=1.3599  (83.9s)
  step   2600  ep 14/20  train KL=1.3601  (84.5s)
  step   2620  ep 14/20  train KL=1.3591  (85.0s)
  step   2640  ep 14/20  train KL=1.3547  (85.6s)
  step   2660  ep 14/20  train KL=1.3514  (86.1s)
  step   2680  ep 14/20  train KL=1.3499  (86.7s)
  step   2700  ep 14/20  train KL=1.3483  (87.2s)
  step   2720  ep 14/20  train KL=1.3463  (87.8s)
== ep 14: train KL=1.3451  (88.3s)
  step   2740  ep 15/20  train KL=1.3429  (89.0s)
  step   2760  ep 15/20  train KL=1.3265  (89.6s)
  step   2780  ep 15/20  train KL=1.3224  (90.2s)
  step   2800  ep 15/20  train KL=1.3143  (90.7s)
  step   2820  ep 15/20  train KL=1.3161  (91.3s)
  step   2840  ep 15/20  train KL=1.3134  (91.9s)
  step   2860  ep 15/20  train KL=1.3121  (92.4s)
  step   2880  ep 15/20  train KL=1.3131  (93.0s)
  step   2900  ep 15/20  train KL=1.3129  (93.5s)
  step   2920  ep 15/20  train KL=1.3105  (94.1s)
== ep 15: train KL=1.3101  (94.4s)
  step   2940  ep 16/20  train KL=1.2748  (95.4s)
  step   2960  ep 16/20  train KL=1.2893  (95.9s)
  step   2980  ep 16/20  train KL=1.2943  (96.5s)
  step   3000  ep 16/20  train KL=1.2913  (97.1s)
  step   3020  ep 16/20  train KL=1.2894  (97.7s)
  step   3040  ep 16/20  train KL=1.2899  (98.2s)
  step   3060  ep 16/20  train KL=1.2892  (98.8s)
  step   3080  ep 16/20  train KL=1.2882  (99.4s)
  step   3100  ep 16/20  train KL=1.2867  (100.0s)
  step   3120  ep 16/20  train KL=1.2849  (100.5s)
== ep 16: train KL=1.2849  (100.7s)
  step   3140  ep 17/20  train KL=1.2753  (101.8s)
  step   3160  ep 17/20  train KL=1.2747  (102.3s)
  step   3180  ep 17/20  train KL=1.2764  (102.9s)
  step   3200  ep 17/20  train KL=1.2705  (103.5s)
  step   3220  ep 17/20  train KL=1.2705  (104.1s)
  step   3240  ep 17/20  train KL=1.2692  (104.7s)
  step   3260  ep 17/20  train KL=1.2696  (105.2s)
  step   3280  ep 17/20  train KL=1.2693  (105.8s)
  step   3300  ep 17/20  train KL=1.2686  (106.3s)
== ep 17: train KL=1.2684  (106.9s)
  step   3320  ep 18/20  train KL=1.2445  (107.4s)
  step   3340  ep 18/20  train KL=1.2672  (108.1s)
  step   3360  ep 18/20  train KL=1.2659  (108.7s)
  step   3380  ep 18/20  train KL=1.2644  (109.3s)
  step   3400  ep 18/20  train KL=1.2645  (109.8s)
  step   3420  ep 18/20  train KL=1.2630  (110.4s)
  step   3440  ep 18/20  train KL=1.2624  (111.0s)
  step   3460  ep 18/20  train KL=1.2604  (111.5s)
  step   3480  ep 18/20  train KL=1.2594  (112.1s)
  step   3500  ep 18/20  train KL=1.2584  (112.6s)
== ep 18: train KL=1.2584  (113.0s)
  step   3520  ep 19/20  train KL=1.2397  (113.8s)
  step   3540  ep 19/20  train KL=1.2521  (114.4s)
  step   3560  ep 19/20  train KL=1.2539  (115.0s)
  step   3580  ep 19/20  train KL=1.2545  (115.5s)
  step   3600  ep 19/20  train KL=1.2523  (116.1s)
  step   3620  ep 19/20  train KL=1.2538  (116.6s)
  step   3640  ep 19/20  train KL=1.2546  (117.2s)
  step   3660  ep 19/20  train KL=1.2541  (117.8s)
  step   3680  ep 19/20  train KL=1.2541  (118.3s)
  step   3700  ep 19/20  train KL=1.2540  (118.9s)
== ep 19: train KL=1.2536  (119.2s)
  step   3720  ep 20/20  train KL=1.2580  (120.2s)
  step   3740  ep 20/20  train KL=1.2505  (120.8s)
  step   3760  ep 20/20  train KL=1.2498  (121.3s)
  step   3780  ep 20/20  train KL=1.2513  (121.9s)
  step   3800  ep 20/20  train KL=1.2514  (122.5s)
  step   3820  ep 20/20  train KL=1.2521  (123.0s)
  step   3840  ep 20/20  train KL=1.2520  (123.6s)
  step   3860  ep 20/20  train KL=1.2525  (124.1s)
  step   3880  ep 20/20  train KL=1.2530  (124.7s)
  step   3900  ep 20/20  train KL=1.2519  (125.2s)
== ep 20: train KL=1.2519  (125.4s)

Done. Total time: 125.4s
