Materializing 100000 rows from parquet...
  inputs:  (100000, 384) float32
  logits:  (100000, 32768) float16
  load time: 14.3s

Using all 100000 samples for training (capacity test).

Model: StackedLutUnembedder — 146.83M params
  LN(384)
  block 0: TinyMultiHeadLut(384→384, n_heads=1, tph=4096, nap=10) + residual
  final: Linear(384, 32768, bias=True)
  init_std=0.1

Training: epochs=20 batch_size=512 lr=0.001 schedule=cosine warmup=0

  step     20  ep 1/20  train KL=2.3319  (1.4s)
  step     40  ep 1/20  train KL=1.5600  (2.0s)
  step     60  ep 1/20  train KL=1.2126  (2.5s)
  step     80  ep 1/20  train KL=1.0100  (3.1s)
  step    100  ep 1/20  train KL=0.8774  (3.7s)
  step    120  ep 1/20  train KL=0.7816  (4.3s)
  step    140  ep 1/20  train KL=0.7093  (4.8s)
  step    160  ep 1/20  train KL=0.6523  (5.4s)
  step    180  ep 1/20  train KL=0.6055  (6.1s)
== ep 1: train KL=0.5757  (6.6s)
  step    200  ep 2/20  train KL=0.1929  (7.2s)
  step    220  ep 2/20  train KL=0.1870  (7.9s)
  step    240  ep 2/20  train KL=0.1815  (8.5s)
  step    260  ep 2/20  train KL=0.1762  (9.0s)
  step    280  ep 2/20  train KL=0.1713  (9.6s)
  step    300  ep 2/20  train KL=0.1673  (10.2s)
  step    320  ep 2/20  train KL=0.1637  (10.8s)
  step    340  ep 2/20  train KL=0.1603  (11.3s)
  step    360  ep 2/20  train KL=0.1571  (11.9s)
  step    380  ep 2/20  train KL=0.1541  (12.5s)
== ep 2: train KL=0.1527  (12.9s)
  step    400  ep 3/20  train KL=0.1125  (13.7s)
  step    420  ep 3/20  train KL=0.1163  (14.3s)
  step    440  ep 3/20  train KL=0.1158  (14.9s)
  step    460  ep 3/20  train KL=0.1150  (15.5s)
  step    480  ep 3/20  train KL=0.1139  (16.0s)
  step    500  ep 3/20  train KL=0.1126  (16.6s)
  step    520  ep 3/20  train KL=0.1114  (17.2s)
  step    540  ep 3/20  train KL=0.1103  (17.8s)
  step    560  ep 3/20  train KL=0.1091  (18.3s)
  step    580  ep 3/20  train KL=0.1085  (18.9s)
== ep 3: train KL=0.1081  (19.2s)
  step    600  ep 4/20  train KL=0.0909  (20.0s)
  step    620  ep 4/20  train KL=0.0901  (20.7s)
  step    640  ep 4/20  train KL=0.0894  (21.3s)
  step    660  ep 4/20  train KL=0.0886  (21.9s)
  step    680  ep 4/20  train KL=0.0877  (22.5s)
  step    700  ep 4/20  train KL=0.0870  (23.0s)
  step    720  ep 4/20  train KL=0.0863  (23.6s)
  step    740  ep 4/20  train KL=0.0857  (24.2s)
  step    760  ep 4/20  train KL=0.0851  (24.8s)
  step    780  ep 4/20  train KL=0.0847  (25.4s)
== ep 4: train KL=0.0847  (25.6s)
  step    800  ep 5/20  train KL=0.0753  (26.7s)
  step    820  ep 5/20  train KL=0.0744  (27.3s)
  step    840  ep 5/20  train KL=0.0742  (27.9s)
  step    860  ep 5/20  train KL=0.0735  (28.5s)
  step    880  ep 5/20  train KL=0.0726  (29.1s)
  step    900  ep 5/20  train KL=0.0723  (29.7s)
  step    920  ep 5/20  train KL=0.0719  (30.3s)
  step    940  ep 5/20  train KL=0.0716  (30.9s)
  step    960  ep 5/20  train KL=0.0713  (31.5s)
== ep 5: train KL=0.0709  (32.1s)
  step    980  ep 6/20  train KL=0.0627  (32.7s)
  step   1000  ep 6/20  train KL=0.0639  (33.4s)
  step   1020  ep 6/20  train KL=0.0634  (34.0s)
  step   1040  ep 6/20  train KL=0.0630  (34.5s)
  step   1060  ep 6/20  train KL=0.0630  (35.1s)
  step   1080  ep 6/20  train KL=0.0631  (35.7s)
  step   1100  ep 6/20  train KL=0.0628  (36.3s)
  step   1120  ep 6/20  train KL=0.0626  (36.9s)
  step   1140  ep 6/20  train KL=0.0620  (37.5s)
  step   1160  ep 6/20  train KL=0.0618  (38.1s)
== ep 6: train KL=0.0617  (38.5s)
  step   1180  ep 7/20  train KL=0.0564  (39.3s)
  step   1200  ep 7/20  train KL=0.0564  (39.9s)
  step   1220  ep 7/20  train KL=0.0556  (40.5s)
  step   1240  ep 7/20  train KL=0.0554  (41.1s)
  step   1260  ep 7/20  train KL=0.0549  (41.6s)
  step   1280  ep 7/20  train KL=0.0546  (42.2s)
  step   1300  ep 7/20  train KL=0.0543  (42.8s)
  step   1320  ep 7/20  train KL=0.0540  (43.3s)
  step   1340  ep 7/20  train KL=0.0537  (43.9s)
  step   1360  ep 7/20  train KL=0.0536  (44.5s)
== ep 7: train KL=0.0535  (44.8s)
  step   1380  ep 8/20  train KL=0.0487  (45.8s)
  step   1400  ep 8/20  train KL=0.0482  (46.4s)
  step   1420  ep 8/20  train KL=0.0481  (46.9s)
  step   1440  ep 8/20  train KL=0.0481  (47.5s)
  step   1460  ep 8/20  train KL=0.0476  (48.1s)
  step   1480  ep 8/20  train KL=0.0471  (48.7s)
  step   1500  ep 8/20  train KL=0.0470  (49.3s)
  step   1520  ep 8/20  train KL=0.0467  (49.8s)
  step   1540  ep 8/20  train KL=0.0466  (50.4s)
  step   1560  ep 8/20  train KL=0.0464  (51.0s)
== ep 8: train KL=0.0464  (51.2s)
  step   1580  ep 9/20  train KL=0.0413  (52.3s)
  step   1600  ep 9/20  train KL=0.0410  (52.9s)
  step   1620  ep 9/20  train KL=0.0410  (53.5s)
  step   1640  ep 9/20  train KL=0.0408  (54.1s)
  step   1660  ep 9/20  train KL=0.0406  (54.7s)
  step   1680  ep 9/20  train KL=0.0403  (55.2s)
  step   1700  ep 9/20  train KL=0.0400  (55.8s)
  step   1720  ep 9/20  train KL=0.0398  (56.4s)
  step   1740  ep 9/20  train KL=0.0398  (57.0s)
== ep 9: train KL=0.0398  (57.6s)
  step   1760  ep 10/20  train KL=0.0368  (58.1s)
  step   1780  ep 10/20  train KL=0.0355  (58.9s)
  step   1800  ep 10/20  train KL=0.0352  (59.4s)
  step   1820  ep 10/20  train KL=0.0352  (60.0s)
  step   1840  ep 10/20  train KL=0.0352  (60.6s)
  step   1860  ep 10/20  train KL=0.0351  (61.2s)
  step   1880  ep 10/20  train KL=0.0351  (61.8s)
  step   1900  ep 10/20  train KL=0.0350  (62.4s)
  step   1920  ep 10/20  train KL=0.0348  (62.9s)
  step   1940  ep 10/20  train KL=0.0345  (63.5s)
== ep 10: train KL=0.0345  (64.0s)
  step   1960  ep 11/20  train KL=0.0309  (64.8s)
  step   1980  ep 11/20  train KL=0.0307  (65.4s)
  step   2000  ep 11/20  train KL=0.0305  (66.0s)
  step   2020  ep 11/20  train KL=0.0302  (66.5s)
  step   2040  ep 11/20  train KL=0.0301  (67.1s)
  step   2060  ep 11/20  train KL=0.0301  (67.7s)
  step   2080  ep 11/20  train KL=0.0300  (68.3s)
  step   2100  ep 11/20  train KL=0.0300  (68.9s)
  step   2120  ep 11/20  train KL=0.0299  (69.5s)
  step   2140  ep 11/20  train KL=0.0298  (70.1s)
== ep 11: train KL=0.0298  (70.4s)
  step   2160  ep 12/20  train KL=0.0264  (71.4s)
  step   2180  ep 12/20  train KL=0.0262  (72.0s)
  step   2200  ep 12/20  train KL=0.0261  (72.5s)
  step   2220  ep 12/20  train KL=0.0261  (73.1s)
  step   2240  ep 12/20  train KL=0.0262  (73.7s)
  step   2260  ep 12/20  train KL=0.0261  (74.3s)
  step   2280  ep 12/20  train KL=0.0261  (74.9s)
  step   2300  ep 12/20  train KL=0.0260  (75.5s)
  step   2320  ep 12/20  train KL=0.0259  (76.0s)
  step   2340  ep 12/20  train KL=0.0259  (76.6s)
== ep 12: train KL=0.0259  (76.8s)
  step   2360  ep 13/20  train KL=0.0236  (77.9s)
  step   2380  ep 13/20  train KL=0.0234  (78.5s)
  step   2400  ep 13/20  train KL=0.0234  (79.1s)
  step   2420  ep 13/20  train KL=0.0234  (79.7s)
  step   2440  ep 13/20  train KL=0.0234  (80.3s)
  step   2460  ep 13/20  train KL=0.0233  (80.8s)
  step   2480  ep 13/20  train KL=0.0233  (81.4s)
  step   2500  ep 13/20  train KL=0.0232  (82.0s)
  step   2520  ep 13/20  train KL=0.0232  (82.6s)
== ep 13: train KL=0.0231  (83.2s)
  step   2540  ep 14/20  train KL=0.0215  (83.8s)
  step   2560  ep 14/20  train KL=0.0212  (84.5s)
  step   2580  ep 14/20  train KL=0.0212  (85.1s)
  step   2600  ep 14/20  train KL=0.0212  (85.6s)
  step   2620  ep 14/20  train KL=0.0212  (86.2s)
  step   2640  ep 14/20  train KL=0.0212  (86.8s)
  step   2660  ep 14/20  train KL=0.0212  (87.4s)
  step   2680  ep 14/20  train KL=0.0212  (88.0s)
  step   2700  ep 14/20  train KL=0.0212  (88.5s)
  step   2720  ep 14/20  train KL=0.0212  (89.1s)
== ep 14: train KL=0.0212  (89.6s)
  step   2740  ep 15/20  train KL=0.0199  (90.4s)
  step   2760  ep 15/20  train KL=0.0200  (91.0s)
  step   2780  ep 15/20  train KL=0.0199  (91.6s)
  step   2800  ep 15/20  train KL=0.0199  (92.1s)
  step   2820  ep 15/20  train KL=0.0199  (92.7s)
  step   2840  ep 15/20  train KL=0.0199  (93.3s)
  step   2860  ep 15/20  train KL=0.0199  (93.9s)
  step   2880  ep 15/20  train KL=0.0199  (94.4s)
  step   2900  ep 15/20  train KL=0.0199  (95.0s)
  step   2920  ep 15/20  train KL=0.0199  (95.6s)
== ep 15: train KL=0.0199  (95.9s)
  step   2940  ep 16/20  train KL=0.0192  (96.9s)
  step   2960  ep 16/20  train KL=0.0191  (97.5s)
  step   2980  ep 16/20  train KL=0.0191  (98.0s)
  step   3000  ep 16/20  train KL=0.0191  (98.6s)
  step   3020  ep 16/20  train KL=0.0191  (99.2s)
  step   3040  ep 16/20  train KL=0.0191  (99.8s)
  step   3060  ep 16/20  train KL=0.0191  (100.4s)
  step   3080  ep 16/20  train KL=0.0191  (101.0s)
  step   3100  ep 16/20  train KL=0.0191  (101.5s)
  step   3120  ep 16/20  train KL=0.0191  (102.1s)
== ep 16: train KL=0.0191  (102.3s)
  step   3140  ep 17/20  train KL=0.0186  (103.4s)
  step   3160  ep 17/20  train KL=0.0186  (104.0s)
  step   3180  ep 17/20  train KL=0.0187  (104.6s)
  step   3200  ep 17/20  train KL=0.0187  (105.2s)
  step   3220  ep 17/20  train KL=0.0187  (105.8s)
  step   3240  ep 17/20  train KL=0.0187  (106.4s)
  step   3260  ep 17/20  train KL=0.0187  (107.0s)
  step   3280  ep 17/20  train KL=0.0187  (107.6s)
  step   3300  ep 17/20  train KL=0.0187  (108.1s)
== ep 17: train KL=0.0187  (108.8s)
  step   3320  ep 18/20  train KL=0.0185  (109.3s)
  step   3340  ep 18/20  train KL=0.0185  (110.0s)
  step   3360  ep 18/20  train KL=0.0184  (110.6s)
  step   3380  ep 18/20  train KL=0.0184  (111.2s)
  step   3400  ep 18/20  train KL=0.0183  (111.8s)
  step   3420  ep 18/20  train KL=0.0183  (112.3s)
  step   3440  ep 18/20  train KL=0.0184  (112.9s)
  step   3460  ep 18/20  train KL=0.0184  (113.5s)
  step   3480  ep 18/20  train KL=0.0184  (114.0s)
  step   3500  ep 18/20  train KL=0.0184  (114.6s)
== ep 18: train KL=0.0184  (115.1s)
  step   3520  ep 19/20  train KL=0.0181  (115.9s)
  step   3540  ep 19/20  train KL=0.0181  (116.5s)
  step   3560  ep 19/20  train KL=0.0181  (117.0s)
  step   3580  ep 19/20  train KL=0.0182  (117.6s)
  step   3600  ep 19/20  train KL=0.0182  (118.2s)
  step   3620  ep 19/20  train KL=0.0182  (118.8s)
  step   3640  ep 19/20  train KL=0.0182  (119.4s)
  step   3660  ep 19/20  train KL=0.0182  (120.0s)
  step   3680  ep 19/20  train KL=0.0182  (120.6s)
  step   3700  ep 19/20  train KL=0.0182  (121.1s)
== ep 19: train KL=0.0182  (121.5s)
  step   3720  ep 20/20  train KL=0.0181  (122.5s)
  step   3740  ep 20/20  train KL=0.0180  (123.1s)
  step   3760  ep 20/20  train KL=0.0181  (123.6s)
  step   3780  ep 20/20  train KL=0.0181  (124.2s)
  step   3800  ep 20/20  train KL=0.0181  (124.8s)
  step   3820  ep 20/20  train KL=0.0181  (125.4s)
  step   3840  ep 20/20  train KL=0.0181  (125.9s)
  step   3860  ep 20/20  train KL=0.0181  (126.5s)
  step   3880  ep 20/20  train KL=0.0181  (127.1s)
  step   3900  ep 20/20  train KL=0.0181  (127.7s)
== ep 20: train KL=0.0181  (127.8s)

Done. Total time: 127.8s
