Materializing 100000 rows from parquet...
  inputs:  (100000, 384) float32
  logits:  (100000, 32768) float16
  load time: 14.0s

Using all 100000 samples for training (capacity test).

Model: StackedLutUnembedder — 134.22M params
  LN(384)
  block 0: TinyMultiHeadLut(384→384, n_heads=1, tph=4096, nap=10) + residual
  final: Linear(384, 32768, bias=True)
  init_std=0.1

Training: epochs=20 batch_size=512 lr=0.001 schedule=cosine warmup=0

  step     20  ep 1/20  train KL=4.7184  (1.4s)
  step     40  ep 1/20  train KL=4.7067  (1.9s)
  step     60  ep 1/20  train KL=4.6900  (2.5s)
  step     80  ep 1/20  train KL=4.6604  (3.1s)
  step    100  ep 1/20  train KL=4.6250  (3.6s)
  step    120  ep 1/20  train KL=4.5879  (4.2s)
  step    140  ep 1/20  train KL=4.5432  (4.8s)
  step    160  ep 1/20  train KL=4.4988  (5.3s)
  step    180  ep 1/20  train KL=4.4547  (5.9s)
== ep 1: train KL=4.4242  (6.5s)
  step    200  ep 2/20  train KL=3.9992  (7.2s)
  step    220  ep 2/20  train KL=3.9737  (7.7s)
  step    240  ep 2/20  train KL=3.9265  (8.3s)
  step    260  ep 2/20  train KL=3.8893  (8.9s)
  step    280  ep 2/20  train KL=3.8546  (9.5s)
  step    300  ep 2/20  train KL=3.8198  (10.1s)
  step    320  ep 2/20  train KL=3.7845  (10.6s)
  step    340  ep 2/20  train KL=3.7501  (11.2s)
  step    360  ep 2/20  train KL=3.7169  (11.8s)
  step    380  ep 2/20  train KL=3.6883  (12.4s)
== ep 2: train KL=3.6717  (12.8s)
  step    400  ep 3/20  train KL=3.3656  (13.6s)
  step    420  ep 3/20  train KL=3.3375  (14.2s)
  step    440  ep 3/20  train KL=3.3180  (14.8s)
  step    460  ep 3/20  train KL=3.2933  (15.3s)
  step    480  ep 3/20  train KL=3.2646  (15.9s)
  step    500  ep 3/20  train KL=3.2408  (16.5s)
  step    520  ep 3/20  train KL=3.2174  (17.0s)
  step    540  ep 3/20  train KL=3.1927  (17.6s)
  step    560  ep 3/20  train KL=3.1722  (18.2s)
  step    580  ep 3/20  train KL=3.1480  (18.7s)
== ep 3: train KL=3.1423  (19.1s)
  step    600  ep 4/20  train KL=2.9039  (20.0s)
  step    620  ep 4/20  train KL=2.8803  (20.6s)
  step    640  ep 4/20  train KL=2.8596  (21.2s)
  step    660  ep 4/20  train KL=2.8430  (21.7s)
  step    680  ep 4/20  train KL=2.8264  (22.3s)
  step    700  ep 4/20  train KL=2.8070  (22.9s)
  step    720  ep 4/20  train KL=2.7914  (23.4s)
  step    740  ep 4/20  train KL=2.7742  (24.0s)
  step    760  ep 4/20  train KL=2.7547  (24.6s)
  step    780  ep 4/20  train KL=2.7376  (25.1s)
== ep 4: train KL=2.7376  (25.3s)
  step    800  ep 5/20  train KL=2.5657  (26.4s)
  step    820  ep 5/20  train KL=2.5389  (26.9s)
  step    840  ep 5/20  train KL=2.5216  (27.5s)
  step    860  ep 5/20  train KL=2.5066  (28.0s)
  step    880  ep 5/20  train KL=2.4878  (28.6s)
  step    900  ep 5/20  train KL=2.4755  (29.2s)
  step    920  ep 5/20  train KL=2.4597  (29.8s)
  step    940  ep 5/20  train KL=2.4441  (30.3s)
  step    960  ep 5/20  train KL=2.4254  (30.9s)
== ep 5: train KL=2.4127  (31.5s)
  step    980  ep 6/20  train KL=2.2974  (32.0s)
  step   1000  ep 6/20  train KL=2.2811  (32.7s)
  step   1020  ep 6/20  train KL=2.2530  (33.3s)
  step   1040  ep 6/20  train KL=2.2375  (33.8s)
  step   1060  ep 6/20  train KL=2.2249  (34.4s)
  step   1080  ep 6/20  train KL=2.2078  (35.0s)
  step   1100  ep 6/20  train KL=2.1955  (35.5s)
  step   1120  ep 6/20  train KL=2.1811  (36.1s)
  step   1140  ep 6/20  train KL=2.1689  (36.7s)
  step   1160  ep 6/20  train KL=2.1553  (37.3s)
== ep 6: train KL=2.1487  (37.7s)
  step   1180  ep 7/20  train KL=2.0241  (38.5s)
  step   1200  ep 7/20  train KL=2.0221  (39.1s)
  step   1220  ep 7/20  train KL=2.0168  (39.6s)
  step   1240  ep 7/20  train KL=2.0028  (40.2s)
  step   1260  ep 7/20  train KL=1.9897  (40.8s)
  step   1280  ep 7/20  train KL=1.9792  (41.3s)
  step   1300  ep 7/20  train KL=1.9677  (41.9s)
  step   1320  ep 7/20  train KL=1.9574  (42.5s)
  step   1340  ep 7/20  train KL=1.9463  (43.1s)
  step   1360  ep 7/20  train KL=1.9384  (43.6s)
== ep 7: train KL=1.9353  (44.0s)
  step   1380  ep 8/20  train KL=1.8314  (44.9s)
  step   1400  ep 8/20  train KL=1.8185  (45.5s)
  step   1420  ep 8/20  train KL=1.8156  (46.1s)
  step   1440  ep 8/20  train KL=1.8088  (46.7s)
  step   1460  ep 8/20  train KL=1.8021  (47.2s)
  step   1480  ep 8/20  train KL=1.7925  (47.8s)
  step   1500  ep 8/20  train KL=1.7838  (48.4s)
  step   1520  ep 8/20  train KL=1.7771  (48.9s)
  step   1540  ep 8/20  train KL=1.7695  (49.5s)
  step   1560  ep 8/20  train KL=1.7621  (50.1s)
== ep 8: train KL=1.7621  (50.2s)
  step   1580  ep 9/20  train KL=1.6782  (51.3s)
  step   1600  ep 9/20  train KL=1.6710  (51.9s)
  step   1620  ep 9/20  train KL=1.6642  (52.5s)
  step   1640  ep 9/20  train KL=1.6585  (53.0s)
  step   1660  ep 9/20  train KL=1.6516  (53.6s)
  step   1680  ep 9/20  train KL=1.6441  (54.1s)
  step   1700  ep 9/20  train KL=1.6372  (54.7s)
  step   1720  ep 9/20  train KL=1.6326  (55.3s)
  step   1740  ep 9/20  train KL=1.6257  (55.9s)
== ep 9: train KL=1.6215  (56.5s)
  step   1760  ep 10/20  train KL=1.5853  (57.0s)
  step   1780  ep 10/20  train KL=1.5590  (57.7s)
  step   1800  ep 10/20  train KL=1.5451  (58.3s)
  step   1820  ep 10/20  train KL=1.5388  (58.9s)
  step   1840  ep 10/20  train KL=1.5351  (59.4s)
  step   1860  ep 10/20  train KL=1.5309  (60.0s)
  step   1880  ep 10/20  train KL=1.5257  (60.6s)
  step   1900  ep 10/20  train KL=1.5197  (61.2s)
  step   1920  ep 10/20  train KL=1.5170  (61.7s)
  step   1940  ep 10/20  train KL=1.5105  (62.3s)
== ep 10: train KL=1.5084  (62.8s)
  step   1960  ep 11/20  train KL=1.4492  (63.6s)
  step   1980  ep 11/20  train KL=1.4443  (64.1s)
  step   2000  ep 11/20  train KL=1.4440  (64.7s)
  step   2020  ep 11/20  train KL=1.4448  (65.3s)
  step   2040  ep 11/20  train KL=1.4374  (65.9s)
  step   2060  ep 11/20  train KL=1.4338  (66.4s)
  step   2080  ep 11/20  train KL=1.4301  (67.0s)
  step   2100  ep 11/20  train KL=1.4265  (67.6s)
  step   2120  ep 11/20  train KL=1.4210  (68.2s)
  step   2140  ep 11/20  train KL=1.4187  (68.8s)
== ep 11: train KL=1.4179  (69.1s)
  step   2160  ep 12/20  train KL=1.3662  (70.1s)
  step   2180  ep 12/20  train KL=1.3710  (70.7s)
  step   2200  ep 12/20  train KL=1.3714  (71.3s)
  step   2220  ep 12/20  train KL=1.3691  (71.9s)
  step   2240  ep 12/20  train KL=1.3628  (72.5s)
  step   2260  ep 12/20  train KL=1.3599  (73.1s)
  step   2280  ep 12/20  train KL=1.3563  (73.7s)
  step   2300  ep 12/20  train KL=1.3535  (74.3s)
  step   2320  ep 12/20  train KL=1.3508  (74.9s)
  step   2340  ep 12/20  train KL=1.3467  (75.4s)
== ep 12: train KL=1.3467  (75.6s)
  step   2360  ep 13/20  train KL=1.3006  (76.7s)
  step   2380  ep 13/20  train KL=1.3051  (77.3s)
  step   2400  ep 13/20  train KL=1.3065  (77.9s)
  step   2420  ep 13/20  train KL=1.3050  (78.5s)
  step   2440  ep 13/20  train KL=1.3030  (79.1s)
  step   2460  ep 13/20  train KL=1.2996  (79.6s)
  step   2480  ep 13/20  train KL=1.2974  (80.2s)
  step   2500  ep 13/20  train KL=1.2946  (80.8s)
  step   2520  ep 13/20  train KL=1.2929  (81.4s)
== ep 13: train KL=1.2914  (82.0s)
  step   2540  ep 14/20  train KL=1.2484  (82.5s)
  step   2560  ep 14/20  train KL=1.2604  (83.2s)
  step   2580  ep 14/20  train KL=1.2618  (83.8s)
  step   2600  ep 14/20  train KL=1.2626  (84.4s)
  step   2620  ep 14/20  train KL=1.2617  (85.0s)
  step   2640  ep 14/20  train KL=1.2577  (85.5s)
  step   2660  ep 14/20  train KL=1.2545  (86.1s)
  step   2680  ep 14/20  train KL=1.2532  (86.7s)
  step   2700  ep 14/20  train KL=1.2519  (87.3s)
  step   2720  ep 14/20  train KL=1.2501  (87.8s)
== ep 14: train KL=1.2490  (88.3s)
  step   2740  ep 15/20  train KL=1.2480  (89.1s)
  step   2760  ep 15/20  train KL=1.2336  (89.6s)
  step   2780  ep 15/20  train KL=1.2292  (90.2s)
  step   2800  ep 15/20  train KL=1.2216  (90.8s)
  step   2820  ep 15/20  train KL=1.2241  (91.3s)
  step   2840  ep 15/20  train KL=1.2212  (91.9s)
  step   2860  ep 15/20  train KL=1.2202  (92.5s)
  step   2880  ep 15/20  train KL=1.2209  (93.0s)
  step   2900  ep 15/20  train KL=1.2208  (93.6s)
  step   2920  ep 15/20  train KL=1.2186  (94.2s)
== ep 15: train KL=1.2183  (94.5s)
  step   2940  ep 16/20  train KL=1.1838  (95.5s)
  step   2960  ep 16/20  train KL=1.1986  (96.0s)
  step   2980  ep 16/20  train KL=1.2037  (96.6s)
  step   3000  ep 16/20  train KL=1.2014  (97.2s)
  step   3020  ep 16/20  train KL=1.1997  (97.8s)
  step   3040  ep 16/20  train KL=1.2006  (98.3s)
  step   3060  ep 16/20  train KL=1.1999  (98.9s)
  step   3080  ep 16/20  train KL=1.1991  (99.5s)
  step   3100  ep 16/20  train KL=1.1977  (100.0s)
  step   3120  ep 16/20  train KL=1.1961  (100.6s)
== ep 16: train KL=1.1961  (100.8s)
  step   3140  ep 17/20  train KL=1.1882  (101.9s)
  step   3160  ep 17/20  train KL=1.1875  (102.4s)
  step   3180  ep 17/20  train KL=1.1891  (103.0s)
  step   3200  ep 17/20  train KL=1.1834  (103.6s)
  step   3220  ep 17/20  train KL=1.1834  (104.2s)
  step   3240  ep 17/20  train KL=1.1825  (104.7s)
  step   3260  ep 17/20  train KL=1.1829  (105.3s)
  step   3280  ep 17/20  train KL=1.1825  (105.9s)
  step   3300  ep 17/20  train KL=1.1817  (106.4s)
== ep 17: train KL=1.1816  (107.1s)
  step   3320  ep 18/20  train KL=1.1605  (107.6s)
  step   3340  ep 18/20  train KL=1.1808  (108.3s)
  step   3360  ep 18/20  train KL=1.1795  (108.9s)
  step   3380  ep 18/20  train KL=1.1783  (109.5s)
  step   3400  ep 18/20  train KL=1.1788  (110.0s)
  step   3420  ep 18/20  train KL=1.1772  (110.6s)
  step   3440  ep 18/20  train KL=1.1766  (111.2s)
  step   3460  ep 18/20  train KL=1.1747  (111.8s)
  step   3480  ep 18/20  train KL=1.1735  (112.4s)
  step   3500  ep 18/20  train KL=1.1726  (113.1s)
== ep 18: train KL=1.1727  (113.5s)
  step   3520  ep 19/20  train KL=1.1535  (114.3s)
  step   3540  ep 19/20  train KL=1.1664  (114.9s)
  step   3560  ep 19/20  train KL=1.1680  (115.5s)
  step   3580  ep 19/20  train KL=1.1690  (116.1s)
  step   3600  ep 19/20  train KL=1.1668  (116.6s)
  step   3620  ep 19/20  train KL=1.1685  (117.2s)
  step   3640  ep 19/20  train KL=1.1694  (117.8s)
  step   3660  ep 19/20  train KL=1.1688  (118.3s)
  step   3680  ep 19/20  train KL=1.1687  (118.9s)
  step   3700  ep 19/20  train KL=1.1688  (119.5s)
== ep 19: train KL=1.1684  (119.8s)
  step   3720  ep 20/20  train KL=1.1733  (120.8s)
  step   3740  ep 20/20  train KL=1.1650  (121.4s)
  step   3760  ep 20/20  train KL=1.1652  (122.0s)
  step   3780  ep 20/20  train KL=1.1661  (122.6s)
  step   3800  ep 20/20  train KL=1.1663  (123.1s)
  step   3820  ep 20/20  train KL=1.1670  (123.7s)
  step   3840  ep 20/20  train KL=1.1670  (124.3s)
  step   3860  ep 20/20  train KL=1.1676  (124.9s)
  step   3880  ep 20/20  train KL=1.1680  (125.4s)
  step   3900  ep 20/20  train KL=1.1669  (126.0s)
== ep 20: train KL=1.1669  (126.2s)

Done. Total time: 126.2s
