Materializing 100000 rows from parquet...
  inputs:  (100000, 384) float32
  logits:  (100000, 32768) float16
  load time: 14.3s

Using all 100000 samples for training (capacity test).

Model: StackedLutUnembedder — 34.24M params
  LN(384)
  block 0: TinyMultiHeadLut(384→384, n_heads=1, tph=660, nap=10) + residual
  final: Linear(384, 32768, bias=True)
  init_std=0.1

Training: epochs=20 batch_size=512 lr=0.001 schedule=cosine warmup=0

  step     20  ep 1/20  train KL=2.5020  (1.4s)
  step     40  ep 1/20  train KL=1.6243  (2.0s)
  step     60  ep 1/20  train KL=1.2305  (2.6s)
  step     80  ep 1/20  train KL=1.0041  (3.2s)
  step    100  ep 1/20  train KL=0.8574  (3.7s)
  step    120  ep 1/20  train KL=0.7530  (4.3s)
  step    140  ep 1/20  train KL=0.6754  (4.9s)
  step    160  ep 1/20  train KL=0.6147  (5.5s)
  step    180  ep 1/20  train KL=0.5655  (6.0s)
== ep 1: train KL=0.5345  (6.6s)
  step    200  ep 2/20  train KL=0.1335  (7.1s)
  step    220  ep 2/20  train KL=0.1311  (7.8s)
  step    240  ep 2/20  train KL=0.1285  (8.4s)
  step    260  ep 2/20  train KL=0.1256  (9.0s)
  step    280  ep 2/20  train KL=0.1229  (9.5s)
  step    300  ep 2/20  train KL=0.1207  (10.1s)
  step    320  ep 2/20  train KL=0.1188  (10.6s)
  step    340  ep 2/20  train KL=0.1171  (11.2s)
  step    360  ep 2/20  train KL=0.1154  (11.7s)
  step    380  ep 2/20  train KL=0.1138  (12.3s)
== ep 2: train KL=0.1130  (12.8s)
  step    400  ep 3/20  train KL=0.0846  (13.5s)
  step    420  ep 3/20  train KL=0.0825  (14.1s)
  step    440  ep 3/20  train KL=0.0815  (14.7s)
  step    460  ep 3/20  train KL=0.0807  (15.2s)
  step    480  ep 3/20  train KL=0.0802  (15.8s)
  step    500  ep 3/20  train KL=0.0795  (16.3s)
  step    520  ep 3/20  train KL=0.0790  (16.9s)
  step    540  ep 3/20  train KL=0.0784  (17.5s)
  step    560  ep 3/20  train KL=0.0779  (18.0s)
  step    580  ep 3/20  train KL=0.0775  (18.6s)
== ep 3: train KL=0.0774  (18.9s)
  step    600  ep 4/20  train KL=0.0640  (19.7s)
  step    620  ep 4/20  train KL=0.0639  (20.4s)
  step    640  ep 4/20  train KL=0.0633  (21.0s)
  step    660  ep 4/20  train KL=0.0631  (21.5s)
  step    680  ep 4/20  train KL=0.0630  (22.1s)
  step    700  ep 4/20  train KL=0.0626  (22.7s)
  step    720  ep 4/20  train KL=0.0624  (23.2s)
  step    740  ep 4/20  train KL=0.0621  (23.8s)
  step    760  ep 4/20  train KL=0.0619  (24.4s)
  step    780  ep 4/20  train KL=0.0616  (24.9s)
== ep 4: train KL=0.0616  (25.1s)
  step    800  ep 5/20  train KL=0.0535  (26.1s)
  step    820  ep 5/20  train KL=0.0532  (26.7s)
  step    840  ep 5/20  train KL=0.0531  (27.3s)
  step    860  ep 5/20  train KL=0.0531  (27.8s)
  step    880  ep 5/20  train KL=0.0529  (28.4s)
  step    900  ep 5/20  train KL=0.0528  (29.0s)
  step    920  ep 5/20  train KL=0.0527  (29.6s)
  step    940  ep 5/20  train KL=0.0526  (30.1s)
  step    960  ep 5/20  train KL=0.0525  (30.7s)
== ep 5: train KL=0.0525  (31.3s)
  step    980  ep 6/20  train KL=0.0465  (31.8s)
  step   1000  ep 6/20  train KL=0.0470  (32.5s)
  step   1020  ep 6/20  train KL=0.0468  (33.0s)
  step   1040  ep 6/20  train KL=0.0467  (33.6s)
  step   1060  ep 6/20  train KL=0.0466  (34.2s)
  step   1080  ep 6/20  train KL=0.0466  (34.8s)
  step   1100  ep 6/20  train KL=0.0466  (35.3s)
  step   1120  ep 6/20  train KL=0.0466  (35.9s)
  step   1140  ep 6/20  train KL=0.0465  (36.5s)
  step   1160  ep 6/20  train KL=0.0464  (37.0s)
== ep 6: train KL=0.0464  (37.5s)
  step   1180  ep 7/20  train KL=0.0412  (38.3s)
  step   1200  ep 7/20  train KL=0.0415  (38.8s)
  step   1220  ep 7/20  train KL=0.0416  (39.4s)
  step   1240  ep 7/20  train KL=0.0417  (40.0s)
  step   1260  ep 7/20  train KL=0.0415  (40.5s)
  step   1280  ep 7/20  train KL=0.0415  (41.1s)
  step   1300  ep 7/20  train KL=0.0415  (41.7s)
  step   1320  ep 7/20  train KL=0.0416  (42.2s)
  step   1340  ep 7/20  train KL=0.0417  (42.8s)
  step   1360  ep 7/20  train KL=0.0417  (43.4s)
== ep 7: train KL=0.0416  (43.7s)
  step   1380  ep 8/20  train KL=0.0383  (44.6s)
  step   1400  ep 8/20  train KL=0.0383  (45.2s)
  step   1420  ep 8/20  train KL=0.0381  (45.8s)
  step   1440  ep 8/20  train KL=0.0381  (46.4s)
  step   1460  ep 8/20  train KL=0.0380  (46.9s)
  step   1480  ep 8/20  train KL=0.0380  (47.5s)
  step   1500  ep 8/20  train KL=0.0380  (48.1s)
  step   1520  ep 8/20  train KL=0.0380  (48.6s)
  step   1540  ep 8/20  train KL=0.0380  (49.2s)
  step   1560  ep 8/20  train KL=0.0380  (49.7s)
== ep 8: train KL=0.0380  (49.9s)
  step   1580  ep 9/20  train KL=0.0349  (51.0s)
  step   1600  ep 9/20  train KL=0.0349  (51.6s)
  step   1620  ep 9/20  train KL=0.0349  (52.1s)
  step   1640  ep 9/20  train KL=0.0350  (52.7s)
  step   1660  ep 9/20  train KL=0.0350  (53.3s)
  step   1680  ep 9/20  train KL=0.0350  (53.8s)
  step   1700  ep 9/20  train KL=0.0349  (54.4s)
  step   1720  ep 9/20  train KL=0.0348  (54.9s)
  step   1740  ep 9/20  train KL=0.0349  (55.5s)
== ep 9: train KL=0.0349  (56.2s)
  step   1760  ep 10/20  train KL=0.0326  (56.6s)
  step   1780  ep 10/20  train KL=0.0323  (57.4s)
  step   1800  ep 10/20  train KL=0.0324  (57.9s)
  step   1820  ep 10/20  train KL=0.0323  (58.5s)
  step   1840  ep 10/20  train KL=0.0323  (59.1s)
  step   1860  ep 10/20  train KL=0.0323  (59.7s)
  step   1880  ep 10/20  train KL=0.0324  (60.2s)
  step   1900  ep 10/20  train KL=0.0324  (60.7s)
  step   1920  ep 10/20  train KL=0.0324  (61.3s)
  step   1940  ep 10/20  train KL=0.0324  (61.9s)
== ep 10: train KL=0.0324  (62.3s)
  step   1960  ep 11/20  train KL=0.0301  (63.1s)
  step   1980  ep 11/20  train KL=0.0302  (63.7s)
  step   2000  ep 11/20  train KL=0.0302  (64.3s)
  step   2020  ep 11/20  train KL=0.0301  (64.8s)
  step   2040  ep 11/20  train KL=0.0301  (65.4s)
  step   2060  ep 11/20  train KL=0.0301  (65.9s)
  step   2080  ep 11/20  train KL=0.0301  (66.5s)
  step   2100  ep 11/20  train KL=0.0302  (67.1s)
  step   2120  ep 11/20  train KL=0.0302  (67.6s)
  step   2140  ep 11/20  train KL=0.0302  (68.2s)
== ep 11: train KL=0.0302  (68.5s)
  step   2160  ep 12/20  train KL=0.0283  (69.5s)
  step   2180  ep 12/20  train KL=0.0283  (70.0s)
  step   2200  ep 12/20  train KL=0.0283  (70.6s)
  step   2220  ep 12/20  train KL=0.0283  (71.2s)
  step   2240  ep 12/20  train KL=0.0283  (71.7s)
  step   2260  ep 12/20  train KL=0.0283  (72.3s)
  step   2280  ep 12/20  train KL=0.0284  (72.9s)
  step   2300  ep 12/20  train KL=0.0284  (73.5s)
  step   2320  ep 12/20  train KL=0.0284  (74.0s)
  step   2340  ep 12/20  train KL=0.0284  (74.6s)
== ep 12: train KL=0.0284  (74.8s)
  step   2360  ep 13/20  train KL=0.0269  (75.8s)
  step   2380  ep 13/20  train KL=0.0268  (76.4s)
  step   2400  ep 13/20  train KL=0.0269  (77.0s)
  step   2420  ep 13/20  train KL=0.0269  (77.6s)
  step   2440  ep 13/20  train KL=0.0270  (78.1s)
  step   2460  ep 13/20  train KL=0.0270  (78.7s)
  step   2480  ep 13/20  train KL=0.0269  (79.3s)
  step   2500  ep 13/20  train KL=0.0270  (79.9s)
  step   2520  ep 13/20  train KL=0.0270  (80.4s)
== ep 13: train KL=0.0270  (81.0s)
  step   2540  ep 14/20  train KL=0.0258  (81.5s)
  step   2560  ep 14/20  train KL=0.0256  (82.3s)
  step   2580  ep 14/20  train KL=0.0257  (82.8s)
  step   2600  ep 14/20  train KL=0.0258  (83.4s)
  step   2620  ep 14/20  train KL=0.0258  (83.9s)
  step   2640  ep 14/20  train KL=0.0258  (84.5s)
  step   2660  ep 14/20  train KL=0.0259  (85.1s)
  step   2680  ep 14/20  train KL=0.0259  (85.6s)
  step   2700  ep 14/20  train KL=0.0259  (86.2s)
  step   2720  ep 14/20  train KL=0.0259  (86.8s)
== ep 14: train KL=0.0260  (87.3s)
  step   2740  ep 15/20  train KL=0.0251  (88.0s)
  step   2760  ep 15/20  train KL=0.0251  (88.6s)
  step   2780  ep 15/20  train KL=0.0251  (89.2s)
  step   2800  ep 15/20  train KL=0.0251  (89.7s)
  step   2820  ep 15/20  train KL=0.0251  (90.3s)
  step   2840  ep 15/20  train KL=0.0251  (90.9s)
  step   2860  ep 15/20  train KL=0.0252  (91.4s)
  step   2880  ep 15/20  train KL=0.0252  (92.0s)
  step   2900  ep 15/20  train KL=0.0252  (92.6s)
  step   2920  ep 15/20  train KL=0.0252  (93.2s)
== ep 15: train KL=0.0252  (93.5s)
  step   2940  ep 16/20  train KL=0.0247  (94.4s)
  step   2960  ep 16/20  train KL=0.0245  (95.0s)
  step   2980  ep 16/20  train KL=0.0245  (95.6s)
  step   3000  ep 16/20  train KL=0.0245  (96.2s)
  step   3020  ep 16/20  train KL=0.0246  (96.7s)
  step   3040  ep 16/20  train KL=0.0246  (97.3s)
  step   3060  ep 16/20  train KL=0.0246  (97.8s)
  step   3080  ep 16/20  train KL=0.0246  (98.4s)
  step   3100  ep 16/20  train KL=0.0246  (99.0s)
  step   3120  ep 16/20  train KL=0.0246  (99.5s)
== ep 16: train KL=0.0246  (99.7s)
  step   3140  ep 17/20  train KL=0.0240  (100.8s)
  step   3160  ep 17/20  train KL=0.0241  (101.3s)
  step   3180  ep 17/20  train KL=0.0242  (101.9s)
  step   3200  ep 17/20  train KL=0.0243  (102.5s)
  step   3220  ep 17/20  train KL=0.0243  (103.1s)
  step   3240  ep 17/20  train KL=0.0242  (103.6s)
  step   3260  ep 17/20  train KL=0.0242  (104.2s)
  step   3280  ep 17/20  train KL=0.0242  (104.8s)
  step   3300  ep 17/20  train KL=0.0243  (105.4s)
== ep 17: train KL=0.0242  (106.0s)
  step   3320  ep 18/20  train KL=0.0241  (106.5s)
  step   3340  ep 18/20  train KL=0.0241  (107.2s)
  step   3360  ep 18/20  train KL=0.0239  (107.8s)
  step   3380  ep 18/20  train KL=0.0239  (108.4s)
  step   3400  ep 18/20  train KL=0.0239  (108.9s)
  step   3420  ep 18/20  train KL=0.0239  (109.5s)
  step   3440  ep 18/20  train KL=0.0239  (110.1s)
  step   3460  ep 18/20  train KL=0.0239  (110.6s)
  step   3480  ep 18/20  train KL=0.0239  (111.1s)
  step   3500  ep 18/20  train KL=0.0240  (111.7s)
== ep 18: train KL=0.0240  (112.1s)
  step   3520  ep 19/20  train KL=0.0236  (112.9s)
  step   3540  ep 19/20  train KL=0.0236  (113.5s)
  step   3560  ep 19/20  train KL=0.0237  (114.1s)
  step   3580  ep 19/20  train KL=0.0237  (114.6s)
  step   3600  ep 19/20  train KL=0.0237  (115.2s)
  step   3620  ep 19/20  train KL=0.0238  (115.8s)
  step   3640  ep 19/20  train KL=0.0238  (116.3s)
  step   3660  ep 19/20  train KL=0.0238  (116.9s)
  step   3680  ep 19/20  train KL=0.0238  (117.4s)
  step   3700  ep 19/20  train KL=0.0238  (118.0s)
== ep 19: train KL=0.0238  (118.3s)
  step   3720  ep 20/20  train KL=0.0237  (119.3s)
  step   3740  ep 20/20  train KL=0.0236  (119.8s)
  step   3760  ep 20/20  train KL=0.0237  (120.4s)
  step   3780  ep 20/20  train KL=0.0237  (121.0s)
  step   3800  ep 20/20  train KL=0.0237  (121.5s)
  step   3820  ep 20/20  train KL=0.0237  (122.1s)
  step   3840  ep 20/20  train KL=0.0237  (122.6s)
  step   3860  ep 20/20  train KL=0.0237  (123.2s)
  step   3880  ep 20/20  train KL=0.0237  (123.8s)
  step   3900  ep 20/20  train KL=0.0237  (124.3s)
== ep 20: train KL=0.0237  (124.5s)

Done. Total time: 124.5s
