Materializing 100000 rows from parquet...
  inputs:  (100000, 384) float32
  logits:  (100000, 32768) float16
  load time: 13.7s

Using all 100000 samples for training (capacity test).

Model: StackedLutUnembedder — 184.58M params
  LN(384)
  block 0: TinyMultiHeadLut(384→384, n_heads=1, tph=4096, nap=10) + residual
  final: Linear(384, 32768, bias=True)
  init_std=0.1

Training: epochs=20 batch_size=512 lr=0.001 schedule=cosine warmup=0

  step     20  ep 1/20  train KL=2.1705  (1.4s)
  step     40  ep 1/20  train KL=1.3912  (1.9s)
  step     60  ep 1/20  train KL=1.0513  (2.5s)
  step     80  ep 1/20  train KL=0.8576  (3.0s)
  step    100  ep 1/20  train KL=0.7315  (3.6s)
  step    120  ep 1/20  train KL=0.6420  (4.1s)
  step    140  ep 1/20  train KL=0.5755  (4.7s)
  step    160  ep 1/20  train KL=0.5240  (5.2s)
  step    180  ep 1/20  train KL=0.4826  (5.8s)
== ep 1: train KL=0.4565  (6.4s)
  step    200  ep 2/20  train KL=0.1350  (6.9s)
  step    220  ep 2/20  train KL=0.1314  (7.6s)
  step    240  ep 2/20  train KL=0.1290  (8.2s)
  step    260  ep 2/20  train KL=0.1259  (8.7s)
  step    280  ep 2/20  train KL=0.1233  (9.3s)
  step    300  ep 2/20  train KL=0.1209  (9.8s)
  step    320  ep 2/20  train KL=0.1184  (10.4s)
  step    340  ep 2/20  train KL=0.1164  (11.0s)
  step    360  ep 2/20  train KL=0.1143  (11.5s)
  step    380  ep 2/20  train KL=0.1127  (12.0s)
== ep 2: train KL=0.1119  (12.5s)
  step    400  ep 3/20  train KL=0.0992  (13.2s)
  step    420  ep 3/20  train KL=0.1026  (13.8s)
  step    440  ep 3/20  train KL=0.1042  (14.4s)
  step    460  ep 3/20  train KL=0.1043  (14.9s)
  step    480  ep 3/20  train KL=0.1034  (15.5s)
  step    500  ep 3/20  train KL=0.1027  (16.0s)
  step    520  ep 3/20  train KL=0.1024  (16.6s)
  step    540  ep 3/20  train KL=0.1015  (17.2s)
  step    560  ep 3/20  train KL=0.1008  (17.7s)
  step    580  ep 3/20  train KL=0.1002  (18.3s)
== ep 3: train KL=0.1001  (18.6s)
  step    600  ep 4/20  train KL=0.0940  (19.6s)
  step    620  ep 4/20  train KL=0.0949  (20.1s)
  step    640  ep 4/20  train KL=0.0932  (20.7s)
  step    660  ep 4/20  train KL=0.0929  (21.2s)
  step    680  ep 4/20  train KL=0.0917  (21.8s)
  step    700  ep 4/20  train KL=0.0910  (22.3s)
  step    720  ep 4/20  train KL=0.0900  (22.9s)
  step    740  ep 4/20  train KL=0.0889  (23.4s)
  step    760  ep 4/20  train KL=0.0883  (24.0s)
  step    780  ep 4/20  train KL=0.0875  (24.5s)
== ep 4: train KL=0.0875  (24.7s)
  step    800  ep 5/20  train KL=0.0791  (25.8s)
  step    820  ep 5/20  train KL=0.0786  (26.3s)
  step    840  ep 5/20  train KL=0.0793  (26.9s)
  step    860  ep 5/20  train KL=0.0789  (27.4s)
  step    880  ep 5/20  train KL=0.0785  (28.0s)
  step    900  ep 5/20  train KL=0.0780  (28.5s)
  step    920  ep 5/20  train KL=0.0776  (29.1s)
  step    940  ep 5/20  train KL=0.0774  (29.7s)
  step    960  ep 5/20  train KL=0.0767  (30.2s)
== ep 5: train KL=0.0762  (30.8s)
  step    980  ep 6/20  train KL=0.0699  (31.3s)
  step   1000  ep 6/20  train KL=0.0715  (32.0s)
  step   1020  ep 6/20  train KL=0.0702  (32.6s)
  step   1040  ep 6/20  train KL=0.0696  (33.1s)
  step   1060  ep 6/20  train KL=0.0693  (33.7s)
  step   1080  ep 6/20  train KL=0.0683  (34.2s)
  step   1100  ep 6/20  train KL=0.0681  (34.8s)
  step   1120  ep 6/20  train KL=0.0677  (35.3s)
  step   1140  ep 6/20  train KL=0.0672  (35.9s)
  step   1160  ep 6/20  train KL=0.0667  (36.4s)
== ep 6: train KL=0.0665  (36.9s)
  step   1180  ep 7/20  train KL=0.0609  (37.7s)
  step   1200  ep 7/20  train KL=0.0591  (38.3s)
  step   1220  ep 7/20  train KL=0.0588  (38.8s)
  step   1240  ep 7/20  train KL=0.0585  (39.4s)
  step   1260  ep 7/20  train KL=0.0583  (39.9s)
  step   1280  ep 7/20  train KL=0.0579  (40.5s)
  step   1300  ep 7/20  train KL=0.0578  (41.0s)
  step   1320  ep 7/20  train KL=0.0575  (41.6s)
  step   1340  ep 7/20  train KL=0.0571  (42.1s)
  step   1360  ep 7/20  train KL=0.0567  (42.7s)
== ep 7: train KL=0.0567  (43.0s)
  step   1380  ep 8/20  train KL=0.0513  (43.9s)
  step   1400  ep 8/20  train KL=0.0510  (44.5s)
  step   1420  ep 8/20  train KL=0.0502  (45.1s)
  step   1440  ep 8/20  train KL=0.0498  (45.7s)
  step   1460  ep 8/20  train KL=0.0495  (46.2s)
  step   1480  ep 8/20  train KL=0.0492  (46.8s)
  step   1500  ep 8/20  train KL=0.0489  (47.3s)
  step   1520  ep 8/20  train KL=0.0486  (47.9s)
  step   1540  ep 8/20  train KL=0.0484  (48.4s)
  step   1560  ep 8/20  train KL=0.0481  (49.0s)
== ep 8: train KL=0.0481  (49.2s)
  step   1580  ep 9/20  train KL=0.0424  (50.2s)
  step   1600  ep 9/20  train KL=0.0423  (50.8s)
  step   1620  ep 9/20  train KL=0.0422  (51.3s)
  step   1640  ep 9/20  train KL=0.0418  (51.9s)
  step   1660  ep 9/20  train KL=0.0414  (52.5s)
  step   1680  ep 9/20  train KL=0.0409  (53.0s)
  step   1700  ep 9/20  train KL=0.0407  (53.5s)
  step   1720  ep 9/20  train KL=0.0405  (54.1s)
  step   1740  ep 9/20  train KL=0.0401  (54.6s)
== ep 9: train KL=0.0399  (55.2s)
  step   1760  ep 10/20  train KL=0.0343  (55.8s)
  step   1780  ep 10/20  train KL=0.0354  (56.5s)
  step   1800  ep 10/20  train KL=0.0349  (57.0s)
  step   1820  ep 10/20  train KL=0.0348  (57.6s)
  step   1840  ep 10/20  train KL=0.0344  (58.1s)
  step   1860  ep 10/20  train KL=0.0343  (58.8s)
  step   1880  ep 10/20  train KL=0.0340  (59.3s)
  step   1900  ep 10/20  train KL=0.0337  (59.8s)
  step   1920  ep 10/20  train KL=0.0335  (60.4s)
  step   1940  ep 10/20  train KL=0.0332  (61.0s)
== ep 10: train KL=0.0332  (61.4s)
  step   1960  ep 11/20  train KL=0.0286  (62.2s)
  step   1980  ep 11/20  train KL=0.0280  (62.8s)
  step   2000  ep 11/20  train KL=0.0283  (63.3s)
  step   2020  ep 11/20  train KL=0.0283  (63.9s)
  step   2040  ep 11/20  train KL=0.0282  (64.4s)
  step   2060  ep 11/20  train KL=0.0280  (64.9s)
  step   2080  ep 11/20  train KL=0.0279  (65.5s)
  step   2100  ep 11/20  train KL=0.0278  (66.0s)
  step   2120  ep 11/20  train KL=0.0277  (66.6s)
  step   2140  ep 11/20  train KL=0.0276  (67.1s)
== ep 11: train KL=0.0275  (67.5s)
  step   2160  ep 12/20  train KL=0.0239  (68.5s)
  step   2180  ep 12/20  train KL=0.0236  (69.0s)
  step   2200  ep 12/20  train KL=0.0234  (69.6s)
  step   2220  ep 12/20  train KL=0.0233  (70.1s)
  step   2240  ep 12/20  train KL=0.0232  (70.7s)
  step   2260  ep 12/20  train KL=0.0231  (71.2s)
  step   2280  ep 12/20  train KL=0.0230  (71.8s)
  step   2300  ep 12/20  train KL=0.0230  (72.3s)
  step   2320  ep 12/20  train KL=0.0229  (72.9s)
  step   2340  ep 12/20  train KL=0.0229  (73.4s)
== ep 12: train KL=0.0229  (73.6s)
  step   2360  ep 13/20  train KL=0.0198  (74.7s)
  step   2380  ep 13/20  train KL=0.0197  (75.3s)
  step   2400  ep 13/20  train KL=0.0196  (75.8s)
  step   2420  ep 13/20  train KL=0.0195  (76.4s)
  step   2440  ep 13/20  train KL=0.0195  (76.9s)
  step   2460  ep 13/20  train KL=0.0195  (77.5s)
  step   2480  ep 13/20  train KL=0.0195  (78.0s)
  step   2500  ep 13/20  train KL=0.0195  (78.6s)
  step   2520  ep 13/20  train KL=0.0195  (79.2s)
== ep 13: train KL=0.0195  (79.8s)
  step   2540  ep 14/20  train KL=0.0177  (80.3s)
  step   2560  ep 14/20  train KL=0.0175  (81.0s)
  step   2580  ep 14/20  train KL=0.0174  (81.5s)
  step   2600  ep 14/20  train KL=0.0173  (82.1s)
  step   2620  ep 14/20  train KL=0.0173  (82.6s)
  step   2640  ep 14/20  train KL=0.0173  (83.2s)
  step   2660  ep 14/20  train KL=0.0173  (83.7s)
  step   2680  ep 14/20  train KL=0.0173  (84.3s)
  step   2700  ep 14/20  train KL=0.0173  (84.9s)
  step   2720  ep 14/20  train KL=0.0173  (85.4s)
== ep 14: train KL=0.0173  (85.9s)
  step   2740  ep 15/20  train KL=0.0159  (86.7s)
  step   2760  ep 15/20  train KL=0.0159  (87.2s)
  step   2780  ep 15/20  train KL=0.0158  (87.8s)
  step   2800  ep 15/20  train KL=0.0159  (88.4s)
  step   2820  ep 15/20  train KL=0.0159  (89.0s)
  step   2840  ep 15/20  train KL=0.0159  (89.5s)
  step   2860  ep 15/20  train KL=0.0159  (90.1s)
  step   2880  ep 15/20  train KL=0.0159  (90.6s)
  step   2900  ep 15/20  train KL=0.0159  (91.2s)
  step   2920  ep 15/20  train KL=0.0159  (91.7s)
== ep 15: train KL=0.0159  (92.1s)
  step   2940  ep 16/20  train KL=0.0152  (93.0s)
  step   2960  ep 16/20  train KL=0.0153  (93.6s)
  step   2980  ep 16/20  train KL=0.0152  (94.1s)
  step   3000  ep 16/20  train KL=0.0152  (94.7s)
  step   3020  ep 16/20  train KL=0.0152  (95.2s)
  step   3040  ep 16/20  train KL=0.0152  (95.8s)
  step   3060  ep 16/20  train KL=0.0152  (96.3s)
  step   3080  ep 16/20  train KL=0.0152  (96.8s)
  step   3100  ep 16/20  train KL=0.0152  (97.4s)
  step   3120  ep 16/20  train KL=0.0152  (98.0s)
== ep 16: train KL=0.0152  (98.1s)
  step   3140  ep 17/20  train KL=0.0147  (99.2s)
  step   3160  ep 17/20  train KL=0.0148  (99.7s)
  step   3180  ep 17/20  train KL=0.0147  (100.3s)
  step   3200  ep 17/20  train KL=0.0148  (100.8s)
  step   3220  ep 17/20  train KL=0.0148  (101.4s)
  step   3240  ep 17/20  train KL=0.0148  (101.9s)
  step   3260  ep 17/20  train KL=0.0148  (102.5s)
  step   3280  ep 17/20  train KL=0.0148  (103.0s)
  step   3300  ep 17/20  train KL=0.0148  (103.6s)
== ep 17: train KL=0.0148  (104.2s)
  step   3320  ep 18/20  train KL=0.0145  (104.7s)
  step   3340  ep 18/20  train KL=0.0146  (105.4s)
  step   3360  ep 18/20  train KL=0.0145  (105.9s)
  step   3380  ep 18/20  train KL=0.0145  (106.5s)
  step   3400  ep 18/20  train KL=0.0145  (107.1s)
  step   3420  ep 18/20  train KL=0.0145  (107.6s)
  step   3440  ep 18/20  train KL=0.0145  (108.1s)
  step   3460  ep 18/20  train KL=0.0146  (108.7s)
  step   3480  ep 18/20  train KL=0.0146  (109.2s)
  step   3500  ep 18/20  train KL=0.0146  (109.8s)
== ep 18: train KL=0.0146  (110.2s)
  step   3520  ep 19/20  train KL=0.0145  (111.0s)
  step   3540  ep 19/20  train KL=0.0144  (111.6s)
  step   3560  ep 19/20  train KL=0.0144  (112.1s)
  step   3580  ep 19/20  train KL=0.0144  (112.7s)
  step   3600  ep 19/20  train KL=0.0144  (113.2s)
  step   3620  ep 19/20  train KL=0.0144  (113.8s)
  step   3640  ep 19/20  train KL=0.0144  (114.3s)
  step   3660  ep 19/20  train KL=0.0144  (114.9s)
  step   3680  ep 19/20  train KL=0.0144  (115.4s)
  step   3700  ep 19/20  train KL=0.0145  (116.0s)
== ep 19: train KL=0.0144  (116.3s)
  step   3720  ep 20/20  train KL=0.0144  (117.2s)
  step   3740  ep 20/20  train KL=0.0144  (117.8s)
  step   3760  ep 20/20  train KL=0.0144  (118.3s)
  step   3780  ep 20/20  train KL=0.0144  (118.9s)
  step   3800  ep 20/20  train KL=0.0144  (119.5s)
  step   3820  ep 20/20  train KL=0.0144  (120.0s)
  step   3840  ep 20/20  train KL=0.0144  (120.6s)
  step   3860  ep 20/20  train KL=0.0144  (121.1s)
  step   3880  ep 20/20  train KL=0.0144  (121.7s)
  step   3900  ep 20/20  train KL=0.0144  (122.3s)
== ep 20: train KL=0.0144  (122.4s)

Done. Total time: 122.4s
