Materializing 100000 rows from parquet...
  inputs:  (100000, 384) float32
  logits:  (100000, 32768) float16
  load time: 13.8s

Using all 100000 samples for training (capacity test).

Model: StackedLutUnembedder — 67.14M params
  LN(384)
  block 0: TinyMultiHeadLut(384→384, n_heads=1, tph=8192, nap=8) + residual
  final: Linear(384, 32768, bias=True)
  init_std=0.1

Training: epochs=20 batch_size=512 lr=0.001 schedule=cosine warmup=0

  step     20  ep 1/20  train KL=2.4051  (1.2s)
  step     40  ep 1/20  train KL=1.5729  (1.8s)
  step     60  ep 1/20  train KL=1.1942  (2.3s)
  step     80  ep 1/20  train KL=0.9720  (2.9s)
  step    100  ep 1/20  train KL=0.8250  (3.4s)
  step    120  ep 1/20  train KL=0.7194  (4.0s)
  step    140  ep 1/20  train KL=0.6403  (4.5s)
  step    160  ep 1/20  train KL=0.5788  (5.0s)
  step    180  ep 1/20  train KL=0.5292  (5.6s)
== ep 1: train KL=0.4979  (6.1s)
  step    200  ep 2/20  train KL=0.1001  (6.7s)
  step    220  ep 2/20  train KL=0.0967  (7.2s)
  step    240  ep 2/20  train KL=0.0937  (7.8s)
  step    260  ep 2/20  train KL=0.0914  (8.3s)
  step    280  ep 2/20  train KL=0.0892  (8.8s)
  step    300  ep 2/20  train KL=0.0875  (9.4s)
  step    320  ep 2/20  train KL=0.0858  (9.9s)
  step    340  ep 2/20  train KL=0.0843  (10.5s)
  step    360  ep 2/20  train KL=0.0829  (11.0s)
  step    380  ep 2/20  train KL=0.0816  (11.6s)
== ep 2: train KL=0.0810  (12.0s)
  step    400  ep 3/20  train KL=0.0595  (12.7s)
  step    420  ep 3/20  train KL=0.0592  (13.2s)
  step    440  ep 3/20  train KL=0.0585  (13.8s)
  step    460  ep 3/20  train KL=0.0580  (14.4s)
  step    480  ep 3/20  train KL=0.0573  (15.0s)
  step    500  ep 3/20  train KL=0.0568  (15.5s)
  step    520  ep 3/20  train KL=0.0564  (16.0s)
  step    540  ep 3/20  train KL=0.0560  (16.6s)
  step    560  ep 3/20  train KL=0.0556  (17.1s)
  step    580  ep 3/20  train KL=0.0553  (17.6s)
== ep 3: train KL=0.0552  (18.0s)
  step    600  ep 4/20  train KL=0.0469  (18.7s)
  step    620  ep 4/20  train KL=0.0468  (19.3s)
  step    640  ep 4/20  train KL=0.0463  (19.8s)
  step    660  ep 4/20  train KL=0.0462  (20.4s)
  step    680  ep 4/20  train KL=0.0460  (21.0s)
  step    700  ep 4/20  train KL=0.0460  (21.5s)
  step    720  ep 4/20  train KL=0.0457  (22.0s)
  step    740  ep 4/20  train KL=0.0456  (22.6s)
  step    760  ep 4/20  train KL=0.0455  (23.2s)
  step    780  ep 4/20  train KL=0.0454  (23.7s)
== ep 4: train KL=0.0454  (23.9s)
  step    800  ep 5/20  train KL=0.0406  (24.8s)
  step    820  ep 5/20  train KL=0.0403  (25.3s)
  step    840  ep 5/20  train KL=0.0405  (25.9s)
  step    860  ep 5/20  train KL=0.0404  (26.4s)
  step    880  ep 5/20  train KL=0.0402  (27.0s)
  step    900  ep 5/20  train KL=0.0401  (27.6s)
  step    920  ep 5/20  train KL=0.0399  (28.1s)
  step    940  ep 5/20  train KL=0.0399  (28.7s)
  step    960  ep 5/20  train KL=0.0397  (29.2s)
== ep 5: train KL=0.0396  (29.8s)
  step    980  ep 6/20  train KL=0.0363  (30.3s)
  step   1000  ep 6/20  train KL=0.0361  (30.9s)
  step   1020  ep 6/20  train KL=0.0358  (31.4s)
  step   1040  ep 6/20  train KL=0.0358  (32.0s)
  step   1060  ep 6/20  train KL=0.0360  (32.5s)
  step   1080  ep 6/20  train KL=0.0359  (33.1s)
  step   1100  ep 6/20  train KL=0.0360  (33.6s)
  step   1120  ep 6/20  train KL=0.0359  (34.2s)
  step   1140  ep 6/20  train KL=0.0359  (34.8s)
  step   1160  ep 6/20  train KL=0.0358  (35.3s)
== ep 6: train KL=0.0358  (35.7s)
  step   1180  ep 7/20  train KL=0.0333  (36.4s)
  step   1200  ep 7/20  train KL=0.0332  (36.9s)
  step   1220  ep 7/20  train KL=0.0328  (37.5s)
  step   1240  ep 7/20  train KL=0.0325  (38.0s)
  step   1260  ep 7/20  train KL=0.0325  (38.6s)
  step   1280  ep 7/20  train KL=0.0323  (39.1s)
  step   1300  ep 7/20  train KL=0.0322  (39.7s)
  step   1320  ep 7/20  train KL=0.0321  (40.2s)
  step   1340  ep 7/20  train KL=0.0321  (40.8s)
  step   1360  ep 7/20  train KL=0.0320  (41.3s)
== ep 7: train KL=0.0319  (41.7s)
  step   1380  ep 8/20  train KL=0.0293  (42.4s)
  step   1400  ep 8/20  train KL=0.0293  (43.0s)
  step   1420  ep 8/20  train KL=0.0289  (43.6s)
  step   1440  ep 8/20  train KL=0.0288  (44.1s)
  step   1460  ep 8/20  train KL=0.0287  (44.7s)
  step   1480  ep 8/20  train KL=0.0286  (45.3s)
  step   1500  ep 8/20  train KL=0.0286  (45.8s)
  step   1520  ep 8/20  train KL=0.0286  (46.4s)
  step   1540  ep 8/20  train KL=0.0286  (46.9s)
  step   1560  ep 8/20  train KL=0.0286  (47.5s)
== ep 8: train KL=0.0286  (47.6s)
  step   1580  ep 9/20  train KL=0.0264  (48.6s)
  step   1600  ep 9/20  train KL=0.0259  (49.1s)
  step   1620  ep 9/20  train KL=0.0258  (49.7s)
  step   1640  ep 9/20  train KL=0.0258  (50.2s)
  step   1660  ep 9/20  train KL=0.0257  (50.8s)
  step   1680  ep 9/20  train KL=0.0256  (51.3s)
  step   1700  ep 9/20  train KL=0.0256  (51.9s)
  step   1720  ep 9/20  train KL=0.0255  (52.4s)
  step   1740  ep 9/20  train KL=0.0255  (53.0s)
== ep 9: train KL=0.0255  (53.6s)
  step   1760  ep 10/20  train KL=0.0235  (54.1s)
  step   1780  ep 10/20  train KL=0.0233  (54.6s)
  step   1800  ep 10/20  train KL=0.0232  (55.2s)
  step   1820  ep 10/20  train KL=0.0232  (55.7s)
  step   1840  ep 10/20  train KL=0.0231  (56.3s)
  step   1860  ep 10/20  train KL=0.0230  (56.9s)
  step   1880  ep 10/20  train KL=0.0229  (57.4s)
  step   1900  ep 10/20  train KL=0.0229  (57.9s)
  step   1920  ep 10/20  train KL=0.0229  (58.5s)
  step   1940  ep 10/20  train KL=0.0228  (59.0s)
== ep 10: train KL=0.0228  (59.5s)
  step   1960  ep 11/20  train KL=0.0211  (60.1s)
  step   1980  ep 11/20  train KL=0.0207  (60.7s)
  step   2000  ep 11/20  train KL=0.0208  (61.2s)
  step   2020  ep 11/20  train KL=0.0207  (61.8s)
  step   2040  ep 11/20  train KL=0.0207  (62.4s)
  step   2060  ep 11/20  train KL=0.0207  (62.9s)
  step   2080  ep 11/20  train KL=0.0206  (63.5s)
  step   2100  ep 11/20  train KL=0.0206  (64.0s)
  step   2120  ep 11/20  train KL=0.0205  (64.6s)
  step   2140  ep 11/20  train KL=0.0205  (65.1s)
== ep 11: train KL=0.0205  (65.5s)
  step   2160  ep 12/20  train KL=0.0189  (66.2s)
  step   2180  ep 12/20  train KL=0.0187  (66.8s)
  step   2200  ep 12/20  train KL=0.0187  (67.3s)
  step   2220  ep 12/20  train KL=0.0187  (67.9s)
  step   2240  ep 12/20  train KL=0.0187  (68.4s)
  step   2260  ep 12/20  train KL=0.0187  (69.0s)
  step   2280  ep 12/20  train KL=0.0187  (69.5s)
  step   2300  ep 12/20  train KL=0.0187  (70.1s)
  step   2320  ep 12/20  train KL=0.0187  (70.6s)
  step   2340  ep 12/20  train KL=0.0187  (71.2s)
== ep 12: train KL=0.0187  (71.4s)
  step   2360  ep 13/20  train KL=0.0174  (72.3s)
  step   2380  ep 13/20  train KL=0.0173  (72.8s)
  step   2400  ep 13/20  train KL=0.0173  (73.4s)
  step   2420  ep 13/20  train KL=0.0173  (73.9s)
  step   2440  ep 13/20  train KL=0.0173  (74.4s)
  step   2460  ep 13/20  train KL=0.0173  (75.0s)
  step   2480  ep 13/20  train KL=0.0173  (75.5s)
  step   2500  ep 13/20  train KL=0.0174  (76.1s)
  step   2520  ep 13/20  train KL=0.0174  (76.6s)
== ep 13: train KL=0.0174  (77.3s)
  step   2540  ep 14/20  train KL=0.0166  (77.7s)
  step   2560  ep 14/20  train KL=0.0164  (78.3s)
  step   2580  ep 14/20  train KL=0.0164  (78.9s)
  step   2600  ep 14/20  train KL=0.0164  (79.4s)
  step   2620  ep 14/20  train KL=0.0164  (80.0s)
  step   2640  ep 14/20  train KL=0.0164  (80.5s)
  step   2660  ep 14/20  train KL=0.0165  (81.1s)
  step   2680  ep 14/20  train KL=0.0165  (81.6s)
  step   2700  ep 14/20  train KL=0.0165  (82.2s)
  step   2720  ep 14/20  train KL=0.0165  (82.7s)
== ep 14: train KL=0.0165  (83.2s)
  step   2740  ep 15/20  train KL=0.0158  (83.8s)
  step   2760  ep 15/20  train KL=0.0158  (84.4s)
  step   2780  ep 15/20  train KL=0.0158  (84.9s)
  step   2800  ep 15/20  train KL=0.0158  (85.5s)
  step   2820  ep 15/20  train KL=0.0158  (86.1s)
  step   2840  ep 15/20  train KL=0.0158  (86.6s)
  step   2860  ep 15/20  train KL=0.0159  (87.2s)
  step   2880  ep 15/20  train KL=0.0159  (87.7s)
  step   2900  ep 15/20  train KL=0.0159  (88.3s)
  step   2920  ep 15/20  train KL=0.0159  (88.8s)
== ep 15: train KL=0.0159  (89.2s)
  step   2940  ep 16/20  train KL=0.0154  (89.9s)
  step   2960  ep 16/20  train KL=0.0155  (90.5s)
  step   2980  ep 16/20  train KL=0.0155  (91.1s)
  step   3000  ep 16/20  train KL=0.0154  (91.6s)
  step   3020  ep 16/20  train KL=0.0154  (92.2s)
  step   3040  ep 16/20  train KL=0.0155  (92.7s)
  step   3060  ep 16/20  train KL=0.0155  (93.3s)
  step   3080  ep 16/20  train KL=0.0155  (93.8s)
  step   3100  ep 16/20  train KL=0.0155  (94.4s)
  step   3120  ep 16/20  train KL=0.0155  (95.0s)
== ep 16: train KL=0.0155  (95.2s)
  step   3140  ep 17/20  train KL=0.0150  (96.1s)
  step   3160  ep 17/20  train KL=0.0151  (96.6s)
  step   3180  ep 17/20  train KL=0.0151  (97.2s)
  step   3200  ep 17/20  train KL=0.0152  (97.7s)
  step   3220  ep 17/20  train KL=0.0152  (98.3s)
  step   3240  ep 17/20  train KL=0.0152  (98.9s)
  step   3260  ep 17/20  train KL=0.0152  (99.4s)
  step   3280  ep 17/20  train KL=0.0152  (100.0s)
  step   3300  ep 17/20  train KL=0.0152  (100.5s)
== ep 17: train KL=0.0152  (101.1s)
  step   3320  ep 18/20  train KL=0.0150  (101.6s)
  step   3340  ep 18/20  train KL=0.0150  (102.2s)
  step   3360  ep 18/20  train KL=0.0150  (102.7s)
  step   3380  ep 18/20  train KL=0.0150  (103.3s)
  step   3400  ep 18/20  train KL=0.0150  (103.8s)
  step   3420  ep 18/20  train KL=0.0150  (104.4s)
  step   3440  ep 18/20  train KL=0.0150  (104.9s)
  step   3460  ep 18/20  train KL=0.0150  (105.5s)
  step   3480  ep 18/20  train KL=0.0150  (106.0s)
  step   3500  ep 18/20  train KL=0.0150  (106.6s)
== ep 18: train KL=0.0150  (107.0s)
  step   3520  ep 19/20  train KL=0.0150  (107.6s)
  step   3540  ep 19/20  train KL=0.0148  (108.2s)
  step   3560  ep 19/20  train KL=0.0149  (108.7s)
  step   3580  ep 19/20  train KL=0.0149  (109.3s)
  step   3600  ep 19/20  train KL=0.0149  (109.8s)
  step   3620  ep 19/20  train KL=0.0149  (110.4s)
  step   3640  ep 19/20  train KL=0.0149  (110.9s)
  step   3660  ep 19/20  train KL=0.0149  (111.5s)
  step   3680  ep 19/20  train KL=0.0149  (112.0s)
  step   3700  ep 19/20  train KL=0.0149  (112.6s)
== ep 19: train KL=0.0149  (112.9s)
  step   3720  ep 20/20  train KL=0.0149  (113.7s)
  step   3740  ep 20/20  train KL=0.0149  (114.2s)
  step   3760  ep 20/20  train KL=0.0149  (114.8s)
  step   3780  ep 20/20  train KL=0.0149  (115.3s)
  step   3800  ep 20/20  train KL=0.0149  (115.9s)
  step   3820  ep 20/20  train KL=0.0149  (116.5s)
  step   3840  ep 20/20  train KL=0.0149  (117.0s)
  step   3860  ep 20/20  train KL=0.0149  (117.6s)
  step   3880  ep 20/20  train KL=0.0149  (118.1s)
  step   3900  ep 20/20  train KL=0.0149  (118.7s)
== ep 20: train KL=0.0149  (118.9s)

Done. Total time: 118.9s
