Materializing 100000 rows from parquet...
  inputs:  (100000, 384) float32
  logits:  (100000, 32768) float16
  load time: 14.2s

Using all 100000 samples for training (capacity test).

Model: StackedLutUnembedder — 15.32M params
  LN(384)
  block 0: TinyMultiHeadLut(384→384, n_heads=1, tph=2640, nap=6) + residual
  final: Linear(384, 32768, bias=True)
  init_std=0.1

Training: epochs=20 batch_size=512 lr=0.001 schedule=cosine warmup=0

  step     20  ep 1/20  train KL=2.3091  (1.5s)
  step     40  ep 1/20  train KL=1.5036  (2.0s)
  step     60  ep 1/20  train KL=1.1475  (2.6s)
  step     80  ep 1/20  train KL=0.9418  (3.2s)
  step    100  ep 1/20  train KL=0.8080  (3.7s)
  step    120  ep 1/20  train KL=0.7125  (4.3s)
  step    140  ep 1/20  train KL=0.6412  (4.8s)
  step    160  ep 1/20  train KL=0.5855  (5.4s)
  step    180  ep 1/20  train KL=0.5402  (6.0s)
== ep 1: train KL=0.5116  (6.5s)
  step    200  ep 2/20  train KL=0.1471  (7.0s)
  step    220  ep 2/20  train KL=0.1437  (7.7s)
  step    240  ep 2/20  train KL=0.1413  (8.3s)
  step    260  ep 2/20  train KL=0.1381  (8.8s)
  step    280  ep 2/20  train KL=0.1352  (9.4s)
  step    300  ep 2/20  train KL=0.1328  (9.9s)
  step    320  ep 2/20  train KL=0.1306  (10.5s)
  step    340  ep 2/20  train KL=0.1287  (11.0s)
  step    360  ep 2/20  train KL=0.1268  (11.6s)
  step    380  ep 2/20  train KL=0.1250  (12.1s)
== ep 2: train KL=0.1241  (12.6s)
  step    400  ep 3/20  train KL=0.0970  (13.4s)
  step    420  ep 3/20  train KL=0.0949  (14.0s)
  step    440  ep 3/20  train KL=0.0939  (14.6s)
  step    460  ep 3/20  train KL=0.0929  (15.1s)
  step    480  ep 3/20  train KL=0.0922  (15.7s)
  step    500  ep 3/20  train KL=0.0915  (16.2s)
  step    520  ep 3/20  train KL=0.0908  (16.8s)
  step    540  ep 3/20  train KL=0.0902  (17.3s)
  step    560  ep 3/20  train KL=0.0895  (17.9s)
  step    580  ep 3/20  train KL=0.0889  (18.5s)
== ep 3: train KL=0.0888  (18.8s)
  step    600  ep 4/20  train KL=0.0754  (19.6s)
  step    620  ep 4/20  train KL=0.0753  (20.3s)
  step    640  ep 4/20  train KL=0.0745  (20.9s)
  step    660  ep 4/20  train KL=0.0743  (21.4s)
  step    680  ep 4/20  train KL=0.0740  (22.0s)
  step    700  ep 4/20  train KL=0.0737  (22.6s)
  step    720  ep 4/20  train KL=0.0733  (23.1s)
  step    740  ep 4/20  train KL=0.0730  (23.7s)
  step    760  ep 4/20  train KL=0.0727  (24.3s)
  step    780  ep 4/20  train KL=0.0724  (24.8s)
== ep 4: train KL=0.0724  (25.0s)
  step    800  ep 5/20  train KL=0.0641  (26.1s)
  step    820  ep 5/20  train KL=0.0635  (26.6s)
  step    840  ep 5/20  train KL=0.0634  (27.2s)
  step    860  ep 5/20  train KL=0.0633  (27.8s)
  step    880  ep 5/20  train KL=0.0630  (28.3s)
  step    900  ep 5/20  train KL=0.0629  (28.9s)
  step    920  ep 5/20  train KL=0.0628  (29.4s)
  step    940  ep 5/20  train KL=0.0627  (30.0s)
  step    960  ep 5/20  train KL=0.0625  (30.5s)
== ep 5: train KL=0.0624  (31.1s)
  step    980  ep 6/20  train KL=0.0559  (31.6s)
  step   1000  ep 6/20  train KL=0.0562  (32.3s)
  step   1020  ep 6/20  train KL=0.0559  (32.9s)
  step   1040  ep 6/20  train KL=0.0559  (33.5s)
  step   1060  ep 6/20  train KL=0.0558  (34.1s)
  step   1080  ep 6/20  train KL=0.0558  (34.6s)
  step   1100  ep 6/20  train KL=0.0558  (35.2s)
  step   1120  ep 6/20  train KL=0.0558  (35.7s)
  step   1140  ep 6/20  train KL=0.0557  (36.3s)
  step   1160  ep 6/20  train KL=0.0557  (36.9s)
== ep 6: train KL=0.0556  (37.3s)
  step   1180  ep 7/20  train KL=0.0505  (38.1s)
  step   1200  ep 7/20  train KL=0.0507  (38.6s)
  step   1220  ep 7/20  train KL=0.0507  (39.2s)
  step   1240  ep 7/20  train KL=0.0507  (39.7s)
  step   1260  ep 7/20  train KL=0.0506  (40.3s)
  step   1280  ep 7/20  train KL=0.0506  (40.8s)
  step   1300  ep 7/20  train KL=0.0506  (41.4s)
  step   1320  ep 7/20  train KL=0.0507  (42.0s)
  step   1340  ep 7/20  train KL=0.0507  (42.5s)
  step   1360  ep 7/20  train KL=0.0507  (43.1s)
== ep 7: train KL=0.0507  (43.5s)
  step   1380  ep 8/20  train KL=0.0468  (44.4s)
  step   1400  ep 8/20  train KL=0.0471  (45.0s)
  step   1420  ep 8/20  train KL=0.0468  (45.5s)
  step   1440  ep 8/20  train KL=0.0469  (46.1s)
  step   1460  ep 8/20  train KL=0.0469  (46.6s)
  step   1480  ep 8/20  train KL=0.0469  (47.2s)
  step   1500  ep 8/20  train KL=0.0470  (47.8s)
  step   1520  ep 8/20  train KL=0.0469  (48.3s)
  step   1540  ep 8/20  train KL=0.0470  (48.9s)
  step   1560  ep 8/20  train KL=0.0470  (49.5s)
== ep 8: train KL=0.0470  (49.6s)
  step   1580  ep 9/20  train KL=0.0437  (50.7s)
  step   1600  ep 9/20  train KL=0.0436  (51.3s)
  step   1620  ep 9/20  train KL=0.0436  (51.9s)
  step   1640  ep 9/20  train KL=0.0437  (52.4s)
  step   1660  ep 9/20  train KL=0.0438  (53.0s)
  step   1680  ep 9/20  train KL=0.0438  (53.5s)
  step   1700  ep 9/20  train KL=0.0438  (54.1s)
  step   1720  ep 9/20  train KL=0.0438  (54.7s)
  step   1740  ep 9/20  train KL=0.0439  (55.2s)
== ep 9: train KL=0.0439  (55.8s)
  step   1760  ep 10/20  train KL=0.0412  (56.3s)
  step   1780  ep 10/20  train KL=0.0409  (57.0s)
  step   1800  ep 10/20  train KL=0.0410  (57.6s)
  step   1820  ep 10/20  train KL=0.0410  (58.1s)
  step   1840  ep 10/20  train KL=0.0410  (58.7s)
  step   1860  ep 10/20  train KL=0.0412  (59.3s)
  step   1880  ep 10/20  train KL=0.0413  (59.9s)
  step   1900  ep 10/20  train KL=0.0413  (60.4s)
  step   1920  ep 10/20  train KL=0.0414  (61.0s)
  step   1940  ep 10/20  train KL=0.0414  (61.5s)
== ep 10: train KL=0.0414  (62.0s)
  step   1960  ep 11/20  train KL=0.0387  (62.8s)
  step   1980  ep 11/20  train KL=0.0389  (63.3s)
  step   2000  ep 11/20  train KL=0.0389  (63.9s)
  step   2020  ep 11/20  train KL=0.0389  (64.4s)
  step   2040  ep 11/20  train KL=0.0391  (65.0s)
  step   2060  ep 11/20  train KL=0.0391  (65.6s)
  step   2080  ep 11/20  train KL=0.0392  (66.1s)
  step   2100  ep 11/20  train KL=0.0393  (66.7s)
  step   2120  ep 11/20  train KL=0.0393  (67.2s)
  step   2140  ep 11/20  train KL=0.0394  (67.8s)
== ep 11: train KL=0.0394  (68.1s)
  step   2160  ep 12/20  train KL=0.0372  (69.1s)
  step   2180  ep 12/20  train KL=0.0373  (69.6s)
  step   2200  ep 12/20  train KL=0.0373  (70.2s)
  step   2220  ep 12/20  train KL=0.0373  (70.8s)
  step   2240  ep 12/20  train KL=0.0374  (71.3s)
  step   2260  ep 12/20  train KL=0.0374  (71.9s)
  step   2280  ep 12/20  train KL=0.0376  (72.4s)
  step   2300  ep 12/20  train KL=0.0376  (73.0s)
  step   2320  ep 12/20  train KL=0.0376  (73.5s)
  step   2340  ep 12/20  train KL=0.0377  (74.1s)
== ep 12: train KL=0.0377  (74.3s)
  step   2360  ep 13/20  train KL=0.0360  (75.4s)
  step   2380  ep 13/20  train KL=0.0359  (75.9s)
  step   2400  ep 13/20  train KL=0.0361  (76.5s)
  step   2420  ep 13/20  train KL=0.0362  (77.1s)
  step   2440  ep 13/20  train KL=0.0362  (77.6s)
  step   2460  ep 13/20  train KL=0.0362  (78.2s)
  step   2480  ep 13/20  train KL=0.0362  (78.7s)
  step   2500  ep 13/20  train KL=0.0363  (79.3s)
  step   2520  ep 13/20  train KL=0.0363  (79.9s)
== ep 13: train KL=0.0363  (80.5s)
  step   2540  ep 14/20  train KL=0.0350  (81.0s)
  step   2560  ep 14/20  train KL=0.0346  (81.7s)
  step   2580  ep 14/20  train KL=0.0347  (82.3s)
  step   2600  ep 14/20  train KL=0.0349  (82.9s)
  step   2620  ep 14/20  train KL=0.0349  (83.4s)
  step   2640  ep 14/20  train KL=0.0350  (84.0s)
  step   2660  ep 14/20  train KL=0.0351  (84.6s)
  step   2680  ep 14/20  train KL=0.0351  (85.1s)
  step   2700  ep 14/20  train KL=0.0352  (85.7s)
  step   2720  ep 14/20  train KL=0.0352  (86.3s)
== ep 14: train KL=0.0352  (86.7s)
  step   2740  ep 15/20  train KL=0.0341  (87.5s)
  step   2760  ep 15/20  train KL=0.0341  (88.1s)
  step   2780  ep 15/20  train KL=0.0341  (88.6s)
  step   2800  ep 15/20  train KL=0.0341  (89.2s)
  step   2820  ep 15/20  train KL=0.0342  (89.8s)
  step   2840  ep 15/20  train KL=0.0342  (90.3s)
  step   2860  ep 15/20  train KL=0.0343  (90.9s)
  step   2880  ep 15/20  train KL=0.0343  (91.5s)
  step   2900  ep 15/20  train KL=0.0343  (92.1s)
  step   2920  ep 15/20  train KL=0.0344  (92.7s)
== ep 15: train KL=0.0344  (93.0s)
  step   2940  ep 16/20  train KL=0.0336  (94.0s)
  step   2960  ep 16/20  train KL=0.0335  (94.5s)
  step   2980  ep 16/20  train KL=0.0334  (95.1s)
  step   3000  ep 16/20  train KL=0.0335  (95.7s)
  step   3020  ep 16/20  train KL=0.0336  (96.2s)
  step   3040  ep 16/20  train KL=0.0336  (96.8s)
  step   3060  ep 16/20  train KL=0.0336  (97.4s)
  step   3080  ep 16/20  train KL=0.0337  (98.0s)
  step   3100  ep 16/20  train KL=0.0337  (98.5s)
  step   3120  ep 16/20  train KL=0.0337  (99.1s)
== ep 16: train KL=0.0337  (99.2s)
  step   3140  ep 17/20  train KL=0.0328  (100.3s)
  step   3160  ep 17/20  train KL=0.0330  (100.9s)
  step   3180  ep 17/20  train KL=0.0331  (101.4s)
  step   3200  ep 17/20  train KL=0.0332  (102.0s)
  step   3220  ep 17/20  train KL=0.0332  (102.6s)
  step   3240  ep 17/20  train KL=0.0332  (103.1s)
  step   3260  ep 17/20  train KL=0.0332  (103.7s)
  step   3280  ep 17/20  train KL=0.0332  (104.2s)
  step   3300  ep 17/20  train KL=0.0332  (104.8s)
== ep 17: train KL=0.0332  (105.4s)
  step   3320  ep 18/20  train KL=0.0329  (105.9s)
  step   3340  ep 18/20  train KL=0.0330  (106.6s)
  step   3360  ep 18/20  train KL=0.0328  (107.2s)
  step   3380  ep 18/20  train KL=0.0328  (107.8s)
  step   3400  ep 18/20  train KL=0.0328  (108.3s)
  step   3420  ep 18/20  train KL=0.0328  (108.9s)
  step   3440  ep 18/20  train KL=0.0328  (109.5s)
  step   3460  ep 18/20  train KL=0.0328  (110.0s)
  step   3480  ep 18/20  train KL=0.0328  (110.6s)
  step   3500  ep 18/20  train KL=0.0329  (111.2s)
== ep 18: train KL=0.0329  (111.7s)
  step   3520  ep 19/20  train KL=0.0325  (112.4s)
  step   3540  ep 19/20  train KL=0.0324  (113.0s)
  step   3560  ep 19/20  train KL=0.0325  (113.5s)
  step   3580  ep 19/20  train KL=0.0325  (114.1s)
  step   3600  ep 19/20  train KL=0.0326  (114.7s)
  step   3620  ep 19/20  train KL=0.0326  (115.2s)
  step   3640  ep 19/20  train KL=0.0326  (115.8s)
  step   3660  ep 19/20  train KL=0.0326  (116.3s)
  step   3680  ep 19/20  train KL=0.0326  (116.9s)
  step   3700  ep 19/20  train KL=0.0326  (117.4s)
== ep 19: train KL=0.0326  (117.8s)
  step   3720  ep 20/20  train KL=0.0324  (118.7s)
  step   3740  ep 20/20  train KL=0.0323  (119.3s)
  step   3760  ep 20/20  train KL=0.0325  (119.8s)
  step   3780  ep 20/20  train KL=0.0325  (120.4s)
  step   3800  ep 20/20  train KL=0.0325  (121.0s)
  step   3820  ep 20/20  train KL=0.0325  (121.5s)
  step   3840  ep 20/20  train KL=0.0325  (122.1s)
  step   3860  ep 20/20  train KL=0.0325  (122.6s)
  step   3880  ep 20/20  train KL=0.0325  (123.2s)
  step   3900  ep 20/20  train KL=0.0325  (123.8s)
== ep 20: train KL=0.0325  (123.9s)

Done. Total time: 123.9s
