Materializing 100000 rows from parquet...
  inputs:  (100000, 384) float32
  logits:  (100000, 32768) float16
  load time: 14.2s

Using all 100000 samples for training (capacity test).

Model: StackedLutUnembedder — 53.22M params
  LN(384)
  block 0: TinyMultiHeadLut(384→384, n_heads=1, tph=413, nap=8) + residual
  final: Linear(384, 32768, bias=True)
  init_std=0.1

Training: epochs=20 batch_size=512 lr=0.001 schedule=cosine warmup=0

  step     20  ep 1/20  train KL=2.0331  (1.3s)
  step     40  ep 1/20  train KL=1.3531  (1.9s)
  step     60  ep 1/20  train KL=1.0537  (2.5s)
  step     80  ep 1/20  train KL=0.8805  (3.0s)
  step    100  ep 1/20  train KL=0.7673  (3.6s)
  step    120  ep 1/20  train KL=0.6857  (4.1s)
  step    140  ep 1/20  train KL=0.6240  (4.7s)
  step    160  ep 1/20  train KL=0.5751  (5.3s)
  step    180  ep 1/20  train KL=0.5350  (5.8s)
== ep 1: train KL=0.5094  (6.4s)
  step    200  ep 2/20  train KL=0.1716  (6.9s)
  step    220  ep 2/20  train KL=0.1655  (7.6s)
  step    240  ep 2/20  train KL=0.1618  (8.2s)
  step    260  ep 2/20  train KL=0.1582  (8.7s)
  step    280  ep 2/20  train KL=0.1544  (9.3s)
  step    300  ep 2/20  train KL=0.1515  (9.9s)
  step    320  ep 2/20  train KL=0.1489  (10.4s)
  step    340  ep 2/20  train KL=0.1465  (11.0s)
  step    360  ep 2/20  train KL=0.1441  (11.6s)
  step    380  ep 2/20  train KL=0.1419  (12.1s)
== ep 2: train KL=0.1409  (12.6s)
  step    400  ep 3/20  train KL=0.1079  (13.4s)
  step    420  ep 3/20  train KL=0.1078  (13.9s)
  step    440  ep 3/20  train KL=0.1070  (14.5s)
  step    460  ep 3/20  train KL=0.1065  (15.1s)
  step    480  ep 3/20  train KL=0.1058  (15.7s)
  step    500  ep 3/20  train KL=0.1048  (16.3s)
  step    520  ep 3/20  train KL=0.1039  (16.8s)
  step    540  ep 3/20  train KL=0.1032  (17.4s)
  step    560  ep 3/20  train KL=0.1024  (17.9s)
  step    580  ep 3/20  train KL=0.1020  (18.5s)
== ep 3: train KL=0.1018  (18.8s)
  step    600  ep 4/20  train KL=0.0880  (19.8s)
  step    620  ep 4/20  train KL=0.0875  (20.3s)
  step    640  ep 4/20  train KL=0.0866  (20.9s)
  step    660  ep 4/20  train KL=0.0859  (21.5s)
  step    680  ep 4/20  train KL=0.0854  (22.0s)
  step    700  ep 4/20  train KL=0.0847  (22.6s)
  step    720  ep 4/20  train KL=0.0841  (23.2s)
  step    740  ep 4/20  train KL=0.0837  (23.7s)
  step    760  ep 4/20  train KL=0.0833  (24.3s)
  step    780  ep 4/20  train KL=0.0832  (24.9s)
== ep 4: train KL=0.0832  (25.1s)
  step    800  ep 5/20  train KL=0.0728  (26.2s)
  step    820  ep 5/20  train KL=0.0725  (26.7s)
  step    840  ep 5/20  train KL=0.0729  (27.3s)
  step    860  ep 5/20  train KL=0.0730  (27.9s)
  step    880  ep 5/20  train KL=0.0724  (28.5s)
  step    900  ep 5/20  train KL=0.0723  (29.0s)
  step    920  ep 5/20  train KL=0.0721  (29.6s)
  step    940  ep 5/20  train KL=0.0721  (30.2s)
  step    960  ep 5/20  train KL=0.0720  (30.8s)
== ep 5: train KL=0.0720  (31.4s)
  step    980  ep 6/20  train KL=0.0632  (31.9s)
  step   1000  ep 6/20  train KL=0.0639  (32.6s)
  step   1020  ep 6/20  train KL=0.0636  (33.2s)
  step   1040  ep 6/20  train KL=0.0637  (33.8s)
  step   1060  ep 6/20  train KL=0.0636  (34.3s)
  step   1080  ep 6/20  train KL=0.0635  (34.9s)
  step   1100  ep 6/20  train KL=0.0634  (35.5s)
  step   1120  ep 6/20  train KL=0.0636  (36.0s)
  step   1140  ep 6/20  train KL=0.0633  (36.6s)
  step   1160  ep 6/20  train KL=0.0632  (37.2s)
== ep 6: train KL=0.0632  (37.6s)
  step   1180  ep 7/20  train KL=0.0561  (38.4s)
  step   1200  ep 7/20  train KL=0.0564  (39.0s)
  step   1220  ep 7/20  train KL=0.0563  (39.6s)
  step   1240  ep 7/20  train KL=0.0564  (40.1s)
  step   1260  ep 7/20  train KL=0.0562  (40.7s)
  step   1280  ep 7/20  train KL=0.0562  (41.3s)
  step   1300  ep 7/20  train KL=0.0562  (41.9s)
  step   1320  ep 7/20  train KL=0.0564  (42.4s)
  step   1340  ep 7/20  train KL=0.0564  (43.0s)
  step   1360  ep 7/20  train KL=0.0565  (43.6s)
== ep 7: train KL=0.0564  (43.9s)
  step   1380  ep 8/20  train KL=0.0509  (44.8s)
  step   1400  ep 8/20  train KL=0.0509  (45.4s)
  step   1420  ep 8/20  train KL=0.0508  (46.0s)
  step   1440  ep 8/20  train KL=0.0508  (46.5s)
  step   1460  ep 8/20  train KL=0.0506  (47.1s)
  step   1480  ep 8/20  train KL=0.0504  (47.7s)
  step   1500  ep 8/20  train KL=0.0504  (48.2s)
  step   1520  ep 8/20  train KL=0.0503  (48.8s)
  step   1540  ep 8/20  train KL=0.0503  (49.4s)
  step   1560  ep 8/20  train KL=0.0503  (49.9s)
== ep 8: train KL=0.0503  (50.1s)
  step   1580  ep 9/20  train KL=0.0453  (51.2s)
  step   1600  ep 9/20  train KL=0.0456  (51.8s)
  step   1620  ep 9/20  train KL=0.0454  (52.3s)
  step   1640  ep 9/20  train KL=0.0452  (52.9s)
  step   1660  ep 9/20  train KL=0.0452  (53.4s)
  step   1680  ep 9/20  train KL=0.0451  (54.0s)
  step   1700  ep 9/20  train KL=0.0450  (54.6s)
  step   1720  ep 9/20  train KL=0.0450  (55.2s)
  step   1740  ep 9/20  train KL=0.0451  (55.7s)
== ep 9: train KL=0.0451  (56.4s)
  step   1760  ep 10/20  train KL=0.0404  (56.9s)
  step   1780  ep 10/20  train KL=0.0399  (57.6s)
  step   1800  ep 10/20  train KL=0.0399  (58.2s)
  step   1820  ep 10/20  train KL=0.0400  (58.7s)
  step   1840  ep 10/20  train KL=0.0401  (59.3s)
  step   1860  ep 10/20  train KL=0.0401  (59.9s)
  step   1880  ep 10/20  train KL=0.0403  (60.4s)
  step   1900  ep 10/20  train KL=0.0403  (61.0s)
  step   1920  ep 10/20  train KL=0.0403  (61.6s)
  step   1940  ep 10/20  train KL=0.0403  (62.1s)
== ep 10: train KL=0.0403  (62.6s)
  step   1960  ep 11/20  train KL=0.0366  (63.4s)
  step   1980  ep 11/20  train KL=0.0364  (64.0s)
  step   2000  ep 11/20  train KL=0.0363  (64.5s)
  step   2020  ep 11/20  train KL=0.0362  (65.1s)
  step   2040  ep 11/20  train KL=0.0362  (65.7s)
  step   2060  ep 11/20  train KL=0.0363  (66.2s)
  step   2080  ep 11/20  train KL=0.0364  (66.8s)
  step   2100  ep 11/20  train KL=0.0364  (67.4s)
  step   2120  ep 11/20  train KL=0.0365  (67.9s)
  step   2140  ep 11/20  train KL=0.0366  (68.5s)
== ep 11: train KL=0.0366  (68.8s)
  step   2160  ep 12/20  train KL=0.0327  (69.8s)
  step   2180  ep 12/20  train KL=0.0328  (70.3s)
  step   2200  ep 12/20  train KL=0.0330  (70.9s)
  step   2220  ep 12/20  train KL=0.0330  (71.5s)
  step   2240  ep 12/20  train KL=0.0332  (72.1s)
  step   2260  ep 12/20  train KL=0.0332  (72.6s)
  step   2280  ep 12/20  train KL=0.0333  (73.2s)
  step   2300  ep 12/20  train KL=0.0334  (73.8s)
  step   2320  ep 12/20  train KL=0.0334  (74.4s)
  step   2340  ep 12/20  train KL=0.0335  (74.9s)
== ep 12: train KL=0.0335  (75.1s)
  step   2360  ep 13/20  train KL=0.0305  (76.2s)
  step   2380  ep 13/20  train KL=0.0304  (76.8s)
  step   2400  ep 13/20  train KL=0.0305  (77.3s)
  step   2420  ep 13/20  train KL=0.0306  (77.9s)
  step   2440  ep 13/20  train KL=0.0307  (78.5s)
  step   2460  ep 13/20  train KL=0.0308  (79.1s)
  step   2480  ep 13/20  train KL=0.0309  (79.6s)
  step   2500  ep 13/20  train KL=0.0309  (80.2s)
  step   2520  ep 13/20  train KL=0.0309  (80.8s)
== ep 13: train KL=0.0310  (81.4s)
  step   2540  ep 14/20  train KL=0.0286  (81.9s)
  step   2560  ep 14/20  train KL=0.0284  (82.6s)
  step   2580  ep 14/20  train KL=0.0285  (83.2s)
  step   2600  ep 14/20  train KL=0.0286  (83.8s)
  step   2620  ep 14/20  train KL=0.0287  (84.3s)
  step   2640  ep 14/20  train KL=0.0288  (84.9s)
  step   2660  ep 14/20  train KL=0.0289  (85.5s)
  step   2680  ep 14/20  train KL=0.0290  (86.1s)
  step   2700  ep 14/20  train KL=0.0290  (86.6s)
  step   2720  ep 14/20  train KL=0.0291  (87.2s)
== ep 14: train KL=0.0291  (87.7s)
  step   2740  ep 15/20  train KL=0.0273  (88.4s)
  step   2760  ep 15/20  train KL=0.0273  (89.0s)
  step   2780  ep 15/20  train KL=0.0273  (89.6s)
  step   2800  ep 15/20  train KL=0.0275  (90.1s)
  step   2820  ep 15/20  train KL=0.0275  (90.7s)
  step   2840  ep 15/20  train KL=0.0276  (91.3s)
  step   2860  ep 15/20  train KL=0.0276  (91.9s)
  step   2880  ep 15/20  train KL=0.0277  (92.4s)
  step   2900  ep 15/20  train KL=0.0278  (93.0s)
  step   2920  ep 15/20  train KL=0.0278  (93.6s)
== ep 15: train KL=0.0278  (93.9s)
  step   2940  ep 16/20  train KL=0.0265  (94.9s)
  step   2960  ep 16/20  train KL=0.0265  (95.4s)
  step   2980  ep 16/20  train KL=0.0265  (96.0s)
  step   3000  ep 16/20  train KL=0.0266  (96.6s)
  step   3020  ep 16/20  train KL=0.0266  (97.1s)
  step   3040  ep 16/20  train KL=0.0267  (97.7s)
  step   3060  ep 16/20  train KL=0.0267  (98.3s)
  step   3080  ep 16/20  train KL=0.0268  (98.9s)
  step   3100  ep 16/20  train KL=0.0268  (99.4s)
  step   3120  ep 16/20  train KL=0.0269  (100.0s)
== ep 16: train KL=0.0269  (100.2s)
  step   3140  ep 17/20  train KL=0.0258  (101.3s)
  step   3160  ep 17/20  train KL=0.0259  (101.9s)
  step   3180  ep 17/20  train KL=0.0260  (102.4s)
  step   3200  ep 17/20  train KL=0.0261  (103.0s)
  step   3220  ep 17/20  train KL=0.0261  (103.6s)
  step   3240  ep 17/20  train KL=0.0261  (104.1s)
  step   3260  ep 17/20  train KL=0.0261  (104.7s)
  step   3280  ep 17/20  train KL=0.0262  (105.3s)
  step   3300  ep 17/20  train KL=0.0262  (105.8s)
== ep 17: train KL=0.0262  (106.5s)
  step   3320  ep 18/20  train KL=0.0257  (107.0s)
  step   3340  ep 18/20  train KL=0.0258  (107.7s)
  step   3360  ep 18/20  train KL=0.0256  (108.3s)
  step   3380  ep 18/20  train KL=0.0256  (108.9s)
  step   3400  ep 18/20  train KL=0.0256  (109.5s)
  step   3420  ep 18/20  train KL=0.0256  (110.0s)
  step   3440  ep 18/20  train KL=0.0257  (110.6s)
  step   3460  ep 18/20  train KL=0.0257  (111.2s)
  step   3480  ep 18/20  train KL=0.0257  (111.8s)
  step   3500  ep 18/20  train KL=0.0257  (112.3s)
== ep 18: train KL=0.0257  (112.8s)
  step   3520  ep 19/20  train KL=0.0253  (113.6s)
  step   3540  ep 19/20  train KL=0.0252  (114.2s)
  step   3560  ep 19/20  train KL=0.0253  (114.7s)
  step   3580  ep 19/20  train KL=0.0254  (115.3s)
  step   3600  ep 19/20  train KL=0.0254  (115.9s)
  step   3620  ep 19/20  train KL=0.0254  (116.5s)
  step   3640  ep 19/20  train KL=0.0254  (117.0s)
  step   3660  ep 19/20  train KL=0.0254  (117.6s)
  step   3680  ep 19/20  train KL=0.0254  (118.2s)
  step   3700  ep 19/20  train KL=0.0254  (118.8s)
== ep 19: train KL=0.0254  (119.1s)
  step   3720  ep 20/20  train KL=0.0252  (120.1s)
  step   3740  ep 20/20  train KL=0.0252  (120.6s)
  step   3760  ep 20/20  train KL=0.0253  (121.2s)
  step   3780  ep 20/20  train KL=0.0253  (121.8s)
  step   3800  ep 20/20  train KL=0.0253  (122.3s)
  step   3820  ep 20/20  train KL=0.0252  (122.9s)
  step   3840  ep 20/20  train KL=0.0252  (123.5s)
  step   3860  ep 20/20  train KL=0.0252  (124.1s)
  step   3880  ep 20/20  train KL=0.0252  (124.6s)
  step   3900  ep 20/20  train KL=0.0253  (125.2s)
== ep 20: train KL=0.0253  (125.4s)

Done. Total time: 125.4s
