Materializing 100000 rows from parquet...
  inputs:  (100000, 384) float32
  logits:  (100000, 32768) float16
  load time: 14.3s

Using all 100000 samples for training (capacity test).

Model: StackedLutUnembedder — 37.78M params
  LN(384)
  block 0: TinyMultiHeadLut(384→384, n_heads=1, tph=1024, nap=6) + residual
  block 1: TinyMultiHeadLut(384→384, n_heads=1, tph=1024, nap=6) + residual
  block 2: TinyMultiHeadLut(384→384, n_heads=1, tph=1024, nap=6) + residual
  final: Linear(384, 32768, bias=True)
  init_std=0.1

Training: epochs=20 batch_size=512 lr=0.001 schedule=cosine warmup=0

  step     20  ep 1/20  train KL=3.2374  (1.3s)
  step     40  ep 1/20  train KL=2.4419  (1.9s)
  step     60  ep 1/20  train KL=2.0364  (2.5s)
  step     80  ep 1/20  train KL=1.7750  (3.0s)
  step    100  ep 1/20  train KL=1.5871  (3.6s)
  step    120  ep 1/20  train KL=1.4418  (4.2s)
  step    140  ep 1/20  train KL=1.3254  (4.7s)
  step    160  ep 1/20  train KL=1.2292  (5.3s)
  step    180  ep 1/20  train KL=1.1478  (5.8s)
== ep 1: train KL=1.0948  (6.4s)
  step    200  ep 2/20  train KL=0.4028  (6.9s)
  step    220  ep 2/20  train KL=0.3830  (7.6s)
  step    240  ep 2/20  train KL=0.3698  (8.2s)
  step    260  ep 2/20  train KL=0.3578  (8.8s)
  step    280  ep 2/20  train KL=0.3464  (9.3s)
  step    300  ep 2/20  train KL=0.3368  (10.0s)
  step    320  ep 2/20  train KL=0.3279  (10.5s)
  step    340  ep 2/20  train KL=0.3198  (11.1s)
  step    360  ep 2/20  train KL=0.3123  (11.6s)
  step    380  ep 2/20  train KL=0.3053  (12.2s)
== ep 2: train KL=0.3020  (12.7s)
  step    400  ep 3/20  train KL=0.2248  (13.3s)
  step    420  ep 3/20  train KL=0.2259  (14.1s)
  step    440  ep 3/20  train KL=0.2233  (14.6s)
  step    460  ep 3/20  train KL=0.2208  (15.2s)
  step    480  ep 3/20  train KL=0.2175  (15.7s)
  step    500  ep 3/20  train KL=0.2144  (16.3s)
  step    520  ep 3/20  train KL=0.2113  (16.9s)
  step    540  ep 3/20  train KL=0.2087  (17.4s)
  step    560  ep 3/20  train KL=0.2061  (18.0s)
  step    580  ep 3/20  train KL=0.2042  (18.6s)
== ep 3: train KL=0.2037  (18.9s)
  step    600  ep 4/20  train KL=0.1766  (19.9s)
  step    620  ep 4/20  train KL=0.1748  (20.4s)
  step    640  ep 4/20  train KL=0.1728  (21.0s)
  step    660  ep 4/20  train KL=0.1717  (21.6s)
  step    680  ep 4/20  train KL=0.1697  (22.1s)
  step    700  ep 4/20  train KL=0.1678  (22.7s)
  step    720  ep 4/20  train KL=0.1666  (23.3s)
  step    740  ep 4/20  train KL=0.1655  (23.8s)
  step    760  ep 4/20  train KL=0.1645  (24.4s)
  step    780  ep 4/20  train KL=0.1637  (25.0s)
== ep 4: train KL=0.1637  (25.1s)
  step    800  ep 5/20  train KL=0.1488  (26.2s)
  step    820  ep 5/20  train KL=0.1475  (26.8s)
  step    840  ep 5/20  train KL=0.1476  (27.3s)
  step    860  ep 5/20  train KL=0.1470  (27.9s)
  step    880  ep 5/20  train KL=0.1455  (28.5s)
  step    900  ep 5/20  train KL=0.1446  (29.0s)
  step    920  ep 5/20  train KL=0.1437  (29.6s)
  step    940  ep 5/20  train KL=0.1428  (30.2s)
  step    960  ep 5/20  train KL=0.1418  (30.8s)
== ep 5: train KL=0.1411  (31.4s)
  step    980  ep 6/20  train KL=0.1243  (31.9s)
  step   1000  ep 6/20  train KL=0.1306  (32.6s)
  step   1020  ep 6/20  train KL=0.1296  (33.2s)
  step   1040  ep 6/20  train KL=0.1284  (33.8s)
  step   1060  ep 6/20  train KL=0.1274  (34.4s)
  step   1080  ep 6/20  train KL=0.1272  (34.9s)
  step   1100  ep 6/20  train KL=0.1268  (35.5s)
  step   1120  ep 6/20  train KL=0.1264  (36.1s)
  step   1140  ep 6/20  train KL=0.1255  (36.7s)
  step   1160  ep 6/20  train KL=0.1249  (37.2s)
== ep 6: train KL=0.1246  (37.7s)
  step   1180  ep 7/20  train KL=0.1188  (38.4s)
  step   1200  ep 7/20  train KL=0.1177  (39.1s)
  step   1220  ep 7/20  train KL=0.1165  (39.7s)
  step   1240  ep 7/20  train KL=0.1154  (40.3s)
  step   1260  ep 7/20  train KL=0.1140  (40.9s)
  step   1280  ep 7/20  train KL=0.1129  (41.4s)
  step   1300  ep 7/20  train KL=0.1123  (42.0s)
  step   1320  ep 7/20  train KL=0.1119  (42.5s)
  step   1340  ep 7/20  train KL=0.1114  (43.1s)
  step   1360  ep 7/20  train KL=0.1110  (43.6s)
== ep 7: train KL=0.1109  (44.0s)
  step   1380  ep 8/20  train KL=0.1038  (44.9s)
  step   1400  ep 8/20  train KL=0.1037  (45.5s)
  step   1420  ep 8/20  train KL=0.1032  (46.1s)
  step   1440  ep 8/20  train KL=0.1028  (46.6s)
  step   1460  ep 8/20  train KL=0.1027  (47.2s)
  step   1480  ep 8/20  train KL=0.1019  (47.8s)
  step   1500  ep 8/20  train KL=0.1015  (48.4s)
  step   1520  ep 8/20  train KL=0.1009  (49.0s)
  step   1540  ep 8/20  train KL=0.1004  (49.5s)
  step   1560  ep 8/20  train KL=0.1000  (50.1s)
== ep 8: train KL=0.1000  (50.3s)
  step   1580  ep 9/20  train KL=0.0921  (51.4s)
  step   1600  ep 9/20  train KL=0.0926  (51.9s)
  step   1620  ep 9/20  train KL=0.0927  (52.5s)
  step   1640  ep 9/20  train KL=0.0922  (53.1s)
  step   1660  ep 9/20  train KL=0.0916  (53.6s)
  step   1680  ep 9/20  train KL=0.0909  (54.2s)
  step   1700  ep 9/20  train KL=0.0903  (54.8s)
  step   1720  ep 9/20  train KL=0.0899  (55.4s)
  step   1740  ep 9/20  train KL=0.0897  (55.9s)
== ep 9: train KL=0.0896  (56.5s)
  step   1760  ep 10/20  train KL=0.0852  (57.0s)
  step   1780  ep 10/20  train KL=0.0836  (57.8s)
  step   1800  ep 10/20  train KL=0.0832  (58.3s)
  step   1820  ep 10/20  train KL=0.0825  (58.9s)
  step   1840  ep 10/20  train KL=0.0821  (59.5s)
  step   1860  ep 10/20  train KL=0.0818  (60.1s)
  step   1880  ep 10/20  train KL=0.0817  (60.6s)
  step   1900  ep 10/20  train KL=0.0812  (61.2s)
  step   1920  ep 10/20  train KL=0.0807  (61.8s)
  step   1940  ep 10/20  train KL=0.0802  (62.3s)
== ep 10: train KL=0.0800  (62.8s)
  step   1960  ep 11/20  train KL=0.0730  (63.6s)
  step   1980  ep 11/20  train KL=0.0736  (64.2s)
  step   2000  ep 11/20  train KL=0.0731  (64.7s)
  step   2020  ep 11/20  train KL=0.0723  (65.3s)
  step   2040  ep 11/20  train KL=0.0722  (65.9s)
  step   2060  ep 11/20  train KL=0.0720  (66.4s)
  step   2080  ep 11/20  train KL=0.0718  (67.0s)
  step   2100  ep 11/20  train KL=0.0715  (67.6s)
  step   2120  ep 11/20  train KL=0.0713  (68.1s)
  step   2140  ep 11/20  train KL=0.0711  (68.7s)
== ep 11: train KL=0.0711  (69.1s)
  step   2160  ep 12/20  train KL=0.0644  (70.0s)
  step   2180  ep 12/20  train KL=0.0640  (70.6s)
  step   2200  ep 12/20  train KL=0.0644  (71.2s)
  step   2220  ep 12/20  train KL=0.0641  (71.7s)
  step   2240  ep 12/20  train KL=0.0642  (72.3s)
  step   2260  ep 12/20  train KL=0.0641  (72.9s)
  step   2280  ep 12/20  train KL=0.0638  (73.5s)
  step   2300  ep 12/20  train KL=0.0636  (74.0s)
  step   2320  ep 12/20  train KL=0.0634  (74.6s)
  step   2340  ep 12/20  train KL=0.0632  (75.2s)
== ep 12: train KL=0.0632  (75.3s)
  step   2360  ep 13/20  train KL=0.0576  (76.4s)
  step   2380  ep 13/20  train KL=0.0574  (77.0s)
  step   2400  ep 13/20  train KL=0.0573  (77.6s)
  step   2420  ep 13/20  train KL=0.0573  (78.2s)
  step   2440  ep 13/20  train KL=0.0574  (78.8s)
  step   2460  ep 13/20  train KL=0.0572  (79.3s)
  step   2480  ep 13/20  train KL=0.0570  (79.9s)
  step   2500  ep 13/20  train KL=0.0569  (80.5s)
  step   2520  ep 13/20  train KL=0.0568  (81.0s)
== ep 13: train KL=0.0567  (81.6s)
  step   2540  ep 14/20  train KL=0.0507  (82.1s)
  step   2560  ep 14/20  train KL=0.0506  (82.8s)
  step   2580  ep 14/20  train KL=0.0510  (83.4s)
  step   2600  ep 14/20  train KL=0.0511  (84.0s)
  step   2620  ep 14/20  train KL=0.0510  (84.5s)
  step   2640  ep 14/20  train KL=0.0510  (85.1s)
  step   2660  ep 14/20  train KL=0.0511  (85.7s)
  step   2680  ep 14/20  train KL=0.0509  (86.2s)
  step   2700  ep 14/20  train KL=0.0508  (86.8s)
  step   2720  ep 14/20  train KL=0.0508  (87.3s)
== ep 14: train KL=0.0508  (87.8s)
  step   2740  ep 15/20  train KL=0.0462  (88.5s)
  step   2760  ep 15/20  train KL=0.0462  (89.2s)
  step   2780  ep 15/20  train KL=0.0461  (89.7s)
  step   2800  ep 15/20  train KL=0.0462  (90.3s)
  step   2820  ep 15/20  train KL=0.0462  (90.9s)
  step   2840  ep 15/20  train KL=0.0461  (91.5s)
  step   2860  ep 15/20  train KL=0.0462  (92.0s)
  step   2880  ep 15/20  train KL=0.0461  (92.6s)
  step   2900  ep 15/20  train KL=0.0461  (93.1s)
  step   2920  ep 15/20  train KL=0.0461  (93.7s)
== ep 15: train KL=0.0461  (94.0s)
  step   2940  ep 16/20  train KL=0.0431  (94.9s)
  step   2960  ep 16/20  train KL=0.0428  (95.5s)
  step   2980  ep 16/20  train KL=0.0425  (96.0s)
  step   3000  ep 16/20  train KL=0.0425  (96.6s)
  step   3020  ep 16/20  train KL=0.0426  (97.2s)
  step   3040  ep 16/20  train KL=0.0427  (97.8s)
  step   3060  ep 16/20  train KL=0.0427  (98.3s)
  step   3080  ep 16/20  train KL=0.0426  (98.9s)
  step   3100  ep 16/20  train KL=0.0426  (99.5s)
  step   3120  ep 16/20  train KL=0.0426  (100.0s)
== ep 16: train KL=0.0426  (100.2s)
  step   3140  ep 17/20  train KL=0.0399  (101.2s)
  step   3160  ep 17/20  train KL=0.0402  (101.8s)
  step   3180  ep 17/20  train KL=0.0402  (102.4s)
  step   3200  ep 17/20  train KL=0.0403  (103.0s)
  step   3220  ep 17/20  train KL=0.0403  (103.5s)
  step   3240  ep 17/20  train KL=0.0403  (104.1s)
  step   3260  ep 17/20  train KL=0.0402  (104.7s)
  step   3280  ep 17/20  train KL=0.0402  (105.2s)
  step   3300  ep 17/20  train KL=0.0403  (105.8s)
== ep 17: train KL=0.0403  (106.4s)
  step   3320  ep 18/20  train KL=0.0387  (106.9s)
  step   3340  ep 18/20  train KL=0.0388  (107.6s)
  step   3360  ep 18/20  train KL=0.0386  (108.1s)
  step   3380  ep 18/20  train KL=0.0387  (108.7s)
  step   3400  ep 18/20  train KL=0.0386  (109.3s)
  step   3420  ep 18/20  train KL=0.0386  (109.9s)
  step   3440  ep 18/20  train KL=0.0386  (110.5s)
  step   3460  ep 18/20  train KL=0.0387  (111.0s)
  step   3480  ep 18/20  train KL=0.0386  (111.6s)
  step   3500  ep 18/20  train KL=0.0387  (112.2s)
== ep 18: train KL=0.0387  (112.6s)
  step   3520  ep 19/20  train KL=0.0374  (113.4s)
  step   3540  ep 19/20  train KL=0.0374  (114.0s)
  step   3560  ep 19/20  train KL=0.0375  (114.5s)
  step   3580  ep 19/20  train KL=0.0375  (115.1s)
  step   3600  ep 19/20  train KL=0.0376  (115.7s)
  step   3620  ep 19/20  train KL=0.0376  (116.3s)
  step   3640  ep 19/20  train KL=0.0376  (116.8s)
  step   3660  ep 19/20  train KL=0.0376  (117.4s)
  step   3680  ep 19/20  train KL=0.0376  (118.0s)
  step   3700  ep 19/20  train KL=0.0376  (118.5s)
== ep 19: train KL=0.0376  (118.9s)
  step   3720  ep 20/20  train KL=0.0371  (119.8s)
  step   3740  ep 20/20  train KL=0.0370  (120.4s)
  step   3760  ep 20/20  train KL=0.0372  (120.9s)
  step   3780  ep 20/20  train KL=0.0372  (121.5s)
  step   3800  ep 20/20  train KL=0.0371  (122.1s)
  step   3820  ep 20/20  train KL=0.0371  (122.6s)
  step   3840  ep 20/20  train KL=0.0371  (123.2s)
  step   3860  ep 20/20  train KL=0.0371  (123.8s)
  step   3880  ep 20/20  train KL=0.0371  (124.4s)
  step   3900  ep 20/20  train KL=0.0371  (124.9s)
== ep 20: train KL=0.0371  (125.1s)

Done. Total time: 125.1s
