Materializing 100000 rows from parquet...
  inputs:  (100000, 384) float32
  logits:  (100000, 32768) float16
  load time: 13.8s

Using all 100000 samples for training (capacity test).

Model: StackedLutUnembedder — 117.47M params
  LN(384)
  block 0: TinyMultiHeadLut(384→384, n_heads=1, tph=2048, nap=10) + residual
  final: Linear(384, 32768, bias=True)
  init_std=0.1

Training: epochs=40 batch_size=512 lr=0.001 schedule=cosine warmup=0

  step     20  ep 1/40  train KL=2.5294  (1.2s)
  step     40  ep 1/40  train KL=1.6461  (1.8s)
  step     60  ep 1/40  train KL=1.2474  (2.4s)
  step     80  ep 1/40  train KL=1.0143  (3.0s)
  step    100  ep 1/40  train KL=0.8607  (3.5s)
  step    120  ep 1/40  train KL=0.7504  (4.1s)
  step    140  ep 1/40  train KL=0.6678  (4.7s)
  step    160  ep 1/40  train KL=0.6035  (5.3s)
  step    180  ep 1/40  train KL=0.5517  (5.8s)
== ep 1: train KL=0.5191  (6.4s)
  step    200  ep 2/40  train KL=0.1003  (6.9s)
  step    220  ep 2/40  train KL=0.0965  (7.4s)
  step    240  ep 2/40  train KL=0.0931  (8.0s)
  step    260  ep 2/40  train KL=0.0908  (8.5s)
  step    280  ep 2/40  train KL=0.0887  (9.1s)
  step    300  ep 2/40  train KL=0.0869  (9.6s)
  step    320  ep 2/40  train KL=0.0853  (10.1s)
  step    340  ep 2/40  train KL=0.0838  (10.7s)
  step    360  ep 2/40  train KL=0.0825  (11.2s)
  step    380  ep 2/40  train KL=0.0813  (11.8s)
== ep 2: train KL=0.0806  (12.2s)
  step    400  ep 3/40  train KL=0.0587  (12.9s)
  step    420  ep 3/40  train KL=0.0584  (13.4s)
  step    440  ep 3/40  train KL=0.0579  (14.0s)
  step    460  ep 3/40  train KL=0.0577  (14.5s)
  step    480  ep 3/40  train KL=0.0573  (15.1s)
  step    500  ep 3/40  train KL=0.0568  (15.6s)
  step    520  ep 3/40  train KL=0.0565  (16.2s)
  step    540  ep 3/40  train KL=0.0562  (16.7s)
  step    560  ep 3/40  train KL=0.0560  (17.3s)
  step    580  ep 3/40  train KL=0.0557  (17.8s)
== ep 3: train KL=0.0556  (18.1s)
  step    600  ep 4/40  train KL=0.0495  (18.9s)
  step    620  ep 4/40  train KL=0.0501  (19.5s)
  step    640  ep 4/40  train KL=0.0499  (20.0s)
  step    660  ep 4/40  train KL=0.0503  (20.6s)
  step    680  ep 4/40  train KL=0.0500  (21.1s)
  step    700  ep 4/40  train KL=0.0498  (21.7s)
  step    720  ep 4/40  train KL=0.0496  (22.2s)
  step    740  ep 4/40  train KL=0.0494  (22.8s)
  step    760  ep 4/40  train KL=0.0493  (23.4s)
  step    780  ep 4/40  train KL=0.0492  (23.9s)
== ep 4: train KL=0.0492  (24.1s)
  step    800  ep 5/40  train KL=0.0470  (25.0s)
  step    820  ep 5/40  train KL=0.0469  (25.5s)
  step    840  ep 5/40  train KL=0.0475  (26.1s)
  step    860  ep 5/40  train KL=0.0471  (26.6s)
  step    880  ep 5/40  train KL=0.0471  (27.2s)
  step    900  ep 5/40  train KL=0.0470  (27.8s)
  step    920  ep 5/40  train KL=0.0468  (28.3s)
  step    940  ep 5/40  train KL=0.0468  (28.9s)
  step    960  ep 5/40  train KL=0.0465  (29.4s)
== ep 5: train KL=0.0463  (30.0s)
  step    980  ep 6/40  train KL=0.0439  (30.5s)
  step   1000  ep 6/40  train KL=0.0448  (31.0s)
  step   1020  ep 6/40  train KL=0.0444  (31.6s)
  step   1040  ep 6/40  train KL=0.0448  (32.1s)
  step   1060  ep 6/40  train KL=0.0449  (32.7s)
  step   1080  ep 6/40  train KL=0.0446  (33.2s)
  step   1100  ep 6/40  train KL=0.0446  (33.8s)
  step   1120  ep 6/40  train KL=0.0445  (34.3s)
  step   1140  ep 6/40  train KL=0.0444  (34.9s)
  step   1160  ep 6/40  train KL=0.0442  (35.4s)
== ep 6: train KL=0.0441  (35.9s)
  step   1180  ep 7/40  train KL=0.0431  (36.5s)
  step   1200  ep 7/40  train KL=0.0430  (37.1s)
  step   1220  ep 7/40  train KL=0.0428  (37.6s)
  step   1240  ep 7/40  train KL=0.0424  (38.2s)
  step   1260  ep 7/40  train KL=0.0425  (38.7s)
  step   1280  ep 7/40  train KL=0.0423  (39.3s)
  step   1300  ep 7/40  train KL=0.0424  (39.8s)
  step   1320  ep 7/40  train KL=0.0423  (40.4s)
  step   1340  ep 7/40  train KL=0.0422  (41.0s)
  step   1360  ep 7/40  train KL=0.0420  (41.5s)
== ep 7: train KL=0.0420  (41.8s)
  step   1380  ep 8/40  train KL=0.0412  (42.6s)
  step   1400  ep 8/40  train KL=0.0415  (43.2s)
  step   1420  ep 8/40  train KL=0.0411  (43.7s)
  step   1440  ep 8/40  train KL=0.0406  (44.3s)
  step   1460  ep 8/40  train KL=0.0401  (44.9s)
  step   1480  ep 8/40  train KL=0.0399  (45.4s)
  step   1500  ep 8/40  train KL=0.0396  (46.0s)
  step   1520  ep 8/40  train KL=0.0397  (46.5s)
  step   1540  ep 8/40  train KL=0.0396  (47.1s)
  step   1560  ep 8/40  train KL=0.0394  (47.6s)
== ep 8: train KL=0.0394  (47.8s)
  step   1580  ep 9/40  train KL=0.0384  (48.7s)
  step   1600  ep 9/40  train KL=0.0379  (49.3s)
  step   1620  ep 9/40  train KL=0.0377  (49.8s)
  step   1640  ep 9/40  train KL=0.0372  (50.4s)
  step   1660  ep 9/40  train KL=0.0374  (50.9s)
  step   1680  ep 9/40  train KL=0.0370  (51.5s)
  step   1700  ep 9/40  train KL=0.0367  (52.1s)
  step   1720  ep 9/40  train KL=0.0366  (52.6s)
  step   1740  ep 9/40  train KL=0.0364  (53.2s)
== ep 9: train KL=0.0363  (53.8s)
  step   1760  ep 10/40  train KL=0.0342  (54.3s)
  step   1780  ep 10/40  train KL=0.0346  (54.8s)
  step   1800  ep 10/40  train KL=0.0343  (55.4s)
  step   1820  ep 10/40  train KL=0.0345  (55.9s)
  step   1840  ep 10/40  train KL=0.0343  (56.5s)
  step   1860  ep 10/40  train KL=0.0340  (57.0s)
  step   1880  ep 10/40  train KL=0.0338  (57.6s)
  step   1900  ep 10/40  train KL=0.0335  (58.1s)
  step   1920  ep 10/40  train KL=0.0336  (58.7s)
  step   1940  ep 10/40  train KL=0.0334  (59.2s)
== ep 10: train KL=0.0334  (59.7s)
  step   1960  ep 11/40  train KL=0.0315  (60.3s)
  step   1980  ep 11/40  train KL=0.0316  (60.9s)
  step   2000  ep 11/40  train KL=0.0320  (61.4s)
  step   2020  ep 11/40  train KL=0.0319  (62.0s)
  step   2040  ep 11/40  train KL=0.0318  (62.6s)
  step   2060  ep 11/40  train KL=0.0317  (63.1s)
  step   2080  ep 11/40  train KL=0.0314  (63.7s)
  step   2100  ep 11/40  train KL=0.0312  (64.2s)
  step   2120  ep 11/40  train KL=0.0311  (64.8s)
  step   2140  ep 11/40  train KL=0.0310  (65.4s)
== ep 11: train KL=0.0309  (65.7s)
  step   2160  ep 12/40  train KL=0.0296  (66.5s)
  step   2180  ep 12/40  train KL=0.0294  (67.0s)
  step   2200  ep 12/40  train KL=0.0293  (67.6s)
  step   2220  ep 12/40  train KL=0.0292  (68.1s)
  step   2240  ep 12/40  train KL=0.0290  (68.7s)
  step   2260  ep 12/40  train KL=0.0290  (69.3s)
  step   2280  ep 12/40  train KL=0.0289  (69.8s)
  step   2300  ep 12/40  train KL=0.0288  (70.4s)
  step   2320  ep 12/40  train KL=0.0287  (70.9s)
  step   2340  ep 12/40  train KL=0.0286  (71.5s)
== ep 12: train KL=0.0286  (71.7s)
  step   2360  ep 13/40  train KL=0.0274  (72.6s)
  step   2380  ep 13/40  train KL=0.0278  (73.1s)
  step   2400  ep 13/40  train KL=0.0276  (73.7s)
  step   2420  ep 13/40  train KL=0.0273  (74.3s)
  step   2440  ep 13/40  train KL=0.0272  (74.8s)
  step   2460  ep 13/40  train KL=0.0272  (75.4s)
  step   2480  ep 13/40  train KL=0.0271  (75.9s)
  step   2500  ep 13/40  train KL=0.0269  (76.5s)
  step   2520  ep 13/40  train KL=0.0268  (77.0s)
== ep 13: train KL=0.0268  (77.6s)
  step   2540  ep 14/40  train KL=0.0253  (78.2s)
  step   2560  ep 14/40  train KL=0.0259  (78.7s)
  step   2580  ep 14/40  train KL=0.0258  (79.3s)
  step   2600  ep 14/40  train KL=0.0256  (79.9s)
  step   2620  ep 14/40  train KL=0.0255  (80.5s)
  step   2640  ep 14/40  train KL=0.0254  (81.1s)
  step   2660  ep 14/40  train KL=0.0253  (81.6s)
  step   2680  ep 14/40  train KL=0.0252  (82.2s)
  step   2700  ep 14/40  train KL=0.0252  (82.7s)
  step   2720  ep 14/40  train KL=0.0251  (83.3s)
== ep 14: train KL=0.0250  (83.8s)
  step   2740  ep 15/40  train KL=0.0235  (84.4s)
  step   2760  ep 15/40  train KL=0.0233  (85.0s)
  step   2780  ep 15/40  train KL=0.0234  (85.6s)
  step   2800  ep 15/40  train KL=0.0237  (86.1s)
  step   2820  ep 15/40  train KL=0.0238  (86.7s)
  step   2840  ep 15/40  train KL=0.0236  (87.3s)
  step   2860  ep 15/40  train KL=0.0235  (87.8s)
  step   2880  ep 15/40  train KL=0.0235  (88.4s)
  step   2900  ep 15/40  train KL=0.0234  (89.0s)
  step   2920  ep 15/40  train KL=0.0234  (89.5s)
== ep 15: train KL=0.0234  (89.9s)
  step   2940  ep 16/40  train KL=0.0229  (90.6s)
  step   2960  ep 16/40  train KL=0.0227  (91.2s)
  step   2980  ep 16/40  train KL=0.0226  (91.7s)
  step   3000  ep 16/40  train KL=0.0223  (92.3s)
  step   3020  ep 16/40  train KL=0.0221  (92.9s)
  step   3040  ep 16/40  train KL=0.0220  (93.4s)
  step   3060  ep 16/40  train KL=0.0219  (94.0s)
  step   3080  ep 16/40  train KL=0.0219  (94.5s)
  step   3100  ep 16/40  train KL=0.0218  (95.1s)
  step   3120  ep 16/40  train KL=0.0218  (95.6s)
== ep 16: train KL=0.0218  (95.8s)
  step   3140  ep 17/40  train KL=0.0206  (96.7s)
  step   3160  ep 17/40  train KL=0.0208  (97.3s)
  step   3180  ep 17/40  train KL=0.0208  (97.8s)
  step   3200  ep 17/40  train KL=0.0206  (98.4s)
  step   3220  ep 17/40  train KL=0.0203  (98.9s)
  step   3240  ep 17/40  train KL=0.0203  (99.5s)
  step   3260  ep 17/40  train KL=0.0202  (100.0s)
  step   3280  ep 17/40  train KL=0.0202  (100.6s)
  step   3300  ep 17/40  train KL=0.0201  (101.1s)
== ep 17: train KL=0.0201  (101.7s)
  step   3320  ep 18/40  train KL=0.0190  (102.3s)
  step   3340  ep 18/40  train KL=0.0189  (102.8s)
  step   3360  ep 18/40  train KL=0.0187  (103.4s)
  step   3380  ep 18/40  train KL=0.0188  (103.9s)
  step   3400  ep 18/40  train KL=0.0188  (104.5s)
  step   3420  ep 18/40  train KL=0.0188  (105.0s)
  step   3440  ep 18/40  train KL=0.0187  (105.6s)
  step   3460  ep 18/40  train KL=0.0187  (106.1s)
  step   3480  ep 18/40  train KL=0.0186  (106.7s)
  step   3500  ep 18/40  train KL=0.0186  (107.3s)
== ep 18: train KL=0.0186  (107.7s)
  step   3520  ep 19/40  train KL=0.0176  (108.4s)
  step   3540  ep 19/40  train KL=0.0180  (108.9s)
  step   3560  ep 19/40  train KL=0.0180  (109.5s)
  step   3580  ep 19/40  train KL=0.0178  (110.0s)
  step   3600  ep 19/40  train KL=0.0176  (110.6s)
  step   3620  ep 19/40  train KL=0.0176  (111.1s)
  step   3640  ep 19/40  train KL=0.0176  (111.7s)
  step   3660  ep 19/40  train KL=0.0175  (112.2s)
  step   3680  ep 19/40  train KL=0.0174  (112.8s)
  step   3700  ep 19/40  train KL=0.0174  (113.3s)
== ep 19: train KL=0.0174  (113.6s)
  step   3720  ep 20/40  train KL=0.0166  (114.4s)
  step   3740  ep 20/40  train KL=0.0164  (115.0s)
  step   3760  ep 20/40  train KL=0.0163  (115.6s)
  step   3780  ep 20/40  train KL=0.0163  (116.1s)
  step   3800  ep 20/40  train KL=0.0162  (116.7s)
  step   3820  ep 20/40  train KL=0.0162  (117.2s)
  step   3840  ep 20/40  train KL=0.0162  (117.8s)
  step   3860  ep 20/40  train KL=0.0161  (118.3s)
  step   3880  ep 20/40  train KL=0.0161  (118.9s)
  step   3900  ep 20/40  train KL=0.0161  (119.4s)
== ep 20: train KL=0.0161  (119.6s)
  step   3920  ep 21/40  train KL=0.0153  (120.5s)
  step   3940  ep 21/40  train KL=0.0151  (121.1s)
  step   3960  ep 21/40  train KL=0.0150  (121.7s)
  step   3980  ep 21/40  train KL=0.0149  (122.2s)
  step   4000  ep 21/40  train KL=0.0148  (122.8s)
  step   4020  ep 21/40  train KL=0.0148  (123.4s)
  step   4040  ep 21/40  train KL=0.0148  (123.9s)
  step   4060  ep 21/40  train KL=0.0147  (124.4s)
  step   4080  ep 21/40  train KL=0.0147  (125.0s)
== ep 21: train KL=0.0147  (125.6s)
  step   4100  ep 22/40  train KL=0.0144  (126.1s)
  step   4120  ep 22/40  train KL=0.0139  (126.6s)
  step   4140  ep 22/40  train KL=0.0138  (127.2s)
  step   4160  ep 22/40  train KL=0.0138  (127.7s)
  step   4180  ep 22/40  train KL=0.0137  (128.3s)
  step   4200  ep 22/40  train KL=0.0137  (128.8s)
  step   4220  ep 22/40  train KL=0.0137  (129.4s)
  step   4240  ep 22/40  train KL=0.0137  (129.9s)
  step   4260  ep 22/40  train KL=0.0137  (130.5s)
  step   4280  ep 22/40  train KL=0.0136  (131.0s)
== ep 22: train KL=0.0136  (131.5s)
  step   4300  ep 23/40  train KL=0.0130  (132.1s)
  step   4320  ep 23/40  train KL=0.0128  (132.7s)
  step   4340  ep 23/40  train KL=0.0128  (133.3s)
  step   4360  ep 23/40  train KL=0.0128  (133.8s)
  step   4380  ep 23/40  train KL=0.0127  (134.3s)
  step   4400  ep 23/40  train KL=0.0127  (134.9s)
  step   4420  ep 23/40  train KL=0.0127  (135.4s)
  step   4440  ep 23/40  train KL=0.0127  (136.0s)
  step   4460  ep 23/40  train KL=0.0127  (136.5s)
  step   4480  ep 23/40  train KL=0.0127  (137.1s)
== ep 23: train KL=0.0127  (137.4s)
  step   4500  ep 24/40  train KL=0.0122  (138.2s)
  step   4520  ep 24/40  train KL=0.0120  (138.7s)
  step   4540  ep 24/40  train KL=0.0120  (139.3s)
  step   4560  ep 24/40  train KL=0.0119  (139.9s)
  step   4580  ep 24/40  train KL=0.0119  (140.4s)
  step   4600  ep 24/40  train KL=0.0119  (141.0s)
  step   4620  ep 24/40  train KL=0.0118  (141.5s)
  step   4640  ep 24/40  train KL=0.0118  (142.1s)
  step   4660  ep 24/40  train KL=0.0118  (142.7s)
  step   4680  ep 24/40  train KL=0.0118  (143.2s)
== ep 24: train KL=0.0118  (143.4s)
  step   4700  ep 25/40  train KL=0.0112  (144.3s)
  step   4720  ep 25/40  train KL=0.0112  (144.9s)
  step   4740  ep 25/40  train KL=0.0112  (145.4s)
  step   4760  ep 25/40  train KL=0.0112  (145.9s)
  step   4780  ep 25/40  train KL=0.0112  (146.5s)
  step   4800  ep 25/40  train KL=0.0111  (147.0s)
  step   4820  ep 25/40  train KL=0.0111  (147.6s)
  step   4840  ep 25/40  train KL=0.0111  (148.1s)
  step   4860  ep 25/40  train KL=0.0111  (148.7s)
== ep 25: train KL=0.0111  (149.3s)
  step   4880  ep 26/40  train KL=0.0105  (149.8s)
  step   4900  ep 26/40  train KL=0.0105  (150.4s)
  step   4920  ep 26/40  train KL=0.0105  (150.9s)
  step   4940  ep 26/40  train KL=0.0105  (151.5s)
  step   4960  ep 26/40  train KL=0.0105  (152.0s)
  step   4980  ep 26/40  train KL=0.0105  (152.6s)
  step   5000  ep 26/40  train KL=0.0105  (153.1s)
  step   5020  ep 26/40  train KL=0.0105  (153.7s)
  step   5040  ep 26/40  train KL=0.0105  (154.3s)
  step   5060  ep 26/40  train KL=0.0105  (154.8s)
== ep 26: train KL=0.0105  (155.3s)
  step   5080  ep 27/40  train KL=0.0100  (155.9s)
  step   5100  ep 27/40  train KL=0.0099  (156.5s)
  step   5120  ep 27/40  train KL=0.0099  (157.0s)
  step   5140  ep 27/40  train KL=0.0100  (157.6s)
  step   5160  ep 27/40  train KL=0.0100  (158.1s)
  step   5180  ep 27/40  train KL=0.0100  (158.7s)
  step   5200  ep 27/40  train KL=0.0100  (159.2s)
  step   5220  ep 27/40  train KL=0.0100  (159.8s)
  step   5240  ep 27/40  train KL=0.0100  (160.3s)
  step   5260  ep 27/40  train KL=0.0100  (160.9s)
== ep 27: train KL=0.0100  (161.2s)
  step   5280  ep 28/40  train KL=0.0096  (162.0s)
  step   5300  ep 28/40  train KL=0.0096  (162.5s)
  step   5320  ep 28/40  train KL=0.0096  (163.1s)
  step   5340  ep 28/40  train KL=0.0096  (163.6s)
  step   5360  ep 28/40  train KL=0.0096  (164.1s)
  step   5380  ep 28/40  train KL=0.0096  (164.7s)
  step   5400  ep 28/40  train KL=0.0096  (165.3s)
  step   5420  ep 28/40  train KL=0.0096  (165.8s)
  step   5440  ep 28/40  train KL=0.0096  (166.4s)
  step   5460  ep 28/40  train KL=0.0096  (166.9s)
== ep 28: train KL=0.0096  (167.1s)
  step   5480  ep 29/40  train KL=0.0092  (168.0s)
  step   5500  ep 29/40  train KL=0.0092  (168.6s)
  step   5520  ep 29/40  train KL=0.0092  (169.1s)
  step   5540  ep 29/40  train KL=0.0093  (169.7s)
  step   5560  ep 29/40  train KL=0.0093  (170.2s)
  step   5580  ep 29/40  train KL=0.0093  (170.8s)
  step   5600  ep 29/40  train KL=0.0093  (171.3s)
  step   5620  ep 29/40  train KL=0.0093  (171.9s)
  step   5640  ep 29/40  train KL=0.0093  (172.4s)
== ep 29: train KL=0.0093  (173.0s)
  step   5660  ep 30/40  train KL=0.0090  (173.6s)
  step   5680  ep 30/40  train KL=0.0090  (174.1s)
  step   5700  ep 30/40  train KL=0.0090  (174.7s)
  step   5720  ep 30/40  train KL=0.0090  (175.2s)
  step   5740  ep 30/40  train KL=0.0090  (175.8s)
  step   5760  ep 30/40  train KL=0.0090  (176.3s)
  step   5780  ep 30/40  train KL=0.0090  (176.9s)
  step   5800  ep 30/40  train KL=0.0090  (177.4s)
  step   5820  ep 30/40  train KL=0.0091  (178.0s)
  step   5840  ep 30/40  train KL=0.0091  (178.5s)
== ep 30: train KL=0.0091  (178.9s)
  step   5860  ep 31/40  train KL=0.0088  (179.6s)
  step   5880  ep 31/40  train KL=0.0089  (180.1s)
  step   5900  ep 31/40  train KL=0.0088  (180.7s)
  step   5920  ep 31/40  train KL=0.0088  (181.2s)
  step   5940  ep 31/40  train KL=0.0088  (181.8s)
  step   5960  ep 31/40  train KL=0.0088  (182.3s)
  step   5980  ep 31/40  train KL=0.0089  (182.9s)
  step   6000  ep 31/40  train KL=0.0089  (183.4s)
  step   6020  ep 31/40  train KL=0.0089  (184.0s)
  step   6040  ep 31/40  train KL=0.0089  (184.5s)
== ep 31: train KL=0.0089  (184.9s)
  step   6060  ep 32/40  train KL=0.0087  (185.7s)
  step   6080  ep 32/40  train KL=0.0086  (186.2s)
  step   6100  ep 32/40  train KL=0.0087  (186.8s)
  step   6120  ep 32/40  train KL=0.0087  (187.4s)
  step   6140  ep 32/40  train KL=0.0087  (187.9s)
  step   6160  ep 32/40  train KL=0.0087  (188.5s)
  step   6180  ep 32/40  train KL=0.0087  (189.0s)
  step   6200  ep 32/40  train KL=0.0087  (189.6s)
  step   6220  ep 32/40  train KL=0.0087  (190.1s)
  step   6240  ep 32/40  train KL=0.0087  (190.7s)
== ep 32: train KL=0.0087  (190.9s)
  step   6260  ep 33/40  train KL=0.0085  (191.8s)
  step   6280  ep 33/40  train KL=0.0085  (192.4s)
  step   6300  ep 33/40  train KL=0.0086  (192.9s)
  step   6320  ep 33/40  train KL=0.0086  (193.5s)
  step   6340  ep 33/40  train KL=0.0086  (194.1s)
  step   6360  ep 33/40  train KL=0.0086  (194.6s)
  step   6380  ep 33/40  train KL=0.0086  (195.2s)
  step   6400  ep 33/40  train KL=0.0086  (195.7s)
  step   6420  ep 33/40  train KL=0.0086  (196.3s)
== ep 33: train KL=0.0086  (196.9s)
  step   6440  ep 34/40  train KL=0.0084  (197.4s)
  step   6460  ep 34/40  train KL=0.0085  (198.0s)
  step   6480  ep 34/40  train KL=0.0085  (198.5s)
  step   6500  ep 34/40  train KL=0.0085  (199.1s)
  step   6520  ep 34/40  train KL=0.0085  (199.6s)
  step   6540  ep 34/40  train KL=0.0085  (200.2s)
  step   6560  ep 34/40  train KL=0.0085  (200.7s)
  step   6580  ep 34/40  train KL=0.0085  (201.3s)
  step   6600  ep 34/40  train KL=0.0085  (201.8s)
  step   6620  ep 34/40  train KL=0.0085  (202.4s)
== ep 34: train KL=0.0085  (202.8s)
  step   6640  ep 35/40  train KL=0.0085  (203.5s)
  step   6660  ep 35/40  train KL=0.0084  (204.0s)
  step   6680  ep 35/40  train KL=0.0084  (204.6s)
  step   6700  ep 35/40  train KL=0.0084  (205.1s)
  step   6720  ep 35/40  train KL=0.0084  (205.7s)
  step   6740  ep 35/40  train KL=0.0084  (206.2s)
  step   6760  ep 35/40  train KL=0.0084  (206.8s)
  step   6780  ep 35/40  train KL=0.0084  (207.3s)
  step   6800  ep 35/40  train KL=0.0084  (207.9s)
  step   6820  ep 35/40  train KL=0.0084  (208.5s)
== ep 35: train KL=0.0084  (208.8s)
  step   6840  ep 36/40  train KL=0.0084  (209.6s)
  step   6860  ep 36/40  train KL=0.0084  (210.1s)
  step   6880  ep 36/40  train KL=0.0084  (210.7s)
  step   6900  ep 36/40  train KL=0.0084  (211.3s)
  step   6920  ep 36/40  train KL=0.0084  (211.8s)
  step   6940  ep 36/40  train KL=0.0084  (212.4s)
  step   6960  ep 36/40  train KL=0.0084  (212.9s)
  step   6980  ep 36/40  train KL=0.0084  (213.5s)
  step   7000  ep 36/40  train KL=0.0084  (214.0s)
  step   7020  ep 36/40  train KL=0.0084  (214.6s)
== ep 36: train KL=0.0084  (214.7s)
  step   7040  ep 37/40  train KL=0.0082  (215.6s)
  step   7060  ep 37/40  train KL=0.0083  (216.2s)
  step   7080  ep 37/40  train KL=0.0083  (216.7s)
  step   7100  ep 37/40  train KL=0.0083  (217.3s)
  step   7120  ep 37/40  train KL=0.0083  (217.8s)
  step   7140  ep 37/40  train KL=0.0083  (218.4s)
  step   7160  ep 37/40  train KL=0.0083  (218.9s)
  step   7180  ep 37/40  train KL=0.0083  (219.4s)
  step   7200  ep 37/40  train KL=0.0083  (220.0s)
== ep 37: train KL=0.0083  (220.6s)
  step   7220  ep 38/40  train KL=0.0083  (221.1s)
  step   7240  ep 38/40  train KL=0.0083  (221.7s)
  step   7260  ep 38/40  train KL=0.0083  (222.2s)
  step   7280  ep 38/40  train KL=0.0083  (222.7s)
  step   7300  ep 38/40  train KL=0.0083  (223.3s)
  step   7320  ep 38/40  train KL=0.0083  (223.8s)
  step   7340  ep 38/40  train KL=0.0083  (224.4s)
  step   7360  ep 38/40  train KL=0.0083  (224.9s)
  step   7380  ep 38/40  train KL=0.0083  (225.5s)
  step   7400  ep 38/40  train KL=0.0083  (226.0s)
== ep 38: train KL=0.0083  (226.5s)
  step   7420  ep 39/40  train KL=0.0083  (227.1s)
  step   7440  ep 39/40  train KL=0.0083  (227.7s)
  step   7460  ep 39/40  train KL=0.0083  (228.2s)
  step   7480  ep 39/40  train KL=0.0083  (228.8s)
  step   7500  ep 39/40  train KL=0.0083  (229.3s)
  step   7520  ep 39/40  train KL=0.0083  (229.9s)
  step   7540  ep 39/40  train KL=0.0083  (230.5s)
  step   7560  ep 39/40  train KL=0.0083  (231.0s)
  step   7580  ep 39/40  train KL=0.0083  (231.6s)
  step   7600  ep 39/40  train KL=0.0083  (232.1s)
== ep 39: train KL=0.0083  (232.5s)
  step   7620  ep 40/40  train KL=0.0083  (233.2s)
  step   7640  ep 40/40  train KL=0.0083  (233.8s)
  step   7660  ep 40/40  train KL=0.0083  (234.3s)
  step   7680  ep 40/40  train KL=0.0083  (234.9s)
  step   7700  ep 40/40  train KL=0.0083  (235.5s)
  step   7720  ep 40/40  train KL=0.0083  (236.0s)
  step   7740  ep 40/40  train KL=0.0083  (236.6s)
  step   7760  ep 40/40  train KL=0.0083  (237.1s)
  step   7780  ep 40/40  train KL=0.0083  (237.7s)
  step   7800  ep 40/40  train KL=0.0083  (238.2s)
== ep 40: train KL=0.0083  (238.4s)

Done. Total time: 238.4s
