Materializing 100000 rows from parquet...
  inputs:  (100000, 384) float32
  logits:  (100000, 32768) float16
  load time: 14.3s

Using all 100000 samples for training (capacity test).

Model: StackedLutUnembedder — 272.14M params
  LN(384)
  block 0: TinyMultiHeadLut(384→384, n_heads=1, tph=660, nap=10) + residual
  final: Linear(384, 32768, bias=True)
  init_std=0.1

Training: epochs=20 batch_size=512 lr=0.0005 schedule=cosine warmup=0

  step     20  ep 1/20  train KL=2.7352  (1.4s)
  step     40  ep 1/20  train KL=1.8827  (1.9s)
  step     60  ep 1/20  train KL=1.4921  (2.5s)
  step     80  ep 1/20  train KL=1.2617  (3.0s)
  step    100  ep 1/20  train KL=1.1089  (3.6s)
  step    120  ep 1/20  train KL=0.9975  (4.2s)
  step    140  ep 1/20  train KL=0.9127  (4.7s)
  step    160  ep 1/20  train KL=0.8450  (5.3s)
  step    180  ep 1/20  train KL=0.7892  (5.8s)
== ep 1: train KL=0.7534  (6.4s)
  step    200  ep 2/20  train KL=0.2683  (6.9s)
  step    220  ep 2/20  train KL=0.2620  (7.6s)
  step    240  ep 2/20  train KL=0.2563  (8.2s)
  step    260  ep 2/20  train KL=0.2498  (8.7s)
  step    280  ep 2/20  train KL=0.2433  (9.3s)
  step    300  ep 2/20  train KL=0.2382  (9.9s)
  step    320  ep 2/20  train KL=0.2336  (10.4s)
  step    340  ep 2/20  train KL=0.2293  (11.0s)
  step    360  ep 2/20  train KL=0.2249  (11.6s)
  step    380  ep 2/20  train KL=0.2207  (12.1s)
== ep 2: train KL=0.2187  (12.6s)
  step    400  ep 3/20  train KL=0.1596  (13.4s)
  step    420  ep 3/20  train KL=0.1589  (14.0s)
  step    440  ep 3/20  train KL=0.1564  (14.5s)
  step    460  ep 3/20  train KL=0.1547  (15.1s)
  step    480  ep 3/20  train KL=0.1531  (15.7s)
  step    500  ep 3/20  train KL=0.1510  (16.3s)
  step    520  ep 3/20  train KL=0.1492  (16.8s)
  step    540  ep 3/20  train KL=0.1476  (17.4s)
  step    560  ep 3/20  train KL=0.1459  (18.0s)
  step    580  ep 3/20  train KL=0.1446  (18.5s)
== ep 3: train KL=0.1442  (18.9s)
  step    600  ep 4/20  train KL=0.1150  (19.7s)
  step    620  ep 4/20  train KL=0.1147  (20.4s)
  step    640  ep 4/20  train KL=0.1132  (21.0s)
  step    660  ep 4/20  train KL=0.1120  (21.6s)
  step    680  ep 4/20  train KL=0.1110  (22.1s)
  step    700  ep 4/20  train KL=0.1097  (22.7s)
  step    720  ep 4/20  train KL=0.1088  (23.3s)
  step    740  ep 4/20  train KL=0.1080  (23.8s)
  step    760  ep 4/20  train KL=0.1073  (24.4s)
  step    780  ep 4/20  train KL=0.1065  (25.0s)
== ep 4: train KL=0.1065  (25.2s)
  step    800  ep 5/20  train KL=0.0891  (26.2s)
  step    820  ep 5/20  train KL=0.0883  (26.8s)
  step    840  ep 5/20  train KL=0.0880  (27.4s)
  step    860  ep 5/20  train KL=0.0877  (27.9s)
  step    880  ep 5/20  train KL=0.0868  (28.5s)
  step    900  ep 5/20  train KL=0.0863  (29.0s)
  step    920  ep 5/20  train KL=0.0858  (29.6s)
  step    940  ep 5/20  train KL=0.0853  (30.2s)
  step    960  ep 5/20  train KL=0.0849  (30.7s)
== ep 5: train KL=0.0845  (31.4s)
  step    980  ep 6/20  train KL=0.0719  (31.9s)
  step   1000  ep 6/20  train KL=0.0730  (32.6s)
  step   1020  ep 6/20  train KL=0.0722  (33.2s)
  step   1040  ep 6/20  train KL=0.0720  (33.7s)
  step   1060  ep 6/20  train KL=0.0718  (34.3s)
  step   1080  ep 6/20  train KL=0.0717  (34.9s)
  step   1100  ep 6/20  train KL=0.0715  (35.4s)
  step   1120  ep 6/20  train KL=0.0713  (36.0s)
  step   1140  ep 6/20  train KL=0.0707  (36.5s)
  step   1160  ep 6/20  train KL=0.0705  (37.1s)
== ep 6: train KL=0.0703  (37.6s)
  step   1180  ep 7/20  train KL=0.0613  (38.4s)
  step   1200  ep 7/20  train KL=0.0614  (38.9s)
  step   1220  ep 7/20  train KL=0.0615  (39.5s)
  step   1240  ep 7/20  train KL=0.0613  (40.1s)
  step   1260  ep 7/20  train KL=0.0609  (40.7s)
  step   1280  ep 7/20  train KL=0.0607  (41.2s)
  step   1300  ep 7/20  train KL=0.0606  (41.8s)
  step   1320  ep 7/20  train KL=0.0606  (42.3s)
  step   1340  ep 7/20  train KL=0.0603  (42.9s)
  step   1360  ep 7/20  train KL=0.0603  (43.5s)
== ep 7: train KL=0.0602  (43.8s)
  step   1380  ep 8/20  train KL=0.0542  (44.7s)
  step   1400  ep 8/20  train KL=0.0542  (45.3s)
  step   1420  ep 8/20  train KL=0.0537  (45.9s)
  step   1440  ep 8/20  train KL=0.0535  (46.4s)
  step   1460  ep 8/20  train KL=0.0533  (47.0s)
  step   1480  ep 8/20  train KL=0.0530  (47.5s)
  step   1500  ep 8/20  train KL=0.0528  (48.1s)
  step   1520  ep 8/20  train KL=0.0526  (48.7s)
  step   1540  ep 8/20  train KL=0.0525  (49.2s)
  step   1560  ep 8/20  train KL=0.0525  (49.8s)
== ep 8: train KL=0.0525  (50.0s)
  step   1580  ep 9/20  train KL=0.0476  (51.0s)
  step   1600  ep 9/20  train KL=0.0470  (51.6s)
  step   1620  ep 9/20  train KL=0.0468  (52.1s)
  step   1640  ep 9/20  train KL=0.0466  (52.7s)
  step   1660  ep 9/20  train KL=0.0465  (53.3s)
  step   1680  ep 9/20  train KL=0.0464  (53.8s)
  step   1700  ep 9/20  train KL=0.0463  (54.4s)
  step   1720  ep 9/20  train KL=0.0461  (55.0s)
  step   1740  ep 9/20  train KL=0.0461  (55.6s)
== ep 9: train KL=0.0461  (56.2s)
  step   1760  ep 10/20  train KL=0.0427  (56.7s)
  step   1780  ep 10/20  train KL=0.0415  (57.4s)
  step   1800  ep 10/20  train KL=0.0415  (57.9s)
  step   1820  ep 10/20  train KL=0.0413  (58.5s)
  step   1840  ep 10/20  train KL=0.0412  (59.1s)
  step   1860  ep 10/20  train KL=0.0412  (59.6s)
  step   1880  ep 10/20  train KL=0.0413  (60.2s)
  step   1900  ep 10/20  train KL=0.0412  (60.7s)
  step   1920  ep 10/20  train KL=0.0411  (61.3s)
  step   1940  ep 10/20  train KL=0.0410  (61.8s)
== ep 10: train KL=0.0409  (62.3s)
  step   1960  ep 11/20  train KL=0.0367  (63.1s)
  step   1980  ep 11/20  train KL=0.0370  (63.7s)
  step   2000  ep 11/20  train KL=0.0368  (64.3s)
  step   2020  ep 11/20  train KL=0.0367  (64.8s)
  step   2040  ep 11/20  train KL=0.0367  (65.4s)
  step   2060  ep 11/20  train KL=0.0366  (66.0s)
  step   2080  ep 11/20  train KL=0.0366  (66.5s)
  step   2100  ep 11/20  train KL=0.0366  (67.1s)
  step   2120  ep 11/20  train KL=0.0366  (67.7s)
  step   2140  ep 11/20  train KL=0.0366  (68.3s)
== ep 11: train KL=0.0366  (68.6s)
  step   2160  ep 12/20  train KL=0.0333  (69.5s)
  step   2180  ep 12/20  train KL=0.0333  (70.1s)
  step   2200  ep 12/20  train KL=0.0333  (70.7s)
  step   2220  ep 12/20  train KL=0.0332  (71.3s)
  step   2240  ep 12/20  train KL=0.0332  (71.8s)
  step   2260  ep 12/20  train KL=0.0333  (72.4s)
  step   2280  ep 12/20  train KL=0.0333  (73.0s)
  step   2300  ep 12/20  train KL=0.0332  (73.6s)
  step   2320  ep 12/20  train KL=0.0332  (74.1s)
  step   2340  ep 12/20  train KL=0.0332  (74.7s)
== ep 12: train KL=0.0332  (74.9s)
  step   2360  ep 13/20  train KL=0.0308  (75.9s)
  step   2380  ep 13/20  train KL=0.0306  (76.5s)
  step   2400  ep 13/20  train KL=0.0307  (77.1s)
  step   2420  ep 13/20  train KL=0.0308  (77.6s)
  step   2440  ep 13/20  train KL=0.0308  (78.2s)
  step   2460  ep 13/20  train KL=0.0307  (78.8s)
  step   2480  ep 13/20  train KL=0.0307  (79.4s)
  step   2500  ep 13/20  train KL=0.0307  (79.9s)
  step   2520  ep 13/20  train KL=0.0307  (80.5s)
== ep 13: train KL=0.0307  (81.1s)
  step   2540  ep 14/20  train KL=0.0288  (81.7s)
  step   2560  ep 14/20  train KL=0.0286  (82.4s)
  step   2580  ep 14/20  train KL=0.0287  (82.9s)
  step   2600  ep 14/20  train KL=0.0288  (83.5s)
  step   2620  ep 14/20  train KL=0.0288  (84.1s)
  step   2640  ep 14/20  train KL=0.0288  (84.7s)
  step   2660  ep 14/20  train KL=0.0288  (85.2s)
  step   2680  ep 14/20  train KL=0.0288  (85.8s)
  step   2700  ep 14/20  train KL=0.0288  (86.4s)
  step   2720  ep 14/20  train KL=0.0289  (87.0s)
== ep 14: train KL=0.0289  (87.5s)
  step   2740  ep 15/20  train KL=0.0276  (88.2s)
  step   2760  ep 15/20  train KL=0.0276  (88.8s)
  step   2780  ep 15/20  train KL=0.0275  (89.4s)
  step   2800  ep 15/20  train KL=0.0276  (90.0s)
  step   2820  ep 15/20  train KL=0.0276  (90.5s)
  step   2840  ep 15/20  train KL=0.0276  (91.1s)
  step   2860  ep 15/20  train KL=0.0276  (91.7s)
  step   2880  ep 15/20  train KL=0.0276  (92.3s)
  step   2900  ep 15/20  train KL=0.0276  (92.8s)
  step   2920  ep 15/20  train KL=0.0276  (93.4s)
== ep 15: train KL=0.0276  (93.7s)
  step   2940  ep 16/20  train KL=0.0269  (94.7s)
  step   2960  ep 16/20  train KL=0.0267  (95.3s)
  step   2980  ep 16/20  train KL=0.0267  (95.8s)
  step   3000  ep 16/20  train KL=0.0267  (96.4s)
  step   3020  ep 16/20  train KL=0.0267  (97.0s)
  step   3040  ep 16/20  train KL=0.0267  (97.6s)
  step   3060  ep 16/20  train KL=0.0267  (98.1s)
  step   3080  ep 16/20  train KL=0.0267  (98.7s)
  step   3100  ep 16/20  train KL=0.0268  (99.3s)
  step   3120  ep 16/20  train KL=0.0268  (99.9s)
== ep 16: train KL=0.0268  (100.0s)
  step   3140  ep 17/20  train KL=0.0260  (101.1s)
  step   3160  ep 17/20  train KL=0.0261  (101.7s)
  step   3180  ep 17/20  train KL=0.0262  (102.3s)
  step   3200  ep 17/20  train KL=0.0263  (102.8s)
  step   3220  ep 17/20  train KL=0.0263  (103.4s)
  step   3240  ep 17/20  train KL=0.0262  (104.0s)
  step   3260  ep 17/20  train KL=0.0262  (104.6s)
  step   3280  ep 17/20  train KL=0.0262  (105.2s)
  step   3300  ep 17/20  train KL=0.0262  (105.8s)
== ep 17: train KL=0.0262  (106.4s)
  step   3320  ep 18/20  train KL=0.0260  (106.9s)
  step   3340  ep 18/20  train KL=0.0260  (107.6s)
  step   3360  ep 18/20  train KL=0.0258  (108.2s)
  step   3380  ep 18/20  train KL=0.0258  (108.8s)
  step   3400  ep 18/20  train KL=0.0258  (109.4s)
  step   3420  ep 18/20  train KL=0.0258  (109.9s)
  step   3440  ep 18/20  train KL=0.0258  (110.5s)
  step   3460  ep 18/20  train KL=0.0258  (111.1s)
  step   3480  ep 18/20  train KL=0.0258  (111.7s)
  step   3500  ep 18/20  train KL=0.0258  (112.2s)
== ep 18: train KL=0.0258  (112.7s)
  step   3520  ep 19/20  train KL=0.0255  (113.5s)
  step   3540  ep 19/20  train KL=0.0255  (114.1s)
  step   3560  ep 19/20  train KL=0.0256  (114.7s)
  step   3580  ep 19/20  train KL=0.0256  (115.2s)
  step   3600  ep 19/20  train KL=0.0256  (115.8s)
  step   3620  ep 19/20  train KL=0.0256  (116.4s)
  step   3640  ep 19/20  train KL=0.0256  (117.0s)
  step   3660  ep 19/20  train KL=0.0256  (117.6s)
  step   3680  ep 19/20  train KL=0.0256  (118.1s)
  step   3700  ep 19/20  train KL=0.0256  (118.7s)
== ep 19: train KL=0.0256  (119.0s)
  step   3720  ep 20/20  train KL=0.0254  (120.0s)
  step   3740  ep 20/20  train KL=0.0254  (120.6s)
  step   3760  ep 20/20  train KL=0.0255  (121.1s)
  step   3780  ep 20/20  train KL=0.0255  (121.7s)
  step   3800  ep 20/20  train KL=0.0255  (122.3s)
  step   3820  ep 20/20  train KL=0.0255  (122.8s)
  step   3840  ep 20/20  train KL=0.0255  (123.4s)
  step   3860  ep 20/20  train KL=0.0255  (124.0s)
  step   3880  ep 20/20  train KL=0.0255  (124.5s)
  step   3900  ep 20/20  train KL=0.0255  (125.1s)
== ep 20: train KL=0.0255  (125.3s)

Done. Total time: 125.3s
