Materializing 100000 rows from parquet...
  inputs:  (100000, 384) float32
  logits:  (100000, 32768) float16
  load time: 14.4s

Using all 100000 samples for training (capacity test).

Model: StackedLutUnembedder — 142.38M params
  LN(384)
  block 0: TinyMultiHeadLut(384→384, n_heads=1, tph=330, nap=10) + residual
  final: Linear(384, 32768, bias=True)
  init_std=0.1

Training: epochs=20 batch_size=512 lr=0.001 schedule=cosine warmup=0

  step     20  ep 1/20  train KL=2.1129  (1.4s)
  step     40  ep 1/20  train KL=1.3941  (1.9s)
  step     60  ep 1/20  train KL=1.0797  (2.5s)
  step     80  ep 1/20  train KL=0.8986  (3.0s)
  step    100  ep 1/20  train KL=0.7808  (3.6s)
  step    120  ep 1/20  train KL=0.6965  (4.1s)
  step    140  ep 1/20  train KL=0.6331  (4.7s)
  step    160  ep 1/20  train KL=0.5832  (5.2s)
  step    180  ep 1/20  train KL=0.5422  (5.8s)
== ep 1: train KL=0.5162  (6.4s)
  step    200  ep 2/20  train KL=0.1794  (6.9s)
  step    220  ep 2/20  train KL=0.1758  (7.7s)
  step    240  ep 2/20  train KL=0.1709  (8.2s)
  step    260  ep 2/20  train KL=0.1666  (8.8s)
  step    280  ep 2/20  train KL=0.1621  (9.3s)
  step    300  ep 2/20  train KL=0.1586  (9.9s)
  step    320  ep 2/20  train KL=0.1557  (10.4s)
  step    340  ep 2/20  train KL=0.1528  (11.0s)
  step    360  ep 2/20  train KL=0.1500  (11.5s)
  step    380  ep 2/20  train KL=0.1474  (12.1s)
== ep 2: train KL=0.1461  (12.5s)
  step    400  ep 3/20  train KL=0.1133  (13.3s)
  step    420  ep 3/20  train KL=0.1154  (13.8s)
  step    440  ep 3/20  train KL=0.1150  (14.4s)
  step    460  ep 3/20  train KL=0.1146  (15.0s)
  step    480  ep 3/20  train KL=0.1137  (15.5s)
  step    500  ep 3/20  train KL=0.1125  (16.1s)
  step    520  ep 3/20  train KL=0.1112  (16.6s)
  step    540  ep 3/20  train KL=0.1104  (17.2s)
  step    560  ep 3/20  train KL=0.1094  (17.7s)
  step    580  ep 3/20  train KL=0.1089  (18.3s)
== ep 3: train KL=0.1087  (18.6s)
  step    600  ep 4/20  train KL=0.0924  (19.4s)
  step    620  ep 4/20  train KL=0.0927  (20.1s)
  step    640  ep 4/20  train KL=0.0915  (20.6s)
  step    660  ep 4/20  train KL=0.0906  (21.2s)
  step    680  ep 4/20  train KL=0.0896  (21.7s)
  step    700  ep 4/20  train KL=0.0889  (22.3s)
  step    720  ep 4/20  train KL=0.0881  (22.9s)
  step    740  ep 4/20  train KL=0.0875  (23.4s)
  step    760  ep 4/20  train KL=0.0870  (24.0s)
  step    780  ep 4/20  train KL=0.0866  (24.5s)
== ep 4: train KL=0.0866  (24.7s)
  step    800  ep 5/20  train KL=0.0766  (25.8s)
  step    820  ep 5/20  train KL=0.0756  (26.3s)
  step    840  ep 5/20  train KL=0.0758  (26.9s)
  step    860  ep 5/20  train KL=0.0756  (27.5s)
  step    880  ep 5/20  train KL=0.0746  (28.0s)
  step    900  ep 5/20  train KL=0.0744  (28.6s)
  step    920  ep 5/20  train KL=0.0741  (29.2s)
  step    940  ep 5/20  train KL=0.0739  (29.7s)
  step    960  ep 5/20  train KL=0.0736  (30.3s)
== ep 5: train KL=0.0733  (30.9s)
  step    980  ep 6/20  train KL=0.0630  (31.4s)
  step   1000  ep 6/20  train KL=0.0647  (32.1s)
  step   1020  ep 6/20  train KL=0.0645  (32.6s)
  step   1040  ep 6/20  train KL=0.0646  (33.2s)
  step   1060  ep 6/20  train KL=0.0646  (33.7s)
  step   1080  ep 6/20  train KL=0.0646  (34.3s)
  step   1100  ep 6/20  train KL=0.0644  (34.9s)
  step   1120  ep 6/20  train KL=0.0643  (35.4s)
  step   1140  ep 6/20  train KL=0.0639  (36.0s)
  step   1160  ep 6/20  train KL=0.0637  (36.6s)
== ep 6: train KL=0.0635  (37.0s)
  step   1180  ep 7/20  train KL=0.0564  (37.8s)
  step   1200  ep 7/20  train KL=0.0569  (38.3s)
  step   1220  ep 7/20  train KL=0.0566  (38.9s)
  step   1240  ep 7/20  train KL=0.0563  (39.5s)
  step   1260  ep 7/20  train KL=0.0561  (40.0s)
  step   1280  ep 7/20  train KL=0.0559  (40.6s)
  step   1300  ep 7/20  train KL=0.0557  (41.2s)
  step   1320  ep 7/20  train KL=0.0557  (41.7s)
  step   1340  ep 7/20  train KL=0.0555  (42.3s)
  step   1360  ep 7/20  train KL=0.0554  (42.8s)
== ep 7: train KL=0.0554  (43.2s)
  step   1380  ep 8/20  train KL=0.0498  (44.1s)
  step   1400  ep 8/20  train KL=0.0497  (44.7s)
  step   1420  ep 8/20  train KL=0.0494  (45.2s)
  step   1440  ep 8/20  train KL=0.0493  (45.8s)
  step   1460  ep 8/20  train KL=0.0491  (46.3s)
  step   1480  ep 8/20  train KL=0.0488  (46.9s)
  step   1500  ep 8/20  train KL=0.0486  (47.4s)
  step   1520  ep 8/20  train KL=0.0485  (48.0s)
  step   1540  ep 8/20  train KL=0.0485  (48.6s)
  step   1560  ep 8/20  train KL=0.0484  (49.1s)
== ep 8: train KL=0.0484  (49.3s)
  step   1580  ep 9/20  train KL=0.0444  (50.4s)
  step   1600  ep 9/20  train KL=0.0437  (50.9s)
  step   1620  ep 9/20  train KL=0.0435  (51.5s)
  step   1640  ep 9/20  train KL=0.0430  (52.1s)
  step   1660  ep 9/20  train KL=0.0428  (52.6s)
  step   1680  ep 9/20  train KL=0.0425  (53.2s)
  step   1700  ep 9/20  train KL=0.0424  (53.8s)
  step   1720  ep 9/20  train KL=0.0422  (54.3s)
  step   1740  ep 9/20  train KL=0.0422  (54.9s)
== ep 9: train KL=0.0421  (55.4s)
  step   1760  ep 10/20  train KL=0.0373  (55.9s)
  step   1780  ep 10/20  train KL=0.0373  (56.6s)
  step   1800  ep 10/20  train KL=0.0372  (57.2s)
  step   1820  ep 10/20  train KL=0.0371  (57.8s)
  step   1840  ep 10/20  train KL=0.0371  (58.4s)
  step   1860  ep 10/20  train KL=0.0371  (58.9s)
  step   1880  ep 10/20  train KL=0.0372  (59.5s)
  step   1900  ep 10/20  train KL=0.0372  (60.1s)
  step   1920  ep 10/20  train KL=0.0370  (60.6s)
  step   1940  ep 10/20  train KL=0.0369  (61.1s)
== ep 10: train KL=0.0368  (61.6s)
  step   1960  ep 11/20  train KL=0.0330  (62.3s)
  step   1980  ep 11/20  train KL=0.0329  (62.9s)
  step   2000  ep 11/20  train KL=0.0326  (63.5s)
  step   2020  ep 11/20  train KL=0.0325  (64.1s)
  step   2040  ep 11/20  train KL=0.0324  (64.6s)
  step   2060  ep 11/20  train KL=0.0323  (65.2s)
  step   2080  ep 11/20  train KL=0.0323  (65.7s)
  step   2100  ep 11/20  train KL=0.0322  (66.3s)
  step   2120  ep 11/20  train KL=0.0323  (66.8s)
  step   2140  ep 11/20  train KL=0.0323  (67.4s)
== ep 11: train KL=0.0323  (67.8s)
  step   2160  ep 12/20  train KL=0.0290  (68.7s)
  step   2180  ep 12/20  train KL=0.0288  (69.3s)
  step   2200  ep 12/20  train KL=0.0288  (69.8s)
  step   2220  ep 12/20  train KL=0.0287  (70.4s)
  step   2240  ep 12/20  train KL=0.0287  (70.9s)
  step   2260  ep 12/20  train KL=0.0286  (71.5s)
  step   2280  ep 12/20  train KL=0.0286  (72.0s)
  step   2300  ep 12/20  train KL=0.0285  (72.6s)
  step   2320  ep 12/20  train KL=0.0285  (73.1s)
  step   2340  ep 12/20  train KL=0.0285  (73.7s)
== ep 12: train KL=0.0285  (73.9s)
  step   2360  ep 13/20  train KL=0.0258  (75.0s)
  step   2380  ep 13/20  train KL=0.0255  (75.5s)
  step   2400  ep 13/20  train KL=0.0256  (76.1s)
  step   2420  ep 13/20  train KL=0.0256  (76.6s)
  step   2440  ep 13/20  train KL=0.0256  (77.2s)
  step   2460  ep 13/20  train KL=0.0256  (77.7s)
  step   2480  ep 13/20  train KL=0.0256  (78.3s)
  step   2500  ep 13/20  train KL=0.0256  (78.8s)
  step   2520  ep 13/20  train KL=0.0256  (79.4s)
== ep 13: train KL=0.0256  (80.0s)
  step   2540  ep 14/20  train KL=0.0234  (80.5s)
  step   2560  ep 14/20  train KL=0.0231  (81.2s)
  step   2580  ep 14/20  train KL=0.0232  (81.8s)
  step   2600  ep 14/20  train KL=0.0233  (82.4s)
  step   2620  ep 14/20  train KL=0.0232  (82.9s)
  step   2640  ep 14/20  train KL=0.0233  (83.5s)
  step   2660  ep 14/20  train KL=0.0233  (84.0s)
  step   2680  ep 14/20  train KL=0.0233  (84.6s)
  step   2700  ep 14/20  train KL=0.0233  (85.2s)
  step   2720  ep 14/20  train KL=0.0234  (85.7s)
== ep 14: train KL=0.0234  (86.2s)
  step   2740  ep 15/20  train KL=0.0219  (87.0s)
  step   2760  ep 15/20  train KL=0.0219  (87.5s)
  step   2780  ep 15/20  train KL=0.0218  (88.1s)
  step   2800  ep 15/20  train KL=0.0219  (88.6s)
  step   2820  ep 15/20  train KL=0.0219  (89.2s)
  step   2840  ep 15/20  train KL=0.0219  (89.8s)
  step   2860  ep 15/20  train KL=0.0219  (90.3s)
  step   2880  ep 15/20  train KL=0.0219  (90.9s)
  step   2900  ep 15/20  train KL=0.0220  (91.4s)
  step   2920  ep 15/20  train KL=0.0220  (92.0s)
== ep 15: train KL=0.0220  (92.3s)
  step   2940  ep 16/20  train KL=0.0211  (93.2s)
  step   2960  ep 16/20  train KL=0.0210  (93.8s)
  step   2980  ep 16/20  train KL=0.0209  (94.4s)
  step   3000  ep 16/20  train KL=0.0210  (94.9s)
  step   3020  ep 16/20  train KL=0.0210  (95.5s)
  step   3040  ep 16/20  train KL=0.0210  (96.0s)
  step   3060  ep 16/20  train KL=0.0211  (96.6s)
  step   3080  ep 16/20  train KL=0.0211  (97.2s)
  step   3100  ep 16/20  train KL=0.0211  (97.8s)
  step   3120  ep 16/20  train KL=0.0211  (98.3s)
== ep 16: train KL=0.0211  (98.5s)
  step   3140  ep 17/20  train KL=0.0203  (99.6s)
  step   3160  ep 17/20  train KL=0.0204  (100.2s)
  step   3180  ep 17/20  train KL=0.0205  (100.7s)
  step   3200  ep 17/20  train KL=0.0205  (101.3s)
  step   3220  ep 17/20  train KL=0.0206  (101.8s)
  step   3240  ep 17/20  train KL=0.0205  (102.4s)
  step   3260  ep 17/20  train KL=0.0205  (102.9s)
  step   3280  ep 17/20  train KL=0.0205  (103.5s)
  step   3300  ep 17/20  train KL=0.0206  (104.1s)
== ep 17: train KL=0.0206  (104.7s)
  step   3320  ep 18/20  train KL=0.0202  (105.2s)
  step   3340  ep 18/20  train KL=0.0202  (105.9s)
  step   3360  ep 18/20  train KL=0.0202  (106.5s)
  step   3380  ep 18/20  train KL=0.0202  (107.0s)
  step   3400  ep 18/20  train KL=0.0201  (107.6s)
  step   3420  ep 18/20  train KL=0.0201  (108.1s)
  step   3440  ep 18/20  train KL=0.0202  (108.7s)
  step   3460  ep 18/20  train KL=0.0202  (109.3s)
  step   3480  ep 18/20  train KL=0.0202  (109.8s)
  step   3500  ep 18/20  train KL=0.0202  (110.4s)
== ep 18: train KL=0.0202  (110.8s)
  step   3520  ep 19/20  train KL=0.0199  (111.6s)
  step   3540  ep 19/20  train KL=0.0198  (112.2s)
  step   3560  ep 19/20  train KL=0.0199  (112.8s)
  step   3580  ep 19/20  train KL=0.0199  (113.3s)
  step   3600  ep 19/20  train KL=0.0199  (113.9s)
  step   3620  ep 19/20  train KL=0.0199  (114.4s)
  step   3640  ep 19/20  train KL=0.0199  (115.0s)
  step   3660  ep 19/20  train KL=0.0199  (115.6s)
  step   3680  ep 19/20  train KL=0.0200  (116.2s)
  step   3700  ep 19/20  train KL=0.0200  (116.7s)
== ep 19: train KL=0.0200  (117.0s)
  step   3720  ep 20/20  train KL=0.0198  (118.0s)
  step   3740  ep 20/20  train KL=0.0198  (118.5s)
  step   3760  ep 20/20  train KL=0.0199  (119.1s)
  step   3780  ep 20/20  train KL=0.0199  (119.7s)
  step   3800  ep 20/20  train KL=0.0198  (120.2s)
  step   3820  ep 20/20  train KL=0.0198  (120.8s)
  step   3840  ep 20/20  train KL=0.0198  (121.3s)
  step   3860  ep 20/20  train KL=0.0198  (121.9s)
  step   3880  ep 20/20  train KL=0.0198  (122.5s)
  step   3900  ep 20/20  train KL=0.0198  (123.0s)
== ep 20: train KL=0.0198  (123.2s)

Done. Total time: 123.2s
