Materializing 100000 rows from parquet...
  inputs:  (100000, 384) float32
  logits:  (100000, 32768) float16
  load time: 14.5s

Using all 100000 samples for training (capacity test).

Model: StackedLutUnembedder — 23.43M params
  LN(384)
  block 0: TinyMultiHeadLut(384→384, n_heads=1, tph=2640, nap=8) + residual
  final: Linear(384, 32768, bias=True)
  init_std=0.1

Training: epochs=20 batch_size=512 lr=0.001 schedule=cosine warmup=0

  step     20  ep 1/20  train KL=2.3342  (1.5s)
  step     40  ep 1/20  train KL=1.5115  (2.0s)
  step     60  ep 1/20  train KL=1.1501  (2.6s)
  step     80  ep 1/20  train KL=0.9420  (3.2s)
  step    100  ep 1/20  train KL=0.8075  (3.8s)
  step    120  ep 1/20  train KL=0.7117  (4.4s)
  step    140  ep 1/20  train KL=0.6403  (5.0s)
  step    160  ep 1/20  train KL=0.5845  (5.5s)
  step    180  ep 1/20  train KL=0.5391  (6.1s)
== ep 1: train KL=0.5105  (6.7s)
  step    200  ep 2/20  train KL=0.1390  (7.2s)
  step    220  ep 2/20  train KL=0.1356  (8.0s)
  step    240  ep 2/20  train KL=0.1332  (8.6s)
  step    260  ep 2/20  train KL=0.1303  (9.2s)
  step    280  ep 2/20  train KL=0.1275  (9.7s)
  step    300  ep 2/20  train KL=0.1252  (10.3s)
  step    320  ep 2/20  train KL=0.1232  (10.9s)
  step    340  ep 2/20  train KL=0.1214  (11.5s)
  step    360  ep 2/20  train KL=0.1195  (12.1s)
  step    380  ep 2/20  train KL=0.1179  (12.6s)
== ep 2: train KL=0.1170  (13.1s)
  step    400  ep 3/20  train KL=0.0883  (13.9s)
  step    420  ep 3/20  train KL=0.0863  (14.5s)
  step    440  ep 3/20  train KL=0.0853  (15.1s)
  step    460  ep 3/20  train KL=0.0844  (15.7s)
  step    480  ep 3/20  train KL=0.0837  (16.2s)
  step    500  ep 3/20  train KL=0.0830  (16.8s)
  step    520  ep 3/20  train KL=0.0823  (17.4s)
  step    540  ep 3/20  train KL=0.0817  (18.0s)
  step    560  ep 3/20  train KL=0.0811  (18.6s)
  step    580  ep 3/20  train KL=0.0806  (19.1s)
== ep 3: train KL=0.0804  (19.5s)
  step    600  ep 4/20  train KL=0.0667  (20.3s)
  step    620  ep 4/20  train KL=0.0666  (21.0s)
  step    640  ep 4/20  train KL=0.0659  (21.6s)
  step    660  ep 4/20  train KL=0.0656  (22.2s)
  step    680  ep 4/20  train KL=0.0654  (22.8s)
  step    700  ep 4/20  train KL=0.0650  (23.4s)
  step    720  ep 4/20  train KL=0.0646  (24.0s)
  step    740  ep 4/20  train KL=0.0643  (24.6s)
  step    760  ep 4/20  train KL=0.0640  (25.2s)
  step    780  ep 4/20  train KL=0.0637  (25.7s)
== ep 4: train KL=0.0637  (25.9s)
  step    800  ep 5/20  train KL=0.0554  (27.0s)
  step    820  ep 5/20  train KL=0.0549  (27.6s)
  step    840  ep 5/20  train KL=0.0549  (28.2s)
  step    860  ep 5/20  train KL=0.0547  (28.8s)
  step    880  ep 5/20  train KL=0.0545  (29.4s)
  step    900  ep 5/20  train KL=0.0544  (30.0s)
  step    920  ep 5/20  train KL=0.0543  (30.6s)
  step    940  ep 5/20  train KL=0.0542  (31.2s)
  step    960  ep 5/20  train KL=0.0540  (31.8s)
== ep 5: train KL=0.0540  (32.4s)
  step    980  ep 6/20  train KL=0.0479  (32.9s)
  step   1000  ep 6/20  train KL=0.0486  (33.7s)
  step   1020  ep 6/20  train KL=0.0481  (34.3s)
  step   1040  ep 6/20  train KL=0.0479  (34.9s)
  step   1060  ep 6/20  train KL=0.0478  (35.5s)
  step   1080  ep 6/20  train KL=0.0478  (36.1s)
  step   1100  ep 6/20  train KL=0.0477  (36.7s)
  step   1120  ep 6/20  train KL=0.0477  (37.2s)
  step   1140  ep 6/20  train KL=0.0475  (37.8s)
  step   1160  ep 6/20  train KL=0.0474  (38.5s)
== ep 6: train KL=0.0474  (38.9s)
  step   1180  ep 7/20  train KL=0.0427  (39.8s)
  step   1200  ep 7/20  train KL=0.0430  (40.4s)
  step   1220  ep 7/20  train KL=0.0429  (41.0s)
  step   1240  ep 7/20  train KL=0.0429  (41.6s)
  step   1260  ep 7/20  train KL=0.0428  (42.2s)
  step   1280  ep 7/20  train KL=0.0427  (42.8s)
  step   1300  ep 7/20  train KL=0.0426  (43.4s)
  step   1320  ep 7/20  train KL=0.0426  (44.0s)
  step   1340  ep 7/20  train KL=0.0426  (44.6s)
  step   1360  ep 7/20  train KL=0.0426  (45.2s)
== ep 7: train KL=0.0425  (45.5s)
  step   1380  ep 8/20  train KL=0.0391  (46.5s)
  step   1400  ep 8/20  train KL=0.0390  (47.1s)
  step   1420  ep 8/20  train KL=0.0389  (47.7s)
  step   1440  ep 8/20  train KL=0.0388  (48.3s)
  step   1460  ep 8/20  train KL=0.0387  (48.9s)
  step   1480  ep 8/20  train KL=0.0387  (49.5s)
  step   1500  ep 8/20  train KL=0.0386  (50.1s)
  step   1520  ep 8/20  train KL=0.0386  (50.7s)
  step   1540  ep 8/20  train KL=0.0385  (51.3s)
  step   1560  ep 8/20  train KL=0.0385  (52.0s)
== ep 8: train KL=0.0385  (52.1s)
  step   1580  ep 9/20  train KL=0.0355  (53.3s)
  step   1600  ep 9/20  train KL=0.0355  (53.9s)
  step   1620  ep 9/20  train KL=0.0355  (54.5s)
  step   1640  ep 9/20  train KL=0.0355  (55.1s)
  step   1660  ep 9/20  train KL=0.0355  (55.7s)
  step   1680  ep 9/20  train KL=0.0354  (56.3s)
  step   1700  ep 9/20  train KL=0.0354  (56.9s)
  step   1720  ep 9/20  train KL=0.0353  (57.5s)
  step   1740  ep 9/20  train KL=0.0353  (58.1s)
== ep 9: train KL=0.0353  (58.7s)
  step   1760  ep 10/20  train KL=0.0329  (59.2s)
  step   1780  ep 10/20  train KL=0.0325  (60.0s)
  step   1800  ep 10/20  train KL=0.0325  (60.6s)
  step   1820  ep 10/20  train KL=0.0325  (61.2s)
  step   1840  ep 10/20  train KL=0.0325  (61.8s)
  step   1860  ep 10/20  train KL=0.0325  (62.4s)
  step   1880  ep 10/20  train KL=0.0325  (63.0s)
  step   1900  ep 10/20  train KL=0.0325  (63.6s)
  step   1920  ep 10/20  train KL=0.0325  (64.2s)
  step   1940  ep 10/20  train KL=0.0325  (64.8s)
== ep 10: train KL=0.0325  (65.3s)
  step   1960  ep 11/20  train KL=0.0303  (66.1s)
  step   1980  ep 11/20  train KL=0.0304  (66.7s)
  step   2000  ep 11/20  train KL=0.0303  (67.3s)
  step   2020  ep 11/20  train KL=0.0302  (67.9s)
  step   2040  ep 11/20  train KL=0.0302  (68.5s)
  step   2060  ep 11/20  train KL=0.0302  (69.1s)
  step   2080  ep 11/20  train KL=0.0302  (69.6s)
  step   2100  ep 11/20  train KL=0.0303  (70.2s)
  step   2120  ep 11/20  train KL=0.0303  (70.8s)
  step   2140  ep 11/20  train KL=0.0302  (71.4s)
== ep 11: train KL=0.0302  (71.7s)
  step   2160  ep 12/20  train KL=0.0284  (72.7s)
  step   2180  ep 12/20  train KL=0.0283  (73.3s)
  step   2200  ep 12/20  train KL=0.0283  (73.9s)
  step   2220  ep 12/20  train KL=0.0283  (74.4s)
  step   2240  ep 12/20  train KL=0.0284  (75.0s)
  step   2260  ep 12/20  train KL=0.0284  (75.6s)
  step   2280  ep 12/20  train KL=0.0284  (76.2s)
  step   2300  ep 12/20  train KL=0.0284  (76.8s)
  step   2320  ep 12/20  train KL=0.0284  (77.4s)
  step   2340  ep 12/20  train KL=0.0284  (78.0s)
== ep 12: train KL=0.0284  (78.1s)
  step   2360  ep 13/20  train KL=0.0269  (79.2s)
  step   2380  ep 13/20  train KL=0.0269  (79.8s)
  step   2400  ep 13/20  train KL=0.0269  (80.4s)
  step   2420  ep 13/20  train KL=0.0270  (81.0s)
  step   2440  ep 13/20  train KL=0.0270  (81.6s)
  step   2460  ep 13/20  train KL=0.0270  (82.2s)
  step   2480  ep 13/20  train KL=0.0270  (82.8s)
  step   2500  ep 13/20  train KL=0.0270  (83.5s)
  step   2520  ep 13/20  train KL=0.0270  (84.1s)
== ep 13: train KL=0.0270  (84.7s)
  step   2540  ep 14/20  train KL=0.0259  (85.2s)
  step   2560  ep 14/20  train KL=0.0256  (85.9s)
  step   2580  ep 14/20  train KL=0.0257  (86.5s)
  step   2600  ep 14/20  train KL=0.0258  (87.1s)
  step   2620  ep 14/20  train KL=0.0258  (87.7s)
  step   2640  ep 14/20  train KL=0.0258  (88.3s)
  step   2660  ep 14/20  train KL=0.0259  (88.9s)
  step   2680  ep 14/20  train KL=0.0259  (89.5s)
  step   2700  ep 14/20  train KL=0.0259  (90.1s)
  step   2720  ep 14/20  train KL=0.0259  (90.6s)
== ep 14: train KL=0.0260  (91.1s)
  step   2740  ep 15/20  train KL=0.0250  (91.9s)
  step   2760  ep 15/20  train KL=0.0251  (92.5s)
  step   2780  ep 15/20  train KL=0.0250  (93.1s)
  step   2800  ep 15/20  train KL=0.0251  (93.6s)
  step   2820  ep 15/20  train KL=0.0251  (94.2s)
  step   2840  ep 15/20  train KL=0.0251  (94.8s)
  step   2860  ep 15/20  train KL=0.0251  (95.4s)
  step   2880  ep 15/20  train KL=0.0251  (96.0s)
  step   2900  ep 15/20  train KL=0.0252  (96.6s)
  step   2920  ep 15/20  train KL=0.0252  (97.2s)
== ep 15: train KL=0.0252  (97.5s)
  step   2940  ep 16/20  train KL=0.0246  (98.4s)
  step   2960  ep 16/20  train KL=0.0245  (99.0s)
  step   2980  ep 16/20  train KL=0.0244  (99.6s)
  step   3000  ep 16/20  train KL=0.0244  (100.2s)
  step   3020  ep 16/20  train KL=0.0245  (100.8s)
  step   3040  ep 16/20  train KL=0.0245  (101.3s)
  step   3060  ep 16/20  train KL=0.0245  (101.9s)
  step   3080  ep 16/20  train KL=0.0246  (102.5s)
  step   3100  ep 16/20  train KL=0.0246  (103.1s)
  step   3120  ep 16/20  train KL=0.0246  (103.7s)
== ep 16: train KL=0.0246  (103.8s)
  step   3140  ep 17/20  train KL=0.0240  (104.9s)
  step   3160  ep 17/20  train KL=0.0241  (105.5s)
  step   3180  ep 17/20  train KL=0.0241  (106.1s)
  step   3200  ep 17/20  train KL=0.0242  (106.7s)
  step   3220  ep 17/20  train KL=0.0242  (107.3s)
  step   3240  ep 17/20  train KL=0.0242  (107.8s)
  step   3260  ep 17/20  train KL=0.0242  (108.4s)
  step   3280  ep 17/20  train KL=0.0242  (109.0s)
  step   3300  ep 17/20  train KL=0.0242  (109.6s)
== ep 17: train KL=0.0242  (110.2s)
  step   3320  ep 18/20  train KL=0.0240  (110.7s)
  step   3340  ep 18/20  train KL=0.0240  (111.5s)
  step   3360  ep 18/20  train KL=0.0239  (112.1s)
  step   3380  ep 18/20  train KL=0.0239  (112.6s)
  step   3400  ep 18/20  train KL=0.0238  (113.2s)
  step   3420  ep 18/20  train KL=0.0238  (113.8s)
  step   3440  ep 18/20  train KL=0.0239  (114.4s)
  step   3460  ep 18/20  train KL=0.0239  (115.0s)
  step   3480  ep 18/20  train KL=0.0239  (115.5s)
  step   3500  ep 18/20  train KL=0.0239  (116.1s)
== ep 18: train KL=0.0239  (116.6s)
  step   3520  ep 19/20  train KL=0.0235  (117.4s)
  step   3540  ep 19/20  train KL=0.0235  (118.0s)
  step   3560  ep 19/20  train KL=0.0236  (118.5s)
  step   3580  ep 19/20  train KL=0.0236  (119.1s)
  step   3600  ep 19/20  train KL=0.0237  (119.7s)
  step   3620  ep 19/20  train KL=0.0237  (120.3s)
  step   3640  ep 19/20  train KL=0.0237  (120.9s)
  step   3660  ep 19/20  train KL=0.0237  (121.5s)
  step   3680  ep 19/20  train KL=0.0237  (122.1s)
  step   3700  ep 19/20  train KL=0.0237  (122.7s)
== ep 19: train KL=0.0237  (123.0s)
  step   3720  ep 20/20  train KL=0.0236  (123.9s)
  step   3740  ep 20/20  train KL=0.0235  (124.5s)
  step   3760  ep 20/20  train KL=0.0236  (125.2s)
  step   3780  ep 20/20  train KL=0.0236  (125.7s)
  step   3800  ep 20/20  train KL=0.0236  (126.3s)
  step   3820  ep 20/20  train KL=0.0236  (126.9s)
  step   3840  ep 20/20  train KL=0.0236  (127.5s)
  step   3860  ep 20/20  train KL=0.0236  (128.1s)
  step   3880  ep 20/20  train KL=0.0236  (128.7s)
  step   3900  ep 20/20  train KL=0.0236  (129.3s)
== ep 20: train KL=0.0236  (129.4s)

Done. Total time: 129.4s
