Materializing 100000 rows from parquet...
  inputs:  (100000, 384) float32
  logits:  (100000, 32768) float16
  load time: 14.5s

Using all 100000 samples for training (capacity test).

Model: StackedLutUnembedder — 16.81M params
  LN(384)
  block 0: TinyMultiHeadLut(384→384, n_heads=1, tph=8192, nap=6) + residual
  final: Linear(384, 32768, bias=True)
  init_std=0.1

Training: epochs=20 batch_size=512 lr=0.001 schedule=cosine warmup=0

  step     20  ep 1/20  train KL=2.2094  (1.4s)
  step     40  ep 1/20  train KL=1.4431  (2.0s)
  step     60  ep 1/20  train KL=1.1047  (2.6s)
  step     80  ep 1/20  train KL=0.9093  (3.2s)
  step    100  ep 1/20  train KL=0.7822  (3.8s)
  step    120  ep 1/20  train KL=0.6916  (4.4s)
  step    140  ep 1/20  train KL=0.6241  (4.9s)
  step    160  ep 1/20  train KL=0.5710  (5.5s)
  step    180  ep 1/20  train KL=0.5278  (6.1s)
== ep 1: train KL=0.5005  (6.8s)
  step    200  ep 2/20  train KL=0.1485  (7.3s)
  step    220  ep 2/20  train KL=0.1446  (8.0s)
  step    240  ep 2/20  train KL=0.1420  (8.6s)
  step    260  ep 2/20  train KL=0.1389  (9.2s)
  step    280  ep 2/20  train KL=0.1360  (9.8s)
  step    300  ep 2/20  train KL=0.1336  (10.3s)
  step    320  ep 2/20  train KL=0.1314  (10.9s)
  step    340  ep 2/20  train KL=0.1295  (11.5s)
  step    360  ep 2/20  train KL=0.1275  (12.1s)
  step    380  ep 2/20  train KL=0.1258  (12.6s)
== ep 2: train KL=0.1248  (13.1s)
  step    400  ep 3/20  train KL=0.0959  (14.0s)
  step    420  ep 3/20  train KL=0.0939  (14.6s)
  step    440  ep 3/20  train KL=0.0929  (15.2s)
  step    460  ep 3/20  train KL=0.0919  (15.7s)
  step    480  ep 3/20  train KL=0.0910  (16.3s)
  step    500  ep 3/20  train KL=0.0901  (16.9s)
  step    520  ep 3/20  train KL=0.0894  (17.5s)
  step    540  ep 3/20  train KL=0.0887  (18.1s)
  step    560  ep 3/20  train KL=0.0880  (18.7s)
  step    580  ep 3/20  train KL=0.0873  (19.3s)
== ep 3: train KL=0.0872  (19.6s)
  step    600  ep 4/20  train KL=0.0729  (20.4s)
  step    620  ep 4/20  train KL=0.0729  (21.2s)
  step    640  ep 4/20  train KL=0.0722  (21.7s)
  step    660  ep 4/20  train KL=0.0718  (22.3s)
  step    680  ep 4/20  train KL=0.0715  (22.9s)
  step    700  ep 4/20  train KL=0.0711  (23.5s)
  step    720  ep 4/20  train KL=0.0706  (24.1s)
  step    740  ep 4/20  train KL=0.0703  (24.7s)
  step    760  ep 4/20  train KL=0.0700  (25.2s)
  step    780  ep 4/20  train KL=0.0696  (25.8s)
== ep 4: train KL=0.0696  (26.0s)
  step    800  ep 5/20  train KL=0.0609  (27.1s)
  step    820  ep 5/20  train KL=0.0602  (27.7s)
  step    840  ep 5/20  train KL=0.0602  (28.3s)
  step    860  ep 5/20  train KL=0.0601  (28.9s)
  step    880  ep 5/20  train KL=0.0599  (29.5s)
  step    900  ep 5/20  train KL=0.0598  (30.1s)
  step    920  ep 5/20  train KL=0.0596  (30.7s)
  step    940  ep 5/20  train KL=0.0595  (31.2s)
  step    960  ep 5/20  train KL=0.0593  (31.8s)
== ep 5: train KL=0.0592  (32.4s)
  step    980  ep 6/20  train KL=0.0524  (33.0s)
  step   1000  ep 6/20  train KL=0.0529  (33.7s)
  step   1020  ep 6/20  train KL=0.0526  (34.3s)
  step   1040  ep 6/20  train KL=0.0524  (34.9s)
  step   1060  ep 6/20  train KL=0.0524  (35.5s)
  step   1080  ep 6/20  train KL=0.0524  (36.1s)
  step   1100  ep 6/20  train KL=0.0524  (36.7s)
  step   1120  ep 6/20  train KL=0.0523  (37.2s)
  step   1140  ep 6/20  train KL=0.0522  (37.8s)
  step   1160  ep 6/20  train KL=0.0521  (38.4s)
== ep 6: train KL=0.0521  (38.9s)
  step   1180  ep 7/20  train KL=0.0469  (39.8s)
  step   1200  ep 7/20  train KL=0.0470  (40.3s)
  step   1220  ep 7/20  train KL=0.0471  (40.9s)
  step   1240  ep 7/20  train KL=0.0471  (41.5s)
  step   1260  ep 7/20  train KL=0.0470  (42.1s)
  step   1280  ep 7/20  train KL=0.0469  (42.7s)
  step   1300  ep 7/20  train KL=0.0469  (43.3s)
  step   1320  ep 7/20  train KL=0.0469  (43.9s)
  step   1340  ep 7/20  train KL=0.0469  (44.5s)
  step   1360  ep 7/20  train KL=0.0469  (45.1s)
== ep 7: train KL=0.0469  (45.4s)
  step   1380  ep 8/20  train KL=0.0431  (46.4s)
  step   1400  ep 8/20  train KL=0.0432  (47.0s)
  step   1420  ep 8/20  train KL=0.0430  (47.6s)
  step   1440  ep 8/20  train KL=0.0429  (48.2s)
  step   1460  ep 8/20  train KL=0.0429  (48.8s)
  step   1480  ep 8/20  train KL=0.0429  (49.4s)
  step   1500  ep 8/20  train KL=0.0428  (50.0s)
  step   1520  ep 8/20  train KL=0.0428  (50.6s)
  step   1540  ep 8/20  train KL=0.0428  (51.1s)
  step   1560  ep 8/20  train KL=0.0428  (51.7s)
== ep 8: train KL=0.0428  (51.9s)
  step   1580  ep 9/20  train KL=0.0395  (53.0s)
  step   1600  ep 9/20  train KL=0.0393  (53.6s)
  step   1620  ep 9/20  train KL=0.0394  (54.2s)
  step   1640  ep 9/20  train KL=0.0394  (54.8s)
  step   1660  ep 9/20  train KL=0.0395  (55.4s)
  step   1680  ep 9/20  train KL=0.0394  (56.0s)
  step   1700  ep 9/20  train KL=0.0394  (56.6s)
  step   1720  ep 9/20  train KL=0.0394  (57.1s)
  step   1740  ep 9/20  train KL=0.0394  (57.7s)
== ep 9: train KL=0.0394  (58.4s)
  step   1760  ep 10/20  train KL=0.0369  (58.9s)
  step   1780  ep 10/20  train KL=0.0365  (59.7s)
  step   1800  ep 10/20  train KL=0.0364  (60.3s)
  step   1820  ep 10/20  train KL=0.0365  (60.9s)
  step   1840  ep 10/20  train KL=0.0365  (61.5s)
  step   1860  ep 10/20  train KL=0.0366  (62.1s)
  step   1880  ep 10/20  train KL=0.0366  (62.7s)
  step   1900  ep 10/20  train KL=0.0366  (63.3s)
  step   1920  ep 10/20  train KL=0.0367  (63.9s)
  step   1940  ep 10/20  train KL=0.0367  (64.5s)
== ep 10: train KL=0.0367  (65.0s)
  step   1960  ep 11/20  train KL=0.0343  (65.8s)
  step   1980  ep 11/20  train KL=0.0344  (66.4s)
  step   2000  ep 11/20  train KL=0.0343  (67.0s)
  step   2020  ep 11/20  train KL=0.0342  (67.6s)
  step   2040  ep 11/20  train KL=0.0343  (68.2s)
  step   2060  ep 11/20  train KL=0.0343  (68.8s)
  step   2080  ep 11/20  train KL=0.0344  (69.4s)
  step   2100  ep 11/20  train KL=0.0344  (70.0s)
  step   2120  ep 11/20  train KL=0.0344  (70.6s)
  step   2140  ep 11/20  train KL=0.0344  (71.2s)
== ep 11: train KL=0.0344  (71.5s)
  step   2160  ep 12/20  train KL=0.0324  (72.5s)
  step   2180  ep 12/20  train KL=0.0324  (73.1s)
  step   2200  ep 12/20  train KL=0.0324  (73.7s)
  step   2220  ep 12/20  train KL=0.0324  (74.3s)
  step   2240  ep 12/20  train KL=0.0325  (75.0s)
  step   2260  ep 12/20  train KL=0.0325  (75.6s)
  step   2280  ep 12/20  train KL=0.0325  (76.2s)
  step   2300  ep 12/20  train KL=0.0326  (76.8s)
  step   2320  ep 12/20  train KL=0.0326  (77.3s)
  step   2340  ep 12/20  train KL=0.0326  (77.9s)
== ep 12: train KL=0.0326  (78.1s)
  step   2360  ep 13/20  train KL=0.0310  (79.3s)
  step   2380  ep 13/20  train KL=0.0309  (79.9s)
  step   2400  ep 13/20  train KL=0.0310  (80.5s)
  step   2420  ep 13/20  train KL=0.0311  (81.1s)
  step   2440  ep 13/20  train KL=0.0311  (81.7s)
  step   2460  ep 13/20  train KL=0.0311  (82.3s)
  step   2480  ep 13/20  train KL=0.0311  (82.9s)
  step   2500  ep 13/20  train KL=0.0311  (83.5s)
  step   2520  ep 13/20  train KL=0.0311  (84.1s)
== ep 13: train KL=0.0311  (84.8s)
  step   2540  ep 14/20  train KL=0.0298  (85.3s)
  step   2560  ep 14/20  train KL=0.0295  (86.1s)
  step   2580  ep 14/20  train KL=0.0296  (86.7s)
  step   2600  ep 14/20  train KL=0.0298  (87.3s)
  step   2620  ep 14/20  train KL=0.0298  (87.9s)
  step   2640  ep 14/20  train KL=0.0298  (88.5s)
  step   2660  ep 14/20  train KL=0.0299  (89.1s)
  step   2680  ep 14/20  train KL=0.0299  (89.7s)
  step   2700  ep 14/20  train KL=0.0300  (90.3s)
  step   2720  ep 14/20  train KL=0.0300  (90.9s)
== ep 14: train KL=0.0300  (91.4s)
  step   2740  ep 15/20  train KL=0.0290  (92.2s)
  step   2760  ep 15/20  train KL=0.0290  (92.8s)
  step   2780  ep 15/20  train KL=0.0290  (93.4s)
  step   2800  ep 15/20  train KL=0.0290  (94.0s)
  step   2820  ep 15/20  train KL=0.0291  (94.6s)
  step   2840  ep 15/20  train KL=0.0291  (95.2s)
  step   2860  ep 15/20  train KL=0.0291  (95.8s)
  step   2880  ep 15/20  train KL=0.0291  (96.4s)
  step   2900  ep 15/20  train KL=0.0292  (97.0s)
  step   2920  ep 15/20  train KL=0.0292  (97.6s)
== ep 15: train KL=0.0292  (98.0s)
  step   2940  ep 16/20  train KL=0.0285  (99.0s)
  step   2960  ep 16/20  train KL=0.0284  (99.6s)
  step   2980  ep 16/20  train KL=0.0283  (100.2s)
  step   3000  ep 16/20  train KL=0.0283  (100.8s)
  step   3020  ep 16/20  train KL=0.0284  (101.4s)
  step   3040  ep 16/20  train KL=0.0285  (102.0s)
  step   3060  ep 16/20  train KL=0.0285  (102.6s)
  step   3080  ep 16/20  train KL=0.0285  (103.2s)
  step   3100  ep 16/20  train KL=0.0285  (103.8s)
  step   3120  ep 16/20  train KL=0.0285  (104.4s)
== ep 16: train KL=0.0285  (104.6s)
  step   3140  ep 17/20  train KL=0.0278  (105.8s)
  step   3160  ep 17/20  train KL=0.0279  (106.4s)
  step   3180  ep 17/20  train KL=0.0280  (107.0s)
  step   3200  ep 17/20  train KL=0.0281  (107.6s)
  step   3220  ep 17/20  train KL=0.0281  (108.2s)
  step   3240  ep 17/20  train KL=0.0280  (108.8s)
  step   3260  ep 17/20  train KL=0.0280  (109.4s)
  step   3280  ep 17/20  train KL=0.0280  (110.0s)
  step   3300  ep 17/20  train KL=0.0281  (110.6s)
== ep 17: train KL=0.0281  (111.2s)
  step   3320  ep 18/20  train KL=0.0278  (111.8s)
  step   3340  ep 18/20  train KL=0.0279  (112.5s)
  step   3360  ep 18/20  train KL=0.0277  (113.1s)
  step   3380  ep 18/20  train KL=0.0277  (113.7s)
  step   3400  ep 18/20  train KL=0.0277  (114.3s)
  step   3420  ep 18/20  train KL=0.0277  (114.9s)
  step   3440  ep 18/20  train KL=0.0277  (115.6s)
  step   3460  ep 18/20  train KL=0.0277  (116.2s)
  step   3480  ep 18/20  train KL=0.0277  (116.8s)
  step   3500  ep 18/20  train KL=0.0277  (117.4s)
== ep 18: train KL=0.0277  (117.9s)
  step   3520  ep 19/20  train KL=0.0273  (118.7s)
  step   3540  ep 19/20  train KL=0.0273  (119.3s)
  step   3560  ep 19/20  train KL=0.0274  (119.9s)
  step   3580  ep 19/20  train KL=0.0274  (120.5s)
  step   3600  ep 19/20  train KL=0.0275  (121.1s)
  step   3620  ep 19/20  train KL=0.0275  (121.7s)
  step   3640  ep 19/20  train KL=0.0275  (122.3s)
  step   3660  ep 19/20  train KL=0.0275  (122.9s)
  step   3680  ep 19/20  train KL=0.0275  (123.6s)
  step   3700  ep 19/20  train KL=0.0275  (124.2s)
== ep 19: train KL=0.0275  (124.5s)
  step   3720  ep 20/20  train KL=0.0274  (125.5s)
  step   3740  ep 20/20  train KL=0.0273  (126.1s)
  step   3760  ep 20/20  train KL=0.0274  (126.7s)
  step   3780  ep 20/20  train KL=0.0274  (127.3s)
  step   3800  ep 20/20  train KL=0.0274  (127.9s)
  step   3820  ep 20/20  train KL=0.0274  (128.6s)
  step   3840  ep 20/20  train KL=0.0274  (129.2s)
  step   3860  ep 20/20  train KL=0.0274  (129.8s)
  step   3880  ep 20/20  train KL=0.0274  (130.4s)
  step   3900  ep 20/20  train KL=0.0274  (131.0s)
== ep 20: train KL=0.0274  (131.1s)

Done. Total time: 131.1s
