Materializing 100000 rows from parquet...
  inputs:  (100000, 384) float32
  logits:  (100000, 32768) float16
  load time: 13.3s

Using all 100000 samples for training (capacity test).

Model: StackedLutUnembedder — 117.47M params
  LN(384)
  block 0: TinyMultiHeadLut(384→384, n_heads=1, tph=4096, nap=10) + residual
  final: Linear(384, 32768, bias=True)
  init_std=0.1

Training: epochs=20 batch_size=512 lr=0.001 schedule=cosine warmup=0

  step     20  ep 1/20  train KL=2.5719  (1.4s)
  step     40  ep 1/20  train KL=1.6767  (1.9s)
  step     60  ep 1/20  train KL=1.2738  (2.5s)
  step     80  ep 1/20  train KL=1.0392  (3.0s)
  step    100  ep 1/20  train KL=0.8848  (3.6s)
  step    120  ep 1/20  train KL=0.7742  (4.1s)
  step    140  ep 1/20  train KL=0.6915  (4.7s)
  step    160  ep 1/20  train KL=0.6272  (5.2s)
  step    180  ep 1/20  train KL=0.5753  (5.8s)
== ep 1: train KL=0.5425  (6.4s)
  step    200  ep 2/20  train KL=0.1165  (6.9s)
  step    220  ep 2/20  train KL=0.1135  (7.6s)
  step    240  ep 2/20  train KL=0.1104  (8.2s)
  step    260  ep 2/20  train KL=0.1081  (8.7s)
  step    280  ep 2/20  train KL=0.1060  (9.3s)
  step    300  ep 2/20  train KL=0.1042  (9.8s)
  step    320  ep 2/20  train KL=0.1025  (10.4s)
  step    340  ep 2/20  train KL=0.1010  (10.9s)
  step    360  ep 2/20  train KL=0.0996  (11.5s)
  step    380  ep 2/20  train KL=0.0983  (12.0s)
== ep 2: train KL=0.0977  (12.5s)
  step    400  ep 3/20  train KL=0.0756  (13.2s)
  step    420  ep 3/20  train KL=0.0762  (13.8s)
  step    440  ep 3/20  train KL=0.0761  (14.3s)
  step    460  ep 3/20  train KL=0.0759  (14.9s)
  step    480  ep 3/20  train KL=0.0753  (15.4s)
  step    500  ep 3/20  train KL=0.0748  (15.9s)
  step    520  ep 3/20  train KL=0.0745  (16.5s)
  step    540  ep 3/20  train KL=0.0742  (17.0s)
  step    560  ep 3/20  train KL=0.0739  (17.6s)
  step    580  ep 3/20  train KL=0.0735  (18.1s)
== ep 3: train KL=0.0734  (18.5s)
  step    600  ep 4/20  train KL=0.0673  (19.2s)
  step    620  ep 4/20  train KL=0.0679  (19.9s)
  step    640  ep 4/20  train KL=0.0669  (20.5s)
  step    660  ep 4/20  train KL=0.0673  (21.1s)
  step    680  ep 4/20  train KL=0.0669  (21.6s)
  step    700  ep 4/20  train KL=0.0666  (22.2s)
  step    720  ep 4/20  train KL=0.0661  (22.7s)
  step    740  ep 4/20  train KL=0.0658  (23.3s)
  step    760  ep 4/20  train KL=0.0657  (23.9s)
  step    780  ep 4/20  train KL=0.0655  (24.4s)
== ep 4: train KL=0.0655  (24.5s)
  step    800  ep 5/20  train KL=0.0596  (25.6s)
  step    820  ep 5/20  train KL=0.0598  (26.1s)
  step    840  ep 5/20  train KL=0.0603  (26.7s)
  step    860  ep 5/20  train KL=0.0602  (27.3s)
  step    880  ep 5/20  train KL=0.0602  (27.8s)
  step    900  ep 5/20  train KL=0.0601  (28.4s)
  step    920  ep 5/20  train KL=0.0596  (28.9s)
  step    940  ep 5/20  train KL=0.0596  (29.4s)
  step    960  ep 5/20  train KL=0.0593  (30.0s)
== ep 5: train KL=0.0590  (30.6s)
  step    980  ep 6/20  train KL=0.0539  (31.1s)
  step   1000  ep 6/20  train KL=0.0545  (31.8s)
  step   1020  ep 6/20  train KL=0.0541  (32.4s)
  step   1040  ep 6/20  train KL=0.0536  (32.9s)
  step   1060  ep 6/20  train KL=0.0536  (33.4s)
  step   1080  ep 6/20  train KL=0.0532  (34.0s)
  step   1100  ep 6/20  train KL=0.0532  (34.6s)
  step   1120  ep 6/20  train KL=0.0531  (35.1s)
  step   1140  ep 6/20  train KL=0.0529  (35.6s)
  step   1160  ep 6/20  train KL=0.0526  (36.2s)
== ep 6: train KL=0.0525  (36.6s)
  step   1180  ep 7/20  train KL=0.0481  (37.4s)
  step   1200  ep 7/20  train KL=0.0472  (38.0s)
  step   1220  ep 7/20  train KL=0.0472  (38.5s)
  step   1240  ep 7/20  train KL=0.0468  (39.1s)
  step   1260  ep 7/20  train KL=0.0467  (39.6s)
  step   1280  ep 7/20  train KL=0.0466  (40.2s)
  step   1300  ep 7/20  train KL=0.0466  (40.7s)
  step   1320  ep 7/20  train KL=0.0463  (41.3s)
  step   1340  ep 7/20  train KL=0.0461  (41.9s)
  step   1360  ep 7/20  train KL=0.0459  (42.4s)
== ep 7: train KL=0.0459  (42.7s)
  step   1380  ep 8/20  train KL=0.0427  (43.6s)
  step   1400  ep 8/20  train KL=0.0418  (44.2s)
  step   1420  ep 8/20  train KL=0.0414  (44.8s)
  step   1440  ep 8/20  train KL=0.0409  (45.3s)
  step   1460  ep 8/20  train KL=0.0405  (45.9s)
  step   1480  ep 8/20  train KL=0.0403  (46.5s)
  step   1500  ep 8/20  train KL=0.0401  (47.0s)
  step   1520  ep 8/20  train KL=0.0400  (47.6s)
  step   1540  ep 8/20  train KL=0.0399  (48.1s)
  step   1560  ep 8/20  train KL=0.0397  (48.6s)
== ep 8: train KL=0.0397  (48.8s)
  step   1580  ep 9/20  train KL=0.0355  (49.9s)
  step   1600  ep 9/20  train KL=0.0352  (50.4s)
  step   1620  ep 9/20  train KL=0.0349  (51.0s)
  step   1640  ep 9/20  train KL=0.0347  (51.5s)
  step   1660  ep 9/20  train KL=0.0346  (52.1s)
  step   1680  ep 9/20  train KL=0.0343  (52.6s)
  step   1700  ep 9/20  train KL=0.0342  (53.2s)
  step   1720  ep 9/20  train KL=0.0340  (53.7s)
  step   1740  ep 9/20  train KL=0.0338  (54.3s)
== ep 9: train KL=0.0337  (54.9s)
  step   1760  ep 10/20  train KL=0.0296  (55.4s)
  step   1780  ep 10/20  train KL=0.0301  (56.1s)
  step   1800  ep 10/20  train KL=0.0296  (56.6s)
  step   1820  ep 10/20  train KL=0.0295  (57.2s)
  step   1840  ep 10/20  train KL=0.0292  (57.8s)
  step   1860  ep 10/20  train KL=0.0290  (58.3s)
  step   1880  ep 10/20  train KL=0.0289  (58.9s)
  step   1900  ep 10/20  train KL=0.0288  (59.5s)
  step   1920  ep 10/20  train KL=0.0287  (60.0s)
  step   1940  ep 10/20  train KL=0.0286  (60.6s)
== ep 10: train KL=0.0286  (61.0s)
  step   1960  ep 11/20  train KL=0.0256  (61.8s)
  step   1980  ep 11/20  train KL=0.0253  (62.4s)
  step   2000  ep 11/20  train KL=0.0255  (62.9s)
  step   2020  ep 11/20  train KL=0.0253  (63.5s)
  step   2040  ep 11/20  train KL=0.0252  (64.0s)
  step   2060  ep 11/20  train KL=0.0251  (64.6s)
  step   2080  ep 11/20  train KL=0.0250  (65.1s)
  step   2100  ep 11/20  train KL=0.0248  (65.7s)
  step   2120  ep 11/20  train KL=0.0247  (66.2s)
  step   2140  ep 11/20  train KL=0.0247  (66.8s)
== ep 11: train KL=0.0246  (67.1s)
  step   2160  ep 12/20  train KL=0.0220  (68.1s)
  step   2180  ep 12/20  train KL=0.0218  (68.6s)
  step   2200  ep 12/20  train KL=0.0217  (69.2s)
  step   2220  ep 12/20  train KL=0.0216  (69.8s)
  step   2240  ep 12/20  train KL=0.0216  (70.3s)
  step   2260  ep 12/20  train KL=0.0216  (70.9s)
  step   2280  ep 12/20  train KL=0.0216  (71.5s)
  step   2300  ep 12/20  train KL=0.0216  (72.0s)
  step   2320  ep 12/20  train KL=0.0215  (72.6s)
  step   2340  ep 12/20  train KL=0.0216  (73.1s)
== ep 12: train KL=0.0216  (73.3s)
  step   2360  ep 13/20  train KL=0.0196  (74.4s)
  step   2380  ep 13/20  train KL=0.0194  (74.9s)
  step   2400  ep 13/20  train KL=0.0193  (75.5s)
  step   2420  ep 13/20  train KL=0.0193  (76.1s)
  step   2440  ep 13/20  train KL=0.0192  (76.6s)
  step   2460  ep 13/20  train KL=0.0193  (77.2s)
  step   2480  ep 13/20  train KL=0.0193  (77.8s)
  step   2500  ep 13/20  train KL=0.0193  (78.3s)
  step   2520  ep 13/20  train KL=0.0193  (78.9s)
== ep 13: train KL=0.0193  (79.5s)
  step   2540  ep 14/20  train KL=0.0181  (80.1s)
  step   2560  ep 14/20  train KL=0.0179  (80.8s)
  step   2580  ep 14/20  train KL=0.0179  (81.3s)
  step   2600  ep 14/20  train KL=0.0178  (81.9s)
  step   2620  ep 14/20  train KL=0.0178  (82.5s)
  step   2640  ep 14/20  train KL=0.0178  (83.1s)
  step   2660  ep 14/20  train KL=0.0178  (83.6s)
  step   2680  ep 14/20  train KL=0.0178  (84.2s)
  step   2700  ep 14/20  train KL=0.0178  (84.7s)
  step   2720  ep 14/20  train KL=0.0178  (85.3s)
== ep 14: train KL=0.0178  (85.7s)
  step   2740  ep 15/20  train KL=0.0169  (86.5s)
  step   2760  ep 15/20  train KL=0.0168  (87.1s)
  step   2780  ep 15/20  train KL=0.0168  (87.6s)
  step   2800  ep 15/20  train KL=0.0168  (88.2s)
  step   2820  ep 15/20  train KL=0.0168  (88.7s)
  step   2840  ep 15/20  train KL=0.0169  (89.3s)
  step   2860  ep 15/20  train KL=0.0169  (89.8s)
  step   2880  ep 15/20  train KL=0.0169  (90.4s)
  step   2900  ep 15/20  train KL=0.0169  (90.9s)
  step   2920  ep 15/20  train KL=0.0169  (91.5s)
== ep 15: train KL=0.0169  (91.8s)
  step   2940  ep 16/20  train KL=0.0163  (92.8s)
  step   2960  ep 16/20  train KL=0.0164  (93.3s)
  step   2980  ep 16/20  train KL=0.0164  (93.9s)
  step   3000  ep 16/20  train KL=0.0163  (94.5s)
  step   3020  ep 16/20  train KL=0.0163  (95.0s)
  step   3040  ep 16/20  train KL=0.0164  (95.6s)
  step   3060  ep 16/20  train KL=0.0164  (96.1s)
  step   3080  ep 16/20  train KL=0.0163  (96.7s)
  step   3100  ep 16/20  train KL=0.0164  (97.2s)
  step   3120  ep 16/20  train KL=0.0164  (97.8s)
== ep 16: train KL=0.0164  (98.0s)
  step   3140  ep 17/20  train KL=0.0159  (99.0s)
  step   3160  ep 17/20  train KL=0.0160  (99.6s)
  step   3180  ep 17/20  train KL=0.0159  (100.2s)
  step   3200  ep 17/20  train KL=0.0160  (100.8s)
  step   3220  ep 17/20  train KL=0.0160  (101.4s)
  step   3240  ep 17/20  train KL=0.0160  (101.9s)
  step   3260  ep 17/20  train KL=0.0160  (102.5s)
  step   3280  ep 17/20  train KL=0.0160  (103.0s)
  step   3300  ep 17/20  train KL=0.0160  (103.6s)
== ep 17: train KL=0.0160  (104.2s)
  step   3320  ep 18/20  train KL=0.0157  (104.7s)
  step   3340  ep 18/20  train KL=0.0158  (105.4s)
  step   3360  ep 18/20  train KL=0.0158  (106.0s)
  step   3380  ep 18/20  train KL=0.0158  (106.5s)
  step   3400  ep 18/20  train KL=0.0158  (107.1s)
  step   3420  ep 18/20  train KL=0.0158  (107.6s)
  step   3440  ep 18/20  train KL=0.0158  (108.2s)
  step   3460  ep 18/20  train KL=0.0158  (108.7s)
  step   3480  ep 18/20  train KL=0.0158  (109.3s)
  step   3500  ep 18/20  train KL=0.0158  (109.8s)
== ep 18: train KL=0.0158  (110.3s)
  step   3520  ep 19/20  train KL=0.0157  (111.1s)
  step   3540  ep 19/20  train KL=0.0156  (111.6s)
  step   3560  ep 19/20  train KL=0.0156  (112.2s)
  step   3580  ep 19/20  train KL=0.0157  (112.8s)
  step   3600  ep 19/20  train KL=0.0156  (113.3s)
  step   3620  ep 19/20  train KL=0.0157  (113.9s)
  step   3640  ep 19/20  train KL=0.0157  (114.4s)
  step   3660  ep 19/20  train KL=0.0157  (115.0s)
  step   3680  ep 19/20  train KL=0.0157  (115.6s)
  step   3700  ep 19/20  train KL=0.0157  (116.1s)
== ep 19: train KL=0.0157  (116.4s)
  step   3720  ep 20/20  train KL=0.0157  (117.4s)
  step   3740  ep 20/20  train KL=0.0157  (117.9s)
  step   3760  ep 20/20  train KL=0.0157  (118.5s)
  step   3780  ep 20/20  train KL=0.0157  (119.0s)
  step   3800  ep 20/20  train KL=0.0156  (119.6s)
  step   3820  ep 20/20  train KL=0.0157  (120.2s)
  step   3840  ep 20/20  train KL=0.0156  (120.7s)
  step   3860  ep 20/20  train KL=0.0156  (121.3s)
  step   3880  ep 20/20  train KL=0.0156  (121.9s)
  step   3900  ep 20/20  train KL=0.0156  (122.4s)
== ep 20: train KL=0.0156  (122.6s)

Done. Total time: 122.6s
