Materializing 100000 rows from parquet...
  inputs:  (100000, 384) float32
  logits:  (100000, 32768) float16
  load time: 14.4s

Using all 100000 samples for training (capacity test).

Model: StackedLutUnembedder — 55.87M params
  LN(384)
  block 0: TinyMultiHeadLut(384→384, n_heads=1, tph=1320, nap=12) + residual
  final: Linear(384, 32768, bias=True)
  init_std=0.1

Training: epochs=20 batch_size=512 lr=0.001 schedule=cosine warmup=0

  step     20  ep 1/20  train KL=2.6669  (1.4s)
  step     40  ep 1/20  train KL=1.7262  (2.0s)
  step     60  ep 1/20  train KL=1.3068  (2.6s)
  step     80  ep 1/20  train KL=1.0643  (3.1s)
  step    100  ep 1/20  train KL=0.9069  (3.7s)
  step    120  ep 1/20  train KL=0.7947  (4.3s)
  step    140  ep 1/20  train KL=0.7112  (4.8s)
  step    160  ep 1/20  train KL=0.6460  (5.4s)
  step    180  ep 1/20  train KL=0.5932  (6.0s)
== ep 1: train KL=0.5600  (6.5s)
  step    200  ep 2/20  train KL=0.1320  (7.0s)
  step    220  ep 2/20  train KL=0.1297  (7.8s)
  step    240  ep 2/20  train KL=0.1272  (8.3s)
  step    260  ep 2/20  train KL=0.1242  (8.9s)
  step    280  ep 2/20  train KL=0.1215  (9.4s)
  step    300  ep 2/20  train KL=0.1192  (10.0s)
  step    320  ep 2/20  train KL=0.1173  (10.6s)
  step    340  ep 2/20  train KL=0.1155  (11.1s)
  step    360  ep 2/20  train KL=0.1138  (11.7s)
  step    380  ep 2/20  train KL=0.1123  (12.2s)
== ep 2: train KL=0.1114  (12.7s)
  step    400  ep 3/20  train KL=0.0821  (13.5s)
  step    420  ep 3/20  train KL=0.0802  (14.0s)
  step    440  ep 3/20  train KL=0.0792  (14.6s)
  step    460  ep 3/20  train KL=0.0784  (15.1s)
  step    480  ep 3/20  train KL=0.0779  (15.7s)
  step    500  ep 3/20  train KL=0.0773  (16.3s)
  step    520  ep 3/20  train KL=0.0768  (16.8s)
  step    540  ep 3/20  train KL=0.0762  (17.4s)
  step    560  ep 3/20  train KL=0.0757  (17.9s)
  step    580  ep 3/20  train KL=0.0753  (18.5s)
== ep 3: train KL=0.0752  (18.8s)
  step    600  ep 4/20  train KL=0.0620  (19.7s)
  step    620  ep 4/20  train KL=0.0618  (20.3s)
  step    640  ep 4/20  train KL=0.0612  (20.9s)
  step    660  ep 4/20  train KL=0.0610  (21.4s)
  step    680  ep 4/20  train KL=0.0608  (22.0s)
  step    700  ep 4/20  train KL=0.0605  (22.6s)
  step    720  ep 4/20  train KL=0.0602  (23.1s)
  step    740  ep 4/20  train KL=0.0599  (23.7s)
  step    760  ep 4/20  train KL=0.0597  (24.2s)
  step    780  ep 4/20  train KL=0.0595  (24.8s)
== ep 4: train KL=0.0595  (24.9s)
  step    800  ep 5/20  train KL=0.0519  (26.0s)
  step    820  ep 5/20  train KL=0.0513  (26.6s)
  step    840  ep 5/20  train KL=0.0512  (27.2s)
  step    860  ep 5/20  train KL=0.0511  (27.7s)
  step    880  ep 5/20  train KL=0.0509  (28.3s)
  step    900  ep 5/20  train KL=0.0508  (28.8s)
  step    920  ep 5/20  train KL=0.0507  (29.4s)
  step    940  ep 5/20  train KL=0.0506  (30.0s)
  step    960  ep 5/20  train KL=0.0504  (30.5s)
== ep 5: train KL=0.0504  (31.1s)
  step    980  ep 6/20  train KL=0.0448  (31.6s)
  step   1000  ep 6/20  train KL=0.0453  (32.3s)
  step   1020  ep 6/20  train KL=0.0450  (32.9s)
  step   1040  ep 6/20  train KL=0.0448  (33.5s)
  step   1060  ep 6/20  train KL=0.0447  (34.1s)
  step   1080  ep 6/20  train KL=0.0447  (34.6s)
  step   1100  ep 6/20  train KL=0.0446  (35.2s)
  step   1120  ep 6/20  train KL=0.0446  (35.8s)
  step   1140  ep 6/20  train KL=0.0445  (36.4s)
  step   1160  ep 6/20  train KL=0.0444  (36.9s)
== ep 6: train KL=0.0443  (37.4s)
  step   1180  ep 7/20  train KL=0.0400  (38.2s)
  step   1200  ep 7/20  train KL=0.0403  (38.7s)
  step   1220  ep 7/20  train KL=0.0402  (39.3s)
  step   1240  ep 7/20  train KL=0.0402  (39.8s)
  step   1260  ep 7/20  train KL=0.0401  (40.4s)
  step   1280  ep 7/20  train KL=0.0400  (41.0s)
  step   1300  ep 7/20  train KL=0.0400  (41.6s)
  step   1320  ep 7/20  train KL=0.0400  (42.1s)
  step   1340  ep 7/20  train KL=0.0400  (42.7s)
  step   1360  ep 7/20  train KL=0.0400  (43.3s)
== ep 7: train KL=0.0399  (43.6s)
  step   1380  ep 8/20  train KL=0.0369  (44.5s)
  step   1400  ep 8/20  train KL=0.0370  (45.1s)
  step   1420  ep 8/20  train KL=0.0369  (45.6s)
  step   1440  ep 8/20  train KL=0.0368  (46.2s)
  step   1460  ep 8/20  train KL=0.0367  (46.8s)
  step   1480  ep 8/20  train KL=0.0367  (47.3s)
  step   1500  ep 8/20  train KL=0.0367  (47.9s)
  step   1520  ep 8/20  train KL=0.0366  (48.5s)
  step   1540  ep 8/20  train KL=0.0365  (49.0s)
  step   1560  ep 8/20  train KL=0.0365  (49.6s)
== ep 8: train KL=0.0365  (49.8s)
  step   1580  ep 9/20  train KL=0.0338  (50.9s)
  step   1600  ep 9/20  train KL=0.0338  (51.4s)
  step   1620  ep 9/20  train KL=0.0338  (52.0s)
  step   1640  ep 9/20  train KL=0.0338  (52.6s)
  step   1660  ep 9/20  train KL=0.0338  (53.1s)
  step   1680  ep 9/20  train KL=0.0337  (53.7s)
  step   1700  ep 9/20  train KL=0.0337  (54.3s)
  step   1720  ep 9/20  train KL=0.0336  (54.9s)
  step   1740  ep 9/20  train KL=0.0336  (55.4s)
== ep 9: train KL=0.0337  (56.1s)
  step   1760  ep 10/20  train KL=0.0316  (56.6s)
  step   1780  ep 10/20  train KL=0.0313  (57.3s)
  step   1800  ep 10/20  train KL=0.0313  (57.8s)
  step   1820  ep 10/20  train KL=0.0313  (58.4s)
  step   1840  ep 10/20  train KL=0.0312  (58.9s)
  step   1860  ep 10/20  train KL=0.0313  (59.5s)
  step   1880  ep 10/20  train KL=0.0314  (60.1s)
  step   1900  ep 10/20  train KL=0.0313  (60.6s)
  step   1920  ep 10/20  train KL=0.0313  (61.2s)
  step   1940  ep 10/20  train KL=0.0313  (61.8s)
== ep 10: train KL=0.0313  (62.2s)
  step   1960  ep 11/20  train KL=0.0292  (63.0s)
  step   1980  ep 11/20  train KL=0.0293  (63.6s)
  step   2000  ep 11/20  train KL=0.0293  (64.1s)
  step   2020  ep 11/20  train KL=0.0293  (64.7s)
  step   2040  ep 11/20  train KL=0.0293  (65.3s)
  step   2060  ep 11/20  train KL=0.0293  (65.9s)
  step   2080  ep 11/20  train KL=0.0293  (66.4s)
  step   2100  ep 11/20  train KL=0.0293  (67.0s)
  step   2120  ep 11/20  train KL=0.0293  (67.6s)
  step   2140  ep 11/20  train KL=0.0293  (68.1s)
== ep 11: train KL=0.0293  (68.5s)
  step   2160  ep 12/20  train KL=0.0277  (69.4s)
  step   2180  ep 12/20  train KL=0.0277  (70.0s)
  step   2200  ep 12/20  train KL=0.0276  (70.6s)
  step   2220  ep 12/20  train KL=0.0276  (71.2s)
  step   2240  ep 12/20  train KL=0.0276  (71.7s)
  step   2260  ep 12/20  train KL=0.0276  (72.3s)
  step   2280  ep 12/20  train KL=0.0276  (72.9s)
  step   2300  ep 12/20  train KL=0.0276  (73.4s)
  step   2320  ep 12/20  train KL=0.0276  (74.0s)
  step   2340  ep 12/20  train KL=0.0276  (74.5s)
== ep 12: train KL=0.0276  (74.7s)
  step   2360  ep 13/20  train KL=0.0263  (75.8s)
  step   2380  ep 13/20  train KL=0.0262  (76.4s)
  step   2400  ep 13/20  train KL=0.0263  (77.0s)
  step   2420  ep 13/20  train KL=0.0263  (77.6s)
  step   2440  ep 13/20  train KL=0.0263  (78.1s)
  step   2460  ep 13/20  train KL=0.0263  (78.7s)
  step   2480  ep 13/20  train KL=0.0263  (79.3s)
  step   2500  ep 13/20  train KL=0.0263  (79.9s)
  step   2520  ep 13/20  train KL=0.0263  (80.4s)
== ep 13: train KL=0.0263  (81.0s)
  step   2540  ep 14/20  train KL=0.0253  (81.5s)
  step   2560  ep 14/20  train KL=0.0251  (82.3s)
  step   2580  ep 14/20  train KL=0.0251  (82.8s)
  step   2600  ep 14/20  train KL=0.0252  (83.4s)
  step   2620  ep 14/20  train KL=0.0252  (84.0s)
  step   2640  ep 14/20  train KL=0.0252  (84.5s)
  step   2660  ep 14/20  train KL=0.0253  (85.1s)
  step   2680  ep 14/20  train KL=0.0253  (85.7s)
  step   2700  ep 14/20  train KL=0.0253  (86.2s)
  step   2720  ep 14/20  train KL=0.0253  (86.8s)
== ep 14: train KL=0.0253  (87.3s)
  step   2740  ep 15/20  train KL=0.0246  (88.1s)
  step   2760  ep 15/20  train KL=0.0246  (88.6s)
  step   2780  ep 15/20  train KL=0.0245  (89.2s)
  step   2800  ep 15/20  train KL=0.0246  (89.8s)
  step   2820  ep 15/20  train KL=0.0246  (90.3s)
  step   2840  ep 15/20  train KL=0.0246  (90.9s)
  step   2860  ep 15/20  train KL=0.0246  (91.4s)
  step   2880  ep 15/20  train KL=0.0246  (92.0s)
  step   2900  ep 15/20  train KL=0.0246  (92.6s)
  step   2920  ep 15/20  train KL=0.0246  (93.1s)
== ep 15: train KL=0.0246  (93.5s)
  step   2940  ep 16/20  train KL=0.0242  (94.4s)
  step   2960  ep 16/20  train KL=0.0240  (95.0s)
  step   2980  ep 16/20  train KL=0.0240  (95.6s)
  step   3000  ep 16/20  train KL=0.0240  (96.2s)
  step   3020  ep 16/20  train KL=0.0240  (96.8s)
  step   3040  ep 16/20  train KL=0.0240  (97.3s)
  step   3060  ep 16/20  train KL=0.0240  (97.9s)
  step   3080  ep 16/20  train KL=0.0241  (98.6s)
  step   3100  ep 16/20  train KL=0.0241  (99.1s)
  step   3120  ep 16/20  train KL=0.0241  (99.7s)
== ep 16: train KL=0.0241  (99.8s)
  step   3140  ep 17/20  train KL=0.0236  (100.9s)
  step   3160  ep 17/20  train KL=0.0236  (101.5s)
  step   3180  ep 17/20  train KL=0.0237  (102.1s)
  step   3200  ep 17/20  train KL=0.0238  (102.7s)
  step   3220  ep 17/20  train KL=0.0238  (103.2s)
  step   3240  ep 17/20  train KL=0.0237  (103.8s)
  step   3260  ep 17/20  train KL=0.0237  (104.4s)
  step   3280  ep 17/20  train KL=0.0237  (104.9s)
  step   3300  ep 17/20  train KL=0.0237  (105.5s)
== ep 17: train KL=0.0237  (106.1s)
  step   3320  ep 18/20  train KL=0.0236  (106.6s)
  step   3340  ep 18/20  train KL=0.0236  (107.4s)
  step   3360  ep 18/20  train KL=0.0235  (107.9s)
  step   3380  ep 18/20  train KL=0.0235  (108.5s)
  step   3400  ep 18/20  train KL=0.0234  (109.1s)
  step   3420  ep 18/20  train KL=0.0234  (109.6s)
  step   3440  ep 18/20  train KL=0.0234  (110.2s)
  step   3460  ep 18/20  train KL=0.0235  (110.8s)
  step   3480  ep 18/20  train KL=0.0234  (111.4s)
  step   3500  ep 18/20  train KL=0.0235  (111.9s)
== ep 18: train KL=0.0235  (112.4s)
  step   3520  ep 19/20  train KL=0.0232  (113.2s)
  step   3540  ep 19/20  train KL=0.0232  (113.8s)
  step   3560  ep 19/20  train KL=0.0232  (114.3s)
  step   3580  ep 19/20  train KL=0.0233  (114.9s)
  step   3600  ep 19/20  train KL=0.0233  (115.4s)
  step   3620  ep 19/20  train KL=0.0233  (116.0s)
  step   3640  ep 19/20  train KL=0.0233  (116.6s)
  step   3660  ep 19/20  train KL=0.0233  (117.1s)
  step   3680  ep 19/20  train KL=0.0233  (117.7s)
  step   3700  ep 19/20  train KL=0.0233  (118.2s)
== ep 19: train KL=0.0233  (118.6s)
  step   3720  ep 20/20  train KL=0.0232  (119.5s)
  step   3740  ep 20/20  train KL=0.0231  (120.1s)
  step   3760  ep 20/20  train KL=0.0232  (120.6s)
  step   3780  ep 20/20  train KL=0.0232  (121.2s)
  step   3800  ep 20/20  train KL=0.0232  (121.8s)
  step   3820  ep 20/20  train KL=0.0232  (122.4s)
  step   3840  ep 20/20  train KL=0.0232  (122.9s)
  step   3860  ep 20/20  train KL=0.0232  (123.5s)
  step   3880  ep 20/20  train KL=0.0232  (124.1s)
  step   3900  ep 20/20  train KL=0.0232  (124.6s)
== ep 20: train KL=0.0232  (124.8s)

Done. Total time: 124.8s
