Materializing 100000 rows from parquet...
  inputs:  (100000, 384) float32
  logits:  (100000, 32768) float16
  load time: 13.8s

Using all 100000 samples for training (capacity test).

Model: StackedLutUnembedder — 335.58M params
  LN(384)
  block 0: TinyMultiHeadLut(384→384, n_heads=1, tph=4096, nap=10) + residual
  final: Linear(384, 32768, bias=True)
  init_std=0.1

Training: epochs=20 batch_size=512 lr=0.001 schedule=cosine warmup=0

  step     20  ep 1/20  train KL=4.6801  (1.4s)
  step     40  ep 1/20  train KL=4.6123  (1.9s)
  step     60  ep 1/20  train KL=4.5201  (2.5s)
  step     80  ep 1/20  train KL=4.3919  (3.0s)
  step    100  ep 1/20  train KL=4.2457  (3.6s)
  step    120  ep 1/20  train KL=4.0957  (4.1s)
  step    140  ep 1/20  train KL=3.9424  (4.7s)
  step    160  ep 1/20  train KL=3.7966  (5.2s)
  step    180  ep 1/20  train KL=3.6579  (5.8s)
== ep 1: train KL=3.5596  (6.4s)
  step    200  ep 2/20  train KL=2.2776  (7.0s)
  step    220  ep 2/20  train KL=2.1908  (7.6s)
  step    240  ep 2/20  train KL=2.1043  (8.1s)
  step    260  ep 2/20  train KL=2.0280  (8.6s)
  step    280  ep 2/20  train KL=1.9582  (9.2s)
  step    300  ep 2/20  train KL=1.8909  (9.7s)
  step    320  ep 2/20  train KL=1.8303  (10.2s)
  step    340  ep 2/20  train KL=1.7732  (10.8s)
  step    360  ep 2/20  train KL=1.7207  (11.3s)
  step    380  ep 2/20  train KL=1.6720  (11.9s)
== ep 2: train KL=1.6473  (12.3s)
  step    400  ep 3/20  train KL=1.1735  (13.1s)
  step    420  ep 3/20  train KL=1.1401  (13.7s)
  step    440  ep 3/20  train KL=1.1118  (14.2s)
  step    460  ep 3/20  train KL=1.0876  (14.8s)
  step    480  ep 3/20  train KL=1.0639  (15.3s)
  step    500  ep 3/20  train KL=1.0418  (15.9s)
  step    520  ep 3/20  train KL=1.0232  (16.4s)
  step    540  ep 3/20  train KL=1.0041  (17.0s)
  step    560  ep 3/20  train KL=0.9861  (17.5s)
  step    580  ep 3/20  train KL=0.9671  (18.1s)
== ep 3: train KL=0.9626  (18.4s)
  step    600  ep 4/20  train KL=0.7587  (19.4s)
  step    620  ep 4/20  train KL=0.7451  (19.9s)
  step    640  ep 4/20  train KL=0.7380  (20.4s)
  step    660  ep 4/20  train KL=0.7285  (21.0s)
  step    680  ep 4/20  train KL=0.7199  (21.5s)
  step    700  ep 4/20  train KL=0.7112  (22.1s)
  step    720  ep 4/20  train KL=0.7041  (22.6s)
  step    740  ep 4/20  train KL=0.6953  (23.2s)
  step    760  ep 4/20  train KL=0.6861  (23.7s)
  step    780  ep 4/20  train KL=0.6788  (24.2s)
== ep 4: train KL=0.6788  (24.4s)
  step    800  ep 5/20  train KL=0.5802  (25.5s)
  step    820  ep 5/20  train KL=0.5691  (26.0s)
  step    840  ep 5/20  train KL=0.5655  (26.6s)
  step    860  ep 5/20  train KL=0.5605  (27.1s)
  step    880  ep 5/20  train KL=0.5545  (27.7s)
  step    900  ep 5/20  train KL=0.5506  (28.2s)
  step    920  ep 5/20  train KL=0.5456  (28.8s)
  step    940  ep 5/20  train KL=0.5415  (29.3s)
  step    960  ep 5/20  train KL=0.5359  (29.9s)
== ep 5: train KL=0.5330  (30.5s)
  step    980  ep 6/20  train KL=0.4735  (31.0s)
  step   1000  ep 6/20  train KL=0.4764  (31.7s)
  step   1020  ep 6/20  train KL=0.4692  (32.3s)
  step   1040  ep 6/20  train KL=0.4656  (32.8s)
  step   1060  ep 6/20  train KL=0.4626  (33.4s)
  step   1080  ep 6/20  train KL=0.4592  (33.9s)
  step   1100  ep 6/20  train KL=0.4574  (34.5s)
  step   1120  ep 6/20  train KL=0.4552  (35.0s)
  step   1140  ep 6/20  train KL=0.4532  (35.5s)
  step   1160  ep 6/20  train KL=0.4507  (36.1s)
== ep 6: train KL=0.4496  (36.5s)
  step   1180  ep 7/20  train KL=0.4108  (37.3s)
  step   1200  ep 7/20  train KL=0.4081  (37.9s)
  step   1220  ep 7/20  train KL=0.4071  (38.5s)
  step   1240  ep 7/20  train KL=0.4045  (39.0s)
  step   1260  ep 7/20  train KL=0.4028  (39.5s)
  step   1280  ep 7/20  train KL=0.4024  (40.1s)
  step   1300  ep 7/20  train KL=0.4008  (40.6s)
  step   1320  ep 7/20  train KL=0.3997  (41.2s)
  step   1340  ep 7/20  train KL=0.3984  (41.7s)
  step   1360  ep 7/20  train KL=0.3975  (42.2s)
== ep 7: train KL=0.3973  (42.6s)
  step   1380  ep 8/20  train KL=0.3677  (43.5s)
  step   1400  ep 8/20  train KL=0.3677  (44.1s)
  step   1420  ep 8/20  train KL=0.3669  (44.6s)
  step   1440  ep 8/20  train KL=0.3662  (45.2s)
  step   1460  ep 8/20  train KL=0.3652  (45.8s)
  step   1480  ep 8/20  train KL=0.3639  (46.3s)
  step   1500  ep 8/20  train KL=0.3628  (46.9s)
  step   1520  ep 8/20  train KL=0.3626  (47.4s)
  step   1540  ep 8/20  train KL=0.3621  (48.0s)
  step   1560  ep 8/20  train KL=0.3614  (48.5s)
== ep 8: train KL=0.3614  (48.7s)
  step   1580  ep 9/20  train KL=0.3381  (49.7s)
  step   1600  ep 9/20  train KL=0.3352  (50.3s)
  step   1620  ep 9/20  train KL=0.3370  (50.8s)
  step   1640  ep 9/20  train KL=0.3367  (51.3s)
  step   1660  ep 9/20  train KL=0.3364  (51.9s)
  step   1680  ep 9/20  train KL=0.3358  (52.4s)
  step   1700  ep 9/20  train KL=0.3359  (53.0s)
  step   1720  ep 9/20  train KL=0.3361  (53.7s)
  step   1740  ep 9/20  train KL=0.3354  (54.4s)
== ep 9: train KL=0.3352  (55.2s)
  step   1760  ep 10/20  train KL=0.3231  (55.9s)
  step   1780  ep 10/20  train KL=0.3185  (56.7s)
  step   1800  ep 10/20  train KL=0.3191  (57.2s)
  step   1820  ep 10/20  train KL=0.3173  (57.8s)
  step   1840  ep 10/20  train KL=0.3171  (58.3s)
  step   1860  ep 10/20  train KL=0.3172  (58.9s)
  step   1880  ep 10/20  train KL=0.3171  (59.4s)
  step   1900  ep 10/20  train KL=0.3170  (60.0s)
  step   1920  ep 10/20  train KL=0.3167  (60.5s)
  step   1940  ep 10/20  train KL=0.3157  (61.1s)
== ep 10: train KL=0.3154  (61.5s)
  step   1960  ep 11/20  train KL=0.3034  (62.3s)
  step   1980  ep 11/20  train KL=0.3009  (62.8s)
  step   2000  ep 11/20  train KL=0.3025  (63.4s)
  step   2020  ep 11/20  train KL=0.3028  (63.9s)
  step   2040  ep 11/20  train KL=0.3023  (64.4s)
  step   2060  ep 11/20  train KL=0.3011  (65.0s)
  step   2080  ep 11/20  train KL=0.3010  (65.5s)
  step   2100  ep 11/20  train KL=0.3006  (66.0s)
  step   2120  ep 11/20  train KL=0.3003  (66.6s)
  step   2140  ep 11/20  train KL=0.2998  (67.1s)
== ep 11: train KL=0.2998  (67.4s)
  step   2160  ep 12/20  train KL=0.2854  (68.4s)
  step   2180  ep 12/20  train KL=0.2855  (68.9s)
  step   2200  ep 12/20  train KL=0.2866  (69.4s)
  step   2220  ep 12/20  train KL=0.2884  (70.0s)
  step   2240  ep 12/20  train KL=0.2883  (70.5s)
  step   2260  ep 12/20  train KL=0.2881  (71.1s)
  step   2280  ep 12/20  train KL=0.2877  (71.6s)
  step   2300  ep 12/20  train KL=0.2876  (72.2s)
  step   2320  ep 12/20  train KL=0.2874  (72.7s)
  step   2340  ep 12/20  train KL=0.2873  (73.3s)
== ep 12: train KL=0.2873  (73.5s)
  step   2360  ep 13/20  train KL=0.2778  (74.5s)
  step   2380  ep 13/20  train KL=0.2770  (75.1s)
  step   2400  ep 13/20  train KL=0.2783  (75.6s)
  step   2420  ep 13/20  train KL=0.2791  (76.2s)
  step   2440  ep 13/20  train KL=0.2785  (76.7s)
  step   2460  ep 13/20  train KL=0.2780  (77.3s)
  step   2480  ep 13/20  train KL=0.2783  (77.8s)
  step   2500  ep 13/20  train KL=0.2779  (78.4s)
  step   2520  ep 13/20  train KL=0.2778  (78.9s)
== ep 13: train KL=0.2775  (79.5s)
  step   2540  ep 14/20  train KL=0.2738  (80.0s)
  step   2560  ep 14/20  train KL=0.2707  (80.7s)
  step   2580  ep 14/20  train KL=0.2703  (81.2s)
  step   2600  ep 14/20  train KL=0.2707  (81.8s)
  step   2620  ep 14/20  train KL=0.2701  (82.4s)
  step   2640  ep 14/20  train KL=0.2702  (83.0s)
  step   2660  ep 14/20  train KL=0.2699  (83.5s)
  step   2680  ep 14/20  train KL=0.2698  (84.1s)
  step   2700  ep 14/20  train KL=0.2699  (84.7s)
  step   2720  ep 14/20  train KL=0.2696  (85.2s)
== ep 14: train KL=0.2698  (85.7s)
  step   2740  ep 15/20  train KL=0.2662  (86.5s)
  step   2760  ep 15/20  train KL=0.2644  (87.1s)
  step   2780  ep 15/20  train KL=0.2654  (87.6s)
  step   2800  ep 15/20  train KL=0.2650  (88.2s)
  step   2820  ep 15/20  train KL=0.2649  (88.7s)
  step   2840  ep 15/20  train KL=0.2643  (89.3s)
  step   2860  ep 15/20  train KL=0.2640  (89.9s)
  step   2880  ep 15/20  train KL=0.2637  (90.5s)
  step   2900  ep 15/20  train KL=0.2638  (91.0s)
  step   2920  ep 15/20  train KL=0.2636  (91.6s)
== ep 15: train KL=0.2636  (92.0s)
  step   2940  ep 16/20  train KL=0.2567  (93.0s)
  step   2960  ep 16/20  train KL=0.2595  (93.5s)
  step   2980  ep 16/20  train KL=0.2595  (94.1s)
  step   3000  ep 16/20  train KL=0.2591  (94.7s)
  step   3020  ep 16/20  train KL=0.2591  (95.3s)
  step   3040  ep 16/20  train KL=0.2589  (95.8s)
  step   3060  ep 16/20  train KL=0.2586  (96.4s)
  step   3080  ep 16/20  train KL=0.2589  (97.0s)
  step   3100  ep 16/20  train KL=0.2592  (97.5s)
  step   3120  ep 16/20  train KL=0.2589  (98.1s)
== ep 16: train KL=0.2589  (98.3s)
  step   3140  ep 17/20  train KL=0.2559  (99.3s)
  step   3160  ep 17/20  train KL=0.2550  (99.9s)
  step   3180  ep 17/20  train KL=0.2556  (100.4s)
  step   3200  ep 17/20  train KL=0.2558  (101.0s)
  step   3220  ep 17/20  train KL=0.2561  (101.6s)
  step   3240  ep 17/20  train KL=0.2559  (102.1s)
  step   3260  ep 17/20  train KL=0.2557  (102.7s)
  step   3280  ep 17/20  train KL=0.2557  (103.3s)
  step   3300  ep 17/20  train KL=0.2558  (103.8s)
== ep 17: train KL=0.2556  (104.4s)
  step   3320  ep 18/20  train KL=0.2567  (105.0s)
  step   3340  ep 18/20  train KL=0.2528  (105.7s)
  step   3360  ep 18/20  train KL=0.2527  (106.3s)
  step   3380  ep 18/20  train KL=0.2542  (106.8s)
  step   3400  ep 18/20  train KL=0.2532  (107.4s)
  step   3420  ep 18/20  train KL=0.2535  (108.0s)
  step   3440  ep 18/20  train KL=0.2533  (108.5s)
  step   3460  ep 18/20  train KL=0.2530  (109.1s)
  step   3480  ep 18/20  train KL=0.2526  (109.6s)
  step   3500  ep 18/20  train KL=0.2530  (110.2s)
== ep 18: train KL=0.2532  (110.7s)
  step   3520  ep 19/20  train KL=0.2512  (111.5s)
  step   3540  ep 19/20  train KL=0.2504  (112.0s)
  step   3560  ep 19/20  train KL=0.2509  (112.6s)
  step   3580  ep 19/20  train KL=0.2512  (113.2s)
  step   3600  ep 19/20  train KL=0.2515  (113.7s)
  step   3620  ep 19/20  train KL=0.2514  (114.3s)
  step   3640  ep 19/20  train KL=0.2519  (114.9s)
  step   3660  ep 19/20  train KL=0.2515  (115.4s)
  step   3680  ep 19/20  train KL=0.2516  (116.0s)
  step   3700  ep 19/20  train KL=0.2517  (116.5s)
== ep 19: train KL=0.2516  (116.9s)
  step   3720  ep 20/20  train KL=0.2511  (117.8s)
  step   3740  ep 20/20  train KL=0.2503  (118.4s)
  step   3760  ep 20/20  train KL=0.2505  (118.9s)
  step   3780  ep 20/20  train KL=0.2514  (119.5s)
  step   3800  ep 20/20  train KL=0.2508  (120.1s)
  step   3820  ep 20/20  train KL=0.2515  (120.6s)
  step   3840  ep 20/20  train KL=0.2515  (121.2s)
  step   3860  ep 20/20  train KL=0.2517  (121.8s)
  step   3880  ep 20/20  train KL=0.2516  (122.3s)
  step   3900  ep 20/20  train KL=0.2509  (122.9s)
== ep 20: train KL=0.2509  (123.1s)

Done. Total time: 123.1s
