Materializing 100000 rows from parquet...
  inputs:  (100000, 384) float32
  logits:  (100000, 32768) float16
  load time: 14.3s

Using all 100000 samples for training (capacity test).

Model: StackedLutUnembedder — 34.24M params
  LN(384)
  block 0: TinyMultiHeadLut(384→384, n_heads=1, tph=660, nap=10) + residual
  block 1: TinyMultiHeadLut(384→384, n_heads=1, tph=660, nap=10) + residual
  final: Linear(384, 32768, bias=True)
  init_std=0.1

Training: epochs=20 batch_size=512 lr=0.001 schedule=cosine warmup=0

  step     20  ep 1/20  train KL=2.3769  (1.4s)
  step     40  ep 1/20  train KL=1.5429  (2.0s)
  step     60  ep 1/20  train KL=1.1772  (2.5s)
  step     80  ep 1/20  train KL=0.9672  (3.1s)
  step    100  ep 1/20  train KL=0.8312  (3.6s)
  step    120  ep 1/20  train KL=0.7344  (4.2s)
  step    140  ep 1/20  train KL=0.6621  (4.8s)
  step    160  ep 1/20  train KL=0.6054  (5.4s)
  step    180  ep 1/20  train KL=0.5595  (5.9s)
== ep 1: train KL=0.5304  (6.5s)
  step    200  ep 2/20  train KL=0.1462  (7.2s)
  step    220  ep 2/20  train KL=0.1430  (7.7s)
  step    240  ep 2/20  train KL=0.1404  (8.3s)
  step    260  ep 2/20  train KL=0.1374  (8.9s)
  step    280  ep 2/20  train KL=0.1347  (9.4s)
  step    300  ep 2/20  train KL=0.1324  (10.0s)
  step    320  ep 2/20  train KL=0.1305  (10.5s)
  step    340  ep 2/20  train KL=0.1287  (11.1s)
  step    360  ep 2/20  train KL=0.1270  (11.7s)
  step    380  ep 2/20  train KL=0.1253  (12.2s)
== ep 2: train KL=0.1245  (12.7s)
  step    400  ep 3/20  train KL=0.0921  (13.5s)
  step    420  ep 3/20  train KL=0.0906  (14.0s)
  step    440  ep 3/20  train KL=0.0898  (14.6s)
  step    460  ep 3/20  train KL=0.0890  (15.2s)
  step    480  ep 3/20  train KL=0.0885  (15.7s)
  step    500  ep 3/20  train KL=0.0878  (16.3s)
  step    520  ep 3/20  train KL=0.0872  (16.9s)
  step    540  ep 3/20  train KL=0.0866  (17.4s)
  step    560  ep 3/20  train KL=0.0861  (18.0s)
  step    580  ep 3/20  train KL=0.0857  (18.6s)
== ep 3: train KL=0.0856  (18.9s)
  step    600  ep 4/20  train KL=0.0713  (19.8s)
  step    620  ep 4/20  train KL=0.0714  (20.4s)
  step    640  ep 4/20  train KL=0.0708  (21.0s)
  step    660  ep 4/20  train KL=0.0705  (21.5s)
  step    680  ep 4/20  train KL=0.0705  (22.1s)
  step    700  ep 4/20  train KL=0.0703  (22.7s)
  step    720  ep 4/20  train KL=0.0702  (23.2s)
  step    740  ep 4/20  train KL=0.0700  (23.8s)
  step    760  ep 4/20  train KL=0.0697  (24.3s)
  step    780  ep 4/20  train KL=0.0695  (24.9s)
== ep 4: train KL=0.0695  (25.1s)
  step    800  ep 5/20  train KL=0.0613  (26.1s)
  step    820  ep 5/20  train KL=0.0613  (26.7s)
  step    840  ep 5/20  train KL=0.0613  (27.3s)
  step    860  ep 5/20  train KL=0.0612  (27.9s)
  step    880  ep 5/20  train KL=0.0610  (28.4s)
  step    900  ep 5/20  train KL=0.0609  (29.0s)
  step    920  ep 5/20  train KL=0.0607  (29.6s)
  step    940  ep 5/20  train KL=0.0606  (30.1s)
  step    960  ep 5/20  train KL=0.0605  (30.7s)
== ep 5: train KL=0.0605  (31.2s)
  step    980  ep 6/20  train KL=0.0534  (31.7s)
  step   1000  ep 6/20  train KL=0.0548  (32.5s)
  step   1020  ep 6/20  train KL=0.0548  (33.0s)
  step   1040  ep 6/20  train KL=0.0548  (33.6s)
  step   1060  ep 6/20  train KL=0.0549  (34.1s)
  step   1080  ep 6/20  train KL=0.0548  (34.7s)
  step   1100  ep 6/20  train KL=0.0546  (35.3s)
  step   1120  ep 6/20  train KL=0.0546  (35.9s)
  step   1140  ep 6/20  train KL=0.0545  (36.4s)
  step   1160  ep 6/20  train KL=0.0544  (37.0s)
== ep 6: train KL=0.0543  (37.5s)
  step   1180  ep 7/20  train KL=0.0487  (38.2s)
  step   1200  ep 7/20  train KL=0.0488  (38.8s)
  step   1220  ep 7/20  train KL=0.0488  (39.4s)
  step   1240  ep 7/20  train KL=0.0489  (39.9s)
  step   1260  ep 7/20  train KL=0.0487  (40.5s)
  step   1280  ep 7/20  train KL=0.0486  (41.0s)
  step   1300  ep 7/20  train KL=0.0486  (41.6s)
  step   1320  ep 7/20  train KL=0.0486  (42.2s)
  step   1340  ep 7/20  train KL=0.0486  (42.7s)
  step   1360  ep 7/20  train KL=0.0485  (43.3s)
== ep 7: train KL=0.0485  (43.6s)
  step   1380  ep 8/20  train KL=0.0442  (44.6s)
  step   1400  ep 8/20  train KL=0.0441  (45.2s)
  step   1420  ep 8/20  train KL=0.0439  (45.7s)
  step   1440  ep 8/20  train KL=0.0437  (46.3s)
  step   1460  ep 8/20  train KL=0.0436  (46.9s)
  step   1480  ep 8/20  train KL=0.0436  (47.4s)
  step   1500  ep 8/20  train KL=0.0435  (48.0s)
  step   1520  ep 8/20  train KL=0.0435  (48.6s)
  step   1540  ep 8/20  train KL=0.0435  (49.1s)
  step   1560  ep 8/20  train KL=0.0435  (49.7s)
== ep 8: train KL=0.0435  (49.9s)
  step   1580  ep 9/20  train KL=0.0393  (50.9s)
  step   1600  ep 9/20  train KL=0.0390  (51.5s)
  step   1620  ep 9/20  train KL=0.0391  (52.1s)
  step   1640  ep 9/20  train KL=0.0391  (52.7s)
  step   1660  ep 9/20  train KL=0.0391  (53.2s)
  step   1680  ep 9/20  train KL=0.0391  (53.8s)
  step   1700  ep 9/20  train KL=0.0391  (54.4s)
  step   1720  ep 9/20  train KL=0.0390  (55.0s)
  step   1740  ep 9/20  train KL=0.0391  (55.5s)
== ep 9: train KL=0.0391  (56.2s)
  step   1760  ep 10/20  train KL=0.0357  (56.7s)
  step   1780  ep 10/20  train KL=0.0355  (57.4s)
  step   1800  ep 10/20  train KL=0.0355  (58.0s)
  step   1820  ep 10/20  train KL=0.0354  (58.5s)
  step   1840  ep 10/20  train KL=0.0354  (59.1s)
  step   1860  ep 10/20  train KL=0.0355  (59.6s)
  step   1880  ep 10/20  train KL=0.0356  (60.2s)
  step   1900  ep 10/20  train KL=0.0356  (60.8s)
  step   1920  ep 10/20  train KL=0.0356  (61.4s)
  step   1940  ep 10/20  train KL=0.0355  (61.9s)
== ep 10: train KL=0.0355  (62.4s)
  step   1960  ep 11/20  train KL=0.0326  (63.2s)
  step   1980  ep 11/20  train KL=0.0326  (63.8s)
  step   2000  ep 11/20  train KL=0.0325  (64.4s)
  step   2020  ep 11/20  train KL=0.0324  (64.9s)
  step   2040  ep 11/20  train KL=0.0325  (65.5s)
  step   2060  ep 11/20  train KL=0.0325  (66.1s)
  step   2080  ep 11/20  train KL=0.0325  (66.6s)
  step   2100  ep 11/20  train KL=0.0325  (67.2s)
  step   2120  ep 11/20  train KL=0.0325  (67.8s)
  step   2140  ep 11/20  train KL=0.0325  (68.4s)
== ep 11: train KL=0.0325  (68.7s)
  step   2160  ep 12/20  train KL=0.0299  (69.7s)
  step   2180  ep 12/20  train KL=0.0299  (70.2s)
  step   2200  ep 12/20  train KL=0.0299  (70.8s)
  step   2220  ep 12/20  train KL=0.0299  (71.4s)
  step   2240  ep 12/20  train KL=0.0300  (72.0s)
  step   2260  ep 12/20  train KL=0.0300  (72.5s)
  step   2280  ep 12/20  train KL=0.0300  (73.1s)
  step   2300  ep 12/20  train KL=0.0301  (73.7s)
  step   2320  ep 12/20  train KL=0.0301  (74.2s)
  step   2340  ep 12/20  train KL=0.0301  (74.8s)
== ep 12: train KL=0.0301  (75.0s)
  step   2360  ep 13/20  train KL=0.0280  (76.0s)
  step   2380  ep 13/20  train KL=0.0279  (76.6s)
  step   2400  ep 13/20  train KL=0.0280  (77.2s)
  step   2420  ep 13/20  train KL=0.0280  (77.7s)
  step   2440  ep 13/20  train KL=0.0281  (78.3s)
  step   2460  ep 13/20  train KL=0.0281  (78.9s)
  step   2480  ep 13/20  train KL=0.0281  (79.4s)
  step   2500  ep 13/20  train KL=0.0281  (80.0s)
  step   2520  ep 13/20  train KL=0.0282  (80.6s)
== ep 13: train KL=0.0282  (81.2s)
  step   2540  ep 14/20  train KL=0.0266  (81.7s)
  step   2560  ep 14/20  train KL=0.0263  (82.5s)
  step   2580  ep 14/20  train KL=0.0264  (83.0s)
  step   2600  ep 14/20  train KL=0.0265  (83.6s)
  step   2620  ep 14/20  train KL=0.0265  (84.2s)
  step   2640  ep 14/20  train KL=0.0266  (84.7s)
  step   2660  ep 14/20  train KL=0.0266  (85.3s)
  step   2680  ep 14/20  train KL=0.0267  (85.8s)
  step   2700  ep 14/20  train KL=0.0267  (86.4s)
  step   2720  ep 14/20  train KL=0.0268  (87.0s)
== ep 14: train KL=0.0268  (87.5s)
  step   2740  ep 15/20  train KL=0.0255  (88.3s)
  step   2760  ep 15/20  train KL=0.0255  (88.9s)
  step   2780  ep 15/20  train KL=0.0255  (89.4s)
  step   2800  ep 15/20  train KL=0.0256  (90.0s)
  step   2820  ep 15/20  train KL=0.0256  (90.6s)
  step   2840  ep 15/20  train KL=0.0256  (91.2s)
  step   2860  ep 15/20  train KL=0.0257  (91.7s)
  step   2880  ep 15/20  train KL=0.0257  (92.3s)
  step   2900  ep 15/20  train KL=0.0257  (92.9s)
  step   2920  ep 15/20  train KL=0.0258  (93.4s)
== ep 15: train KL=0.0257  (93.8s)
  step   2940  ep 16/20  train KL=0.0249  (94.7s)
  step   2960  ep 16/20  train KL=0.0248  (95.3s)
  step   2980  ep 16/20  train KL=0.0248  (95.9s)
  step   3000  ep 16/20  train KL=0.0248  (96.5s)
  step   3020  ep 16/20  train KL=0.0249  (97.0s)
  step   3040  ep 16/20  train KL=0.0249  (97.6s)
  step   3060  ep 16/20  train KL=0.0249  (98.2s)
  step   3080  ep 16/20  train KL=0.0250  (98.7s)
  step   3100  ep 16/20  train KL=0.0250  (99.3s)
  step   3120  ep 16/20  train KL=0.0250  (99.9s)
== ep 16: train KL=0.0250  (100.1s)
  step   3140  ep 17/20  train KL=0.0242  (101.2s)
  step   3160  ep 17/20  train KL=0.0243  (101.7s)
  step   3180  ep 17/20  train KL=0.0244  (102.3s)
  step   3200  ep 17/20  train KL=0.0245  (102.9s)
  step   3220  ep 17/20  train KL=0.0245  (103.5s)
  step   3240  ep 17/20  train KL=0.0245  (104.0s)
  step   3260  ep 17/20  train KL=0.0245  (104.6s)
  step   3280  ep 17/20  train KL=0.0245  (105.1s)
  step   3300  ep 17/20  train KL=0.0245  (105.7s)
== ep 17: train KL=0.0245  (106.3s)
  step   3320  ep 18/20  train KL=0.0241  (106.8s)
  step   3340  ep 18/20  train KL=0.0241  (107.5s)
  step   3360  ep 18/20  train KL=0.0241  (108.1s)
  step   3380  ep 18/20  train KL=0.0241  (108.7s)
  step   3400  ep 18/20  train KL=0.0240  (109.2s)
  step   3420  ep 18/20  train KL=0.0240  (109.8s)
  step   3440  ep 18/20  train KL=0.0241  (110.3s)
  step   3460  ep 18/20  train KL=0.0241  (110.9s)
  step   3480  ep 18/20  train KL=0.0241  (111.4s)
  step   3500  ep 18/20  train KL=0.0241  (112.0s)
== ep 18: train KL=0.0241  (112.5s)
  step   3520  ep 19/20  train KL=0.0237  (113.3s)
  step   3540  ep 19/20  train KL=0.0237  (113.8s)
  step   3560  ep 19/20  train KL=0.0238  (114.4s)
  step   3580  ep 19/20  train KL=0.0238  (115.0s)
  step   3600  ep 19/20  train KL=0.0238  (115.6s)
  step   3620  ep 19/20  train KL=0.0238  (116.1s)
  step   3640  ep 19/20  train KL=0.0239  (116.7s)
  step   3660  ep 19/20  train KL=0.0239  (117.3s)
  step   3680  ep 19/20  train KL=0.0239  (117.8s)
  step   3700  ep 19/20  train KL=0.0239  (118.4s)
== ep 19: train KL=0.0239  (118.7s)
  step   3720  ep 20/20  train KL=0.0238  (119.7s)
  step   3740  ep 20/20  train KL=0.0237  (120.3s)
  step   3760  ep 20/20  train KL=0.0238  (120.8s)
  step   3780  ep 20/20  train KL=0.0238  (121.4s)
  step   3800  ep 20/20  train KL=0.0238  (122.0s)
  step   3820  ep 20/20  train KL=0.0237  (122.5s)
  step   3840  ep 20/20  train KL=0.0237  (123.1s)
  step   3860  ep 20/20  train KL=0.0238  (123.7s)
  step   3880  ep 20/20  train KL=0.0238  (124.3s)
  step   3900  ep 20/20  train KL=0.0238  (124.8s)
== ep 20: train KL=0.0238  (125.0s)

Done. Total time: 125.0s
