Materializing 100000 rows from parquet...
  inputs:  (100000, 384) float32
  logits:  (100000, 32768) float16
  load time: 14.1s

Using all 100000 samples for training (capacity test).

Model: StackedLutUnembedder — 53.22M params
  LN(384)
  block 0: TinyMultiHeadLut(384→384, n_heads=1, tph=413, nap=8) + residual
  block 1: TinyMultiHeadLut(384→384, n_heads=1, tph=413, nap=8) + residual
  block 2: TinyMultiHeadLut(384→384, n_heads=1, tph=413, nap=8) + residual
  final: Linear(384, 32768, bias=True)
  init_std=0.1

Training: epochs=20 batch_size=512 lr=0.001 schedule=cosine warmup=0

  step     20  ep 1/20  train KL=2.4218  (1.6s)
  step     40  ep 1/20  train KL=1.7447  (2.2s)
  step     60  ep 1/20  train KL=1.4288  (2.7s)
  step     80  ep 1/20  train KL=1.2358  (3.3s)
  step    100  ep 1/20  train KL=1.1028  (3.8s)
  step    120  ep 1/20  train KL=1.0022  (4.4s)
  step    140  ep 1/20  train KL=0.9233  (5.0s)
  step    160  ep 1/20  train KL=0.8589  (5.5s)
  step    180  ep 1/20  train KL=0.8051  (6.1s)
== ep 1: train KL=0.7702  (6.7s)
  step    200  ep 2/20  train KL=0.3086  (7.2s)
  step    220  ep 2/20  train KL=0.2966  (7.9s)
  step    240  ep 2/20  train KL=0.2878  (8.4s)
  step    260  ep 2/20  train KL=0.2788  (9.0s)
  step    280  ep 2/20  train KL=0.2711  (9.6s)
  step    300  ep 2/20  train KL=0.2646  (10.1s)
  step    320  ep 2/20  train KL=0.2587  (10.7s)
  step    340  ep 2/20  train KL=0.2534  (11.3s)
  step    360  ep 2/20  train KL=0.2483  (11.8s)
  step    380  ep 2/20  train KL=0.2433  (12.4s)
== ep 2: train KL=0.2411  (12.8s)
  step    400  ep 3/20  train KL=0.1869  (13.4s)
  step    420  ep 3/20  train KL=0.1893  (14.1s)
  step    440  ep 3/20  train KL=0.1871  (14.7s)
  step    460  ep 3/20  train KL=0.1853  (15.2s)
  step    480  ep 3/20  train KL=0.1833  (15.8s)
  step    500  ep 3/20  train KL=0.1810  (16.4s)
  step    520  ep 3/20  train KL=0.1787  (16.9s)
  step    540  ep 3/20  train KL=0.1769  (17.5s)
  step    560  ep 3/20  train KL=0.1750  (18.0s)
  step    580  ep 3/20  train KL=0.1735  (18.6s)
== ep 3: train KL=0.1731  (18.9s)
  step    600  ep 4/20  train KL=0.1530  (19.8s)
  step    620  ep 4/20  train KL=0.1508  (20.3s)
  step    640  ep 4/20  train KL=0.1496  (20.9s)
  step    660  ep 4/20  train KL=0.1480  (21.4s)
  step    680  ep 4/20  train KL=0.1466  (22.0s)
  step    700  ep 4/20  train KL=0.1452  (22.6s)
  step    720  ep 4/20  train KL=0.1440  (23.1s)
  step    740  ep 4/20  train KL=0.1429  (23.6s)
  step    760  ep 4/20  train KL=0.1422  (24.2s)
  step    780  ep 4/20  train KL=0.1415  (24.7s)
== ep 4: train KL=0.1415  (24.9s)
  step    800  ep 5/20  train KL=0.1272  (26.0s)
  step    820  ep 5/20  train KL=0.1281  (26.5s)
  step    840  ep 5/20  train KL=0.1275  (27.1s)
  step    860  ep 5/20  train KL=0.1265  (27.6s)
  step    880  ep 5/20  train KL=0.1253  (28.2s)
  step    900  ep 5/20  train KL=0.1247  (28.7s)
  step    920  ep 5/20  train KL=0.1239  (29.3s)
  step    940  ep 5/20  train KL=0.1233  (29.9s)
  step    960  ep 5/20  train KL=0.1227  (30.4s)
== ep 5: train KL=0.1223  (31.0s)
  step    980  ep 6/20  train KL=0.1097  (31.5s)
  step   1000  ep 6/20  train KL=0.1112  (32.2s)
  step   1020  ep 6/20  train KL=0.1114  (32.8s)
  step   1040  ep 6/20  train KL=0.1111  (33.4s)
  step   1060  ep 6/20  train KL=0.1106  (34.0s)
  step   1080  ep 6/20  train KL=0.1107  (34.6s)
  step   1100  ep 6/20  train KL=0.1102  (35.2s)
  step   1120  ep 6/20  train KL=0.1100  (35.7s)
  step   1140  ep 6/20  train KL=0.1092  (36.3s)
  step   1160  ep 6/20  train KL=0.1089  (36.9s)
== ep 6: train KL=0.1087  (37.3s)
  step   1180  ep 7/20  train KL=0.1025  (37.9s)
  step   1200  ep 7/20  train KL=0.1024  (38.6s)
  step   1220  ep 7/20  train KL=0.1019  (39.2s)
  step   1240  ep 7/20  train KL=0.1012  (39.7s)
  step   1260  ep 7/20  train KL=0.1002  (40.3s)
  step   1280  ep 7/20  train KL=0.0994  (40.9s)
  step   1300  ep 7/20  train KL=0.0989  (41.4s)
  step   1320  ep 7/20  train KL=0.0986  (42.0s)
  step   1340  ep 7/20  train KL=0.0982  (42.5s)
  step   1360  ep 7/20  train KL=0.0978  (43.1s)
== ep 7: train KL=0.0978  (43.4s)
  step   1380  ep 8/20  train KL=0.0922  (44.3s)
  step   1400  ep 8/20  train KL=0.0913  (44.8s)
  step   1420  ep 8/20  train KL=0.0902  (45.4s)
  step   1440  ep 8/20  train KL=0.0903  (45.9s)
  step   1460  ep 8/20  train KL=0.0898  (46.5s)
  step   1480  ep 8/20  train KL=0.0894  (47.0s)
  step   1500  ep 8/20  train KL=0.0890  (47.6s)
  step   1520  ep 8/20  train KL=0.0887  (48.1s)
  step   1540  ep 8/20  train KL=0.0882  (48.7s)
  step   1560  ep 8/20  train KL=0.0879  (49.2s)
== ep 8: train KL=0.0879  (49.4s)
  step   1580  ep 9/20  train KL=0.0808  (50.4s)
  step   1600  ep 9/20  train KL=0.0804  (50.9s)
  step   1620  ep 9/20  train KL=0.0811  (51.5s)
  step   1640  ep 9/20  train KL=0.0809  (52.0s)
  step   1660  ep 9/20  train KL=0.0804  (52.6s)
  step   1680  ep 9/20  train KL=0.0799  (53.1s)
  step   1700  ep 9/20  train KL=0.0796  (53.7s)
  step   1720  ep 9/20  train KL=0.0793  (54.2s)
  step   1740  ep 9/20  train KL=0.0790  (54.8s)
== ep 9: train KL=0.0789  (55.4s)
  step   1760  ep 10/20  train KL=0.0728  (55.9s)
  step   1780  ep 10/20  train KL=0.0723  (56.5s)
  step   1800  ep 10/20  train KL=0.0721  (57.1s)
  step   1820  ep 10/20  train KL=0.0720  (57.7s)
  step   1840  ep 10/20  train KL=0.0719  (58.2s)
  step   1860  ep 10/20  train KL=0.0717  (58.8s)
  step   1880  ep 10/20  train KL=0.0718  (59.3s)
  step   1900  ep 10/20  train KL=0.0715  (59.9s)
  step   1920  ep 10/20  train KL=0.0712  (60.5s)
  step   1940  ep 10/20  train KL=0.0708  (61.0s)
== ep 10: train KL=0.0706  (61.4s)
  step   1960  ep 11/20  train KL=0.0641  (62.2s)
  step   1980  ep 11/20  train KL=0.0640  (62.8s)
  step   2000  ep 11/20  train KL=0.0638  (63.3s)
  step   2020  ep 11/20  train KL=0.0633  (63.9s)
  step   2040  ep 11/20  train KL=0.0634  (64.4s)
  step   2060  ep 11/20  train KL=0.0632  (65.0s)
  step   2080  ep 11/20  train KL=0.0631  (65.6s)
  step   2100  ep 11/20  train KL=0.0630  (66.1s)
  step   2120  ep 11/20  train KL=0.0629  (66.6s)
  step   2140  ep 11/20  train KL=0.0627  (67.2s)
== ep 11: train KL=0.0627  (67.5s)
  step   2160  ep 12/20  train KL=0.0555  (68.4s)
  step   2180  ep 12/20  train KL=0.0557  (69.0s)
  step   2200  ep 12/20  train KL=0.0560  (69.5s)
  step   2220  ep 12/20  train KL=0.0561  (70.1s)
  step   2240  ep 12/20  train KL=0.0562  (70.6s)
  step   2260  ep 12/20  train KL=0.0562  (71.2s)
  step   2280  ep 12/20  train KL=0.0560  (71.7s)
  step   2300  ep 12/20  train KL=0.0558  (72.3s)
  step   2320  ep 12/20  train KL=0.0557  (72.8s)
  step   2340  ep 12/20  train KL=0.0556  (73.4s)
== ep 12: train KL=0.0556  (73.5s)
  step   2360  ep 13/20  train KL=0.0506  (74.6s)
  step   2380  ep 13/20  train KL=0.0504  (75.1s)
  step   2400  ep 13/20  train KL=0.0503  (75.7s)
  step   2420  ep 13/20  train KL=0.0502  (76.3s)
  step   2440  ep 13/20  train KL=0.0501  (76.9s)
  step   2460  ep 13/20  train KL=0.0500  (77.4s)
  step   2480  ep 13/20  train KL=0.0498  (78.0s)
  step   2500  ep 13/20  train KL=0.0498  (78.6s)
  step   2520  ep 13/20  train KL=0.0497  (79.1s)
== ep 13: train KL=0.0496  (79.7s)
  step   2540  ep 14/20  train KL=0.0456  (80.1s)
  step   2560  ep 14/20  train KL=0.0449  (80.9s)
  step   2580  ep 14/20  train KL=0.0449  (81.4s)
  step   2600  ep 14/20  train KL=0.0449  (82.0s)
  step   2620  ep 14/20  train KL=0.0449  (82.5s)
  step   2640  ep 14/20  train KL=0.0448  (83.1s)
  step   2660  ep 14/20  train KL=0.0449  (83.6s)
  step   2680  ep 14/20  train KL=0.0448  (84.2s)
  step   2700  ep 14/20  train KL=0.0448  (84.8s)
  step   2720  ep 14/20  train KL=0.0447  (85.3s)
== ep 14: train KL=0.0447  (85.8s)
  step   2740  ep 15/20  train KL=0.0411  (86.5s)
  step   2760  ep 15/20  train KL=0.0409  (87.1s)
  step   2780  ep 15/20  train KL=0.0409  (87.7s)
  step   2800  ep 15/20  train KL=0.0410  (88.3s)
  step   2820  ep 15/20  train KL=0.0410  (88.8s)
  step   2840  ep 15/20  train KL=0.0410  (89.4s)
  step   2860  ep 15/20  train KL=0.0410  (90.0s)
  step   2880  ep 15/20  train KL=0.0410  (90.5s)
  step   2900  ep 15/20  train KL=0.0410  (91.1s)
  step   2920  ep 15/20  train KL=0.0410  (91.7s)
== ep 15: train KL=0.0410  (92.0s)
  step   2940  ep 16/20  train KL=0.0383  (92.9s)
  step   2960  ep 16/20  train KL=0.0380  (93.5s)
  step   2980  ep 16/20  train KL=0.0380  (94.0s)
  step   3000  ep 16/20  train KL=0.0380  (94.6s)
  step   3020  ep 16/20  train KL=0.0380  (95.1s)
  step   3040  ep 16/20  train KL=0.0381  (95.7s)
  step   3060  ep 16/20  train KL=0.0381  (96.3s)
  step   3080  ep 16/20  train KL=0.0381  (96.8s)
  step   3100  ep 16/20  train KL=0.0382  (97.4s)
  step   3120  ep 16/20  train KL=0.0382  (98.0s)
== ep 16: train KL=0.0382  (98.1s)
  step   3140  ep 17/20  train KL=0.0361  (99.2s)
  step   3160  ep 17/20  train KL=0.0361  (99.7s)
  step   3180  ep 17/20  train KL=0.0362  (100.3s)
  step   3200  ep 17/20  train KL=0.0363  (100.9s)
  step   3220  ep 17/20  train KL=0.0363  (101.5s)
  step   3240  ep 17/20  train KL=0.0362  (102.0s)
  step   3260  ep 17/20  train KL=0.0362  (102.6s)
  step   3280  ep 17/20  train KL=0.0362  (103.2s)
  step   3300  ep 17/20  train KL=0.0363  (103.8s)
== ep 17: train KL=0.0362  (104.3s)
  step   3320  ep 18/20  train KL=0.0348  (104.8s)
  step   3340  ep 18/20  train KL=0.0350  (105.6s)
  step   3360  ep 18/20  train KL=0.0348  (106.1s)
  step   3380  ep 18/20  train KL=0.0349  (106.7s)
  step   3400  ep 18/20  train KL=0.0348  (107.2s)
  step   3420  ep 18/20  train KL=0.0348  (107.8s)
  step   3440  ep 18/20  train KL=0.0349  (108.3s)
  step   3460  ep 18/20  train KL=0.0349  (108.9s)
  step   3480  ep 18/20  train KL=0.0349  (109.5s)
  step   3500  ep 18/20  train KL=0.0349  (110.0s)
== ep 18: train KL=0.0349  (110.5s)
  step   3520  ep 19/20  train KL=0.0338  (111.2s)
  step   3540  ep 19/20  train KL=0.0339  (111.8s)
  step   3560  ep 19/20  train KL=0.0339  (112.4s)
  step   3580  ep 19/20  train KL=0.0340  (112.9s)
  step   3600  ep 19/20  train KL=0.0340  (113.5s)
  step   3620  ep 19/20  train KL=0.0340  (114.1s)
  step   3640  ep 19/20  train KL=0.0341  (114.6s)
  step   3660  ep 19/20  train KL=0.0341  (115.2s)
  step   3680  ep 19/20  train KL=0.0341  (115.8s)
  step   3700  ep 19/20  train KL=0.0341  (116.3s)
== ep 19: train KL=0.0341  (116.6s)
  step   3720  ep 20/20  train KL=0.0336  (117.6s)
  step   3740  ep 20/20  train KL=0.0335  (118.1s)
  step   3760  ep 20/20  train KL=0.0336  (118.7s)
  step   3780  ep 20/20  train KL=0.0336  (119.2s)
  step   3800  ep 20/20  train KL=0.0336  (119.8s)
  step   3820  ep 20/20  train KL=0.0336  (120.4s)
  step   3840  ep 20/20  train KL=0.0335  (120.9s)
  step   3860  ep 20/20  train KL=0.0336  (121.5s)
  step   3880  ep 20/20  train KL=0.0336  (122.0s)
  step   3900  ep 20/20  train KL=0.0336  (122.6s)
== ep 20: train KL=0.0336  (122.8s)

Done. Total time: 122.8s
