Materializing 100000 rows from parquet...
  inputs:  (100000, 384) float32
  logits:  (100000, 32768) float16
  load time: 14.3s

Using all 100000 samples for training (capacity test).

Model: StackedLutUnembedder — 272.14M params
  LN(384)
  block 0: TinyMultiHeadLut(384→384, n_heads=1, tph=660, nap=10) + residual
  final: Linear(384, 32768, bias=True)
  init_std=0.1

Training: epochs=20 batch_size=512 lr=0.001 schedule=constant warmup=0

  step     20  ep 1/20  train KL=2.0750  (1.3s)
  step     40  ep 1/20  train KL=1.4125  (1.9s)
  step     60  ep 1/20  train KL=1.1197  (2.5s)
  step     80  ep 1/20  train KL=0.9482  (3.0s)
  step    100  ep 1/20  train KL=0.8340  (3.6s)
  step    120  ep 1/20  train KL=0.7511  (4.1s)
  step    140  ep 1/20  train KL=0.6875  (4.7s)
  step    160  ep 1/20  train KL=0.6367  (5.2s)
  step    180  ep 1/20  train KL=0.5947  (5.8s)
== ep 1: train KL=0.5676  (6.4s)
  step    200  ep 2/20  train KL=0.2612  (6.9s)
  step    220  ep 2/20  train KL=0.2557  (7.6s)
  step    240  ep 2/20  train KL=0.2458  (8.2s)
  step    260  ep 2/20  train KL=0.2371  (8.7s)
  step    280  ep 2/20  train KL=0.2278  (9.2s)
  step    300  ep 2/20  train KL=0.2199  (9.8s)
  step    320  ep 2/20  train KL=0.2135  (10.3s)
  step    340  ep 2/20  train KL=0.2077  (10.9s)
  step    360  ep 2/20  train KL=0.2023  (11.5s)
  step    380  ep 2/20  train KL=0.1971  (12.0s)
== ep 2: train KL=0.1947  (12.5s)
  step    400  ep 3/20  train KL=0.1483  (13.3s)
  step    420  ep 3/20  train KL=0.1538  (13.9s)
  step    440  ep 3/20  train KL=0.1527  (14.4s)
  step    460  ep 3/20  train KL=0.1503  (14.9s)
  step    480  ep 3/20  train KL=0.1490  (15.5s)
  step    500  ep 3/20  train KL=0.1474  (16.0s)
  step    520  ep 3/20  train KL=0.1448  (16.6s)
  step    540  ep 3/20  train KL=0.1434  (17.1s)
  step    560  ep 3/20  train KL=0.1416  (17.7s)
  step    580  ep 3/20  train KL=0.1406  (18.2s)
== ep 3: train KL=0.1402  (18.6s)
  step    600  ep 4/20  train KL=0.1175  (19.4s)
  step    620  ep 4/20  train KL=0.1145  (20.1s)
  step    640  ep 4/20  train KL=0.1129  (20.6s)
  step    660  ep 4/20  train KL=0.1112  (21.2s)
  step    680  ep 4/20  train KL=0.1102  (21.7s)
  step    700  ep 4/20  train KL=0.1087  (22.3s)
  step    720  ep 4/20  train KL=0.1076  (22.9s)
  step    740  ep 4/20  train KL=0.1064  (23.4s)
  step    760  ep 4/20  train KL=0.1057  (24.0s)
  step    780  ep 4/20  train KL=0.1050  (24.5s)
== ep 4: train KL=0.1050  (24.7s)
  step    800  ep 5/20  train KL=0.0966  (25.8s)
  step    820  ep 5/20  train KL=0.0966  (26.3s)
  step    840  ep 5/20  train KL=0.0962  (26.9s)
  step    860  ep 5/20  train KL=0.0951  (27.5s)
  step    880  ep 5/20  train KL=0.0939  (28.0s)
  step    900  ep 5/20  train KL=0.0935  (28.6s)
  step    920  ep 5/20  train KL=0.0931  (29.2s)
  step    940  ep 5/20  train KL=0.0924  (29.7s)
  step    960  ep 5/20  train KL=0.0920  (30.3s)
== ep 5: train KL=0.0918  (30.9s)
  step    980  ep 6/20  train KL=0.0821  (31.4s)
  step   1000  ep 6/20  train KL=0.0885  (32.1s)
  step   1020  ep 6/20  train KL=0.0905  (32.7s)
  step   1040  ep 6/20  train KL=0.0897  (33.2s)
  step   1060  ep 6/20  train KL=0.0889  (33.8s)
  step   1080  ep 6/20  train KL=0.0885  (34.3s)
  step   1100  ep 6/20  train KL=0.0877  (34.9s)
  step   1120  ep 6/20  train KL=0.0873  (35.4s)
  step   1140  ep 6/20  train KL=0.0864  (36.0s)
  step   1160  ep 6/20  train KL=0.0860  (36.6s)
== ep 6: train KL=0.0859  (37.0s)
  step   1180  ep 7/20  train KL=0.0883  (37.8s)
  step   1200  ep 7/20  train KL=0.0892  (38.4s)
  step   1220  ep 7/20  train KL=0.0886  (39.0s)
  step   1240  ep 7/20  train KL=0.0875  (39.5s)
  step   1260  ep 7/20  train KL=0.0865  (40.1s)
  step   1280  ep 7/20  train KL=0.0862  (40.6s)
  step   1300  ep 7/20  train KL=0.0857  (41.2s)
  step   1320  ep 7/20  train KL=0.0854  (41.8s)
  step   1340  ep 7/20  train KL=0.0848  (42.3s)
  step   1360  ep 7/20  train KL=0.0846  (42.9s)
== ep 7: train KL=0.0845  (43.2s)
  step   1380  ep 8/20  train KL=0.0875  (44.2s)
  step   1400  ep 8/20  train KL=0.0871  (44.7s)
  step   1420  ep 8/20  train KL=0.0869  (45.3s)
  step   1440  ep 8/20  train KL=0.0860  (45.9s)
  step   1460  ep 8/20  train KL=0.0856  (46.4s)
  step   1480  ep 8/20  train KL=0.0846  (47.0s)
  step   1500  ep 8/20  train KL=0.0842  (47.5s)
  step   1520  ep 8/20  train KL=0.0834  (48.1s)
  step   1540  ep 8/20  train KL=0.0828  (48.6s)
  step   1560  ep 8/20  train KL=0.0823  (49.2s)
== ep 8: train KL=0.0823  (49.4s)
  step   1580  ep 9/20  train KL=0.0860  (50.4s)
  step   1600  ep 9/20  train KL=0.0848  (51.0s)
  step   1620  ep 9/20  train KL=0.0846  (51.6s)
  step   1640  ep 9/20  train KL=0.0837  (52.1s)
  step   1660  ep 9/20  train KL=0.0828  (52.7s)
  step   1680  ep 9/20  train KL=0.0820  (53.2s)
  step   1700  ep 9/20  train KL=0.0816  (53.8s)
  step   1720  ep 9/20  train KL=0.0809  (54.4s)
  step   1740  ep 9/20  train KL=0.0806  (54.9s)
== ep 9: train KL=0.0802  (55.5s)
  step   1760  ep 10/20  train KL=0.0849  (56.1s)
  step   1780  ep 10/20  train KL=0.0839  (56.8s)
  step   1800  ep 10/20  train KL=0.0850  (57.4s)
  step   1820  ep 10/20  train KL=0.0837  (57.9s)
  step   1840  ep 10/20  train KL=0.0832  (58.5s)
  step   1860  ep 10/20  train KL=0.0827  (59.1s)
  step   1880  ep 10/20  train KL=0.0823  (59.6s)
  step   1900  ep 10/20  train KL=0.0816  (60.2s)
  step   1920  ep 10/20  train KL=0.0806  (60.7s)
  step   1940  ep 10/20  train KL=0.0798  (61.3s)
== ep 10: train KL=0.0793  (61.8s)
  step   1960  ep 11/20  train KL=0.0797  (62.6s)
  step   1980  ep 11/20  train KL=0.0816  (63.1s)
  step   2000  ep 11/20  train KL=0.0819  (63.7s)
  step   2020  ep 11/20  train KL=0.0814  (64.3s)
  step   2040  ep 11/20  train KL=0.0809  (64.8s)
  step   2060  ep 11/20  train KL=0.0802  (65.4s)
  step   2080  ep 11/20  train KL=0.0793  (66.0s)
  step   2100  ep 11/20  train KL=0.0787  (66.5s)
  step   2120  ep 11/20  train KL=0.0783  (67.1s)
  step   2140  ep 11/20  train KL=0.0778  (67.7s)
== ep 11: train KL=0.0777  (68.0s)
  step   2160  ep 12/20  train KL=0.0796  (68.9s)
  step   2180  ep 12/20  train KL=0.0801  (69.5s)
  step   2200  ep 12/20  train KL=0.0810  (70.1s)
  step   2220  ep 12/20  train KL=0.0807  (70.7s)
  step   2240  ep 12/20  train KL=0.0807  (71.3s)
  step   2260  ep 12/20  train KL=0.0802  (71.8s)
  step   2280  ep 12/20  train KL=0.0794  (72.4s)
  step   2300  ep 12/20  train KL=0.0789  (73.0s)
  step   2320  ep 12/20  train KL=0.0780  (73.5s)
  step   2340  ep 12/20  train KL=0.0774  (74.1s)
== ep 12: train KL=0.0774  (74.3s)
  step   2360  ep 13/20  train KL=0.0773  (75.3s)
  step   2380  ep 13/20  train KL=0.0789  (75.9s)
  step   2400  ep 13/20  train KL=0.0799  (76.4s)
  step   2420  ep 13/20  train KL=0.0795  (77.0s)
  step   2440  ep 13/20  train KL=0.0790  (77.6s)
  step   2460  ep 13/20  train KL=0.0783  (78.1s)
  step   2480  ep 13/20  train KL=0.0777  (78.7s)
  step   2500  ep 13/20  train KL=0.0771  (79.3s)
  step   2520  ep 13/20  train KL=0.0765  (79.9s)
== ep 13: train KL=0.0762  (80.5s)
  step   2540  ep 14/20  train KL=0.0767  (81.1s)
  step   2560  ep 14/20  train KL=0.0799  (81.8s)
  step   2580  ep 14/20  train KL=0.0805  (82.3s)
  step   2600  ep 14/20  train KL=0.0818  (82.9s)
  step   2620  ep 14/20  train KL=0.0811  (83.5s)
  step   2640  ep 14/20  train KL=0.0806  (84.1s)
  step   2660  ep 14/20  train KL=0.0800  (84.6s)
  step   2680  ep 14/20  train KL=0.0790  (85.2s)
  step   2700  ep 14/20  train KL=0.0781  (85.7s)
  step   2720  ep 14/20  train KL=0.0775  (86.3s)
== ep 14: train KL=0.0772  (86.8s)
  step   2740  ep 15/20  train KL=0.0773  (87.6s)
  step   2760  ep 15/20  train KL=0.0789  (88.1s)
  step   2780  ep 15/20  train KL=0.0795  (88.7s)
  step   2800  ep 15/20  train KL=0.0794  (89.3s)
  step   2820  ep 15/20  train KL=0.0794  (89.8s)
  step   2840  ep 15/20  train KL=0.0781  (90.4s)
  step   2860  ep 15/20  train KL=0.0771  (91.0s)
  step   2880  ep 15/20  train KL=0.0764  (91.5s)
  step   2900  ep 15/20  train KL=0.0760  (92.1s)
  step   2920  ep 15/20  train KL=0.0751  (92.7s)
== ep 15: train KL=0.0750  (93.0s)
  step   2940  ep 16/20  train KL=0.0781  (93.9s)
  step   2960  ep 16/20  train KL=0.0797  (94.5s)
  step   2980  ep 16/20  train KL=0.0791  (95.1s)
  step   3000  ep 16/20  train KL=0.0789  (95.6s)
  step   3020  ep 16/20  train KL=0.0781  (96.2s)
  step   3040  ep 16/20  train KL=0.0777  (96.8s)
  step   3060  ep 16/20  train KL=0.0771  (97.3s)
  step   3080  ep 16/20  train KL=0.0765  (97.9s)
  step   3100  ep 16/20  train KL=0.0755  (98.5s)
  step   3120  ep 16/20  train KL=0.0750  (99.0s)
== ep 16: train KL=0.0750  (99.2s)
  step   3140  ep 17/20  train KL=0.0814  (100.3s)
  step   3160  ep 17/20  train KL=0.0838  (100.8s)
  step   3180  ep 17/20  train KL=0.0826  (101.4s)
  step   3200  ep 17/20  train KL=0.0808  (102.0s)
  step   3220  ep 17/20  train KL=0.0795  (102.5s)
  step   3240  ep 17/20  train KL=0.0782  (103.1s)
  step   3260  ep 17/20  train KL=0.0771  (103.7s)
  step   3280  ep 17/20  train KL=0.0764  (104.2s)
  step   3300  ep 17/20  train KL=0.0757  (104.8s)
