Materializing 100000 rows from parquet...
  inputs:  (100000, 384) float32
  logits:  (100000, 32768) float16
  load time: 14.3s

Using all 100000 samples for training (capacity test).

Model: StackedLutUnembedder — 73.43M params
  LN(384)
  block 0: TinyMultiHeadLut(384→384, n_heads=1, tph=4096, nap=10) + residual
  final: Linear(384, 32768, bias=True)
  init_std=0.1

Training: epochs=20 batch_size=512 lr=0.001 schedule=cosine warmup=0

  step     20  ep 1/20  train KL=2.7497  (1.4s)
  step     40  ep 1/20  train KL=1.8887  (2.0s)
  step     60  ep 1/20  train KL=1.4869  (2.6s)
  step     80  ep 1/20  train KL=1.2489  (3.1s)
  step    100  ep 1/20  train KL=1.0904  (3.7s)
  step    120  ep 1/20  train KL=0.9739  (4.3s)
  step    140  ep 1/20  train KL=0.8846  (4.9s)
  step    160  ep 1/20  train KL=0.8135  (5.4s)
  step    180  ep 1/20  train KL=0.7556  (6.0s)
== ep 1: train KL=0.7184  (6.6s)
  step    200  ep 2/20  train KL=0.2210  (7.1s)
  step    220  ep 2/20  train KL=0.2119  (7.9s)
  step    240  ep 2/20  train KL=0.2058  (8.4s)
  step    260  ep 2/20  train KL=0.2006  (9.0s)
  step    280  ep 2/20  train KL=0.1961  (9.6s)
  step    300  ep 2/20  train KL=0.1920  (10.1s)
  step    320  ep 2/20  train KL=0.1881  (10.7s)
  step    340  ep 2/20  train KL=0.1842  (11.2s)
  step    360  ep 2/20  train KL=0.1808  (11.8s)
  step    380  ep 2/20  train KL=0.1776  (12.4s)
== ep 2: train KL=0.1761  (12.9s)
  step    400  ep 3/20  train KL=0.1247  (13.7s)
  step    420  ep 3/20  train KL=0.1238  (14.3s)
  step    440  ep 3/20  train KL=0.1219  (14.9s)
  step    460  ep 3/20  train KL=0.1201  (15.5s)
  step    480  ep 3/20  train KL=0.1184  (16.0s)
  step    500  ep 3/20  train KL=0.1171  (16.6s)
  step    520  ep 3/20  train KL=0.1156  (17.2s)
  step    540  ep 3/20  train KL=0.1145  (17.8s)
  step    560  ep 3/20  train KL=0.1135  (18.4s)
  step    580  ep 3/20  train KL=0.1126  (19.0s)
== ep 3: train KL=0.1123  (19.3s)
  step    600  ep 4/20  train KL=0.0931  (20.1s)
  step    620  ep 4/20  train KL=0.0920  (20.9s)
  step    640  ep 4/20  train KL=0.0910  (21.5s)
  step    660  ep 4/20  train KL=0.0901  (22.1s)
  step    680  ep 4/20  train KL=0.0896  (22.7s)
  step    700  ep 4/20  train KL=0.0891  (23.2s)
  step    720  ep 4/20  train KL=0.0885  (23.8s)
  step    740  ep 4/20  train KL=0.0877  (24.4s)
  step    760  ep 4/20  train KL=0.0871  (25.0s)
  step    780  ep 4/20  train KL=0.0864  (25.6s)
== ep 4: train KL=0.0864  (25.8s)
  step    800  ep 5/20  train KL=0.0751  (26.9s)
  step    820  ep 5/20  train KL=0.0746  (27.5s)
  step    840  ep 5/20  train KL=0.0746  (28.1s)
  step    860  ep 5/20  train KL=0.0740  (28.7s)
  step    880  ep 5/20  train KL=0.0734  (29.3s)
  step    900  ep 5/20  train KL=0.0730  (29.9s)
  step    920  ep 5/20  train KL=0.0726  (30.4s)
  step    940  ep 5/20  train KL=0.0723  (31.0s)
  step    960  ep 5/20  train KL=0.0719  (31.6s)
== ep 5: train KL=0.0716  (32.2s)
  step    980  ep 6/20  train KL=0.0642  (32.8s)
  step   1000  ep 6/20  train KL=0.0640  (33.5s)
  step   1020  ep 6/20  train KL=0.0638  (34.1s)
  step   1040  ep 6/20  train KL=0.0637  (34.7s)
  step   1060  ep 6/20  train KL=0.0636  (35.2s)
  step   1080  ep 6/20  train KL=0.0633  (35.8s)
  step   1100  ep 6/20  train KL=0.0632  (36.4s)
  step   1120  ep 6/20  train KL=0.0632  (37.0s)
  step   1140  ep 6/20  train KL=0.0629  (37.6s)
  step   1160  ep 6/20  train KL=0.0626  (38.1s)
== ep 6: train KL=0.0624  (38.6s)
  step   1180  ep 7/20  train KL=0.0569  (39.4s)
  step   1200  ep 7/20  train KL=0.0557  (40.0s)
  step   1220  ep 7/20  train KL=0.0556  (40.6s)
  step   1240  ep 7/20  train KL=0.0554  (41.1s)
  step   1260  ep 7/20  train KL=0.0555  (41.7s)
  step   1280  ep 7/20  train KL=0.0554  (42.3s)
  step   1300  ep 7/20  train KL=0.0552  (42.9s)
  step   1320  ep 7/20  train KL=0.0551  (43.5s)
  step   1340  ep 7/20  train KL=0.0549  (44.0s)
  step   1360  ep 7/20  train KL=0.0546  (44.6s)
== ep 7: train KL=0.0546  (45.0s)
  step   1380  ep 8/20  train KL=0.0491  (45.9s)
  step   1400  ep 8/20  train KL=0.0492  (46.5s)
  step   1420  ep 8/20  train KL=0.0490  (47.1s)
  step   1440  ep 8/20  train KL=0.0487  (47.7s)
  step   1460  ep 8/20  train KL=0.0487  (48.3s)
  step   1480  ep 8/20  train KL=0.0487  (48.8s)
  step   1500  ep 8/20  train KL=0.0485  (49.4s)
  step   1520  ep 8/20  train KL=0.0484  (50.0s)
  step   1540  ep 8/20  train KL=0.0482  (50.5s)
  step   1560  ep 8/20  train KL=0.0481  (51.1s)
== ep 8: train KL=0.0481  (51.3s)
  step   1580  ep 9/20  train KL=0.0442  (52.4s)
  step   1600  ep 9/20  train KL=0.0437  (53.0s)
  step   1620  ep 9/20  train KL=0.0436  (53.6s)
  step   1640  ep 9/20  train KL=0.0433  (54.1s)
  step   1660  ep 9/20  train KL=0.0431  (54.7s)
  step   1680  ep 9/20  train KL=0.0430  (55.3s)
  step   1700  ep 9/20  train KL=0.0429  (55.9s)
  step   1720  ep 9/20  train KL=0.0428  (56.5s)
  step   1740  ep 9/20  train KL=0.0427  (57.1s)
== ep 9: train KL=0.0426  (57.7s)
  step   1760  ep 10/20  train KL=0.0391  (58.3s)
  step   1780  ep 10/20  train KL=0.0385  (59.0s)
  step   1800  ep 10/20  train KL=0.0385  (59.6s)
  step   1820  ep 10/20  train KL=0.0383  (60.2s)
  step   1840  ep 10/20  train KL=0.0382  (60.7s)
  step   1860  ep 10/20  train KL=0.0382  (61.3s)
  step   1880  ep 10/20  train KL=0.0381  (61.9s)
  step   1900  ep 10/20  train KL=0.0380  (62.5s)
  step   1920  ep 10/20  train KL=0.0379  (63.0s)
  step   1940  ep 10/20  train KL=0.0379  (63.6s)
== ep 10: train KL=0.0378  (64.1s)
  step   1960  ep 11/20  train KL=0.0345  (64.9s)
  step   1980  ep 11/20  train KL=0.0347  (65.5s)
  step   2000  ep 11/20  train KL=0.0348  (66.0s)
  step   2020  ep 11/20  train KL=0.0344  (66.6s)
  step   2040  ep 11/20  train KL=0.0343  (67.2s)
  step   2060  ep 11/20  train KL=0.0342  (67.8s)
  step   2080  ep 11/20  train KL=0.0342  (68.4s)
  step   2100  ep 11/20  train KL=0.0341  (69.0s)
  step   2120  ep 11/20  train KL=0.0340  (69.6s)
  step   2140  ep 11/20  train KL=0.0340  (70.2s)
== ep 11: train KL=0.0340  (70.5s)
  step   2160  ep 12/20  train KL=0.0315  (71.5s)
  step   2180  ep 12/20  train KL=0.0311  (72.1s)
  step   2200  ep 12/20  train KL=0.0312  (72.7s)
  step   2220  ep 12/20  train KL=0.0310  (73.3s)
  step   2240  ep 12/20  train KL=0.0311  (73.8s)
  step   2260  ep 12/20  train KL=0.0311  (74.4s)
  step   2280  ep 12/20  train KL=0.0311  (75.0s)
  step   2300  ep 12/20  train KL=0.0310  (75.6s)
  step   2320  ep 12/20  train KL=0.0309  (76.1s)
  step   2340  ep 12/20  train KL=0.0309  (76.7s)
== ep 12: train KL=0.0309  (76.9s)
  step   2360  ep 13/20  train KL=0.0289  (78.0s)
  step   2380  ep 13/20  train KL=0.0288  (78.6s)
  step   2400  ep 13/20  train KL=0.0288  (79.2s)
  step   2420  ep 13/20  train KL=0.0287  (79.8s)
  step   2440  ep 13/20  train KL=0.0287  (80.3s)
  step   2460  ep 13/20  train KL=0.0287  (80.9s)
  step   2480  ep 13/20  train KL=0.0287  (81.5s)
  step   2500  ep 13/20  train KL=0.0286  (82.1s)
  step   2520  ep 13/20  train KL=0.0286  (82.7s)
== ep 13: train KL=0.0286  (83.3s)
  step   2540  ep 14/20  train KL=0.0273  (83.8s)
  step   2560  ep 14/20  train KL=0.0270  (84.6s)
  step   2580  ep 14/20  train KL=0.0270  (85.1s)
  step   2600  ep 14/20  train KL=0.0270  (85.7s)
  step   2620  ep 14/20  train KL=0.0270  (86.3s)
  step   2640  ep 14/20  train KL=0.0270  (86.9s)
  step   2660  ep 14/20  train KL=0.0270  (87.5s)
  step   2680  ep 14/20  train KL=0.0270  (88.0s)
  step   2700  ep 14/20  train KL=0.0270  (88.6s)
  step   2720  ep 14/20  train KL=0.0270  (89.2s)
== ep 14: train KL=0.0270  (89.6s)
  step   2740  ep 15/20  train KL=0.0260  (90.4s)
  step   2760  ep 15/20  train KL=0.0259  (91.0s)
  step   2780  ep 15/20  train KL=0.0260  (91.6s)
  step   2800  ep 15/20  train KL=0.0260  (92.2s)
  step   2820  ep 15/20  train KL=0.0260  (92.7s)
  step   2840  ep 15/20  train KL=0.0260  (93.3s)
  step   2860  ep 15/20  train KL=0.0259  (93.9s)
  step   2880  ep 15/20  train KL=0.0259  (94.4s)
  step   2900  ep 15/20  train KL=0.0259  (95.0s)
  step   2920  ep 15/20  train KL=0.0259  (95.6s)
== ep 15: train KL=0.0259  (95.9s)
  step   2940  ep 16/20  train KL=0.0254  (96.9s)
  step   2960  ep 16/20  train KL=0.0252  (97.5s)
  step   2980  ep 16/20  train KL=0.0252  (98.0s)
  step   3000  ep 16/20  train KL=0.0252  (98.6s)
  step   3020  ep 16/20  train KL=0.0252  (99.2s)
  step   3040  ep 16/20  train KL=0.0252  (99.8s)
  step   3060  ep 16/20  train KL=0.0252  (100.3s)
  step   3080  ep 16/20  train KL=0.0252  (100.9s)
  step   3100  ep 16/20  train KL=0.0252  (101.5s)
  step   3120  ep 16/20  train KL=0.0252  (102.0s)
== ep 16: train KL=0.0252  (102.2s)
  step   3140  ep 17/20  train KL=0.0247  (103.3s)
  step   3160  ep 17/20  train KL=0.0246  (103.9s)
  step   3180  ep 17/20  train KL=0.0246  (104.5s)
  step   3200  ep 17/20  train KL=0.0246  (105.0s)
  step   3220  ep 17/20  train KL=0.0247  (105.6s)
  step   3240  ep 17/20  train KL=0.0247  (106.2s)
  step   3260  ep 17/20  train KL=0.0247  (106.8s)
  step   3280  ep 17/20  train KL=0.0247  (107.4s)
  step   3300  ep 17/20  train KL=0.0247  (108.0s)
== ep 17: train KL=0.0247  (108.7s)
  step   3320  ep 18/20  train KL=0.0242  (109.2s)
  step   3340  ep 18/20  train KL=0.0243  (110.0s)
  step   3360  ep 18/20  train KL=0.0244  (110.6s)
  step   3380  ep 18/20  train KL=0.0243  (111.2s)
  step   3400  ep 18/20  train KL=0.0244  (111.8s)
  step   3420  ep 18/20  train KL=0.0244  (112.4s)
  step   3440  ep 18/20  train KL=0.0244  (113.0s)
  step   3460  ep 18/20  train KL=0.0244  (113.6s)
  step   3480  ep 18/20  train KL=0.0244  (114.2s)
  step   3500  ep 18/20  train KL=0.0244  (114.7s)
== ep 18: train KL=0.0244  (115.2s)
  step   3520  ep 19/20  train KL=0.0239  (116.0s)
  step   3540  ep 19/20  train KL=0.0240  (116.6s)
  step   3560  ep 19/20  train KL=0.0241  (117.2s)
  step   3580  ep 19/20  train KL=0.0241  (117.7s)
  step   3600  ep 19/20  train KL=0.0241  (118.3s)
  step   3620  ep 19/20  train KL=0.0241  (118.9s)
  step   3640  ep 19/20  train KL=0.0242  (119.5s)
  step   3660  ep 19/20  train KL=0.0242  (120.1s)
  step   3680  ep 19/20  train KL=0.0242  (120.6s)
  step   3700  ep 19/20  train KL=0.0242  (121.2s)
== ep 19: train KL=0.0242  (121.6s)
  step   3720  ep 20/20  train KL=0.0241  (122.6s)
  step   3740  ep 20/20  train KL=0.0241  (123.2s)
  step   3760  ep 20/20  train KL=0.0242  (123.8s)
  step   3780  ep 20/20  train KL=0.0242  (124.3s)
  step   3800  ep 20/20  train KL=0.0241  (124.9s)
  step   3820  ep 20/20  train KL=0.0241  (125.5s)
  step   3840  ep 20/20  train KL=0.0241  (126.1s)
  step   3860  ep 20/20  train KL=0.0241  (126.7s)
  step   3880  ep 20/20  train KL=0.0241  (127.3s)
  step   3900  ep 20/20  train KL=0.0241  (127.8s)
== ep 20: train KL=0.0241  (128.1s)

Done. Total time: 128.1s
