Materializing 100000 rows from parquet...
  inputs:  (100000, 384) float32
  logits:  (100000, 32768) float16
  load time: 14.2s

Using all 100000 samples for training (capacity test).

Model: StackedLutUnembedder — 272.14M params
  LN(384)
  block 0: TinyMultiHeadLut(384→384, n_heads=1, tph=660, nap=10) + residual
  final: Linear(384, 32768, bias=True)
  init_std=0.1

Training: epochs=40 batch_size=512 lr=0.001 schedule=cosine warmup=0

  step     20  ep 1/40  train KL=2.0750  (1.3s)
  step     40  ep 1/40  train KL=1.4125  (1.9s)
  step     60  ep 1/40  train KL=1.1197  (2.4s)
  step     80  ep 1/40  train KL=0.9482  (3.0s)
  step    100  ep 1/40  train KL=0.8340  (3.6s)
  step    120  ep 1/40  train KL=0.7511  (4.1s)
  step    140  ep 1/40  train KL=0.6875  (4.7s)
  step    160  ep 1/40  train KL=0.6367  (5.2s)
  step    180  ep 1/40  train KL=0.5947  (5.8s)
== ep 1: train KL=0.5676  (6.3s)
  step    200  ep 2/40  train KL=0.2611  (6.8s)
  step    220  ep 2/40  train KL=0.2555  (7.6s)
  step    240  ep 2/40  train KL=0.2457  (8.1s)
  step    260  ep 2/40  train KL=0.2370  (8.7s)
  step    280  ep 2/40  train KL=0.2277  (9.2s)
  step    300  ep 2/40  train KL=0.2199  (9.8s)
  step    320  ep 2/40  train KL=0.2135  (10.3s)
  step    340  ep 2/40  train KL=0.2076  (10.9s)
  step    360  ep 2/40  train KL=0.2022  (11.5s)
  step    380  ep 2/40  train KL=0.1971  (12.0s)
== ep 2: train KL=0.1947  (12.5s)
  step    400  ep 3/40  train KL=0.1480  (13.3s)
  step    420  ep 3/40  train KL=0.1536  (13.8s)
  step    440  ep 3/40  train KL=0.1526  (14.4s)
  step    460  ep 3/40  train KL=0.1502  (14.9s)
  step    480  ep 3/40  train KL=0.1489  (15.5s)
  step    500  ep 3/40  train KL=0.1472  (16.0s)
  step    520  ep 3/40  train KL=0.1447  (16.6s)
  step    540  ep 3/40  train KL=0.1432  (17.1s)
  step    560  ep 3/40  train KL=0.1413  (17.7s)
  step    580  ep 3/40  train KL=0.1403  (18.2s)
== ep 3: train KL=0.1399  (18.6s)
  step    600  ep 4/40  train KL=0.1162  (19.4s)
  step    620  ep 4/40  train KL=0.1136  (20.1s)
  step    640  ep 4/40  train KL=0.1116  (20.6s)
  step    660  ep 4/40  train KL=0.1098  (21.2s)
  step    680  ep 4/40  train KL=0.1090  (21.7s)
  step    700  ep 4/40  train KL=0.1075  (22.3s)
  step    720  ep 4/40  train KL=0.1065  (22.8s)
  step    740  ep 4/40  train KL=0.1053  (23.4s)
  step    760  ep 4/40  train KL=0.1047  (23.9s)
  step    780  ep 4/40  train KL=0.1040  (24.5s)
== ep 4: train KL=0.1040  (24.7s)
  step    800  ep 5/40  train KL=0.0941  (25.7s)
  step    820  ep 5/40  train KL=0.0936  (26.3s)
  step    840  ep 5/40  train KL=0.0936  (26.8s)
  step    860  ep 5/40  train KL=0.0929  (27.4s)
  step    880  ep 5/40  train KL=0.0917  (28.0s)
  step    900  ep 5/40  train KL=0.0912  (28.5s)
  step    920  ep 5/40  train KL=0.0907  (29.1s)
  step    940  ep 5/40  train KL=0.0900  (29.6s)
  step    960  ep 5/40  train KL=0.0896  (30.2s)
== ep 5: train KL=0.0893  (30.8s)
  step    980  ep 6/40  train KL=0.0787  (31.3s)
  step   1000  ep 6/40  train KL=0.0848  (32.0s)
  step   1020  ep 6/40  train KL=0.0870  (32.5s)
  step   1040  ep 6/40  train KL=0.0859  (33.1s)
  step   1060  ep 6/40  train KL=0.0853  (33.6s)
  step   1080  ep 6/40  train KL=0.0849  (34.2s)
  step   1100  ep 6/40  train KL=0.0840  (34.8s)
  step   1120  ep 6/40  train KL=0.0836  (35.3s)
  step   1140  ep 6/40  train KL=0.0828  (35.9s)
  step   1160  ep 6/40  train KL=0.0823  (36.4s)
== ep 6: train KL=0.0822  (36.9s)
  step   1180  ep 7/40  train KL=0.0799  (37.6s)
  step   1200  ep 7/40  train KL=0.0816  (38.2s)
  step   1220  ep 7/40  train KL=0.0814  (38.7s)
  step   1240  ep 7/40  train KL=0.0808  (39.3s)
  step   1260  ep 7/40  train KL=0.0801  (39.8s)
  step   1280  ep 7/40  train KL=0.0799  (40.4s)
  step   1300  ep 7/40  train KL=0.0795  (41.0s)
  step   1320  ep 7/40  train KL=0.0792  (41.5s)
  step   1340  ep 7/40  train KL=0.0788  (42.1s)
  step   1360  ep 7/40  train KL=0.0786  (42.6s)
== ep 7: train KL=0.0786  (43.0s)
  step   1380  ep 8/40  train KL=0.0799  (43.9s)
  step   1400  ep 8/40  train KL=0.0791  (44.5s)
  step   1420  ep 8/40  train KL=0.0786  (45.0s)
  step   1440  ep 8/40  train KL=0.0779  (45.6s)
  step   1460  ep 8/40  train KL=0.0775  (46.1s)
  step   1480  ep 8/40  train KL=0.0766  (46.7s)
  step   1500  ep 8/40  train KL=0.0762  (47.2s)
  step   1520  ep 8/40  train KL=0.0755  (47.8s)
  step   1540  ep 8/40  train KL=0.0750  (48.3s)
  step   1560  ep 8/40  train KL=0.0747  (48.9s)
== ep 8: train KL=0.0747  (49.1s)
  step   1580  ep 9/40  train KL=0.0760  (50.2s)
  step   1600  ep 9/40  train KL=0.0749  (50.7s)
  step   1620  ep 9/40  train KL=0.0740  (51.3s)
  step   1640  ep 9/40  train KL=0.0729  (51.8s)
  step   1660  ep 9/40  train KL=0.0720  (52.4s)
  step   1680  ep 9/40  train KL=0.0715  (52.9s)
  step   1700  ep 9/40  train KL=0.0709  (53.5s)
  step   1720  ep 9/40  train KL=0.0703  (54.1s)
  step   1740  ep 9/40  train KL=0.0701  (54.6s)
== ep 9: train KL=0.0700  (55.3s)
  step   1760  ep 10/40  train KL=0.0715  (55.7s)
  step   1780  ep 10/40  train KL=0.0700  (56.5s)
  step   1800  ep 10/40  train KL=0.0698  (57.0s)
  step   1820  ep 10/40  train KL=0.0692  (57.6s)
  step   1840  ep 10/40  train KL=0.0692  (58.2s)
  step   1860  ep 10/40  train KL=0.0689  (58.7s)
  step   1880  ep 10/40  train KL=0.0687  (59.3s)
  step   1900  ep 10/40  train KL=0.0682  (59.9s)
  step   1920  ep 10/40  train KL=0.0675  (60.5s)
  step   1940  ep 10/40  train KL=0.0670  (61.0s)
== ep 10: train KL=0.0667  (61.5s)
  step   1960  ep 11/40  train KL=0.0656  (62.2s)
  step   1980  ep 11/40  train KL=0.0665  (62.8s)
  step   2000  ep 11/40  train KL=0.0660  (63.4s)
  step   2020  ep 11/40  train KL=0.0651  (64.0s)
  step   2040  ep 11/40  train KL=0.0649  (64.5s)
  step   2060  ep 11/40  train KL=0.0645  (65.1s)
  step   2080  ep 11/40  train KL=0.0643  (65.7s)
  step   2100  ep 11/40  train KL=0.0639  (66.2s)
  step   2120  ep 11/40  train KL=0.0635  (66.8s)
  step   2140  ep 11/40  train KL=0.0632  (67.3s)
== ep 11: train KL=0.0631  (67.7s)
  step   2160  ep 12/40  train KL=0.0614  (68.6s)
  step   2180  ep 12/40  train KL=0.0620  (69.1s)
  step   2200  ep 12/40  train KL=0.0619  (69.7s)
  step   2220  ep 12/40  train KL=0.0613  (70.3s)
  step   2240  ep 12/40  train KL=0.0611  (70.8s)
  step   2260  ep 12/40  train KL=0.0609  (71.4s)
  step   2280  ep 12/40  train KL=0.0604  (72.0s)
  step   2300  ep 12/40  train KL=0.0600  (72.5s)
  step   2320  ep 12/40  train KL=0.0595  (73.1s)
  step   2340  ep 12/40  train KL=0.0592  (73.6s)
== ep 12: train KL=0.0592  (73.8s)
  step   2360  ep 13/40  train KL=0.0576  (74.9s)
  step   2380  ep 13/40  train KL=0.0575  (75.4s)
  step   2400  ep 13/40  train KL=0.0577  (76.0s)
  step   2420  ep 13/40  train KL=0.0580  (76.5s)
  step   2440  ep 13/40  train KL=0.0574  (77.1s)
  step   2460  ep 13/40  train KL=0.0569  (77.6s)
  step   2480  ep 13/40  train KL=0.0567  (78.2s)
  step   2500  ep 13/40  train KL=0.0562  (78.8s)
  step   2520  ep 13/40  train KL=0.0559  (79.3s)
== ep 13: train KL=0.0557  (79.9s)
  step   2540  ep 14/40  train KL=0.0540  (80.4s)
  step   2560  ep 14/40  train KL=0.0544  (81.1s)
  step   2580  ep 14/40  train KL=0.0546  (81.6s)
  step   2600  ep 14/40  train KL=0.0549  (82.2s)
  step   2620  ep 14/40  train KL=0.0543  (82.8s)
  step   2640  ep 14/40  train KL=0.0539  (83.3s)
  step   2660  ep 14/40  train KL=0.0536  (83.9s)
  step   2680  ep 14/40  train KL=0.0533  (84.4s)
  step   2700  ep 14/40  train KL=0.0528  (85.0s)
  step   2720  ep 14/40  train KL=0.0524  (85.5s)
== ep 14: train KL=0.0522  (86.0s)
  step   2740  ep 15/40  train KL=0.0483  (86.7s)
  step   2760  ep 15/40  train KL=0.0494  (87.3s)
  step   2780  ep 15/40  train KL=0.0491  (87.9s)
  step   2800  ep 15/40  train KL=0.0496  (88.4s)
  step   2820  ep 15/40  train KL=0.0498  (89.0s)
  step   2840  ep 15/40  train KL=0.0493  (89.5s)
  step   2860  ep 15/40  train KL=0.0491  (90.1s)
  step   2880  ep 15/40  train KL=0.0488  (90.7s)
  step   2900  ep 15/40  train KL=0.0486  (91.2s)
  step   2920  ep 15/40  train KL=0.0482  (91.8s)
== ep 15: train KL=0.0481  (92.1s)
  step   2940  ep 16/40  train KL=0.0459  (93.0s)
  step   2960  ep 16/40  train KL=0.0455  (93.6s)
  step   2980  ep 16/40  train KL=0.0459  (94.2s)
  step   3000  ep 16/40  train KL=0.0456  (94.7s)
  step   3020  ep 16/40  train KL=0.0454  (95.3s)
  step   3040  ep 16/40  train KL=0.0452  (95.8s)
  step   3060  ep 16/40  train KL=0.0451  (96.4s)
  step   3080  ep 16/40  train KL=0.0450  (96.9s)
  step   3100  ep 16/40  train KL=0.0447  (97.5s)
  step   3120  ep 16/40  train KL=0.0445  (98.1s)
== ep 16: train KL=0.0445  (98.3s)
  step   3140  ep 17/40  train KL=0.0437  (99.4s)
  step   3160  ep 17/40  train KL=0.0439  (99.9s)
  step   3180  ep 17/40  train KL=0.0437  (100.5s)
  step   3200  ep 17/40  train KL=0.0431  (101.1s)
  step   3220  ep 17/40  train KL=0.0424  (101.7s)
  step   3240  ep 17/40  train KL=0.0419  (102.3s)
  step   3260  ep 17/40  train KL=0.0416  (102.8s)
  step   3280  ep 17/40  train KL=0.0413  (103.4s)
  step   3300  ep 17/40  train KL=0.0410  (104.0s)
== ep 17: train KL=0.0408  (104.6s)
  step   3320  ep 18/40  train KL=0.0366  (105.1s)
  step   3340  ep 18/40  train KL=0.0393  (105.8s)
  step   3360  ep 18/40  train KL=0.0393  (106.4s)
  step   3380  ep 18/40  train KL=0.0389  (106.9s)
  step   3400  ep 18/40  train KL=0.0385  (107.5s)
  step   3420  ep 18/40  train KL=0.0383  (108.1s)
  step   3440  ep 18/40  train KL=0.0381  (108.6s)
  step   3460  ep 18/40  train KL=0.0380  (109.2s)
  step   3480  ep 18/40  train KL=0.0378  (109.7s)
  step   3500  ep 18/40  train KL=0.0375  (110.3s)
== ep 18: train KL=0.0375  (110.8s)
  step   3520  ep 19/40  train KL=0.0358  (111.6s)
  step   3540  ep 19/40  train KL=0.0354  (112.2s)
  step   3560  ep 19/40  train KL=0.0351  (112.7s)
  step   3580  ep 19/40  train KL=0.0349  (113.3s)
  step   3600  ep 19/40  train KL=0.0348  (113.9s)
  step   3620  ep 19/40  train KL=0.0347  (114.4s)
  step   3640  ep 19/40  train KL=0.0344  (115.0s)
  step   3660  ep 19/40  train KL=0.0342  (115.5s)
  step   3680  ep 19/40  train KL=0.0341  (116.1s)
  step   3700  ep 19/40  train KL=0.0341  (116.7s)
== ep 19: train KL=0.0340  (117.0s)
  step   3720  ep 20/40  train KL=0.0321  (117.9s)
  step   3740  ep 20/40  train KL=0.0328  (118.5s)
  step   3760  ep 20/40  train KL=0.0327  (119.0s)
  step   3780  ep 20/40  train KL=0.0323  (119.6s)
  step   3800  ep 20/40  train KL=0.0318  (120.2s)
  step   3820  ep 20/40  train KL=0.0316  (120.7s)
  step   3840  ep 20/40  train KL=0.0314  (121.3s)
  step   3860  ep 20/40  train KL=0.0313  (121.9s)
  step   3880  ep 20/40  train KL=0.0311  (122.5s)
  step   3900  ep 20/40  train KL=0.0310  (123.1s)
== ep 20: train KL=0.0310  (123.3s)
  step   3920  ep 21/40  train KL=0.0290  (124.4s)
  step   3940  ep 21/40  train KL=0.0288  (124.9s)
  step   3960  ep 21/40  train KL=0.0290  (125.5s)
  step   3980  ep 21/40  train KL=0.0290  (126.1s)
  step   4000  ep 21/40  train KL=0.0287  (126.6s)
  step   4020  ep 21/40  train KL=0.0284  (127.2s)
  step   4040  ep 21/40  train KL=0.0284  (127.7s)
  step   4060  ep 21/40  train KL=0.0282  (128.3s)
  step   4080  ep 21/40  train KL=0.0280  (128.9s)
== ep 21: train KL=0.0279  (129.5s)
  step   4100  ep 22/40  train KL=0.0253  (130.0s)
  step   4120  ep 22/40  train KL=0.0260  (130.7s)
  step   4140  ep 22/40  train KL=0.0262  (131.3s)
  step   4160  ep 22/40  train KL=0.0262  (131.9s)
  step   4180  ep 22/40  train KL=0.0260  (132.4s)
  step   4200  ep 22/40  train KL=0.0259  (133.0s)
  step   4220  ep 22/40  train KL=0.0259  (133.6s)
  step   4240  ep 22/40  train KL=0.0256  (134.2s)
  step   4260  ep 22/40  train KL=0.0255  (134.7s)
  step   4280  ep 22/40  train KL=0.0253  (135.3s)
== ep 22: train KL=0.0252  (135.7s)
  step   4300  ep 23/40  train KL=0.0238  (136.5s)
  step   4320  ep 23/40  train KL=0.0237  (137.1s)
  step   4340  ep 23/40  train KL=0.0235  (137.6s)
  step   4360  ep 23/40  train KL=0.0232  (138.2s)
  step   4380  ep 23/40  train KL=0.0232  (138.8s)
  step   4400  ep 23/40  train KL=0.0231  (139.3s)
  step   4420  ep 23/40  train KL=0.0230  (139.9s)
  step   4440  ep 23/40  train KL=0.0229  (140.5s)
  step   4460  ep 23/40  train KL=0.0227  (141.0s)
  step   4480  ep 23/40  train KL=0.0227  (141.6s)
== ep 23: train KL=0.0227  (141.9s)
  step   4500  ep 24/40  train KL=0.0217  (142.9s)
  step   4520  ep 24/40  train KL=0.0215  (143.4s)
  step   4540  ep 24/40  train KL=0.0212  (144.0s)
  step   4560  ep 24/40  train KL=0.0209  (144.6s)
  step   4580  ep 24/40  train KL=0.0208  (145.1s)
  step   4600  ep 24/40  train KL=0.0207  (145.7s)
  step   4620  ep 24/40  train KL=0.0207  (146.3s)
  step   4640  ep 24/40  train KL=0.0205  (146.8s)
  step   4660  ep 24/40  train KL=0.0205  (147.4s)
  step   4680  ep 24/40  train KL=0.0204  (147.9s)
== ep 24: train KL=0.0204  (148.1s)
  step   4700  ep 25/40  train KL=0.0188  (149.1s)
  step   4720  ep 25/40  train KL=0.0187  (149.7s)
  step   4740  ep 25/40  train KL=0.0185  (150.3s)
  step   4760  ep 25/40  train KL=0.0185  (150.9s)
  step   4780  ep 25/40  train KL=0.0184  (151.4s)
  step   4800  ep 25/40  train KL=0.0185  (152.0s)
  step   4820  ep 25/40  train KL=0.0184  (152.5s)
  step   4840  ep 25/40  train KL=0.0184  (153.1s)
  step   4860  ep 25/40  train KL=0.0183  (153.6s)
== ep 25: train KL=0.0183  (154.3s)
  step   4880  ep 26/40  train KL=0.0170  (154.8s)
  step   4900  ep 26/40  train KL=0.0171  (155.5s)
  step   4920  ep 26/40  train KL=0.0170  (156.0s)
  step   4940  ep 26/40  train KL=0.0169  (156.6s)
  step   4960  ep 26/40  train KL=0.0168  (157.1s)
  step   4980  ep 26/40  train KL=0.0167  (157.7s)
  step   5000  ep 26/40  train KL=0.0166  (158.3s)
  step   5020  ep 26/40  train KL=0.0166  (158.8s)
  step   5040  ep 26/40  train KL=0.0165  (159.4s)
  step   5060  ep 26/40  train KL=0.0165  (160.0s)
== ep 26: train KL=0.0165  (160.4s)
  step   5080  ep 27/40  train KL=0.0153  (161.2s)
  step   5100  ep 27/40  train KL=0.0152  (161.8s)
  step   5120  ep 27/40  train KL=0.0152  (162.3s)
  step   5140  ep 27/40  train KL=0.0151  (162.9s)
  step   5160  ep 27/40  train KL=0.0151  (163.4s)
  step   5180  ep 27/40  train KL=0.0150  (164.0s)
  step   5200  ep 27/40  train KL=0.0150  (164.6s)
  step   5220  ep 27/40  train KL=0.0150  (165.1s)
  step   5240  ep 27/40  train KL=0.0149  (165.7s)
  step   5260  ep 27/40  train KL=0.0149  (166.2s)
== ep 27: train KL=0.0149  (166.5s)
  step   5280  ep 28/40  train KL=0.0138  (167.5s)
  step   5300  ep 28/40  train KL=0.0138  (168.1s)
  step   5320  ep 28/40  train KL=0.0138  (168.6s)
  step   5340  ep 28/40  train KL=0.0138  (169.2s)
  step   5360  ep 28/40  train KL=0.0137  (169.7s)
  step   5380  ep 28/40  train KL=0.0137  (170.3s)
  step   5400  ep 28/40  train KL=0.0137  (170.8s)
  step   5420  ep 28/40  train KL=0.0137  (171.4s)
  step   5440  ep 28/40  train KL=0.0137  (172.0s)
  step   5460  ep 28/40  train KL=0.0136  (172.5s)
== ep 28: train KL=0.0136  (172.7s)
  step   5480  ep 29/40  train KL=0.0129  (173.8s)
  step   5500  ep 29/40  train KL=0.0128  (174.3s)
  step   5520  ep 29/40  train KL=0.0128  (174.9s)
  step   5540  ep 29/40  train KL=0.0128  (175.4s)
  step   5560  ep 29/40  train KL=0.0127  (176.0s)
  step   5580  ep 29/40  train KL=0.0127  (176.6s)
  step   5600  ep 29/40  train KL=0.0127  (177.1s)
  step   5620  ep 29/40  train KL=0.0127  (177.7s)
  step   5640  ep 29/40  train KL=0.0127  (178.3s)
== ep 29: train KL=0.0127  (178.9s)
  step   5660  ep 30/40  train KL=0.0121  (179.4s)
  step   5680  ep 30/40  train KL=0.0120  (180.1s)
  step   5700  ep 30/40  train KL=0.0120  (180.7s)
  step   5720  ep 30/40  train KL=0.0119  (181.2s)
  step   5740  ep 30/40  train KL=0.0119  (181.8s)
  step   5760  ep 30/40  train KL=0.0119  (182.4s)
  step   5780  ep 30/40  train KL=0.0119  (182.9s)
  step   5800  ep 30/40  train KL=0.0119  (183.5s)
  step   5820  ep 30/40  train KL=0.0119  (184.0s)
  step   5840  ep 30/40  train KL=0.0119  (184.6s)
== ep 30: train KL=0.0119  (185.1s)
  step   5860  ep 31/40  train KL=0.0113  (185.9s)
  step   5880  ep 31/40  train KL=0.0112  (186.5s)
  step   5900  ep 31/40  train KL=0.0112  (187.1s)
  step   5920  ep 31/40  train KL=0.0113  (187.6s)
  step   5940  ep 31/40  train KL=0.0113  (188.2s)
  step   5960  ep 31/40  train KL=0.0113  (188.8s)
  step   5980  ep 31/40  train KL=0.0113  (189.3s)
  step   6000  ep 31/40  train KL=0.0113  (189.9s)
  step   6020  ep 31/40  train KL=0.0113  (190.5s)
  step   6040  ep 31/40  train KL=0.0113  (191.0s)
== ep 31: train KL=0.0113  (191.4s)
  step   6060  ep 32/40  train KL=0.0109  (192.4s)
  step   6080  ep 32/40  train KL=0.0109  (192.9s)
  step   6100  ep 32/40  train KL=0.0109  (193.5s)
  step   6120  ep 32/40  train KL=0.0109  (194.0s)
  step   6140  ep 32/40  train KL=0.0109  (194.6s)
  step   6160  ep 32/40  train KL=0.0109  (195.1s)
  step   6180  ep 32/40  train KL=0.0109  (195.7s)
  step   6200  ep 32/40  train KL=0.0109  (196.2s)
  step   6220  ep 32/40  train KL=0.0109  (196.8s)
  step   6240  ep 32/40  train KL=0.0109  (197.4s)
== ep 32: train KL=0.0109  (197.5s)
  step   6260  ep 33/40  train KL=0.0106  (198.6s)
  step   6280  ep 33/40  train KL=0.0106  (199.2s)
  step   6300  ep 33/40  train KL=0.0106  (199.7s)
  step   6320  ep 33/40  train KL=0.0106  (200.3s)
  step   6340  ep 33/40  train KL=0.0106  (200.8s)
  step   6360  ep 33/40  train KL=0.0106  (201.4s)
  step   6380  ep 33/40  train KL=0.0106  (202.0s)
  step   6400  ep 33/40  train KL=0.0106  (202.5s)
  step   6420  ep 33/40  train KL=0.0106  (203.1s)
== ep 33: train KL=0.0106  (203.7s)
  step   6440  ep 34/40  train KL=0.0103  (204.2s)
  step   6460  ep 34/40  train KL=0.0103  (205.0s)
  step   6480  ep 34/40  train KL=0.0104  (205.5s)
  step   6500  ep 34/40  train KL=0.0104  (206.1s)
  step   6520  ep 34/40  train KL=0.0104  (206.7s)
  step   6540  ep 34/40  train KL=0.0104  (207.2s)
  step   6560  ep 34/40  train KL=0.0104  (207.8s)
  step   6580  ep 34/40  train KL=0.0104  (208.4s)
  step   6600  ep 34/40  train KL=0.0104  (209.0s)
  step   6620  ep 34/40  train KL=0.0104  (209.5s)
== ep 34: train KL=0.0104  (210.0s)
  step   6640  ep 35/40  train KL=0.0103  (210.7s)
  step   6660  ep 35/40  train KL=0.0102  (211.3s)
  step   6680  ep 35/40  train KL=0.0102  (211.9s)
  step   6700  ep 35/40  train KL=0.0102  (212.4s)
  step   6720  ep 35/40  train KL=0.0102  (213.0s)
  step   6740  ep 35/40  train KL=0.0102  (213.6s)
  step   6760  ep 35/40  train KL=0.0102  (214.2s)
  step   6780  ep 35/40  train KL=0.0103  (214.8s)
  step   6800  ep 35/40  train KL=0.0103  (215.3s)
  step   6820  ep 35/40  train KL=0.0103  (215.9s)
== ep 35: train KL=0.0103  (216.2s)
  step   6840  ep 36/40  train KL=0.0100  (217.1s)
  step   6860  ep 36/40  train KL=0.0101  (217.7s)
  step   6880  ep 36/40  train KL=0.0101  (218.2s)
  step   6900  ep 36/40  train KL=0.0101  (218.8s)
  step   6920  ep 36/40  train KL=0.0101  (219.4s)
  step   6940  ep 36/40  train KL=0.0101  (219.9s)
  step   6960  ep 36/40  train KL=0.0101  (220.5s)
  step   6980  ep 36/40  train KL=0.0101  (221.1s)
  step   7000  ep 36/40  train KL=0.0101  (221.6s)
  step   7020  ep 36/40  train KL=0.0101  (222.2s)
== ep 36: train KL=0.0101  (222.4s)
  step   7040  ep 37/40  train KL=0.0100  (223.4s)
  step   7060  ep 37/40  train KL=0.0100  (224.0s)
  step   7080  ep 37/40  train KL=0.0100  (224.6s)
  step   7100  ep 37/40  train KL=0.0100  (225.1s)
  step   7120  ep 37/40  train KL=0.0100  (225.7s)
  step   7140  ep 37/40  train KL=0.0100  (226.3s)
  step   7160  ep 37/40  train KL=0.0100  (226.8s)
  step   7180  ep 37/40  train KL=0.0100  (227.4s)
  step   7200  ep 37/40  train KL=0.0100  (227.9s)
== ep 37: train KL=0.0100  (228.6s)
  step   7220  ep 38/40  train KL=0.0100  (229.1s)
  step   7240  ep 38/40  train KL=0.0100  (229.7s)
  step   7260  ep 38/40  train KL=0.0099  (230.3s)
  step   7280  ep 38/40  train KL=0.0100  (230.9s)
  step   7300  ep 38/40  train KL=0.0100  (231.4s)
  step   7320  ep 38/40  train KL=0.0100  (232.0s)
  step   7340  ep 38/40  train KL=0.0100  (232.6s)
  step   7360  ep 38/40  train KL=0.0100  (233.1s)
  step   7380  ep 38/40  train KL=0.0100  (233.7s)
  step   7400  ep 38/40  train KL=0.0100  (234.3s)
== ep 38: train KL=0.0100  (234.7s)
  step   7420  ep 39/40  train KL=0.0099  (235.5s)
  step   7440  ep 39/40  train KL=0.0099  (236.1s)
  step   7460  ep 39/40  train KL=0.0100  (236.7s)
  step   7480  ep 39/40  train KL=0.0099  (237.2s)
  step   7500  ep 39/40  train KL=0.0099  (237.8s)
  step   7520  ep 39/40  train KL=0.0099  (238.3s)
  step   7540  ep 39/40  train KL=0.0099  (238.9s)
  step   7560  ep 39/40  train KL=0.0099  (239.5s)
  step   7580  ep 39/40  train KL=0.0099  (240.0s)
  step   7600  ep 39/40  train KL=0.0099  (240.6s)
== ep 39: train KL=0.0099  (241.0s)
  step   7620  ep 40/40  train KL=0.0099  (241.9s)
  step   7640  ep 40/40  train KL=0.0099  (242.5s)
  step   7660  ep 40/40  train KL=0.0099  (243.0s)
  step   7680  ep 40/40  train KL=0.0099  (243.6s)
  step   7700  ep 40/40  train KL=0.0099  (244.2s)
  step   7720  ep 40/40  train KL=0.0099  (244.7s)
  step   7740  ep 40/40  train KL=0.0099  (245.3s)
  step   7760  ep 40/40  train KL=0.0099  (245.8s)
  step   7780  ep 40/40  train KL=0.0099  (246.4s)
  step   7800  ep 40/40  train KL=0.0099  (246.9s)
== ep 40: train KL=0.0099  (247.1s)

Done. Total time: 247.1s
