Materializing 100000 rows from parquet...
  inputs:  (100000, 384) float32
  logits:  (100000, 32768) float16
  load time: 14.5s

Using all 100000 samples for training (capacity test).

Model: StackedLutUnembedder — 79.73M params
  LN(384)
  block 0: TinyMultiHeadLut(384→384, n_heads=1, tph=4096, nap=10) + residual
  final: Linear(384, 32768, bias=True)
  init_std=0.1

Training: epochs=20 batch_size=512 lr=0.001 schedule=cosine warmup=0

  step     20  ep 1/20  train KL=2.2552  (1.4s)
  step     40  ep 1/20  train KL=1.4591  (2.0s)
  step     60  ep 1/20  train KL=1.1137  (2.6s)
  step     80  ep 1/20  train KL=0.9158  (3.2s)
  step    100  ep 1/20  train KL=0.7878  (3.8s)
  step    120  ep 1/20  train KL=0.6966  (4.4s)
  step    140  ep 1/20  train KL=0.6285  (4.9s)
  step    160  ep 1/20  train KL=0.5754  (5.5s)
  step    180  ep 1/20  train KL=0.5320  (6.1s)
== ep 1: train KL=0.5046  (6.7s)
  step    200  ep 2/20  train KL=0.1427  (7.3s)
  step    220  ep 2/20  train KL=0.1385  (8.0s)
  step    240  ep 2/20  train KL=0.1355  (8.6s)
  step    260  ep 2/20  train KL=0.1324  (9.1s)
  step    280  ep 2/20  train KL=0.1293  (9.7s)
  step    300  ep 2/20  train KL=0.1270  (10.3s)
  step    320  ep 2/20  train KL=0.1249  (10.9s)
  step    340  ep 2/20  train KL=0.1229  (11.4s)
  step    360  ep 2/20  train KL=0.1210  (12.0s)
  step    380  ep 2/20  train KL=0.1192  (12.6s)
== ep 2: train KL=0.1183  (13.1s)
  step    400  ep 3/20  train KL=0.0893  (13.9s)
  step    420  ep 3/20  train KL=0.0883  (14.5s)
  step    440  ep 3/20  train KL=0.0879  (15.1s)
  step    460  ep 3/20  train KL=0.0873  (15.7s)
  step    480  ep 3/20  train KL=0.0864  (16.3s)
  step    500  ep 3/20  train KL=0.0855  (16.8s)
  step    520  ep 3/20  train KL=0.0846  (17.5s)
  step    540  ep 3/20  train KL=0.0840  (18.0s)
  step    560  ep 3/20  train KL=0.0832  (18.6s)
  step    580  ep 3/20  train KL=0.0828  (19.2s)
== ep 3: train KL=0.0826  (19.5s)
  step    600  ep 4/20  train KL=0.0716  (20.4s)
  step    620  ep 4/20  train KL=0.0715  (21.1s)
  step    640  ep 4/20  train KL=0.0710  (21.7s)
  step    660  ep 4/20  train KL=0.0704  (22.2s)
  step    680  ep 4/20  train KL=0.0696  (22.8s)
  step    700  ep 4/20  train KL=0.0689  (23.4s)
  step    720  ep 4/20  train KL=0.0685  (24.0s)
  step    740  ep 4/20  train KL=0.0680  (24.6s)
  step    760  ep 4/20  train KL=0.0677  (25.2s)
  step    780  ep 4/20  train KL=0.0673  (25.8s)
== ep 4: train KL=0.0673  (26.0s)
  step    800  ep 5/20  train KL=0.0591  (27.1s)
  step    820  ep 5/20  train KL=0.0590  (27.6s)
  step    840  ep 5/20  train KL=0.0595  (28.2s)
  step    860  ep 5/20  train KL=0.0593  (28.8s)
  step    880  ep 5/20  train KL=0.0589  (29.4s)
  step    900  ep 5/20  train KL=0.0587  (30.0s)
  step    920  ep 5/20  train KL=0.0583  (30.6s)
  step    940  ep 5/20  train KL=0.0581  (31.2s)
  step    960  ep 5/20  train KL=0.0579  (31.8s)
== ep 5: train KL=0.0576  (32.4s)
  step    980  ep 6/20  train KL=0.0507  (32.9s)
  step   1000  ep 6/20  train KL=0.0521  (33.6s)
  step   1020  ep 6/20  train KL=0.0521  (34.2s)
  step   1040  ep 6/20  train KL=0.0517  (34.8s)
  step   1060  ep 6/20  train KL=0.0516  (35.4s)
  step   1080  ep 6/20  train KL=0.0516  (36.0s)
  step   1100  ep 6/20  train KL=0.0514  (36.6s)
  step   1120  ep 6/20  train KL=0.0514  (37.2s)
  step   1140  ep 6/20  train KL=0.0511  (37.7s)
  step   1160  ep 6/20  train KL=0.0509  (38.3s)
== ep 6: train KL=0.0508  (38.8s)
  step   1180  ep 7/20  train KL=0.0471  (39.6s)
  step   1200  ep 7/20  train KL=0.0462  (40.2s)
  step   1220  ep 7/20  train KL=0.0459  (40.8s)
  step   1240  ep 7/20  train KL=0.0459  (41.3s)
  step   1260  ep 7/20  train KL=0.0456  (41.9s)
  step   1280  ep 7/20  train KL=0.0455  (42.5s)
  step   1300  ep 7/20  train KL=0.0454  (43.1s)
  step   1320  ep 7/20  train KL=0.0454  (43.7s)
  step   1340  ep 7/20  train KL=0.0453  (44.2s)
  step   1360  ep 7/20  train KL=0.0451  (44.8s)
== ep 7: train KL=0.0451  (45.2s)
  step   1380  ep 8/20  train KL=0.0408  (46.1s)
  step   1400  ep 8/20  train KL=0.0408  (46.7s)
  step   1420  ep 8/20  train KL=0.0405  (47.3s)
  step   1440  ep 8/20  train KL=0.0401  (47.9s)
  step   1460  ep 8/20  train KL=0.0399  (48.5s)
  step   1480  ep 8/20  train KL=0.0397  (49.1s)
  step   1500  ep 8/20  train KL=0.0395  (49.6s)
  step   1520  ep 8/20  train KL=0.0394  (50.2s)
  step   1540  ep 8/20  train KL=0.0394  (50.8s)
  step   1560  ep 8/20  train KL=0.0392  (51.4s)
== ep 8: train KL=0.0392  (51.6s)
  step   1580  ep 9/20  train KL=0.0357  (52.6s)
  step   1600  ep 9/20  train KL=0.0353  (53.2s)
  step   1620  ep 9/20  train KL=0.0352  (53.8s)
  step   1640  ep 9/20  train KL=0.0351  (54.4s)
  step   1660  ep 9/20  train KL=0.0349  (55.0s)
  step   1680  ep 9/20  train KL=0.0347  (55.5s)
  step   1700  ep 9/20  train KL=0.0346  (56.1s)
  step   1720  ep 9/20  train KL=0.0344  (56.7s)
  step   1740  ep 9/20  train KL=0.0344  (57.3s)
== ep 9: train KL=0.0343  (57.8s)
  step   1760  ep 10/20  train KL=0.0318  (58.4s)
  step   1780  ep 10/20  train KL=0.0309  (59.1s)
  step   1800  ep 10/20  train KL=0.0307  (59.7s)
  step   1820  ep 10/20  train KL=0.0305  (60.3s)
  step   1840  ep 10/20  train KL=0.0304  (60.9s)
  step   1860  ep 10/20  train KL=0.0303  (61.4s)
  step   1880  ep 10/20  train KL=0.0304  (62.0s)
  step   1900  ep 10/20  train KL=0.0303  (62.6s)
  step   1920  ep 10/20  train KL=0.0302  (63.2s)
  step   1940  ep 10/20  train KL=0.0301  (63.8s)
== ep 10: train KL=0.0301  (64.2s)
  step   1960  ep 11/20  train KL=0.0270  (65.0s)
  step   1980  ep 11/20  train KL=0.0271  (65.6s)
  step   2000  ep 11/20  train KL=0.0270  (66.2s)
  step   2020  ep 11/20  train KL=0.0268  (66.8s)
  step   2040  ep 11/20  train KL=0.0267  (67.4s)
  step   2060  ep 11/20  train KL=0.0266  (68.0s)
  step   2080  ep 11/20  train KL=0.0266  (68.6s)
  step   2100  ep 11/20  train KL=0.0266  (69.2s)
  step   2120  ep 11/20  train KL=0.0266  (69.8s)
  step   2140  ep 11/20  train KL=0.0265  (70.4s)
== ep 11: train KL=0.0265  (70.7s)
  step   2160  ep 12/20  train KL=0.0242  (71.7s)
  step   2180  ep 12/20  train KL=0.0241  (72.3s)
  step   2200  ep 12/20  train KL=0.0240  (72.9s)
  step   2220  ep 12/20  train KL=0.0240  (73.4s)
  step   2240  ep 12/20  train KL=0.0240  (74.0s)
  step   2260  ep 12/20  train KL=0.0240  (74.6s)
  step   2280  ep 12/20  train KL=0.0240  (75.2s)
  step   2300  ep 12/20  train KL=0.0239  (75.8s)
  step   2320  ep 12/20  train KL=0.0239  (76.3s)
  step   2340  ep 12/20  train KL=0.0239  (76.9s)
== ep 12: train KL=0.0239  (77.1s)
  step   2360  ep 13/20  train KL=0.0221  (78.2s)
  step   2380  ep 13/20  train KL=0.0219  (78.8s)
  step   2400  ep 13/20  train KL=0.0219  (79.4s)
  step   2420  ep 13/20  train KL=0.0220  (80.0s)
  step   2440  ep 13/20  train KL=0.0220  (80.6s)
  step   2460  ep 13/20  train KL=0.0220  (81.1s)
  step   2480  ep 13/20  train KL=0.0220  (81.7s)
  step   2500  ep 13/20  train KL=0.0220  (82.3s)
  step   2520  ep 13/20  train KL=0.0220  (82.9s)
== ep 13: train KL=0.0220  (83.5s)
  step   2540  ep 14/20  train KL=0.0206  (84.1s)
  step   2560  ep 14/20  train KL=0.0205  (84.8s)
  step   2580  ep 14/20  train KL=0.0205  (85.4s)
  step   2600  ep 14/20  train KL=0.0206  (86.0s)
  step   2620  ep 14/20  train KL=0.0206  (86.6s)
  step   2640  ep 14/20  train KL=0.0206  (87.2s)
  step   2660  ep 14/20  train KL=0.0206  (87.7s)
  step   2680  ep 14/20  train KL=0.0206  (88.3s)
  step   2700  ep 14/20  train KL=0.0206  (88.9s)
  step   2720  ep 14/20  train KL=0.0206  (89.5s)
== ep 14: train KL=0.0206  (90.0s)
  step   2740  ep 15/20  train KL=0.0197  (90.8s)
  step   2760  ep 15/20  train KL=0.0197  (91.4s)
  step   2780  ep 15/20  train KL=0.0197  (92.0s)
  step   2800  ep 15/20  train KL=0.0197  (92.5s)
  step   2820  ep 15/20  train KL=0.0197  (93.1s)
  step   2840  ep 15/20  train KL=0.0197  (93.7s)
  step   2860  ep 15/20  train KL=0.0197  (94.3s)
  step   2880  ep 15/20  train KL=0.0197  (94.9s)
  step   2900  ep 15/20  train KL=0.0197  (95.5s)
  step   2920  ep 15/20  train KL=0.0197  (96.0s)
== ep 15: train KL=0.0197  (96.4s)
  step   2940  ep 16/20  train KL=0.0192  (97.3s)
  step   2960  ep 16/20  train KL=0.0191  (97.9s)
  step   2980  ep 16/20  train KL=0.0191  (98.5s)
  step   3000  ep 16/20  train KL=0.0191  (99.1s)
  step   3020  ep 16/20  train KL=0.0191  (99.6s)
  step   3040  ep 16/20  train KL=0.0191  (100.2s)
  step   3060  ep 16/20  train KL=0.0191  (100.8s)
  step   3080  ep 16/20  train KL=0.0191  (101.4s)
  step   3100  ep 16/20  train KL=0.0192  (102.0s)
  step   3120  ep 16/20  train KL=0.0192  (102.5s)
== ep 16: train KL=0.0192  (102.7s)
  step   3140  ep 17/20  train KL=0.0187  (103.9s)
  step   3160  ep 17/20  train KL=0.0187  (104.4s)
  step   3180  ep 17/20  train KL=0.0188  (105.0s)
  step   3200  ep 17/20  train KL=0.0188  (105.6s)
  step   3220  ep 17/20  train KL=0.0188  (106.2s)
  step   3240  ep 17/20  train KL=0.0188  (106.8s)
  step   3260  ep 17/20  train KL=0.0188  (107.4s)
  step   3280  ep 17/20  train KL=0.0188  (108.0s)
  step   3300  ep 17/20  train KL=0.0188  (108.6s)
== ep 17: train KL=0.0188  (109.2s)
  step   3320  ep 18/20  train KL=0.0186  (109.7s)
  step   3340  ep 18/20  train KL=0.0186  (110.5s)
  step   3360  ep 18/20  train KL=0.0185  (111.1s)
  step   3380  ep 18/20  train KL=0.0185  (111.6s)
  step   3400  ep 18/20  train KL=0.0185  (112.2s)
  step   3420  ep 18/20  train KL=0.0185  (112.8s)
  step   3440  ep 18/20  train KL=0.0185  (113.4s)
  step   3460  ep 18/20  train KL=0.0185  (114.0s)
  step   3480  ep 18/20  train KL=0.0185  (114.6s)
  step   3500  ep 18/20  train KL=0.0185  (115.2s)
== ep 18: train KL=0.0185  (115.7s)
  step   3520  ep 19/20  train KL=0.0182  (116.5s)
  step   3540  ep 19/20  train KL=0.0182  (117.1s)
  step   3560  ep 19/20  train KL=0.0183  (117.7s)
  step   3580  ep 19/20  train KL=0.0183  (118.3s)
  step   3600  ep 19/20  train KL=0.0183  (118.9s)
  step   3620  ep 19/20  train KL=0.0183  (119.4s)
  step   3640  ep 19/20  train KL=0.0183  (120.0s)
  step   3660  ep 19/20  train KL=0.0183  (120.6s)
  step   3680  ep 19/20  train KL=0.0184  (121.2s)
  step   3700  ep 19/20  train KL=0.0184  (121.8s)
== ep 19: train KL=0.0184  (122.1s)
  step   3720  ep 20/20  train KL=0.0182  (123.1s)
  step   3740  ep 20/20  train KL=0.0182  (123.7s)
  step   3760  ep 20/20  train KL=0.0183  (124.2s)
  step   3780  ep 20/20  train KL=0.0183  (124.8s)
  step   3800  ep 20/20  train KL=0.0183  (125.4s)
  step   3820  ep 20/20  train KL=0.0183  (126.0s)
  step   3840  ep 20/20  train KL=0.0183  (126.6s)
  step   3860  ep 20/20  train KL=0.0183  (127.2s)
  step   3880  ep 20/20  train KL=0.0183  (127.8s)
  step   3900  ep 20/20  train KL=0.0183  (128.4s)
== ep 20: train KL=0.0183  (128.6s)

Done. Total time: 128.6s
