Materializing 100000 rows from parquet...
  inputs:  (100000, 384) float32
  logits:  (100000, 32768) float16
  load time: 13.8s

Using all 100000 samples for training (capacity test).

Model: StackedLutUnembedder — 83.92M params
  LN(384)
  block 0: TinyMultiHeadLut(384→384, n_heads=1, tph=2048, nap=10) + residual
  final: Linear(384, 32768, bias=True)
  init_std=0.1

Training: epochs=20 batch_size=512 lr=0.001 schedule=cosine warmup=0

  step     20  ep 1/20  train KL=2.9421  (1.2s)
  step     40  ep 1/20  train KL=1.9957  (1.7s)
  step     60  ep 1/20  train KL=1.5332  (2.3s)
  step     80  ep 1/20  train KL=1.2567  (2.9s)
  step    100  ep 1/20  train KL=1.0709  (3.4s)
  step    120  ep 1/20  train KL=0.9360  (4.0s)
  step    140  ep 1/20  train KL=0.8337  (4.5s)
  step    160  ep 1/20  train KL=0.7537  (5.1s)
  step    180  ep 1/20  train KL=0.6885  (5.6s)
== ep 1: train KL=0.6474  (6.3s)
  step    200  ep 2/20  train KL=0.1223  (6.8s)
  step    220  ep 2/20  train KL=0.1172  (7.3s)
  step    240  ep 2/20  train KL=0.1130  (7.9s)
  step    260  ep 2/20  train KL=0.1098  (8.4s)
  step    280  ep 2/20  train KL=0.1067  (9.0s)
  step    300  ep 2/20  train KL=0.1042  (9.5s)
  step    320  ep 2/20  train KL=0.1018  (10.0s)
  step    340  ep 2/20  train KL=0.0996  (10.6s)
  step    360  ep 2/20  train KL=0.0976  (11.1s)
  step    380  ep 2/20  train KL=0.0958  (11.7s)
== ep 2: train KL=0.0949  (12.2s)
  step    400  ep 3/20  train KL=0.0644  (12.8s)
  step    420  ep 3/20  train KL=0.0640  (13.4s)
  step    440  ep 3/20  train KL=0.0631  (13.9s)
  step    460  ep 3/20  train KL=0.0624  (14.5s)
  step    480  ep 3/20  train KL=0.0617  (15.1s)
  step    500  ep 3/20  train KL=0.0611  (15.6s)
  step    520  ep 3/20  train KL=0.0605  (16.2s)
  step    540  ep 3/20  train KL=0.0600  (16.7s)
  step    560  ep 3/20  train KL=0.0595  (17.3s)
  step    580  ep 3/20  train KL=0.0590  (17.8s)
== ep 3: train KL=0.0589  (18.2s)
  step    600  ep 4/20  train KL=0.0478  (19.0s)
  step    620  ep 4/20  train KL=0.0478  (19.5s)
  step    640  ep 4/20  train KL=0.0473  (20.1s)
  step    660  ep 4/20  train KL=0.0471  (20.6s)
  step    680  ep 4/20  train KL=0.0469  (21.2s)
  step    700  ep 4/20  train KL=0.0467  (21.7s)
  step    720  ep 4/20  train KL=0.0465  (22.3s)
  step    740  ep 4/20  train KL=0.0463  (22.9s)
  step    760  ep 4/20  train KL=0.0462  (23.4s)
  step    780  ep 4/20  train KL=0.0460  (24.0s)
== ep 4: train KL=0.0460  (24.2s)
  step    800  ep 5/20  train KL=0.0397  (25.1s)
  step    820  ep 5/20  train KL=0.0396  (25.6s)
  step    840  ep 5/20  train KL=0.0398  (26.2s)
  step    860  ep 5/20  train KL=0.0397  (26.8s)
  step    880  ep 5/20  train KL=0.0396  (27.3s)
  step    900  ep 5/20  train KL=0.0396  (27.9s)
  step    920  ep 5/20  train KL=0.0394  (28.4s)
  step    940  ep 5/20  train KL=0.0394  (29.0s)
  step    960  ep 5/20  train KL=0.0392  (29.5s)
== ep 5: train KL=0.0391  (30.1s)
  step    980  ep 6/20  train KL=0.0348  (30.6s)
  step   1000  ep 6/20  train KL=0.0354  (31.2s)
  step   1020  ep 6/20  train KL=0.0352  (31.7s)
  step   1040  ep 6/20  train KL=0.0352  (32.2s)
  step   1060  ep 6/20  train KL=0.0353  (32.8s)
  step   1080  ep 6/20  train KL=0.0353  (33.4s)
  step   1100  ep 6/20  train KL=0.0353  (33.9s)
  step   1120  ep 6/20  train KL=0.0353  (34.5s)
  step   1140  ep 6/20  train KL=0.0352  (35.0s)
  step   1160  ep 6/20  train KL=0.0352  (35.6s)
== ep 6: train KL=0.0352  (36.0s)
  step   1180  ep 7/20  train KL=0.0324  (36.6s)
  step   1200  ep 7/20  train KL=0.0324  (37.2s)
  step   1220  ep 7/20  train KL=0.0322  (37.8s)
  step   1240  ep 7/20  train KL=0.0320  (38.3s)
  step   1260  ep 7/20  train KL=0.0322  (38.8s)
  step   1280  ep 7/20  train KL=0.0321  (39.4s)
  step   1300  ep 7/20  train KL=0.0320  (39.9s)
  step   1320  ep 7/20  train KL=0.0319  (40.5s)
  step   1340  ep 7/20  train KL=0.0319  (41.0s)
  step   1360  ep 7/20  train KL=0.0318  (41.6s)
== ep 7: train KL=0.0318  (41.9s)
  step   1380  ep 8/20  train KL=0.0291  (42.7s)
  step   1400  ep 8/20  train KL=0.0292  (43.2s)
  step   1420  ep 8/20  train KL=0.0290  (43.8s)
  step   1440  ep 8/20  train KL=0.0289  (44.4s)
  step   1460  ep 8/20  train KL=0.0288  (44.9s)
  step   1480  ep 8/20  train KL=0.0288  (45.5s)
  step   1500  ep 8/20  train KL=0.0287  (46.0s)
  step   1520  ep 8/20  train KL=0.0288  (46.6s)
  step   1540  ep 8/20  train KL=0.0287  (47.1s)
  step   1560  ep 8/20  train KL=0.0287  (47.7s)
== ep 8: train KL=0.0287  (47.9s)
  step   1580  ep 9/20  train KL=0.0269  (48.8s)
  step   1600  ep 9/20  train KL=0.0264  (49.3s)
  step   1620  ep 9/20  train KL=0.0263  (49.9s)
  step   1640  ep 9/20  train KL=0.0262  (50.4s)
  step   1660  ep 9/20  train KL=0.0262  (51.0s)
  step   1680  ep 9/20  train KL=0.0260  (51.6s)
  step   1700  ep 9/20  train KL=0.0260  (52.2s)
  step   1720  ep 9/20  train KL=0.0259  (52.8s)
  step   1740  ep 9/20  train KL=0.0258  (53.4s)
== ep 9: train KL=0.0258  (54.0s)
  step   1760  ep 10/20  train KL=0.0235  (54.5s)
  step   1780  ep 10/20  train KL=0.0234  (55.1s)
  step   1800  ep 10/20  train KL=0.0235  (55.6s)
  step   1820  ep 10/20  train KL=0.0235  (56.2s)
  step   1840  ep 10/20  train KL=0.0234  (56.7s)
  step   1860  ep 10/20  train KL=0.0234  (57.3s)
  step   1880  ep 10/20  train KL=0.0233  (57.8s)
  step   1900  ep 10/20  train KL=0.0233  (58.4s)
  step   1920  ep 10/20  train KL=0.0233  (58.9s)
  step   1940  ep 10/20  train KL=0.0233  (59.5s)
== ep 10: train KL=0.0233  (59.9s)
  step   1960  ep 11/20  train KL=0.0214  (60.6s)
  step   1980  ep 11/20  train KL=0.0211  (61.1s)
  step   2000  ep 11/20  train KL=0.0212  (61.7s)
  step   2020  ep 11/20  train KL=0.0212  (62.2s)
  step   2040  ep 11/20  train KL=0.0212  (62.8s)
  step   2060  ep 11/20  train KL=0.0211  (63.3s)
  step   2080  ep 11/20  train KL=0.0211  (63.9s)
  step   2100  ep 11/20  train KL=0.0210  (64.5s)
  step   2120  ep 11/20  train KL=0.0210  (65.0s)
  step   2140  ep 11/20  train KL=0.0210  (65.6s)
== ep 11: train KL=0.0210  (65.9s)
  step   2160  ep 12/20  train KL=0.0194  (66.7s)
  step   2180  ep 12/20  train KL=0.0193  (67.2s)
  step   2200  ep 12/20  train KL=0.0193  (67.8s)
  step   2220  ep 12/20  train KL=0.0193  (68.3s)
  step   2240  ep 12/20  train KL=0.0193  (68.9s)
  step   2260  ep 12/20  train KL=0.0193  (69.4s)
  step   2280  ep 12/20  train KL=0.0193  (70.0s)
  step   2300  ep 12/20  train KL=0.0193  (70.5s)
  step   2320  ep 12/20  train KL=0.0193  (71.1s)
  step   2340  ep 12/20  train KL=0.0193  (71.6s)
== ep 12: train KL=0.0193  (71.8s)
  step   2360  ep 13/20  train KL=0.0180  (72.7s)
  step   2380  ep 13/20  train KL=0.0179  (73.3s)
  step   2400  ep 13/20  train KL=0.0179  (73.9s)
  step   2420  ep 13/20  train KL=0.0179  (74.4s)
  step   2440  ep 13/20  train KL=0.0179  (75.0s)
  step   2460  ep 13/20  train KL=0.0179  (75.5s)
  step   2480  ep 13/20  train KL=0.0180  (76.1s)
  step   2500  ep 13/20  train KL=0.0180  (76.6s)
  step   2520  ep 13/20  train KL=0.0180  (77.2s)
== ep 13: train KL=0.0180  (77.8s)
  step   2540  ep 14/20  train KL=0.0173  (78.2s)
  step   2560  ep 14/20  train KL=0.0170  (78.8s)
  step   2580  ep 14/20  train KL=0.0171  (79.3s)
  step   2600  ep 14/20  train KL=0.0170  (79.9s)
  step   2620  ep 14/20  train KL=0.0170  (80.4s)
  step   2640  ep 14/20  train KL=0.0171  (81.0s)
  step   2660  ep 14/20  train KL=0.0171  (81.5s)
  step   2680  ep 14/20  train KL=0.0171  (82.1s)
  step   2700  ep 14/20  train KL=0.0171  (82.6s)
  step   2720  ep 14/20  train KL=0.0171  (83.2s)
== ep 14: train KL=0.0171  (83.6s)
  step   2740  ep 15/20  train KL=0.0165  (84.2s)
  step   2760  ep 15/20  train KL=0.0165  (84.8s)
  step   2780  ep 15/20  train KL=0.0164  (85.3s)
  step   2800  ep 15/20  train KL=0.0164  (85.9s)
  step   2820  ep 15/20  train KL=0.0165  (86.4s)
  step   2840  ep 15/20  train KL=0.0165  (86.9s)
  step   2860  ep 15/20  train KL=0.0165  (87.5s)
  step   2880  ep 15/20  train KL=0.0165  (88.0s)
  step   2900  ep 15/20  train KL=0.0165  (88.6s)
  step   2920  ep 15/20  train KL=0.0165  (89.1s)
== ep 15: train KL=0.0165  (89.4s)
  step   2940  ep 16/20  train KL=0.0161  (90.2s)
  step   2960  ep 16/20  train KL=0.0161  (90.8s)
  step   2980  ep 16/20  train KL=0.0161  (91.3s)
  step   3000  ep 16/20  train KL=0.0161  (91.9s)
  step   3020  ep 16/20  train KL=0.0161  (92.4s)
  step   3040  ep 16/20  train KL=0.0161  (93.0s)
  step   3060  ep 16/20  train KL=0.0161  (93.6s)
  step   3080  ep 16/20  train KL=0.0161  (94.1s)
  step   3100  ep 16/20  train KL=0.0161  (94.7s)
  step   3120  ep 16/20  train KL=0.0161  (95.2s)
== ep 16: train KL=0.0161  (95.4s)
  step   3140  ep 17/20  train KL=0.0157  (96.3s)
  step   3160  ep 17/20  train KL=0.0158  (96.9s)
  step   3180  ep 17/20  train KL=0.0158  (97.5s)
  step   3200  ep 17/20  train KL=0.0158  (98.0s)
  step   3220  ep 17/20  train KL=0.0158  (98.6s)
  step   3240  ep 17/20  train KL=0.0158  (99.1s)
  step   3260  ep 17/20  train KL=0.0158  (99.7s)
  step   3280  ep 17/20  train KL=0.0158  (100.3s)
  step   3300  ep 17/20  train KL=0.0159  (100.8s)
== ep 17: train KL=0.0159  (101.4s)
  step   3320  ep 18/20  train KL=0.0156  (101.9s)
  step   3340  ep 18/20  train KL=0.0157  (102.5s)
  step   3360  ep 18/20  train KL=0.0156  (103.0s)
  step   3380  ep 18/20  train KL=0.0156  (103.6s)
  step   3400  ep 18/20  train KL=0.0156  (104.2s)
  step   3420  ep 18/20  train KL=0.0156  (104.7s)
  step   3440  ep 18/20  train KL=0.0156  (105.3s)
  step   3460  ep 18/20  train KL=0.0157  (105.8s)
  step   3480  ep 18/20  train KL=0.0157  (106.4s)
  step   3500  ep 18/20  train KL=0.0157  (106.9s)
== ep 18: train KL=0.0157  (107.4s)
  step   3520  ep 19/20  train KL=0.0156  (108.0s)
  step   3540  ep 19/20  train KL=0.0155  (108.6s)
  step   3560  ep 19/20  train KL=0.0155  (109.2s)
  step   3580  ep 19/20  train KL=0.0155  (109.7s)
  step   3600  ep 19/20  train KL=0.0155  (110.3s)
  step   3620  ep 19/20  train KL=0.0155  (110.8s)
  step   3640  ep 19/20  train KL=0.0156  (111.4s)
  step   3660  ep 19/20  train KL=0.0156  (111.9s)
  step   3680  ep 19/20  train KL=0.0156  (112.5s)
  step   3700  ep 19/20  train KL=0.0156  (113.0s)
== ep 19: train KL=0.0156  (113.3s)
  step   3720  ep 20/20  train KL=0.0156  (114.1s)
  step   3740  ep 20/20  train KL=0.0156  (114.7s)
  step   3760  ep 20/20  train KL=0.0155  (115.2s)
  step   3780  ep 20/20  train KL=0.0155  (115.8s)
  step   3800  ep 20/20  train KL=0.0155  (116.4s)
  step   3820  ep 20/20  train KL=0.0155  (116.9s)
  step   3840  ep 20/20  train KL=0.0155  (117.5s)
  step   3860  ep 20/20  train KL=0.0155  (118.0s)
  step   3880  ep 20/20  train KL=0.0155  (118.6s)
  step   3900  ep 20/20  train KL=0.0155  (119.1s)
== ep 20: train KL=0.0155  (119.3s)

Done. Total time: 119.3s
