Materializing 100000 rows from parquet...
  inputs:  (100000, 384) float32
  logits:  (100000, 32768) float16
  load time: 14.2s

Using all 100000 samples for training (capacity test).

Model: StackedLutUnembedder — 55.87M params
  LN(384)
  block 0: TinyMultiHeadLut(384→384, n_heads=1, tph=2640, nap=10) + residual
  final: Linear(384, 32768, bias=True)
  init_std=0.1

Training: epochs=20 batch_size=512 lr=0.001 schedule=cosine warmup=0

  step     20  ep 1/20  train KL=2.3495  (1.4s)
  step     40  ep 1/20  train KL=1.5170  (2.0s)
  step     60  ep 1/20  train KL=1.1526  (2.5s)
  step     80  ep 1/20  train KL=0.9434  (3.1s)
  step    100  ep 1/20  train KL=0.8084  (3.7s)
  step    120  ep 1/20  train KL=0.7125  (4.2s)
  step    140  ep 1/20  train KL=0.6410  (4.8s)
  step    160  ep 1/20  train KL=0.5850  (5.4s)
  step    180  ep 1/20  train KL=0.5395  (6.0s)
== ep 1: train KL=0.5108  (6.5s)
  step    200  ep 2/20  train KL=0.1325  (7.1s)
  step    220  ep 2/20  train KL=0.1296  (7.7s)
  step    240  ep 2/20  train KL=0.1270  (8.3s)
  step    260  ep 2/20  train KL=0.1240  (8.9s)
  step    280  ep 2/20  train KL=0.1215  (9.4s)
  step    300  ep 2/20  train KL=0.1193  (10.0s)
  step    320  ep 2/20  train KL=0.1174  (10.6s)
  step    340  ep 2/20  train KL=0.1157  (11.1s)
  step    360  ep 2/20  train KL=0.1141  (11.7s)
  step    380  ep 2/20  train KL=0.1125  (12.3s)
== ep 2: train KL=0.1117  (12.7s)
  step    400  ep 3/20  train KL=0.0823  (13.5s)
  step    420  ep 3/20  train KL=0.0809  (14.1s)
  step    440  ep 3/20  train KL=0.0801  (14.6s)
  step    460  ep 3/20  train KL=0.0794  (15.2s)
  step    480  ep 3/20  train KL=0.0787  (15.8s)
  step    500  ep 3/20  train KL=0.0779  (16.3s)
  step    520  ep 3/20  train KL=0.0773  (16.9s)
  step    540  ep 3/20  train KL=0.0767  (17.5s)
  step    560  ep 3/20  train KL=0.0762  (18.0s)
  step    580  ep 3/20  train KL=0.0757  (18.6s)
== ep 3: train KL=0.0756  (18.9s)
  step    600  ep 4/20  train KL=0.0629  (19.9s)
  step    620  ep 4/20  train KL=0.0626  (20.4s)
  step    640  ep 4/20  train KL=0.0621  (21.0s)
  step    660  ep 4/20  train KL=0.0618  (21.6s)
  step    680  ep 4/20  train KL=0.0617  (22.1s)
  step    700  ep 4/20  train KL=0.0614  (22.7s)
  step    720  ep 4/20  train KL=0.0612  (23.2s)
  step    740  ep 4/20  train KL=0.0610  (23.8s)
  step    760  ep 4/20  train KL=0.0607  (24.4s)
  step    780  ep 4/20  train KL=0.0605  (24.9s)
== ep 4: train KL=0.0605  (25.1s)
  step    800  ep 5/20  train KL=0.0538  (26.2s)
  step    820  ep 5/20  train KL=0.0536  (26.7s)
  step    840  ep 5/20  train KL=0.0536  (27.3s)
  step    860  ep 5/20  train KL=0.0535  (27.8s)
  step    880  ep 5/20  train KL=0.0530  (28.4s)
  step    900  ep 5/20  train KL=0.0528  (28.9s)
  step    920  ep 5/20  train KL=0.0526  (29.5s)
  step    940  ep 5/20  train KL=0.0524  (30.0s)
  step    960  ep 5/20  train KL=0.0522  (30.6s)
== ep 5: train KL=0.0521  (31.2s)
  step    980  ep 6/20  train KL=0.0468  (31.7s)
  step   1000  ep 6/20  train KL=0.0475  (32.4s)
  step   1020  ep 6/20  train KL=0.0476  (33.0s)
  step   1040  ep 6/20  train KL=0.0474  (33.5s)
  step   1060  ep 6/20  train KL=0.0471  (34.1s)
  step   1080  ep 6/20  train KL=0.0471  (34.6s)
  step   1100  ep 6/20  train KL=0.0470  (35.2s)
  step   1120  ep 6/20  train KL=0.0469  (35.8s)
  step   1140  ep 6/20  train KL=0.0467  (36.3s)
  step   1160  ep 6/20  train KL=0.0465  (36.9s)
== ep 6: train KL=0.0465  (37.3s)
  step   1180  ep 7/20  train KL=0.0418  (38.1s)
  step   1200  ep 7/20  train KL=0.0424  (38.7s)
  step   1220  ep 7/20  train KL=0.0424  (39.2s)
  step   1240  ep 7/20  train KL=0.0422  (39.8s)
  step   1260  ep 7/20  train KL=0.0420  (40.4s)
  step   1280  ep 7/20  train KL=0.0420  (40.9s)
  step   1300  ep 7/20  train KL=0.0417  (41.5s)
  step   1320  ep 7/20  train KL=0.0418  (42.0s)
  step   1340  ep 7/20  train KL=0.0417  (42.6s)
  step   1360  ep 7/20  train KL=0.0416  (43.2s)
== ep 7: train KL=0.0415  (43.5s)
  step   1380  ep 8/20  train KL=0.0383  (44.4s)
  step   1400  ep 8/20  train KL=0.0378  (45.0s)
  step   1420  ep 8/20  train KL=0.0377  (45.5s)
  step   1440  ep 8/20  train KL=0.0375  (46.1s)
  step   1460  ep 8/20  train KL=0.0374  (46.6s)
  step   1480  ep 8/20  train KL=0.0373  (47.2s)
  step   1500  ep 8/20  train KL=0.0371  (47.8s)
  step   1520  ep 8/20  train KL=0.0370  (48.3s)
  step   1540  ep 8/20  train KL=0.0370  (48.9s)
  step   1560  ep 8/20  train KL=0.0370  (49.5s)
== ep 8: train KL=0.0370  (49.7s)
  step   1580  ep 9/20  train KL=0.0340  (50.7s)
  step   1600  ep 9/20  train KL=0.0336  (51.3s)
  step   1620  ep 9/20  train KL=0.0336  (51.9s)
  step   1640  ep 9/20  train KL=0.0335  (52.4s)
  step   1660  ep 9/20  train KL=0.0334  (53.0s)
  step   1680  ep 9/20  train KL=0.0333  (53.6s)
  step   1700  ep 9/20  train KL=0.0332  (54.1s)
  step   1720  ep 9/20  train KL=0.0331  (54.7s)
  step   1740  ep 9/20  train KL=0.0331  (55.2s)
== ep 9: train KL=0.0331  (55.8s)
  step   1760  ep 10/20  train KL=0.0307  (56.3s)
  step   1780  ep 10/20  train KL=0.0301  (57.0s)
  step   1800  ep 10/20  train KL=0.0300  (57.6s)
  step   1820  ep 10/20  train KL=0.0299  (58.2s)
  step   1840  ep 10/20  train KL=0.0299  (58.8s)
  step   1860  ep 10/20  train KL=0.0299  (59.3s)
  step   1880  ep 10/20  train KL=0.0299  (59.9s)
  step   1900  ep 10/20  train KL=0.0298  (60.4s)
  step   1920  ep 10/20  train KL=0.0297  (61.0s)
  step   1940  ep 10/20  train KL=0.0296  (61.5s)
== ep 10: train KL=0.0296  (62.0s)
  step   1960  ep 11/20  train KL=0.0268  (62.8s)
  step   1980  ep 11/20  train KL=0.0270  (63.4s)
  step   2000  ep 11/20  train KL=0.0269  (63.9s)
  step   2020  ep 11/20  train KL=0.0268  (64.5s)
  step   2040  ep 11/20  train KL=0.0267  (65.1s)
  step   2060  ep 11/20  train KL=0.0267  (65.6s)
  step   2080  ep 11/20  train KL=0.0267  (66.2s)
  step   2100  ep 11/20  train KL=0.0267  (66.8s)
  step   2120  ep 11/20  train KL=0.0267  (67.3s)
  step   2140  ep 11/20  train KL=0.0266  (67.9s)
== ep 11: train KL=0.0266  (68.2s)
  step   2160  ep 12/20  train KL=0.0245  (69.1s)
  step   2180  ep 12/20  train KL=0.0245  (69.7s)
  step   2200  ep 12/20  train KL=0.0244  (70.3s)
  step   2220  ep 12/20  train KL=0.0244  (70.8s)
  step   2240  ep 12/20  train KL=0.0244  (71.4s)
  step   2260  ep 12/20  train KL=0.0244  (71.9s)
  step   2280  ep 12/20  train KL=0.0244  (72.5s)
  step   2300  ep 12/20  train KL=0.0244  (73.1s)
  step   2320  ep 12/20  train KL=0.0244  (73.6s)
  step   2340  ep 12/20  train KL=0.0244  (74.2s)
== ep 12: train KL=0.0244  (74.3s)
  step   2360  ep 13/20  train KL=0.0228  (75.4s)
  step   2380  ep 13/20  train KL=0.0226  (76.0s)
  step   2400  ep 13/20  train KL=0.0227  (76.5s)
  step   2420  ep 13/20  train KL=0.0227  (77.1s)
  step   2440  ep 13/20  train KL=0.0227  (77.6s)
  step   2460  ep 13/20  train KL=0.0227  (78.2s)
  step   2480  ep 13/20  train KL=0.0227  (78.8s)
  step   2500  ep 13/20  train KL=0.0227  (79.3s)
  step   2520  ep 13/20  train KL=0.0227  (79.9s)
== ep 13: train KL=0.0227  (80.5s)
  step   2540  ep 14/20  train KL=0.0215  (81.0s)
  step   2560  ep 14/20  train KL=0.0213  (81.7s)
  step   2580  ep 14/20  train KL=0.0214  (82.3s)
  step   2600  ep 14/20  train KL=0.0215  (82.9s)
  step   2620  ep 14/20  train KL=0.0215  (83.4s)
  step   2640  ep 14/20  train KL=0.0215  (84.0s)
  step   2660  ep 14/20  train KL=0.0215  (84.5s)
  step   2680  ep 14/20  train KL=0.0215  (85.1s)
  step   2700  ep 14/20  train KL=0.0215  (85.7s)
  step   2720  ep 14/20  train KL=0.0215  (86.3s)
== ep 14: train KL=0.0215  (86.7s)
  step   2740  ep 15/20  train KL=0.0207  (87.5s)
  step   2760  ep 15/20  train KL=0.0207  (88.1s)
  step   2780  ep 15/20  train KL=0.0207  (88.6s)
  step   2800  ep 15/20  train KL=0.0207  (89.2s)
  step   2820  ep 15/20  train KL=0.0207  (89.8s)
  step   2840  ep 15/20  train KL=0.0207  (90.3s)
  step   2860  ep 15/20  train KL=0.0208  (90.9s)
  step   2880  ep 15/20  train KL=0.0208  (91.4s)
  step   2900  ep 15/20  train KL=0.0208  (91.9s)
  step   2920  ep 15/20  train KL=0.0208  (92.5s)
== ep 15: train KL=0.0208  (92.9s)
  step   2940  ep 16/20  train KL=0.0203  (93.8s)
  step   2960  ep 16/20  train KL=0.0202  (94.4s)
  step   2980  ep 16/20  train KL=0.0201  (94.9s)
  step   3000  ep 16/20  train KL=0.0201  (95.5s)
  step   3020  ep 16/20  train KL=0.0202  (96.0s)
  step   3040  ep 16/20  train KL=0.0202  (96.6s)
  step   3060  ep 16/20  train KL=0.0202  (97.2s)
  step   3080  ep 16/20  train KL=0.0202  (97.7s)
  step   3100  ep 16/20  train KL=0.0202  (98.3s)
  step   3120  ep 16/20  train KL=0.0202  (98.9s)
== ep 16: train KL=0.0202  (99.0s)
  step   3140  ep 17/20  train KL=0.0198  (100.1s)
  step   3160  ep 17/20  train KL=0.0198  (100.7s)
  step   3180  ep 17/20  train KL=0.0198  (101.3s)
  step   3200  ep 17/20  train KL=0.0199  (101.8s)
  step   3220  ep 17/20  train KL=0.0199  (102.4s)
  step   3240  ep 17/20  train KL=0.0199  (102.9s)
  step   3260  ep 17/20  train KL=0.0199  (103.5s)
  step   3280  ep 17/20  train KL=0.0199  (104.1s)
  step   3300  ep 17/20  train KL=0.0199  (104.6s)
== ep 17: train KL=0.0199  (105.2s)
  step   3320  ep 18/20  train KL=0.0197  (105.8s)
  step   3340  ep 18/20  train KL=0.0197  (106.5s)
  step   3360  ep 18/20  train KL=0.0196  (107.0s)
  step   3380  ep 18/20  train KL=0.0196  (107.6s)
  step   3400  ep 18/20  train KL=0.0196  (108.1s)
  step   3420  ep 18/20  train KL=0.0196  (108.7s)
  step   3440  ep 18/20  train KL=0.0196  (109.2s)
  step   3460  ep 18/20  train KL=0.0196  (109.8s)
  step   3480  ep 18/20  train KL=0.0196  (110.4s)
  step   3500  ep 18/20  train KL=0.0196  (110.9s)
== ep 18: train KL=0.0196  (111.4s)
  step   3520  ep 19/20  train KL=0.0194  (112.2s)
  step   3540  ep 19/20  train KL=0.0193  (112.8s)
  step   3560  ep 19/20  train KL=0.0194  (113.3s)
  step   3580  ep 19/20  train KL=0.0194  (113.9s)
  step   3600  ep 19/20  train KL=0.0194  (114.4s)
  step   3620  ep 19/20  train KL=0.0194  (115.0s)
  step   3640  ep 19/20  train KL=0.0194  (115.6s)
  step   3660  ep 19/20  train KL=0.0194  (116.1s)
  step   3680  ep 19/20  train KL=0.0195  (116.7s)
  step   3700  ep 19/20  train KL=0.0195  (117.3s)
== ep 19: train KL=0.0195  (117.6s)
  step   3720  ep 20/20  train KL=0.0193  (118.6s)
  step   3740  ep 20/20  train KL=0.0193  (119.1s)
  step   3760  ep 20/20  train KL=0.0194  (119.7s)
  step   3780  ep 20/20  train KL=0.0194  (120.3s)
  step   3800  ep 20/20  train KL=0.0194  (120.8s)
  step   3820  ep 20/20  train KL=0.0194  (121.4s)
  step   3840  ep 20/20  train KL=0.0194  (122.0s)
  step   3860  ep 20/20  train KL=0.0194  (122.5s)
  step   3880  ep 20/20  train KL=0.0194  (123.1s)
  step   3900  ep 20/20  train KL=0.0194  (123.7s)
== ep 20: train KL=0.0194  (123.8s)

Done. Total time: 123.8s
