Materializing 100000 rows from parquet...
  inputs:  (100000, 384) float32
  logits:  (100000, 32768) float16
  load time: 14.3s

Using all 100000 samples for training (capacity test).

Model: StackedLutUnembedder — 53.22M params
  LN(384)
  block 0: TinyMultiHeadLut(384→384, n_heads=1, tph=413, nap=8) + residual
  block 1: TinyMultiHeadLut(384→384, n_heads=1, tph=413, nap=8) + residual
  final: Linear(384, 32768, bias=True)
  init_std=0.1

Training: epochs=20 batch_size=512 lr=0.001 schedule=cosine warmup=0

  step     20  ep 1/20  train KL=2.1605  (1.4s)
  step     40  ep 1/20  train KL=1.5016  (2.0s)
  step     60  ep 1/20  train KL=1.2066  (2.5s)
  step     80  ep 1/20  train KL=1.0312  (3.1s)
  step    100  ep 1/20  train KL=0.9135  (3.6s)
  step    120  ep 1/20  train KL=0.8261  (4.2s)
  step    140  ep 1/20  train KL=0.7589  (4.7s)
  step    160  ep 1/20  train KL=0.7050  (5.3s)
  step    180  ep 1/20  train KL=0.6598  (5.8s)
== ep 1: train KL=0.6308  (6.4s)
  step    200  ep 2/20  train KL=0.2522  (7.0s)
  step    220  ep 2/20  train KL=0.2428  (7.6s)
  step    240  ep 2/20  train KL=0.2344  (8.2s)
  step    260  ep 2/20  train KL=0.2266  (8.7s)
  step    280  ep 2/20  train KL=0.2202  (9.2s)
  step    300  ep 2/20  train KL=0.2151  (9.8s)
  step    320  ep 2/20  train KL=0.2100  (10.4s)
  step    340  ep 2/20  train KL=0.2056  (10.9s)
  step    360  ep 2/20  train KL=0.2014  (11.5s)
  step    380  ep 2/20  train KL=0.1976  (12.0s)
== ep 2: train KL=0.1957  (12.5s)
  step    400  ep 3/20  train KL=0.1537  (13.3s)
  step    420  ep 3/20  train KL=0.1569  (13.9s)
  step    440  ep 3/20  train KL=0.1552  (14.4s)
  step    460  ep 3/20  train KL=0.1538  (15.0s)
  step    480  ep 3/20  train KL=0.1517  (15.5s)
  step    500  ep 3/20  train KL=0.1500  (16.1s)
  step    520  ep 3/20  train KL=0.1482  (16.7s)
  step    540  ep 3/20  train KL=0.1467  (17.2s)
  step    560  ep 3/20  train KL=0.1452  (17.8s)
  step    580  ep 3/20  train KL=0.1441  (18.4s)
== ep 3: train KL=0.1437  (18.7s)
  step    600  ep 4/20  train KL=0.1250  (19.6s)
  step    620  ep 4/20  train KL=0.1231  (20.2s)
  step    640  ep 4/20  train KL=0.1219  (20.8s)
  step    660  ep 4/20  train KL=0.1209  (21.3s)
  step    680  ep 4/20  train KL=0.1198  (21.9s)
  step    700  ep 4/20  train KL=0.1185  (22.4s)
  step    720  ep 4/20  train KL=0.1174  (23.0s)
  step    740  ep 4/20  train KL=0.1165  (23.6s)
  step    760  ep 4/20  train KL=0.1156  (24.1s)
  step    780  ep 4/20  train KL=0.1152  (24.7s)
== ep 4: train KL=0.1152  (24.9s)
  step    800  ep 5/20  train KL=0.1042  (25.9s)
  step    820  ep 5/20  train KL=0.1039  (26.5s)
  step    840  ep 5/20  train KL=0.1039  (27.1s)
  step    860  ep 5/20  train KL=0.1034  (27.6s)
  step    880  ep 5/20  train KL=0.1023  (28.2s)
  step    900  ep 5/20  train KL=0.1016  (28.8s)
  step    920  ep 5/20  train KL=0.1007  (29.3s)
  step    940  ep 5/20  train KL=0.1002  (29.9s)
  step    960  ep 5/20  train KL=0.0995  (30.5s)
== ep 5: train KL=0.0992  (31.1s)
  step    980  ep 6/20  train KL=0.0888  (31.6s)
  step   1000  ep 6/20  train KL=0.0922  (32.3s)
  step   1020  ep 6/20  train KL=0.0915  (32.9s)
  step   1040  ep 6/20  train KL=0.0907  (33.4s)
  step   1060  ep 6/20  train KL=0.0901  (34.0s)
  step   1080  ep 6/20  train KL=0.0896  (34.5s)
  step   1100  ep 6/20  train KL=0.0891  (35.1s)
  step   1120  ep 6/20  train KL=0.0887  (35.7s)
  step   1140  ep 6/20  train KL=0.0879  (36.3s)
  step   1160  ep 6/20  train KL=0.0875  (36.8s)
== ep 6: train KL=0.0873  (37.2s)
  step   1180  ep 7/20  train KL=0.0817  (38.0s)
  step   1200  ep 7/20  train KL=0.0826  (38.6s)
  step   1220  ep 7/20  train KL=0.0820  (39.1s)
  step   1240  ep 7/20  train KL=0.0812  (39.7s)
  step   1260  ep 7/20  train KL=0.0805  (40.2s)
  step   1280  ep 7/20  train KL=0.0798  (40.8s)
  step   1300  ep 7/20  train KL=0.0794  (41.4s)
  step   1320  ep 7/20  train KL=0.0790  (42.0s)
  step   1340  ep 7/20  train KL=0.0785  (42.5s)
  step   1360  ep 7/20  train KL=0.0782  (43.1s)
== ep 7: train KL=0.0781  (43.4s)
  step   1380  ep 8/20  train KL=0.0732  (44.3s)
  step   1400  ep 8/20  train KL=0.0727  (44.9s)
  step   1420  ep 8/20  train KL=0.0720  (45.5s)
  step   1440  ep 8/20  train KL=0.0718  (46.1s)
  step   1460  ep 8/20  train KL=0.0714  (46.6s)
  step   1480  ep 8/20  train KL=0.0709  (47.2s)
  step   1500  ep 8/20  train KL=0.0706  (47.7s)
  step   1520  ep 8/20  train KL=0.0703  (48.2s)
  step   1540  ep 8/20  train KL=0.0699  (48.8s)
  step   1560  ep 8/20  train KL=0.0697  (49.4s)
== ep 8: train KL=0.0697  (49.6s)
  step   1580  ep 9/20  train KL=0.0645  (50.7s)
  step   1600  ep 9/20  train KL=0.0644  (51.2s)
  step   1620  ep 9/20  train KL=0.0645  (51.8s)
  step   1640  ep 9/20  train KL=0.0640  (52.4s)
  step   1660  ep 9/20  train KL=0.0635  (52.9s)
  step   1680  ep 9/20  train KL=0.0632  (53.5s)
  step   1700  ep 9/20  train KL=0.0628  (54.1s)
  step   1720  ep 9/20  train KL=0.0625  (54.6s)
  step   1740  ep 9/20  train KL=0.0624  (55.2s)
== ep 9: train KL=0.0623  (55.8s)
  step   1760  ep 10/20  train KL=0.0583  (56.2s)
  step   1780  ep 10/20  train KL=0.0577  (56.9s)
  step   1800  ep 10/20  train KL=0.0570  (57.5s)
  step   1820  ep 10/20  train KL=0.0568  (58.1s)
  step   1840  ep 10/20  train KL=0.0564  (58.6s)
  step   1860  ep 10/20  train KL=0.0563  (59.2s)
  step   1880  ep 10/20  train KL=0.0563  (59.7s)
  step   1900  ep 10/20  train KL=0.0560  (60.3s)
  step   1920  ep 10/20  train KL=0.0557  (60.8s)
  step   1940  ep 10/20  train KL=0.0554  (61.4s)
== ep 10: train KL=0.0553  (61.9s)
  step   1960  ep 11/20  train KL=0.0504  (62.6s)
  step   1980  ep 11/20  train KL=0.0502  (63.2s)
  step   2000  ep 11/20  train KL=0.0496  (63.8s)
  step   2020  ep 11/20  train KL=0.0492  (64.3s)
  step   2040  ep 11/20  train KL=0.0490  (64.9s)
  step   2060  ep 11/20  train KL=0.0489  (65.5s)
  step   2080  ep 11/20  train KL=0.0487  (66.0s)
  step   2100  ep 11/20  train KL=0.0486  (66.6s)
  step   2120  ep 11/20  train KL=0.0486  (67.1s)
  step   2140  ep 11/20  train KL=0.0484  (67.7s)
== ep 11: train KL=0.0484  (68.0s)
  step   2160  ep 12/20  train KL=0.0426  (68.9s)
  step   2180  ep 12/20  train KL=0.0425  (69.5s)
  step   2200  ep 12/20  train KL=0.0428  (70.1s)
  step   2220  ep 12/20  train KL=0.0428  (70.6s)
  step   2240  ep 12/20  train KL=0.0430  (71.2s)
  step   2260  ep 12/20  train KL=0.0429  (71.8s)
  step   2280  ep 12/20  train KL=0.0428  (72.3s)
  step   2300  ep 12/20  train KL=0.0428  (72.9s)
  step   2320  ep 12/20  train KL=0.0427  (73.5s)
  step   2340  ep 12/20  train KL=0.0426  (74.0s)
== ep 12: train KL=0.0426  (74.2s)
  step   2360  ep 13/20  train KL=0.0384  (75.3s)
  step   2380  ep 13/20  train KL=0.0382  (75.8s)
  step   2400  ep 13/20  train KL=0.0381  (76.4s)
  step   2420  ep 13/20  train KL=0.0380  (76.9s)
  step   2440  ep 13/20  train KL=0.0380  (77.5s)
  step   2460  ep 13/20  train KL=0.0379  (78.1s)
  step   2480  ep 13/20  train KL=0.0379  (78.7s)
  step   2500  ep 13/20  train KL=0.0378  (79.2s)
  step   2520  ep 13/20  train KL=0.0378  (79.8s)
== ep 13: train KL=0.0377  (80.4s)
  step   2540  ep 14/20  train KL=0.0342  (80.9s)
  step   2560  ep 14/20  train KL=0.0338  (81.6s)
  step   2580  ep 14/20  train KL=0.0340  (82.2s)
  step   2600  ep 14/20  train KL=0.0340  (82.7s)
  step   2620  ep 14/20  train KL=0.0339  (83.3s)
  step   2640  ep 14/20  train KL=0.0339  (83.8s)
  step   2660  ep 14/20  train KL=0.0340  (84.4s)
  step   2680  ep 14/20  train KL=0.0340  (85.0s)
  step   2700  ep 14/20  train KL=0.0340  (85.5s)
  step   2720  ep 14/20  train KL=0.0340  (86.1s)
== ep 14: train KL=0.0340  (86.5s)
  step   2740  ep 15/20  train KL=0.0311  (87.3s)
  step   2760  ep 15/20  train KL=0.0311  (87.9s)
  step   2780  ep 15/20  train KL=0.0310  (88.4s)
  step   2800  ep 15/20  train KL=0.0311  (89.0s)
  step   2820  ep 15/20  train KL=0.0311  (89.5s)
  step   2840  ep 15/20  train KL=0.0310  (90.1s)
  step   2860  ep 15/20  train KL=0.0311  (90.6s)
  step   2880  ep 15/20  train KL=0.0311  (91.2s)
  step   2900  ep 15/20  train KL=0.0311  (91.8s)
  step   2920  ep 15/20  train KL=0.0311  (92.3s)
== ep 15: train KL=0.0311  (92.6s)
  step   2940  ep 16/20  train KL=0.0293  (93.5s)
  step   2960  ep 16/20  train KL=0.0291  (94.1s)
  step   2980  ep 16/20  train KL=0.0291  (94.7s)
  step   3000  ep 16/20  train KL=0.0291  (95.3s)
  step   3020  ep 16/20  train KL=0.0291  (95.8s)
  step   3040  ep 16/20  train KL=0.0292  (96.4s)
  step   3060  ep 16/20  train KL=0.0292  (97.0s)
  step   3080  ep 16/20  train KL=0.0292  (97.5s)
  step   3100  ep 16/20  train KL=0.0293  (98.1s)
  step   3120  ep 16/20  train KL=0.0293  (98.6s)
== ep 16: train KL=0.0293  (98.8s)
  step   3140  ep 17/20  train KL=0.0277  (99.9s)
  step   3160  ep 17/20  train KL=0.0278  (100.5s)
  step   3180  ep 17/20  train KL=0.0279  (101.0s)
  step   3200  ep 17/20  train KL=0.0280  (101.6s)
  step   3220  ep 17/20  train KL=0.0280  (102.2s)
  step   3240  ep 17/20  train KL=0.0280  (102.7s)
  step   3260  ep 17/20  train KL=0.0280  (103.3s)
  step   3280  ep 17/20  train KL=0.0280  (103.9s)
  step   3300  ep 17/20  train KL=0.0280  (104.5s)
== ep 17: train KL=0.0280  (105.1s)
  step   3320  ep 18/20  train KL=0.0273  (105.6s)
  step   3340  ep 18/20  train KL=0.0273  (106.3s)
  step   3360  ep 18/20  train KL=0.0272  (106.9s)
  step   3380  ep 18/20  train KL=0.0272  (107.5s)
  step   3400  ep 18/20  train KL=0.0272  (108.0s)
  step   3420  ep 18/20  train KL=0.0272  (108.6s)
  step   3440  ep 18/20  train KL=0.0272  (109.2s)
  step   3460  ep 18/20  train KL=0.0272  (109.7s)
  step   3480  ep 18/20  train KL=0.0272  (110.3s)
  step   3500  ep 18/20  train KL=0.0272  (110.8s)
== ep 18: train KL=0.0272  (111.3s)
  step   3520  ep 19/20  train KL=0.0266  (112.1s)
  step   3540  ep 19/20  train KL=0.0266  (112.7s)
  step   3560  ep 19/20  train KL=0.0267  (113.2s)
  step   3580  ep 19/20  train KL=0.0267  (113.8s)
  step   3600  ep 19/20  train KL=0.0267  (114.4s)
  step   3620  ep 19/20  train KL=0.0267  (115.0s)
  step   3640  ep 19/20  train KL=0.0267  (115.6s)
  step   3660  ep 19/20  train KL=0.0267  (116.1s)
  step   3680  ep 19/20  train KL=0.0268  (116.7s)
  step   3700  ep 19/20  train KL=0.0267  (117.3s)
== ep 19: train KL=0.0268  (117.6s)
  step   3720  ep 20/20  train KL=0.0264  (118.5s)
  step   3740  ep 20/20  train KL=0.0264  (119.1s)
  step   3760  ep 20/20  train KL=0.0265  (119.7s)
  step   3780  ep 20/20  train KL=0.0265  (120.2s)
  step   3800  ep 20/20  train KL=0.0265  (120.8s)
  step   3820  ep 20/20  train KL=0.0264  (121.4s)
  step   3840  ep 20/20  train KL=0.0264  (121.9s)
  step   3860  ep 20/20  train KL=0.0265  (122.5s)
  step   3880  ep 20/20  train KL=0.0265  (123.0s)
  step   3900  ep 20/20  train KL=0.0265  (123.6s)
== ep 20: train KL=0.0265  (123.8s)

Done. Total time: 123.8s
