Materializing 100000 rows from parquet...
  inputs:  (100000, 384) float32
  logits:  (100000, 32768) float16
  load time: 14.1s

Using all 100000 samples for training (capacity test, no val split).

Model: MlpUnembedder — 101.84M params
  fc1: Linear(384, 3072, bias=False)
  fc2: Linear(3072, 32768, bias=False)

Training: epochs=40 batch_size=512 lr=0.001 schedule=cosine warmup=0

  step     20  ep 1/40  train KL=1.3521  (1.4s)
  step     40  ep 1/40  train KL=0.8243  (1.9s)
  step     60  ep 1/40  train KL=0.6082  (2.5s)
  step     80  ep 1/40  train KL=0.4895  (3.1s)
  step    100  ep 1/40  train KL=0.4140  (3.6s)
  step    120  ep 1/40  train KL=0.3616  (4.2s)
  step    140  ep 1/40  train KL=0.3230  (4.7s)
  step    160  ep 1/40  train KL=0.2929  (5.3s)
  step    180  ep 1/40  train KL=0.2689  (5.9s)
== ep 1: train KL=0.2538  (6.5s)
  step    200  ep 2/40  train KL=0.0650  (7.0s)
  step    220  ep 2/40  train KL=0.0620  (7.7s)
  step    240  ep 2/40  train KL=0.0592  (8.3s)
  step    260  ep 2/40  train KL=0.0571  (8.8s)
  step    280  ep 2/40  train KL=0.0555  (9.4s)
  step    300  ep 2/40  train KL=0.0540  (10.0s)
  step    320  ep 2/40  train KL=0.0528  (10.5s)
  step    340  ep 2/40  train KL=0.0517  (11.1s)
  step    360  ep 2/40  train KL=0.0506  (11.7s)
  step    380  ep 2/40  train KL=0.0497  (12.2s)
== ep 2: train KL=0.0492  (12.7s)
  step    400  ep 3/40  train KL=0.0381  (13.5s)
  step    420  ep 3/40  train KL=0.0376  (14.1s)
  step    440  ep 3/40  train KL=0.0372  (14.6s)
  step    460  ep 3/40  train KL=0.0368  (15.2s)
  step    480  ep 3/40  train KL=0.0364  (15.8s)
  step    500  ep 3/40  train KL=0.0358  (16.4s)
  step    520  ep 3/40  train KL=0.0353  (16.9s)
  step    540  ep 3/40  train KL=0.0348  (17.5s)
  step    560  ep 3/40  train KL=0.0345  (18.1s)
  step    580  ep 3/40  train KL=0.0342  (18.6s)
== ep 3: train KL=0.0341  (19.0s)
  step    600  ep 4/40  train KL=0.0295  (20.0s)
  step    620  ep 4/40  train KL=0.0295  (20.5s)
  step    640  ep 4/40  train KL=0.0289  (21.1s)
  step    660  ep 4/40  train KL=0.0289  (21.6s)
  step    680  ep 4/40  train KL=0.0287  (22.2s)
  step    700  ep 4/40  train KL=0.0287  (22.8s)
  step    720  ep 4/40  train KL=0.0285  (23.4s)
  step    740  ep 4/40  train KL=0.0283  (24.0s)
  step    760  ep 4/40  train KL=0.0281  (24.6s)
  step    780  ep 4/40  train KL=0.0279  (25.1s)
== ep 4: train KL=0.0279  (25.3s)
  step    800  ep 5/40  train KL=0.0270  (26.5s)
  step    820  ep 5/40  train KL=0.0272  (27.0s)
  step    840  ep 5/40  train KL=0.0266  (27.6s)
  step    860  ep 5/40  train KL=0.0262  (28.2s)
  step    880  ep 5/40  train KL=0.0259  (28.7s)
  step    900  ep 5/40  train KL=0.0256  (29.3s)
  step    920  ep 5/40  train KL=0.0254  (29.9s)
  step    940  ep 5/40  train KL=0.0252  (30.4s)
  step    960  ep 5/40  train KL=0.0251  (31.0s)
== ep 5: train KL=0.0251  (31.6s)
  step    980  ep 6/40  train KL=0.0236  (32.1s)
  step   1000  ep 6/40  train KL=0.0234  (32.9s)
  step   1020  ep 6/40  train KL=0.0233  (33.5s)
  step   1040  ep 6/40  train KL=0.0235  (34.1s)
  step   1060  ep 6/40  train KL=0.0236  (34.7s)
  step   1080  ep 6/40  train KL=0.0236  (35.2s)
  step   1100  ep 6/40  train KL=0.0233  (35.8s)
  step   1120  ep 6/40  train KL=0.0232  (36.4s)
  step   1140  ep 6/40  train KL=0.0232  (36.9s)
  step   1160  ep 6/40  train KL=0.0231  (37.5s)
== ep 6: train KL=0.0230  (38.0s)
  step   1180  ep 7/40  train KL=0.0214  (38.6s)
  step   1200  ep 7/40  train KL=0.0215  (39.3s)
  step   1220  ep 7/40  train KL=0.0216  (39.9s)
  step   1240  ep 7/40  train KL=0.0215  (40.5s)
  step   1260  ep 7/40  train KL=0.0215  (41.0s)
  step   1280  ep 7/40  train KL=0.0214  (41.6s)
  step   1300  ep 7/40  train KL=0.0213  (42.2s)
  step   1320  ep 7/40  train KL=0.0212  (42.8s)
  step   1340  ep 7/40  train KL=0.0211  (43.3s)
  step   1360  ep 7/40  train KL=0.0210  (43.9s)
== ep 7: train KL=0.0210  (44.2s)
  step   1380  ep 8/40  train KL=0.0197  (45.0s)
  step   1400  ep 8/40  train KL=0.0201  (45.7s)
  step   1420  ep 8/40  train KL=0.0196  (46.3s)
  step   1440  ep 8/40  train KL=0.0195  (46.9s)
  step   1460  ep 8/40  train KL=0.0196  (47.4s)
  step   1480  ep 8/40  train KL=0.0196  (48.0s)
  step   1500  ep 8/40  train KL=0.0195  (48.5s)
  step   1520  ep 8/40  train KL=0.0192  (49.1s)
  step   1540  ep 8/40  train KL=0.0191  (49.7s)
  step   1560  ep 8/40  train KL=0.0190  (50.2s)
== ep 8: train KL=0.0190  (50.4s)
  step   1580  ep 9/40  train KL=0.0176  (51.5s)
  step   1600  ep 9/40  train KL=0.0181  (52.0s)
  step   1620  ep 9/40  train KL=0.0179  (52.6s)
  step   1640  ep 9/40  train KL=0.0178  (53.2s)
  step   1660  ep 9/40  train KL=0.0177  (53.7s)
  step   1680  ep 9/40  train KL=0.0176  (54.3s)
  step   1700  ep 9/40  train KL=0.0176  (54.8s)
  step   1720  ep 9/40  train KL=0.0177  (55.4s)
  step   1740  ep 9/40  train KL=0.0177  (56.0s)
== ep 9: train KL=0.0176  (56.6s)
  step   1760  ep 10/40  train KL=0.0161  (57.1s)
  step   1780  ep 10/40  train KL=0.0163  (57.8s)
  step   1800  ep 10/40  train KL=0.0164  (58.3s)
  step   1820  ep 10/40  train KL=0.0165  (58.9s)
  step   1840  ep 10/40  train KL=0.0166  (59.5s)
  step   1860  ep 10/40  train KL=0.0169  (60.0s)
  step   1880  ep 10/40  train KL=0.0169  (60.6s)
  step   1900  ep 10/40  train KL=0.0167  (61.2s)
  step   1920  ep 10/40  train KL=0.0166  (61.7s)
  step   1940  ep 10/40  train KL=0.0165  (62.3s)
== ep 10: train KL=0.0164  (62.7s)
  step   1960  ep 11/40  train KL=0.0153  (63.4s)
  step   1980  ep 11/40  train KL=0.0155  (64.1s)
  step   2000  ep 11/40  train KL=0.0156  (64.7s)
  step   2020  ep 11/40  train KL=0.0155  (65.3s)
  step   2040  ep 11/40  train KL=0.0154  (65.8s)
  step   2060  ep 11/40  train KL=0.0153  (66.4s)
  step   2080  ep 11/40  train KL=0.0152  (67.0s)
  step   2100  ep 11/40  train KL=0.0151  (67.5s)
  step   2120  ep 11/40  train KL=0.0151  (68.1s)
  step   2140  ep 11/40  train KL=0.0151  (68.6s)
== ep 11: train KL=0.0151  (69.0s)
  step   2160  ep 12/40  train KL=0.0152  (69.8s)
  step   2180  ep 12/40  train KL=0.0158  (70.4s)
  step   2200  ep 12/40  train KL=0.0155  (71.0s)
  step   2220  ep 12/40  train KL=0.0152  (71.6s)
  step   2240  ep 12/40  train KL=0.0151  (72.2s)
  step   2260  ep 12/40  train KL=0.0149  (72.7s)
  step   2280  ep 12/40  train KL=0.0147  (73.3s)
  step   2300  ep 12/40  train KL=0.0147  (73.8s)
  step   2320  ep 12/40  train KL=0.0146  (74.4s)
  step   2340  ep 12/40  train KL=0.0146  (75.0s)
== ep 12: train KL=0.0146  (75.2s)
  step   2360  ep 13/40  train KL=0.0140  (76.2s)
  step   2380  ep 13/40  train KL=0.0139  (76.8s)
  step   2400  ep 13/40  train KL=0.0139  (77.3s)
  step   2420  ep 13/40  train KL=0.0141  (77.9s)
  step   2440  ep 13/40  train KL=0.0140  (78.5s)
  step   2460  ep 13/40  train KL=0.0139  (79.0s)
  step   2480  ep 13/40  train KL=0.0137  (79.6s)
  step   2500  ep 13/40  train KL=0.0137  (80.1s)
  step   2520  ep 13/40  train KL=0.0136  (80.7s)
== ep 13: train KL=0.0136  (81.3s)
  step   2540  ep 14/40  train KL=0.0123  (81.8s)
  step   2560  ep 14/40  train KL=0.0124  (82.5s)
  step   2580  ep 14/40  train KL=0.0126  (83.1s)
  step   2600  ep 14/40  train KL=0.0126  (83.7s)
  step   2620  ep 14/40  train KL=0.0126  (84.2s)
  step   2640  ep 14/40  train KL=0.0126  (84.8s)
  step   2660  ep 14/40  train KL=0.0125  (85.3s)
  step   2680  ep 14/40  train KL=0.0124  (85.9s)
  step   2700  ep 14/40  train KL=0.0124  (86.5s)
  step   2720  ep 14/40  train KL=0.0124  (87.0s)
== ep 14: train KL=0.0124  (87.5s)
  step   2740  ep 15/40  train KL=0.0113  (88.1s)
  step   2760  ep 15/40  train KL=0.0118  (88.8s)
  step   2780  ep 15/40  train KL=0.0118  (89.4s)
  step   2800  ep 15/40  train KL=0.0119  (90.0s)
  step   2820  ep 15/40  train KL=0.0119  (90.5s)
  step   2840  ep 15/40  train KL=0.0119  (91.1s)
  step   2860  ep 15/40  train KL=0.0118  (91.7s)
  step   2880  ep 15/40  train KL=0.0118  (92.2s)
  step   2900  ep 15/40  train KL=0.0117  (92.8s)
  step   2920  ep 15/40  train KL=0.0117  (93.3s)
== ep 15: train KL=0.0117  (93.7s)
  step   2940  ep 16/40  train KL=0.0108  (94.5s)
  step   2960  ep 16/40  train KL=0.0115  (95.1s)
  step   2980  ep 16/40  train KL=0.0117  (95.7s)
  step   3000  ep 16/40  train KL=0.0116  (96.3s)
  step   3020  ep 16/40  train KL=0.0116  (96.8s)
  step   3040  ep 16/40  train KL=0.0115  (97.4s)
  step   3060  ep 16/40  train KL=0.0115  (97.9s)
  step   3080  ep 16/40  train KL=0.0114  (98.5s)
  step   3100  ep 16/40  train KL=0.0113  (99.1s)
  step   3120  ep 16/40  train KL=0.0113  (99.6s)
== ep 16: train KL=0.0113  (99.8s)
  step   3140  ep 17/40  train KL=0.0104  (100.9s)
  step   3160  ep 17/40  train KL=0.0105  (101.4s)
  step   3180  ep 17/40  train KL=0.0105  (102.0s)
  step   3200  ep 17/40  train KL=0.0104  (102.5s)
  step   3220  ep 17/40  train KL=0.0104  (103.1s)
  step   3240  ep 17/40  train KL=0.0104  (103.6s)
  step   3260  ep 17/40  train KL=0.0104  (104.2s)
  step   3280  ep 17/40  train KL=0.0103  (104.8s)
  step   3300  ep 17/40  train KL=0.0103  (105.3s)
== ep 17: train KL=0.0103  (105.9s)
  step   3320  ep 18/40  train KL=0.0100  (106.4s)
  step   3340  ep 18/40  train KL=0.0098  (107.1s)
  step   3360  ep 18/40  train KL=0.0098  (107.7s)
  step   3380  ep 18/40  train KL=0.0099  (108.2s)
  step   3400  ep 18/40  train KL=0.0099  (108.8s)
  step   3420  ep 18/40  train KL=0.0098  (109.4s)
  step   3440  ep 18/40  train KL=0.0098  (110.0s)
  step   3460  ep 18/40  train KL=0.0098  (110.6s)
  step   3480  ep 18/40  train KL=0.0097  (111.1s)
  step   3500  ep 18/40  train KL=0.0096  (111.7s)
== ep 18: train KL=0.0096  (112.2s)
  step   3520  ep 19/40  train KL=0.0093  (112.8s)
  step   3540  ep 19/40  train KL=0.0092  (113.6s)
  step   3560  ep 19/40  train KL=0.0092  (114.1s)
  step   3580  ep 19/40  train KL=0.0092  (114.7s)
  step   3600  ep 19/40  train KL=0.0093  (115.3s)
  step   3620  ep 19/40  train KL=0.0092  (115.8s)
  step   3640  ep 19/40  train KL=0.0092  (116.4s)
  step   3660  ep 19/40  train KL=0.0091  (117.0s)
  step   3680  ep 19/40  train KL=0.0091  (117.5s)
  step   3700  ep 19/40  train KL=0.0090  (118.1s)
== ep 19: train KL=0.0090  (118.4s)
  step   3720  ep 20/40  train KL=0.0084  (119.2s)
  step   3740  ep 20/40  train KL=0.0086  (119.9s)
  step   3760  ep 20/40  train KL=0.0086  (120.4s)
  step   3780  ep 20/40  train KL=0.0087  (121.0s)
  step   3800  ep 20/40  train KL=0.0086  (121.5s)
  step   3820  ep 20/40  train KL=0.0086  (122.1s)
  step   3840  ep 20/40  train KL=0.0085  (122.7s)
  step   3860  ep 20/40  train KL=0.0085  (123.2s)
  step   3880  ep 20/40  train KL=0.0084  (123.8s)
  step   3900  ep 20/40  train KL=0.0085  (124.4s)
== ep 20: train KL=0.0085  (124.6s)
  step   3920  ep 21/40  train KL=0.0080  (125.6s)
  step   3940  ep 21/40  train KL=0.0082  (126.2s)
  step   3960  ep 21/40  train KL=0.0081  (126.7s)
  step   3980  ep 21/40  train KL=0.0080  (127.3s)
  step   4000  ep 21/40  train KL=0.0081  (127.9s)
  step   4020  ep 21/40  train KL=0.0081  (128.4s)
  step   4040  ep 21/40  train KL=0.0080  (129.0s)
  step   4060  ep 21/40  train KL=0.0080  (129.5s)
  step   4080  ep 21/40  train KL=0.0080  (130.1s)
== ep 21: train KL=0.0080  (130.7s)
  step   4100  ep 22/40  train KL=0.0079  (131.3s)
  step   4120  ep 22/40  train KL=0.0075  (132.0s)
  step   4140  ep 22/40  train KL=0.0075  (132.6s)
  step   4160  ep 22/40  train KL=0.0075  (133.1s)
  step   4180  ep 22/40  train KL=0.0075  (133.7s)
  step   4200  ep 22/40  train KL=0.0075  (134.3s)
  step   4220  ep 22/40  train KL=0.0075  (134.9s)
  step   4240  ep 22/40  train KL=0.0075  (135.4s)
  step   4260  ep 22/40  train KL=0.0075  (136.0s)
  step   4280  ep 22/40  train KL=0.0075  (136.5s)
== ep 22: train KL=0.0075  (137.0s)
  step   4300  ep 23/40  train KL=0.0071  (137.8s)
  step   4320  ep 23/40  train KL=0.0071  (138.4s)
  step   4340  ep 23/40  train KL=0.0071  (139.0s)
  step   4360  ep 23/40  train KL=0.0071  (139.5s)
  step   4380  ep 23/40  train KL=0.0071  (140.1s)
  step   4400  ep 23/40  train KL=0.0071  (140.7s)
  step   4420  ep 23/40  train KL=0.0070  (141.2s)
  step   4440  ep 23/40  train KL=0.0070  (141.8s)
  step   4460  ep 23/40  train KL=0.0070  (142.4s)
  step   4480  ep 23/40  train KL=0.0070  (142.9s)
== ep 23: train KL=0.0070  (143.3s)
  step   4500  ep 24/40  train KL=0.0066  (144.2s)
  step   4520  ep 24/40  train KL=0.0066  (144.9s)
  step   4540  ep 24/40  train KL=0.0066  (145.5s)
  step   4560  ep 24/40  train KL=0.0066  (146.0s)
  step   4580  ep 24/40  train KL=0.0066  (146.6s)
  step   4600  ep 24/40  train KL=0.0066  (147.2s)
  step   4620  ep 24/40  train KL=0.0066  (147.8s)
  step   4640  ep 24/40  train KL=0.0066  (148.4s)
  step   4660  ep 24/40  train KL=0.0066  (148.9s)
  step   4680  ep 24/40  train KL=0.0066  (149.5s)
== ep 24: train KL=0.0066  (149.7s)
  step   4700  ep 25/40  train KL=0.0063  (150.9s)
  step   4720  ep 25/40  train KL=0.0063  (151.4s)
  step   4740  ep 25/40  train KL=0.0063  (152.0s)
  step   4760  ep 25/40  train KL=0.0063  (152.5s)
  step   4780  ep 25/40  train KL=0.0062  (153.1s)
  step   4800  ep 25/40  train KL=0.0062  (153.6s)
  step   4820  ep 25/40  train KL=0.0062  (154.2s)
  step   4840  ep 25/40  train KL=0.0062  (154.7s)
  step   4860  ep 25/40  train KL=0.0062  (155.3s)
== ep 25: train KL=0.0062  (155.9s)
  step   4880  ep 26/40  train KL=0.0060  (156.4s)
  step   4900  ep 26/40  train KL=0.0060  (157.1s)
  step   4920  ep 26/40  train KL=0.0060  (157.7s)
  step   4940  ep 26/40  train KL=0.0060  (158.3s)
  step   4960  ep 26/40  train KL=0.0060  (158.8s)
  step   4980  ep 26/40  train KL=0.0060  (159.4s)
  step   5000  ep 26/40  train KL=0.0059  (160.0s)
  step   5020  ep 26/40  train KL=0.0059  (160.5s)
  step   5040  ep 26/40  train KL=0.0059  (161.1s)
  step   5060  ep 26/40  train KL=0.0059  (161.7s)
== ep 26: train KL=0.0059  (162.1s)
  step   5080  ep 27/40  train KL=0.0056  (162.8s)
  step   5100  ep 27/40  train KL=0.0057  (163.5s)
  step   5120  ep 27/40  train KL=0.0057  (164.0s)
  step   5140  ep 27/40  train KL=0.0057  (164.6s)
  step   5160  ep 27/40  train KL=0.0057  (165.2s)
  step   5180  ep 27/40  train KL=0.0057  (165.7s)
  step   5200  ep 27/40  train KL=0.0057  (166.3s)
  step   5220  ep 27/40  train KL=0.0057  (166.9s)
  step   5240  ep 27/40  train KL=0.0057  (167.4s)
  step   5260  ep 27/40  train KL=0.0057  (168.0s)
== ep 27: train KL=0.0057  (168.3s)
  step   5280  ep 28/40  train KL=0.0053  (169.1s)
  step   5300  ep 28/40  train KL=0.0054  (169.8s)
  step   5320  ep 28/40  train KL=0.0054  (170.4s)
  step   5340  ep 28/40  train KL=0.0054  (171.0s)
  step   5360  ep 28/40  train KL=0.0054  (171.5s)
  step   5380  ep 28/40  train KL=0.0055  (172.1s)
  step   5400  ep 28/40  train KL=0.0055  (172.7s)
  step   5420  ep 28/40  train KL=0.0055  (173.3s)
  step   5440  ep 28/40  train KL=0.0055  (173.9s)
  step   5460  ep 28/40  train KL=0.0055  (174.4s)
== ep 28: train KL=0.0055  (174.6s)
  step   5480  ep 29/40  train KL=0.0052  (175.6s)
  step   5500  ep 29/40  train KL=0.0052  (176.2s)
  step   5520  ep 29/40  train KL=0.0052  (176.8s)
  step   5540  ep 29/40  train KL=0.0052  (177.4s)
  step   5560  ep 29/40  train KL=0.0053  (177.9s)
  step   5580  ep 29/40  train KL=0.0053  (178.5s)
  step   5600  ep 29/40  train KL=0.0053  (179.1s)
  step   5620  ep 29/40  train KL=0.0053  (179.6s)
  step   5640  ep 29/40  train KL=0.0053  (180.2s)
== ep 29: train KL=0.0053  (180.8s)
  step   5660  ep 30/40  train KL=0.0051  (181.3s)
  step   5680  ep 30/40  train KL=0.0051  (182.0s)
  step   5700  ep 30/40  train KL=0.0051  (182.6s)
  step   5720  ep 30/40  train KL=0.0051  (183.1s)
  step   5740  ep 30/40  train KL=0.0051  (183.7s)
  step   5760  ep 30/40  train KL=0.0051  (184.2s)
  step   5780  ep 30/40  train KL=0.0051  (184.8s)
  step   5800  ep 30/40  train KL=0.0051  (185.4s)
  step   5820  ep 30/40  train KL=0.0051  (185.9s)
  step   5840  ep 30/40  train KL=0.0051  (186.5s)
== ep 30: train KL=0.0051  (187.0s)
  step   5860  ep 31/40  train KL=0.0050  (187.6s)
  step   5880  ep 31/40  train KL=0.0050  (188.3s)
  step   5900  ep 31/40  train KL=0.0050  (188.9s)
  step   5920  ep 31/40  train KL=0.0050  (189.5s)
  step   5940  ep 31/40  train KL=0.0050  (190.0s)
  step   5960  ep 31/40  train KL=0.0050  (190.6s)
  step   5980  ep 31/40  train KL=0.0050  (191.2s)
  step   6000  ep 31/40  train KL=0.0050  (191.7s)
  step   6020  ep 31/40  train KL=0.0050  (192.3s)
  step   6040  ep 31/40  train KL=0.0050  (192.9s)
== ep 31: train KL=0.0050  (193.2s)
  step   6060  ep 32/40  train KL=0.0048  (194.0s)
  step   6080  ep 32/40  train KL=0.0048  (194.7s)
  step   6100  ep 32/40  train KL=0.0049  (195.2s)
  step   6120  ep 32/40  train KL=0.0049  (195.8s)
  step   6140  ep 32/40  train KL=0.0049  (196.3s)
  step   6160  ep 32/40  train KL=0.0049  (196.9s)
  step   6180  ep 32/40  train KL=0.0049  (197.5s)
  step   6200  ep 32/40  train KL=0.0049  (198.1s)
  step   6220  ep 32/40  train KL=0.0049  (198.6s)
  step   6240  ep 32/40  train KL=0.0049  (199.2s)
== ep 32: train KL=0.0049  (199.4s)
  step   6260  ep 33/40  train KL=0.0047  (200.5s)
  step   6280  ep 33/40  train KL=0.0047  (201.1s)
  step   6300  ep 33/40  train KL=0.0047  (201.6s)
  step   6320  ep 33/40  train KL=0.0048  (202.2s)
  step   6340  ep 33/40  train KL=0.0048  (202.8s)
  step   6360  ep 33/40  train KL=0.0048  (203.4s)
  step   6380  ep 33/40  train KL=0.0048  (204.0s)
  step   6400  ep 33/40  train KL=0.0048  (204.5s)
  step   6420  ep 33/40  train KL=0.0048  (205.1s)
== ep 33: train KL=0.0048  (205.7s)
  step   6440  ep 34/40  train KL=0.0047  (206.2s)
  step   6460  ep 34/40  train KL=0.0047  (207.0s)
  step   6480  ep 34/40  train KL=0.0047  (207.5s)
  step   6500  ep 34/40  train KL=0.0047  (208.1s)
  step   6520  ep 34/40  train KL=0.0047  (208.7s)
  step   6540  ep 34/40  train KL=0.0047  (209.3s)
  step   6560  ep 34/40  train KL=0.0047  (209.8s)
  step   6580  ep 34/40  train KL=0.0047  (210.4s)
  step   6600  ep 34/40  train KL=0.0047  (211.0s)
  step   6620  ep 34/40  train KL=0.0047  (211.5s)
== ep 34: train KL=0.0047  (212.0s)
  step   6640  ep 35/40  train KL=0.0046  (212.6s)
  step   6660  ep 35/40  train KL=0.0046  (213.4s)
  step   6680  ep 35/40  train KL=0.0046  (213.9s)
  step   6700  ep 35/40  train KL=0.0047  (214.5s)
  step   6720  ep 35/40  train KL=0.0047  (215.1s)
  step   6740  ep 35/40  train KL=0.0047  (215.6s)
  step   6760  ep 35/40  train KL=0.0047  (216.2s)
  step   6780  ep 35/40  train KL=0.0047  (216.8s)
  step   6800  ep 35/40  train KL=0.0047  (217.3s)
  step   6820  ep 35/40  train KL=0.0047  (217.9s)
== ep 35: train KL=0.0047  (218.2s)
  step   6840  ep 36/40  train KL=0.0045  (219.0s)
  step   6860  ep 36/40  train KL=0.0046  (219.7s)
  step   6880  ep 36/40  train KL=0.0046  (220.3s)
  step   6900  ep 36/40  train KL=0.0046  (220.9s)
  step   6920  ep 36/40  train KL=0.0046  (221.4s)
  step   6940  ep 36/40  train KL=0.0046  (222.0s)
  step   6960  ep 36/40  train KL=0.0046  (222.6s)
  step   6980  ep 36/40  train KL=0.0046  (223.2s)
  step   7000  ep 36/40  train KL=0.0046  (223.7s)
  step   7020  ep 36/40  train KL=0.0046  (224.3s)
== ep 36: train KL=0.0046  (224.5s)
  step   7040  ep 37/40  train KL=0.0046  (225.5s)
  step   7060  ep 37/40  train KL=0.0046  (226.1s)
  step   7080  ep 37/40  train KL=0.0046  (226.7s)
  step   7100  ep 37/40  train KL=0.0045  (227.2s)
  step   7120  ep 37/40  train KL=0.0046  (227.8s)
  step   7140  ep 37/40  train KL=0.0046  (228.4s)
  step   7160  ep 37/40  train KL=0.0046  (228.9s)
  step   7180  ep 37/40  train KL=0.0046  (229.5s)
  step   7200  ep 37/40  train KL=0.0046  (230.1s)
== ep 37: train KL=0.0046  (230.7s)
  step   7220  ep 38/40  train KL=0.0045  (231.2s)
  step   7240  ep 38/40  train KL=0.0045  (231.9s)
  step   7260  ep 38/40  train KL=0.0045  (232.5s)
  step   7280  ep 38/40  train KL=0.0045  (233.1s)
  step   7300  ep 38/40  train KL=0.0045  (233.6s)
  step   7320  ep 38/40  train KL=0.0045  (234.2s)
  step   7340  ep 38/40  train KL=0.0045  (234.8s)
  step   7360  ep 38/40  train KL=0.0045  (235.3s)
  step   7380  ep 38/40  train KL=0.0045  (235.9s)
  step   7400  ep 38/40  train KL=0.0045  (236.5s)
== ep 38: train KL=0.0045  (237.0s)
  step   7420  ep 39/40  train KL=0.0045  (237.6s)
  step   7440  ep 39/40  train KL=0.0045  (238.3s)
  step   7460  ep 39/40  train KL=0.0045  (238.9s)
  step   7480  ep 39/40  train KL=0.0045  (239.5s)
  step   7500  ep 39/40  train KL=0.0045  (240.1s)
  step   7520  ep 39/40  train KL=0.0045  (240.6s)
  step   7540  ep 39/40  train KL=0.0045  (241.2s)
  step   7560  ep 39/40  train KL=0.0045  (241.8s)
  step   7580  ep 39/40  train KL=0.0045  (242.3s)
  step   7600  ep 39/40  train KL=0.0045  (242.9s)
== ep 39: train KL=0.0045  (243.2s)
  step   7620  ep 40/40  train KL=0.0045  (244.0s)
  step   7640  ep 40/40  train KL=0.0045  (244.7s)
  step   7660  ep 40/40  train KL=0.0045  (245.3s)
  step   7680  ep 40/40  train KL=0.0045  (245.9s)
  step   7700  ep 40/40  train KL=0.0045  (246.4s)
  step   7720  ep 40/40  train KL=0.0045  (247.0s)
  step   7740  ep 40/40  train KL=0.0045  (247.6s)
  step   7760  ep 40/40  train KL=0.0045  (248.1s)
  step   7780  ep 40/40  train KL=0.0045  (248.7s)
  step   7800  ep 40/40  train KL=0.0045  (249.3s)
== ep 40: train KL=0.0045  (249.4s)

Done. Total time: 249.4s
