Materializing 100000 rows from parquet...
  inputs:  (100000, 384) float32
  logits:  (100000, 32768) float16
  load time: 14.8s

Using all 100000 samples for training (capacity test, no val split).

Model: MlpUnembedder — 101.84M params
  fc1: Linear(384, 3072, bias=False)
  fc2: Linear(3072, 32768, bias=False)

Training: epochs=20 batch_size=512 lr=0.0003

  step     20  ep 1/20  train KL=2.3971  (1.3s)
  step     40  ep 1/20  train KL=1.5426  (2.0s)
  step     60  ep 1/20  train KL=1.1494  (2.6s)
  step     80  ep 1/20  train KL=0.9243  (3.2s)
  step    100  ep 1/20  train KL=0.7783  (3.8s)
  step    120  ep 1/20  train KL=0.6762  (4.4s)
  step    140  ep 1/20  train KL=0.6010  (5.0s)
  step    160  ep 1/20  train KL=0.5427  (5.6s)
  step    180  ep 1/20  train KL=0.4965  (6.2s)
== ep 1: train KL=0.4676  (6.8s)
  step    200  ep 2/20  train KL=0.1112  (7.3s)
  step    220  ep 2/20  train KL=0.1085  (8.2s)
  step    240  ep 2/20  train KL=0.1057  (8.8s)
  step    260  ep 2/20  train KL=0.1036  (9.4s)
  step    280  ep 2/20  train KL=0.1017  (9.9s)
  step    300  ep 2/20  train KL=0.0999  (10.5s)
  step    320  ep 2/20  train KL=0.0984  (11.1s)
  step    340  ep 2/20  train KL=0.0968  (11.7s)
  step    360  ep 2/20  train KL=0.0955  (12.3s)
  step    380  ep 2/20  train KL=0.0941  (12.9s)
== ep 2: train KL=0.0935  (13.3s)
  step    400  ep 3/20  train KL=0.0759  (14.2s)
  step    420  ep 3/20  train KL=0.0742  (14.8s)
  step    440  ep 3/20  train KL=0.0731  (15.4s)
  step    460  ep 3/20  train KL=0.0726  (16.0s)
  step    480  ep 3/20  train KL=0.0719  (16.6s)
  step    500  ep 3/20  train KL=0.0709  (17.2s)
  step    520  ep 3/20  train KL=0.0700  (17.8s)
  step    540  ep 3/20  train KL=0.0691  (18.4s)
  step    560  ep 3/20  train KL=0.0682  (19.0s)
  step    580  ep 3/20  train KL=0.0675  (19.6s)
== ep 3: train KL=0.0673  (19.9s)
  step    600  ep 4/20  train KL=0.0560  (20.9s)
  step    620  ep 4/20  train KL=0.0555  (21.5s)
  step    640  ep 4/20  train KL=0.0548  (22.1s)
  step    660  ep 4/20  train KL=0.0544  (22.7s)
  step    680  ep 4/20  train KL=0.0538  (23.3s)
  step    700  ep 4/20  train KL=0.0533  (23.8s)
  step    720  ep 4/20  train KL=0.0528  (24.4s)
  step    740  ep 4/20  train KL=0.0523  (25.0s)
  step    760  ep 4/20  train KL=0.0518  (25.6s)
  step    780  ep 4/20  train KL=0.0513  (26.2s)
== ep 4: train KL=0.0513  (26.4s)
  step    800  ep 5/20  train KL=0.0444  (27.5s)
  step    820  ep 5/20  train KL=0.0439  (28.2s)
  step    840  ep 5/20  train KL=0.0433  (28.8s)
  step    860  ep 5/20  train KL=0.0430  (29.4s)
  step    880  ep 5/20  train KL=0.0425  (30.0s)
  step    900  ep 5/20  train KL=0.0422  (30.6s)
  step    920  ep 5/20  train KL=0.0419  (31.2s)
  step    940  ep 5/20  train KL=0.0415  (31.8s)
  step    960  ep 5/20  train KL=0.0413  (32.4s)
== ep 5: train KL=0.0411  (33.0s)
  step    980  ep 6/20  train KL=0.0368  (33.5s)
  step   1000  ep 6/20  train KL=0.0365  (34.4s)
  step   1020  ep 6/20  train KL=0.0361  (34.9s)
  step   1040  ep 6/20  train KL=0.0359  (35.5s)
  step   1060  ep 6/20  train KL=0.0356  (36.1s)
  step   1080  ep 6/20  train KL=0.0355  (36.7s)
  step   1100  ep 6/20  train KL=0.0352  (37.3s)
  step   1120  ep 6/20  train KL=0.0350  (37.9s)
  step   1140  ep 6/20  train KL=0.0348  (38.5s)
  step   1160  ep 6/20  train KL=0.0346  (39.1s)
== ep 6: train KL=0.0345  (39.6s)
  step   1180  ep 7/20  train KL=0.0307  (40.3s)
  step   1200  ep 7/20  train KL=0.0308  (41.1s)
  step   1220  ep 7/20  train KL=0.0307  (41.7s)
  step   1240  ep 7/20  train KL=0.0305  (42.3s)
  step   1260  ep 7/20  train KL=0.0304  (43.0s)
  step   1280  ep 7/20  train KL=0.0302  (43.6s)
  step   1300  ep 7/20  train KL=0.0301  (44.2s)
  step   1320  ep 7/20  train KL=0.0299  (44.9s)
  step   1340  ep 7/20  train KL=0.0298  (45.5s)
  step   1360  ep 7/20  train KL=0.0297  (46.1s)
== ep 7: train KL=0.0296  (46.4s)
  step   1380  ep 8/20  train KL=0.0272  (47.2s)
  step   1400  ep 8/20  train KL=0.0271  (47.9s)
  step   1420  ep 8/20  train KL=0.0268  (48.5s)
  step   1440  ep 8/20  train KL=0.0267  (49.1s)
  step   1460  ep 8/20  train KL=0.0267  (49.7s)
  step   1480  ep 8/20  train KL=0.0266  (50.3s)
  step   1500  ep 8/20  train KL=0.0265  (50.9s)
  step   1520  ep 8/20  train KL=0.0264  (51.5s)
  step   1540  ep 8/20  train KL=0.0263  (52.1s)
  step   1560  ep 8/20  train KL=0.0261  (52.7s)
== ep 8: train KL=0.0261  (52.9s)
  step   1580  ep 9/20  train KL=0.0240  (53.8s)
  step   1600  ep 9/20  train KL=0.0239  (54.6s)
  step   1620  ep 9/20  train KL=0.0238  (55.2s)
  step   1640  ep 9/20  train KL=0.0238  (55.8s)
  step   1660  ep 9/20  train KL=0.0238  (56.5s)
  step   1680  ep 9/20  train KL=0.0237  (57.0s)
  step   1700  ep 9/20  train KL=0.0236  (57.6s)
  step   1720  ep 9/20  train KL=0.0235  (58.3s)
  step   1740  ep 9/20  train KL=0.0234  (58.9s)
== ep 9: train KL=0.0234  (59.5s)
  step   1760  ep 10/20  train KL=0.0218  (60.0s)
  step   1780  ep 10/20  train KL=0.0216  (60.8s)
  step   1800  ep 10/20  train KL=0.0216  (61.4s)
  step   1820  ep 10/20  train KL=0.0216  (62.0s)
  step   1840  ep 10/20  train KL=0.0216  (62.6s)
  step   1860  ep 10/20  train KL=0.0216  (63.2s)
  step   1880  ep 10/20  train KL=0.0216  (63.8s)
  step   1900  ep 10/20  train KL=0.0215  (64.4s)
  step   1920  ep 10/20  train KL=0.0214  (65.0s)
  step   1940  ep 10/20  train KL=0.0213  (65.5s)
== ep 10: train KL=0.0213  (66.0s)
  step   1960  ep 11/20  train KL=0.0200  (66.7s)
  step   1980  ep 11/20  train KL=0.0198  (67.4s)
  step   2000  ep 11/20  train KL=0.0199  (68.0s)
  step   2020  ep 11/20  train KL=0.0199  (68.6s)
  step   2040  ep 11/20  train KL=0.0199  (69.2s)
  step   2060  ep 11/20  train KL=0.0199  (69.8s)
  step   2080  ep 11/20  train KL=0.0198  (70.4s)
  step   2100  ep 11/20  train KL=0.0197  (71.0s)
  step   2120  ep 11/20  train KL=0.0197  (71.6s)
  step   2140  ep 11/20  train KL=0.0197  (72.2s)
== ep 11: train KL=0.0196  (72.5s)
  step   2160  ep 12/20  train KL=0.0183  (73.4s)
  step   2180  ep 12/20  train KL=0.0184  (74.1s)
  step   2200  ep 12/20  train KL=0.0184  (74.7s)
  step   2220  ep 12/20  train KL=0.0184  (75.3s)
  step   2240  ep 12/20  train KL=0.0184  (75.8s)
  step   2260  ep 12/20  train KL=0.0184  (76.4s)
  step   2280  ep 12/20  train KL=0.0184  (77.0s)
  step   2300  ep 12/20  train KL=0.0183  (77.6s)
  step   2320  ep 12/20  train KL=0.0183  (78.2s)
  step   2340  ep 12/20  train KL=0.0182  (78.8s)
== ep 12: train KL=0.0182  (79.0s)
  step   2360  ep 13/20  train KL=0.0172  (80.2s)
  step   2380  ep 13/20  train KL=0.0171  (80.8s)
  step   2400  ep 13/20  train KL=0.0171  (81.4s)
  step   2420  ep 13/20  train KL=0.0171  (82.0s)
  step   2440  ep 13/20  train KL=0.0171  (82.5s)
  step   2460  ep 13/20  train KL=0.0170  (83.2s)
  step   2480  ep 13/20  train KL=0.0170  (83.7s)
  step   2500  ep 13/20  train KL=0.0171  (84.3s)
  step   2520  ep 13/20  train KL=0.0170  (84.9s)
== ep 13: train KL=0.0170  (85.6s)
  step   2540  ep 14/20  train KL=0.0160  (86.1s)
  step   2560  ep 14/20  train KL=0.0164  (86.8s)
  step   2580  ep 14/20  train KL=0.0164  (87.5s)
  step   2600  ep 14/20  train KL=0.0163  (88.1s)
  step   2620  ep 14/20  train KL=0.0164  (88.7s)
  step   2640  ep 14/20  train KL=0.0163  (89.3s)
  step   2660  ep 14/20  train KL=0.0163  (89.9s)
  step   2680  ep 14/20  train KL=0.0163  (90.5s)
  step   2700  ep 14/20  train KL=0.0163  (91.2s)
  step   2720  ep 14/20  train KL=0.0162  (91.8s)
== ep 14: train KL=0.0162  (92.2s)
  step   2740  ep 15/20  train KL=0.0152  (92.9s)
  step   2760  ep 15/20  train KL=0.0152  (93.7s)
  step   2780  ep 15/20  train KL=0.0152  (94.3s)
  step   2800  ep 15/20  train KL=0.0153  (94.9s)
  step   2820  ep 15/20  train KL=0.0153  (95.5s)
  step   2840  ep 15/20  train KL=0.0153  (96.1s)
  step   2860  ep 15/20  train KL=0.0153  (96.6s)
  step   2880  ep 15/20  train KL=0.0153  (97.2s)
  step   2900  ep 15/20  train KL=0.0153  (97.8s)
  step   2920  ep 15/20  train KL=0.0153  (98.4s)
== ep 15: train KL=0.0152  (98.8s)
  step   2940  ep 16/20  train KL=0.0145  (99.6s)
  step   2960  ep 16/20  train KL=0.0147  (100.4s)
  step   2980  ep 16/20  train KL=0.0147  (101.0s)
  step   3000  ep 16/20  train KL=0.0147  (101.5s)
  step   3020  ep 16/20  train KL=0.0146  (102.1s)
  step   3040  ep 16/20  train KL=0.0146  (102.7s)
  step   3060  ep 16/20  train KL=0.0146  (103.3s)
  step   3080  ep 16/20  train KL=0.0146  (104.0s)
  step   3100  ep 16/20  train KL=0.0145  (104.6s)
  step   3120  ep 16/20  train KL=0.0145  (105.1s)
== ep 16: train KL=0.0145  (105.3s)
  step   3140  ep 17/20  train KL=0.0139  (106.3s)
  step   3160  ep 17/20  train KL=0.0140  (107.1s)
  step   3180  ep 17/20  train KL=0.0140  (107.7s)
  step   3200  ep 17/20  train KL=0.0139  (108.3s)
  step   3220  ep 17/20  train KL=0.0139  (108.9s)
  step   3240  ep 17/20  train KL=0.0139  (109.5s)
  step   3260  ep 17/20  train KL=0.0139  (110.1s)
  step   3280  ep 17/20  train KL=0.0139  (110.7s)
  step   3300  ep 17/20  train KL=0.0139  (111.3s)
== ep 17: train KL=0.0139  (112.0s)
  step   3320  ep 18/20  train KL=0.0135  (112.5s)
  step   3340  ep 18/20  train KL=0.0133  (113.3s)
  step   3360  ep 18/20  train KL=0.0134  (113.9s)
  step   3380  ep 18/20  train KL=0.0135  (114.6s)
  step   3400  ep 18/20  train KL=0.0134  (115.2s)
  step   3420  ep 18/20  train KL=0.0134  (115.8s)
  step   3440  ep 18/20  train KL=0.0134  (116.4s)
  step   3460  ep 18/20  train KL=0.0133  (117.0s)
  step   3480  ep 18/20  train KL=0.0133  (117.6s)
  step   3500  ep 18/20  train KL=0.0132  (118.3s)
== ep 18: train KL=0.0132  (118.7s)
  step   3520  ep 19/20  train KL=0.0130  (119.4s)
  step   3540  ep 19/20  train KL=0.0128  (120.2s)
  step   3560  ep 19/20  train KL=0.0129  (120.8s)
  step   3580  ep 19/20  train KL=0.0128  (121.4s)
  step   3600  ep 19/20  train KL=0.0128  (122.0s)
  step   3620  ep 19/20  train KL=0.0128  (122.6s)
  step   3640  ep 19/20  train KL=0.0127  (123.2s)
  step   3660  ep 19/20  train KL=0.0127  (123.8s)
  step   3680  ep 19/20  train KL=0.0127  (124.4s)
  step   3700  ep 19/20  train KL=0.0127  (125.0s)
== ep 19: train KL=0.0127  (125.4s)
  step   3720  ep 20/20  train KL=0.0122  (126.2s)
  step   3740  ep 20/20  train KL=0.0123  (127.0s)
  step   3760  ep 20/20  train KL=0.0123  (127.6s)
  step   3780  ep 20/20  train KL=0.0123  (128.2s)
  step   3800  ep 20/20  train KL=0.0123  (128.8s)
  step   3820  ep 20/20  train KL=0.0123  (129.4s)
  step   3840  ep 20/20  train KL=0.0123  (130.0s)
  step   3860  ep 20/20  train KL=0.0122  (130.6s)
  step   3880  ep 20/20  train KL=0.0122  (131.2s)
  step   3900  ep 20/20  train KL=0.0122  (131.8s)
== ep 20: train KL=0.0122  (131.9s)

Done. Total time: 131.9s
