Materializing 100000 rows from parquet...
  inputs:  (100000, 384) float32
  logits:  (100000, 32768) float16
  load time: 13.7s

Using all 100000 samples for training (capacity test).

Model: StackedLutUnembedder — 83.92M params
  LN(384)
  block 0: TinyMultiHeadLut(384→384, n_heads=1, tph=4096, nap=10) + residual
  final: Linear(384, 32768, bias=True)
  init_std=0.1

Training: epochs=20 batch_size=512 lr=0.001 schedule=cosine warmup=0

  step     20  ep 1/20  train KL=2.9428  (1.2s)
  step     40  ep 1/20  train KL=1.9973  (1.8s)
  step     60  ep 1/20  train KL=1.5351  (2.3s)
  step     80  ep 1/20  train KL=1.2586  (2.9s)
  step    100  ep 1/20  train KL=1.0723  (3.4s)
  step    120  ep 1/20  train KL=0.9371  (4.0s)
  step    140  ep 1/20  train KL=0.8347  (4.5s)
  step    160  ep 1/20  train KL=0.7545  (5.1s)
  step    180  ep 1/20  train KL=0.6893  (5.6s)
== ep 1: train KL=0.6480  (6.2s)
  step    200  ep 2/20  train KL=0.1216  (6.7s)
  step    220  ep 2/20  train KL=0.1170  (7.2s)
  step    240  ep 2/20  train KL=0.1127  (7.7s)
  step    260  ep 2/20  train KL=0.1093  (8.3s)
  step    280  ep 2/20  train KL=0.1063  (8.8s)
  step    300  ep 2/20  train KL=0.1037  (9.4s)
  step    320  ep 2/20  train KL=0.1013  (9.9s)
  step    340  ep 2/20  train KL=0.0990  (10.5s)
  step    360  ep 2/20  train KL=0.0970  (11.0s)
  step    380  ep 2/20  train KL=0.0952  (11.6s)
== ep 2: train KL=0.0943  (12.0s)
  step    400  ep 3/20  train KL=0.0637  (12.7s)
  step    420  ep 3/20  train KL=0.0634  (13.2s)
  step    440  ep 3/20  train KL=0.0625  (13.8s)
  step    460  ep 3/20  train KL=0.0618  (14.3s)
  step    480  ep 3/20  train KL=0.0611  (14.9s)
  step    500  ep 3/20  train KL=0.0605  (15.4s)
  step    520  ep 3/20  train KL=0.0599  (16.0s)
  step    540  ep 3/20  train KL=0.0594  (16.5s)
  step    560  ep 3/20  train KL=0.0589  (17.1s)
  step    580  ep 3/20  train KL=0.0584  (17.6s)
== ep 3: train KL=0.0583  (17.9s)
  step    600  ep 4/20  train KL=0.0472  (18.7s)
  step    620  ep 4/20  train KL=0.0472  (19.3s)
  step    640  ep 4/20  train KL=0.0467  (19.9s)
  step    660  ep 4/20  train KL=0.0465  (20.4s)
  step    680  ep 4/20  train KL=0.0463  (21.0s)
  step    700  ep 4/20  train KL=0.0462  (21.5s)
  step    720  ep 4/20  train KL=0.0460  (22.1s)
  step    740  ep 4/20  train KL=0.0458  (22.6s)
  step    760  ep 4/20  train KL=0.0456  (23.2s)
  step    780  ep 4/20  train KL=0.0454  (23.7s)
== ep 4: train KL=0.0454  (23.9s)
  step    800  ep 5/20  train KL=0.0394  (24.8s)
  step    820  ep 5/20  train KL=0.0391  (25.4s)
  step    840  ep 5/20  train KL=0.0392  (25.9s)
  step    860  ep 5/20  train KL=0.0391  (26.5s)
  step    880  ep 5/20  train KL=0.0390  (27.0s)
  step    900  ep 5/20  train KL=0.0390  (27.6s)
  step    920  ep 5/20  train KL=0.0389  (28.1s)
  step    940  ep 5/20  train KL=0.0388  (28.7s)
  step    960  ep 5/20  train KL=0.0387  (29.2s)
== ep 5: train KL=0.0386  (29.9s)
  step    980  ep 6/20  train KL=0.0346  (30.4s)
  step   1000  ep 6/20  train KL=0.0351  (30.9s)
  step   1020  ep 6/20  train KL=0.0350  (31.5s)
  step   1040  ep 6/20  train KL=0.0349  (32.0s)
  step   1060  ep 6/20  train KL=0.0350  (32.6s)
  step   1080  ep 6/20  train KL=0.0348  (33.1s)
  step   1100  ep 6/20  train KL=0.0349  (33.7s)
  step   1120  ep 6/20  train KL=0.0350  (34.2s)
  step   1140  ep 6/20  train KL=0.0348  (34.8s)
  step   1160  ep 6/20  train KL=0.0348  (35.3s)
== ep 6: train KL=0.0348  (35.8s)
  step   1180  ep 7/20  train KL=0.0324  (36.4s)
  step   1200  ep 7/20  train KL=0.0322  (36.9s)
  step   1220  ep 7/20  train KL=0.0320  (37.5s)
  step   1240  ep 7/20  train KL=0.0317  (38.1s)
  step   1260  ep 7/20  train KL=0.0318  (38.7s)
  step   1280  ep 7/20  train KL=0.0317  (39.3s)
  step   1300  ep 7/20  train KL=0.0317  (39.8s)
  step   1320  ep 7/20  train KL=0.0316  (40.4s)
  step   1340  ep 7/20  train KL=0.0315  (40.9s)
  step   1360  ep 7/20  train KL=0.0315  (41.5s)
== ep 7: train KL=0.0314  (41.8s)
  step   1380  ep 8/20  train KL=0.0288  (42.6s)
  step   1400  ep 8/20  train KL=0.0287  (43.1s)
  step   1420  ep 8/20  train KL=0.0285  (43.7s)
  step   1440  ep 8/20  train KL=0.0285  (44.2s)
  step   1460  ep 8/20  train KL=0.0283  (44.8s)
  step   1480  ep 8/20  train KL=0.0283  (45.3s)
  step   1500  ep 8/20  train KL=0.0283  (45.9s)
  step   1520  ep 8/20  train KL=0.0283  (46.4s)
  step   1540  ep 8/20  train KL=0.0283  (47.0s)
  step   1560  ep 8/20  train KL=0.0282  (47.6s)
== ep 8: train KL=0.0282  (47.8s)
  step   1580  ep 9/20  train KL=0.0263  (48.6s)
  step   1600  ep 9/20  train KL=0.0261  (49.2s)
  step   1620  ep 9/20  train KL=0.0259  (49.8s)
  step   1640  ep 9/20  train KL=0.0258  (50.3s)
  step   1660  ep 9/20  train KL=0.0259  (50.8s)
  step   1680  ep 9/20  train KL=0.0257  (51.4s)
  step   1700  ep 9/20  train KL=0.0257  (52.0s)
  step   1720  ep 9/20  train KL=0.0256  (52.5s)
  step   1740  ep 9/20  train KL=0.0255  (53.1s)
== ep 9: train KL=0.0255  (53.6s)
  step   1760  ep 10/20  train KL=0.0231  (54.1s)
  step   1780  ep 10/20  train KL=0.0234  (54.7s)
  step   1800  ep 10/20  train KL=0.0233  (55.2s)
  step   1820  ep 10/20  train KL=0.0234  (55.8s)
  step   1840  ep 10/20  train KL=0.0233  (56.3s)
  step   1860  ep 10/20  train KL=0.0232  (56.9s)
  step   1880  ep 10/20  train KL=0.0231  (57.4s)
  step   1900  ep 10/20  train KL=0.0231  (58.0s)
  step   1920  ep 10/20  train KL=0.0231  (58.5s)
  step   1940  ep 10/20  train KL=0.0230  (59.0s)
== ep 10: train KL=0.0230  (59.5s)
  step   1960  ep 11/20  train KL=0.0212  (60.1s)
  step   1980  ep 11/20  train KL=0.0209  (60.7s)
  step   2000  ep 11/20  train KL=0.0210  (61.2s)
  step   2020  ep 11/20  train KL=0.0209  (61.8s)
  step   2040  ep 11/20  train KL=0.0209  (62.3s)
  step   2060  ep 11/20  train KL=0.0209  (62.9s)
  step   2080  ep 11/20  train KL=0.0209  (63.4s)
  step   2100  ep 11/20  train KL=0.0208  (64.0s)
  step   2120  ep 11/20  train KL=0.0208  (64.5s)
  step   2140  ep 11/20  train KL=0.0208  (65.1s)
== ep 11: train KL=0.0208  (65.4s)
  step   2160  ep 12/20  train KL=0.0192  (66.2s)
  step   2180  ep 12/20  train KL=0.0190  (66.8s)
  step   2200  ep 12/20  train KL=0.0190  (67.4s)
  step   2220  ep 12/20  train KL=0.0190  (67.9s)
  step   2240  ep 12/20  train KL=0.0190  (68.5s)
  step   2260  ep 12/20  train KL=0.0190  (69.0s)
  step   2280  ep 12/20  train KL=0.0190  (69.6s)
  step   2300  ep 12/20  train KL=0.0190  (70.1s)
  step   2320  ep 12/20  train KL=0.0190  (70.7s)
  step   2340  ep 12/20  train KL=0.0190  (71.2s)
== ep 12: train KL=0.0190  (71.4s)
  step   2360  ep 13/20  train KL=0.0178  (72.3s)
  step   2380  ep 13/20  train KL=0.0177  (72.9s)
  step   2400  ep 13/20  train KL=0.0176  (73.4s)
  step   2420  ep 13/20  train KL=0.0176  (74.0s)
  step   2440  ep 13/20  train KL=0.0176  (74.5s)
  step   2460  ep 13/20  train KL=0.0176  (75.1s)
  step   2480  ep 13/20  train KL=0.0177  (75.6s)
  step   2500  ep 13/20  train KL=0.0177  (76.1s)
  step   2520  ep 13/20  train KL=0.0177  (76.7s)
== ep 13: train KL=0.0177  (77.3s)
  step   2540  ep 14/20  train KL=0.0170  (77.7s)
  step   2560  ep 14/20  train KL=0.0167  (78.3s)
  step   2580  ep 14/20  train KL=0.0168  (78.8s)
  step   2600  ep 14/20  train KL=0.0167  (79.4s)
  step   2620  ep 14/20  train KL=0.0168  (79.9s)
  step   2640  ep 14/20  train KL=0.0168  (80.5s)
  step   2660  ep 14/20  train KL=0.0168  (81.1s)
  step   2680  ep 14/20  train KL=0.0168  (81.6s)
  step   2700  ep 14/20  train KL=0.0168  (82.2s)
  step   2720  ep 14/20  train KL=0.0168  (82.7s)
== ep 14: train KL=0.0168  (83.2s)
  step   2740  ep 15/20  train KL=0.0162  (83.8s)
  step   2760  ep 15/20  train KL=0.0162  (84.4s)
  step   2780  ep 15/20  train KL=0.0161  (84.9s)
  step   2800  ep 15/20  train KL=0.0161  (85.4s)
  step   2820  ep 15/20  train KL=0.0162  (86.0s)
  step   2840  ep 15/20  train KL=0.0162  (86.5s)
  step   2860  ep 15/20  train KL=0.0162  (87.0s)
  step   2880  ep 15/20  train KL=0.0162  (87.6s)
  step   2900  ep 15/20  train KL=0.0162  (88.1s)
  step   2920  ep 15/20  train KL=0.0163  (88.7s)
== ep 15: train KL=0.0163  (89.0s)
  step   2940  ep 16/20  train KL=0.0158  (89.8s)
  step   2960  ep 16/20  train KL=0.0159  (90.3s)
  step   2980  ep 16/20  train KL=0.0158  (90.9s)
  step   3000  ep 16/20  train KL=0.0158  (91.4s)
  step   3020  ep 16/20  train KL=0.0158  (92.0s)
  step   3040  ep 16/20  train KL=0.0158  (92.5s)
  step   3060  ep 16/20  train KL=0.0158  (93.1s)
  step   3080  ep 16/20  train KL=0.0158  (93.7s)
  step   3100  ep 16/20  train KL=0.0159  (94.2s)
  step   3120  ep 16/20  train KL=0.0159  (94.7s)
== ep 16: train KL=0.0159  (94.9s)
  step   3140  ep 17/20  train KL=0.0154  (95.8s)
  step   3160  ep 17/20  train KL=0.0155  (96.4s)
  step   3180  ep 17/20  train KL=0.0155  (96.9s)
  step   3200  ep 17/20  train KL=0.0155  (97.5s)
  step   3220  ep 17/20  train KL=0.0155  (98.0s)
  step   3240  ep 17/20  train KL=0.0156  (98.5s)
  step   3260  ep 17/20  train KL=0.0156  (99.1s)
  step   3280  ep 17/20  train KL=0.0156  (99.6s)
  step   3300  ep 17/20  train KL=0.0156  (100.2s)
== ep 17: train KL=0.0156  (100.8s)
  step   3320  ep 18/20  train KL=0.0153  (101.3s)
  step   3340  ep 18/20  train KL=0.0154  (101.9s)
  step   3360  ep 18/20  train KL=0.0154  (102.4s)
  step   3380  ep 18/20  train KL=0.0154  (103.0s)
  step   3400  ep 18/20  train KL=0.0154  (103.5s)
  step   3420  ep 18/20  train KL=0.0154  (104.1s)
  step   3440  ep 18/20  train KL=0.0154  (104.6s)
  step   3460  ep 18/20  train KL=0.0154  (105.2s)
  step   3480  ep 18/20  train KL=0.0154  (105.7s)
  step   3500  ep 18/20  train KL=0.0154  (106.3s)
== ep 18: train KL=0.0154  (106.8s)
  step   3520  ep 19/20  train KL=0.0153  (107.4s)
  step   3540  ep 19/20  train KL=0.0152  (108.0s)
  step   3560  ep 19/20  train KL=0.0153  (108.5s)
  step   3580  ep 19/20  train KL=0.0153  (109.0s)
  step   3600  ep 19/20  train KL=0.0153  (109.6s)
  step   3620  ep 19/20  train KL=0.0153  (110.1s)
  step   3640  ep 19/20  train KL=0.0153  (110.7s)
  step   3660  ep 19/20  train KL=0.0153  (111.2s)
  step   3680  ep 19/20  train KL=0.0153  (111.8s)
  step   3700  ep 19/20  train KL=0.0153  (112.4s)
== ep 19: train KL=0.0153  (112.7s)
  step   3720  ep 20/20  train KL=0.0153  (113.4s)
  step   3740  ep 20/20  train KL=0.0153  (114.0s)
  step   3760  ep 20/20  train KL=0.0153  (114.5s)
  step   3780  ep 20/20  train KL=0.0153  (115.1s)
  step   3800  ep 20/20  train KL=0.0153  (115.6s)
  step   3820  ep 20/20  train KL=0.0153  (116.2s)
  step   3840  ep 20/20  train KL=0.0153  (116.7s)
  step   3860  ep 20/20  train KL=0.0152  (117.3s)
  step   3880  ep 20/20  train KL=0.0152  (117.8s)
  step   3900  ep 20/20  train KL=0.0152  (118.3s)
== ep 20: train KL=0.0152  (118.5s)

Done. Total time: 118.5s
