Materializing 100000 rows from parquet...
  inputs:  (100000, 384) float32
  logits:  (100000, 32768) float16
  load time: 14.6s

Using all 100000 samples for training (capacity test).

Model: StackedLutUnembedder — 21.01M params
  LN(384)
  block 0: TinyMultiHeadLut(384→384, n_heads=1, tph=8192, nap=6) + residual
  final: Linear(384, 32768, bias=True)
  init_std=0.1

Training: epochs=20 batch_size=512 lr=0.001 schedule=cosine warmup=0

  step     20  ep 1/20  train KL=2.0460  (1.4s)
  step     40  ep 1/20  train KL=1.3537  (2.0s)
  step     60  ep 1/20  train KL=1.0471  (2.6s)
  step     80  ep 1/20  train KL=0.8701  (3.2s)
  step    100  ep 1/20  train KL=0.7541  (3.8s)
  step    120  ep 1/20  train KL=0.6714  (4.4s)
  step    140  ep 1/20  train KL=0.6089  (5.0s)
  step    160  ep 1/20  train KL=0.5598  (5.6s)
  step    180  ep 1/20  train KL=0.5196  (6.2s)
== ep 1: train KL=0.4941  (6.8s)
  step    200  ep 2/20  train KL=0.1565  (7.3s)
  step    220  ep 2/20  train KL=0.1524  (8.0s)
  step    240  ep 2/20  train KL=0.1490  (8.6s)
  step    260  ep 2/20  train KL=0.1455  (9.2s)
  step    280  ep 2/20  train KL=0.1422  (9.8s)
  step    300  ep 2/20  train KL=0.1396  (10.4s)
  step    320  ep 2/20  train KL=0.1373  (11.0s)
  step    340  ep 2/20  train KL=0.1351  (11.6s)
  step    360  ep 2/20  train KL=0.1328  (12.2s)
  step    380  ep 2/20  train KL=0.1308  (12.8s)
== ep 2: train KL=0.1298  (13.3s)
  step    400  ep 3/20  train KL=0.0978  (14.1s)
  step    420  ep 3/20  train KL=0.0957  (14.7s)
  step    440  ep 3/20  train KL=0.0947  (15.3s)
  step    460  ep 3/20  train KL=0.0937  (15.8s)
  step    480  ep 3/20  train KL=0.0928  (16.5s)
  step    500  ep 3/20  train KL=0.0919  (17.1s)
  step    520  ep 3/20  train KL=0.0910  (17.7s)
  step    540  ep 3/20  train KL=0.0903  (18.3s)
  step    560  ep 3/20  train KL=0.0895  (18.9s)
  step    580  ep 3/20  train KL=0.0889  (19.5s)
== ep 3: train KL=0.0887  (19.8s)
  step    600  ep 4/20  train KL=0.0742  (20.6s)
  step    620  ep 4/20  train KL=0.0743  (21.3s)
  step    640  ep 4/20  train KL=0.0735  (21.9s)
  step    660  ep 4/20  train KL=0.0730  (22.5s)
  step    680  ep 4/20  train KL=0.0727  (23.1s)
  step    700  ep 4/20  train KL=0.0723  (23.7s)
  step    720  ep 4/20  train KL=0.0718  (24.3s)
  step    740  ep 4/20  train KL=0.0714  (24.9s)
  step    760  ep 4/20  train KL=0.0710  (25.5s)
  step    780  ep 4/20  train KL=0.0707  (26.1s)
== ep 4: train KL=0.0707  (26.3s)
  step    800  ep 5/20  train KL=0.0620  (27.4s)
  step    820  ep 5/20  train KL=0.0615  (28.0s)
  step    840  ep 5/20  train KL=0.0614  (28.6s)
  step    860  ep 5/20  train KL=0.0611  (29.2s)
  step    880  ep 5/20  train KL=0.0607  (29.8s)
  step    900  ep 5/20  train KL=0.0604  (30.4s)
  step    920  ep 5/20  train KL=0.0602  (31.0s)
  step    940  ep 5/20  train KL=0.0601  (31.5s)
  step    960  ep 5/20  train KL=0.0599  (32.1s)
== ep 5: train KL=0.0598  (32.8s)
  step    980  ep 6/20  train KL=0.0535  (33.3s)
  step   1000  ep 6/20  train KL=0.0538  (34.1s)
  step   1020  ep 6/20  train KL=0.0532  (34.7s)
  step   1040  ep 6/20  train KL=0.0530  (35.3s)
  step   1060  ep 6/20  train KL=0.0529  (35.9s)
  step   1080  ep 6/20  train KL=0.0529  (36.5s)
  step   1100  ep 6/20  train KL=0.0529  (37.0s)
  step   1120  ep 6/20  train KL=0.0528  (37.6s)
  step   1140  ep 6/20  train KL=0.0526  (38.2s)
  step   1160  ep 6/20  train KL=0.0525  (38.8s)
== ep 6: train KL=0.0524  (39.3s)
  step   1180  ep 7/20  train KL=0.0475  (40.1s)
  step   1200  ep 7/20  train KL=0.0477  (40.7s)
  step   1220  ep 7/20  train KL=0.0475  (41.3s)
  step   1240  ep 7/20  train KL=0.0475  (41.9s)
  step   1260  ep 7/20  train KL=0.0472  (42.5s)
  step   1280  ep 7/20  train KL=0.0470  (43.1s)
  step   1300  ep 7/20  train KL=0.0468  (43.7s)
  step   1320  ep 7/20  train KL=0.0468  (44.3s)
  step   1340  ep 7/20  train KL=0.0467  (44.8s)
  step   1360  ep 7/20  train KL=0.0466  (45.4s)
== ep 7: train KL=0.0466  (45.7s)
  step   1380  ep 8/20  train KL=0.0430  (46.7s)
  step   1400  ep 8/20  train KL=0.0427  (47.3s)
  step   1420  ep 8/20  train KL=0.0425  (47.9s)
  step   1440  ep 8/20  train KL=0.0422  (48.5s)
  step   1460  ep 8/20  train KL=0.0420  (49.1s)
  step   1480  ep 8/20  train KL=0.0419  (49.7s)
  step   1500  ep 8/20  train KL=0.0418  (50.2s)
  step   1520  ep 8/20  train KL=0.0417  (50.8s)
  step   1540  ep 8/20  train KL=0.0416  (51.4s)
  step   1560  ep 8/20  train KL=0.0416  (52.0s)
== ep 8: train KL=0.0416  (52.2s)
  step   1580  ep 9/20  train KL=0.0381  (53.3s)
  step   1600  ep 9/20  train KL=0.0380  (53.9s)
  step   1620  ep 9/20  train KL=0.0381  (54.5s)
  step   1640  ep 9/20  train KL=0.0380  (55.1s)
  step   1660  ep 9/20  train KL=0.0379  (55.7s)
  step   1680  ep 9/20  train KL=0.0378  (56.3s)
  step   1700  ep 9/20  train KL=0.0377  (56.9s)
  step   1720  ep 9/20  train KL=0.0376  (57.5s)
  step   1740  ep 9/20  train KL=0.0377  (58.1s)
== ep 9: train KL=0.0377  (58.8s)
  step   1760  ep 10/20  train KL=0.0353  (59.3s)
  step   1780  ep 10/20  train KL=0.0348  (60.1s)
  step   1800  ep 10/20  train KL=0.0347  (60.7s)
  step   1820  ep 10/20  train KL=0.0346  (61.3s)
  step   1840  ep 10/20  train KL=0.0346  (61.9s)
  step   1860  ep 10/20  train KL=0.0346  (62.5s)
  step   1880  ep 10/20  train KL=0.0346  (63.1s)
  step   1900  ep 10/20  train KL=0.0346  (63.7s)
  step   1920  ep 10/20  train KL=0.0345  (64.3s)
  step   1940  ep 10/20  train KL=0.0345  (64.9s)
== ep 10: train KL=0.0345  (65.4s)
  step   1960  ep 11/20  train KL=0.0320  (66.3s)
  step   1980  ep 11/20  train KL=0.0320  (66.9s)
  step   2000  ep 11/20  train KL=0.0318  (67.5s)
  step   2020  ep 11/20  train KL=0.0317  (68.1s)
  step   2040  ep 11/20  train KL=0.0317  (68.7s)
  step   2060  ep 11/20  train KL=0.0316  (69.3s)
  step   2080  ep 11/20  train KL=0.0317  (70.0s)
  step   2100  ep 11/20  train KL=0.0317  (70.6s)
  step   2120  ep 11/20  train KL=0.0317  (71.2s)
  step   2140  ep 11/20  train KL=0.0317  (71.8s)
== ep 11: train KL=0.0317  (72.1s)
  step   2160  ep 12/20  train KL=0.0295  (73.1s)
  step   2180  ep 12/20  train KL=0.0294  (73.7s)
  step   2200  ep 12/20  train KL=0.0294  (74.4s)
  step   2220  ep 12/20  train KL=0.0294  (75.0s)
  step   2240  ep 12/20  train KL=0.0294  (75.6s)
  step   2260  ep 12/20  train KL=0.0294  (76.2s)
  step   2280  ep 12/20  train KL=0.0295  (76.8s)
  step   2300  ep 12/20  train KL=0.0295  (77.4s)
  step   2320  ep 12/20  train KL=0.0295  (78.1s)
  step   2340  ep 12/20  train KL=0.0294  (78.7s)
== ep 12: train KL=0.0294  (78.9s)
  step   2360  ep 13/20  train KL=0.0277  (80.0s)
  step   2380  ep 13/20  train KL=0.0276  (80.6s)
  step   2400  ep 13/20  train KL=0.0277  (81.3s)
  step   2420  ep 13/20  train KL=0.0278  (81.9s)
  step   2440  ep 13/20  train KL=0.0278  (82.5s)
  step   2460  ep 13/20  train KL=0.0278  (83.1s)
  step   2480  ep 13/20  train KL=0.0278  (83.7s)
  step   2500  ep 13/20  train KL=0.0278  (84.3s)
  step   2520  ep 13/20  train KL=0.0278  (84.9s)
== ep 13: train KL=0.0278  (85.6s)
  step   2540  ep 14/20  train KL=0.0264  (86.1s)
  step   2560  ep 14/20  train KL=0.0262  (86.9s)
  step   2580  ep 14/20  train KL=0.0262  (87.5s)
  step   2600  ep 14/20  train KL=0.0263  (88.1s)
  step   2620  ep 14/20  train KL=0.0264  (88.7s)
  step   2640  ep 14/20  train KL=0.0264  (89.3s)
  step   2660  ep 14/20  train KL=0.0264  (89.9s)
  step   2680  ep 14/20  train KL=0.0265  (90.5s)
  step   2700  ep 14/20  train KL=0.0265  (91.1s)
  step   2720  ep 14/20  train KL=0.0265  (91.7s)
== ep 14: train KL=0.0265  (92.2s)
  step   2740  ep 15/20  train KL=0.0254  (93.0s)
  step   2760  ep 15/20  train KL=0.0254  (93.6s)
  step   2780  ep 15/20  train KL=0.0254  (94.2s)
  step   2800  ep 15/20  train KL=0.0255  (94.8s)
  step   2820  ep 15/20  train KL=0.0255  (95.4s)
  step   2840  ep 15/20  train KL=0.0255  (96.0s)
  step   2860  ep 15/20  train KL=0.0255  (96.6s)
  step   2880  ep 15/20  train KL=0.0255  (97.2s)
  step   2900  ep 15/20  train KL=0.0256  (97.8s)
  step   2920  ep 15/20  train KL=0.0256  (98.4s)
== ep 15: train KL=0.0256  (98.7s)
  step   2940  ep 16/20  train KL=0.0249  (99.7s)
  step   2960  ep 16/20  train KL=0.0248  (100.3s)
  step   2980  ep 16/20  train KL=0.0247  (100.9s)
  step   3000  ep 16/20  train KL=0.0247  (101.4s)
  step   3020  ep 16/20  train KL=0.0248  (102.0s)
  step   3040  ep 16/20  train KL=0.0248  (102.6s)
  step   3060  ep 16/20  train KL=0.0248  (103.2s)
  step   3080  ep 16/20  train KL=0.0248  (103.8s)
  step   3100  ep 16/20  train KL=0.0249  (104.4s)
  step   3120  ep 16/20  train KL=0.0249  (104.9s)
== ep 16: train KL=0.0249  (105.1s)
  step   3140  ep 17/20  train KL=0.0242  (106.2s)
  step   3160  ep 17/20  train KL=0.0243  (106.8s)
  step   3180  ep 17/20  train KL=0.0243  (107.4s)
  step   3200  ep 17/20  train KL=0.0244  (108.0s)
  step   3220  ep 17/20  train KL=0.0244  (108.5s)
  step   3240  ep 17/20  train KL=0.0244  (109.1s)
  step   3260  ep 17/20  train KL=0.0244  (109.7s)
  step   3280  ep 17/20  train KL=0.0244  (110.3s)
  step   3300  ep 17/20  train KL=0.0244  (110.9s)
== ep 17: train KL=0.0244  (111.5s)
  step   3320  ep 18/20  train KL=0.0241  (112.1s)
  step   3340  ep 18/20  train KL=0.0242  (112.8s)
  step   3360  ep 18/20  train KL=0.0240  (113.4s)
  step   3380  ep 18/20  train KL=0.0241  (114.0s)
  step   3400  ep 18/20  train KL=0.0240  (114.6s)
  step   3420  ep 18/20  train KL=0.0240  (115.2s)
  step   3440  ep 18/20  train KL=0.0240  (115.7s)
  step   3460  ep 18/20  train KL=0.0241  (116.3s)
  step   3480  ep 18/20  train KL=0.0240  (116.9s)
  step   3500  ep 18/20  train KL=0.0241  (117.5s)
== ep 18: train KL=0.0241  (118.0s)
  step   3520  ep 19/20  train KL=0.0236  (118.8s)
  step   3540  ep 19/20  train KL=0.0237  (119.4s)
  step   3560  ep 19/20  train KL=0.0237  (120.0s)
  step   3580  ep 19/20  train KL=0.0238  (120.6s)
  step   3600  ep 19/20  train KL=0.0238  (121.2s)
  step   3620  ep 19/20  train KL=0.0238  (121.8s)
  step   3640  ep 19/20  train KL=0.0238  (122.3s)
  step   3660  ep 19/20  train KL=0.0238  (122.9s)
  step   3680  ep 19/20  train KL=0.0239  (123.6s)
  step   3700  ep 19/20  train KL=0.0238  (124.2s)
== ep 19: train KL=0.0239  (124.5s)
  step   3720  ep 20/20  train KL=0.0237  (125.5s)
  step   3740  ep 20/20  train KL=0.0237  (126.1s)
  step   3760  ep 20/20  train KL=0.0238  (126.7s)
  step   3780  ep 20/20  train KL=0.0238  (127.2s)
  step   3800  ep 20/20  train KL=0.0237  (127.8s)
  step   3820  ep 20/20  train KL=0.0237  (128.4s)
  step   3840  ep 20/20  train KL=0.0237  (129.0s)
  step   3860  ep 20/20  train KL=0.0237  (129.6s)
  step   3880  ep 20/20  train KL=0.0237  (130.2s)
  step   3900  ep 20/20  train KL=0.0238  (130.7s)
== ep 20: train KL=0.0238  (130.9s)

Done. Total time: 130.9s
