Materializing 100000 rows from parquet...
  inputs:  (100000, 384) float32
  logits:  (100000, 32768) float16
  load time: 14.7s

Using all 100000 samples for training (capacity test).

Model: LutUnembedder — 134.25M params
  LN(384) → TinyMultiHeadLut(384→128, n_heads=1, tph=4096, nap=8) + sparse_scatter→32768 + bias(32768). init_std=0.1

Training: epochs=40 batch_size=512 lr=0.0003

  step     20  ep 1/40  train KL=4.6883  (1.4s)
  step     40  ep 1/40  train KL=4.6296  (2.0s)
  step     60  ep 1/40  train KL=4.5744  (2.6s)
  step     80  ep 1/40  train KL=4.5168  (3.2s)
  step    100  ep 1/40  train KL=4.4623  (3.8s)
  step    120  ep 1/40  train KL=4.4105  (4.4s)
  step    140  ep 1/40  train KL=4.3535  (4.9s)
  step    160  ep 1/40  train KL=4.2978  (5.5s)
  step    180  ep 1/40  train KL=4.2425  (6.2s)
== ep 1: train KL=4.2036  (6.8s)
  step    200  ep 2/40  train KL=3.6677  (7.3s)
  step    220  ep 2/40  train KL=3.6270  (8.1s)
  step    240  ep 2/40  train KL=3.5670  (8.7s)
  step    260  ep 2/40  train KL=3.5158  (9.3s)
  step    280  ep 2/40  train KL=3.4665  (9.9s)
  step    300  ep 2/40  train KL=3.4167  (10.5s)
  step    320  ep 2/40  train KL=3.3666  (11.1s)
  step    340  ep 2/40  train KL=3.3170  (11.7s)
  step    360  ep 2/40  train KL=3.2684  (12.3s)
  step    380  ep 2/40  train KL=3.2237  (12.9s)
== ep 2: train KL=3.1992  (13.4s)
  step    400  ep 3/40  train KL=2.7281  (14.2s)
  step    420  ep 3/40  train KL=2.6831  (14.8s)
  step    440  ep 3/40  train KL=2.6467  (15.4s)
  step    460  ep 3/40  train KL=2.6055  (16.0s)
  step    480  ep 3/40  train KL=2.5613  (16.6s)
  step    500  ep 3/40  train KL=2.5214  (17.2s)
  step    520  ep 3/40  train KL=2.4826  (17.8s)
  step    540  ep 3/40  train KL=2.4429  (18.4s)
  step    560  ep 3/40  train KL=2.4069  (19.0s)
  step    580  ep 3/40  train KL=2.3672  (19.6s)
== ep 3: train KL=2.3577  (20.0s)
  step    600  ep 4/40  train KL=1.9608  (20.8s)
  step    620  ep 4/40  train KL=1.9246  (21.6s)
  step    640  ep 4/40  train KL=1.8931  (22.2s)
  step    660  ep 4/40  train KL=1.8639  (22.8s)
  step    680  ep 4/40  train KL=1.8356  (23.4s)
  step    700  ep 4/40  train KL=1.8056  (24.0s)
  step    720  ep 4/40  train KL=1.7791  (24.6s)
  step    740  ep 4/40  train KL=1.7513  (25.2s)
  step    760  ep 4/40  train KL=1.7224  (25.7s)
  step    780  ep 4/40  train KL=1.6966  (26.3s)
== ep 4: train KL=1.6966  (26.6s)
  step    800  ep 5/40  train KL=1.4324  (27.7s)
  step    820  ep 5/40  train KL=1.4016  (28.3s)
  step    840  ep 5/40  train KL=1.3812  (28.9s)
  step    860  ep 5/40  train KL=1.3629  (29.5s)
  step    880  ep 5/40  train KL=1.3424  (30.1s)
  step    900  ep 5/40  train KL=1.3266  (30.7s)
  step    920  ep 5/40  train KL=1.3089  (31.2s)
  step    940  ep 5/40  train KL=1.2925  (31.8s)
  step    960  ep 5/40  train KL=1.2738  (32.4s)
== ep 5: train KL=1.2616  (33.0s)
  step    980  ep 6/40  train KL=1.1225  (33.6s)
  step   1000  ep 6/40  train KL=1.1175  (34.3s)
  step   1020  ep 6/40  train KL=1.0961  (34.9s)
  step   1040  ep 6/40  train KL=1.0848  (35.5s)
  step   1060  ep 6/40  train KL=1.0746  (36.1s)
  step   1080  ep 6/40  train KL=1.0617  (36.7s)
  step   1100  ep 6/40  train KL=1.0526  (37.3s)
  step   1120  ep 6/40  train KL=1.0424  (37.9s)
  step   1140  ep 6/40  train KL=1.0336  (38.5s)
  step   1160  ep 6/40  train KL=1.0236  (39.1s)
== ep 6: train KL=1.0192  (39.6s)
  step   1180  ep 7/40  train KL=0.9262  (40.4s)
  step   1200  ep 7/40  train KL=0.9233  (41.0s)
  step   1220  ep 7/40  train KL=0.9219  (41.6s)
  step   1240  ep 7/40  train KL=0.9132  (42.2s)
  step   1260  ep 7/40  train KL=0.9055  (42.8s)
  step   1280  ep 7/40  train KL=0.9003  (43.4s)
  step   1300  ep 7/40  train KL=0.8933  (44.0s)
  step   1320  ep 7/40  train KL=0.8876  (44.6s)
  step   1340  ep 7/40  train KL=0.8816  (45.2s)
  step   1360  ep 7/40  train KL=0.8768  (45.8s)
== ep 7: train KL=0.8750  (46.2s)
  step   1380  ep 8/40  train KL=0.8167  (47.2s)
  step   1400  ep 8/40  train KL=0.8110  (47.8s)
  step   1420  ep 8/40  train KL=0.8060  (48.4s)
  step   1440  ep 8/40  train KL=0.8019  (49.0s)
  step   1460  ep 8/40  train KL=0.7976  (49.7s)
  step   1480  ep 8/40  train KL=0.7924  (50.3s)
  step   1500  ep 8/40  train KL=0.7883  (50.9s)
  step   1520  ep 8/40  train KL=0.7845  (51.6s)
  step   1540  ep 8/40  train KL=0.7810  (52.2s)
  step   1560  ep 8/40  train KL=0.7774  (52.8s)
== ep 8: train KL=0.7774  (53.0s)
  step   1580  ep 9/40  train KL=0.7336  (54.1s)
  step   1600  ep 9/40  train KL=0.7298  (54.7s)
  step   1620  ep 9/40  train KL=0.7273  (55.3s)
  step   1640  ep 9/40  train KL=0.7242  (55.9s)
  step   1660  ep 9/40  train KL=0.7209  (56.5s)
  step   1680  ep 9/40  train KL=0.7170  (57.1s)
  step   1700  ep 9/40  train KL=0.7138  (57.7s)
  step   1720  ep 9/40  train KL=0.7123  (58.3s)
  step   1740  ep 9/40  train KL=0.7088  (59.0s)
== ep 9: train KL=0.7065  (59.6s)
  step   1760  ep 10/40  train KL=0.6933  (60.1s)
  step   1780  ep 10/40  train KL=0.6785  (60.9s)
  step   1800  ep 10/40  train KL=0.6719  (61.4s)
  step   1820  ep 10/40  train KL=0.6658  (62.0s)
  step   1840  ep 10/40  train KL=0.6648  (62.7s)
  step   1860  ep 10/40  train KL=0.6640  (63.2s)
  step   1880  ep 10/40  train KL=0.6610  (63.8s)
  step   1900  ep 10/40  train KL=0.6583  (64.4s)
  step   1920  ep 10/40  train KL=0.6572  (65.0s)
  step   1940  ep 10/40  train KL=0.6538  (65.6s)
== ep 10: train KL=0.6525  (66.1s)
  step   1960  ep 11/40  train KL=0.6249  (66.9s)
  step   1980  ep 11/40  train KL=0.6220  (67.5s)
  step   2000  ep 11/40  train KL=0.6249  (68.1s)
  step   2020  ep 11/40  train KL=0.6253  (68.7s)
  step   2040  ep 11/40  train KL=0.6221  (69.3s)
  step   2060  ep 11/40  train KL=0.6188  (69.9s)
  step   2080  ep 11/40  train KL=0.6172  (70.5s)
  step   2100  ep 11/40  train KL=0.6154  (71.1s)
  step   2120  ep 11/40  train KL=0.6126  (71.7s)
  step   2140  ep 11/40  train KL=0.6105  (72.3s)
== ep 11: train KL=0.6102  (72.6s)
  step   2160  ep 12/40  train KL=0.5872  (73.6s)
  step   2180  ep 12/40  train KL=0.5892  (74.2s)
  step   2200  ep 12/40  train KL=0.5891  (74.8s)
  step   2220  ep 12/40  train KL=0.5878  (75.4s)
  step   2240  ep 12/40  train KL=0.5849  (76.0s)
  step   2260  ep 12/40  train KL=0.5833  (76.6s)
  step   2280  ep 12/40  train KL=0.5813  (77.2s)
  step   2300  ep 12/40  train KL=0.5793  (77.8s)
  step   2320  ep 12/40  train KL=0.5781  (78.4s)
  step   2340  ep 12/40  train KL=0.5761  (79.0s)
== ep 12: train KL=0.5761  (79.2s)
  step   2360  ep 13/40  train KL=0.5565  (80.3s)
  step   2380  ep 13/40  train KL=0.5555  (81.0s)
  step   2400  ep 13/40  train KL=0.5559  (81.6s)
  step   2420  ep 13/40  train KL=0.5558  (82.2s)
  step   2440  ep 13/40  train KL=0.5543  (82.8s)
  step   2460  ep 13/40  train KL=0.5519  (83.4s)
  step   2480  ep 13/40  train KL=0.5512  (84.0s)
  step   2500  ep 13/40  train KL=0.5500  (84.6s)
  step   2520  ep 13/40  train KL=0.5492  (85.2s)
== ep 13: train KL=0.5481  (85.9s)
  step   2540  ep 14/40  train KL=0.5273  (86.4s)
  step   2560  ep 14/40  train KL=0.5346  (87.2s)
  step   2580  ep 14/40  train KL=0.5327  (87.8s)
  step   2600  ep 14/40  train KL=0.5322  (88.4s)
  step   2620  ep 14/40  train KL=0.5304  (89.0s)
  step   2640  ep 14/40  train KL=0.5293  (89.6s)
  step   2660  ep 14/40  train KL=0.5278  (90.2s)
  step   2680  ep 14/40  train KL=0.5266  (90.8s)
  step   2700  ep 14/40  train KL=0.5262  (91.4s)
  step   2720  ep 14/40  train KL=0.5250  (92.0s)
== ep 14: train KL=0.5247  (92.5s)
  step   2740  ep 15/40  train KL=0.5214  (93.3s)
  step   2760  ep 15/40  train KL=0.5153  (93.9s)
  step   2780  ep 15/40  train KL=0.5140  (94.6s)
  step   2800  ep 15/40  train KL=0.5108  (95.1s)
  step   2820  ep 15/40  train KL=0.5108  (95.7s)
  step   2840  ep 15/40  train KL=0.5088  (96.3s)
  step   2860  ep 15/40  train KL=0.5076  (97.0s)
  step   2880  ep 15/40  train KL=0.5069  (97.6s)
  step   2900  ep 15/40  train KL=0.5066  (98.2s)
  step   2920  ep 15/40  train KL=0.5053  (98.8s)
== ep 15: train KL=0.5050  (99.1s)
  step   2940  ep 16/40  train KL=0.4852  (100.1s)
  step   2960  ep 16/40  train KL=0.4925  (100.7s)
  step   2980  ep 16/40  train KL=0.4929  (101.3s)
  step   3000  ep 16/40  train KL=0.4923  (101.9s)
  step   3020  ep 16/40  train KL=0.4918  (102.5s)
  step   3040  ep 16/40  train KL=0.4912  (103.1s)
  step   3060  ep 16/40  train KL=0.4906  (103.7s)
  step   3080  ep 16/40  train KL=0.4898  (104.3s)
  step   3100  ep 16/40  train KL=0.4894  (104.9s)
  step   3120  ep 16/40  train KL=0.4881  (105.4s)
== ep 16: train KL=0.4881  (105.6s)
  step   3140  ep 17/40  train KL=0.4800  (106.7s)
  step   3160  ep 17/40  train KL=0.4789  (107.3s)
  step   3180  ep 17/40  train KL=0.4790  (107.9s)
  step   3200  ep 17/40  train KL=0.4769  (108.5s)
  step   3220  ep 17/40  train KL=0.4773  (109.1s)
  step   3240  ep 17/40  train KL=0.4762  (109.7s)
  step   3260  ep 17/40  train KL=0.4754  (110.3s)
  step   3280  ep 17/40  train KL=0.4749  (110.9s)
  step   3300  ep 17/40  train KL=0.4740  (111.6s)
== ep 17: train KL=0.4735  (112.2s)
  step   3320  ep 18/40  train KL=0.4669  (112.8s)
  step   3340  ep 18/40  train KL=0.4672  (113.5s)
  step   3360  ep 18/40  train KL=0.4652  (114.1s)
  step   3380  ep 18/40  train KL=0.4642  (114.7s)
  step   3400  ep 18/40  train KL=0.4626  (115.3s)
  step   3420  ep 18/40  train KL=0.4627  (115.9s)
  step   3440  ep 18/40  train KL=0.4620  (116.5s)
  step   3460  ep 18/40  train KL=0.4612  (117.1s)
  step   3480  ep 18/40  train KL=0.4605  (117.7s)
  step   3500  ep 18/40  train KL=0.4603  (118.3s)
== ep 18: train KL=0.4605  (118.8s)
  step   3520  ep 19/40  train KL=0.4479  (119.7s)
  step   3540  ep 19/40  train KL=0.4505  (120.3s)
  step   3560  ep 19/40  train KL=0.4509  (120.9s)
  step   3580  ep 19/40  train KL=0.4506  (121.5s)
  step   3600  ep 19/40  train KL=0.4504  (122.1s)
  step   3620  ep 19/40  train KL=0.4500  (122.7s)
  step   3640  ep 19/40  train KL=0.4504  (123.3s)
  step   3660  ep 19/40  train KL=0.4495  (123.9s)
  step   3680  ep 19/40  train KL=0.4493  (124.5s)
  step   3700  ep 19/40  train KL=0.4494  (125.1s)
== ep 19: train KL=0.4490  (125.4s)
  step   3720  ep 20/40  train KL=0.4421  (126.4s)
  step   3740  ep 20/40  train KL=0.4397  (127.0s)
  step   3760  ep 20/40  train KL=0.4392  (127.7s)
  step   3780  ep 20/40  train KL=0.4407  (128.3s)
  step   3800  ep 20/40  train KL=0.4402  (129.0s)
  step   3820  ep 20/40  train KL=0.4406  (129.5s)
  step   3840  ep 20/40  train KL=0.4403  (130.2s)
  step   3860  ep 20/40  train KL=0.4407  (130.8s)
  step   3880  ep 20/40  train KL=0.4400  (131.4s)
  step   3900  ep 20/40  train KL=0.4389  (132.0s)
== ep 20: train KL=0.4389  (132.1s)
  step   3920  ep 21/40  train KL=0.4279  (133.3s)
  step   3940  ep 21/40  train KL=0.4312  (133.9s)
  step   3960  ep 21/40  train KL=0.4315  (134.5s)
  step   3980  ep 21/40  train KL=0.4314  (135.0s)
  step   4000  ep 21/40  train KL=0.4317  (135.6s)
  step   4020  ep 21/40  train KL=0.4317  (136.2s)
  step   4040  ep 21/40  train KL=0.4308  (136.8s)
  step   4060  ep 21/40  train KL=0.4299  (137.4s)
  step   4080  ep 21/40  train KL=0.4298  (138.0s)
== ep 21: train KL=0.4298  (138.6s)
  step   4100  ep 22/40  train KL=0.4274  (139.2s)
  step   4120  ep 22/40  train KL=0.4257  (140.0s)
  step   4140  ep 22/40  train KL=0.4230  (140.5s)
  step   4160  ep 22/40  train KL=0.4249  (141.1s)
  step   4180  ep 22/40  train KL=0.4239  (141.7s)
  step   4200  ep 22/40  train KL=0.4225  (142.3s)
  step   4220  ep 22/40  train KL=0.4225  (142.9s)
  step   4240  ep 22/40  train KL=0.4222  (143.5s)
  step   4260  ep 22/40  train KL=0.4225  (144.1s)
  step   4280  ep 22/40  train KL=0.4218  (144.8s)
== ep 22: train KL=0.4216  (145.2s)
  step   4300  ep 23/40  train KL=0.4151  (146.1s)
  step   4320  ep 23/40  train KL=0.4133  (146.7s)
  step   4340  ep 23/40  train KL=0.4138  (147.3s)
  step   4360  ep 23/40  train KL=0.4133  (147.9s)
  step   4380  ep 23/40  train KL=0.4129  (148.5s)
  step   4400  ep 23/40  train KL=0.4130  (149.1s)
  step   4420  ep 23/40  train KL=0.4141  (149.8s)
  step   4440  ep 23/40  train KL=0.4143  (150.4s)
  step   4460  ep 23/40  train KL=0.4144  (151.0s)
  step   4480  ep 23/40  train KL=0.4141  (151.6s)
== ep 23: train KL=0.4142  (151.9s)
  step   4500  ep 24/40  train KL=0.4102  (152.9s)
  step   4520  ep 24/40  train KL=0.4089  (153.5s)
  step   4540  ep 24/40  train KL=0.4097  (154.1s)
  step   4560  ep 24/40  train KL=0.4091  (154.8s)
  step   4580  ep 24/40  train KL=0.4080  (155.4s)
  step   4600  ep 24/40  train KL=0.4076  (156.0s)
  step   4620  ep 24/40  train KL=0.4081  (156.6s)
  step   4640  ep 24/40  train KL=0.4079  (157.2s)
  step   4660  ep 24/40  train KL=0.4078  (157.7s)
  step   4680  ep 24/40  train KL=0.4074  (158.4s)
== ep 24: train KL=0.4074  (158.5s)
  step   4700  ep 25/40  train KL=0.3978  (159.7s)
  step   4720  ep 25/40  train KL=0.4020  (160.3s)
  step   4740  ep 25/40  train KL=0.4023  (160.9s)
  step   4760  ep 25/40  train KL=0.4026  (161.5s)
  step   4780  ep 25/40  train KL=0.4024  (162.1s)
  step   4800  ep 25/40  train KL=0.4024  (162.7s)
  step   4820  ep 25/40  train KL=0.4021  (163.3s)
  step   4840  ep 25/40  train KL=0.4016  (163.9s)
  step   4860  ep 25/40  train KL=0.4013  (164.5s)
== ep 25: train KL=0.4011  (165.2s)
  step   4880  ep 26/40  train KL=0.3946  (165.7s)
  step   4900  ep 26/40  train KL=0.3947  (166.5s)
  step   4920  ep 26/40  train KL=0.3938  (167.1s)
  step   4940  ep 26/40  train KL=0.3942  (167.7s)
  step   4960  ep 26/40  train KL=0.3959  (168.3s)
  step   4980  ep 26/40  train KL=0.3962  (169.0s)
  step   5000  ep 26/40  train KL=0.3957  (169.5s)
  step   5020  ep 26/40  train KL=0.3953  (170.1s)
  step   5040  ep 26/40  train KL=0.3952  (170.7s)
  step   5060  ep 26/40  train KL=0.3953  (171.4s)
== ep 26: train KL=0.3954  (171.8s)
  step   5080  ep 27/40  train KL=0.3939  (172.7s)
  step   5100  ep 27/40  train KL=0.3925  (173.3s)
  step   5120  ep 27/40  train KL=0.3927  (173.9s)
  step   5140  ep 27/40  train KL=0.3931  (174.5s)
  step   5160  ep 27/40  train KL=0.3917  (175.1s)
  step   5180  ep 27/40  train KL=0.3908  (175.8s)
  step   5200  ep 27/40  train KL=0.3912  (176.4s)
  step   5220  ep 27/40  train KL=0.3905  (177.0s)
  step   5240  ep 27/40  train KL=0.3903  (177.6s)
  step   5260  ep 27/40  train KL=0.3901  (178.2s)
== ep 27: train KL=0.3901  (178.5s)
  step   5280  ep 28/40  train KL=0.3881  (179.5s)
  step   5300  ep 28/40  train KL=0.3854  (180.1s)
  step   5320  ep 28/40  train KL=0.3853  (180.7s)
  step   5340  ep 28/40  train KL=0.3850  (181.3s)
  step   5360  ep 28/40  train KL=0.3852  (181.9s)
  step   5380  ep 28/40  train KL=0.3856  (182.5s)
  step   5400  ep 28/40  train KL=0.3853  (183.1s)
  step   5420  ep 28/40  train KL=0.3854  (183.7s)
  step   5440  ep 28/40  train KL=0.3855  (184.3s)
  step   5460  ep 28/40  train KL=0.3851  (184.9s)
== ep 28: train KL=0.3851  (185.1s)
  step   5480  ep 29/40  train KL=0.3805  (186.2s)
  step   5500  ep 29/40  train KL=0.3814  (186.8s)
  step   5520  ep 29/40  train KL=0.3826  (187.4s)
  step   5540  ep 29/40  train KL=0.3823  (188.0s)
  step   5560  ep 29/40  train KL=0.3817  (188.6s)
  step   5580  ep 29/40  train KL=0.3814  (189.2s)
  step   5600  ep 29/40  train KL=0.3808  (189.8s)
  step   5620  ep 29/40  train KL=0.3810  (190.4s)
  step   5640  ep 29/40  train KL=0.3809  (191.0s)
== ep 29: train KL=0.3807  (191.7s)
  step   5660  ep 30/40  train KL=0.3741  (192.2s)
  step   5680  ep 30/40  train KL=0.3748  (193.0s)
  step   5700  ep 30/40  train KL=0.3751  (193.6s)
  step   5720  ep 30/40  train KL=0.3755  (194.2s)
  step   5740  ep 30/40  train KL=0.3762  (194.9s)
  step   5760  ep 30/40  train KL=0.3768  (195.5s)
  step   5780  ep 30/40  train KL=0.3774  (196.1s)
  step   5800  ep 30/40  train KL=0.3769  (196.7s)
  step   5820  ep 30/40  train KL=0.3764  (197.3s)
  step   5840  ep 30/40  train KL=0.3764  (197.9s)
== ep 30: train KL=0.3765  (198.4s)
  step   5860  ep 31/40  train KL=0.3709  (199.2s)
  step   5880  ep 31/40  train KL=0.3732  (199.8s)
  step   5900  ep 31/40  train KL=0.3733  (200.4s)
  step   5920  ep 31/40  train KL=0.3734  (201.0s)
  step   5940  ep 31/40  train KL=0.3733  (201.7s)
  step   5960  ep 31/40  train KL=0.3731  (202.3s)
  step   5980  ep 31/40  train KL=0.3729  (202.9s)
  step   6000  ep 31/40  train KL=0.3728  (203.5s)
  step   6020  ep 31/40  train KL=0.3727  (204.1s)
  step   6040  ep 31/40  train KL=0.3725  (204.7s)
== ep 31: train KL=0.3724  (205.0s)
  step   6060  ep 32/40  train KL=0.3685  (206.0s)
  step   6080  ep 32/40  train KL=0.3696  (206.6s)
  step   6100  ep 32/40  train KL=0.3681  (207.2s)
  step   6120  ep 32/40  train KL=0.3683  (207.8s)
  step   6140  ep 32/40  train KL=0.3674  (208.4s)
  step   6160  ep 32/40  train KL=0.3676  (209.0s)
  step   6180  ep 32/40  train KL=0.3677  (209.7s)
  step   6200  ep 32/40  train KL=0.3681  (210.3s)
  step   6220  ep 32/40  train KL=0.3684  (210.9s)
  step   6240  ep 32/40  train KL=0.3687  (211.5s)
== ep 32: train KL=0.3687  (211.6s)
  step   6260  ep 33/40  train KL=0.3660  (212.8s)
  step   6280  ep 33/40  train KL=0.3661  (213.4s)
  step   6300  ep 33/40  train KL=0.3660  (214.0s)
  step   6320  ep 33/40  train KL=0.3664  (214.6s)
  step   6340  ep 33/40  train KL=0.3649  (215.2s)
  step   6360  ep 33/40  train KL=0.3648  (215.8s)
  step   6380  ep 33/40  train KL=0.3647  (216.4s)
  step   6400  ep 33/40  train KL=0.3650  (217.0s)
  step   6420  ep 33/40  train KL=0.3652  (217.6s)
== ep 33: train KL=0.3652  (218.2s)
  step   6440  ep 34/40  train KL=0.3625  (218.8s)
  step   6460  ep 34/40  train KL=0.3630  (219.5s)
  step   6480  ep 34/40  train KL=0.3625  (220.1s)
  step   6500  ep 34/40  train KL=0.3626  (220.7s)
  step   6520  ep 34/40  train KL=0.3626  (221.3s)
  step   6540  ep 34/40  train KL=0.3627  (221.9s)
  step   6560  ep 34/40  train KL=0.3622  (222.6s)
  step   6580  ep 34/40  train KL=0.3617  (223.2s)
  step   6600  ep 34/40  train KL=0.3620  (223.8s)
  step   6620  ep 34/40  train KL=0.3619  (224.4s)
== ep 34: train KL=0.3619  (224.9s)
  step   6640  ep 35/40  train KL=0.3607  (225.7s)
  step   6660  ep 35/40  train KL=0.3606  (226.3s)
  step   6680  ep 35/40  train KL=0.3590  (226.9s)
  step   6700  ep 35/40  train KL=0.3585  (227.5s)
  step   6720  ep 35/40  train KL=0.3584  (228.1s)
  step   6740  ep 35/40  train KL=0.3584  (228.7s)
  step   6760  ep 35/40  train KL=0.3586  (229.3s)
  step   6780  ep 35/40  train KL=0.3589  (229.9s)
  step   6800  ep 35/40  train KL=0.3585  (230.5s)
  step   6820  ep 35/40  train KL=0.3587  (231.1s)
== ep 35: train KL=0.3588  (231.4s)
  step   6840  ep 36/40  train KL=0.3576  (232.5s)
  step   6860  ep 36/40  train KL=0.3550  (233.1s)
  step   6880  ep 36/40  train KL=0.3541  (233.7s)
  step   6900  ep 36/40  train KL=0.3548  (234.3s)
  step   6920  ep 36/40  train KL=0.3550  (234.9s)
  step   6940  ep 36/40  train KL=0.3551  (235.5s)
  step   6960  ep 36/40  train KL=0.3556  (236.0s)
  step   6980  ep 36/40  train KL=0.3560  (236.6s)
  step   7000  ep 36/40  train KL=0.3561  (237.2s)
  step   7020  ep 36/40  train KL=0.3559  (237.8s)
== ep 36: train KL=0.3559  (238.0s)
  step   7040  ep 37/40  train KL=0.3517  (239.1s)
  step   7060  ep 37/40  train KL=0.3523  (239.7s)
  step   7080  ep 37/40  train KL=0.3516  (240.3s)
  step   7100  ep 37/40  train KL=0.3514  (240.9s)
  step   7120  ep 37/40  train KL=0.3520  (241.5s)
  step   7140  ep 37/40  train KL=0.3523  (242.1s)
  step   7160  ep 37/40  train KL=0.3524  (242.8s)
  step   7180  ep 37/40  train KL=0.3526  (243.4s)
  step   7200  ep 37/40  train KL=0.3530  (244.0s)
== ep 37: train KL=0.3531  (244.6s)
  step   7220  ep 38/40  train KL=0.3549  (245.2s)
  step   7240  ep 38/40  train KL=0.3533  (245.9s)
  step   7260  ep 38/40  train KL=0.3514  (246.5s)
  step   7280  ep 38/40  train KL=0.3518  (247.1s)
  step   7300  ep 38/40  train KL=0.3515  (247.7s)
  step   7320  ep 38/40  train KL=0.3510  (248.3s)
  step   7340  ep 38/40  train KL=0.3505  (248.9s)
  step   7360  ep 38/40  train KL=0.3504  (249.5s)
  step   7380  ep 38/40  train KL=0.3506  (250.1s)
  step   7400  ep 38/40  train KL=0.3504  (250.7s)
== ep 38: train KL=0.3504  (251.2s)
  step   7420  ep 39/40  train KL=0.3485  (252.1s)
  step   7440  ep 39/40  train KL=0.3482  (252.7s)
  step   7460  ep 39/40  train KL=0.3481  (253.3s)
  step   7480  ep 39/40  train KL=0.3484  (253.9s)
  step   7500  ep 39/40  train KL=0.3488  (254.6s)
  step   7520  ep 39/40  train KL=0.3488  (255.2s)
  step   7540  ep 39/40  train KL=0.3484  (255.8s)
  step   7560  ep 39/40  train KL=0.3478  (256.4s)
  step   7580  ep 39/40  train KL=0.3480  (257.0s)
  step   7600  ep 39/40  train KL=0.3480  (257.6s)
== ep 39: train KL=0.3480  (258.0s)
  step   7620  ep 40/40  train KL=0.3483  (259.0s)
  step   7640  ep 40/40  train KL=0.3460  (259.6s)
  step   7660  ep 40/40  train KL=0.3462  (260.3s)
  step   7680  ep 40/40  train KL=0.3469  (260.9s)
  step   7700  ep 40/40  train KL=0.3469  (261.5s)
  step   7720  ep 40/40  train KL=0.3462  (262.1s)
  step   7740  ep 40/40  train KL=0.3459  (262.7s)
  step   7760  ep 40/40  train KL=0.3459  (263.3s)
  step   7780  ep 40/40  train KL=0.3459  (264.0s)
  step   7800  ep 40/40  train KL=0.3456  (264.6s)
== ep 40: train KL=0.3456  (264.8s)

Done. Total time: 264.8s
