Materializing 100000 rows from parquet...
  inputs:  (100000, 384) float32
  logits:  (100000, 32768) float16
  load time: 14.9s

Using all 100000 samples for training (capacity test, no val split).

Model: MlpUnembedder — 101.84M params
  fc1: Linear(384, 3072, bias=False)
  fc2: Linear(3072, 32768, bias=False)

Training: epochs=20 batch_size=512 lr=0.001 schedule=cosine warmup=0

  step     20  ep 1/20  train KL=1.3521  (1.5s)
  step     40  ep 1/20  train KL=0.8243  (2.1s)
  step     60  ep 1/20  train KL=0.6082  (2.7s)
  step     80  ep 1/20  train KL=0.4895  (3.3s)
  step    100  ep 1/20  train KL=0.4140  (3.9s)
  step    120  ep 1/20  train KL=0.3616  (4.5s)
  step    140  ep 1/20  train KL=0.3230  (5.1s)
  step    160  ep 1/20  train KL=0.2929  (5.8s)
  step    180  ep 1/20  train KL=0.2689  (6.4s)
== ep 1: train KL=0.2538  (7.1s)
  step    200  ep 2/20  train KL=0.0650  (7.6s)
  step    220  ep 2/20  train KL=0.0619  (8.4s)
  step    240  ep 2/20  train KL=0.0592  (8.9s)
  step    260  ep 2/20  train KL=0.0571  (9.5s)
  step    280  ep 2/20  train KL=0.0555  (10.1s)
  step    300  ep 2/20  train KL=0.0540  (10.7s)
  step    320  ep 2/20  train KL=0.0528  (11.3s)
  step    340  ep 2/20  train KL=0.0516  (11.9s)
  step    360  ep 2/20  train KL=0.0506  (12.5s)
  step    380  ep 2/20  train KL=0.0496  (13.1s)
== ep 2: train KL=0.0492  (13.6s)
  step    400  ep 3/20  train KL=0.0380  (14.4s)
  step    420  ep 3/20  train KL=0.0374  (15.0s)
  step    440  ep 3/20  train KL=0.0370  (15.6s)
  step    460  ep 3/20  train KL=0.0366  (16.2s)
  step    480  ep 3/20  train KL=0.0362  (16.8s)
  step    500  ep 3/20  train KL=0.0356  (17.4s)
  step    520  ep 3/20  train KL=0.0351  (18.0s)
  step    540  ep 3/20  train KL=0.0346  (18.6s)
  step    560  ep 3/20  train KL=0.0342  (19.1s)
  step    580  ep 3/20  train KL=0.0339  (19.7s)
== ep 3: train KL=0.0338  (20.0s)
  step    600  ep 4/20  train KL=0.0291  (21.0s)
  step    620  ep 4/20  train KL=0.0290  (21.6s)
  step    640  ep 4/20  train KL=0.0284  (22.2s)
  step    660  ep 4/20  train KL=0.0283  (22.8s)
  step    680  ep 4/20  train KL=0.0281  (23.4s)
  step    700  ep 4/20  train KL=0.0281  (24.0s)
  step    720  ep 4/20  train KL=0.0279  (24.5s)
  step    740  ep 4/20  train KL=0.0276  (25.1s)
  step    760  ep 4/20  train KL=0.0274  (25.7s)
  step    780  ep 4/20  train KL=0.0273  (26.4s)
== ep 4: train KL=0.0273  (26.5s)
  step    800  ep 5/20  train KL=0.0260  (27.7s)
  step    820  ep 5/20  train KL=0.0259  (28.3s)
  step    840  ep 5/20  train KL=0.0253  (28.9s)
  step    860  ep 5/20  train KL=0.0249  (29.5s)
  step    880  ep 5/20  train KL=0.0246  (30.1s)
  step    900  ep 5/20  train KL=0.0244  (30.7s)
  step    920  ep 5/20  train KL=0.0241  (31.3s)
  step    940  ep 5/20  train KL=0.0240  (31.9s)
  step    960  ep 5/20  train KL=0.0239  (32.5s)
== ep 5: train KL=0.0238  (33.1s)
  step    980  ep 6/20  train KL=0.0218  (33.6s)
  step   1000  ep 6/20  train KL=0.0215  (34.4s)
  step   1020  ep 6/20  train KL=0.0215  (35.0s)
  step   1040  ep 6/20  train KL=0.0216  (35.6s)
  step   1060  ep 6/20  train KL=0.0215  (36.2s)
  step   1080  ep 6/20  train KL=0.0215  (36.8s)
  step   1100  ep 6/20  train KL=0.0213  (37.4s)
  step   1120  ep 6/20  train KL=0.0213  (38.0s)
  step   1140  ep 6/20  train KL=0.0212  (38.6s)
  step   1160  ep 6/20  train KL=0.0211  (39.2s)
== ep 6: train KL=0.0210  (39.6s)
  step   1180  ep 7/20  train KL=0.0192  (40.3s)
  step   1200  ep 7/20  train KL=0.0192  (41.0s)
  step   1220  ep 7/20  train KL=0.0191  (41.6s)
  step   1240  ep 7/20  train KL=0.0190  (42.2s)
  step   1260  ep 7/20  train KL=0.0189  (42.8s)
  step   1280  ep 7/20  train KL=0.0187  (43.4s)
  step   1300  ep 7/20  train KL=0.0186  (44.0s)
  step   1320  ep 7/20  train KL=0.0185  (44.5s)
  step   1340  ep 7/20  train KL=0.0184  (45.1s)
  step   1360  ep 7/20  train KL=0.0183  (45.7s)
== ep 7: train KL=0.0183  (46.0s)
  step   1380  ep 8/20  train KL=0.0172  (46.8s)
  step   1400  ep 8/20  train KL=0.0174  (47.6s)
  step   1420  ep 8/20  train KL=0.0170  (48.1s)
  step   1440  ep 8/20  train KL=0.0169  (48.7s)
  step   1460  ep 8/20  train KL=0.0169  (49.3s)
  step   1480  ep 8/20  train KL=0.0168  (49.9s)
  step   1500  ep 8/20  train KL=0.0166  (50.5s)
  step   1520  ep 8/20  train KL=0.0165  (51.1s)
  step   1540  ep 8/20  train KL=0.0163  (51.7s)
  step   1560  ep 8/20  train KL=0.0162  (52.3s)
== ep 8: train KL=0.0162  (52.4s)
  step   1580  ep 9/20  train KL=0.0143  (53.5s)
  step   1600  ep 9/20  train KL=0.0144  (54.1s)
  step   1620  ep 9/20  train KL=0.0144  (54.7s)
  step   1640  ep 9/20  train KL=0.0143  (55.3s)
  step   1660  ep 9/20  train KL=0.0143  (55.9s)
  step   1680  ep 9/20  train KL=0.0141  (56.5s)
  step   1700  ep 9/20  train KL=0.0141  (57.1s)
  step   1720  ep 9/20  train KL=0.0141  (57.7s)
  step   1740  ep 9/20  train KL=0.0141  (58.3s)
== ep 9: train KL=0.0140  (59.0s)
  step   1760  ep 10/20  train KL=0.0131  (59.5s)
  step   1780  ep 10/20  train KL=0.0127  (60.2s)
  step   1800  ep 10/20  train KL=0.0129  (60.8s)
  step   1820  ep 10/20  train KL=0.0129  (61.4s)
  step   1840  ep 10/20  train KL=0.0129  (62.0s)
  step   1860  ep 10/20  train KL=0.0128  (62.6s)
  step   1880  ep 10/20  train KL=0.0128  (63.2s)
  step   1900  ep 10/20  train KL=0.0127  (63.8s)
  step   1920  ep 10/20  train KL=0.0126  (64.4s)
  step   1940  ep 10/20  train KL=0.0126  (64.9s)
== ep 10: train KL=0.0125  (65.4s)
  step   1960  ep 11/20  train KL=0.0112  (66.1s)
  step   1980  ep 11/20  train KL=0.0113  (66.8s)
  step   2000  ep 11/20  train KL=0.0113  (67.4s)
  step   2020  ep 11/20  train KL=0.0113  (68.0s)
  step   2040  ep 11/20  train KL=0.0113  (68.6s)
  step   2060  ep 11/20  train KL=0.0112  (69.2s)
  step   2080  ep 11/20  train KL=0.0112  (69.8s)
  step   2100  ep 11/20  train KL=0.0111  (70.4s)
  step   2120  ep 11/20  train KL=0.0111  (71.0s)
  step   2140  ep 11/20  train KL=0.0111  (71.6s)
== ep 11: train KL=0.0110  (71.9s)
  step   2160  ep 12/20  train KL=0.0101  (72.7s)
  step   2180  ep 12/20  train KL=0.0101  (73.5s)
  step   2200  ep 12/20  train KL=0.0101  (74.1s)
  step   2220  ep 12/20  train KL=0.0101  (74.7s)
  step   2240  ep 12/20  train KL=0.0100  (75.3s)
  step   2260  ep 12/20  train KL=0.0100  (75.9s)
  step   2280  ep 12/20  train KL=0.0100  (76.4s)
  step   2300  ep 12/20  train KL=0.0100  (77.0s)
  step   2320  ep 12/20  train KL=0.0100  (77.6s)
  step   2340  ep 12/20  train KL=0.0100  (78.2s)
== ep 12: train KL=0.0100  (78.4s)
  step   2360  ep 13/20  train KL=0.0093  (79.5s)
  step   2380  ep 13/20  train KL=0.0093  (80.1s)
  step   2400  ep 13/20  train KL=0.0092  (80.7s)
  step   2420  ep 13/20  train KL=0.0092  (81.3s)
  step   2440  ep 13/20  train KL=0.0092  (81.9s)
  step   2460  ep 13/20  train KL=0.0092  (82.5s)
  step   2480  ep 13/20  train KL=0.0092  (83.1s)
  step   2500  ep 13/20  train KL=0.0092  (83.7s)
  step   2520  ep 13/20  train KL=0.0092  (84.3s)
== ep 13: train KL=0.0092  (85.0s)
  step   2540  ep 14/20  train KL=0.0084  (85.5s)
  step   2560  ep 14/20  train KL=0.0086  (86.2s)
  step   2580  ep 14/20  train KL=0.0086  (86.8s)
  step   2600  ep 14/20  train KL=0.0086  (87.4s)
  step   2620  ep 14/20  train KL=0.0086  (88.0s)
  step   2640  ep 14/20  train KL=0.0086  (88.6s)
  step   2660  ep 14/20  train KL=0.0086  (89.2s)
  step   2680  ep 14/20  train KL=0.0086  (89.8s)
  step   2700  ep 14/20  train KL=0.0085  (90.4s)
  step   2720  ep 14/20  train KL=0.0085  (91.0s)
== ep 14: train KL=0.0085  (91.4s)
  step   2740  ep 15/20  train KL=0.0081  (92.1s)
  step   2760  ep 15/20  train KL=0.0081  (92.8s)
  step   2780  ep 15/20  train KL=0.0081  (93.4s)
  step   2800  ep 15/20  train KL=0.0081  (94.0s)
  step   2820  ep 15/20  train KL=0.0081  (94.6s)
  step   2840  ep 15/20  train KL=0.0081  (95.2s)
  step   2860  ep 15/20  train KL=0.0081  (95.8s)
  step   2880  ep 15/20  train KL=0.0081  (96.4s)
  step   2900  ep 15/20  train KL=0.0081  (97.1s)
  step   2920  ep 15/20  train KL=0.0081  (97.7s)
== ep 15: train KL=0.0081  (98.0s)
  step   2940  ep 16/20  train KL=0.0077  (98.9s)
  step   2960  ep 16/20  train KL=0.0078  (99.6s)
  step   2980  ep 16/20  train KL=0.0078  (100.2s)
  step   3000  ep 16/20  train KL=0.0078  (100.8s)
  step   3020  ep 16/20  train KL=0.0078  (101.4s)
  step   3040  ep 16/20  train KL=0.0077  (102.1s)
  step   3060  ep 16/20  train KL=0.0078  (102.7s)
  step   3080  ep 16/20  train KL=0.0078  (103.3s)
  step   3100  ep 16/20  train KL=0.0078  (103.9s)
  step   3120  ep 16/20  train KL=0.0078  (104.5s)
== ep 16: train KL=0.0078  (104.7s)
  step   3140  ep 17/20  train KL=0.0075  (105.8s)
  step   3160  ep 17/20  train KL=0.0075  (106.4s)
  step   3180  ep 17/20  train KL=0.0075  (107.0s)
  step   3200  ep 17/20  train KL=0.0075  (107.6s)
  step   3220  ep 17/20  train KL=0.0075  (108.2s)
  step   3240  ep 17/20  train KL=0.0075  (108.8s)
  step   3260  ep 17/20  train KL=0.0075  (109.4s)
  step   3280  ep 17/20  train KL=0.0075  (109.9s)
  step   3300  ep 17/20  train KL=0.0075  (110.5s)
== ep 17: train KL=0.0075  (111.2s)
  step   3320  ep 18/20  train KL=0.0075  (111.7s)
  step   3340  ep 18/20  train KL=0.0074  (112.4s)
  step   3360  ep 18/20  train KL=0.0074  (113.0s)
  step   3380  ep 18/20  train KL=0.0074  (113.6s)
  step   3400  ep 18/20  train KL=0.0074  (114.2s)
  step   3420  ep 18/20  train KL=0.0074  (114.8s)
  step   3440  ep 18/20  train KL=0.0074  (115.4s)
  step   3460  ep 18/20  train KL=0.0074  (116.0s)
  step   3480  ep 18/20  train KL=0.0074  (116.6s)
  step   3500  ep 18/20  train KL=0.0074  (117.2s)
== ep 18: train KL=0.0074  (117.7s)
  step   3520  ep 19/20  train KL=0.0073  (118.3s)
  step   3540  ep 19/20  train KL=0.0073  (119.1s)
  step   3560  ep 19/20  train KL=0.0073  (119.7s)
  step   3580  ep 19/20  train KL=0.0073  (120.3s)
  step   3600  ep 19/20  train KL=0.0073  (120.8s)
  step   3620  ep 19/20  train KL=0.0073  (121.4s)
  step   3640  ep 19/20  train KL=0.0073  (122.0s)
  step   3660  ep 19/20  train KL=0.0073  (122.6s)
  step   3680  ep 19/20  train KL=0.0073  (123.2s)
  step   3700  ep 19/20  train KL=0.0073  (123.9s)
== ep 19: train KL=0.0073  (124.2s)
  step   3720  ep 20/20  train KL=0.0073  (125.1s)
  step   3740  ep 20/20  train KL=0.0072  (125.8s)
  step   3760  ep 20/20  train KL=0.0072  (126.4s)
  step   3780  ep 20/20  train KL=0.0072  (127.0s)
  step   3800  ep 20/20  train KL=0.0072  (127.6s)
  step   3820  ep 20/20  train KL=0.0072  (128.2s)
  step   3840  ep 20/20  train KL=0.0072  (128.8s)
  step   3860  ep 20/20  train KL=0.0072  (129.4s)
  step   3880  ep 20/20  train KL=0.0072  (130.0s)
  step   3900  ep 20/20  train KL=0.0072  (130.6s)
== ep 20: train KL=0.0072  (130.8s)

Done. Total time: 130.8s
