Materializing 100000 rows from parquet...
  inputs:  (100000, 384) float32
  logits:  (100000, 32768) float16
  load time: 14.5s

Using all 100000 samples for training (capacity test).

Model: StackedLutUnembedder — 79.73M params
  LN(384)
  block 0: TinyMultiHeadLut(384→384, n_heads=1, tph=8192, nap=10) + residual
  final: Linear(384, 32768, bias=True)
  init_std=0.1

Training: epochs=20 batch_size=512 lr=0.001 schedule=cosine warmup=0

  step     20  ep 1/20  train KL=2.2580  (1.5s)
  step     40  ep 1/20  train KL=1.4603  (2.1s)
  step     60  ep 1/20  train KL=1.1140  (2.6s)
  step     80  ep 1/20  train KL=0.9158  (3.2s)
  step    100  ep 1/20  train KL=0.7878  (3.8s)
  step    120  ep 1/20  train KL=0.6965  (4.4s)
  step    140  ep 1/20  train KL=0.6282  (5.0s)
  step    160  ep 1/20  train KL=0.5749  (5.6s)
  step    180  ep 1/20  train KL=0.5315  (6.2s)
== ep 1: train KL=0.5041  (6.8s)
  step    200  ep 2/20  train KL=0.1415  (7.4s)
  step    220  ep 2/20  train KL=0.1376  (8.1s)
  step    240  ep 2/20  train KL=0.1347  (8.7s)
  step    260  ep 2/20  train KL=0.1313  (9.3s)
  step    280  ep 2/20  train KL=0.1286  (9.8s)
  step    300  ep 2/20  train KL=0.1263  (10.4s)
  step    320  ep 2/20  train KL=0.1244  (11.0s)
  step    340  ep 2/20  train KL=0.1225  (11.6s)
  step    360  ep 2/20  train KL=0.1205  (12.1s)
  step    380  ep 2/20  train KL=0.1187  (12.7s)
== ep 2: train KL=0.1179  (13.2s)
  step    400  ep 3/20  train KL=0.0884  (14.0s)
  step    420  ep 3/20  train KL=0.0874  (14.6s)
  step    440  ep 3/20  train KL=0.0867  (15.2s)
  step    460  ep 3/20  train KL=0.0863  (15.8s)
  step    480  ep 3/20  train KL=0.0856  (16.3s)
  step    500  ep 3/20  train KL=0.0848  (17.0s)
  step    520  ep 3/20  train KL=0.0841  (17.6s)
  step    540  ep 3/20  train KL=0.0835  (18.2s)
  step    560  ep 3/20  train KL=0.0828  (18.7s)
  step    580  ep 3/20  train KL=0.0824  (19.3s)
== ep 3: train KL=0.0822  (19.7s)
  step    600  ep 4/20  train KL=0.0708  (20.5s)
  step    620  ep 4/20  train KL=0.0705  (21.3s)
  step    640  ep 4/20  train KL=0.0701  (21.9s)
  step    660  ep 4/20  train KL=0.0695  (22.5s)
  step    680  ep 4/20  train KL=0.0691  (23.2s)
  step    700  ep 4/20  train KL=0.0684  (23.7s)
  step    720  ep 4/20  train KL=0.0679  (24.3s)
  step    740  ep 4/20  train KL=0.0674  (25.0s)
  step    760  ep 4/20  train KL=0.0671  (25.6s)
  step    780  ep 4/20  train KL=0.0668  (26.1s)
== ep 4: train KL=0.0668  (26.3s)
  step    800  ep 5/20  train KL=0.0590  (27.5s)
  step    820  ep 5/20  train KL=0.0589  (28.1s)
  step    840  ep 5/20  train KL=0.0593  (28.7s)
  step    860  ep 5/20  train KL=0.0589  (29.3s)
  step    880  ep 5/20  train KL=0.0583  (29.9s)
  step    900  ep 5/20  train KL=0.0583  (30.5s)
  step    920  ep 5/20  train KL=0.0581  (31.1s)
  step    940  ep 5/20  train KL=0.0580  (31.7s)
  step    960  ep 5/20  train KL=0.0579  (32.3s)
== ep 5: train KL=0.0577  (33.0s)
  step    980  ep 6/20  train KL=0.0514  (33.6s)
  step   1000  ep 6/20  train KL=0.0526  (34.3s)
  step   1020  ep 6/20  train KL=0.0520  (34.9s)
  step   1040  ep 6/20  train KL=0.0517  (35.5s)
  step   1060  ep 6/20  train KL=0.0516  (36.1s)
  step   1080  ep 6/20  train KL=0.0516  (36.7s)
  step   1100  ep 6/20  train KL=0.0513  (37.3s)
  step   1120  ep 6/20  train KL=0.0513  (37.9s)
  step   1140  ep 6/20  train KL=0.0510  (38.5s)
  step   1160  ep 6/20  train KL=0.0509  (39.1s)
== ep 6: train KL=0.0508  (39.6s)
  step   1180  ep 7/20  train KL=0.0453  (40.5s)
  step   1200  ep 7/20  train KL=0.0455  (41.1s)
  step   1220  ep 7/20  train KL=0.0458  (41.7s)
  step   1240  ep 7/20  train KL=0.0458  (42.4s)
  step   1260  ep 7/20  train KL=0.0455  (43.0s)
  step   1280  ep 7/20  train KL=0.0454  (43.6s)
  step   1300  ep 7/20  train KL=0.0453  (44.2s)
  step   1320  ep 7/20  train KL=0.0453  (44.8s)
  step   1340  ep 7/20  train KL=0.0451  (45.4s)
  step   1360  ep 7/20  train KL=0.0450  (46.0s)
== ep 7: train KL=0.0449  (46.4s)
  step   1380  ep 8/20  train KL=0.0413  (47.4s)
  step   1400  ep 8/20  train KL=0.0407  (48.0s)
  step   1420  ep 8/20  train KL=0.0404  (48.6s)
  step   1440  ep 8/20  train KL=0.0401  (49.2s)
  step   1460  ep 8/20  train KL=0.0400  (49.8s)
  step   1480  ep 8/20  train KL=0.0397  (50.4s)
  step   1500  ep 8/20  train KL=0.0396  (51.0s)
  step   1520  ep 8/20  train KL=0.0394  (51.6s)
  step   1540  ep 8/20  train KL=0.0393  (52.2s)
  step   1560  ep 8/20  train KL=0.0393  (52.8s)
== ep 8: train KL=0.0393  (53.0s)
  step   1580  ep 9/20  train KL=0.0351  (54.2s)
  step   1600  ep 9/20  train KL=0.0351  (54.8s)
  step   1620  ep 9/20  train KL=0.0350  (55.4s)
  step   1640  ep 9/20  train KL=0.0349  (56.0s)
  step   1660  ep 9/20  train KL=0.0348  (56.6s)
  step   1680  ep 9/20  train KL=0.0346  (57.2s)
  step   1700  ep 9/20  train KL=0.0345  (57.8s)
  step   1720  ep 9/20  train KL=0.0344  (58.4s)
  step   1740  ep 9/20  train KL=0.0344  (59.0s)
== ep 9: train KL=0.0344  (59.6s)
  step   1760  ep 10/20  train KL=0.0308  (60.2s)
  step   1780  ep 10/20  train KL=0.0305  (60.9s)
  step   1800  ep 10/20  train KL=0.0306  (61.5s)
  step   1820  ep 10/20  train KL=0.0305  (62.1s)
  step   1840  ep 10/20  train KL=0.0304  (62.7s)
  step   1860  ep 10/20  train KL=0.0304  (63.3s)
  step   1880  ep 10/20  train KL=0.0304  (63.9s)
  step   1900  ep 10/20  train KL=0.0303  (64.5s)
  step   1920  ep 10/20  train KL=0.0302  (65.1s)
  step   1940  ep 10/20  train KL=0.0301  (65.7s)
== ep 10: train KL=0.0301  (66.2s)
  step   1960  ep 11/20  train KL=0.0272  (67.0s)
  step   1980  ep 11/20  train KL=0.0272  (67.6s)
  step   2000  ep 11/20  train KL=0.0270  (68.2s)
  step   2020  ep 11/20  train KL=0.0269  (68.8s)
  step   2040  ep 11/20  train KL=0.0268  (69.4s)
  step   2060  ep 11/20  train KL=0.0267  (70.0s)
  step   2080  ep 11/20  train KL=0.0267  (70.6s)
  step   2100  ep 11/20  train KL=0.0267  (71.2s)
  step   2120  ep 11/20  train KL=0.0266  (71.8s)
  step   2140  ep 11/20  train KL=0.0266  (72.4s)
== ep 11: train KL=0.0266  (72.7s)
  step   2160  ep 12/20  train KL=0.0241  (73.7s)
  step   2180  ep 12/20  train KL=0.0240  (74.3s)
  step   2200  ep 12/20  train KL=0.0239  (74.9s)
  step   2220  ep 12/20  train KL=0.0239  (75.5s)
  step   2240  ep 12/20  train KL=0.0239  (76.1s)
  step   2260  ep 12/20  train KL=0.0239  (76.7s)
  step   2280  ep 12/20  train KL=0.0240  (77.3s)
  step   2300  ep 12/20  train KL=0.0239  (77.9s)
  step   2320  ep 12/20  train KL=0.0239  (78.5s)
  step   2340  ep 12/20  train KL=0.0239  (79.1s)
== ep 12: train KL=0.0239  (79.3s)
  step   2360  ep 13/20  train KL=0.0222  (80.5s)
  step   2380  ep 13/20  train KL=0.0220  (81.1s)
  step   2400  ep 13/20  train KL=0.0220  (81.7s)
  step   2420  ep 13/20  train KL=0.0221  (82.3s)
  step   2440  ep 13/20  train KL=0.0220  (82.9s)
  step   2460  ep 13/20  train KL=0.0220  (83.5s)
  step   2480  ep 13/20  train KL=0.0220  (84.1s)
  step   2500  ep 13/20  train KL=0.0219  (84.7s)
  step   2520  ep 13/20  train KL=0.0219  (85.3s)
== ep 13: train KL=0.0219  (85.9s)
  step   2540  ep 14/20  train KL=0.0205  (86.5s)
  step   2560  ep 14/20  train KL=0.0204  (87.2s)
  step   2580  ep 14/20  train KL=0.0205  (87.8s)
  step   2600  ep 14/20  train KL=0.0206  (88.4s)
  step   2620  ep 14/20  train KL=0.0205  (89.0s)
  step   2640  ep 14/20  train KL=0.0206  (89.6s)
  step   2660  ep 14/20  train KL=0.0206  (90.2s)
  step   2680  ep 14/20  train KL=0.0206  (90.8s)
  step   2700  ep 14/20  train KL=0.0206  (91.4s)
  step   2720  ep 14/20  train KL=0.0206  (92.0s)
== ep 14: train KL=0.0206  (92.5s)
  step   2740  ep 15/20  train KL=0.0197  (93.3s)
  step   2760  ep 15/20  train KL=0.0197  (94.0s)
  step   2780  ep 15/20  train KL=0.0197  (94.6s)
  step   2800  ep 15/20  train KL=0.0197  (95.2s)
  step   2820  ep 15/20  train KL=0.0197  (95.8s)
  step   2840  ep 15/20  train KL=0.0197  (96.5s)
  step   2860  ep 15/20  train KL=0.0197  (97.1s)
  step   2880  ep 15/20  train KL=0.0197  (97.7s)
  step   2900  ep 15/20  train KL=0.0197  (98.3s)
  step   2920  ep 15/20  train KL=0.0197  (98.9s)
== ep 15: train KL=0.0197  (99.3s)
  step   2940  ep 16/20  train KL=0.0192  (100.3s)
  step   2960  ep 16/20  train KL=0.0191  (100.9s)
  step   2980  ep 16/20  train KL=0.0191  (101.6s)
  step   3000  ep 16/20  train KL=0.0191  (102.2s)
  step   3020  ep 16/20  train KL=0.0191  (102.8s)
  step   3040  ep 16/20  train KL=0.0191  (103.4s)
  step   3060  ep 16/20  train KL=0.0191  (104.0s)
  step   3080  ep 16/20  train KL=0.0191  (104.6s)
  step   3100  ep 16/20  train KL=0.0191  (105.2s)
  step   3120  ep 16/20  train KL=0.0192  (105.8s)
== ep 16: train KL=0.0192  (106.0s)
  step   3140  ep 17/20  train KL=0.0186  (107.1s)
  step   3160  ep 17/20  train KL=0.0187  (107.8s)
  step   3180  ep 17/20  train KL=0.0187  (108.4s)
  step   3200  ep 17/20  train KL=0.0188  (109.0s)
  step   3220  ep 17/20  train KL=0.0188  (109.6s)
  step   3240  ep 17/20  train KL=0.0188  (110.2s)
  step   3260  ep 17/20  train KL=0.0188  (110.8s)
  step   3280  ep 17/20  train KL=0.0188  (111.4s)
  step   3300  ep 17/20  train KL=0.0188  (112.0s)
== ep 17: train KL=0.0188  (112.7s)
  step   3320  ep 18/20  train KL=0.0186  (113.3s)
  step   3340  ep 18/20  train KL=0.0186  (114.1s)
  step   3360  ep 18/20  train KL=0.0185  (114.7s)
  step   3380  ep 18/20  train KL=0.0185  (115.3s)
  step   3400  ep 18/20  train KL=0.0185  (115.9s)
  step   3420  ep 18/20  train KL=0.0185  (116.5s)
  step   3440  ep 18/20  train KL=0.0185  (117.1s)
  step   3460  ep 18/20  train KL=0.0185  (117.7s)
  step   3480  ep 18/20  train KL=0.0185  (118.3s)
  step   3500  ep 18/20  train KL=0.0185  (118.9s)
== ep 18: train KL=0.0185  (119.4s)
  step   3520  ep 19/20  train KL=0.0182  (120.3s)
  step   3540  ep 19/20  train KL=0.0183  (120.9s)
  step   3560  ep 19/20  train KL=0.0183  (121.5s)
  step   3580  ep 19/20  train KL=0.0183  (122.1s)
  step   3600  ep 19/20  train KL=0.0183  (122.7s)
  step   3620  ep 19/20  train KL=0.0183  (123.3s)
  step   3640  ep 19/20  train KL=0.0183  (123.9s)
  step   3660  ep 19/20  train KL=0.0183  (124.5s)
  step   3680  ep 19/20  train KL=0.0184  (125.1s)
  step   3700  ep 19/20  train KL=0.0184  (125.7s)
== ep 19: train KL=0.0184  (126.1s)
  step   3720  ep 20/20  train KL=0.0182  (127.1s)
  step   3740  ep 20/20  train KL=0.0182  (127.7s)
  step   3760  ep 20/20  train KL=0.0183  (128.3s)
  step   3780  ep 20/20  train KL=0.0183  (128.9s)
  step   3800  ep 20/20  train KL=0.0183  (129.5s)
  step   3820  ep 20/20  train KL=0.0183  (130.1s)
  step   3840  ep 20/20  train KL=0.0182  (130.7s)
  step   3860  ep 20/20  train KL=0.0183  (131.3s)
  step   3880  ep 20/20  train KL=0.0183  (131.9s)
  step   3900  ep 20/20  train KL=0.0183  (132.5s)
== ep 20: train KL=0.0183  (132.6s)

Done. Total time: 132.6s
