Materializing 100000 rows from parquet...
  inputs:  (100000, 384) float32
  logits:  (100000, 32768) float16
  load time: 14.5s

Using all 100000 samples for training (capacity test).

Model: StackedLutUnembedder — 146.83M params
  LN(384)
  block 0: TinyMultiHeadLut(384→384, n_heads=1, tph=8192, nap=10) + residual
  final: Linear(384, 32768, bias=True)
  init_std=0.1

Training: epochs=20 batch_size=512 lr=0.001 schedule=cosine warmup=0

  step     20  ep 1/20  train KL=2.0908  (1.5s)
  step     40  ep 1/20  train KL=1.3793  (2.1s)
  step     60  ep 1/20  train KL=1.0678  (2.7s)
  step     80  ep 1/20  train KL=0.8888  (3.2s)
  step    100  ep 1/20  train KL=0.7722  (3.9s)
  step    120  ep 1/20  train KL=0.6889  (4.4s)
  step    140  ep 1/20  train KL=0.6260  (5.0s)
  step    160  ep 1/20  train KL=0.5764  (5.6s)
  step    180  ep 1/20  train KL=0.5357  (6.2s)
== ep 1: train KL=0.5098  (6.8s)
  step    200  ep 2/20  train KL=0.1819  (7.3s)
  step    220  ep 2/20  train KL=0.1778  (8.1s)
  step    240  ep 2/20  train KL=0.1736  (8.7s)
  step    260  ep 2/20  train KL=0.1687  (9.2s)
  step    280  ep 2/20  train KL=0.1641  (9.8s)
  step    300  ep 2/20  train KL=0.1602  (10.4s)
  step    320  ep 2/20  train KL=0.1565  (11.0s)
  step    340  ep 2/20  train KL=0.1533  (11.6s)
  step    360  ep 2/20  train KL=0.1504  (12.2s)
  step    380  ep 2/20  train KL=0.1475  (12.8s)
== ep 2: train KL=0.1461  (13.3s)
  step    400  ep 3/20  train KL=0.1118  (14.1s)
  step    420  ep 3/20  train KL=0.1150  (14.7s)
  step    440  ep 3/20  train KL=0.1143  (15.3s)
  step    460  ep 3/20  train KL=0.1136  (15.9s)
  step    480  ep 3/20  train KL=0.1125  (16.5s)
  step    500  ep 3/20  train KL=0.1113  (17.1s)
  step    520  ep 3/20  train KL=0.1100  (17.7s)
  step    540  ep 3/20  train KL=0.1090  (18.2s)
  step    560  ep 3/20  train KL=0.1079  (18.8s)
  step    580  ep 3/20  train KL=0.1072  (19.4s)
== ep 3: train KL=0.1069  (19.8s)
  step    600  ep 4/20  train KL=0.0904  (20.8s)
  step    620  ep 4/20  train KL=0.0885  (21.3s)
  step    640  ep 4/20  train KL=0.0872  (21.9s)
  step    660  ep 4/20  train KL=0.0860  (22.5s)
  step    680  ep 4/20  train KL=0.0852  (23.1s)
  step    700  ep 4/20  train KL=0.0842  (23.7s)
  step    720  ep 4/20  train KL=0.0833  (24.3s)
  step    740  ep 4/20  train KL=0.0826  (24.9s)
  step    760  ep 4/20  train KL=0.0821  (25.5s)
  step    780  ep 4/20  train KL=0.0817  (26.1s)
== ep 4: train KL=0.0817  (26.2s)
  step    800  ep 5/20  train KL=0.0718  (27.3s)
  step    820  ep 5/20  train KL=0.0712  (27.9s)
  step    840  ep 5/20  train KL=0.0711  (28.5s)
  step    860  ep 5/20  train KL=0.0708  (29.1s)
  step    880  ep 5/20  train KL=0.0700  (29.7s)
  step    900  ep 5/20  train KL=0.0695  (30.3s)
  step    920  ep 5/20  train KL=0.0692  (30.9s)
  step    940  ep 5/20  train KL=0.0688  (31.5s)
  step    960  ep 5/20  train KL=0.0686  (32.1s)
== ep 5: train KL=0.0683  (32.7s)
  step    980  ep 6/20  train KL=0.0601  (33.3s)
  step   1000  ep 6/20  train KL=0.0618  (34.0s)
  step   1020  ep 6/20  train KL=0.0618  (34.6s)
  step   1040  ep 6/20  train KL=0.0615  (35.2s)
  step   1060  ep 6/20  train KL=0.0613  (35.8s)
  step   1080  ep 6/20  train KL=0.0613  (36.4s)
  step   1100  ep 6/20  train KL=0.0609  (37.0s)
  step   1120  ep 6/20  train KL=0.0608  (37.6s)
  step   1140  ep 6/20  train KL=0.0603  (38.2s)
  step   1160  ep 6/20  train KL=0.0600  (38.8s)
== ep 6: train KL=0.0599  (39.2s)
  step   1180  ep 7/20  train KL=0.0542  (40.1s)
  step   1200  ep 7/20  train KL=0.0547  (40.6s)
  step   1220  ep 7/20  train KL=0.0541  (41.2s)
  step   1240  ep 7/20  train KL=0.0536  (41.8s)
  step   1260  ep 7/20  train KL=0.0532  (42.4s)
  step   1280  ep 7/20  train KL=0.0528  (43.0s)
  step   1300  ep 7/20  train KL=0.0526  (43.5s)
  step   1320  ep 7/20  train KL=0.0524  (44.1s)
  step   1340  ep 7/20  train KL=0.0523  (44.7s)
  step   1360  ep 7/20  train KL=0.0521  (45.3s)
== ep 7: train KL=0.0521  (45.7s)
  step   1380  ep 8/20  train KL=0.0471  (46.6s)
  step   1400  ep 8/20  train KL=0.0470  (47.2s)
  step   1420  ep 8/20  train KL=0.0469  (47.8s)
  step   1440  ep 8/20  train KL=0.0468  (48.4s)
  step   1460  ep 8/20  train KL=0.0461  (49.0s)
  step   1480  ep 8/20  train KL=0.0457  (49.6s)
  step   1500  ep 8/20  train KL=0.0456  (50.2s)
  step   1520  ep 8/20  train KL=0.0454  (50.8s)
  step   1540  ep 8/20  train KL=0.0452  (51.5s)
  step   1560  ep 8/20  train KL=0.0451  (52.1s)
== ep 8: train KL=0.0451  (52.3s)
  step   1580  ep 9/20  train KL=0.0403  (53.5s)
  step   1600  ep 9/20  train KL=0.0398  (54.1s)
  step   1620  ep 9/20  train KL=0.0397  (54.7s)
  step   1640  ep 9/20  train KL=0.0394  (55.3s)
  step   1660  ep 9/20  train KL=0.0392  (55.9s)
  step   1680  ep 9/20  train KL=0.0390  (56.5s)
  step   1700  ep 9/20  train KL=0.0388  (57.1s)
  step   1720  ep 9/20  train KL=0.0387  (57.7s)
  step   1740  ep 9/20  train KL=0.0386  (58.3s)
== ep 9: train KL=0.0385  (58.9s)
  step   1760  ep 10/20  train KL=0.0364  (59.5s)
  step   1780  ep 10/20  train KL=0.0349  (60.2s)
  step   1800  ep 10/20  train KL=0.0345  (60.8s)
  step   1820  ep 10/20  train KL=0.0342  (61.4s)
  step   1840  ep 10/20  train KL=0.0340  (62.0s)
  step   1860  ep 10/20  train KL=0.0340  (62.5s)
  step   1880  ep 10/20  train KL=0.0339  (63.1s)
  step   1900  ep 10/20  train KL=0.0338  (63.7s)
  step   1920  ep 10/20  train KL=0.0336  (64.3s)
  step   1940  ep 10/20  train KL=0.0334  (64.9s)
== ep 10: train KL=0.0333  (65.4s)
  step   1960  ep 11/20  train KL=0.0299  (66.1s)
  step   1980  ep 11/20  train KL=0.0297  (66.9s)
  step   2000  ep 11/20  train KL=0.0294  (67.5s)
  step   2020  ep 11/20  train KL=0.0291  (68.1s)
  step   2040  ep 11/20  train KL=0.0290  (68.7s)
  step   2060  ep 11/20  train KL=0.0289  (69.3s)
  step   2080  ep 11/20  train KL=0.0288  (69.8s)
  step   2100  ep 11/20  train KL=0.0288  (70.4s)
  step   2120  ep 11/20  train KL=0.0287  (71.0s)
  step   2140  ep 11/20  train KL=0.0286  (71.6s)
== ep 11: train KL=0.0286  (71.9s)
  step   2160  ep 12/20  train KL=0.0254  (72.9s)
  step   2180  ep 12/20  train KL=0.0251  (73.5s)
  step   2200  ep 12/20  train KL=0.0252  (74.1s)
  step   2220  ep 12/20  train KL=0.0251  (74.7s)
  step   2240  ep 12/20  train KL=0.0251  (75.3s)
  step   2260  ep 12/20  train KL=0.0251  (75.9s)
  step   2280  ep 12/20  train KL=0.0250  (76.5s)
  step   2300  ep 12/20  train KL=0.0249  (77.0s)
  step   2320  ep 12/20  train KL=0.0249  (77.6s)
  step   2340  ep 12/20  train KL=0.0248  (78.2s)
== ep 12: train KL=0.0248  (78.4s)
  step   2360  ep 13/20  train KL=0.0225  (79.6s)
  step   2380  ep 13/20  train KL=0.0223  (80.2s)
  step   2400  ep 13/20  train KL=0.0223  (80.7s)
  step   2420  ep 13/20  train KL=0.0222  (81.3s)
  step   2440  ep 13/20  train KL=0.0222  (81.9s)
  step   2460  ep 13/20  train KL=0.0221  (82.5s)
  step   2480  ep 13/20  train KL=0.0221  (83.1s)
  step   2500  ep 13/20  train KL=0.0221  (83.7s)
  step   2520  ep 13/20  train KL=0.0221  (84.3s)
== ep 13: train KL=0.0220  (84.9s)
  step   2540  ep 14/20  train KL=0.0202  (85.4s)
  step   2560  ep 14/20  train KL=0.0201  (86.2s)
  step   2580  ep 14/20  train KL=0.0201  (86.8s)
  step   2600  ep 14/20  train KL=0.0202  (87.4s)
  step   2620  ep 14/20  train KL=0.0202  (88.0s)
  step   2640  ep 14/20  train KL=0.0202  (88.6s)
  step   2660  ep 14/20  train KL=0.0202  (89.2s)
  step   2680  ep 14/20  train KL=0.0202  (89.8s)
  step   2700  ep 14/20  train KL=0.0202  (90.3s)
  step   2720  ep 14/20  train KL=0.0202  (90.9s)
== ep 14: train KL=0.0202  (91.4s)
  step   2740  ep 15/20  train KL=0.0190  (92.3s)
  step   2760  ep 15/20  train KL=0.0190  (92.9s)
  step   2780  ep 15/20  train KL=0.0190  (93.5s)
  step   2800  ep 15/20  train KL=0.0190  (94.0s)
  step   2820  ep 15/20  train KL=0.0190  (94.6s)
  step   2840  ep 15/20  train KL=0.0190  (95.2s)
  step   2860  ep 15/20  train KL=0.0190  (95.8s)
  step   2880  ep 15/20  train KL=0.0190  (96.4s)
  step   2900  ep 15/20  train KL=0.0190  (97.0s)
  step   2920  ep 15/20  train KL=0.0190  (97.6s)
== ep 15: train KL=0.0190  (97.9s)
  step   2940  ep 16/20  train KL=0.0183  (98.9s)
  step   2960  ep 16/20  train KL=0.0182  (99.5s)
  step   2980  ep 16/20  train KL=0.0182  (100.1s)
  step   3000  ep 16/20  train KL=0.0182  (100.8s)
  step   3020  ep 16/20  train KL=0.0182  (101.3s)
  step   3040  ep 16/20  train KL=0.0182  (101.9s)
  step   3060  ep 16/20  train KL=0.0182  (102.5s)
  step   3080  ep 16/20  train KL=0.0183  (103.1s)
  step   3100  ep 16/20  train KL=0.0183  (103.7s)
  step   3120  ep 16/20  train KL=0.0183  (104.3s)
== ep 16: train KL=0.0183  (104.5s)
  step   3140  ep 17/20  train KL=0.0177  (105.6s)
  step   3160  ep 17/20  train KL=0.0178  (106.2s)
  step   3180  ep 17/20  train KL=0.0178  (106.8s)
  step   3200  ep 17/20  train KL=0.0179  (107.4s)
  step   3220  ep 17/20  train KL=0.0179  (108.0s)
  step   3240  ep 17/20  train KL=0.0178  (108.6s)
  step   3260  ep 17/20  train KL=0.0178  (109.2s)
  step   3280  ep 17/20  train KL=0.0178  (109.8s)
  step   3300  ep 17/20  train KL=0.0178  (110.4s)
== ep 17: train KL=0.0178  (111.1s)
  step   3320  ep 18/20  train KL=0.0177  (111.6s)
  step   3340  ep 18/20  train KL=0.0176  (112.4s)
  step   3360  ep 18/20  train KL=0.0176  (113.0s)
  step   3380  ep 18/20  train KL=0.0175  (113.5s)
  step   3400  ep 18/20  train KL=0.0175  (114.1s)
  step   3420  ep 18/20  train KL=0.0175  (114.7s)
  step   3440  ep 18/20  train KL=0.0175  (115.3s)
  step   3460  ep 18/20  train KL=0.0175  (115.9s)
  step   3480  ep 18/20  train KL=0.0175  (116.5s)
  step   3500  ep 18/20  train KL=0.0175  (117.1s)
== ep 18: train KL=0.0176  (117.6s)
  step   3520  ep 19/20  train KL=0.0173  (118.4s)
  step   3540  ep 19/20  train KL=0.0173  (119.0s)
  step   3560  ep 19/20  train KL=0.0173  (119.6s)
  step   3580  ep 19/20  train KL=0.0173  (120.2s)
  step   3600  ep 19/20  train KL=0.0174  (120.8s)
  step   3620  ep 19/20  train KL=0.0174  (121.4s)
  step   3640  ep 19/20  train KL=0.0174  (121.9s)
  step   3660  ep 19/20  train KL=0.0174  (122.5s)
  step   3680  ep 19/20  train KL=0.0174  (123.1s)
  step   3700  ep 19/20  train KL=0.0174  (123.7s)
== ep 19: train KL=0.0174  (124.0s)
  step   3720  ep 20/20  train KL=0.0173  (125.0s)
  step   3740  ep 20/20  train KL=0.0172  (125.6s)
  step   3760  ep 20/20  train KL=0.0173  (126.2s)
  step   3780  ep 20/20  train KL=0.0173  (126.8s)
  step   3800  ep 20/20  train KL=0.0173  (127.4s)
  step   3820  ep 20/20  train KL=0.0173  (128.0s)
  step   3840  ep 20/20  train KL=0.0173  (128.6s)
  step   3860  ep 20/20  train KL=0.0173  (129.2s)
  step   3880  ep 20/20  train KL=0.0173  (129.8s)
  step   3900  ep 20/20  train KL=0.0173  (130.4s)
== ep 20: train KL=0.0173  (130.6s)

Done. Total time: 130.6s
