Materializing 100000 rows from parquet...
  inputs:  (100000, 384) float32
  logits:  (100000, 32768) float16
  load time: 14.3s

Using all 100000 samples for training (capacity test).

Model: StackedLutUnembedder — 55.87M params
  LN(384)
  block 0: TinyMultiHeadLut(384→384, n_heads=1, tph=1320, nap=10) + residual
  final: Linear(384, 32768, bias=True)
  init_std=0.1

Training: epochs=20 batch_size=512 lr=0.001 schedule=cosine warmup=0

  step     20  ep 1/20  train KL=2.3521  (1.5s)
  step     40  ep 1/20  train KL=1.5191  (2.0s)
  step     60  ep 1/20  train KL=1.1545  (2.6s)
  step     80  ep 1/20  train KL=0.9453  (3.2s)
  step    100  ep 1/20  train KL=0.8101  (3.8s)
  step    120  ep 1/20  train KL=0.7137  (4.3s)
  step    140  ep 1/20  train KL=0.6421  (4.9s)
  step    160  ep 1/20  train KL=0.5862  (5.5s)
  step    180  ep 1/20  train KL=0.5407  (6.0s)
== ep 1: train KL=0.5120  (6.6s)
  step    200  ep 2/20  train KL=0.1339  (7.1s)
  step    220  ep 2/20  train KL=0.1302  (7.8s)
  step    240  ep 2/20  train KL=0.1274  (8.4s)
  step    260  ep 2/20  train KL=0.1246  (9.0s)
  step    280  ep 2/20  train KL=0.1221  (9.5s)
  step    300  ep 2/20  train KL=0.1200  (10.1s)
  step    320  ep 2/20  train KL=0.1181  (10.6s)
  step    340  ep 2/20  train KL=0.1164  (11.2s)
  step    360  ep 2/20  train KL=0.1147  (11.8s)
  step    380  ep 2/20  train KL=0.1132  (12.4s)
== ep 2: train KL=0.1124  (12.8s)
  step    400  ep 3/20  train KL=0.0830  (13.6s)
  step    420  ep 3/20  train KL=0.0813  (14.1s)
  step    440  ep 3/20  train KL=0.0806  (14.7s)
  step    460  ep 3/20  train KL=0.0798  (15.3s)
  step    480  ep 3/20  train KL=0.0791  (15.9s)
  step    500  ep 3/20  train KL=0.0785  (16.4s)
  step    520  ep 3/20  train KL=0.0779  (17.0s)
  step    540  ep 3/20  train KL=0.0774  (17.5s)
  step    560  ep 3/20  train KL=0.0768  (18.1s)
  step    580  ep 3/20  train KL=0.0763  (18.7s)
== ep 3: train KL=0.0762  (19.0s)
  step    600  ep 4/20  train KL=0.0634  (19.9s)
  step    620  ep 4/20  train KL=0.0631  (20.6s)
  step    640  ep 4/20  train KL=0.0629  (21.1s)
  step    660  ep 4/20  train KL=0.0626  (21.7s)
  step    680  ep 4/20  train KL=0.0625  (22.3s)
  step    700  ep 4/20  train KL=0.0621  (22.8s)
  step    720  ep 4/20  train KL=0.0619  (23.4s)
  step    740  ep 4/20  train KL=0.0617  (24.0s)
  step    760  ep 4/20  train KL=0.0614  (24.6s)
  step    780  ep 4/20  train KL=0.0611  (25.1s)
== ep 4: train KL=0.0611  (25.3s)
  step    800  ep 5/20  train KL=0.0545  (26.4s)
  step    820  ep 5/20  train KL=0.0544  (26.9s)
  step    840  ep 5/20  train KL=0.0544  (27.5s)
  step    860  ep 5/20  train KL=0.0542  (28.1s)
  step    880  ep 5/20  train KL=0.0537  (28.7s)
  step    900  ep 5/20  train KL=0.0536  (29.2s)
  step    920  ep 5/20  train KL=0.0535  (29.8s)
  step    940  ep 5/20  train KL=0.0533  (30.4s)
  step    960  ep 5/20  train KL=0.0532  (30.9s)
== ep 5: train KL=0.0530  (31.6s)
  step    980  ep 6/20  train KL=0.0478  (32.1s)
  step   1000  ep 6/20  train KL=0.0486  (32.8s)
  step   1020  ep 6/20  train KL=0.0480  (33.4s)
  step   1040  ep 6/20  train KL=0.0478  (33.9s)
  step   1060  ep 6/20  train KL=0.0476  (34.5s)
  step   1080  ep 6/20  train KL=0.0476  (35.1s)
  step   1100  ep 6/20  train KL=0.0476  (35.7s)
  step   1120  ep 6/20  train KL=0.0475  (36.2s)
  step   1140  ep 6/20  train KL=0.0472  (36.8s)
  step   1160  ep 6/20  train KL=0.0472  (37.4s)
== ep 6: train KL=0.0471  (37.8s)
  step   1180  ep 7/20  train KL=0.0426  (38.6s)
  step   1200  ep 7/20  train KL=0.0429  (39.2s)
  step   1220  ep 7/20  train KL=0.0426  (39.8s)
  step   1240  ep 7/20  train KL=0.0425  (40.4s)
  step   1260  ep 7/20  train KL=0.0423  (40.9s)
  step   1280  ep 7/20  train KL=0.0422  (41.5s)
  step   1300  ep 7/20  train KL=0.0421  (42.1s)
  step   1320  ep 7/20  train KL=0.0421  (42.7s)
  step   1340  ep 7/20  train KL=0.0419  (43.2s)
  step   1360  ep 7/20  train KL=0.0419  (43.8s)
== ep 7: train KL=0.0419  (44.2s)
  step   1380  ep 8/20  train KL=0.0381  (45.1s)
  step   1400  ep 8/20  train KL=0.0382  (45.7s)
  step   1420  ep 8/20  train KL=0.0381  (46.3s)
  step   1440  ep 8/20  train KL=0.0379  (46.8s)
  step   1460  ep 8/20  train KL=0.0378  (47.4s)
  step   1480  ep 8/20  train KL=0.0376  (48.0s)
  step   1500  ep 8/20  train KL=0.0376  (48.5s)
  step   1520  ep 8/20  train KL=0.0375  (49.1s)
  step   1540  ep 8/20  train KL=0.0374  (49.7s)
  step   1560  ep 8/20  train KL=0.0374  (50.2s)
== ep 8: train KL=0.0374  (50.4s)
  step   1580  ep 9/20  train KL=0.0341  (51.5s)
  step   1600  ep 9/20  train KL=0.0339  (52.1s)
  step   1620  ep 9/20  train KL=0.0339  (52.7s)
  step   1640  ep 9/20  train KL=0.0339  (53.3s)
  step   1660  ep 9/20  train KL=0.0338  (53.8s)
  step   1680  ep 9/20  train KL=0.0338  (54.4s)
  step   1700  ep 9/20  train KL=0.0336  (55.0s)
  step   1720  ep 9/20  train KL=0.0335  (55.5s)
  step   1740  ep 9/20  train KL=0.0335  (56.1s)
== ep 9: train KL=0.0335  (56.7s)
  step   1760  ep 10/20  train KL=0.0303  (57.2s)
  step   1780  ep 10/20  train KL=0.0302  (58.0s)
  step   1800  ep 10/20  train KL=0.0303  (58.5s)
  step   1820  ep 10/20  train KL=0.0302  (59.1s)
  step   1840  ep 10/20  train KL=0.0302  (59.7s)
  step   1860  ep 10/20  train KL=0.0302  (60.3s)
  step   1880  ep 10/20  train KL=0.0302  (60.8s)
  step   1900  ep 10/20  train KL=0.0301  (61.4s)
  step   1920  ep 10/20  train KL=0.0301  (61.9s)
  step   1940  ep 10/20  train KL=0.0300  (62.5s)
== ep 10: train KL=0.0300  (63.0s)
  step   1960  ep 11/20  train KL=0.0274  (63.8s)
  step   1980  ep 11/20  train KL=0.0274  (64.3s)
  step   2000  ep 11/20  train KL=0.0273  (64.9s)
  step   2020  ep 11/20  train KL=0.0271  (65.5s)
  step   2040  ep 11/20  train KL=0.0271  (66.0s)
  step   2060  ep 11/20  train KL=0.0271  (66.6s)
  step   2080  ep 11/20  train KL=0.0271  (67.1s)
  step   2100  ep 11/20  train KL=0.0270  (67.7s)
  step   2120  ep 11/20  train KL=0.0270  (68.3s)
  step   2140  ep 11/20  train KL=0.0270  (68.9s)
== ep 11: train KL=0.0270  (69.2s)
  step   2160  ep 12/20  train KL=0.0248  (70.1s)
  step   2180  ep 12/20  train KL=0.0247  (70.7s)
  step   2200  ep 12/20  train KL=0.0247  (71.3s)
  step   2220  ep 12/20  train KL=0.0247  (71.9s)
  step   2240  ep 12/20  train KL=0.0247  (72.5s)
  step   2260  ep 12/20  train KL=0.0247  (73.0s)
  step   2280  ep 12/20  train KL=0.0247  (73.6s)
  step   2300  ep 12/20  train KL=0.0247  (74.1s)
  step   2320  ep 12/20  train KL=0.0247  (74.7s)
  step   2340  ep 12/20  train KL=0.0247  (75.3s)
== ep 12: train KL=0.0247  (75.5s)
  step   2360  ep 13/20  train KL=0.0231  (76.5s)
  step   2380  ep 13/20  train KL=0.0230  (77.1s)
  step   2400  ep 13/20  train KL=0.0231  (77.6s)
  step   2420  ep 13/20  train KL=0.0231  (78.2s)
  step   2440  ep 13/20  train KL=0.0231  (78.8s)
  step   2460  ep 13/20  train KL=0.0231  (79.3s)
  step   2480  ep 13/20  train KL=0.0231  (79.9s)
  step   2500  ep 13/20  train KL=0.0231  (80.4s)
  step   2520  ep 13/20  train KL=0.0231  (81.0s)
== ep 13: train KL=0.0231  (81.6s)
  step   2540  ep 14/20  train KL=0.0219  (82.2s)
  step   2560  ep 14/20  train KL=0.0217  (82.8s)
  step   2580  ep 14/20  train KL=0.0217  (83.4s)
  step   2600  ep 14/20  train KL=0.0218  (84.0s)
  step   2620  ep 14/20  train KL=0.0218  (84.6s)
  step   2640  ep 14/20  train KL=0.0218  (85.1s)
  step   2660  ep 14/20  train KL=0.0219  (85.7s)
  step   2680  ep 14/20  train KL=0.0219  (86.2s)
  step   2700  ep 14/20  train KL=0.0219  (86.8s)
  step   2720  ep 14/20  train KL=0.0219  (87.4s)
== ep 14: train KL=0.0219  (87.8s)
  step   2740  ep 15/20  train KL=0.0211  (88.6s)
  step   2760  ep 15/20  train KL=0.0211  (89.2s)
  step   2780  ep 15/20  train KL=0.0211  (89.7s)
  step   2800  ep 15/20  train KL=0.0211  (90.3s)
  step   2820  ep 15/20  train KL=0.0211  (90.8s)
  step   2840  ep 15/20  train KL=0.0211  (91.4s)
  step   2860  ep 15/20  train KL=0.0211  (92.0s)
  step   2880  ep 15/20  train KL=0.0211  (92.5s)
  step   2900  ep 15/20  train KL=0.0211  (93.1s)
  step   2920  ep 15/20  train KL=0.0211  (93.7s)
== ep 15: train KL=0.0211  (94.0s)
  step   2940  ep 16/20  train KL=0.0206  (94.9s)
  step   2960  ep 16/20  train KL=0.0205  (95.5s)
  step   2980  ep 16/20  train KL=0.0205  (96.1s)
  step   3000  ep 16/20  train KL=0.0205  (96.6s)
  step   3020  ep 16/20  train KL=0.0205  (97.2s)
  step   3040  ep 16/20  train KL=0.0205  (97.7s)
  step   3060  ep 16/20  train KL=0.0206  (98.3s)
  step   3080  ep 16/20  train KL=0.0206  (98.9s)
  step   3100  ep 16/20  train KL=0.0206  (99.5s)
  step   3120  ep 16/20  train KL=0.0206  (100.0s)
== ep 16: train KL=0.0206  (100.2s)
  step   3140  ep 17/20  train KL=0.0201  (101.2s)
  step   3160  ep 17/20  train KL=0.0202  (101.8s)
  step   3180  ep 17/20  train KL=0.0202  (102.4s)
  step   3200  ep 17/20  train KL=0.0203  (102.9s)
  step   3220  ep 17/20  train KL=0.0202  (103.5s)
  step   3240  ep 17/20  train KL=0.0202  (104.0s)
  step   3260  ep 17/20  train KL=0.0202  (104.6s)
  step   3280  ep 17/20  train KL=0.0202  (105.2s)
  step   3300  ep 17/20  train KL=0.0202  (105.7s)
== ep 17: train KL=0.0202  (106.3s)
  step   3320  ep 18/20  train KL=0.0201  (106.8s)
  step   3340  ep 18/20  train KL=0.0200  (107.5s)
  step   3360  ep 18/20  train KL=0.0199  (108.1s)
  step   3380  ep 18/20  train KL=0.0199  (108.7s)
  step   3400  ep 18/20  train KL=0.0199  (109.3s)
  step   3420  ep 18/20  train KL=0.0199  (109.8s)
  step   3440  ep 18/20  train KL=0.0199  (110.4s)
  step   3460  ep 18/20  train KL=0.0199  (110.9s)
  step   3480  ep 18/20  train KL=0.0199  (111.5s)
  step   3500  ep 18/20  train KL=0.0199  (112.0s)
== ep 18: train KL=0.0200  (112.4s)
  step   3520  ep 19/20  train KL=0.0197  (113.2s)
  step   3540  ep 19/20  train KL=0.0197  (113.8s)
  step   3560  ep 19/20  train KL=0.0197  (114.3s)
  step   3580  ep 19/20  train KL=0.0197  (114.9s)
  step   3600  ep 19/20  train KL=0.0198  (115.4s)
  step   3620  ep 19/20  train KL=0.0198  (116.0s)
  step   3640  ep 19/20  train KL=0.0198  (116.6s)
  step   3660  ep 19/20  train KL=0.0198  (117.1s)
  step   3680  ep 19/20  train KL=0.0198  (117.7s)
  step   3700  ep 19/20  train KL=0.0198  (118.2s)
== ep 19: train KL=0.0198  (118.5s)
  step   3720  ep 20/20  train KL=0.0197  (119.5s)
  step   3740  ep 20/20  train KL=0.0196  (120.0s)
  step   3760  ep 20/20  train KL=0.0197  (120.6s)
  step   3780  ep 20/20  train KL=0.0197  (121.2s)
  step   3800  ep 20/20  train KL=0.0197  (121.7s)
  step   3820  ep 20/20  train KL=0.0197  (122.3s)
  step   3840  ep 20/20  train KL=0.0197  (122.9s)
  step   3860  ep 20/20  train KL=0.0197  (123.5s)
  step   3880  ep 20/20  train KL=0.0197  (124.0s)
  step   3900  ep 20/20  train KL=0.0197  (124.6s)
== ep 20: train KL=0.0197  (124.7s)

Done. Total time: 124.7s
