Materializing 100000 rows from parquet...
  inputs:  (100000, 384) float32
  logits:  (100000, 32768) float16
  load time: 14.4s

Using all 100000 samples for training (capacity test).

Model: StackedLutUnembedder — 272.14M params
  LN(384)
  block 0: TinyMultiHeadLut(384→384, n_heads=1, tph=660, nap=10) + residual
  final: Linear(384, 32768, bias=True)
  init_std=0.1

Training: epochs=20 batch_size=512 lr=0.001 schedule=cosine warmup=0

  step     20  ep 1/20  train KL=2.0750  (1.4s)
  step     40  ep 1/20  train KL=1.4125  (1.9s)
  step     60  ep 1/20  train KL=1.1197  (2.5s)
  step     80  ep 1/20  train KL=0.9482  (3.0s)
  step    100  ep 1/20  train KL=0.8340  (3.6s)
  step    120  ep 1/20  train KL=0.7511  (4.1s)
  step    140  ep 1/20  train KL=0.6875  (4.7s)
  step    160  ep 1/20  train KL=0.6367  (5.3s)
  step    180  ep 1/20  train KL=0.5948  (5.8s)
== ep 1: train KL=0.5676  (6.4s)
  step    200  ep 2/20  train KL=0.2606  (6.9s)
  step    220  ep 2/20  train KL=0.2554  (7.6s)
  step    240  ep 2/20  train KL=0.2455  (8.2s)
  step    260  ep 2/20  train KL=0.2368  (8.7s)
  step    280  ep 2/20  train KL=0.2276  (9.3s)
  step    300  ep 2/20  train KL=0.2197  (9.9s)
  step    320  ep 2/20  train KL=0.2134  (10.4s)
  step    340  ep 2/20  train KL=0.2075  (11.0s)
  step    360  ep 2/20  train KL=0.2021  (11.5s)
  step    380  ep 2/20  train KL=0.1970  (12.1s)
== ep 2: train KL=0.1946  (12.5s)
  step    400  ep 3/20  train KL=0.1468  (13.3s)
  step    420  ep 3/20  train KL=0.1523  (13.9s)
  step    440  ep 3/20  train KL=0.1513  (14.4s)
  step    460  ep 3/20  train KL=0.1489  (15.0s)
  step    480  ep 3/20  train KL=0.1475  (15.6s)
  step    500  ep 3/20  train KL=0.1459  (16.1s)
  step    520  ep 3/20  train KL=0.1435  (16.7s)
  step    540  ep 3/20  train KL=0.1420  (17.2s)
  step    560  ep 3/20  train KL=0.1401  (17.8s)
  step    580  ep 3/20  train KL=0.1392  (18.3s)
== ep 3: train KL=0.1387  (18.6s)
  step    600  ep 4/20  train KL=0.1130  (19.4s)
  step    620  ep 4/20  train KL=0.1101  (20.1s)
  step    640  ep 4/20  train KL=0.1086  (20.7s)
  step    660  ep 4/20  train KL=0.1071  (21.2s)
  step    680  ep 4/20  train KL=0.1061  (21.8s)
  step    700  ep 4/20  train KL=0.1048  (22.3s)
  step    720  ep 4/20  train KL=0.1036  (22.9s)
  step    740  ep 4/20  train KL=0.1025  (23.5s)
  step    760  ep 4/20  train KL=0.1018  (24.0s)
  step    780  ep 4/20  train KL=0.1011  (24.6s)
== ep 4: train KL=0.1011  (24.8s)
  step    800  ep 5/20  train KL=0.0889  (25.8s)
  step    820  ep 5/20  train KL=0.0884  (26.4s)
  step    840  ep 5/20  train KL=0.0882  (26.9s)
  step    860  ep 5/20  train KL=0.0871  (27.5s)
  step    880  ep 5/20  train KL=0.0860  (28.0s)
  step    900  ep 5/20  train KL=0.0855  (28.6s)
  step    920  ep 5/20  train KL=0.0850  (29.2s)
  step    940  ep 5/20  train KL=0.0843  (29.8s)
  step    960  ep 5/20  train KL=0.0838  (30.3s)
== ep 5: train KL=0.0836  (30.9s)
  step    980  ep 6/20  train KL=0.0705  (31.4s)
  step   1000  ep 6/20  train KL=0.0757  (32.1s)
  step   1020  ep 6/20  train KL=0.0772  (32.7s)
  step   1040  ep 6/20  train KL=0.0760  (33.3s)
  step   1060  ep 6/20  train KL=0.0752  (33.8s)
  step   1080  ep 6/20  train KL=0.0749  (34.4s)
  step   1100  ep 6/20  train KL=0.0742  (35.0s)
  step   1120  ep 6/20  train KL=0.0738  (35.5s)
  step   1140  ep 6/20  train KL=0.0729  (36.1s)
  step   1160  ep 6/20  train KL=0.0726  (36.7s)
== ep 6: train KL=0.0724  (37.2s)
  step   1180  ep 7/20  train KL=0.0662  (37.9s)
  step   1200  ep 7/20  train KL=0.0671  (38.5s)
  step   1220  ep 7/20  train KL=0.0669  (39.1s)
  step   1240  ep 7/20  train KL=0.0664  (39.7s)
  step   1260  ep 7/20  train KL=0.0660  (40.2s)
  step   1280  ep 7/20  train KL=0.0659  (40.8s)
  step   1300  ep 7/20  train KL=0.0655  (41.4s)
  step   1320  ep 7/20  train KL=0.0650  (41.9s)
  step   1340  ep 7/20  train KL=0.0647  (42.5s)
  step   1360  ep 7/20  train KL=0.0644  (43.1s)
== ep 7: train KL=0.0644  (43.4s)
  step   1380  ep 8/20  train KL=0.0596  (44.3s)
  step   1400  ep 8/20  train KL=0.0592  (44.9s)
  step   1420  ep 8/20  train KL=0.0585  (45.5s)
  step   1440  ep 8/20  train KL=0.0581  (46.0s)
  step   1460  ep 8/20  train KL=0.0578  (46.6s)
  step   1480  ep 8/20  train KL=0.0573  (47.2s)
  step   1500  ep 8/20  train KL=0.0570  (47.8s)
  step   1520  ep 8/20  train KL=0.0565  (48.3s)
  step   1540  ep 8/20  train KL=0.0563  (48.9s)
  step   1560  ep 8/20  train KL=0.0560  (49.5s)
== ep 8: train KL=0.0560  (49.7s)
  step   1580  ep 9/20  train KL=0.0519  (50.7s)
  step   1600  ep 9/20  train KL=0.0508  (51.3s)
  step   1620  ep 9/20  train KL=0.0505  (51.9s)
  step   1640  ep 9/20  train KL=0.0499  (52.5s)
  step   1660  ep 9/20  train KL=0.0495  (53.0s)
  step   1680  ep 9/20  train KL=0.0491  (53.6s)
  step   1700  ep 9/20  train KL=0.0488  (54.1s)
  step   1720  ep 9/20  train KL=0.0484  (54.7s)
  step   1740  ep 9/20  train KL=0.0483  (55.3s)
== ep 9: train KL=0.0481  (55.9s)
  step   1760  ep 10/20  train KL=0.0428  (56.4s)
  step   1780  ep 10/20  train KL=0.0425  (57.1s)
  step   1800  ep 10/20  train KL=0.0423  (57.7s)
  step   1820  ep 10/20  train KL=0.0421  (58.2s)
  step   1840  ep 10/20  train KL=0.0420  (58.8s)
  step   1860  ep 10/20  train KL=0.0416  (59.4s)
  step   1880  ep 10/20  train KL=0.0415  (60.0s)
  step   1900  ep 10/20  train KL=0.0414  (60.5s)
  step   1920  ep 10/20  train KL=0.0410  (61.1s)
  step   1940  ep 10/20  train KL=0.0408  (61.7s)
== ep 10: train KL=0.0407  (62.1s)
  step   1960  ep 11/20  train KL=0.0362  (62.9s)
  step   1980  ep 11/20  train KL=0.0358  (63.5s)
  step   2000  ep 11/20  train KL=0.0356  (64.0s)
  step   2020  ep 11/20  train KL=0.0352  (64.6s)
  step   2040  ep 11/20  train KL=0.0350  (65.2s)
  step   2060  ep 11/20  train KL=0.0348  (65.7s)
  step   2080  ep 11/20  train KL=0.0347  (66.3s)
  step   2100  ep 11/20  train KL=0.0345  (66.9s)
  step   2120  ep 11/20  train KL=0.0344  (67.4s)
  step   2140  ep 11/20  train KL=0.0344  (68.0s)
== ep 11: train KL=0.0343  (68.3s)
  step   2160  ep 12/20  train KL=0.0294  (69.2s)
  step   2180  ep 12/20  train KL=0.0296  (69.8s)
  step   2200  ep 12/20  train KL=0.0297  (70.4s)
  step   2220  ep 12/20  train KL=0.0294  (70.9s)
  step   2240  ep 12/20  train KL=0.0294  (71.5s)
  step   2260  ep 12/20  train KL=0.0293  (72.1s)
  step   2280  ep 12/20  train KL=0.0292  (72.6s)
  step   2300  ep 12/20  train KL=0.0291  (73.2s)
  step   2320  ep 12/20  train KL=0.0290  (73.8s)
  step   2340  ep 12/20  train KL=0.0289  (74.3s)
== ep 12: train KL=0.0289  (74.5s)
  step   2360  ep 13/20  train KL=0.0258  (75.6s)
  step   2380  ep 13/20  train KL=0.0254  (76.2s)
  step   2400  ep 13/20  train KL=0.0254  (76.8s)
  step   2420  ep 13/20  train KL=0.0253  (77.3s)
  step   2440  ep 13/20  train KL=0.0252  (77.9s)
  step   2460  ep 13/20  train KL=0.0250  (78.5s)
  step   2480  ep 13/20  train KL=0.0250  (79.0s)
  step   2500  ep 13/20  train KL=0.0249  (79.6s)
  step   2520  ep 13/20  train KL=0.0249  (80.2s)
== ep 13: train KL=0.0249  (80.8s)
  step   2540  ep 14/20  train KL=0.0224  (81.3s)
  step   2560  ep 14/20  train KL=0.0222  (82.0s)
  step   2580  ep 14/20  train KL=0.0222  (82.6s)
  step   2600  ep 14/20  train KL=0.0221  (83.2s)
  step   2620  ep 14/20  train KL=0.0221  (83.7s)
  step   2640  ep 14/20  train KL=0.0221  (84.3s)
  step   2660  ep 14/20  train KL=0.0221  (84.9s)
  step   2680  ep 14/20  train KL=0.0220  (85.4s)
  step   2700  ep 14/20  train KL=0.0220  (86.0s)
  step   2720  ep 14/20  train KL=0.0220  (86.6s)
== ep 14: train KL=0.0220  (87.0s)
  step   2740  ep 15/20  train KL=0.0202  (87.8s)
  step   2760  ep 15/20  train KL=0.0202  (88.4s)
  step   2780  ep 15/20  train KL=0.0202  (89.0s)
  step   2800  ep 15/20  train KL=0.0202  (89.6s)
  step   2820  ep 15/20  train KL=0.0202  (90.2s)
  step   2840  ep 15/20  train KL=0.0202  (90.8s)
  step   2860  ep 15/20  train KL=0.0202  (91.3s)
  step   2880  ep 15/20  train KL=0.0202  (91.9s)
  step   2900  ep 15/20  train KL=0.0202  (92.5s)
  step   2920  ep 15/20  train KL=0.0202  (93.1s)
== ep 15: train KL=0.0202  (93.4s)
  step   2940  ep 16/20  train KL=0.0192  (94.3s)
  step   2960  ep 16/20  train KL=0.0191  (94.9s)
  step   2980  ep 16/20  train KL=0.0190  (95.5s)
  step   3000  ep 16/20  train KL=0.0190  (96.0s)
  step   3020  ep 16/20  train KL=0.0191  (96.6s)
  step   3040  ep 16/20  train KL=0.0191  (97.2s)
  step   3060  ep 16/20  train KL=0.0191  (97.7s)
  step   3080  ep 16/20  train KL=0.0191  (98.3s)
  step   3100  ep 16/20  train KL=0.0191  (98.9s)
  step   3120  ep 16/20  train KL=0.0191  (99.4s)
== ep 16: train KL=0.0191  (99.6s)
  step   3140  ep 17/20  train KL=0.0184  (100.7s)
  step   3160  ep 17/20  train KL=0.0184  (101.3s)
  step   3180  ep 17/20  train KL=0.0185  (101.8s)
  step   3200  ep 17/20  train KL=0.0185  (102.4s)
  step   3220  ep 17/20  train KL=0.0185  (102.9s)
  step   3240  ep 17/20  train KL=0.0185  (103.5s)
  step   3260  ep 17/20  train KL=0.0185  (104.1s)
  step   3280  ep 17/20  train KL=0.0185  (104.6s)
  step   3300  ep 17/20  train KL=0.0185  (105.2s)
== ep 17: train KL=0.0185  (105.8s)
  step   3320  ep 18/20  train KL=0.0182  (106.3s)
  step   3340  ep 18/20  train KL=0.0182  (107.0s)
  step   3360  ep 18/20  train KL=0.0181  (107.6s)
  step   3380  ep 18/20  train KL=0.0181  (108.1s)
  step   3400  ep 18/20  train KL=0.0181  (108.7s)
  step   3420  ep 18/20  train KL=0.0181  (109.3s)
  step   3440  ep 18/20  train KL=0.0181  (109.9s)
  step   3460  ep 18/20  train KL=0.0181  (110.4s)
  step   3480  ep 18/20  train KL=0.0181  (111.0s)
  step   3500  ep 18/20  train KL=0.0181  (111.5s)
== ep 18: train KL=0.0182  (112.0s)
  step   3520  ep 19/20  train KL=0.0178  (112.8s)
  step   3540  ep 19/20  train KL=0.0178  (113.4s)
  step   3560  ep 19/20  train KL=0.0179  (114.0s)
  step   3580  ep 19/20  train KL=0.0179  (114.5s)
  step   3600  ep 19/20  train KL=0.0179  (115.1s)
  step   3620  ep 19/20  train KL=0.0179  (115.7s)
  step   3640  ep 19/20  train KL=0.0179  (116.2s)
  step   3660  ep 19/20  train KL=0.0179  (116.8s)
  step   3680  ep 19/20  train KL=0.0179  (117.4s)
  step   3700  ep 19/20  train KL=0.0179  (118.0s)
== ep 19: train KL=0.0179  (118.3s)
  step   3720  ep 20/20  train KL=0.0178  (119.2s)
  step   3740  ep 20/20  train KL=0.0177  (119.8s)
  step   3760  ep 20/20  train KL=0.0178  (120.3s)
  step   3780  ep 20/20  train KL=0.0178  (120.9s)
  step   3800  ep 20/20  train KL=0.0178  (121.5s)
  step   3820  ep 20/20  train KL=0.0178  (122.0s)
  step   3840  ep 20/20  train KL=0.0178  (122.6s)
  step   3860  ep 20/20  train KL=0.0178  (123.2s)
  step   3880  ep 20/20  train KL=0.0178  (123.8s)
  step   3900  ep 20/20  train KL=0.0178  (124.4s)
== ep 20: train KL=0.0178  (124.6s)

Done. Total time: 124.6s
