Materializing 100000 rows from parquet...
  inputs:  (100000, 384) float32
  logits:  (100000, 32768) float16
  load time: 14.6s

Using all 100000 samples for training (capacity test).

Model: StackedLutUnembedder — 146.83M params
  LN(384)
  block 0: TinyMultiHeadLut(384→384, n_heads=1, tph=4096, nap=10) + residual
  final: Linear(384, 32768, bias=True)
  init_std=0.1

Training: epochs=20 batch_size=512 lr=0.001 schedule=cosine warmup=0

  step     20  ep 1/20  train KL=2.0993  (1.5s)
  step     40  ep 1/20  train KL=1.3840  (2.1s)
  step     60  ep 1/20  train KL=1.0703  (2.7s)
  step     80  ep 1/20  train KL=0.8903  (3.3s)
  step    100  ep 1/20  train KL=0.7733  (3.8s)
  step    120  ep 1/20  train KL=0.6896  (4.4s)
  step    140  ep 1/20  train KL=0.6265  (5.0s)
  step    160  ep 1/20  train KL=0.5768  (5.6s)
  step    180  ep 1/20  train KL=0.5362  (6.2s)
== ep 1: train KL=0.5102  (6.8s)
  step    200  ep 2/20  train KL=0.1800  (7.3s)
  step    220  ep 2/20  train KL=0.1778  (8.1s)
  step    240  ep 2/20  train KL=0.1730  (8.7s)
  step    260  ep 2/20  train KL=0.1683  (9.3s)
  step    280  ep 2/20  train KL=0.1638  (9.8s)
  step    300  ep 2/20  train KL=0.1600  (10.4s)
  step    320  ep 2/20  train KL=0.1564  (11.0s)
  step    340  ep 2/20  train KL=0.1531  (11.6s)
  step    360  ep 2/20  train KL=0.1501  (12.2s)
  step    380  ep 2/20  train KL=0.1473  (12.7s)
== ep 2: train KL=0.1460  (13.2s)
  step    400  ep 3/20  train KL=0.1116  (14.0s)
  step    420  ep 3/20  train KL=0.1138  (14.6s)
  step    440  ep 3/20  train KL=0.1129  (15.2s)
  step    460  ep 3/20  train KL=0.1127  (15.8s)
  step    480  ep 3/20  train KL=0.1118  (16.4s)
  step    500  ep 3/20  train KL=0.1107  (16.9s)
  step    520  ep 3/20  train KL=0.1095  (17.5s)
  step    540  ep 3/20  train KL=0.1085  (18.1s)
  step    560  ep 3/20  train KL=0.1073  (18.7s)
  step    580  ep 3/20  train KL=0.1065  (19.3s)
== ep 3: train KL=0.1063  (19.6s)
  step    600  ep 4/20  train KL=0.0897  (20.4s)
  step    620  ep 4/20  train KL=0.0885  (21.1s)
  step    640  ep 4/20  train KL=0.0874  (21.7s)
  step    660  ep 4/20  train KL=0.0863  (22.3s)
  step    680  ep 4/20  train KL=0.0854  (22.9s)
  step    700  ep 4/20  train KL=0.0846  (23.5s)
  step    720  ep 4/20  train KL=0.0837  (24.1s)
  step    740  ep 4/20  train KL=0.0829  (24.7s)
  step    760  ep 4/20  train KL=0.0824  (25.2s)
  step    780  ep 4/20  train KL=0.0821  (25.8s)
== ep 4: train KL=0.0821  (26.0s)
  step    800  ep 5/20  train KL=0.0739  (27.1s)
  step    820  ep 5/20  train KL=0.0721  (27.7s)
  step    840  ep 5/20  train KL=0.0720  (28.3s)
  step    860  ep 5/20  train KL=0.0715  (28.9s)
  step    880  ep 5/20  train KL=0.0705  (29.5s)
  step    900  ep 5/20  train KL=0.0703  (30.1s)
  step    920  ep 5/20  train KL=0.0700  (30.7s)
  step    940  ep 5/20  train KL=0.0697  (31.3s)
  step    960  ep 5/20  train KL=0.0692  (31.9s)
== ep 5: train KL=0.0690  (32.6s)
  step    980  ep 6/20  train KL=0.0596  (33.1s)
  step   1000  ep 6/20  train KL=0.0609  (33.9s)
  step   1020  ep 6/20  train KL=0.0613  (34.5s)
  step   1040  ep 6/20  train KL=0.0614  (35.1s)
  step   1060  ep 6/20  train KL=0.0612  (35.6s)
  step   1080  ep 6/20  train KL=0.0614  (36.2s)
  step   1100  ep 6/20  train KL=0.0613  (36.8s)
  step   1120  ep 6/20  train KL=0.0611  (37.4s)
  step   1140  ep 6/20  train KL=0.0605  (38.0s)
  step   1160  ep 6/20  train KL=0.0602  (38.6s)
== ep 6: train KL=0.0600  (39.0s)
  step   1180  ep 7/20  train KL=0.0539  (39.9s)
  step   1200  ep 7/20  train KL=0.0538  (40.5s)
  step   1220  ep 7/20  train KL=0.0540  (41.0s)
  step   1240  ep 7/20  train KL=0.0535  (41.6s)
  step   1260  ep 7/20  train KL=0.0531  (42.2s)
  step   1280  ep 7/20  train KL=0.0530  (42.8s)
  step   1300  ep 7/20  train KL=0.0528  (43.4s)
  step   1320  ep 7/20  train KL=0.0525  (44.0s)
  step   1340  ep 7/20  train KL=0.0523  (44.5s)
  step   1360  ep 7/20  train KL=0.0522  (45.1s)
== ep 7: train KL=0.0522  (45.5s)
  step   1380  ep 8/20  train KL=0.0473  (46.5s)
  step   1400  ep 8/20  train KL=0.0467  (47.1s)
  step   1420  ep 8/20  train KL=0.0462  (47.7s)
  step   1440  ep 8/20  train KL=0.0460  (48.3s)
  step   1460  ep 8/20  train KL=0.0457  (48.8s)
  step   1480  ep 8/20  train KL=0.0454  (49.4s)
  step   1500  ep 8/20  train KL=0.0451  (50.0s)
  step   1520  ep 8/20  train KL=0.0449  (50.6s)
  step   1540  ep 8/20  train KL=0.0448  (51.2s)
  step   1560  ep 8/20  train KL=0.0447  (51.7s)
== ep 8: train KL=0.0447  (52.0s)
  step   1580  ep 9/20  train KL=0.0401  (53.1s)
  step   1600  ep 9/20  train KL=0.0398  (53.7s)
  step   1620  ep 9/20  train KL=0.0394  (54.3s)
  step   1640  ep 9/20  train KL=0.0392  (54.9s)
  step   1660  ep 9/20  train KL=0.0389  (55.5s)
  step   1680  ep 9/20  train KL=0.0387  (56.1s)
  step   1700  ep 9/20  train KL=0.0386  (56.7s)
  step   1720  ep 9/20  train KL=0.0385  (57.2s)
  step   1740  ep 9/20  train KL=0.0384  (57.8s)
== ep 9: train KL=0.0384  (58.5s)
  step   1760  ep 10/20  train KL=0.0343  (59.0s)
  step   1780  ep 10/20  train KL=0.0345  (59.8s)
  step   1800  ep 10/20  train KL=0.0344  (60.3s)
  step   1820  ep 10/20  train KL=0.0342  (60.9s)
  step   1840  ep 10/20  train KL=0.0341  (61.5s)
  step   1860  ep 10/20  train KL=0.0340  (62.1s)
  step   1880  ep 10/20  train KL=0.0340  (62.7s)
  step   1900  ep 10/20  train KL=0.0338  (63.3s)
  step   1920  ep 10/20  train KL=0.0336  (63.9s)
  step   1940  ep 10/20  train KL=0.0334  (64.5s)
== ep 10: train KL=0.0333  (65.0s)
  step   1960  ep 11/20  train KL=0.0294  (65.8s)
  step   1980  ep 11/20  train KL=0.0297  (66.4s)
  step   2000  ep 11/20  train KL=0.0294  (67.0s)
  step   2020  ep 11/20  train KL=0.0291  (67.6s)
  step   2040  ep 11/20  train KL=0.0290  (68.1s)
  step   2060  ep 11/20  train KL=0.0290  (68.7s)
  step   2080  ep 11/20  train KL=0.0289  (69.3s)
  step   2100  ep 11/20  train KL=0.0290  (69.9s)
  step   2120  ep 11/20  train KL=0.0289  (70.4s)
  step   2140  ep 11/20  train KL=0.0288  (71.0s)
== ep 11: train KL=0.0288  (71.4s)
  step   2160  ep 12/20  train KL=0.0256  (72.3s)
  step   2180  ep 12/20  train KL=0.0253  (72.9s)
  step   2200  ep 12/20  train KL=0.0253  (73.5s)
  step   2220  ep 12/20  train KL=0.0253  (74.1s)
  step   2240  ep 12/20  train KL=0.0253  (74.7s)
  step   2260  ep 12/20  train KL=0.0252  (75.2s)
  step   2280  ep 12/20  train KL=0.0251  (75.8s)
  step   2300  ep 12/20  train KL=0.0251  (76.4s)
  step   2320  ep 12/20  train KL=0.0250  (77.0s)
  step   2340  ep 12/20  train KL=0.0249  (77.6s)
== ep 12: train KL=0.0249  (77.8s)
  step   2360  ep 13/20  train KL=0.0224  (78.9s)
  step   2380  ep 13/20  train KL=0.0222  (79.5s)
  step   2400  ep 13/20  train KL=0.0222  (80.1s)
  step   2420  ep 13/20  train KL=0.0222  (80.7s)
  step   2440  ep 13/20  train KL=0.0222  (81.3s)
  step   2460  ep 13/20  train KL=0.0222  (81.9s)
  step   2480  ep 13/20  train KL=0.0221  (82.4s)
  step   2500  ep 13/20  train KL=0.0221  (83.0s)
  step   2520  ep 13/20  train KL=0.0221  (83.6s)
== ep 13: train KL=0.0221  (84.2s)
  step   2540  ep 14/20  train KL=0.0203  (84.8s)
  step   2560  ep 14/20  train KL=0.0202  (85.5s)
  step   2580  ep 14/20  train KL=0.0202  (86.1s)
  step   2600  ep 14/20  train KL=0.0202  (86.7s)
  step   2620  ep 14/20  train KL=0.0202  (87.3s)
  step   2640  ep 14/20  train KL=0.0202  (87.9s)
  step   2660  ep 14/20  train KL=0.0202  (88.4s)
  step   2680  ep 14/20  train KL=0.0202  (89.0s)
  step   2700  ep 14/20  train KL=0.0202  (89.6s)
  step   2720  ep 14/20  train KL=0.0202  (90.2s)
== ep 14: train KL=0.0202  (90.7s)
  step   2740  ep 15/20  train KL=0.0190  (91.5s)
  step   2760  ep 15/20  train KL=0.0190  (92.1s)
  step   2780  ep 15/20  train KL=0.0189  (92.7s)
  step   2800  ep 15/20  train KL=0.0190  (93.2s)
  step   2820  ep 15/20  train KL=0.0190  (93.8s)
  step   2840  ep 15/20  train KL=0.0190  (94.5s)
  step   2860  ep 15/20  train KL=0.0190  (95.1s)
  step   2880  ep 15/20  train KL=0.0190  (95.7s)
  step   2900  ep 15/20  train KL=0.0190  (96.3s)
  step   2920  ep 15/20  train KL=0.0190  (96.9s)
== ep 15: train KL=0.0190  (97.2s)
  step   2940  ep 16/20  train KL=0.0183  (98.2s)
  step   2960  ep 16/20  train KL=0.0182  (98.8s)
  step   2980  ep 16/20  train KL=0.0182  (99.4s)
  step   3000  ep 16/20  train KL=0.0182  (100.0s)
  step   3020  ep 16/20  train KL=0.0182  (100.6s)
  step   3040  ep 16/20  train KL=0.0182  (101.2s)
  step   3060  ep 16/20  train KL=0.0182  (101.8s)
  step   3080  ep 16/20  train KL=0.0182  (102.4s)
  step   3100  ep 16/20  train KL=0.0183  (103.0s)
  step   3120  ep 16/20  train KL=0.0183  (103.6s)
== ep 16: train KL=0.0183  (103.8s)
  step   3140  ep 17/20  train KL=0.0177  (104.9s)
  step   3160  ep 17/20  train KL=0.0178  (105.5s)
  step   3180  ep 17/20  train KL=0.0178  (106.1s)
  step   3200  ep 17/20  train KL=0.0179  (106.7s)
  step   3220  ep 17/20  train KL=0.0179  (107.3s)
  step   3240  ep 17/20  train KL=0.0178  (107.8s)
  step   3260  ep 17/20  train KL=0.0178  (108.4s)
  step   3280  ep 17/20  train KL=0.0178  (109.0s)
  step   3300  ep 17/20  train KL=0.0178  (109.6s)
== ep 17: train KL=0.0178  (110.2s)
  step   3320  ep 18/20  train KL=0.0176  (110.7s)
  step   3340  ep 18/20  train KL=0.0176  (111.5s)
  step   3360  ep 18/20  train KL=0.0175  (112.1s)
  step   3380  ep 18/20  train KL=0.0175  (112.6s)
  step   3400  ep 18/20  train KL=0.0175  (113.2s)
  step   3420  ep 18/20  train KL=0.0175  (113.8s)
  step   3440  ep 18/20  train KL=0.0175  (114.4s)
  step   3460  ep 18/20  train KL=0.0175  (115.0s)
  step   3480  ep 18/20  train KL=0.0175  (115.6s)
  step   3500  ep 18/20  train KL=0.0175  (116.2s)
== ep 18: train KL=0.0175  (116.6s)
  step   3520  ep 19/20  train KL=0.0173  (117.5s)
  step   3540  ep 19/20  train KL=0.0173  (118.1s)
  step   3560  ep 19/20  train KL=0.0173  (118.7s)
  step   3580  ep 19/20  train KL=0.0173  (119.3s)
  step   3600  ep 19/20  train KL=0.0173  (119.9s)
  step   3620  ep 19/20  train KL=0.0173  (120.5s)
  step   3640  ep 19/20  train KL=0.0174  (121.0s)
  step   3660  ep 19/20  train KL=0.0173  (121.6s)
  step   3680  ep 19/20  train KL=0.0174  (122.2s)
  step   3700  ep 19/20  train KL=0.0174  (122.8s)
== ep 19: train KL=0.0174  (123.2s)
  step   3720  ep 20/20  train KL=0.0172  (124.1s)
  step   3740  ep 20/20  train KL=0.0172  (124.8s)
  step   3760  ep 20/20  train KL=0.0173  (125.3s)
  step   3780  ep 20/20  train KL=0.0173  (125.9s)
  step   3800  ep 20/20  train KL=0.0173  (126.5s)
  step   3820  ep 20/20  train KL=0.0173  (127.2s)
  step   3840  ep 20/20  train KL=0.0173  (127.7s)
  step   3860  ep 20/20  train KL=0.0173  (128.3s)
  step   3880  ep 20/20  train KL=0.0173  (128.9s)
  step   3900  ep 20/20  train KL=0.0173  (129.5s)
== ep 20: train KL=0.0173  (129.7s)

Done. Total time: 129.7s
