Materializing 100000 rows from parquet...
  inputs:  (100000, 384) float32
  logits:  (100000, 32768) float16
  load time: 14.3s

Using all 100000 samples for training (capacity test).

Model: StackedLutUnembedder — 55.87M params
  LN(384)
  block 0: TinyMultiHeadLut(384→384, n_heads=1, tph=660, nap=10) + residual
  block 1: TinyMultiHeadLut(384→384, n_heads=1, tph=660, nap=10) + residual
  final: Linear(384, 32768, bias=True)
  init_std=0.1

Training: epochs=20 batch_size=512 lr=0.001 schedule=cosine warmup=0

  step     20  ep 1/20  train KL=2.3906  (1.4s)
  step     40  ep 1/20  train KL=1.5506  (2.0s)
  step     60  ep 1/20  train KL=1.1813  (2.5s)
  step     80  ep 1/20  train KL=0.9693  (3.1s)
  step    100  ep 1/20  train KL=0.8321  (3.7s)
  step    120  ep 1/20  train KL=0.7343  (4.3s)
  step    140  ep 1/20  train KL=0.6614  (4.8s)
  step    160  ep 1/20  train KL=0.6045  (5.4s)
  step    180  ep 1/20  train KL=0.5583  (5.9s)
== ep 1: train KL=0.5290  (6.5s)
  step    200  ep 2/20  train KL=0.1407  (7.1s)
  step    220  ep 2/20  train KL=0.1375  (7.7s)
  step    240  ep 2/20  train KL=0.1350  (8.3s)
  step    260  ep 2/20  train KL=0.1321  (8.8s)
  step    280  ep 2/20  train KL=0.1296  (9.4s)
  step    300  ep 2/20  train KL=0.1275  (9.9s)
  step    320  ep 2/20  train KL=0.1257  (10.5s)
  step    340  ep 2/20  train KL=0.1240  (11.0s)
  step    360  ep 2/20  train KL=0.1223  (11.6s)
  step    380  ep 2/20  train KL=0.1208  (12.1s)
== ep 2: train KL=0.1200  (12.6s)
  step    400  ep 3/20  train KL=0.0888  (13.4s)
  step    420  ep 3/20  train KL=0.0881  (13.9s)
  step    440  ep 3/20  train KL=0.0874  (14.5s)
  step    460  ep 3/20  train KL=0.0866  (15.1s)
  step    480  ep 3/20  train KL=0.0861  (15.6s)
  step    500  ep 3/20  train KL=0.0854  (16.2s)
  step    520  ep 3/20  train KL=0.0848  (16.8s)
  step    540  ep 3/20  train KL=0.0842  (17.3s)
  step    560  ep 3/20  train KL=0.0837  (17.9s)
  step    580  ep 3/20  train KL=0.0833  (18.4s)
== ep 3: train KL=0.0832  (18.8s)
  step    600  ep 4/20  train KL=0.0707  (19.8s)
  step    620  ep 4/20  train KL=0.0712  (20.3s)
  step    640  ep 4/20  train KL=0.0709  (20.9s)
  step    660  ep 4/20  train KL=0.0707  (21.5s)
  step    680  ep 4/20  train KL=0.0705  (22.0s)
  step    700  ep 4/20  train KL=0.0701  (22.6s)
  step    720  ep 4/20  train KL=0.0699  (23.2s)
  step    740  ep 4/20  train KL=0.0697  (23.7s)
  step    760  ep 4/20  train KL=0.0694  (24.3s)
  step    780  ep 4/20  train KL=0.0693  (24.9s)
== ep 4: train KL=0.0693  (25.0s)
  step    800  ep 5/20  train KL=0.0622  (26.1s)
  step    820  ep 5/20  train KL=0.0626  (26.7s)
  step    840  ep 5/20  train KL=0.0627  (27.3s)
  step    860  ep 5/20  train KL=0.0624  (27.9s)
  step    880  ep 5/20  train KL=0.0621  (28.4s)
  step    900  ep 5/20  train KL=0.0619  (29.0s)
  step    920  ep 5/20  train KL=0.0617  (29.6s)
  step    940  ep 5/20  train KL=0.0615  (30.1s)
  step    960  ep 5/20  train KL=0.0614  (30.7s)
== ep 5: train KL=0.0613  (31.4s)
  step    980  ep 6/20  train KL=0.0551  (31.9s)
  step   1000  ep 6/20  train KL=0.0558  (32.6s)
  step   1020  ep 6/20  train KL=0.0561  (33.1s)
  step   1040  ep 6/20  train KL=0.0559  (33.7s)
  step   1060  ep 6/20  train KL=0.0556  (34.3s)
  step   1080  ep 6/20  train KL=0.0554  (34.8s)
  step   1100  ep 6/20  train KL=0.0553  (35.4s)
  step   1120  ep 6/20  train KL=0.0552  (35.9s)
  step   1140  ep 6/20  train KL=0.0550  (36.5s)
  step   1160  ep 6/20  train KL=0.0548  (37.1s)
== ep 6: train KL=0.0548  (37.5s)
  step   1180  ep 7/20  train KL=0.0497  (38.3s)
  step   1200  ep 7/20  train KL=0.0494  (38.9s)
  step   1220  ep 7/20  train KL=0.0494  (39.5s)
  step   1240  ep 7/20  train KL=0.0491  (40.0s)
  step   1260  ep 7/20  train KL=0.0488  (40.6s)
  step   1280  ep 7/20  train KL=0.0486  (41.2s)
  step   1300  ep 7/20  train KL=0.0486  (41.7s)
  step   1320  ep 7/20  train KL=0.0486  (42.3s)
  step   1340  ep 7/20  train KL=0.0484  (42.8s)
  step   1360  ep 7/20  train KL=0.0484  (43.4s)
== ep 7: train KL=0.0483  (43.7s)
  step   1380  ep 8/20  train KL=0.0440  (44.7s)
  step   1400  ep 8/20  train KL=0.0435  (45.2s)
  step   1420  ep 8/20  train KL=0.0433  (45.8s)
  step   1440  ep 8/20  train KL=0.0432  (46.4s)
  step   1460  ep 8/20  train KL=0.0431  (46.9s)
  step   1480  ep 8/20  train KL=0.0430  (47.5s)
  step   1500  ep 8/20  train KL=0.0429  (48.1s)
  step   1520  ep 8/20  train KL=0.0429  (48.6s)
  step   1540  ep 8/20  train KL=0.0428  (49.2s)
  step   1560  ep 8/20  train KL=0.0427  (49.7s)
== ep 8: train KL=0.0427  (49.9s)
  step   1580  ep 9/20  train KL=0.0387  (51.0s)
  step   1600  ep 9/20  train KL=0.0385  (51.6s)
  step   1620  ep 9/20  train KL=0.0385  (52.1s)
  step   1640  ep 9/20  train KL=0.0385  (52.7s)
  step   1660  ep 9/20  train KL=0.0384  (53.2s)
  step   1680  ep 9/20  train KL=0.0383  (53.8s)
  step   1700  ep 9/20  train KL=0.0382  (54.4s)
  step   1720  ep 9/20  train KL=0.0382  (54.9s)
  step   1740  ep 9/20  train KL=0.0382  (55.5s)
== ep 9: train KL=0.0381  (56.1s)
  step   1760  ep 10/20  train KL=0.0350  (56.6s)
  step   1780  ep 10/20  train KL=0.0345  (57.3s)
  step   1800  ep 10/20  train KL=0.0344  (57.9s)
  step   1820  ep 10/20  train KL=0.0343  (58.5s)
  step   1840  ep 10/20  train KL=0.0343  (59.0s)
  step   1860  ep 10/20  train KL=0.0343  (59.6s)
  step   1880  ep 10/20  train KL=0.0343  (60.2s)
  step   1900  ep 10/20  train KL=0.0343  (60.8s)
  step   1920  ep 10/20  train KL=0.0342  (61.4s)
  step   1940  ep 10/20  train KL=0.0342  (61.9s)
== ep 10: train KL=0.0342  (62.4s)
  step   1960  ep 11/20  train KL=0.0311  (63.2s)
  step   1980  ep 11/20  train KL=0.0310  (63.8s)
  step   2000  ep 11/20  train KL=0.0309  (64.4s)
  step   2020  ep 11/20  train KL=0.0307  (65.0s)
  step   2040  ep 11/20  train KL=0.0308  (65.5s)
  step   2060  ep 11/20  train KL=0.0307  (66.1s)
  step   2080  ep 11/20  train KL=0.0307  (66.6s)
  step   2100  ep 11/20  train KL=0.0308  (67.2s)
  step   2120  ep 11/20  train KL=0.0308  (67.8s)
  step   2140  ep 11/20  train KL=0.0308  (68.4s)
== ep 11: train KL=0.0308  (68.7s)
  step   2160  ep 12/20  train KL=0.0283  (69.7s)
  step   2180  ep 12/20  train KL=0.0282  (70.2s)
  step   2200  ep 12/20  train KL=0.0282  (70.8s)
  step   2220  ep 12/20  train KL=0.0282  (71.3s)
  step   2240  ep 12/20  train KL=0.0282  (71.9s)
  step   2260  ep 12/20  train KL=0.0282  (72.5s)
  step   2280  ep 12/20  train KL=0.0282  (73.0s)
  step   2300  ep 12/20  train KL=0.0283  (73.6s)
  step   2320  ep 12/20  train KL=0.0283  (74.1s)
  step   2340  ep 12/20  train KL=0.0283  (74.7s)
== ep 12: train KL=0.0283  (74.9s)
  step   2360  ep 13/20  train KL=0.0262  (75.9s)
  step   2380  ep 13/20  train KL=0.0261  (76.5s)
  step   2400  ep 13/20  train KL=0.0261  (77.1s)
  step   2420  ep 13/20  train KL=0.0262  (77.6s)
  step   2440  ep 13/20  train KL=0.0262  (78.2s)
  step   2460  ep 13/20  train KL=0.0262  (78.8s)
  step   2480  ep 13/20  train KL=0.0262  (79.4s)
  step   2500  ep 13/20  train KL=0.0262  (80.0s)
  step   2520  ep 13/20  train KL=0.0263  (80.5s)
== ep 13: train KL=0.0263  (81.1s)
  step   2540  ep 14/20  train KL=0.0248  (81.6s)
  step   2560  ep 14/20  train KL=0.0244  (82.4s)
  step   2580  ep 14/20  train KL=0.0245  (82.9s)
  step   2600  ep 14/20  train KL=0.0245  (83.5s)
  step   2620  ep 14/20  train KL=0.0245  (84.1s)
  step   2640  ep 14/20  train KL=0.0246  (84.6s)
  step   2660  ep 14/20  train KL=0.0246  (85.2s)
  step   2680  ep 14/20  train KL=0.0247  (85.8s)
  step   2700  ep 14/20  train KL=0.0247  (86.3s)
  step   2720  ep 14/20  train KL=0.0247  (86.9s)
== ep 14: train KL=0.0247  (87.4s)
  step   2740  ep 15/20  train KL=0.0235  (88.2s)
  step   2760  ep 15/20  train KL=0.0236  (88.8s)
  step   2780  ep 15/20  train KL=0.0235  (89.4s)
  step   2800  ep 15/20  train KL=0.0236  (90.0s)
  step   2820  ep 15/20  train KL=0.0236  (90.6s)
  step   2840  ep 15/20  train KL=0.0236  (91.1s)
  step   2860  ep 15/20  train KL=0.0237  (91.7s)
  step   2880  ep 15/20  train KL=0.0237  (92.3s)
  step   2900  ep 15/20  train KL=0.0237  (92.9s)
  step   2920  ep 15/20  train KL=0.0237  (93.4s)
== ep 15: train KL=0.0237  (93.8s)
  step   2940  ep 16/20  train KL=0.0230  (94.8s)
  step   2960  ep 16/20  train KL=0.0229  (95.3s)
  step   2980  ep 16/20  train KL=0.0228  (95.9s)
  step   3000  ep 16/20  train KL=0.0228  (96.5s)
  step   3020  ep 16/20  train KL=0.0229  (97.1s)
  step   3040  ep 16/20  train KL=0.0229  (97.6s)
  step   3060  ep 16/20  train KL=0.0229  (98.2s)
  step   3080  ep 16/20  train KL=0.0229  (98.7s)
  step   3100  ep 16/20  train KL=0.0230  (99.3s)
  step   3120  ep 16/20  train KL=0.0230  (99.9s)
== ep 16: train KL=0.0230  (100.1s)
  step   3140  ep 17/20  train KL=0.0222  (101.1s)
  step   3160  ep 17/20  train KL=0.0223  (101.7s)
  step   3180  ep 17/20  train KL=0.0224  (102.3s)
  step   3200  ep 17/20  train KL=0.0225  (102.8s)
  step   3220  ep 17/20  train KL=0.0225  (103.4s)
  step   3240  ep 17/20  train KL=0.0225  (104.0s)
  step   3260  ep 17/20  train KL=0.0225  (104.5s)
  step   3280  ep 17/20  train KL=0.0225  (105.1s)
  step   3300  ep 17/20  train KL=0.0225  (105.7s)
== ep 17: train KL=0.0225  (106.3s)
  step   3320  ep 18/20  train KL=0.0222  (106.8s)
  step   3340  ep 18/20  train KL=0.0222  (107.5s)
  step   3360  ep 18/20  train KL=0.0221  (108.1s)
  step   3380  ep 18/20  train KL=0.0221  (108.7s)
  step   3400  ep 18/20  train KL=0.0221  (109.2s)
  step   3420  ep 18/20  train KL=0.0221  (109.8s)
  step   3440  ep 18/20  train KL=0.0221  (110.4s)
  step   3460  ep 18/20  train KL=0.0221  (111.0s)
  step   3480  ep 18/20  train KL=0.0221  (111.5s)
  step   3500  ep 18/20  train KL=0.0221  (112.1s)
== ep 18: train KL=0.0221  (112.5s)
  step   3520  ep 19/20  train KL=0.0217  (113.3s)
  step   3540  ep 19/20  train KL=0.0218  (113.9s)
  step   3560  ep 19/20  train KL=0.0218  (114.5s)
  step   3580  ep 19/20  train KL=0.0219  (115.0s)
  step   3600  ep 19/20  train KL=0.0219  (115.6s)
  step   3620  ep 19/20  train KL=0.0219  (116.2s)
  step   3640  ep 19/20  train KL=0.0219  (116.8s)
  step   3660  ep 19/20  train KL=0.0219  (117.3s)
  step   3680  ep 19/20  train KL=0.0219  (117.9s)
  step   3700  ep 19/20  train KL=0.0219  (118.5s)
== ep 19: train KL=0.0219  (118.8s)
  step   3720  ep 20/20  train KL=0.0218  (119.7s)
  step   3740  ep 20/20  train KL=0.0217  (120.3s)
  step   3760  ep 20/20  train KL=0.0218  (120.9s)
  step   3780  ep 20/20  train KL=0.0218  (121.5s)
  step   3800  ep 20/20  train KL=0.0218  (122.0s)
  step   3820  ep 20/20  train KL=0.0218  (122.6s)
  step   3840  ep 20/20  train KL=0.0218  (123.2s)
  step   3860  ep 20/20  train KL=0.0218  (123.7s)
  step   3880  ep 20/20  train KL=0.0218  (124.3s)
  step   3900  ep 20/20  train KL=0.0218  (124.9s)
== ep 20: train KL=0.0218  (125.0s)

Done. Total time: 125.0s
