Materializing 100000 rows from parquet...
  inputs:  (100000, 384) float32
  logits:  (100000, 32768) float16
  load time: 13.6s

Using all 100000 samples for training (capacity test).

Model: StackedLutUnembedder — 117.47M params
  LN(384)
  block 0: TinyMultiHeadLut(384→384, n_heads=1, tph=2048, nap=10) + residual
  final: Linear(384, 32768, bias=True)
  init_std=0.1

Training: epochs=20 batch_size=512 lr=0.001 schedule=cosine warmup=0

  step     20  ep 1/20  train KL=2.5294  (1.2s)
  step     40  ep 1/20  train KL=1.6461  (1.8s)
  step     60  ep 1/20  train KL=1.2474  (2.4s)
  step     80  ep 1/20  train KL=1.0144  (2.9s)
  step    100  ep 1/20  train KL=0.8607  (3.5s)
  step    120  ep 1/20  train KL=0.7505  (4.0s)
  step    140  ep 1/20  train KL=0.6679  (4.6s)
  step    160  ep 1/20  train KL=0.6036  (5.1s)
  step    180  ep 1/20  train KL=0.5517  (5.7s)
== ep 1: train KL=0.5191  (6.2s)
  step    200  ep 2/20  train KL=0.1003  (6.7s)
  step    220  ep 2/20  train KL=0.0966  (7.3s)
  step    240  ep 2/20  train KL=0.0932  (7.8s)
  step    260  ep 2/20  train KL=0.0909  (8.4s)
  step    280  ep 2/20  train KL=0.0887  (8.9s)
  step    300  ep 2/20  train KL=0.0869  (9.5s)
  step    320  ep 2/20  train KL=0.0854  (10.0s)
  step    340  ep 2/20  train KL=0.0839  (10.6s)
  step    360  ep 2/20  train KL=0.0825  (11.1s)
  step    380  ep 2/20  train KL=0.0813  (11.7s)
== ep 2: train KL=0.0807  (12.2s)
  step    400  ep 3/20  train KL=0.0586  (12.8s)
  step    420  ep 3/20  train KL=0.0583  (13.3s)
  step    440  ep 3/20  train KL=0.0578  (13.9s)
  step    460  ep 3/20  train KL=0.0576  (14.4s)
  step    480  ep 3/20  train KL=0.0571  (15.0s)
  step    500  ep 3/20  train KL=0.0567  (15.5s)
  step    520  ep 3/20  train KL=0.0564  (16.1s)
  step    540  ep 3/20  train KL=0.0560  (16.6s)
  step    560  ep 3/20  train KL=0.0558  (17.2s)
  step    580  ep 3/20  train KL=0.0555  (17.7s)
== ep 3: train KL=0.0554  (18.1s)
  step    600  ep 4/20  train KL=0.0488  (18.8s)
  step    620  ep 4/20  train KL=0.0493  (19.4s)
  step    640  ep 4/20  train KL=0.0490  (20.0s)
  step    660  ep 4/20  train KL=0.0494  (20.5s)
  step    680  ep 4/20  train KL=0.0490  (21.1s)
  step    700  ep 4/20  train KL=0.0488  (21.6s)
  step    720  ep 4/20  train KL=0.0486  (22.2s)
  step    740  ep 4/20  train KL=0.0484  (22.8s)
  step    760  ep 4/20  train KL=0.0482  (23.3s)
  step    780  ep 4/20  train KL=0.0481  (23.9s)
== ep 4: train KL=0.0481  (24.0s)
  step    800  ep 5/20  train KL=0.0447  (25.0s)
  step    820  ep 5/20  train KL=0.0444  (25.5s)
  step    840  ep 5/20  train KL=0.0449  (26.1s)
  step    860  ep 5/20  train KL=0.0446  (26.6s)
  step    880  ep 5/20  train KL=0.0445  (27.2s)
  step    900  ep 5/20  train KL=0.0444  (27.7s)
  step    920  ep 5/20  train KL=0.0442  (28.3s)
  step    940  ep 5/20  train KL=0.0441  (28.9s)
  step    960  ep 5/20  train KL=0.0439  (29.4s)
== ep 5: train KL=0.0437  (30.0s)
  step    980  ep 6/20  train KL=0.0404  (30.5s)
  step   1000  ep 6/20  train KL=0.0406  (31.1s)
  step   1020  ep 6/20  train KL=0.0401  (31.7s)
  step   1040  ep 6/20  train KL=0.0403  (32.2s)
  step   1060  ep 6/20  train KL=0.0404  (32.7s)
  step   1080  ep 6/20  train KL=0.0401  (33.3s)
  step   1100  ep 6/20  train KL=0.0401  (33.8s)
  step   1120  ep 6/20  train KL=0.0400  (34.4s)
  step   1140  ep 6/20  train KL=0.0398  (34.9s)
  step   1160  ep 6/20  train KL=0.0396  (35.5s)
== ep 6: train KL=0.0396  (36.0s)
  step   1180  ep 7/20  train KL=0.0371  (36.6s)
  step   1200  ep 7/20  train KL=0.0366  (37.2s)
  step   1220  ep 7/20  train KL=0.0362  (37.7s)
  step   1240  ep 7/20  train KL=0.0358  (38.3s)
  step   1260  ep 7/20  train KL=0.0358  (38.9s)
  step   1280  ep 7/20  train KL=0.0357  (39.4s)
  step   1300  ep 7/20  train KL=0.0357  (40.0s)
  step   1320  ep 7/20  train KL=0.0356  (40.5s)
  step   1340  ep 7/20  train KL=0.0355  (41.1s)
  step   1360  ep 7/20  train KL=0.0354  (41.6s)
== ep 7: train KL=0.0353  (41.9s)
  step   1380  ep 8/20  train KL=0.0326  (42.8s)
  step   1400  ep 8/20  train KL=0.0326  (43.3s)
  step   1420  ep 8/20  train KL=0.0322  (43.9s)
  step   1440  ep 8/20  train KL=0.0318  (44.4s)
  step   1460  ep 8/20  train KL=0.0315  (45.0s)
  step   1480  ep 8/20  train KL=0.0314  (45.5s)
  step   1500  ep 8/20  train KL=0.0312  (46.1s)
  step   1520  ep 8/20  train KL=0.0312  (46.6s)
  step   1540  ep 8/20  train KL=0.0311  (47.2s)
  step   1560  ep 8/20  train KL=0.0310  (47.7s)
== ep 8: train KL=0.0310  (47.9s)
  step   1580  ep 9/20  train KL=0.0284  (48.8s)
  step   1600  ep 9/20  train KL=0.0278  (49.3s)
  step   1620  ep 9/20  train KL=0.0275  (49.9s)
  step   1640  ep 9/20  train KL=0.0272  (50.5s)
  step   1660  ep 9/20  train KL=0.0272  (51.0s)
  step   1680  ep 9/20  train KL=0.0270  (51.6s)
  step   1700  ep 9/20  train KL=0.0268  (52.1s)
  step   1720  ep 9/20  train KL=0.0267  (52.7s)
  step   1740  ep 9/20  train KL=0.0266  (53.2s)
== ep 9: train KL=0.0265  (53.8s)
  step   1760  ep 10/20  train KL=0.0239  (54.3s)
  step   1780  ep 10/20  train KL=0.0239  (54.9s)
  step   1800  ep 10/20  train KL=0.0235  (55.4s)
  step   1820  ep 10/20  train KL=0.0235  (56.0s)
  step   1840  ep 10/20  train KL=0.0234  (56.5s)
  step   1860  ep 10/20  train KL=0.0232  (57.1s)
  step   1880  ep 10/20  train KL=0.0231  (57.6s)
  step   1900  ep 10/20  train KL=0.0229  (58.2s)
  step   1920  ep 10/20  train KL=0.0229  (58.7s)
  step   1940  ep 10/20  train KL=0.0228  (59.3s)
== ep 10: train KL=0.0228  (59.7s)
  step   1960  ep 11/20  train KL=0.0204  (60.4s)
  step   1980  ep 11/20  train KL=0.0200  (61.0s)
  step   2000  ep 11/20  train KL=0.0202  (61.5s)
  step   2020  ep 11/20  train KL=0.0201  (62.1s)
  step   2040  ep 11/20  train KL=0.0201  (62.7s)
  step   2060  ep 11/20  train KL=0.0200  (63.2s)
  step   2080  ep 11/20  train KL=0.0200  (63.8s)
  step   2100  ep 11/20  train KL=0.0199  (64.3s)
  step   2120  ep 11/20  train KL=0.0199  (64.9s)
  step   2140  ep 11/20  train KL=0.0198  (65.4s)
== ep 11: train KL=0.0198  (65.8s)
  step   2160  ep 12/20  train KL=0.0179  (66.6s)
  step   2180  ep 12/20  train KL=0.0176  (67.2s)
  step   2200  ep 12/20  train KL=0.0176  (67.7s)
  step   2220  ep 12/20  train KL=0.0176  (68.3s)
  step   2240  ep 12/20  train KL=0.0175  (68.8s)
  step   2260  ep 12/20  train KL=0.0175  (69.4s)
  step   2280  ep 12/20  train KL=0.0175  (70.0s)
  step   2300  ep 12/20  train KL=0.0175  (70.5s)
  step   2320  ep 12/20  train KL=0.0175  (71.1s)
  step   2340  ep 12/20  train KL=0.0175  (71.6s)
== ep 12: train KL=0.0175  (71.8s)
  step   2360  ep 13/20  train KL=0.0159  (72.7s)
  step   2380  ep 13/20  train KL=0.0159  (73.3s)
  step   2400  ep 13/20  train KL=0.0158  (73.8s)
  step   2420  ep 13/20  train KL=0.0158  (74.4s)
  step   2440  ep 13/20  train KL=0.0158  (75.0s)
  step   2460  ep 13/20  train KL=0.0158  (75.5s)
  step   2480  ep 13/20  train KL=0.0159  (76.1s)
  step   2500  ep 13/20  train KL=0.0159  (76.6s)
  step   2520  ep 13/20  train KL=0.0159  (77.2s)
== ep 13: train KL=0.0159  (77.8s)
  step   2540  ep 14/20  train KL=0.0149  (78.3s)
  step   2560  ep 14/20  train KL=0.0148  (78.8s)
  step   2580  ep 14/20  train KL=0.0148  (79.4s)
  step   2600  ep 14/20  train KL=0.0148  (80.0s)
  step   2620  ep 14/20  train KL=0.0148  (80.5s)
  step   2640  ep 14/20  train KL=0.0148  (81.1s)
  step   2660  ep 14/20  train KL=0.0148  (81.6s)
  step   2680  ep 14/20  train KL=0.0148  (82.2s)
  step   2700  ep 14/20  train KL=0.0148  (82.8s)
  step   2720  ep 14/20  train KL=0.0148  (83.3s)
== ep 14: train KL=0.0148  (83.8s)
  step   2740  ep 15/20  train KL=0.0142  (84.4s)
  step   2760  ep 15/20  train KL=0.0141  (85.0s)
  step   2780  ep 15/20  train KL=0.0140  (85.5s)
  step   2800  ep 15/20  train KL=0.0141  (86.1s)
  step   2820  ep 15/20  train KL=0.0141  (86.6s)
  step   2840  ep 15/20  train KL=0.0141  (87.1s)
  step   2860  ep 15/20  train KL=0.0141  (87.7s)
  step   2880  ep 15/20  train KL=0.0141  (88.2s)
  step   2900  ep 15/20  train KL=0.0141  (88.8s)
  step   2920  ep 15/20  train KL=0.0141  (89.3s)
== ep 15: train KL=0.0141  (89.7s)
  step   2940  ep 16/20  train KL=0.0137  (90.5s)
  step   2960  ep 16/20  train KL=0.0137  (91.0s)
  step   2980  ep 16/20  train KL=0.0137  (91.6s)
  step   3000  ep 16/20  train KL=0.0137  (92.1s)
  step   3020  ep 16/20  train KL=0.0137  (92.7s)
  step   3040  ep 16/20  train KL=0.0137  (93.2s)
  step   3060  ep 16/20  train KL=0.0137  (93.8s)
  step   3080  ep 16/20  train KL=0.0137  (94.3s)
  step   3100  ep 16/20  train KL=0.0137  (94.9s)
  step   3120  ep 16/20  train KL=0.0137  (95.4s)
== ep 16: train KL=0.0137  (95.6s)
  step   3140  ep 17/20  train KL=0.0133  (96.5s)
  step   3160  ep 17/20  train KL=0.0134  (97.1s)
  step   3180  ep 17/20  train KL=0.0134  (97.6s)
  step   3200  ep 17/20  train KL=0.0134  (98.2s)
  step   3220  ep 17/20  train KL=0.0134  (98.8s)
  step   3240  ep 17/20  train KL=0.0134  (99.3s)
  step   3260  ep 17/20  train KL=0.0134  (99.9s)
  step   3280  ep 17/20  train KL=0.0134  (100.4s)
  step   3300  ep 17/20  train KL=0.0135  (101.0s)
== ep 17: train KL=0.0135  (101.6s)
  step   3320  ep 18/20  train KL=0.0132  (102.1s)
  step   3340  ep 18/20  train KL=0.0133  (102.6s)
  step   3360  ep 18/20  train KL=0.0132  (103.2s)
  step   3380  ep 18/20  train KL=0.0132  (103.8s)
  step   3400  ep 18/20  train KL=0.0132  (104.3s)
  step   3420  ep 18/20  train KL=0.0133  (104.9s)
  step   3440  ep 18/20  train KL=0.0132  (105.4s)
  step   3460  ep 18/20  train KL=0.0133  (106.0s)
  step   3480  ep 18/20  train KL=0.0133  (106.5s)
  step   3500  ep 18/20  train KL=0.0133  (107.0s)
== ep 18: train KL=0.0133  (107.5s)
  step   3520  ep 19/20  train KL=0.0132  (108.2s)
  step   3540  ep 19/20  train KL=0.0131  (108.7s)
  step   3560  ep 19/20  train KL=0.0131  (109.3s)
  step   3580  ep 19/20  train KL=0.0132  (109.8s)
  step   3600  ep 19/20  train KL=0.0131  (110.4s)
  step   3620  ep 19/20  train KL=0.0131  (111.0s)
  step   3640  ep 19/20  train KL=0.0132  (111.6s)
  step   3660  ep 19/20  train KL=0.0132  (112.2s)
  step   3680  ep 19/20  train KL=0.0132  (112.8s)
  step   3700  ep 19/20  train KL=0.0132  (113.3s)
== ep 19: train KL=0.0132  (113.7s)
  step   3720  ep 20/20  train KL=0.0132  (114.5s)
  step   3740  ep 20/20  train KL=0.0132  (115.0s)
  step   3760  ep 20/20  train KL=0.0132  (115.6s)
  step   3780  ep 20/20  train KL=0.0132  (116.1s)
  step   3800  ep 20/20  train KL=0.0131  (116.7s)
  step   3820  ep 20/20  train KL=0.0131  (117.2s)
  step   3840  ep 20/20  train KL=0.0131  (117.7s)
  step   3860  ep 20/20  train KL=0.0131  (118.3s)
  step   3880  ep 20/20  train KL=0.0131  (118.8s)
  step   3900  ep 20/20  train KL=0.0131  (119.4s)
== ep 20: train KL=0.0131  (119.5s)

Done. Total time: 119.5s
