Auto block_tph = ceil(384 * log2(384) / 6) = 550
Materializing 100000 rows from parquet...
  inputs:  (100000, 384) float32
  logits:  (100000, 32768) float16
  load time: 13.5s

Using all 100000 samples for training (capacity test).

Model: StackedLutUnembedder — 536.91M params
  LN(384)
  final: Linear(384, 32768, bias=True)
  init_std=0.1

Training: epochs=20 batch_size=512 lr=0.001 schedule=cosine warmup=0

  step     20  ep 1/20  train KL=4.5690  (1.5s)
  step     40  ep 1/20  train KL=4.3913  (2.2s)
  step     60  ep 1/20  train KL=4.2206  (3.0s)
  step     80  ep 1/20  train KL=4.0510  (3.8s)
  step    100  ep 1/20  train KL=3.8859  (4.5s)
  step    120  ep 1/20  train KL=3.7248  (5.3s)
  step    140  ep 1/20  train KL=3.5603  (6.1s)
  step    160  ep 1/20  train KL=3.4006  (6.8s)
  step    180  ep 1/20  train KL=3.2447  (7.6s)
== ep 1: train KL=3.1323  (8.3s)
  step    200  ep 2/20  train KL=1.6754  (8.9s)
  step    220  ep 2/20  train KL=1.5661  (9.7s)
  step    240  ep 2/20  train KL=1.4770  (10.5s)
  step    260  ep 2/20  train KL=1.4034  (11.3s)
  step    280  ep 2/20  train KL=1.3431  (12.0s)
  step    300  ep 2/20  train KL=1.2883  (12.8s)
  step    320  ep 2/20  train KL=1.2425  (13.6s)
  step    340  ep 2/20  train KL=1.2015  (14.3s)
  step    360  ep 2/20  train KL=1.1653  (15.1s)
  step    380  ep 2/20  train KL=1.1331  (15.8s)
== ep 2: train KL=1.1173  (16.4s)
  step    400  ep 3/20  train KL=0.8159  (17.3s)
  step    420  ep 3/20  train KL=0.7964  (18.1s)
  step    440  ep 3/20  train KL=0.7833  (18.8s)
  step    460  ep 3/20  train KL=0.7727  (19.6s)
  step    480  ep 3/20  train KL=0.7615  (20.4s)
  step    500  ep 3/20  train KL=0.7513  (21.1s)
  step    520  ep 3/20  train KL=0.7428  (21.9s)
  step    540  ep 3/20  train KL=0.7335  (22.7s)
  step    560  ep 3/20  train KL=0.7251  (23.4s)
  step    580  ep 3/20  train KL=0.7156  (24.2s)
== ep 3: train KL=0.7132  (24.6s)
  step    600  ep 4/20  train KL=0.6097  (25.6s)
  step    620  ep 4/20  train KL=0.6059  (26.4s)
  step    640  ep 4/20  train KL=0.6052  (27.1s)
  step    660  ep 4/20  train KL=0.6021  (27.9s)
  step    680  ep 4/20  train KL=0.5982  (28.7s)
  step    700  ep 4/20  train KL=0.5946  (29.4s)
  step    720  ep 4/20  train KL=0.5915  (30.2s)
  step    740  ep 4/20  train KL=0.5878  (31.0s)
  step    760  ep 4/20  train KL=0.5832  (31.7s)
  step    780  ep 4/20  train KL=0.5799  (32.5s)
== ep 4: train KL=0.5799  (32.7s)
  step    800  ep 5/20  train KL=0.5383  (33.9s)
  step    820  ep 5/20  train KL=0.5326  (34.7s)
  step    840  ep 5/20  train KL=0.5305  (35.5s)
  step    860  ep 5/20  train KL=0.5278  (36.2s)
  step    880  ep 5/20  train KL=0.5239  (37.0s)
  step    900  ep 5/20  train KL=0.5222  (37.7s)
  step    920  ep 5/20  train KL=0.5192  (38.5s)
  step    940  ep 5/20  train KL=0.5169  (39.3s)
  step    960  ep 5/20  train KL=0.5133  (40.0s)
== ep 5: train KL=0.5118  (40.8s)
  step    980  ep 6/20  train KL=0.4823  (41.5s)
  step   1000  ep 6/20  train KL=0.4856  (42.2s)
  step   1020  ep 6/20  train KL=0.4826  (43.0s)
  step   1040  ep 6/20  train KL=0.4799  (43.8s)
  step   1060  ep 6/20  train KL=0.4786  (44.5s)
  step   1080  ep 6/20  train KL=0.4761  (45.3s)
  step   1100  ep 6/20  train KL=0.4752  (46.1s)
  step   1120  ep 6/20  train KL=0.4741  (46.8s)
  step   1140  ep 6/20  train KL=0.4733  (47.6s)
  step   1160  ep 6/20  train KL=0.4714  (48.3s)
== ep 6: train KL=0.4707  (48.9s)
  step   1180  ep 7/20  train KL=0.4547  (49.8s)
  step   1200  ep 7/20  train KL=0.4495  (50.6s)
  step   1220  ep 7/20  train KL=0.4489  (51.4s)
  step   1240  ep 7/20  train KL=0.4473  (52.1s)
  step   1260  ep 7/20  train KL=0.4457  (52.9s)
  step   1280  ep 7/20  train KL=0.4463  (53.6s)
  step   1300  ep 7/20  train KL=0.4450  (54.4s)
  step   1320  ep 7/20  train KL=0.4441  (55.2s)
  step   1340  ep 7/20  train KL=0.4435  (55.9s)
  step   1360  ep 7/20  train KL=0.4431  (56.7s)
== ep 7: train KL=0.4429  (57.1s)
  step   1380  ep 8/20  train KL=0.4284  (58.1s)
  step   1400  ep 8/20  train KL=0.4287  (58.9s)
  step   1420  ep 8/20  train KL=0.4268  (59.6s)
  step   1440  ep 8/20  train KL=0.4265  (60.4s)
  step   1460  ep 8/20  train KL=0.4255  (61.2s)
  step   1480  ep 8/20  train KL=0.4246  (61.9s)
  step   1500  ep 8/20  train KL=0.4241  (62.7s)
  step   1520  ep 8/20  train KL=0.4238  (63.5s)
  step   1540  ep 8/20  train KL=0.4238  (64.2s)
  step   1560  ep 8/20  train KL=0.4232  (65.0s)
== ep 8: train KL=0.4232  (65.2s)
  step   1580  ep 9/20  train KL=0.4102  (66.4s)
  step   1600  ep 9/20  train KL=0.4082  (67.2s)
  step   1620  ep 9/20  train KL=0.4102  (67.9s)
  step   1640  ep 9/20  train KL=0.4096  (68.7s)
  step   1660  ep 9/20  train KL=0.4094  (69.5s)
  step   1680  ep 9/20  train KL=0.4088  (70.2s)
  step   1700  ep 9/20  train KL=0.4088  (71.0s)
  step   1720  ep 9/20  train KL=0.4092  (71.8s)
  step   1740  ep 9/20  train KL=0.4087  (72.5s)
== ep 9: train KL=0.4084  (73.3s)
  step   1760  ep 10/20  train KL=0.4093  (73.8s)
  step   1780  ep 10/20  train KL=0.4020  (74.7s)
  step   1800  ep 10/20  train KL=0.4010  (75.4s)
  step   1820  ep 10/20  train KL=0.3990  (76.2s)
  step   1840  ep 10/20  train KL=0.3987  (76.9s)
  step   1860  ep 10/20  train KL=0.3989  (77.7s)
  step   1880  ep 10/20  train KL=0.3985  (78.5s)
  step   1900  ep 10/20  train KL=0.3983  (79.2s)
  step   1920  ep 10/20  train KL=0.3983  (80.0s)
  step   1940  ep 10/20  train KL=0.3974  (80.8s)
== ep 10: train KL=0.3972  (81.3s)
  step   1960  ep 11/20  train KL=0.3853  (82.1s)
  step   1980  ep 11/20  train KL=0.3866  (82.9s)
  step   2000  ep 11/20  train KL=0.3899  (83.7s)
  step   2020  ep 11/20  train KL=0.3911  (84.4s)
  step   2040  ep 11/20  train KL=0.3918  (85.2s)
  step   2060  ep 11/20  train KL=0.3905  (86.0s)
  step   2080  ep 11/20  train KL=0.3900  (86.7s)
  step   2100  ep 11/20  train KL=0.3897  (87.5s)
  step   2120  ep 11/20  train KL=0.3892  (88.3s)
  step   2140  ep 11/20  train KL=0.3886  (89.0s)
== ep 11: train KL=0.3885  (89.4s)
  step   2160  ep 12/20  train KL=0.3824  (90.5s)
  step   2180  ep 12/20  train KL=0.3819  (91.2s)
  step   2200  ep 12/20  train KL=0.3834  (92.0s)
  step   2220  ep 12/20  train KL=0.3832  (92.8s)
  step   2240  ep 12/20  train KL=0.3829  (93.5s)
  step   2260  ep 12/20  train KL=0.3824  (94.3s)
  step   2280  ep 12/20  train KL=0.3821  (95.1s)
  step   2300  ep 12/20  train KL=0.3817  (95.8s)
  step   2320  ep 12/20  train KL=0.3818  (96.6s)
  step   2340  ep 12/20  train KL=0.3817  (97.4s)
== ep 12: train KL=0.3817  (97.5s)
  step   2360  ep 13/20  train KL=0.3747  (98.7s)
  step   2380  ep 13/20  train KL=0.3751  (99.5s)
  step   2400  ep 13/20  train KL=0.3763  (100.3s)
  step   2420  ep 13/20  train KL=0.3769  (101.0s)
  step   2440  ep 13/20  train KL=0.3768  (101.8s)
  step   2460  ep 13/20  train KL=0.3765  (102.6s)
  step   2480  ep 13/20  train KL=0.3766  (103.3s)
  step   2500  ep 13/20  train KL=0.3766  (104.1s)
  step   2520  ep 13/20  train KL=0.3768  (104.8s)
== ep 13: train KL=0.3766  (105.6s)
  step   2540  ep 14/20  train KL=0.3706  (106.2s)
  step   2560  ep 14/20  train KL=0.3735  (107.0s)
  step   2580  ep 14/20  train KL=0.3721  (107.8s)
  step   2600  ep 14/20  train KL=0.3723  (108.6s)
  step   2620  ep 14/20  train KL=0.3718  (109.3s)
  step   2640  ep 14/20  train KL=0.3721  (110.1s)
  step   2660  ep 14/20  train KL=0.3724  (110.9s)
  step   2680  ep 14/20  train KL=0.3723  (111.6s)
  step   2700  ep 14/20  train KL=0.3726  (112.4s)
  step   2720  ep 14/20  train KL=0.3724  (113.2s)
== ep 14: train KL=0.3725  (113.7s)
  step   2740  ep 15/20  train KL=0.3699  (114.6s)
  step   2760  ep 15/20  train KL=0.3696  (115.3s)
  step   2780  ep 15/20  train KL=0.3695  (116.1s)
  step   2800  ep 15/20  train KL=0.3692  (116.8s)
  step   2820  ep 15/20  train KL=0.3699  (117.6s)
  step   2840  ep 15/20  train KL=0.3693  (118.4s)
  step   2860  ep 15/20  train KL=0.3692  (119.1s)
  step   2880  ep 15/20  train KL=0.3690  (119.9s)
  step   2900  ep 15/20  train KL=0.3695  (120.7s)
  step   2920  ep 15/20  train KL=0.3695  (121.4s)
== ep 15: train KL=0.3695  (121.8s)
  step   2940  ep 16/20  train KL=0.3618  (122.9s)
  step   2960  ep 16/20  train KL=0.3663  (123.6s)
  step   2980  ep 16/20  train KL=0.3668  (124.4s)
  step   3000  ep 16/20  train KL=0.3673  (125.1s)
  step   3020  ep 16/20  train KL=0.3675  (125.9s)
  step   3040  ep 16/20  train KL=0.3677  (126.7s)
  step   3060  ep 16/20  train KL=0.3676  (127.4s)
  step   3080  ep 16/20  train KL=0.3675  (128.2s)
  step   3100  ep 16/20  train KL=0.3678  (129.0s)
  step   3120  ep 16/20  train KL=0.3675  (129.7s)
== ep 16: train KL=0.3675  (129.9s)
  step   3140  ep 17/20  train KL=0.3678  (131.1s)
  step   3160  ep 17/20  train KL=0.3665  (131.9s)
  step   3180  ep 17/20  train KL=0.3671  (132.7s)
  step   3200  ep 17/20  train KL=0.3668  (133.4s)
  step   3220  ep 17/20  train KL=0.3675  (134.2s)
  step   3240  ep 17/20  train KL=0.3673  (135.0s)
  step   3260  ep 17/20  train KL=0.3667  (135.7s)
  step   3280  ep 17/20  train KL=0.3664  (136.5s)
  step   3300  ep 17/20  train KL=0.3662  (137.3s)
== ep 17: train KL=0.3660  (138.0s)
  step   3320  ep 18/20  train KL=0.3663  (138.6s)
  step   3340  ep 18/20  train KL=0.3667  (139.4s)
  step   3360  ep 18/20  train KL=0.3654  (140.2s)
  step   3380  ep 18/20  train KL=0.3660  (141.0s)
  step   3400  ep 18/20  train KL=0.3653  (141.7s)
  step   3420  ep 18/20  train KL=0.3656  (142.5s)
  step   3440  ep 18/20  train KL=0.3656  (143.3s)
  step   3460  ep 18/20  train KL=0.3654  (144.0s)
  step   3480  ep 18/20  train KL=0.3649  (144.8s)
  step   3500  ep 18/20  train KL=0.3650  (145.6s)
== ep 18: train KL=0.3652  (146.1s)
  step   3520  ep 19/20  train KL=0.3637  (146.9s)
  step   3540  ep 19/20  train KL=0.3646  (147.7s)
  step   3560  ep 19/20  train KL=0.3645  (148.5s)
  step   3580  ep 19/20  train KL=0.3649  (149.2s)
  step   3600  ep 19/20  train KL=0.3647  (150.0s)
  step   3620  ep 19/20  train KL=0.3641  (150.8s)
  step   3640  ep 19/20  train KL=0.3643  (151.5s)
  step   3660  ep 19/20  train KL=0.3643  (152.3s)
  step   3680  ep 19/20  train KL=0.3646  (153.1s)
  step   3700  ep 19/20  train KL=0.3648  (153.8s)
== ep 19: train KL=0.3647  (154.2s)
  step   3720  ep 20/20  train KL=0.3648  (155.3s)
  step   3740  ep 20/20  train KL=0.3634  (156.0s)
  step   3760  ep 20/20  train KL=0.3631  (156.8s)
  step   3780  ep 20/20  train KL=0.3643  (157.6s)
  step   3800  ep 20/20  train KL=0.3643  (158.3s)
  step   3820  ep 20/20  train KL=0.3647  (159.1s)
  step   3840  ep 20/20  train KL=0.3649  (159.9s)
  step   3860  ep 20/20  train KL=0.3655  (160.6s)
  step   3880  ep 20/20  train KL=0.3652  (161.4s)
  step   3900  ep 20/20  train KL=0.3646  (162.1s)
== ep 20: train KL=0.3646  (162.3s)

Done. Total time: 162.3s
