Materializing 100000 rows from parquet...
  inputs:  (100000, 384) float32
  logits:  (100000, 32768) float16
  load time: 14.2s

Using all 100000 samples for training (capacity test).

Model: StackedLutUnembedder — 272.14M params
  LN(384)
  block 0: TinyMultiHeadLut(384→384, n_heads=1, tph=660, nap=10) + residual
  final: Linear(384, 32768, bias=True)
  init_std=0.1

Training: epochs=20 batch_size=512 lr=0.003 schedule=cosine warmup=0

  step     20  ep 1/20  train KL=1.7342  (1.4s)
  step     40  ep 1/20  train KL=1.2108  (1.9s)
  step     60  ep 1/20  train KL=0.9698  (2.5s)
  step     80  ep 1/20  train KL=0.8304  (3.0s)
  step    100  ep 1/20  train KL=0.7371  (3.6s)
  step    120  ep 1/20  train KL=0.6700  (4.2s)
  step    140  ep 1/20  train KL=0.6196  (4.7s)
  step    160  ep 1/20  train KL=0.5801  (5.3s)
  step    180  ep 1/20  train KL=0.5482  (5.9s)
== ep 1: train KL=0.5276  (6.4s)
  step    200  ep 2/20  train KL=0.4119  (7.0s)
  step    220  ep 2/20  train KL=0.4232  (7.7s)
  step    240  ep 2/20  train KL=0.4105  (8.2s)
  step    260  ep 2/20  train KL=0.3893  (8.8s)
  step    280  ep 2/20  train KL=0.3688  (9.3s)
  step    300  ep 2/20  train KL=0.3523  (9.9s)
  step    320  ep 2/20  train KL=0.3403  (10.4s)
  step    340  ep 2/20  train KL=0.3295  (11.0s)
  step    360  ep 2/20  train KL=0.3212  (11.6s)
  step    380  ep 2/20  train KL=0.3148  (12.1s)
== ep 2: train KL=0.3112  (12.6s)
  step    400  ep 3/20  train KL=0.3210  (13.4s)
  step    420  ep 3/20  train KL=0.3451  (13.9s)
  step    440  ep 3/20  train KL=0.3362  (14.5s)
  step    460  ep 3/20  train KL=0.3249  (15.1s)
  step    480  ep 3/20  train KL=0.3162  (15.6s)
  step    500  ep 3/20  train KL=0.3091  (16.2s)
  step    520  ep 3/20  train KL=0.3008  (16.7s)
  step    540  ep 3/20  train KL=0.2946  (17.3s)
  step    560  ep 3/20  train KL=0.2880  (17.9s)
  step    580  ep 3/20  train KL=0.2836  (18.4s)
== ep 3: train KL=0.2820  (18.7s)
  step    600  ep 4/20  train KL=0.3271  (19.5s)
  step    620  ep 4/20  train KL=0.3146  (20.2s)
  step    640  ep 4/20  train KL=0.3067  (20.8s)
  step    660  ep 4/20  train KL=0.2977  (21.4s)
  step    680  ep 4/20  train KL=0.2938  (21.9s)
  step    700  ep 4/20  train KL=0.2889  (22.5s)
  step    720  ep 4/20  train KL=0.2829  (23.0s)
  step    740  ep 4/20  train KL=0.2783  (23.6s)
  step    760  ep 4/20  train KL=0.2750  (24.1s)
  step    780  ep 4/20  train KL=0.2708  (24.7s)
== ep 4: train KL=0.2708  (24.9s)
  step    800  ep 5/20  train KL=0.2851  (26.0s)
  step    820  ep 5/20  train KL=0.3037  (26.5s)
  step    840  ep 5/20  train KL=0.3039  (27.1s)
  step    860  ep 5/20  train KL=0.3024  (27.6s)
  step    880  ep 5/20  train KL=0.3012  (28.2s)
  step    900  ep 5/20  train KL=0.2984  (28.8s)
  step    920  ep 5/20  train KL=0.2918  (29.3s)
  step    940  ep 5/20  train KL=0.2864  (29.9s)
  step    960  ep 5/20  train KL=0.2826  (30.4s)
== ep 5: train KL=0.2789  (31.0s)
  step    980  ep 6/20  train KL=0.2791  (31.5s)
  step   1000  ep 6/20  train KL=0.2732  (32.2s)
  step   1020  ep 6/20  train KL=0.2771  (32.8s)
  step   1040  ep 6/20  train KL=0.2690  (33.4s)
  step   1060  ep 6/20  train KL=0.2607  (33.9s)
  step   1080  ep 6/20  train KL=0.2528  (34.5s)
  step   1100  ep 6/20  train KL=0.2480  (35.1s)
  step   1120  ep 6/20  train KL=0.2431  (35.6s)
  step   1140  ep 6/20  train KL=0.2371  (36.2s)
  step   1160  ep 6/20  train KL=0.2326  (36.7s)
== ep 6: train KL=0.2304  (37.2s)
  step   1180  ep 7/20  train KL=0.2004  (38.0s)
  step   1200  ep 7/20  train KL=0.2134  (38.6s)
  step   1220  ep 7/20  train KL=0.2135  (39.1s)
  step   1240  ep 7/20  train KL=0.2046  (39.7s)
  step   1260  ep 7/20  train KL=0.1981  (40.3s)
  step   1280  ep 7/20  train KL=0.1945  (40.8s)
  step   1300  ep 7/20  train KL=0.1906  (41.4s)
  step   1320  ep 7/20  train KL=0.1869  (42.0s)
  step   1340  ep 7/20  train KL=0.1834  (42.5s)
  step   1360  ep 7/20  train KL=0.1811  (43.1s)
== ep 7: train KL=0.1804  (43.4s)
  step   1380  ep 8/20  train KL=0.1612  (44.3s)
  step   1400  ep 8/20  train KL=0.1608  (44.9s)
  step   1420  ep 8/20  train KL=0.1619  (45.4s)
  step   1440  ep 8/20  train KL=0.1584  (46.0s)
  step   1460  ep 8/20  train KL=0.1555  (46.6s)
  step   1480  ep 8/20  train KL=0.1519  (47.2s)
  step   1500  ep 8/20  train KL=0.1510  (47.7s)
  step   1520  ep 8/20  train KL=0.1489  (48.3s)
  step   1540  ep 8/20  train KL=0.1458  (48.8s)
  step   1560  ep 8/20  train KL=0.1444  (49.4s)
== ep 8: train KL=0.1444  (49.6s)
  step   1580  ep 9/20  train KL=0.1335  (50.6s)
  step   1600  ep 9/20  train KL=0.1326  (51.2s)
  step   1620  ep 9/20  train KL=0.1303  (51.8s)
  step   1640  ep 9/20  train KL=0.1308  (52.3s)
  step   1660  ep 9/20  train KL=0.1286  (52.9s)
  step   1680  ep 9/20  train KL=0.1254  (53.5s)
  step   1700  ep 9/20  train KL=0.1237  (54.1s)
  step   1720  ep 9/20  train KL=0.1226  (54.6s)
  step   1740  ep 9/20  train KL=0.1210  (55.2s)
== ep 9: train KL=0.1205  (55.8s)
  step   1760  ep 10/20  train KL=0.1286  (56.3s)
  step   1780  ep 10/20  train KL=0.1113  (57.0s)
  step   1800  ep 10/20  train KL=0.1081  (57.6s)
  step   1820  ep 10/20  train KL=0.1075  (58.2s)
  step   1840  ep 10/20  train KL=0.1072  (58.7s)
  step   1860  ep 10/20  train KL=0.1061  (59.3s)
  step   1880  ep 10/20  train KL=0.1060  (59.8s)
  step   1900  ep 10/20  train KL=0.1040  (60.4s)
  step   1920  ep 10/20  train KL=0.1028  (61.0s)
  step   1940  ep 10/20  train KL=0.1014  (61.5s)
== ep 10: train KL=0.1006  (62.0s)
  step   1960  ep 11/20  train KL=0.0810  (62.7s)
  step   1980  ep 11/20  train KL=0.0884  (63.3s)
  step   2000  ep 11/20  train KL=0.0881  (63.9s)
  step   2020  ep 11/20  train KL=0.0883  (64.4s)
  step   2040  ep 11/20  train KL=0.0874  (65.0s)
  step   2060  ep 11/20  train KL=0.0869  (65.6s)
  step   2080  ep 11/20  train KL=0.0858  (66.2s)
  step   2100  ep 11/20  train KL=0.0849  (66.8s)
  step   2120  ep 11/20  train KL=0.0841  (67.3s)
  step   2140  ep 11/20  train KL=0.0836  (67.9s)
== ep 11: train KL=0.0836  (68.2s)
  step   2160  ep 12/20  train KL=0.0678  (69.2s)
  step   2180  ep 12/20  train KL=0.0696  (69.8s)
  step   2200  ep 12/20  train KL=0.0721  (70.3s)
  step   2220  ep 12/20  train KL=0.0720  (70.9s)
  step   2240  ep 12/20  train KL=0.0721  (71.5s)
  step   2260  ep 12/20  train KL=0.0721  (72.0s)
  step   2280  ep 12/20  train KL=0.0712  (72.6s)
  step   2300  ep 12/20  train KL=0.0706  (73.2s)
  step   2320  ep 12/20  train KL=0.0698  (73.7s)
  step   2340  ep 12/20  train KL=0.0694  (74.3s)
== ep 12: train KL=0.0694  (74.5s)
  step   2360  ep 13/20  train KL=0.0595  (75.6s)
  step   2380  ep 13/20  train KL=0.0580  (76.2s)
  step   2400  ep 13/20  train KL=0.0588  (76.7s)
  step   2420  ep 13/20  train KL=0.0596  (77.3s)
  step   2440  ep 13/20  train KL=0.0589  (77.8s)
  step   2460  ep 13/20  train KL=0.0589  (78.4s)
  step   2480  ep 13/20  train KL=0.0584  (79.0s)
  step   2500  ep 13/20  train KL=0.0581  (79.5s)
  step   2520  ep 13/20  train KL=0.0582  (80.1s)
== ep 13: train KL=0.0577  (80.7s)
  step   2540  ep 14/20  train KL=0.0494  (81.2s)
  step   2560  ep 14/20  train KL=0.0499  (82.0s)
  step   2580  ep 14/20  train KL=0.0496  (82.6s)
  step   2600  ep 14/20  train KL=0.0486  (83.1s)
  step   2620  ep 14/20  train KL=0.0489  (83.7s)
  step   2640  ep 14/20  train KL=0.0486  (84.2s)
  step   2660  ep 14/20  train KL=0.0487  (84.8s)
  step   2680  ep 14/20  train KL=0.0483  (85.4s)
  step   2700  ep 14/20  train KL=0.0481  (85.9s)
  step   2720  ep 14/20  train KL=0.0482  (86.5s)
== ep 14: train KL=0.0482  (87.0s)
  step   2740  ep 15/20  train KL=0.0402  (87.8s)
