Materializing 100000 rows from parquet...
  inputs:  (100000, 384) float32
  logits:  (100000, 32768) float16
  load time: 13.8s

Using all 100000 samples for training (capacity test).

Model: StackedLutUnembedder — 159.42M params
  LN(384)
  block 0: TinyMultiHeadLut(384→384, n_heads=1, tph=4096, nap=10) + residual
  final: Linear(384, 32768, bias=True)
  init_std=0.1

Training: epochs=20 batch_size=512 lr=0.001 schedule=cosine warmup=0

  step     20  ep 1/20  train KL=2.2233  (1.4s)
  step     40  ep 1/20  train KL=1.4510  (1.9s)
  step     60  ep 1/20  train KL=1.1119  (2.5s)
  step     80  ep 1/20  train KL=0.9152  (3.0s)
  step    100  ep 1/20  train KL=0.7870  (3.6s)
  step    120  ep 1/20  train KL=0.6961  (4.1s)
  step    140  ep 1/20  train KL=0.6277  (4.7s)
  step    160  ep 1/20  train KL=0.5741  (5.2s)
  step    180  ep 1/20  train KL=0.5306  (5.8s)
== ep 1: train KL=0.5032  (6.3s)
  step    200  ep 2/20  train KL=0.1557  (6.8s)
  step    220  ep 2/20  train KL=0.1488  (7.5s)
  step    240  ep 2/20  train KL=0.1453  (8.1s)
  step    260  ep 2/20  train KL=0.1420  (8.6s)
  step    280  ep 2/20  train KL=0.1386  (9.2s)
  step    300  ep 2/20  train KL=0.1357  (9.7s)
  step    320  ep 2/20  train KL=0.1331  (10.2s)
  step    340  ep 2/20  train KL=0.1307  (10.8s)
  step    360  ep 2/20  train KL=0.1284  (11.3s)
  step    380  ep 2/20  train KL=0.1263  (11.9s)
== ep 2: train KL=0.1253  (12.3s)
  step    400  ep 3/20  train KL=0.1011  (13.1s)
  step    420  ep 3/20  train KL=0.1033  (13.6s)
  step    440  ep 3/20  train KL=0.1044  (14.2s)
  step    460  ep 3/20  train KL=0.1032  (14.7s)
  step    480  ep 3/20  train KL=0.1029  (15.3s)
  step    500  ep 3/20  train KL=0.1025  (15.9s)
  step    520  ep 3/20  train KL=0.1019  (16.4s)
  step    540  ep 3/20  train KL=0.1008  (17.0s)
  step    560  ep 3/20  train KL=0.1004  (17.5s)
  step    580  ep 3/20  train KL=0.0996  (18.1s)
== ep 3: train KL=0.0995  (18.4s)
  step    600  ep 4/20  train KL=0.0886  (19.2s)
  step    620  ep 4/20  train KL=0.0887  (19.9s)
  step    640  ep 4/20  train KL=0.0878  (20.4s)
  step    660  ep 4/20  train KL=0.0873  (21.0s)
  step    680  ep 4/20  train KL=0.0865  (21.5s)
  step    700  ep 4/20  train KL=0.0861  (22.1s)
  step    720  ep 4/20  train KL=0.0853  (22.6s)
  step    740  ep 4/20  train KL=0.0848  (23.2s)
  step    760  ep 4/20  train KL=0.0838  (23.7s)
  step    780  ep 4/20  train KL=0.0833  (24.3s)
== ep 4: train KL=0.0833  (24.4s)
  step    800  ep 5/20  train KL=0.0732  (25.5s)
  step    820  ep 5/20  train KL=0.0756  (26.1s)
  step    840  ep 5/20  train KL=0.0750  (26.6s)
  step    860  ep 5/20  train KL=0.0745  (27.2s)
  step    880  ep 5/20  train KL=0.0740  (27.7s)
  step    900  ep 5/20  train KL=0.0731  (28.2s)
  step    920  ep 5/20  train KL=0.0727  (28.8s)
  step    940  ep 5/20  train KL=0.0722  (29.3s)
  step    960  ep 5/20  train KL=0.0717  (29.9s)
== ep 5: train KL=0.0716  (30.5s)
  step    980  ep 6/20  train KL=0.0631  (31.0s)
  step   1000  ep 6/20  train KL=0.0631  (31.7s)
  step   1020  ep 6/20  train KL=0.0633  (32.2s)
  step   1040  ep 6/20  train KL=0.0640  (32.8s)
  step   1060  ep 6/20  train KL=0.0637  (33.3s)
  step   1080  ep 6/20  train KL=0.0638  (33.9s)
  step   1100  ep 6/20  train KL=0.0636  (34.4s)
  step   1120  ep 6/20  train KL=0.0632  (35.0s)
  step   1140  ep 6/20  train KL=0.0630  (35.5s)
  step   1160  ep 6/20  train KL=0.0623  (36.1s)
== ep 6: train KL=0.0621  (36.5s)
  step   1180  ep 7/20  train KL=0.0540  (37.3s)
  step   1200  ep 7/20  train KL=0.0543  (37.8s)
  step   1220  ep 7/20  train KL=0.0551  (38.4s)
  step   1240  ep 7/20  train KL=0.0551  (39.0s)
  step   1260  ep 7/20  train KL=0.0551  (39.5s)
  step   1280  ep 7/20  train KL=0.0548  (40.1s)
  step   1300  ep 7/20  train KL=0.0545  (40.6s)
  step   1320  ep 7/20  train KL=0.0540  (41.2s)
  step   1340  ep 7/20  train KL=0.0537  (41.7s)
  step   1360  ep 7/20  train KL=0.0534  (42.3s)
== ep 7: train KL=0.0533  (42.6s)
  step   1380  ep 8/20  train KL=0.0487  (43.5s)
  step   1400  ep 8/20  train KL=0.0483  (44.1s)
  step   1420  ep 8/20  train KL=0.0477  (44.6s)
  step   1440  ep 8/20  train KL=0.0476  (45.2s)
  step   1460  ep 8/20  train KL=0.0474  (45.7s)
  step   1480  ep 8/20  train KL=0.0472  (46.3s)
  step   1500  ep 8/20  train KL=0.0470  (46.8s)
  step   1520  ep 8/20  train KL=0.0468  (47.4s)
  step   1540  ep 8/20  train KL=0.0464  (48.0s)
  step   1560  ep 8/20  train KL=0.0460  (48.5s)
== ep 8: train KL=0.0460  (48.7s)
  step   1580  ep 9/20  train KL=0.0408  (49.8s)
  step   1600  ep 9/20  train KL=0.0405  (50.3s)
  step   1620  ep 9/20  train KL=0.0403  (50.9s)
  step   1640  ep 9/20  train KL=0.0402  (51.5s)
  step   1660  ep 9/20  train KL=0.0398  (52.0s)
  step   1680  ep 9/20  train KL=0.0395  (52.5s)
  step   1700  ep 9/20  train KL=0.0395  (53.1s)
  step   1720  ep 9/20  train KL=0.0393  (53.6s)
  step   1740  ep 9/20  train KL=0.0390  (54.2s)
== ep 9: train KL=0.0389  (54.8s)
  step   1760  ep 10/20  train KL=0.0338  (55.3s)
  step   1780  ep 10/20  train KL=0.0340  (56.0s)
  step   1800  ep 10/20  train KL=0.0341  (56.6s)
  step   1820  ep 10/20  train KL=0.0340  (57.2s)
  step   1840  ep 10/20  train KL=0.0337  (57.7s)
  step   1860  ep 10/20  train KL=0.0335  (58.2s)
  step   1880  ep 10/20  train KL=0.0334  (58.8s)
  step   1900  ep 10/20  train KL=0.0334  (59.3s)
  step   1920  ep 10/20  train KL=0.0333  (59.9s)
  step   1940  ep 10/20  train KL=0.0331  (60.4s)
== ep 10: train KL=0.0330  (60.9s)
  step   1960  ep 11/20  train KL=0.0288  (61.7s)
  step   1980  ep 11/20  train KL=0.0292  (62.2s)
  step   2000  ep 11/20  train KL=0.0290  (62.8s)
  step   2020  ep 11/20  train KL=0.0286  (63.3s)
  step   2040  ep 11/20  train KL=0.0285  (63.9s)
  step   2060  ep 11/20  train KL=0.0284  (64.4s)
  step   2080  ep 11/20  train KL=0.0283  (65.0s)
  step   2100  ep 11/20  train KL=0.0281  (65.5s)
  step   2120  ep 11/20  train KL=0.0281  (66.1s)
  step   2140  ep 11/20  train KL=0.0280  (66.7s)
== ep 11: train KL=0.0280  (67.0s)
  step   2160  ep 12/20  train KL=0.0248  (67.9s)
  step   2180  ep 12/20  train KL=0.0248  (68.5s)
  step   2200  ep 12/20  train KL=0.0246  (69.0s)
  step   2220  ep 12/20  train KL=0.0244  (69.6s)
  step   2240  ep 12/20  train KL=0.0243  (70.1s)
  step   2260  ep 12/20  train KL=0.0242  (70.7s)
  step   2280  ep 12/20  train KL=0.0242  (71.3s)
  step   2300  ep 12/20  train KL=0.0241  (71.8s)
  step   2320  ep 12/20  train KL=0.0240  (72.4s)
  step   2340  ep 12/20  train KL=0.0240  (72.9s)
== ep 12: train KL=0.0240  (73.1s)
  step   2360  ep 13/20  train KL=0.0214  (74.1s)
  step   2380  ep 13/20  train KL=0.0214  (74.7s)
  step   2400  ep 13/20  train KL=0.0213  (75.2s)
  step   2420  ep 13/20  train KL=0.0211  (75.8s)
  step   2440  ep 13/20  train KL=0.0210  (76.3s)
  step   2460  ep 13/20  train KL=0.0210  (76.9s)
  step   2480  ep 13/20  train KL=0.0210  (77.4s)
  step   2500  ep 13/20  train KL=0.0209  (78.0s)
  step   2520  ep 13/20  train KL=0.0209  (78.6s)
== ep 13: train KL=0.0209  (79.1s)
  step   2540  ep 14/20  train KL=0.0196  (79.6s)
  step   2560  ep 14/20  train KL=0.0192  (80.3s)
  step   2580  ep 14/20  train KL=0.0190  (80.9s)
  step   2600  ep 14/20  train KL=0.0190  (81.4s)
  step   2620  ep 14/20  train KL=0.0189  (82.0s)
  step   2640  ep 14/20  train KL=0.0189  (82.5s)
  step   2660  ep 14/20  train KL=0.0189  (83.1s)
  step   2680  ep 14/20  train KL=0.0189  (83.6s)
  step   2700  ep 14/20  train KL=0.0189  (84.2s)
  step   2720  ep 14/20  train KL=0.0189  (84.7s)
== ep 14: train KL=0.0189  (85.2s)
  step   2740  ep 15/20  train KL=0.0176  (85.9s)
  step   2760  ep 15/20  train KL=0.0175  (86.5s)
  step   2780  ep 15/20  train KL=0.0175  (87.1s)
  step   2800  ep 15/20  train KL=0.0176  (87.6s)
  step   2820  ep 15/20  train KL=0.0176  (88.2s)
  step   2840  ep 15/20  train KL=0.0177  (88.8s)
  step   2860  ep 15/20  train KL=0.0176  (89.3s)
  step   2880  ep 15/20  train KL=0.0176  (89.9s)
  step   2900  ep 15/20  train KL=0.0176  (90.4s)
  step   2920  ep 15/20  train KL=0.0176  (91.0s)
== ep 15: train KL=0.0176  (91.3s)
  step   2940  ep 16/20  train KL=0.0168  (92.2s)
  step   2960  ep 16/20  train KL=0.0169  (92.8s)
  step   2980  ep 16/20  train KL=0.0168  (93.4s)
  step   3000  ep 16/20  train KL=0.0169  (93.9s)
  step   3020  ep 16/20  train KL=0.0169  (94.5s)
  step   3040  ep 16/20  train KL=0.0169  (95.0s)
  step   3060  ep 16/20  train KL=0.0169  (95.6s)
  step   3080  ep 16/20  train KL=0.0169  (96.2s)
  step   3100  ep 16/20  train KL=0.0169  (96.7s)
  step   3120  ep 16/20  train KL=0.0169  (97.3s)
== ep 16: train KL=0.0169  (97.5s)
  step   3140  ep 17/20  train KL=0.0164  (98.5s)
  step   3160  ep 17/20  train KL=0.0165  (99.0s)
  step   3180  ep 17/20  train KL=0.0164  (99.6s)
  step   3200  ep 17/20  train KL=0.0165  (100.2s)
  step   3220  ep 17/20  train KL=0.0165  (100.7s)
  step   3240  ep 17/20  train KL=0.0165  (101.3s)
  step   3260  ep 17/20  train KL=0.0165  (101.9s)
  step   3280  ep 17/20  train KL=0.0165  (102.4s)
  step   3300  ep 17/20  train KL=0.0165  (102.9s)
== ep 17: train KL=0.0165  (103.6s)
  step   3320  ep 18/20  train KL=0.0164  (104.1s)
  step   3340  ep 18/20  train KL=0.0163  (104.8s)
  step   3360  ep 18/20  train KL=0.0163  (105.3s)
  step   3380  ep 18/20  train KL=0.0163  (105.9s)
  step   3400  ep 18/20  train KL=0.0162  (106.4s)
  step   3420  ep 18/20  train KL=0.0162  (107.0s)
  step   3440  ep 18/20  train KL=0.0162  (107.5s)
  step   3460  ep 18/20  train KL=0.0162  (108.1s)
  step   3480  ep 18/20  train KL=0.0163  (108.6s)
  step   3500  ep 18/20  train KL=0.0162  (109.2s)
== ep 18: train KL=0.0162  (109.7s)
  step   3520  ep 19/20  train KL=0.0159  (110.4s)
  step   3540  ep 19/20  train KL=0.0160  (111.0s)
  step   3560  ep 19/20  train KL=0.0161  (111.5s)
  step   3580  ep 19/20  train KL=0.0161  (112.1s)
  step   3600  ep 19/20  train KL=0.0161  (112.7s)
  step   3620  ep 19/20  train KL=0.0161  (113.2s)
  step   3640  ep 19/20  train KL=0.0161  (113.8s)
  step   3660  ep 19/20  train KL=0.0161  (114.3s)
  step   3680  ep 19/20  train KL=0.0161  (114.9s)
  step   3700  ep 19/20  train KL=0.0161  (115.4s)
== ep 19: train KL=0.0161  (115.8s)
  step   3720  ep 20/20  train KL=0.0160  (116.7s)
  step   3740  ep 20/20  train KL=0.0161  (117.3s)
  step   3760  ep 20/20  train KL=0.0160  (117.8s)
  step   3780  ep 20/20  train KL=0.0160  (118.4s)
  step   3800  ep 20/20  train KL=0.0160  (118.9s)
  step   3820  ep 20/20  train KL=0.0160  (119.5s)
  step   3840  ep 20/20  train KL=0.0160  (120.1s)
  step   3860  ep 20/20  train KL=0.0160  (120.6s)
  step   3880  ep 20/20  train KL=0.0160  (121.2s)
  step   3900  ep 20/20  train KL=0.0160  (121.7s)
== ep 20: train KL=0.0160  (121.9s)

Done. Total time: 121.9s
