Materializing 100000 rows from parquet...
  inputs:  (100000, 384) float32
  logits:  (100000, 32768) float16
  load time: 14.2s

Using all 100000 samples for training (capacity test).

Model: StackedLutUnembedder — 53.22M params
  LN(384)
  block 0: TinyMultiHeadLut(384→384, n_heads=1, tph=413, nap=8) + residual
  block 1: TinyMultiHeadLut(384→384, n_heads=1, tph=413, nap=8) + residual
  block 2: TinyMultiHeadLut(384→384, n_heads=1, tph=413, nap=8) + residual
  block 3: TinyMultiHeadLut(384→384, n_heads=1, tph=413, nap=8) + residual
  block 4: TinyMultiHeadLut(384→384, n_heads=1, tph=413, nap=8) + residual
  final: Linear(384, 32768, bias=True)
  init_std=0.1

Training: epochs=20 batch_size=512 lr=0.001 schedule=cosine warmup=0

  step     20  ep 1/20  train KL=3.1890  (1.3s)
  step     40  ep 1/20  train KL=2.4197  (1.9s)
  step     60  ep 1/20  train KL=2.0248  (2.4s)
  step     80  ep 1/20  train KL=1.7692  (3.0s)
  step    100  ep 1/20  train KL=1.5859  (3.6s)
  step    120  ep 1/20  train KL=1.4434  (4.1s)
  step    140  ep 1/20  train KL=1.3296  (4.7s)
  step    160  ep 1/20  train KL=1.2359  (5.2s)
  step    180  ep 1/20  train KL=1.1570  (5.8s)
== ep 1: train KL=1.1055  (6.4s)
  step    200  ep 2/20  train KL=0.4192  (7.0s)
  step    220  ep 2/20  train KL=0.4085  (7.6s)
  step    240  ep 2/20  train KL=0.3969  (8.1s)
  step    260  ep 2/20  train KL=0.3863  (8.7s)
  step    280  ep 2/20  train KL=0.3760  (9.3s)
  step    300  ep 2/20  train KL=0.3671  (9.8s)
  step    320  ep 2/20  train KL=0.3591  (10.4s)
  step    340  ep 2/20  train KL=0.3518  (10.9s)
  step    360  ep 2/20  train KL=0.3449  (11.5s)
  step    380  ep 2/20  train KL=0.3385  (12.0s)
== ep 2: train KL=0.3356  (12.5s)
  step    400  ep 3/20  train KL=0.2567  (13.1s)
  step    420  ep 3/20  train KL=0.2566  (13.9s)
  step    440  ep 3/20  train KL=0.2532  (14.4s)
  step    460  ep 3/20  train KL=0.2504  (15.0s)
  step    480  ep 3/20  train KL=0.2483  (15.5s)
  step    500  ep 3/20  train KL=0.2458  (16.1s)
  step    520  ep 3/20  train KL=0.2435  (16.7s)
  step    540  ep 3/20  train KL=0.2412  (17.2s)
  step    560  ep 3/20  train KL=0.2391  (17.8s)
  step    580  ep 3/20  train KL=0.2372  (18.4s)
== ep 3: train KL=0.2367  (18.7s)
  step    600  ep 4/20  train KL=0.2075  (19.6s)
  step    620  ep 4/20  train KL=0.2056  (20.1s)
  step    640  ep 4/20  train KL=0.2043  (20.7s)
  step    660  ep 4/20  train KL=0.2030  (21.3s)
  step    680  ep 4/20  train KL=0.2019  (21.8s)
  step    700  ep 4/20  train KL=0.2009  (22.4s)
  step    720  ep 4/20  train KL=0.1995  (23.0s)
  step    740  ep 4/20  train KL=0.1986  (23.6s)
  step    760  ep 4/20  train KL=0.1976  (24.1s)
  step    780  ep 4/20  train KL=0.1967  (24.7s)
== ep 4: train KL=0.1967  (24.9s)
  step    800  ep 5/20  train KL=0.1794  (25.9s)
  step    820  ep 5/20  train KL=0.1783  (26.5s)
  step    840  ep 5/20  train KL=0.1779  (27.1s)
  step    860  ep 5/20  train KL=0.1771  (27.6s)
  step    880  ep 5/20  train KL=0.1757  (28.2s)
  step    900  ep 5/20  train KL=0.1753  (28.8s)
  step    920  ep 5/20  train KL=0.1745  (29.3s)
  step    940  ep 5/20  train KL=0.1736  (29.9s)
  step    960  ep 5/20  train KL=0.1728  (30.4s)
== ep 5: train KL=0.1725  (31.0s)
  step    980  ep 6/20  train KL=0.1567  (31.5s)
  step   1000  ep 6/20  train KL=0.1614  (32.2s)
  step   1020  ep 6/20  train KL=0.1604  (32.8s)
  step   1040  ep 6/20  train KL=0.1591  (33.3s)
  step   1060  ep 6/20  train KL=0.1582  (33.9s)
  step   1080  ep 6/20  train KL=0.1581  (34.4s)
  step   1100  ep 6/20  train KL=0.1573  (35.0s)
  step   1120  ep 6/20  train KL=0.1567  (35.6s)
  step   1140  ep 6/20  train KL=0.1558  (36.1s)
  step   1160  ep 6/20  train KL=0.1554  (36.7s)
== ep 6: train KL=0.1552  (37.2s)
  step   1180  ep 7/20  train KL=0.1480  (37.8s)
  step   1200  ep 7/20  train KL=0.1474  (38.6s)
  step   1220  ep 7/20  train KL=0.1457  (39.2s)
  step   1240  ep 7/20  train KL=0.1448  (39.8s)
  step   1260  ep 7/20  train KL=0.1436  (40.4s)
  step   1280  ep 7/20  train KL=0.1424  (41.0s)
  step   1300  ep 7/20  train KL=0.1416  (41.6s)
  step   1320  ep 7/20  train KL=0.1409  (42.2s)
  step   1340  ep 7/20  train KL=0.1403  (42.9s)
  step   1360  ep 7/20  train KL=0.1397  (43.5s)
== ep 7: train KL=0.1396  (43.8s)
  step   1380  ep 8/20  train KL=0.1280  (44.7s)
  step   1400  ep 8/20  train KL=0.1291  (45.3s)
  step   1420  ep 8/20  train KL=0.1283  (45.9s)
  step   1440  ep 8/20  train KL=0.1281  (46.5s)
  step   1460  ep 8/20  train KL=0.1276  (47.0s)
  step   1480  ep 8/20  train KL=0.1269  (47.6s)
  step   1500  ep 8/20  train KL=0.1269  (48.2s)
  step   1520  ep 8/20  train KL=0.1264  (48.7s)
  step   1540  ep 8/20  train KL=0.1258  (49.3s)
  step   1560  ep 8/20  train KL=0.1255  (49.8s)
== ep 8: train KL=0.1255  (50.0s)
  step   1580  ep 9/20  train KL=0.1161  (51.1s)
  step   1600  ep 9/20  train KL=0.1174  (51.7s)
  step   1620  ep 9/20  train KL=0.1173  (52.3s)
  step   1640  ep 9/20  train KL=0.1167  (52.9s)
  step   1660  ep 9/20  train KL=0.1163  (53.4s)
  step   1680  ep 9/20  train KL=0.1157  (54.0s)
  step   1700  ep 9/20  train KL=0.1151  (54.6s)
  step   1720  ep 9/20  train KL=0.1144  (55.1s)
  step   1740  ep 9/20  train KL=0.1142  (55.7s)
== ep 9: train KL=0.1140  (56.3s)
  step   1760  ep 10/20  train KL=0.1039  (56.8s)
  step   1780  ep 10/20  train KL=0.1039  (57.5s)
  step   1800  ep 10/20  train KL=0.1044  (58.0s)
  step   1820  ep 10/20  train KL=0.1039  (58.6s)
  step   1840  ep 10/20  train KL=0.1037  (59.2s)
  step   1860  ep 10/20  train KL=0.1033  (59.7s)
  step   1880  ep 10/20  train KL=0.1035  (60.3s)
  step   1900  ep 10/20  train KL=0.1032  (60.8s)
  step   1920  ep 10/20  train KL=0.1028  (61.4s)
  step   1940  ep 10/20  train KL=0.1024  (61.9s)
== ep 10: train KL=0.1022  (62.4s)
  step   1960  ep 11/20  train KL=0.0954  (63.2s)
  step   1980  ep 11/20  train KL=0.0956  (63.8s)
  step   2000  ep 11/20  train KL=0.0950  (64.3s)
  step   2020  ep 11/20  train KL=0.0941  (64.9s)
  step   2040  ep 11/20  train KL=0.0939  (65.4s)
  step   2060  ep 11/20  train KL=0.0933  (66.0s)
  step   2080  ep 11/20  train KL=0.0931  (66.6s)
  step   2100  ep 11/20  train KL=0.0929  (67.1s)
  step   2120  ep 11/20  train KL=0.0926  (67.7s)
  step   2140  ep 11/20  train KL=0.0923  (68.2s)
== ep 11: train KL=0.0922  (68.6s)
  step   2160  ep 12/20  train KL=0.0832  (69.5s)
  step   2180  ep 12/20  train KL=0.0832  (70.0s)
  step   2200  ep 12/20  train KL=0.0829  (70.6s)
  step   2220  ep 12/20  train KL=0.0827  (71.2s)
  step   2240  ep 12/20  train KL=0.0828  (71.7s)
  step   2260  ep 12/20  train KL=0.0830  (72.3s)
  step   2280  ep 12/20  train KL=0.0829  (72.8s)
  step   2300  ep 12/20  train KL=0.0828  (73.4s)
  step   2320  ep 12/20  train KL=0.0826  (74.0s)
  step   2340  ep 12/20  train KL=0.0823  (74.6s)
== ep 12: train KL=0.0823  (74.8s)
  step   2360  ep 13/20  train KL=0.0757  (75.8s)
  step   2380  ep 13/20  train KL=0.0753  (76.4s)
  step   2400  ep 13/20  train KL=0.0750  (77.0s)
  step   2420  ep 13/20  train KL=0.0753  (77.6s)
  step   2440  ep 13/20  train KL=0.0751  (78.1s)
  step   2460  ep 13/20  train KL=0.0748  (78.7s)
  step   2480  ep 13/20  train KL=0.0747  (79.3s)
  step   2500  ep 13/20  train KL=0.0745  (79.8s)
  step   2520  ep 13/20  train KL=0.0744  (80.4s)
== ep 13: train KL=0.0742  (81.0s)
  step   2540  ep 14/20  train KL=0.0672  (81.5s)
  step   2560  ep 14/20  train KL=0.0665  (82.2s)
  step   2580  ep 14/20  train KL=0.0670  (82.8s)
  step   2600  ep 14/20  train KL=0.0673  (83.4s)
  step   2620  ep 14/20  train KL=0.0672  (84.0s)
  step   2640  ep 14/20  train KL=0.0672  (84.5s)
  step   2660  ep 14/20  train KL=0.0672  (85.1s)
  step   2680  ep 14/20  train KL=0.0671  (85.6s)
  step   2700  ep 14/20  train KL=0.0671  (86.2s)
  step   2720  ep 14/20  train KL=0.0670  (86.8s)
== ep 14: train KL=0.0669  (87.3s)
  step   2740  ep 15/20  train KL=0.0618  (88.0s)
  step   2760  ep 15/20  train KL=0.0616  (88.6s)
  step   2780  ep 15/20  train KL=0.0616  (89.2s)
  step   2800  ep 15/20  train KL=0.0618  (89.7s)
  step   2820  ep 15/20  train KL=0.0618  (90.3s)
  step   2840  ep 15/20  train KL=0.0617  (90.9s)
  step   2860  ep 15/20  train KL=0.0616  (91.4s)
  step   2880  ep 15/20  train KL=0.0615  (92.0s)
  step   2900  ep 15/20  train KL=0.0615  (92.5s)
  step   2920  ep 15/20  train KL=0.0614  (93.1s)
== ep 15: train KL=0.0615  (93.5s)
  step   2940  ep 16/20  train KL=0.0572  (94.4s)
  step   2960  ep 16/20  train KL=0.0569  (95.0s)
  step   2980  ep 16/20  train KL=0.0568  (95.5s)
  step   3000  ep 16/20  train KL=0.0568  (96.1s)
  step   3020  ep 16/20  train KL=0.0569  (96.7s)
  step   3040  ep 16/20  train KL=0.0570  (97.2s)
  step   3060  ep 16/20  train KL=0.0571  (97.8s)
  step   3080  ep 16/20  train KL=0.0571  (98.4s)
  step   3100  ep 16/20  train KL=0.0571  (98.9s)
  step   3120  ep 16/20  train KL=0.0571  (99.5s)
== ep 16: train KL=0.0571  (99.7s)
  step   3140  ep 17/20  train KL=0.0539  (100.7s)
  step   3160  ep 17/20  train KL=0.0540  (101.3s)
  step   3180  ep 17/20  train KL=0.0539  (101.9s)
  step   3200  ep 17/20  train KL=0.0541  (102.4s)
  step   3220  ep 17/20  train KL=0.0541  (103.0s)
  step   3240  ep 17/20  train KL=0.0540  (103.6s)
  step   3260  ep 17/20  train KL=0.0540  (104.1s)
  step   3280  ep 17/20  train KL=0.0540  (104.7s)
  step   3300  ep 17/20  train KL=0.0540  (105.3s)
== ep 17: train KL=0.0540  (105.9s)
  step   3320  ep 18/20  train KL=0.0517  (106.4s)
  step   3340  ep 18/20  train KL=0.0519  (107.1s)
  step   3360  ep 18/20  train KL=0.0516  (107.7s)
  step   3380  ep 18/20  train KL=0.0517  (108.3s)
  step   3400  ep 18/20  train KL=0.0517  (108.8s)
  step   3420  ep 18/20  train KL=0.0518  (109.4s)
  step   3440  ep 18/20  train KL=0.0518  (110.0s)
  step   3460  ep 18/20  train KL=0.0518  (110.5s)
  step   3480  ep 18/20  train KL=0.0517  (111.1s)
  step   3500  ep 18/20  train KL=0.0517  (111.7s)
== ep 18: train KL=0.0518  (112.1s)
  step   3520  ep 19/20  train KL=0.0498  (112.9s)
  step   3540  ep 19/20  train KL=0.0498  (113.5s)
  step   3560  ep 19/20  train KL=0.0500  (114.0s)
  step   3580  ep 19/20  train KL=0.0501  (114.6s)
  step   3600  ep 19/20  train KL=0.0501  (115.1s)
  step   3620  ep 19/20  train KL=0.0502  (115.7s)
  step   3640  ep 19/20  train KL=0.0502  (116.3s)
  step   3660  ep 19/20  train KL=0.0502  (116.8s)
  step   3680  ep 19/20  train KL=0.0503  (117.4s)
  step   3700  ep 19/20  train KL=0.0503  (117.9s)
== ep 19: train KL=0.0503  (118.3s)
  step   3720  ep 20/20  train KL=0.0495  (119.2s)
  step   3740  ep 20/20  train KL=0.0494  (119.8s)
  step   3760  ep 20/20  train KL=0.0496  (120.3s)
  step   3780  ep 20/20  train KL=0.0495  (120.9s)
  step   3800  ep 20/20  train KL=0.0494  (121.4s)
  step   3820  ep 20/20  train KL=0.0494  (122.0s)
  step   3840  ep 20/20  train KL=0.0494  (122.6s)
  step   3860  ep 20/20  train KL=0.0494  (123.1s)
  step   3880  ep 20/20  train KL=0.0494  (123.7s)
  step   3900  ep 20/20  train KL=0.0495  (124.2s)
== ep 20: train KL=0.0495  (124.4s)

Done. Total time: 124.4s
