Materializing 100000 rows from parquet...
  inputs:  (100000, 384) float32
  logits:  (100000, 32768) float16
  load time: 14.2s

Using all 100000 samples for training (capacity test).

Model: StackedLutUnembedder — 272.14M params
  LN(384)
  block 0: TinyMultiHeadLut(384→384, n_heads=1, tph=660, nap=10) + residual
  final: Linear(384, 32768, bias=True)
  init_std=0.1

Training: epochs=20 batch_size=512 lr=0.0001 schedule=constant warmup=0

  step     20  ep 1/20  train KL=4.6243  (1.4s)
  step     40  ep 1/20  train KL=3.8740  (1.9s)
  step     60  ep 1/20  train KL=3.2315  (2.5s)
  step     80  ep 1/20  train KL=2.7893  (3.0s)
  step    100  ep 1/20  train KL=2.4780  (3.6s)
  step    120  ep 1/20  train KL=2.2440  (4.1s)
  step    140  ep 1/20  train KL=2.0619  (4.7s)
  step    160  ep 1/20  train KL=1.9149  (5.2s)
  step    180  ep 1/20  train KL=1.7925  (5.8s)
== ep 1: train KL=1.7137  (6.4s)
  step    200  ep 2/20  train KL=0.6863  (6.9s)
  step    220  ep 2/20  train KL=0.6738  (7.6s)
  step    240  ep 2/20  train KL=0.6582  (8.1s)
  step    260  ep 2/20  train KL=0.6422  (8.7s)
  step    280  ep 2/20  train KL=0.6266  (9.2s)
  step    300  ep 2/20  train KL=0.6128  (9.8s)
  step    320  ep 2/20  train KL=0.6002  (10.4s)
  step    340  ep 2/20  train KL=0.5889  (10.9s)
  step    360  ep 2/20  train KL=0.5783  (11.5s)
  step    380  ep 2/20  train KL=0.5682  (12.0s)
== ep 2: train KL=0.5632  (12.5s)
  step    400  ep 3/20  train KL=0.4267  (13.3s)
  step    420  ep 3/20  train KL=0.4215  (13.8s)
  step    440  ep 3/20  train KL=0.4155  (14.4s)
  step    460  ep 3/20  train KL=0.4104  (15.0s)
  step    480  ep 3/20  train KL=0.4053  (15.5s)
  step    500  ep 3/20  train KL=0.4007  (16.1s)
  step    520  ep 3/20  train KL=0.3959  (16.6s)
  step    540  ep 3/20  train KL=0.3916  (17.2s)
  step    560  ep 3/20  train KL=0.3874  (17.8s)
  step    580  ep 3/20  train KL=0.3836  (18.3s)
== ep 3: train KL=0.3827  (18.7s)
  step    600  ep 4/20  train KL=0.3161  (19.4s)
  step    620  ep 4/20  train KL=0.3149  (20.2s)
  step    640  ep 4/20  train KL=0.3113  (20.7s)
  step    660  ep 4/20  train KL=0.3085  (21.3s)
  step    680  ep 4/20  train KL=0.3061  (21.8s)
  step    700  ep 4/20  train KL=0.3032  (22.4s)
  step    720  ep 4/20  train KL=0.3005  (22.9s)
  step    740  ep 4/20  train KL=0.2978  (23.5s)
  step    760  ep 4/20  train KL=0.2955  (24.1s)
  step    780  ep 4/20  train KL=0.2932  (24.6s)
== ep 4: train KL=0.2932  (24.8s)
  step    800  ep 5/20  train KL=0.2547  (25.9s)
  step    820  ep 5/20  train KL=0.2502  (26.4s)
  step    840  ep 5/20  train KL=0.2487  (27.0s)
  step    860  ep 5/20  train KL=0.2467  (27.6s)
  step    880  ep 5/20  train KL=0.2449  (28.1s)
  step    900  ep 5/20  train KL=0.2435  (28.7s)
  step    920  ep 5/20  train KL=0.2420  (29.3s)
  step    940  ep 5/20  train KL=0.2405  (29.8s)
  step    960  ep 5/20  train KL=0.2389  (30.4s)
== ep 5: train KL=0.2379  (31.0s)
  step    980  ep 6/20  train KL=0.2095  (31.5s)
  step   1000  ep 6/20  train KL=0.2095  (32.2s)
  step   1020  ep 6/20  train KL=0.2079  (32.8s)
  step   1040  ep 6/20  train KL=0.2067  (33.3s)
  step   1060  ep 6/20  train KL=0.2056  (33.9s)
  step   1080  ep 6/20  train KL=0.2045  (34.4s)
  step   1100  ep 6/20  train KL=0.2036  (35.0s)
  step   1120  ep 6/20  train KL=0.2026  (35.6s)
  step   1140  ep 6/20  train KL=0.2015  (36.1s)
  step   1160  ep 6/20  train KL=0.2005  (36.7s)
== ep 6: train KL=0.1999  (37.2s)
  step   1180  ep 7/20  train KL=0.1776  (37.9s)
  step   1200  ep 7/20  train KL=0.1779  (38.5s)
  step   1220  ep 7/20  train KL=0.1771  (39.1s)
  step   1240  ep 7/20  train KL=0.1764  (39.6s)
  step   1260  ep 7/20  train KL=0.1754  (40.2s)
  step   1280  ep 7/20  train KL=0.1746  (40.8s)
  step   1300  ep 7/20  train KL=0.1739  (41.3s)
  step   1320  ep 7/20  train KL=0.1733  (41.9s)
  step   1340  ep 7/20  train KL=0.1727  (42.5s)
  step   1360  ep 7/20  train KL=0.1719  (43.1s)
== ep 7: train KL=0.1717  (43.4s)
  step   1380  ep 8/20  train KL=0.1549  (44.3s)
  step   1400  ep 8/20  train KL=0.1549  (44.9s)
  step   1420  ep 8/20  train KL=0.1541  (45.4s)
  step   1440  ep 8/20  train KL=0.1534  (46.0s)
  step   1460  ep 8/20  train KL=0.1528  (46.6s)
  step   1480  ep 8/20  train KL=0.1522  (47.2s)
  step   1500  ep 8/20  train KL=0.1516  (47.7s)
  step   1520  ep 8/20  train KL=0.1509  (48.3s)
  step   1540  ep 8/20  train KL=0.1502  (48.9s)
  step   1560  ep 8/20  train KL=0.1496  (49.5s)
== ep 8: train KL=0.1496  (49.7s)
  step   1580  ep 9/20  train KL=0.1358  (50.7s)
  step   1600  ep 9/20  train KL=0.1352  (51.3s)
  step   1620  ep 9/20  train KL=0.1349  (51.9s)
  step   1640  ep 9/20  train KL=0.1345  (52.5s)
  step   1660  ep 9/20  train KL=0.1341  (53.0s)
  step   1680  ep 9/20  train KL=0.1337  (53.6s)
  step   1700  ep 9/20  train KL=0.1333  (54.2s)
  step   1720  ep 9/20  train KL=0.1327  (54.8s)
  step   1740  ep 9/20  train KL=0.1323  (55.3s)
== ep 9: train KL=0.1320  (55.9s)
  step   1760  ep 10/20  train KL=0.1221  (56.5s)
  step   1780  ep 10/20  train KL=0.1205  (57.2s)
  step   1800  ep 10/20  train KL=0.1203  (57.8s)
  step   1820  ep 10/20  train KL=0.1198  (58.3s)
  step   1840  ep 10/20  train KL=0.1193  (58.9s)
  step   1860  ep 10/20  train KL=0.1191  (59.5s)
  step   1880  ep 10/20  train KL=0.1188  (60.1s)
  step   1900  ep 10/20  train KL=0.1184  (60.7s)
  step   1920  ep 10/20  train KL=0.1181  (61.2s)
  step   1940  ep 10/20  train KL=0.1177  (61.8s)
== ep 10: train KL=0.1175  (62.2s)
  step   1960  ep 11/20  train KL=0.1077  (63.0s)
  step   1980  ep 11/20  train KL=0.1081  (63.6s)
  step   2000  ep 11/20  train KL=0.1076  (64.2s)
  step   2020  ep 11/20  train KL=0.1071  (64.7s)
  step   2040  ep 11/20  train KL=0.1069  (65.3s)
  step   2060  ep 11/20  train KL=0.1066  (65.9s)
  step   2080  ep 11/20  train KL=0.1064  (66.5s)
  step   2100  ep 11/20  train KL=0.1061  (67.0s)
  step   2120  ep 11/20  train KL=0.1059  (67.6s)
  step   2140  ep 11/20  train KL=0.1056  (68.1s)
== ep 11: train KL=0.1055  (68.5s)
  step   2160  ep 12/20  train KL=0.0975  (69.4s)
  step   2180  ep 12/20  train KL=0.0974  (69.9s)
  step   2200  ep 12/20  train KL=0.0972  (70.5s)
  step   2220  ep 12/20  train KL=0.0969  (71.1s)
  step   2240  ep 12/20  train KL=0.0967  (71.7s)
  step   2260  ep 12/20  train KL=0.0964  (72.2s)
  step   2280  ep 12/20  train KL=0.0962  (72.8s)
  step   2300  ep 12/20  train KL=0.0960  (73.3s)
  step   2320  ep 12/20  train KL=0.0957  (73.9s)
  step   2340  ep 12/20  train KL=0.0954  (74.4s)
== ep 12: train KL=0.0954  (74.6s)
  step   2360  ep 13/20  train KL=0.0885  (75.7s)
  step   2380  ep 13/20  train KL=0.0881  (76.3s)
  step   2400  ep 13/20  train KL=0.0881  (76.8s)
  step   2420  ep 13/20  train KL=0.0880  (77.4s)
  step   2440  ep 13/20  train KL=0.0879  (78.0s)
  step   2460  ep 13/20  train KL=0.0876  (78.6s)
  step   2480  ep 13/20  train KL=0.0874  (79.1s)
  step   2500  ep 13/20  train KL=0.0871  (79.7s)
  step   2520  ep 13/20  train KL=0.0870  (80.2s)
== ep 13: train KL=0.0868  (80.9s)
  step   2540  ep 14/20  train KL=0.0810  (81.4s)
  step   2560  ep 14/20  train KL=0.0802  (82.1s)
  step   2580  ep 14/20  train KL=0.0801  (82.6s)
  step   2600  ep 14/20  train KL=0.0802  (83.2s)
  step   2620  ep 14/20  train KL=0.0800  (83.8s)
  step   2640  ep 14/20  train KL=0.0800  (84.3s)
  step   2660  ep 14/20  train KL=0.0799  (84.9s)
  step   2680  ep 14/20  train KL=0.0798  (85.5s)
  step   2700  ep 14/20  train KL=0.0796  (86.0s)
  step   2720  ep 14/20  train KL=0.0795  (86.6s)
== ep 14: train KL=0.0795  (87.1s)
  step   2740  ep 15/20  train KL=0.0740  (87.8s)
  step   2760  ep 15/20  train KL=0.0743  (88.4s)
  step   2780  ep 15/20  train KL=0.0739  (89.0s)
  step   2800  ep 15/20  train KL=0.0739  (89.6s)
  step   2820  ep 15/20  train KL=0.0738  (90.1s)
  step   2840  ep 15/20  train KL=0.0737  (90.7s)
  step   2860  ep 15/20  train KL=0.0737  (91.3s)
  step   2880  ep 15/20  train KL=0.0735  (91.9s)
  step   2900  ep 15/20  train KL=0.0734  (92.4s)
  step   2920  ep 15/20  train KL=0.0732  (93.0s)
== ep 15: train KL=0.0732  (93.3s)
  step   2940  ep 16/20  train KL=0.0686  (94.2s)
  step   2960  ep 16/20  train KL=0.0683  (94.8s)
  step   2980  ep 16/20  train KL=0.0680  (95.3s)
  step   3000  ep 16/20  train KL=0.0679  (95.9s)
  step   3020  ep 16/20  train KL=0.0680  (96.5s)
  step   3040  ep 16/20  train KL=0.0679  (97.0s)
  step   3060  ep 16/20  train KL=0.0678  (97.6s)
  step   3080  ep 16/20  train KL=0.0677  (98.2s)
  step   3100  ep 16/20  train KL=0.0677  (98.8s)
  step   3120  ep 16/20  train KL=0.0676  (99.3s)
== ep 16: train KL=0.0676  (99.5s)
  step   3140  ep 17/20  train KL=0.0630  (100.6s)
  step   3160  ep 17/20  train KL=0.0632  (101.2s)
  step   3180  ep 17/20  train KL=0.0634  (101.7s)
  step   3200  ep 17/20  train KL=0.0633  (102.3s)
  step   3220  ep 17/20  train KL=0.0632  (102.8s)
  step   3240  ep 17/20  train KL=0.0630  (103.4s)
  step   3260  ep 17/20  train KL=0.0629  (103.9s)
  step   3280  ep 17/20  train KL=0.0628  (104.5s)
  step   3300  ep 17/20  train KL=0.0628  (105.1s)
== ep 17: train KL=0.0627  (105.7s)
  step   3320  ep 18/20  train KL=0.0589  (106.2s)
  step   3340  ep 18/20  train KL=0.0594  (106.9s)
  step   3360  ep 18/20  train KL=0.0589  (107.5s)
  step   3380  ep 18/20  train KL=0.0588  (108.1s)
  step   3400  ep 18/20  train KL=0.0587  (108.6s)
  step   3420  ep 18/20  train KL=0.0587  (109.2s)
  step   3440  ep 18/20  train KL=0.0586  (109.8s)
  step   3460  ep 18/20  train KL=0.0586  (110.3s)
  step   3480  ep 18/20  train KL=0.0584  (110.9s)
  step   3500  ep 18/20  train KL=0.0584  (111.5s)
== ep 18: train KL=0.0583  (111.9s)
  step   3520  ep 19/20  train KL=0.0548  (112.7s)
  step   3540  ep 19/20  train KL=0.0547  (113.3s)
  step   3560  ep 19/20  train KL=0.0546  (113.8s)
  step   3580  ep 19/20  train KL=0.0546  (114.4s)
  step   3600  ep 19/20  train KL=0.0546  (114.9s)
  step   3620  ep 19/20  train KL=0.0546  (115.5s)
  step   3640  ep 19/20  train KL=0.0546  (116.1s)
  step   3660  ep 19/20  train KL=0.0545  (116.6s)
  step   3680  ep 19/20  train KL=0.0545  (117.2s)
  step   3700  ep 19/20  train KL=0.0545  (117.8s)
== ep 19: train KL=0.0545  (118.1s)
  step   3720  ep 20/20  train KL=0.0514  (119.1s)
  step   3740  ep 20/20  train KL=0.0514  (119.6s)
  step   3760  ep 20/20  train KL=0.0516  (120.2s)
  step   3780  ep 20/20  train KL=0.0515  (120.8s)
  step   3800  ep 20/20  train KL=0.0514  (121.3s)
  step   3820  ep 20/20  train KL=0.0513  (121.9s)
  step   3840  ep 20/20  train KL=0.0512  (122.5s)
  step   3860  ep 20/20  train KL=0.0512  (123.0s)
  step   3880  ep 20/20  train KL=0.0512  (123.6s)
  step   3900  ep 20/20  train KL=0.0512  (124.2s)
== ep 20: train KL=0.0512  (124.4s)

Done. Total time: 124.4s
