Materializing 100000 rows from parquet...
  inputs:  (100000, 384) float32
  logits:  (100000, 32768) float16
  load time: 13.9s

Using all 100000 samples for training (capacity test).

Model: StackedLutUnembedder — 67.14M params
  LN(384)
  block 0: TinyMultiHeadLut(384→384, n_heads=1, tph=8192, nap=8) + residual
  final: Linear(384, 32768, bias=True)
  init_std=0.1

Training: epochs=20 batch_size=512 lr=0.001 schedule=cosine warmup=0

  step     20  ep 1/20  train KL=2.4104  (1.4s)
  step     40  ep 1/20  train KL=1.5721  (1.9s)
  step     60  ep 1/20  train KL=1.1933  (2.5s)
  step     80  ep 1/20  train KL=0.9731  (3.0s)
  step    100  ep 1/20  train KL=0.8283  (3.6s)
  step    120  ep 1/20  train KL=0.7246  (4.1s)
  step    140  ep 1/20  train KL=0.6470  (4.7s)
  step    160  ep 1/20  train KL=0.5868  (5.2s)
  step    180  ep 1/20  train KL=0.5382  (5.8s)
== ep 1: train KL=0.5076  (6.4s)
  step    200  ep 2/20  train KL=0.1132  (6.8s)
  step    220  ep 2/20  train KL=0.1092  (7.5s)
  step    240  ep 2/20  train KL=0.1061  (8.1s)
  step    260  ep 2/20  train KL=0.1040  (8.6s)
  step    280  ep 2/20  train KL=0.1018  (9.2s)
  step    300  ep 2/20  train KL=0.1002  (9.7s)
  step    320  ep 2/20  train KL=0.0986  (10.3s)
  step    340  ep 2/20  train KL=0.0972  (10.9s)
  step    360  ep 2/20  train KL=0.0959  (11.4s)
  step    380  ep 2/20  train KL=0.0947  (12.0s)
== ep 2: train KL=0.0941  (12.4s)
  step    400  ep 3/20  train KL=0.0712  (13.2s)
  step    420  ep 3/20  train KL=0.0713  (13.8s)
  step    440  ep 3/20  train KL=0.0715  (14.3s)
  step    460  ep 3/20  train KL=0.0715  (14.9s)
  step    480  ep 3/20  train KL=0.0709  (15.4s)
  step    500  ep 3/20  train KL=0.0705  (16.0s)
  step    520  ep 3/20  train KL=0.0701  (16.5s)
  step    540  ep 3/20  train KL=0.0697  (17.0s)
  step    560  ep 3/20  train KL=0.0695  (17.6s)
  step    580  ep 3/20  train KL=0.0691  (18.1s)
== ep 3: train KL=0.0690  (18.4s)
  step    600  ep 4/20  train KL=0.0606  (19.2s)
  step    620  ep 4/20  train KL=0.0610  (19.9s)
  step    640  ep 4/20  train KL=0.0602  (20.5s)
  step    660  ep 4/20  train KL=0.0602  (21.0s)
  step    680  ep 4/20  train KL=0.0599  (21.6s)
  step    700  ep 4/20  train KL=0.0597  (22.2s)
  step    720  ep 4/20  train KL=0.0593  (22.7s)
  step    740  ep 4/20  train KL=0.0591  (23.3s)
  step    760  ep 4/20  train KL=0.0591  (23.8s)
  step    780  ep 4/20  train KL=0.0589  (24.4s)
== ep 4: train KL=0.0589  (24.6s)
  step    800  ep 5/20  train KL=0.0526  (25.7s)
  step    820  ep 5/20  train KL=0.0519  (26.2s)
  step    840  ep 5/20  train KL=0.0523  (26.8s)
  step    860  ep 5/20  train KL=0.0520  (27.3s)
  step    880  ep 5/20  train KL=0.0518  (27.9s)
  step    900  ep 5/20  train KL=0.0518  (28.5s)
  step    920  ep 5/20  train KL=0.0516  (29.0s)
  step    940  ep 5/20  train KL=0.0517  (29.6s)
  step    960  ep 5/20  train KL=0.0515  (30.1s)
== ep 5: train KL=0.0513  (30.8s)
  step    980  ep 6/20  train KL=0.0464  (31.3s)
  step   1000  ep 6/20  train KL=0.0472  (31.9s)
  step   1020  ep 6/20  train KL=0.0471  (32.5s)
  step   1040  ep 6/20  train KL=0.0469  (33.0s)
  step   1060  ep 6/20  train KL=0.0467  (33.6s)
  step   1080  ep 6/20  train KL=0.0463  (34.2s)
  step   1100  ep 6/20  train KL=0.0463  (34.7s)
  step   1120  ep 6/20  train KL=0.0463  (35.3s)
  step   1140  ep 6/20  train KL=0.0461  (35.8s)
  step   1160  ep 6/20  train KL=0.0460  (36.4s)
== ep 6: train KL=0.0459  (36.9s)
  step   1180  ep 7/20  train KL=0.0417  (37.7s)
  step   1200  ep 7/20  train KL=0.0423  (38.2s)
  step   1220  ep 7/20  train KL=0.0419  (38.8s)
  step   1240  ep 7/20  train KL=0.0414  (39.3s)
  step   1260  ep 7/20  train KL=0.0416  (39.9s)
  step   1280  ep 7/20  train KL=0.0413  (40.4s)
  step   1300  ep 7/20  train KL=0.0413  (41.0s)
  step   1320  ep 7/20  train KL=0.0411  (41.5s)
  step   1340  ep 7/20  train KL=0.0410  (42.1s)
  step   1360  ep 7/20  train KL=0.0409  (42.6s)
== ep 7: train KL=0.0408  (43.0s)
  step   1380  ep 8/20  train KL=0.0377  (43.9s)
  step   1400  ep 8/20  train KL=0.0375  (44.5s)
  step   1420  ep 8/20  train KL=0.0370  (45.0s)
  step   1440  ep 8/20  train KL=0.0367  (45.6s)
  step   1460  ep 8/20  train KL=0.0366  (46.1s)
  step   1480  ep 8/20  train KL=0.0365  (46.7s)
  step   1500  ep 8/20  train KL=0.0363  (47.2s)
  step   1520  ep 8/20  train KL=0.0363  (47.8s)
  step   1540  ep 8/20  train KL=0.0362  (48.4s)
  step   1560  ep 8/20  train KL=0.0360  (48.9s)
== ep 8: train KL=0.0360  (49.1s)
  step   1580  ep 9/20  train KL=0.0329  (50.2s)
  step   1600  ep 9/20  train KL=0.0325  (50.8s)
  step   1620  ep 9/20  train KL=0.0323  (51.3s)
  step   1640  ep 9/20  train KL=0.0323  (51.9s)
  step   1660  ep 9/20  train KL=0.0322  (52.4s)
  step   1680  ep 9/20  train KL=0.0320  (53.0s)
  step   1700  ep 9/20  train KL=0.0320  (53.5s)
  step   1720  ep 9/20  train KL=0.0319  (54.1s)
  step   1740  ep 9/20  train KL=0.0318  (54.7s)
== ep 9: train KL=0.0318  (55.3s)
  step   1760  ep 10/20  train KL=0.0286  (55.8s)
  step   1780  ep 10/20  train KL=0.0286  (56.5s)
  step   1800  ep 10/20  train KL=0.0285  (57.1s)
  step   1820  ep 10/20  train KL=0.0284  (57.6s)
  step   1840  ep 10/20  train KL=0.0284  (58.2s)
  step   1860  ep 10/20  train KL=0.0284  (58.8s)
  step   1880  ep 10/20  train KL=0.0283  (59.3s)
  step   1900  ep 10/20  train KL=0.0282  (59.9s)
  step   1920  ep 10/20  train KL=0.0281  (60.4s)
  step   1940  ep 10/20  train KL=0.0281  (61.0s)
== ep 10: train KL=0.0281  (61.4s)
  step   1960  ep 11/20  train KL=0.0257  (62.2s)
  step   1980  ep 11/20  train KL=0.0250  (62.8s)
  step   2000  ep 11/20  train KL=0.0252  (63.3s)
  step   2020  ep 11/20  train KL=0.0252  (63.9s)
  step   2040  ep 11/20  train KL=0.0252  (64.4s)
  step   2060  ep 11/20  train KL=0.0251  (65.0s)
  step   2080  ep 11/20  train KL=0.0250  (65.6s)
  step   2100  ep 11/20  train KL=0.0250  (66.1s)
  step   2120  ep 11/20  train KL=0.0250  (66.6s)
  step   2140  ep 11/20  train KL=0.0250  (67.2s)
== ep 11: train KL=0.0250  (67.5s)
  step   2160  ep 12/20  train KL=0.0228  (68.5s)
  step   2180  ep 12/20  train KL=0.0226  (69.0s)
  step   2200  ep 12/20  train KL=0.0226  (69.6s)
  step   2220  ep 12/20  train KL=0.0226  (70.1s)
  step   2240  ep 12/20  train KL=0.0226  (70.7s)
  step   2260  ep 12/20  train KL=0.0225  (71.2s)
  step   2280  ep 12/20  train KL=0.0225  (71.8s)
  step   2300  ep 12/20  train KL=0.0226  (72.3s)
  step   2320  ep 12/20  train KL=0.0225  (72.9s)
  step   2340  ep 12/20  train KL=0.0226  (73.4s)
== ep 12: train KL=0.0226  (73.6s)
  step   2360  ep 13/20  train KL=0.0209  (74.7s)
  step   2380  ep 13/20  train KL=0.0208  (75.2s)
  step   2400  ep 13/20  train KL=0.0207  (75.8s)
  step   2420  ep 13/20  train KL=0.0207  (76.4s)
  step   2440  ep 13/20  train KL=0.0207  (76.9s)
  step   2460  ep 13/20  train KL=0.0208  (77.5s)
  step   2480  ep 13/20  train KL=0.0208  (78.1s)
  step   2500  ep 13/20  train KL=0.0208  (78.6s)
  step   2520  ep 13/20  train KL=0.0208  (79.2s)
== ep 13: train KL=0.0208  (79.8s)
  step   2540  ep 14/20  train KL=0.0197  (80.3s)
  step   2560  ep 14/20  train KL=0.0196  (81.0s)
  step   2580  ep 14/20  train KL=0.0196  (81.6s)
  step   2600  ep 14/20  train KL=0.0196  (82.1s)
  step   2620  ep 14/20  train KL=0.0196  (82.7s)
  step   2640  ep 14/20  train KL=0.0196  (83.2s)
  step   2660  ep 14/20  train KL=0.0196  (83.8s)
  step   2680  ep 14/20  train KL=0.0197  (84.3s)
  step   2700  ep 14/20  train KL=0.0197  (84.9s)
  step   2720  ep 14/20  train KL=0.0197  (85.5s)
== ep 14: train KL=0.0197  (85.9s)
  step   2740  ep 15/20  train KL=0.0188  (86.7s)
  step   2760  ep 15/20  train KL=0.0188  (87.3s)
  step   2780  ep 15/20  train KL=0.0187  (87.8s)
  step   2800  ep 15/20  train KL=0.0187  (88.4s)
  step   2820  ep 15/20  train KL=0.0188  (89.0s)
  step   2840  ep 15/20  train KL=0.0188  (89.5s)
  step   2860  ep 15/20  train KL=0.0188  (90.1s)
  step   2880  ep 15/20  train KL=0.0189  (90.6s)
  step   2900  ep 15/20  train KL=0.0189  (91.2s)
  step   2920  ep 15/20  train KL=0.0189  (91.8s)
== ep 15: train KL=0.0189  (92.1s)
  step   2940  ep 16/20  train KL=0.0183  (93.1s)
  step   2960  ep 16/20  train KL=0.0184  (93.6s)
  step   2980  ep 16/20  train KL=0.0183  (94.2s)
  step   3000  ep 16/20  train KL=0.0183  (94.8s)
  step   3020  ep 16/20  train KL=0.0183  (95.3s)
  step   3040  ep 16/20  train KL=0.0183  (95.9s)
  step   3060  ep 16/20  train KL=0.0183  (96.4s)
  step   3080  ep 16/20  train KL=0.0183  (97.0s)
  step   3100  ep 16/20  train KL=0.0184  (97.6s)
  step   3120  ep 16/20  train KL=0.0184  (98.1s)
== ep 16: train KL=0.0184  (98.3s)
  step   3140  ep 17/20  train KL=0.0178  (99.4s)
  step   3160  ep 17/20  train KL=0.0180  (99.9s)
  step   3180  ep 17/20  train KL=0.0179  (100.5s)
  step   3200  ep 17/20  train KL=0.0180  (101.0s)
  step   3220  ep 17/20  train KL=0.0180  (101.6s)
  step   3240  ep 17/20  train KL=0.0180  (102.2s)
  step   3260  ep 17/20  train KL=0.0180  (102.7s)
  step   3280  ep 17/20  train KL=0.0180  (103.3s)
  step   3300  ep 17/20  train KL=0.0180  (103.9s)
== ep 17: train KL=0.0180  (104.5s)
  step   3320  ep 18/20  train KL=0.0176  (105.0s)
  step   3340  ep 18/20  train KL=0.0178  (105.7s)
  step   3360  ep 18/20  train KL=0.0178  (106.2s)
  step   3380  ep 18/20  train KL=0.0178  (106.8s)
  step   3400  ep 18/20  train KL=0.0178  (107.3s)
  step   3420  ep 18/20  train KL=0.0178  (107.9s)
  step   3440  ep 18/20  train KL=0.0178  (108.4s)
  step   3460  ep 18/20  train KL=0.0178  (109.0s)
  step   3480  ep 18/20  train KL=0.0178  (109.5s)
  step   3500  ep 18/20  train KL=0.0178  (110.0s)
== ep 18: train KL=0.0178  (110.5s)
  step   3520  ep 19/20  train KL=0.0178  (111.3s)
  step   3540  ep 19/20  train KL=0.0176  (111.8s)
  step   3560  ep 19/20  train KL=0.0176  (112.4s)
  step   3580  ep 19/20  train KL=0.0176  (112.9s)
  step   3600  ep 19/20  train KL=0.0176  (113.4s)
  step   3620  ep 19/20  train KL=0.0176  (114.0s)
  step   3640  ep 19/20  train KL=0.0177  (114.5s)
  step   3660  ep 19/20  train KL=0.0177  (115.1s)
  step   3680  ep 19/20  train KL=0.0177  (115.7s)
  step   3700  ep 19/20  train KL=0.0177  (116.2s)
== ep 19: train KL=0.0177  (116.5s)
  step   3720  ep 20/20  train KL=0.0177  (117.4s)
  step   3740  ep 20/20  train KL=0.0177  (118.0s)
  step   3760  ep 20/20  train KL=0.0176  (118.5s)
  step   3780  ep 20/20  train KL=0.0176  (119.1s)
  step   3800  ep 20/20  train KL=0.0176  (119.6s)
  step   3820  ep 20/20  train KL=0.0176  (120.2s)
  step   3840  ep 20/20  train KL=0.0176  (120.7s)
  step   3860  ep 20/20  train KL=0.0176  (121.3s)
  step   3880  ep 20/20  train KL=0.0176  (121.9s)
  step   3900  ep 20/20  train KL=0.0176  (122.4s)
== ep 20: train KL=0.0176  (122.6s)

Done. Total time: 122.6s
