Materializing 100000 rows from parquet...
  inputs:  (100000, 384) float32
  logits:  (100000, 32768) float16
  load time: 14.7s

Using all 100000 samples for training (capacity test).

Model: StackedLutUnembedder — 53.17M params
  LN(384)
  block 0: TinyMultiHeadLut(384→384, n_heads=1, tph=550, nap=6) + residual
  block 1: TinyMultiHeadLut(384→384, n_heads=1, tph=550, nap=6) + residual
  block 2: TinyMultiHeadLut(384→384, n_heads=1, tph=550, nap=6) + residual
  final: Linear(384, 32768, bias=True)
  init_std=0.1

Training: epochs=20 batch_size=512 lr=0.001 schedule=cosine warmup=0

  step     20  ep 1/20  train KL=2.4359  (1.4s)
  step     40  ep 1/20  train KL=1.7600  (2.0s)
  step     60  ep 1/20  train KL=1.4421  (2.6s)
  step     80  ep 1/20  train KL=1.2456  (3.2s)
  step    100  ep 1/20  train KL=1.1095  (3.8s)
  step    120  ep 1/20  train KL=1.0068  (4.4s)
  step    140  ep 1/20  train KL=0.9261  (5.0s)
  step    160  ep 1/20  train KL=0.8603  (5.6s)
  step    180  ep 1/20  train KL=0.8046  (6.2s)
== ep 1: train KL=0.7686  (6.8s)
  step    200  ep 2/20  train KL=0.2980  (7.5s)
  step    220  ep 2/20  train KL=0.2841  (8.1s)
  step    240  ep 2/20  train KL=0.2766  (8.7s)
  step    260  ep 2/20  train KL=0.2677  (9.3s)
  step    280  ep 2/20  train KL=0.2592  (9.9s)
  step    300  ep 2/20  train KL=0.2525  (10.5s)
  step    320  ep 2/20  train KL=0.2463  (11.1s)
  step    340  ep 2/20  train KL=0.2407  (11.7s)
  step    360  ep 2/20  train KL=0.2355  (12.3s)
  step    380  ep 2/20  train KL=0.2309  (12.9s)
== ep 2: train KL=0.2286  (13.4s)
  step    400  ep 3/20  train KL=0.1777  (14.2s)
  step    420  ep 3/20  train KL=0.1754  (14.8s)
  step    440  ep 3/20  train KL=0.1738  (15.4s)
  step    460  ep 3/20  train KL=0.1721  (16.0s)
  step    480  ep 3/20  train KL=0.1695  (16.6s)
  step    500  ep 3/20  train KL=0.1675  (17.2s)
  step    520  ep 3/20  train KL=0.1653  (17.8s)
  step    540  ep 3/20  train KL=0.1636  (18.4s)
  step    560  ep 3/20  train KL=0.1617  (19.0s)
  step    580  ep 3/20  train KL=0.1601  (19.6s)
== ep 3: train KL=0.1597  (20.0s)
  step    600  ep 4/20  train KL=0.1359  (21.0s)
  step    620  ep 4/20  train KL=0.1365  (21.5s)
  step    640  ep 4/20  train KL=0.1354  (22.1s)
  step    660  ep 4/20  train KL=0.1338  (22.8s)
  step    680  ep 4/20  train KL=0.1323  (23.3s)
  step    700  ep 4/20  train KL=0.1309  (23.9s)
  step    720  ep 4/20  train KL=0.1296  (24.5s)
  step    740  ep 4/20  train KL=0.1287  (25.1s)
  step    760  ep 4/20  train KL=0.1276  (25.7s)
  step    780  ep 4/20  train KL=0.1268  (26.3s)
== ep 4: train KL=0.1268  (26.5s)
  step    800  ep 5/20  train KL=0.1152  (27.6s)
  step    820  ep 5/20  train KL=0.1143  (28.2s)
  step    840  ep 5/20  train KL=0.1143  (28.8s)
  step    860  ep 5/20  train KL=0.1135  (29.4s)
  step    880  ep 5/20  train KL=0.1122  (30.0s)
  step    900  ep 5/20  train KL=0.1115  (30.7s)
  step    920  ep 5/20  train KL=0.1107  (31.3s)
  step    940  ep 5/20  train KL=0.1098  (31.9s)
  step    960  ep 5/20  train KL=0.1089  (32.5s)
== ep 5: train KL=0.1085  (33.1s)
  step    980  ep 6/20  train KL=0.0993  (33.6s)
  step   1000  ep 6/20  train KL=0.1011  (34.4s)
  step   1020  ep 6/20  train KL=0.1006  (35.0s)
  step   1040  ep 6/20  train KL=0.0996  (35.6s)
  step   1060  ep 6/20  train KL=0.0988  (36.2s)
  step   1080  ep 6/20  train KL=0.0984  (36.8s)
  step   1100  ep 6/20  train KL=0.0978  (37.4s)
  step   1120  ep 6/20  train KL=0.0976  (38.0s)
  step   1140  ep 6/20  train KL=0.0967  (38.6s)
  step   1160  ep 6/20  train KL=0.0961  (39.2s)
== ep 6: train KL=0.0959  (39.7s)
  step   1180  ep 7/20  train KL=0.0909  (40.5s)
  step   1200  ep 7/20  train KL=0.0896  (41.2s)
  step   1220  ep 7/20  train KL=0.0891  (41.8s)
  step   1240  ep 7/20  train KL=0.0887  (42.4s)
  step   1260  ep 7/20  train KL=0.0879  (43.0s)
  step   1280  ep 7/20  train KL=0.0872  (43.6s)
  step   1300  ep 7/20  train KL=0.0868  (44.2s)
  step   1320  ep 7/20  train KL=0.0866  (44.8s)
  step   1340  ep 7/20  train KL=0.0862  (45.4s)
  step   1360  ep 7/20  train KL=0.0858  (46.0s)
== ep 7: train KL=0.0856  (46.3s)
  step   1380  ep 8/20  train KL=0.0795  (47.3s)
  step   1400  ep 8/20  train KL=0.0795  (47.9s)
  step   1420  ep 8/20  train KL=0.0790  (48.5s)
  step   1440  ep 8/20  train KL=0.0787  (49.1s)
  step   1460  ep 8/20  train KL=0.0781  (49.7s)
  step   1480  ep 8/20  train KL=0.0774  (50.3s)
  step   1500  ep 8/20  train KL=0.0769  (50.9s)
  step   1520  ep 8/20  train KL=0.0764  (51.5s)
  step   1540  ep 8/20  train KL=0.0758  (52.1s)
  step   1560  ep 8/20  train KL=0.0755  (52.7s)
== ep 8: train KL=0.0755  (52.9s)
  step   1580  ep 9/20  train KL=0.0688  (54.0s)
  step   1600  ep 9/20  train KL=0.0682  (54.6s)
  step   1620  ep 9/20  train KL=0.0686  (55.2s)
  step   1640  ep 9/20  train KL=0.0682  (55.8s)
  step   1660  ep 9/20  train KL=0.0680  (56.4s)
  step   1680  ep 9/20  train KL=0.0676  (57.0s)
  step   1700  ep 9/20  train KL=0.0672  (57.6s)
  step   1720  ep 9/20  train KL=0.0668  (58.2s)
  step   1740  ep 9/20  train KL=0.0668  (58.9s)
== ep 9: train KL=0.0667  (59.5s)
  step   1760  ep 10/20  train KL=0.0627  (60.0s)
  step   1780  ep 10/20  train KL=0.0630  (60.8s)
  step   1800  ep 10/20  train KL=0.0628  (61.4s)
  step   1820  ep 10/20  train KL=0.0623  (62.0s)
  step   1840  ep 10/20  train KL=0.0619  (62.6s)
  step   1860  ep 10/20  train KL=0.0616  (63.2s)
  step   1880  ep 10/20  train KL=0.0615  (63.7s)
  step   1900  ep 10/20  train KL=0.0612  (64.3s)
  step   1920  ep 10/20  train KL=0.0608  (64.9s)
  step   1940  ep 10/20  train KL=0.0604  (65.5s)
== ep 10: train KL=0.0602  (66.0s)
  step   1960  ep 11/20  train KL=0.0558  (66.8s)
  step   1980  ep 11/20  train KL=0.0558  (67.4s)
  step   2000  ep 11/20  train KL=0.0548  (68.0s)
  step   2020  ep 11/20  train KL=0.0542  (68.6s)
  step   2040  ep 11/20  train KL=0.0543  (69.2s)
  step   2060  ep 11/20  train KL=0.0539  (69.8s)
  step   2080  ep 11/20  train KL=0.0537  (70.4s)
  step   2100  ep 11/20  train KL=0.0535  (71.0s)
  step   2120  ep 11/20  train KL=0.0535  (71.6s)
  step   2140  ep 11/20  train KL=0.0532  (72.2s)
== ep 11: train KL=0.0532  (72.5s)
  step   2160  ep 12/20  train KL=0.0473  (73.5s)
  step   2180  ep 12/20  train KL=0.0473  (74.1s)
  step   2200  ep 12/20  train KL=0.0478  (74.7s)
  step   2220  ep 12/20  train KL=0.0476  (75.3s)
  step   2240  ep 12/20  train KL=0.0477  (75.9s)
  step   2260  ep 12/20  train KL=0.0476  (76.5s)
  step   2280  ep 12/20  train KL=0.0474  (77.1s)
  step   2300  ep 12/20  train KL=0.0473  (77.7s)
  step   2320  ep 12/20  train KL=0.0471  (78.3s)
  step   2340  ep 12/20  train KL=0.0470  (78.9s)
== ep 12: train KL=0.0470  (79.0s)
  step   2360  ep 13/20  train KL=0.0427  (80.2s)
  step   2380  ep 13/20  train KL=0.0422  (80.8s)
  step   2400  ep 13/20  train KL=0.0422  (81.4s)
  step   2420  ep 13/20  train KL=0.0421  (82.0s)
  step   2440  ep 13/20  train KL=0.0421  (82.6s)
  step   2460  ep 13/20  train KL=0.0420  (83.2s)
  step   2480  ep 13/20  train KL=0.0419  (83.8s)
  step   2500  ep 13/20  train KL=0.0418  (84.4s)
  step   2520  ep 13/20  train KL=0.0417  (85.0s)
== ep 13: train KL=0.0416  (85.7s)
  step   2540  ep 14/20  train KL=0.0376  (86.2s)
  step   2560  ep 14/20  train KL=0.0372  (87.0s)
  step   2580  ep 14/20  train KL=0.0374  (87.6s)
  step   2600  ep 14/20  train KL=0.0375  (88.1s)
  step   2620  ep 14/20  train KL=0.0375  (88.7s)
  step   2640  ep 14/20  train KL=0.0375  (89.4s)
  step   2660  ep 14/20  train KL=0.0375  (90.0s)
  step   2680  ep 14/20  train KL=0.0374  (90.6s)
  step   2700  ep 14/20  train KL=0.0373  (91.2s)
  step   2720  ep 14/20  train KL=0.0373  (91.8s)
== ep 14: train KL=0.0373  (92.3s)
  step   2740  ep 15/20  train KL=0.0340  (93.1s)
  step   2760  ep 15/20  train KL=0.0340  (93.7s)
  step   2780  ep 15/20  train KL=0.0339  (94.3s)
  step   2800  ep 15/20  train KL=0.0340  (94.9s)
  step   2820  ep 15/20  train KL=0.0340  (95.5s)
  step   2840  ep 15/20  train KL=0.0339  (96.1s)
  step   2860  ep 15/20  train KL=0.0339  (96.7s)
  step   2880  ep 15/20  train KL=0.0338  (97.3s)
  step   2900  ep 15/20  train KL=0.0339  (97.8s)
  step   2920  ep 15/20  train KL=0.0338  (98.4s)
== ep 15: train KL=0.0338  (98.8s)
  step   2940  ep 16/20  train KL=0.0317  (99.8s)
  step   2960  ep 16/20  train KL=0.0315  (100.3s)
  step   2980  ep 16/20  train KL=0.0314  (100.9s)
  step   3000  ep 16/20  train KL=0.0314  (101.5s)
  step   3020  ep 16/20  train KL=0.0315  (102.1s)
  step   3040  ep 16/20  train KL=0.0315  (102.7s)
  step   3060  ep 16/20  train KL=0.0315  (103.3s)
  step   3080  ep 16/20  train KL=0.0315  (104.0s)
  step   3100  ep 16/20  train KL=0.0315  (104.5s)
  step   3120  ep 16/20  train KL=0.0315  (105.1s)
== ep 16: train KL=0.0315  (105.3s)
  step   3140  ep 17/20  train KL=0.0298  (106.4s)
  step   3160  ep 17/20  train KL=0.0300  (107.0s)
  step   3180  ep 17/20  train KL=0.0300  (107.6s)
  step   3200  ep 17/20  train KL=0.0301  (108.2s)
  step   3220  ep 17/20  train KL=0.0301  (108.8s)
  step   3240  ep 17/20  train KL=0.0300  (109.4s)
  step   3260  ep 17/20  train KL=0.0300  (110.0s)
  step   3280  ep 17/20  train KL=0.0300  (110.6s)
  step   3300  ep 17/20  train KL=0.0300  (111.2s)
== ep 17: train KL=0.0300  (111.8s)
  step   3320  ep 18/20  train KL=0.0290  (112.4s)
  step   3340  ep 18/20  train KL=0.0292  (113.2s)
  step   3360  ep 18/20  train KL=0.0290  (113.7s)
  step   3380  ep 18/20  train KL=0.0290  (114.3s)
  step   3400  ep 18/20  train KL=0.0290  (114.9s)
  step   3420  ep 18/20  train KL=0.0290  (115.5s)
  step   3440  ep 18/20  train KL=0.0290  (116.1s)
  step   3460  ep 18/20  train KL=0.0290  (116.7s)
  step   3480  ep 18/20  train KL=0.0290  (117.3s)
  step   3500  ep 18/20  train KL=0.0290  (117.9s)
== ep 18: train KL=0.0291  (118.4s)
  step   3520  ep 19/20  train KL=0.0282  (119.2s)
  step   3540  ep 19/20  train KL=0.0282  (119.9s)
  step   3560  ep 19/20  train KL=0.0283  (120.5s)
  step   3580  ep 19/20  train KL=0.0283  (121.1s)
  step   3600  ep 19/20  train KL=0.0284  (121.7s)
  step   3620  ep 19/20  train KL=0.0284  (122.4s)
  step   3640  ep 19/20  train KL=0.0284  (123.0s)
  step   3660  ep 19/20  train KL=0.0284  (123.6s)
  step   3680  ep 19/20  train KL=0.0284  (124.2s)
  step   3700  ep 19/20  train KL=0.0284  (124.8s)
== ep 19: train KL=0.0284  (125.2s)
  step   3720  ep 20/20  train KL=0.0280  (126.2s)
  step   3740  ep 20/20  train KL=0.0280  (126.8s)
  step   3760  ep 20/20  train KL=0.0281  (127.4s)
  step   3780  ep 20/20  train KL=0.0281  (128.1s)
  step   3800  ep 20/20  train KL=0.0281  (128.7s)
  step   3820  ep 20/20  train KL=0.0281  (129.3s)
  step   3840  ep 20/20  train KL=0.0281  (129.9s)
  step   3860  ep 20/20  train KL=0.0281  (130.5s)
  step   3880  ep 20/20  train KL=0.0281  (131.1s)
  step   3900  ep 20/20  train KL=0.0281  (131.7s)
== ep 20: train KL=0.0281  (131.9s)

Done. Total time: 131.9s
