Materializing 100000 rows from parquet...
  inputs:  (100000, 384) float32
  logits:  (100000, 32768) float16
  load time: 14.3s

Using all 100000 samples for training (capacity test).

Model: StackedLutUnembedder — 272.14M params
  LN(384)
  block 0: TinyMultiHeadLut(384→384, n_heads=1, tph=660, nap=10) + residual
  final: Linear(384, 32768, bias=True)
  init_std=0.1

Training: epochs=20 batch_size=512 lr=0.001 schedule=cosine warmup=0

  step     20  ep 1/20  train KL=2.1836  (1.4s)
  step     40  ep 1/20  train KL=1.4956  (1.9s)
  step     60  ep 1/20  train KL=1.1870  (2.5s)
  step     80  ep 1/20  train KL=1.0048  (3.0s)
  step    100  ep 1/20  train KL=0.8835  (3.6s)
  step    120  ep 1/20  train KL=0.7950  (4.1s)
  step    140  ep 1/20  train KL=0.7271  (4.7s)
  step    160  ep 1/20  train KL=0.6730  (5.2s)
  step    180  ep 1/20  train KL=0.6280  (5.8s)
== ep 1: train KL=0.5990  (6.4s)
  step    200  ep 2/20  train KL=0.2628  (6.9s)
  step    220  ep 2/20  train KL=0.2544  (7.6s)
  step    240  ep 2/20  train KL=0.2455  (8.2s)
  step    260  ep 2/20  train KL=0.2366  (8.7s)
  step    280  ep 2/20  train KL=0.2283  (9.3s)
  step    300  ep 2/20  train KL=0.2209  (9.9s)
  step    320  ep 2/20  train KL=0.2144  (10.4s)
  step    340  ep 2/20  train KL=0.2085  (11.0s)
  step    360  ep 2/20  train KL=0.2030  (11.5s)
  step    380  ep 2/20  train KL=0.1980  (12.1s)
== ep 2: train KL=0.1955  (12.5s)
  step    400  ep 3/20  train KL=0.1479  (13.3s)
  step    420  ep 3/20  train KL=0.1504  (13.9s)
  step    440  ep 3/20  train KL=0.1493  (14.4s)
  step    460  ep 3/20  train KL=0.1473  (15.0s)
  step    480  ep 3/20  train KL=0.1460  (15.5s)
  step    500  ep 3/20  train KL=0.1447  (16.1s)
  step    520  ep 3/20  train KL=0.1424  (16.6s)
  step    540  ep 3/20  train KL=0.1409  (17.2s)
  step    560  ep 3/20  train KL=0.1390  (17.8s)
  step    580  ep 3/20  train KL=0.1379  (18.3s)
== ep 3: train KL=0.1375  (18.7s)
  step    600  ep 4/20  train KL=0.1130  (19.5s)
  step    620  ep 4/20  train KL=0.1111  (20.2s)
  step    640  ep 4/20  train KL=0.1094  (20.8s)
  step    660  ep 4/20  train KL=0.1076  (21.3s)
  step    680  ep 4/20  train KL=0.1067  (21.9s)
  step    700  ep 4/20  train KL=0.1054  (22.4s)
  step    720  ep 4/20  train KL=0.1044  (23.0s)
  step    740  ep 4/20  train KL=0.1034  (23.6s)
  step    760  ep 4/20  train KL=0.1029  (24.2s)
  step    780  ep 4/20  train KL=0.1022  (24.7s)
== ep 4: train KL=0.1022  (24.9s)
  step    800  ep 5/20  train KL=0.0912  (26.0s)
  step    820  ep 5/20  train KL=0.0896  (26.5s)
  step    840  ep 5/20  train KL=0.0894  (27.1s)
  step    860  ep 5/20  train KL=0.0886  (27.7s)
  step    880  ep 5/20  train KL=0.0874  (28.2s)
  step    900  ep 5/20  train KL=0.0870  (28.8s)
  step    920  ep 5/20  train KL=0.0864  (29.4s)
  step    940  ep 5/20  train KL=0.0859  (29.9s)
  step    960  ep 5/20  train KL=0.0855  (30.5s)
== ep 5: train KL=0.0851  (31.1s)
  step    980  ep 6/20  train KL=0.0735  (31.6s)
  step   1000  ep 6/20  train KL=0.0759  (32.3s)
  step   1020  ep 6/20  train KL=0.0773  (32.9s)
  step   1040  ep 6/20  train KL=0.0766  (33.4s)
  step   1060  ep 6/20  train KL=0.0762  (34.0s)
  step   1080  ep 6/20  train KL=0.0758  (34.6s)
  step   1100  ep 6/20  train KL=0.0751  (35.1s)
  step   1120  ep 6/20  train KL=0.0750  (35.7s)
  step   1140  ep 6/20  train KL=0.0743  (36.2s)
  step   1160  ep 6/20  train KL=0.0740  (36.8s)
== ep 6: train KL=0.0738  (37.2s)
  step   1180  ep 7/20  train KL=0.0688  (38.0s)
  step   1200  ep 7/20  train KL=0.0672  (38.6s)
  step   1220  ep 7/20  train KL=0.0676  (39.1s)
  step   1240  ep 7/20  train KL=0.0671  (39.7s)
  step   1260  ep 7/20  train KL=0.0666  (40.3s)
  step   1280  ep 7/20  train KL=0.0663  (40.8s)
  step   1300  ep 7/20  train KL=0.0660  (41.4s)
  step   1320  ep 7/20  train KL=0.0660  (42.0s)
  step   1340  ep 7/20  train KL=0.0656  (42.5s)
  step   1360  ep 7/20  train KL=0.0654  (43.1s)
== ep 7: train KL=0.0654  (43.4s)
  step   1380  ep 8/20  train KL=0.0610  (44.3s)
  step   1400  ep 8/20  train KL=0.0601  (44.9s)
  step   1420  ep 8/20  train KL=0.0595  (45.5s)
  step   1440  ep 8/20  train KL=0.0591  (46.0s)
  step   1460  ep 8/20  train KL=0.0585  (46.6s)
  step   1480  ep 8/20  train KL=0.0580  (47.1s)
  step   1500  ep 8/20  train KL=0.0576  (47.7s)
  step   1520  ep 8/20  train KL=0.0573  (48.3s)
  step   1540  ep 8/20  train KL=0.0570  (48.8s)
  step   1560  ep 8/20  train KL=0.0568  (49.4s)
== ep 8: train KL=0.0568  (49.6s)
  step   1580  ep 9/20  train KL=0.0511  (50.7s)
  step   1600  ep 9/20  train KL=0.0507  (51.2s)
  step   1620  ep 9/20  train KL=0.0507  (51.8s)
  step   1640  ep 9/20  train KL=0.0501  (52.4s)
  step   1660  ep 9/20  train KL=0.0497  (53.0s)
  step   1680  ep 9/20  train KL=0.0495  (53.5s)
  step   1700  ep 9/20  train KL=0.0493  (54.1s)
  step   1720  ep 9/20  train KL=0.0490  (54.7s)
  step   1740  ep 9/20  train KL=0.0489  (55.2s)
== ep 9: train KL=0.0488  (55.8s)
  step   1760  ep 10/20  train KL=0.0449  (56.4s)
  step   1780  ep 10/20  train KL=0.0443  (57.1s)
  step   1800  ep 10/20  train KL=0.0435  (57.7s)
  step   1820  ep 10/20  train KL=0.0430  (58.2s)
  step   1840  ep 10/20  train KL=0.0429  (58.8s)
  step   1860  ep 10/20  train KL=0.0428  (59.4s)
  step   1880  ep 10/20  train KL=0.0428  (60.0s)
  step   1900  ep 10/20  train KL=0.0425  (60.5s)
  step   1920  ep 10/20  train KL=0.0422  (61.1s)
  step   1940  ep 10/20  train KL=0.0419  (61.6s)
== ep 10: train KL=0.0418  (62.1s)
  step   1960  ep 11/20  train KL=0.0368  (62.7s)
  step   1980  ep 11/20  train KL=0.0373  (63.5s)
  step   2000  ep 11/20  train KL=0.0367  (64.1s)
  step   2020  ep 11/20  train KL=0.0361  (64.6s)
  step   2040  ep 11/20  train KL=0.0358  (65.2s)
  step   2060  ep 11/20  train KL=0.0355  (65.7s)
  step   2080  ep 11/20  train KL=0.0355  (66.3s)
  step   2100  ep 11/20  train KL=0.0354  (66.9s)
  step   2120  ep 11/20  train KL=0.0353  (67.4s)
  step   2140  ep 11/20  train KL=0.0352  (68.0s)
== ep 11: train KL=0.0352  (68.4s)
  step   2160  ep 12/20  train KL=0.0306  (69.4s)
  step   2180  ep 12/20  train KL=0.0303  (69.9s)
  step   2200  ep 12/20  train KL=0.0303  (70.5s)
  step   2220  ep 12/20  train KL=0.0303  (71.0s)
  step   2240  ep 12/20  train KL=0.0303  (71.6s)
  step   2260  ep 12/20  train KL=0.0302  (72.2s)
  step   2280  ep 12/20  train KL=0.0301  (72.7s)
  step   2300  ep 12/20  train KL=0.0300  (73.3s)
  step   2320  ep 12/20  train KL=0.0300  (73.9s)
  step   2340  ep 12/20  train KL=0.0299  (74.4s)
== ep 12: train KL=0.0299  (74.6s)
  step   2360  ep 13/20  train KL=0.0266  (75.7s)
  step   2380  ep 13/20  train KL=0.0264  (76.2s)
  step   2400  ep 13/20  train KL=0.0263  (76.8s)
  step   2420  ep 13/20  train KL=0.0262  (77.4s)
  step   2440  ep 13/20  train KL=0.0261  (77.9s)
  step   2460  ep 13/20  train KL=0.0260  (78.5s)
  step   2480  ep 13/20  train KL=0.0259  (79.1s)
  step   2500  ep 13/20  train KL=0.0259  (79.6s)
  step   2520  ep 13/20  train KL=0.0258  (80.2s)
== ep 13: train KL=0.0258  (80.8s)
  step   2540  ep 14/20  train KL=0.0232  (81.3s)
  step   2560  ep 14/20  train KL=0.0230  (82.0s)
  step   2580  ep 14/20  train KL=0.0230  (82.6s)
  step   2600  ep 14/20  train KL=0.0230  (83.1s)
  step   2620  ep 14/20  train KL=0.0230  (83.7s)
  step   2640  ep 14/20  train KL=0.0229  (84.3s)
  step   2660  ep 14/20  train KL=0.0229  (84.8s)
  step   2680  ep 14/20  train KL=0.0229  (85.4s)
  step   2700  ep 14/20  train KL=0.0229  (86.0s)
  step   2720  ep 14/20  train KL=0.0229  (86.5s)
== ep 14: train KL=0.0228  (87.0s)
  step   2740  ep 15/20  train KL=0.0209  (87.8s)
  step   2760  ep 15/20  train KL=0.0210  (88.4s)
  step   2780  ep 15/20  train KL=0.0209  (89.0s)
  step   2800  ep 15/20  train KL=0.0209  (89.6s)
  step   2820  ep 15/20  train KL=0.0210  (90.1s)
  step   2840  ep 15/20  train KL=0.0210  (90.7s)
  step   2860  ep 15/20  train KL=0.0210  (91.2s)
  step   2880  ep 15/20  train KL=0.0209  (91.8s)
  step   2900  ep 15/20  train KL=0.0210  (92.4s)
  step   2920  ep 15/20  train KL=0.0210  (93.0s)
== ep 15: train KL=0.0209  (93.3s)
  step   2940  ep 16/20  train KL=0.0199  (94.2s)
  step   2960  ep 16/20  train KL=0.0198  (94.8s)
  step   2980  ep 16/20  train KL=0.0197  (95.4s)
  step   3000  ep 16/20  train KL=0.0197  (95.9s)
  step   3020  ep 16/20  train KL=0.0198  (96.5s)
  step   3040  ep 16/20  train KL=0.0198  (97.0s)
  step   3060  ep 16/20  train KL=0.0198  (97.6s)
  step   3080  ep 16/20  train KL=0.0198  (98.2s)
  step   3100  ep 16/20  train KL=0.0198  (98.8s)
  step   3120  ep 16/20  train KL=0.0198  (99.3s)
== ep 16: train KL=0.0198  (99.5s)
  step   3140  ep 17/20  train KL=0.0190  (100.6s)
  step   3160  ep 17/20  train KL=0.0191  (101.2s)
  step   3180  ep 17/20  train KL=0.0192  (101.8s)
  step   3200  ep 17/20  train KL=0.0192  (102.3s)
  step   3220  ep 17/20  train KL=0.0192  (102.9s)
  step   3240  ep 17/20  train KL=0.0192  (103.5s)
  step   3260  ep 17/20  train KL=0.0192  (104.0s)
  step   3280  ep 17/20  train KL=0.0192  (104.6s)
  step   3300  ep 17/20  train KL=0.0192  (105.2s)
== ep 17: train KL=0.0192  (105.7s)
  step   3320  ep 18/20  train KL=0.0189  (106.3s)
  step   3340  ep 18/20  train KL=0.0189  (107.0s)
  step   3360  ep 18/20  train KL=0.0188  (107.5s)
  step   3380  ep 18/20  train KL=0.0188  (108.1s)
  step   3400  ep 18/20  train KL=0.0188  (108.7s)
  step   3420  ep 18/20  train KL=0.0188  (109.2s)
  step   3440  ep 18/20  train KL=0.0188  (109.8s)
  step   3460  ep 18/20  train KL=0.0188  (110.4s)
  step   3480  ep 18/20  train KL=0.0188  (110.9s)
  step   3500  ep 18/20  train KL=0.0188  (111.5s)
== ep 18: train KL=0.0188  (112.0s)
  step   3520  ep 19/20  train KL=0.0185  (112.8s)
  step   3540  ep 19/20  train KL=0.0185  (113.4s)
  step   3560  ep 19/20  train KL=0.0185  (113.9s)
  step   3580  ep 19/20  train KL=0.0186  (114.5s)
  step   3600  ep 19/20  train KL=0.0186  (115.1s)
  step   3620  ep 19/20  train KL=0.0186  (115.7s)
  step   3640  ep 19/20  train KL=0.0186  (116.2s)
  step   3660  ep 19/20  train KL=0.0186  (116.8s)
  step   3680  ep 19/20  train KL=0.0186  (117.4s)
  step   3700  ep 19/20  train KL=0.0186  (117.9s)
== ep 19: train KL=0.0186  (118.3s)
  step   3720  ep 20/20  train KL=0.0184  (119.2s)
  step   3740  ep 20/20  train KL=0.0184  (119.8s)
  step   3760  ep 20/20  train KL=0.0185  (120.4s)
  step   3780  ep 20/20  train KL=0.0185  (121.0s)
  step   3800  ep 20/20  train KL=0.0185  (121.5s)
  step   3820  ep 20/20  train KL=0.0185  (122.1s)
  step   3840  ep 20/20  train KL=0.0185  (122.6s)
  step   3860  ep 20/20  train KL=0.0185  (123.2s)
  step   3880  ep 20/20  train KL=0.0185  (123.8s)
  step   3900  ep 20/20  train KL=0.0185  (124.3s)
== ep 20: train KL=0.0185  (124.5s)

Done. Total time: 124.5s
