
                                                       █████                █████
                                                      ░░███                ░░███
     ████████    ██████   ████████    ██████   ██████  ░███████    ██████  ███████
    ░░███░░███  ░░░░░███ ░░███░░███  ███░░███ ███░░███ ░███░░███  ░░░░░███░░░███░
     ░███ ░███   ███████  ░███ ░███ ░███ ░███░███ ░░░  ░███ ░███   ███████  ░███
     ░███ ░███  ███░░███  ░███ ░███ ░███ ░███░███  ███ ░███ ░███  ███░░███  ░███ ███
     ████ █████░░████████ ████ █████░░██████ ░░██████  ████ █████░░███████  ░░█████
    ░░░░ ░░░░░  ░░░░░░░░ ░░░░ ░░░░░  ░░░░░░   ░░░░░░  ░░░░ ░░░░░  ░░░░░░░░   ░░░░░
    
Autodetected device type: cuda
2026-10-07 18:10:00,072 - nanochat.common - [32m[1mINFO[0m - Distributed world size: 1
GPU: NVIDIA H100 80GB HBM3 | Peak FLOPS (BF16): 9.89e+14
COMPUTE_DTYPE: torch.bfloat16 (auto-detected: CUDA SM 90 (bf16 supported))
✓ Using Flash Attention 3: efficient, new and awesome.
Vocab size: 32,768
Model config:
{
  "sequence_len": 2048,
  "vocab_size": 32768,
  "n_layer": 24,
  "n_head": 12,
  "n_kv_head": 12,
  "n_embd": 1536,
  "window_pattern": "SSSL"
}
✓ FP8 training enabled (tensorwise scaling) - converted 145/158 linear layers, skipped 13 (too small)
Parameter counts:
wte                     : 50,331,648
value_embeds            : 603,979,776
lm_head                 : 50,331,648
transformer_matrices    : 679,478,976
scalars                 : 74
total                   : 1,384,122,122
Estimated FLOPs per token: 3.963722e+08
Auto-computed optimal batch size: 1,048,576 tokens
Scaling LRs by 1.4142 for batch size 1,048,576 (reference: 524,288)
Scaling weight decay from 0.280000 to 0.059738 for depth 24
Scaling the LR for the AdamW parameters ∝1/√(1536/768) = 0.707107
Using user-provided number of iterations: 4
Total number of training tokens: 4,194,304
Tokens : Scaling params ratio: 0.01
Total training FLOPs estimate: 1.662506e+15
Tokens / micro-batch / rank: 16 x 2048 = 32,768
Tokens / micro-batch: 32,768
Total batch size 1,048,576 => gradient accumulation steps: 32
step 00000/00004 (0.00%) | loss: 10.397446 | lrm: 0.03 | dt: 166118.40ms | tok/sec: 6,312 | bf16_mfu: 0.25 | epoch: 1 pq: 0 rg: 2 | total time: 0.00m
step 00001/00004 (25.00%) | loss: 10.371659 | lrm: 0.05 | dt: 8285.77ms | tok/sec: 126,551 | bf16_mfu: 5.07 | epoch: 1 pq: 0 rg: 4 | total time: 0.00m
step 00002/00004 (50.00%) | loss: 10.322131 | lrm: 0.07 | dt: 8320.43ms | tok/sec: 126,024 | bf16_mfu: 5.05 | epoch: 1 pq: 0 rg: 6 | total time: 0.00m
step 00003/00004 (75.00%) | loss: 10.251404 | lrm: 0.10 | dt: 8317.88ms | tok/sec: 126,062 | bf16_mfu: 5.05 | epoch: 1 pq: 0 rg: 8 | total time: 0.00m
2026-10-07 18:13:21,111 - nanochat.checkpoint_manager - [32m[1mINFO[0m - Saved model parameters to: /home/astarostin/.cache/nanochat/base_checkpoints/probe_d24/model_000004.pt
2026-10-07 18:13:21,111 - nanochat.checkpoint_manager - [32m[1mINFO[0m - Saved metadata to: /home/astarostin/.cache/nanochat/base_checkpoints/probe_d24/meta_000004.json
2026-10-07 18:13:29,465 - nanochat.checkpoint_manager - [32m[1mINFO[0m - Saved optimizer state to: /home/astarostin/.cache/nanochat/base_checkpoints/probe_d24/optim_000004_rank0.pt
Peak memory usage: 52673.41MiB
Peak memory reserved: 53494.00MiB
Total training time: 0.00m
