[2026-10-07T19:13:29+03:00] wandb sync start
Find logs at: /home/astarostin/projects/lut_nanochat_wt/experiments/lut_nanochat/nanochat/wandb/debug-cli.astarostin.log
Syncing: https://wandb.ai/anatoli-starostin-relocation/spiky-nanochat/runs/d24-dense-1xh100-s0-4bad20ea ... done.
[2026-10-07T19:13:37+03:00] wandb sync end (rc=0)
[2026-10-07T19:17:37+03:00] wandb sync start
Find logs at: /home/astarostin/projects/lut_nanochat_wt/experiments/lut_nanochat/nanochat/wandb/debug-cli.astarostin.log
Syncing: https://wandb.ai/anatoli-starostin-relocation/spiky-nanochat/runs/d24-dense-1xh100-s0-4bad20ea ... done.
[2026-10-07T19:17:46+03:00] wandb sync end (rc=0)
[2026-10-07T19:21:46+03:00] wandb sync start
Find logs at: /home/astarostin/projects/lut_nanochat_wt/experiments/lut_nanochat/nanochat/wandb/debug-cli.astarostin.log
Syncing: https://wandb.ai/anatoli-starostin-relocation/spiky-nanochat/runs/d24-dense-1xh100-s0-4bad20ea ... done.
[2026-10-07T19:21:54+03:00] wandb sync end (rc=0)
[2026-10-07T19:25:54+03:00] wandb sync start
Find logs at: /home/astarostin/projects/lut_nanochat_wt/experiments/lut_nanochat/nanochat/wandb/debug-cli.astarostin.log
Syncing: https://wandb.ai/anatoli-starostin-relocation/spiky-nanochat/runs/d24-dense-1xh100-s0-4bad20ea ... done.
[2026-10-07T19:26:03+03:00] wandb sync end (rc=0)
[2026-10-07T19:30:03+03:00] wandb sync start
Find logs at: /home/astarostin/projects/lut_nanochat_wt/experiments/lut_nanochat/nanochat/wandb/debug-cli.astarostin.log
Syncing: https://wandb.ai/anatoli-starostin-relocation/spiky-nanochat/runs/d24-dense-1xh100-s0-4bad20ea ... done.
[2026-10-07T19:30:11+03:00] wandb sync end (rc=0)
[2026-10-07T19:34:11+03:00] wandb sync start
Find logs at: /home/astarostin/projects/lut_nanochat_wt/experiments/lut_nanochat/nanochat/wandb/debug-cli.astarostin.log
Syncing: https://wandb.ai/anatoli-starostin-relocation/spiky-nanochat/runs/d24-dense-1xh100-s0-4bad20ea ... done.
[2026-10-07T19:34:20+03:00] wandb sync end (rc=0)
[2026-10-07T19:38:20+03:00] wandb sync start
Find logs at: /home/astarostin/projects/lut_nanochat_wt/experiments/lut_nanochat/nanochat/wandb/debug-cli.astarostin.log
Syncing: https://wandb.ai/anatoli-starostin-relocation/spiky-nanochat/runs/d24-dense-1xh100-s0-4bad20ea ... done.
[2026-10-07T19:38:30+03:00] wandb sync end (rc=0)
[2026-10-07T19:42:30+03:00] wandb sync start
Find logs at: /home/astarostin/projects/lut_nanochat_wt/experiments/lut_nanochat/nanochat/wandb/debug-cli.astarostin.log
Syncing: https://wandb.ai/anatoli-starostin-relocation/spiky-nanochat/runs/d24-dense-1xh100-s0-4bad20ea ... done.
[2026-10-07T19:42:40+03:00] wandb sync end (rc=0)
[2026-10-07T19:46:40+03:00] wandb sync start
Find logs at: /home/astarostin/projects/lut_nanochat_wt/experiments/lut_nanochat/nanochat/wandb/debug-cli.astarostin.log
Syncing: https://wandb.ai/anatoli-starostin-relocation/spiky-nanochat/runs/d24-dense-1xh100-s0-4bad20ea ... done.
[2026-10-07T19:46:48+03:00] wandb sync end (rc=0)
[2026-10-07T19:50:48+03:00] wandb sync start
Find logs at: /home/astarostin/projects/lut_nanochat_wt/experiments/lut_nanochat/nanochat/wandb/debug-cli.astarostin.log
Syncing: https://wandb.ai/anatoli-starostin-relocation/spiky-nanochat/runs/d24-dense-1xh100-s0-4bad20ea ... done.
[2026-10-07T19:50:56+03:00] wandb sync end (rc=0)
[2026-10-07T19:54:56+03:00] wandb sync start
Find logs at: /home/astarostin/projects/lut_nanochat_wt/experiments/lut_nanochat/nanochat/wandb/debug-cli.astarostin.log
Syncing: https://wandb.ai/anatoli-starostin-relocation/spiky-nanochat/runs/d24-dense-1xh100-s0-4bad20ea ... done.
[2026-10-07T19:55:06+03:00] wandb sync end (rc=0)
[2026-10-07T19:59:06+03:00] wandb sync start
Find logs at: /home/astarostin/projects/lut_nanochat_wt/experiments/lut_nanochat/nanochat/wandb/debug-cli.astarostin.log
Syncing: https://wandb.ai/anatoli-starostin-relocation/spiky-nanochat/runs/d24-dense-1xh100-s0-4bad20ea ... done.
[2026-10-07T19:59:16+03:00] wandb sync end (rc=0)
[2026-10-07T20:03:16+03:00] wandb sync start
Find logs at: /home/astarostin/projects/lut_nanochat_wt/experiments/lut_nanochat/nanochat/wandb/debug-cli.astarostin.log
Syncing: https://wandb.ai/anatoli-starostin-relocation/spiky-nanochat/runs/d24-dense-1xh100-s0-4bad20ea ... done.
[2026-10-07T20:03:24+03:00] wandb sync end (rc=0)
[2026-10-07T20:07:24+03:00] wandb sync start
Find logs at: /home/astarostin/projects/lut_nanochat_wt/experiments/lut_nanochat/nanochat/wandb/debug-cli.astarostin.log
Syncing: https://wandb.ai/anatoli-starostin-relocation/spiky-nanochat/runs/d24-dense-1xh100-s0-4bad20ea ... done.
[2026-10-07T20:07:33+03:00] wandb sync end (rc=0)
[2026-10-07T20:11:33+03:00] wandb sync start
Find logs at: /home/astarostin/projects/lut_nanochat_wt/experiments/lut_nanochat/nanochat/wandb/debug-cli.astarostin.log
Syncing: https://wandb.ai/anatoli-starostin-relocation/spiky-nanochat/runs/d24-dense-1xh100-s0-4bad20ea ... done.
[2026-10-07T20:11:43+03:00] wandb sync end (rc=0)
[2026-10-07T20:15:43+03:00] wandb sync start
Find logs at: /home/astarostin/projects/lut_nanochat_wt/experiments/lut_nanochat/nanochat/wandb/debug-cli.astarostin.log
Syncing: https://wandb.ai/anatoli-starostin-relocation/spiky-nanochat/runs/d24-dense-1xh100-s0-4bad20ea ... done.
[2026-10-07T20:15:52+03:00] wandb sync end (rc=0)
[2026-10-07T20:19:52+03:00] wandb sync start
Find logs at: /home/astarostin/projects/lut_nanochat_wt/experiments/lut_nanochat/nanochat/wandb/debug-cli.astarostin.log
Syncing: https://wandb.ai/anatoli-starostin-relocation/spiky-nanochat/runs/d24-dense-1xh100-s0-4bad20ea ... done.
[2026-10-07T20:20:00+03:00] wandb sync end (rc=0)
[2026-10-07T20:24:00+03:00] wandb sync start
Find logs at: /home/astarostin/projects/lut_nanochat_wt/experiments/lut_nanochat/nanochat/wandb/debug-cli.astarostin.log
Syncing: https://wandb.ai/anatoli-starostin-relocation/spiky-nanochat/runs/d24-dense-1xh100-s0-4bad20ea ... done.
[2026-10-07T20:24:10+03:00] wandb sync end (rc=0)
[2026-10-07T20:28:10+03:00] wandb sync start
Find logs at: /home/astarostin/projects/lut_nanochat_wt/experiments/lut_nanochat/nanochat/wandb/debug-cli.astarostin.log
Syncing: https://wandb.ai/anatoli-starostin-relocation/spiky-nanochat/runs/d24-dense-1xh100-s0-4bad20ea ... done.
[2026-10-07T20:28:18+03:00] wandb sync end (rc=0)
[2026-10-07T20:32:18+03:00] wandb sync start
Find logs at: /home/astarostin/projects/lut_nanochat_wt/experiments/lut_nanochat/nanochat/wandb/debug-cli.astarostin.log
Syncing: https://wandb.ai/anatoli-starostin-relocation/spiky-nanochat/runs/d24-dense-1xh100-s0-4bad20ea ... done.
[2026-10-07T20:32:27+03:00] wandb sync end (rc=0)
[2026-10-07T20:36:27+03:00] wandb sync start
Find logs at: /home/astarostin/projects/lut_nanochat_wt/experiments/lut_nanochat/nanochat/wandb/debug-cli.astarostin.log
Syncing: https://wandb.ai/anatoli-starostin-relocation/spiky-nanochat/runs/d24-dense-1xh100-s0-4bad20ea ... done.
[2026-10-07T20:36:35+03:00] wandb sync end (rc=0)
[2026-10-07T20:40:35+03:00] wandb sync start
Find logs at: /home/astarostin/projects/lut_nanochat_wt/experiments/lut_nanochat/nanochat/wandb/debug-cli.astarostin.log
Syncing: https://wandb.ai/anatoli-starostin-relocation/spiky-nanochat/runs/d24-dense-1xh100-s0-4bad20ea ... done.
[2026-10-07T20:40:44+03:00] wandb sync end (rc=0)
[2026-10-07T20:44:44+03:00] wandb sync start
Find logs at: /home/astarostin/projects/lut_nanochat_wt/experiments/lut_nanochat/nanochat/wandb/debug-cli.astarostin.log
Syncing: https://wandb.ai/anatoli-starostin-relocation/spiky-nanochat/runs/d24-dense-1xh100-s0-4bad20ea ... done.
[2026-10-07T20:44:53+03:00] wandb sync end (rc=0)
[2026-10-07T20:48:53+03:00] wandb sync start
Find logs at: /home/astarostin/projects/lut_nanochat_wt/experiments/lut_nanochat/nanochat/wandb/debug-cli.astarostin.log
Syncing: https://wandb.ai/anatoli-starostin-relocation/spiky-nanochat/runs/d24-dense-1xh100-s0-4bad20ea ... done.
[2026-10-07T20:49:03+03:00] wandb sync end (rc=0)
[2026-10-07T20:53:03+03:00] wandb sync start
Find logs at: /home/astarostin/projects/lut_nanochat_wt/experiments/lut_nanochat/nanochat/wandb/debug-cli.astarostin.log
Syncing: https://wandb.ai/anatoli-starostin-relocation/spiky-nanochat/runs/d24-dense-1xh100-s0-4bad20ea ... done.
[2026-10-07T20:53:12+03:00] wandb sync end (rc=0)
[2026-10-07T20:57:12+03:00] wandb sync start
Find logs at: /home/astarostin/projects/lut_nanochat_wt/experiments/lut_nanochat/nanochat/wandb/debug-cli.astarostin.log
Syncing: https://wandb.ai/anatoli-starostin-relocation/spiky-nanochat/runs/d24-dense-1xh100-s0-4bad20ea ... done.
[2026-10-07T20:57:21+03:00] wandb sync end (rc=0)
[2026-10-07T21:01:21+03:00] wandb sync start
Find logs at: /home/astarostin/projects/lut_nanochat_wt/experiments/lut_nanochat/nanochat/wandb/debug-cli.astarostin.log
Syncing: https://wandb.ai/anatoli-starostin-relocation/spiky-nanochat/runs/d24-dense-1xh100-s0-4bad20ea ... done.
[2026-10-07T21:01:29+03:00] wandb sync end (rc=0)
[2026-10-07T21:05:29+03:00] wandb sync start
Find logs at: /home/astarostin/projects/lut_nanochat_wt/experiments/lut_nanochat/nanochat/wandb/debug-cli.astarostin.log
Syncing: https://wandb.ai/anatoli-starostin-relocation/spiky-nanochat/runs/d24-dense-1xh100-s0-4bad20ea ... done.
[2026-10-07T21:05:38+03:00] wandb sync end (rc=0)
[2026-10-07T21:09:38+03:00] wandb sync start
Find logs at: /home/astarostin/projects/lut_nanochat_wt/experiments/lut_nanochat/nanochat/wandb/debug-cli.astarostin.log
Syncing: https://wandb.ai/anatoli-starostin-relocation/spiky-nanochat/runs/d24-dense-1xh100-s0-4bad20ea ... done.
[2026-10-07T21:09:46+03:00] wandb sync end (rc=0)
[2026-10-07T21:13:46+03:00] wandb sync start
Find logs at: /home/astarostin/projects/lut_nanochat_wt/experiments/lut_nanochat/nanochat/wandb/debug-cli.astarostin.log
Syncing: https://wandb.ai/anatoli-starostin-relocation/spiky-nanochat/runs/d24-dense-1xh100-s0-4bad20ea ... done.
[2026-10-07T21:13:55+03:00] wandb sync end (rc=0)
[2026-10-07T21:17:55+03:00] wandb sync start
Find logs at: /home/astarostin/projects/lut_nanochat_wt/experiments/lut_nanochat/nanochat/wandb/debug-cli.astarostin.log
Syncing: https://wandb.ai/anatoli-starostin-relocation/spiky-nanochat/runs/d24-dense-1xh100-s0-4bad20ea ... done.
[2026-10-07T21:18:05+03:00] wandb sync end (rc=0)
[2026-10-07T21:22:05+03:00] wandb sync start
Find logs at: /home/astarostin/projects/lut_nanochat_wt/experiments/lut_nanochat/nanochat/wandb/debug-cli.astarostin.log
Syncing: https://wandb.ai/anatoli-starostin-relocation/spiky-nanochat/runs/d24-dense-1xh100-s0-4bad20ea ... done.
[2026-10-07T21:22:13+03:00] wandb sync end (rc=0)
[2026-10-07T21:26:13+03:00] wandb sync start
Find logs at: /home/astarostin/projects/lut_nanochat_wt/experiments/lut_nanochat/nanochat/wandb/debug-cli.astarostin.log
Syncing: https://wandb.ai/anatoli-starostin-relocation/spiky-nanochat/runs/d24-dense-1xh100-s0-4bad20ea ... done.
[2026-10-07T21:26:21+03:00] wandb sync end (rc=0)
[2026-10-07T21:30:21+03:00] wandb sync start
Find logs at: /home/astarostin/projects/lut_nanochat_wt/experiments/lut_nanochat/nanochat/wandb/debug-cli.astarostin.log
Syncing: https://wandb.ai/anatoli-starostin-relocation/spiky-nanochat/runs/d24-dense-1xh100-s0-4bad20ea ... done.
[2026-10-07T21:30:29+03:00] wandb sync end (rc=0)
[2026-10-07T21:34:29+03:00] wandb sync start
Find logs at: /home/astarostin/projects/lut_nanochat_wt/experiments/lut_nanochat/nanochat/wandb/debug-cli.astarostin.log
Syncing: https://wandb.ai/anatoli-starostin-relocation/spiky-nanochat/runs/d24-dense-1xh100-s0-4bad20ea ... done.
[2026-10-07T21:34:39+03:00] wandb sync end (rc=0)
[2026-10-07T21:38:39+03:00] wandb sync start
Find logs at: /home/astarostin/projects/lut_nanochat_wt/experiments/lut_nanochat/nanochat/wandb/debug-cli.astarostin.log
Syncing: https://wandb.ai/anatoli-starostin-relocation/spiky-nanochat/runs/d24-dense-1xh100-s0-4bad20ea ... done.
[2026-10-07T21:38:48+03:00] wandb sync end (rc=0)
[2026-10-07T21:42:48+03:00] wandb sync start
Find logs at: /home/astarostin/projects/lut_nanochat_wt/experiments/lut_nanochat/nanochat/wandb/debug-cli.astarostin.log
Syncing: https://wandb.ai/anatoli-starostin-relocation/spiky-nanochat/runs/d24-dense-1xh100-s0-4bad20ea ... done.
[2026-10-07T21:42:57+03:00] wandb sync end (rc=0)
[2026-10-07T21:46:57+03:00] wandb sync start
Find logs at: /home/astarostin/projects/lut_nanochat_wt/experiments/lut_nanochat/nanochat/wandb/debug-cli.astarostin.log
Syncing: https://wandb.ai/anatoli-starostin-relocation/spiky-nanochat/runs/d24-dense-1xh100-s0-4bad20ea ... done.
[2026-10-07T21:47:05+03:00] wandb sync end (rc=0)
[2026-10-07T21:51:05+03:00] wandb sync start
Find logs at: /home/astarostin/projects/lut_nanochat_wt/experiments/lut_nanochat/nanochat/wandb/debug-cli.astarostin.log
Syncing: https://wandb.ai/anatoli-starostin-relocation/spiky-nanochat/runs/d24-dense-1xh100-s0-4bad20ea ... done.
[2026-10-07T21:51:15+03:00] wandb sync end (rc=0)
[2026-10-07T21:55:15+03:00] wandb sync start
Find logs at: /home/astarostin/projects/lut_nanochat_wt/experiments/lut_nanochat/nanochat/wandb/debug-cli.astarostin.log
Syncing: https://wandb.ai/anatoli-starostin-relocation/spiky-nanochat/runs/d24-dense-1xh100-s0-4bad20ea ... done.
[2026-10-07T21:55:26+03:00] wandb sync end (rc=0)
[2026-10-07T21:59:26+03:00] wandb sync start
Find logs at: /home/astarostin/projects/lut_nanochat_wt/experiments/lut_nanochat/nanochat/wandb/debug-cli.astarostin.log
Syncing: https://wandb.ai/anatoli-starostin-relocation/spiky-nanochat/runs/d24-dense-1xh100-s0-4bad20ea ... done.
[2026-10-07T21:59:38+03:00] wandb sync end (rc=0)
[2026-10-07T22:03:38+03:00] wandb sync start
Find logs at: /home/astarostin/projects/lut_nanochat_wt/experiments/lut_nanochat/nanochat/wandb/debug-cli.astarostin.log
Syncing: https://wandb.ai/anatoli-starostin-relocation/spiky-nanochat/runs/d24-dense-1xh100-s0-4bad20ea ... done.
[2026-10-07T22:03:47+03:00] wandb sync end (rc=0)
[2026-10-07T22:07:47+03:00] wandb sync start
Find logs at: /home/astarostin/projects/lut_nanochat_wt/experiments/lut_nanochat/nanochat/wandb/debug-cli.astarostin.log
Syncing: https://wandb.ai/anatoli-starostin-relocation/spiky-nanochat/runs/d24-dense-1xh100-s0-4bad20ea ... done.
[2026-10-07T22:07:59+03:00] wandb sync end (rc=0)
[2026-10-07T22:11:59+03:00] wandb sync start
Find logs at: /home/astarostin/projects/lut_nanochat_wt/experiments/lut_nanochat/nanochat/wandb/debug-cli.astarostin.log
Syncing: https://wandb.ai/anatoli-starostin-relocation/spiky-nanochat/runs/d24-dense-1xh100-s0-4bad20ea ... done.
[2026-10-07T22:12:10+03:00] wandb sync end (rc=0)
[2026-10-07T22:16:10+03:00] wandb sync start
Find logs at: /home/astarostin/projects/lut_nanochat_wt/experiments/lut_nanochat/nanochat/wandb/debug-cli.astarostin.log
Syncing: https://wandb.ai/anatoli-starostin-relocation/spiky-nanochat/runs/d24-dense-1xh100-s0-4bad20ea ... done.
[2026-10-07T22:16:21+03:00] wandb sync end (rc=0)
[2026-10-07T22:20:21+03:00] wandb sync start
Find logs at: /home/astarostin/projects/lut_nanochat_wt/experiments/lut_nanochat/nanochat/wandb/debug-cli.astarostin.log
Syncing: https://wandb.ai/anatoli-starostin-relocation/spiky-nanochat/runs/d24-dense-1xh100-s0-4bad20ea ... done.
[2026-10-07T22:20:33+03:00] wandb sync end (rc=0)
[2026-10-07T22:24:33+03:00] wandb sync start
Find logs at: /home/astarostin/projects/lut_nanochat_wt/experiments/lut_nanochat/nanochat/wandb/debug-cli.astarostin.log
Syncing: https://wandb.ai/anatoli-starostin-relocation/spiky-nanochat/runs/d24-dense-1xh100-s0-4bad20ea ... done.
[2026-10-07T22:24:47+03:00] wandb sync end (rc=0)
[2026-10-07T22:28:47+03:00] wandb sync start
Find logs at: /home/astarostin/projects/lut_nanochat_wt/experiments/lut_nanochat/nanochat/wandb/debug-cli.astarostin.log
Syncing: https://wandb.ai/anatoli-starostin-relocation/spiky-nanochat/runs/d24-dense-1xh100-s0-4bad20ea ... done.
[2026-10-07T22:28:58+03:00] wandb sync end (rc=0)
[2026-10-07T22:32:58+03:00] wandb sync start
Find logs at: /home/astarostin/projects/lut_nanochat_wt/experiments/lut_nanochat/nanochat/wandb/debug-cli.astarostin.log
Syncing: https://wandb.ai/anatoli-starostin-relocation/spiky-nanochat/runs/d24-dense-1xh100-s0-4bad20ea ... done.
[2026-10-07T22:33:11+03:00] wandb sync end (rc=0)
[2026-10-07T22:37:11+03:00] wandb sync start
Find logs at: /home/astarostin/projects/lut_nanochat_wt/experiments/lut_nanochat/nanochat/wandb/debug-cli.astarostin.log
Syncing: https://wandb.ai/anatoli-starostin-relocation/spiky-nanochat/runs/d24-dense-1xh100-s0-4bad20ea ... done.
[2026-10-07T22:37:24+03:00] wandb sync end (rc=0)
[2026-10-07T22:41:24+03:00] wandb sync start
Find logs at: /home/astarostin/projects/lut_nanochat_wt/experiments/lut_nanochat/nanochat/wandb/debug-cli.astarostin.log
Syncing: https://wandb.ai/anatoli-starostin-relocation/spiky-nanochat/runs/d24-dense-1xh100-s0-4bad20ea ... done.
[2026-10-07T22:41:38+03:00] wandb sync end (rc=0)
[2026-10-07T22:45:38+03:00] wandb sync start
Find logs at: /home/astarostin/projects/lut_nanochat_wt/experiments/lut_nanochat/nanochat/wandb/debug-cli.astarostin.log
Syncing: https://wandb.ai/anatoli-starostin-relocation/spiky-nanochat/runs/d24-dense-1xh100-s0-4bad20ea ... done.
[2026-10-07T22:45:49+03:00] wandb sync end (rc=0)
[2026-10-07T22:49:49+03:00] wandb sync start
Find logs at: /home/astarostin/projects/lut_nanochat_wt/experiments/lut_nanochat/nanochat/wandb/debug-cli.astarostin.log
Syncing: https://wandb.ai/anatoli-starostin-relocation/spiky-nanochat/runs/d24-dense-1xh100-s0-4bad20ea ... done.
[2026-10-07T22:50:03+03:00] wandb sync end (rc=0)
[2026-10-07T22:54:03+03:00] wandb sync start
Find logs at: /home/astarostin/projects/lut_nanochat_wt/experiments/lut_nanochat/nanochat/wandb/debug-cli.astarostin.log
Syncing: https://wandb.ai/anatoli-starostin-relocation/spiky-nanochat/runs/d24-dense-1xh100-s0-4bad20ea ... done.
[2026-10-07T22:54:15+03:00] wandb sync end (rc=0)
[2026-10-07T22:58:15+03:00] wandb sync start
Find logs at: /home/astarostin/projects/lut_nanochat_wt/experiments/lut_nanochat/nanochat/wandb/debug-cli.astarostin.log
Syncing: https://wandb.ai/anatoli-starostin-relocation/spiky-nanochat/runs/d24-dense-1xh100-s0-4bad20ea ... done.
[2026-10-07T22:58:30+03:00] wandb sync end (rc=0)
[2026-10-07T23:02:30+03:00] wandb sync start
Find logs at: /home/astarostin/projects/lut_nanochat_wt/experiments/lut_nanochat/nanochat/wandb/debug-cli.astarostin.log
Syncing: https://wandb.ai/anatoli-starostin-relocation/spiky-nanochat/runs/d24-dense-1xh100-s0-4bad20ea ... done.
[2026-10-07T23:02:45+03:00] wandb sync end (rc=0)
[2026-10-07T23:06:45+03:00] wandb sync start
Find logs at: /home/astarostin/projects/lut_nanochat_wt/experiments/lut_nanochat/nanochat/wandb/debug-cli.astarostin.log
Syncing: https://wandb.ai/anatoli-starostin-relocation/spiky-nanochat/runs/d24-dense-1xh100-s0-4bad20ea ... done.
[2026-10-07T23:06:59+03:00] wandb sync end (rc=0)
[2026-10-07T23:10:59+03:00] wandb sync start
Find logs at: /home/astarostin/projects/lut_nanochat_wt/experiments/lut_nanochat/nanochat/wandb/debug-cli.astarostin.log
Syncing: https://wandb.ai/anatoli-starostin-relocation/spiky-nanochat/runs/d24-dense-1xh100-s0-4bad20ea ... done.
[2026-10-07T23:11:12+03:00] wandb sync end (rc=0)
[2026-10-07T23:15:12+03:00] wandb sync start
Find logs at: /home/astarostin/projects/lut_nanochat_wt/experiments/lut_nanochat/nanochat/wandb/debug-cli.astarostin.log
Syncing: https://wandb.ai/anatoli-starostin-relocation/spiky-nanochat/runs/d24-dense-1xh100-s0-4bad20ea ... done.
[2026-10-07T23:15:25+03:00] wandb sync end (rc=0)
[2026-10-07T23:19:25+03:00] wandb sync start
Find logs at: /home/astarostin/projects/lut_nanochat_wt/experiments/lut_nanochat/nanochat/wandb/debug-cli.astarostin.log
Syncing: https://wandb.ai/anatoli-starostin-relocation/spiky-nanochat/runs/d24-dense-1xh100-s0-4bad20ea ... done.
[2026-10-07T23:19:40+03:00] wandb sync end (rc=0)
[2026-10-07T23:23:40+03:00] wandb sync start
Find logs at: /home/astarostin/projects/lut_nanochat_wt/experiments/lut_nanochat/nanochat/wandb/debug-cli.astarostin.log
Syncing: https://wandb.ai/anatoli-starostin-relocation/spiky-nanochat/runs/d24-dense-1xh100-s0-4bad20ea ... done.
[2026-10-07T23:23:53+03:00] wandb sync end (rc=0)
[2026-10-07T23:27:53+03:00] wandb sync start
Find logs at: /home/astarostin/projects/lut_nanochat_wt/experiments/lut_nanochat/nanochat/wandb/debug-cli.astarostin.log
Syncing: https://wandb.ai/anatoli-starostin-relocation/spiky-nanochat/runs/d24-dense-1xh100-s0-4bad20ea ... done.
[2026-10-07T23:28:07+03:00] wandb sync end (rc=0)
[2026-10-07T23:32:07+03:00] wandb sync start
Find logs at: /home/astarostin/projects/lut_nanochat_wt/experiments/lut_nanochat/nanochat/wandb/debug-cli.astarostin.log
Syncing: https://wandb.ai/anatoli-starostin-relocation/spiky-nanochat/runs/d24-dense-1xh100-s0-4bad20ea ... done.
[2026-10-07T23:32:21+03:00] wandb sync end (rc=0)
[2026-10-07T23:36:21+03:00] wandb sync start
Find logs at: /home/astarostin/projects/lut_nanochat_wt/experiments/lut_nanochat/nanochat/wandb/debug-cli.astarostin.log
Syncing: https://wandb.ai/anatoli-starostin-relocation/spiky-nanochat/runs/d24-dense-1xh100-s0-4bad20ea ... done.
[2026-10-07T23:36:34+03:00] wandb sync end (rc=0)
[2026-10-07T23:40:34+03:00] wandb sync start
Find logs at: /home/astarostin/projects/lut_nanochat_wt/experiments/lut_nanochat/nanochat/wandb/debug-cli.astarostin.log
Syncing: https://wandb.ai/anatoli-starostin-relocation/spiky-nanochat/runs/d24-dense-1xh100-s0-4bad20ea ... done.
[2026-10-07T23:40:50+03:00] wandb sync end (rc=0)
[2026-10-07T23:44:50+03:00] wandb sync start
Find logs at: /home/astarostin/projects/lut_nanochat_wt/experiments/lut_nanochat/nanochat/wandb/debug-cli.astarostin.log
Syncing: https://wandb.ai/anatoli-starostin-relocation/spiky-nanochat/runs/d24-dense-1xh100-s0-4bad20ea ... done.
[2026-10-07T23:45:05+03:00] wandb sync end (rc=0)
[2026-10-07T23:49:05+03:00] wandb sync start
Find logs at: /home/astarostin/projects/lut_nanochat_wt/experiments/lut_nanochat/nanochat/wandb/debug-cli.astarostin.log
Syncing: https://wandb.ai/anatoli-starostin-relocation/spiky-nanochat/runs/d24-dense-1xh100-s0-4bad20ea ... done.
[2026-10-07T23:49:18+03:00] wandb sync end (rc=0)
[2026-10-07T23:53:18+03:00] wandb sync start
Find logs at: /home/astarostin/projects/lut_nanochat_wt/experiments/lut_nanochat/nanochat/wandb/debug-cli.astarostin.log
Syncing: https://wandb.ai/anatoli-starostin-relocation/spiky-nanochat/runs/d24-dense-1xh100-s0-4bad20ea ... done.
[2026-10-07T23:53:32+03:00] wandb sync end (rc=0)
[2026-10-07T23:57:32+03:00] wandb sync start
Find logs at: /home/astarostin/projects/lut_nanochat_wt/experiments/lut_nanochat/nanochat/wandb/debug-cli.astarostin.log
Syncing: https://wandb.ai/anatoli-starostin-relocation/spiky-nanochat/runs/d24-dense-1xh100-s0-4bad20ea ... done.
[2026-10-07T23:57:46+03:00] wandb sync end (rc=0)
[2026-10-08T00:01:46+03:00] wandb sync start
Find logs at: /home/astarostin/projects/lut_nanochat_wt/experiments/lut_nanochat/nanochat/wandb/debug-cli.astarostin.log
Syncing: https://wandb.ai/anatoli-starostin-relocation/spiky-nanochat/runs/d24-dense-1xh100-s0-4bad20ea ... done.
[2026-10-08T00:02:01+03:00] wandb sync end (rc=0)
[2026-10-08T00:06:01+03:00] wandb sync start
Find logs at: /home/astarostin/projects/lut_nanochat_wt/experiments/lut_nanochat/nanochat/wandb/debug-cli.astarostin.log
Syncing: https://wandb.ai/anatoli-starostin-relocation/spiky-nanochat/runs/d24-dense-1xh100-s0-4bad20ea ... done.
[2026-10-08T00:06:14+03:00] wandb sync end (rc=0)
[2026-10-08T00:10:14+03:00] wandb sync start
Find logs at: /home/astarostin/projects/lut_nanochat_wt/experiments/lut_nanochat/nanochat/wandb/debug-cli.astarostin.log
Syncing: https://wandb.ai/anatoli-starostin-relocation/spiky-nanochat/runs/d24-dense-1xh100-s0-4bad20ea ... done.
[2026-10-08T00:10:28+03:00] wandb sync end (rc=0)
[2026-10-08T00:14:28+03:00] wandb sync start
Find logs at: /home/astarostin/projects/lut_nanochat_wt/experiments/lut_nanochat/nanochat/wandb/debug-cli.astarostin.log
Syncing: https://wandb.ai/anatoli-starostin-relocation/spiky-nanochat/runs/d24-dense-1xh100-s0-4bad20ea ... done.
[2026-10-08T00:14:42+03:00] wandb sync end (rc=0)
[2026-10-08T00:18:42+03:00] wandb sync start
Find logs at: /home/astarostin/projects/lut_nanochat_wt/experiments/lut_nanochat/nanochat/wandb/debug-cli.astarostin.log
Syncing: https://wandb.ai/anatoli-starostin-relocation/spiky-nanochat/runs/d24-dense-1xh100-s0-4bad20ea ... done.
[2026-10-08T00:18:58+03:00] wandb sync end (rc=0)
[2026-10-08T00:22:58+03:00] wandb sync start
Find logs at: /home/astarostin/projects/lut_nanochat_wt/experiments/lut_nanochat/nanochat/wandb/debug-cli.astarostin.log
Syncing: https://wandb.ai/anatoli-starostin-relocation/spiky-nanochat/runs/d24-dense-1xh100-s0-4bad20ea ... done.
[2026-10-08T00:23:13+03:00] wandb sync end (rc=0)
[2026-10-08T00:27:13+03:00] wandb sync start
Find logs at: /home/astarostin/projects/lut_nanochat_wt/experiments/lut_nanochat/nanochat/wandb/debug-cli.astarostin.log
Syncing: https://wandb.ai/anatoli-starostin-relocation/spiky-nanochat/runs/d24-dense-1xh100-s0-4bad20ea ... done.
[2026-10-08T00:27:29+03:00] wandb sync end (rc=0)
[2026-10-08T00:31:29+03:00] wandb sync start
Find logs at: /home/astarostin/projects/lut_nanochat_wt/experiments/lut_nanochat/nanochat/wandb/debug-cli.astarostin.log
Syncing: https://wandb.ai/anatoli-starostin-relocation/spiky-nanochat/runs/d24-dense-1xh100-s0-4bad20ea ... done.
[2026-10-08T00:31:43+03:00] wandb sync end (rc=0)
[2026-10-08T00:35:43+03:00] wandb sync start
Find logs at: /home/astarostin/projects/lut_nanochat_wt/experiments/lut_nanochat/nanochat/wandb/debug-cli.astarostin.log
Syncing: https://wandb.ai/anatoli-starostin-relocation/spiky-nanochat/runs/d24-dense-1xh100-s0-4bad20ea ... done.
[2026-10-08T00:35:59+03:00] wandb sync end (rc=0)
[2026-10-08T00:39:59+03:00] wandb sync start
Find logs at: /home/astarostin/projects/lut_nanochat_wt/experiments/lut_nanochat/nanochat/wandb/debug-cli.astarostin.log
Syncing: https://wandb.ai/anatoli-starostin-relocation/spiky-nanochat/runs/d24-dense-1xh100-s0-4bad20ea ... done.
[2026-10-08T00:40:15+03:00] wandb sync end (rc=0)
[2026-10-08T00:44:15+03:00] wandb sync start
Find logs at: /home/astarostin/projects/lut_nanochat_wt/experiments/lut_nanochat/nanochat/wandb/debug-cli.astarostin.log
Syncing: https://wandb.ai/anatoli-starostin-relocation/spiky-nanochat/runs/d24-dense-1xh100-s0-4bad20ea ... done.
[2026-10-08T00:44:31+03:00] wandb sync end (rc=0)
[2026-10-08T00:48:31+03:00] wandb sync start
Find logs at: /home/astarostin/projects/lut_nanochat_wt/experiments/lut_nanochat/nanochat/wandb/debug-cli.astarostin.log
Syncing: https://wandb.ai/anatoli-starostin-relocation/spiky-nanochat/runs/d24-dense-1xh100-s0-4bad20ea ... done.
[2026-10-08T00:48:46+03:00] wandb sync end (rc=0)
[2026-10-08T00:52:46+03:00] wandb sync start
Find logs at: /home/astarostin/projects/lut_nanochat_wt/experiments/lut_nanochat/nanochat/wandb/debug-cli.astarostin.log
Syncing: https://wandb.ai/anatoli-starostin-relocation/spiky-nanochat/runs/d24-dense-1xh100-s0-4bad20ea ... done.
[2026-10-08T00:53:01+03:00] wandb sync end (rc=0)
[2026-10-08T00:57:01+03:00] wandb sync start
Find logs at: /home/astarostin/projects/lut_nanochat_wt/experiments/lut_nanochat/nanochat/wandb/debug-cli.astarostin.log
Syncing: https://wandb.ai/anatoli-starostin-relocation/spiky-nanochat/runs/d24-dense-1xh100-s0-4bad20ea ... done.
[2026-10-08T00:57:17+03:00] wandb sync end (rc=0)
[2026-10-08T01:01:17+03:00] wandb sync start
Find logs at: /home/astarostin/projects/lut_nanochat_wt/experiments/lut_nanochat/nanochat/wandb/debug-cli.astarostin.log
Syncing: https://wandb.ai/anatoli-starostin-relocation/spiky-nanochat/runs/d24-dense-1xh100-s0-4bad20ea ... done.
[2026-10-08T01:01:32+03:00] wandb sync end (rc=0)
[2026-10-08T01:05:32+03:00] wandb sync start
Find logs at: /home/astarostin/projects/lut_nanochat_wt/experiments/lut_nanochat/nanochat/wandb/debug-cli.astarostin.log
Syncing: https://wandb.ai/anatoli-starostin-relocation/spiky-nanochat/runs/d24-dense-1xh100-s0-4bad20ea ... done.
[2026-10-08T01:05:47+03:00] wandb sync end (rc=0)
[2026-10-08T01:09:47+03:00] wandb sync start
Find logs at: /home/astarostin/projects/lut_nanochat_wt/experiments/lut_nanochat/nanochat/wandb/debug-cli.astarostin.log
Syncing: https://wandb.ai/anatoli-starostin-relocation/spiky-nanochat/runs/d24-dense-1xh100-s0-4bad20ea ... done.
[2026-10-08T01:10:02+03:00] wandb sync end (rc=0)
[2026-10-08T01:14:02+03:00] wandb sync start
Find logs at: /home/astarostin/projects/lut_nanochat_wt/experiments/lut_nanochat/nanochat/wandb/debug-cli.astarostin.log
Syncing: https://wandb.ai/anatoli-starostin-relocation/spiky-nanochat/runs/d24-dense-1xh100-s0-4bad20ea ... done.
[2026-10-08T01:14:19+03:00] wandb sync end (rc=0)
[2026-10-08T01:18:19+03:00] wandb sync start
Find logs at: /home/astarostin/projects/lut_nanochat_wt/experiments/lut_nanochat/nanochat/wandb/debug-cli.astarostin.log
Syncing: https://wandb.ai/anatoli-starostin-relocation/spiky-nanochat/runs/d24-dense-1xh100-s0-4bad20ea ... done.
[2026-10-08T01:18:34+03:00] wandb sync end (rc=0)
[2026-10-08T01:22:34+03:00] wandb sync start
Find logs at: /home/astarostin/projects/lut_nanochat_wt/experiments/lut_nanochat/nanochat/wandb/debug-cli.astarostin.log
Syncing: https://wandb.ai/anatoli-starostin-relocation/spiky-nanochat/runs/d24-dense-1xh100-s0-4bad20ea ... done.
[2026-10-08T01:22:50+03:00] wandb sync end (rc=0)
[2026-10-08T01:26:50+03:00] wandb sync start
Find logs at: /home/astarostin/projects/lut_nanochat_wt/experiments/lut_nanochat/nanochat/wandb/debug-cli.astarostin.log
Syncing: https://wandb.ai/anatoli-starostin-relocation/spiky-nanochat/runs/d24-dense-1xh100-s0-4bad20ea ... done.
[2026-10-08T01:27:07+03:00] wandb sync end (rc=0)
[2026-10-08T01:31:07+03:00] wandb sync start
Find logs at: /home/astarostin/projects/lut_nanochat_wt/experiments/lut_nanochat/nanochat/wandb/debug-cli.astarostin.log
Syncing: https://wandb.ai/anatoli-starostin-relocation/spiky-nanochat/runs/d24-dense-1xh100-s0-4bad20ea ... done.
[2026-10-08T01:31:22+03:00] wandb sync end (rc=0)
[2026-10-08T01:35:22+03:00] wandb sync start
Find logs at: /home/astarostin/projects/lut_nanochat_wt/experiments/lut_nanochat/nanochat/wandb/debug-cli.astarostin.log
Syncing: https://wandb.ai/anatoli-starostin-relocation/spiky-nanochat/runs/d24-dense-1xh100-s0-4bad20ea ... done.
[2026-10-08T01:35:39+03:00] wandb sync end (rc=0)
[2026-10-08T01:39:39+03:00] wandb sync start
Find logs at: /home/astarostin/projects/lut_nanochat_wt/experiments/lut_nanochat/nanochat/wandb/debug-cli.astarostin.log
Syncing: https://wandb.ai/anatoli-starostin-relocation/spiky-nanochat/runs/d24-dense-1xh100-s0-4bad20ea ... done.
[2026-10-08T01:39:55+03:00] wandb sync end (rc=0)
[2026-10-08T01:43:55+03:00] wandb sync start
Find logs at: /home/astarostin/projects/lut_nanochat_wt/experiments/lut_nanochat/nanochat/wandb/debug-cli.astarostin.log
Syncing: https://wandb.ai/anatoli-starostin-relocation/spiky-nanochat/runs/d24-dense-1xh100-s0-4bad20ea ... done.
[2026-10-08T01:44:10+03:00] wandb sync end (rc=0)
[2026-10-08T01:48:10+03:00] wandb sync start
Find logs at: /home/astarostin/projects/lut_nanochat_wt/experiments/lut_nanochat/nanochat/wandb/debug-cli.astarostin.log
Syncing: https://wandb.ai/anatoli-starostin-relocation/spiky-nanochat/runs/d24-dense-1xh100-s0-4bad20ea ... done.
[2026-10-08T01:48:27+03:00] wandb sync end (rc=0)
[2026-10-08T01:52:27+03:00] wandb sync start
Find logs at: /home/astarostin/projects/lut_nanochat_wt/experiments/lut_nanochat/nanochat/wandb/debug-cli.astarostin.log
Syncing: https://wandb.ai/anatoli-starostin-relocation/spiky-nanochat/runs/d24-dense-1xh100-s0-4bad20ea ... done.
[2026-10-08T01:52:44+03:00] wandb sync end (rc=0)
[2026-10-08T01:56:44+03:00] wandb sync start
Find logs at: /home/astarostin/projects/lut_nanochat_wt/experiments/lut_nanochat/nanochat/wandb/debug-cli.astarostin.log
Syncing: https://wandb.ai/anatoli-starostin-relocation/spiky-nanochat/runs/d24-dense-1xh100-s0-4bad20ea ... done.
[2026-10-08T01:57:00+03:00] wandb sync end (rc=0)
[2026-10-08T02:01:00+03:00] wandb sync start
Find logs at: /home/astarostin/projects/lut_nanochat_wt/experiments/lut_nanochat/nanochat/wandb/debug-cli.astarostin.log
Syncing: https://wandb.ai/anatoli-starostin-relocation/spiky-nanochat/runs/d24-dense-1xh100-s0-4bad20ea ... done.
[2026-10-08T02:01:16+03:00] wandb sync end (rc=0)
[2026-10-08T02:05:16+03:00] wandb sync start
Find logs at: /home/astarostin/projects/lut_nanochat_wt/experiments/lut_nanochat/nanochat/wandb/debug-cli.astarostin.log
Syncing: https://wandb.ai/anatoli-starostin-relocation/spiky-nanochat/runs/d24-dense-1xh100-s0-4bad20ea ... done.
[2026-10-08T02:05:32+03:00] wandb sync end (rc=0)
[2026-10-08T02:09:32+03:00] wandb sync start
Find logs at: /home/astarostin/projects/lut_nanochat_wt/experiments/lut_nanochat/nanochat/wandb/debug-cli.astarostin.log
Syncing: https://wandb.ai/anatoli-starostin-relocation/spiky-nanochat/runs/d24-dense-1xh100-s0-4bad20ea ... done.
[2026-10-08T02:09:49+03:00] wandb sync end (rc=0)
[2026-10-08T02:13:49+03:00] wandb sync start
Find logs at: /home/astarostin/projects/lut_nanochat_wt/experiments/lut_nanochat/nanochat/wandb/debug-cli.astarostin.log
Syncing: https://wandb.ai/anatoli-starostin-relocation/spiky-nanochat/runs/d24-dense-1xh100-s0-4bad20ea ... done.
[2026-10-08T02:14:05+03:00] wandb sync end (rc=0)
[2026-10-08T02:18:05+03:00] wandb sync start
Find logs at: /home/astarostin/projects/lut_nanochat_wt/experiments/lut_nanochat/nanochat/wandb/debug-cli.astarostin.log
Syncing: https://wandb.ai/anatoli-starostin-relocation/spiky-nanochat/runs/d24-dense-1xh100-s0-4bad20ea ... done.
[2026-10-08T02:18:21+03:00] wandb sync end (rc=0)
[2026-10-08T02:22:21+03:00] wandb sync start
Find logs at: /home/astarostin/projects/lut_nanochat_wt/experiments/lut_nanochat/nanochat/wandb/debug-cli.astarostin.log
Syncing: https://wandb.ai/anatoli-starostin-relocation/spiky-nanochat/runs/d24-dense-1xh100-s0-4bad20ea ... done.
[2026-10-08T02:22:43+03:00] wandb sync end (rc=0)
[2026-10-08T02:26:43+03:00] wandb sync start
Find logs at: /home/astarostin/projects/lut_nanochat_wt/experiments/lut_nanochat/nanochat/wandb/debug-cli.astarostin.log
Syncing: https://wandb.ai/anatoli-starostin-relocation/spiky-nanochat/runs/d24-dense-1xh100-s0-4bad20ea ... done.
[2026-10-08T02:26:59+03:00] wandb sync end (rc=0)
[2026-10-08T02:30:59+03:00] wandb sync start
Find logs at: /home/astarostin/projects/lut_nanochat_wt/experiments/lut_nanochat/nanochat/wandb/debug-cli.astarostin.log
Syncing: https://wandb.ai/anatoli-starostin-relocation/spiky-nanochat/runs/d24-dense-1xh100-s0-4bad20ea ... done.
[2026-10-08T02:31:17+03:00] wandb sync end (rc=0)
[2026-10-08T02:35:17+03:00] wandb sync start
Find logs at: /home/astarostin/projects/lut_nanochat_wt/experiments/lut_nanochat/nanochat/wandb/debug-cli.astarostin.log
Syncing: https://wandb.ai/anatoli-starostin-relocation/spiky-nanochat/runs/d24-dense-1xh100-s0-4bad20ea ... done.
[2026-10-08T02:35:33+03:00] wandb sync end (rc=0)
[2026-10-08T02:39:33+03:00] wandb sync start
Find logs at: /home/astarostin/projects/lut_nanochat_wt/experiments/lut_nanochat/nanochat/wandb/debug-cli.astarostin.log
Syncing: https://wandb.ai/anatoli-starostin-relocation/spiky-nanochat/runs/d24-dense-1xh100-s0-4bad20ea ... done.
[2026-10-08T02:39:49+03:00] wandb sync end (rc=0)
[2026-10-08T02:43:49+03:00] wandb sync start
Find logs at: /home/astarostin/projects/lut_nanochat_wt/experiments/lut_nanochat/nanochat/wandb/debug-cli.astarostin.log
Syncing: https://wandb.ai/anatoli-starostin-relocation/spiky-nanochat/runs/d24-dense-1xh100-s0-4bad20ea ... done.
[2026-10-08T02:44:05+03:00] wandb sync end (rc=0)
[2026-10-08T02:48:05+03:00] wandb sync start
Find logs at: /home/astarostin/projects/lut_nanochat_wt/experiments/lut_nanochat/nanochat/wandb/debug-cli.astarostin.log
Syncing: https://wandb.ai/anatoli-starostin-relocation/spiky-nanochat/runs/d24-dense-1xh100-s0-4bad20ea ... done.
[2026-10-08T02:48:21+03:00] wandb sync end (rc=0)
[2026-10-08T02:52:21+03:00] wandb sync start
Find logs at: /home/astarostin/projects/lut_nanochat_wt/experiments/lut_nanochat/nanochat/wandb/debug-cli.astarostin.log
Syncing: https://wandb.ai/anatoli-starostin-relocation/spiky-nanochat/runs/d24-dense-1xh100-s0-4bad20ea ... done.
[2026-10-08T02:52:38+03:00] wandb sync end (rc=0)
[2026-10-08T02:56:38+03:00] wandb sync start
Find logs at: /home/astarostin/projects/lut_nanochat_wt/experiments/lut_nanochat/nanochat/wandb/debug-cli.astarostin.log
Syncing: https://wandb.ai/anatoli-starostin-relocation/spiky-nanochat/runs/d24-dense-1xh100-s0-4bad20ea ... done.
[2026-10-08T02:56:54+03:00] wandb sync end (rc=0)
[2026-10-08T03:00:54+03:00] wandb sync start
Find logs at: /home/astarostin/projects/lut_nanochat_wt/experiments/lut_nanochat/nanochat/wandb/debug-cli.astarostin.log
Syncing: https://wandb.ai/anatoli-starostin-relocation/spiky-nanochat/runs/d24-dense-1xh100-s0-4bad20ea ... done.
[2026-10-08T03:01:10+03:00] wandb sync end (rc=0)
[2026-10-08T03:05:10+03:00] wandb sync start
Find logs at: /home/astarostin/projects/lut_nanochat_wt/experiments/lut_nanochat/nanochat/wandb/debug-cli.astarostin.log
Syncing: https://wandb.ai/anatoli-starostin-relocation/spiky-nanochat/runs/d24-dense-1xh100-s0-4bad20ea ... done.
[2026-10-08T03:05:26+03:00] wandb sync end (rc=0)
[2026-10-08T03:09:26+03:00] wandb sync start
Find logs at: /home/astarostin/projects/lut_nanochat_wt/experiments/lut_nanochat/nanochat/wandb/debug-cli.astarostin.log
Syncing: https://wandb.ai/anatoli-starostin-relocation/spiky-nanochat/runs/d24-dense-1xh100-s0-4bad20ea ... done.
[2026-10-08T03:09:41+03:00] wandb sync end (rc=0)
[2026-10-08T03:13:41+03:00] wandb sync start
Find logs at: /home/astarostin/projects/lut_nanochat_wt/experiments/lut_nanochat/nanochat/wandb/debug-cli.astarostin.log
Syncing: https://wandb.ai/anatoli-starostin-relocation/spiky-nanochat/runs/d24-dense-1xh100-s0-4bad20ea ... done.
[2026-10-08T03:13:58+03:00] wandb sync end (rc=0)
[2026-10-08T03:17:58+03:00] wandb sync start
Find logs at: /home/astarostin/projects/lut_nanochat_wt/experiments/lut_nanochat/nanochat/wandb/debug-cli.astarostin.log
Syncing: https://wandb.ai/anatoli-starostin-relocation/spiky-nanochat/runs/d24-dense-1xh100-s0-4bad20ea ... done.
[2026-10-08T03:18:14+03:00] wandb sync end (rc=0)
[2026-10-08T03:22:14+03:00] wandb sync start
Find logs at: /home/astarostin/projects/lut_nanochat_wt/experiments/lut_nanochat/nanochat/wandb/debug-cli.astarostin.log
Syncing: https://wandb.ai/anatoli-starostin-relocation/spiky-nanochat/runs/d24-dense-1xh100-s0-4bad20ea ... done.
[2026-10-08T03:22:30+03:00] wandb sync end (rc=0)
[2026-10-08T03:26:30+03:00] wandb sync start
Find logs at: /home/astarostin/projects/lut_nanochat_wt/experiments/lut_nanochat/nanochat/wandb/debug-cli.astarostin.log
Syncing: https://wandb.ai/anatoli-starostin-relocation/spiky-nanochat/runs/d24-dense-1xh100-s0-4bad20ea ... done.
[2026-10-08T03:26:46+03:00] wandb sync end (rc=0)
[2026-10-08T03:30:46+03:00] wandb sync start
Find logs at: /home/astarostin/projects/lut_nanochat_wt/experiments/lut_nanochat/nanochat/wandb/debug-cli.astarostin.log
Syncing: https://wandb.ai/anatoli-starostin-relocation/spiky-nanochat/runs/d24-dense-1xh100-s0-4bad20ea ... done.
[2026-10-08T03:31:03+03:00] wandb sync end (rc=0)
[2026-10-08T03:35:03+03:00] wandb sync start
Find logs at: /home/astarostin/projects/lut_nanochat_wt/experiments/lut_nanochat/nanochat/wandb/debug-cli.astarostin.log
Syncing: https://wandb.ai/anatoli-starostin-relocation/spiky-nanochat/runs/d24-dense-1xh100-s0-4bad20ea ... done.
[2026-10-08T03:35:20+03:00] wandb sync end (rc=0)
[2026-10-08T03:39:20+03:00] wandb sync start
Find logs at: /home/astarostin/projects/lut_nanochat_wt/experiments/lut_nanochat/nanochat/wandb/debug-cli.astarostin.log
Syncing: https://wandb.ai/anatoli-starostin-relocation/spiky-nanochat/runs/d24-dense-1xh100-s0-4bad20ea ... done.
[2026-10-08T03:39:36+03:00] wandb sync end (rc=0)
[2026-10-08T03:43:36+03:00] wandb sync start
Find logs at: /home/astarostin/projects/lut_nanochat_wt/experiments/lut_nanochat/nanochat/wandb/debug-cli.astarostin.log
Syncing: https://wandb.ai/anatoli-starostin-relocation/spiky-nanochat/runs/d24-dense-1xh100-s0-4bad20ea ... done.
[2026-10-08T03:43:52+03:00] wandb sync end (rc=0)
[2026-10-08T03:47:52+03:00] wandb sync start
Find logs at: /home/astarostin/projects/lut_nanochat_wt/experiments/lut_nanochat/nanochat/wandb/debug-cli.astarostin.log
Syncing: https://wandb.ai/anatoli-starostin-relocation/spiky-nanochat/runs/d24-dense-1xh100-s0-4bad20ea ... done.
[2026-10-08T03:48:08+03:00] wandb sync end (rc=0)
[2026-10-08T03:52:08+03:00] wandb sync start
Find logs at: /home/astarostin/projects/lut_nanochat_wt/experiments/lut_nanochat/nanochat/wandb/debug-cli.astarostin.log
Syncing: https://wandb.ai/anatoli-starostin-relocation/spiky-nanochat/runs/d24-dense-1xh100-s0-4bad20ea ... done.
[2026-10-08T03:52:25+03:00] wandb sync end (rc=0)
[2026-10-08T03:56:25+03:00] wandb sync start
Find logs at: /home/astarostin/projects/lut_nanochat_wt/experiments/lut_nanochat/nanochat/wandb/debug-cli.astarostin.log
Syncing: https://wandb.ai/anatoli-starostin-relocation/spiky-nanochat/runs/d24-dense-1xh100-s0-4bad20ea ... done.
[2026-10-08T03:56:42+03:00] wandb sync end (rc=0)
[2026-10-08T04:00:42+03:00] wandb sync start
Find logs at: /home/astarostin/projects/lut_nanochat_wt/experiments/lut_nanochat/nanochat/wandb/debug-cli.astarostin.log
Syncing: https://wandb.ai/anatoli-starostin-relocation/spiky-nanochat/runs/d24-dense-1xh100-s0-4bad20ea ... done.
[2026-10-08T04:00:58+03:00] wandb sync end (rc=0)
[2026-10-08T04:04:58+03:00] wandb sync start
Find logs at: /home/astarostin/projects/lut_nanochat_wt/experiments/lut_nanochat/nanochat/wandb/debug-cli.astarostin.log
Syncing: https://wandb.ai/anatoli-starostin-relocation/spiky-nanochat/runs/d24-dense-1xh100-s0-4bad20ea ... done.
[2026-10-08T04:05:14+03:00] wandb sync end (rc=0)
[2026-10-08T04:09:14+03:00] wandb sync start
Find logs at: /home/astarostin/projects/lut_nanochat_wt/experiments/lut_nanochat/nanochat/wandb/debug-cli.astarostin.log
Syncing: https://wandb.ai/anatoli-starostin-relocation/spiky-nanochat/runs/d24-dense-1xh100-s0-4bad20ea ... done.
[2026-10-08T04:09:30+03:00] wandb sync end (rc=0)
[2026-10-08T04:13:30+03:00] wandb sync start
Find logs at: /home/astarostin/projects/lut_nanochat_wt/experiments/lut_nanochat/nanochat/wandb/debug-cli.astarostin.log
Syncing: https://wandb.ai/anatoli-starostin-relocation/spiky-nanochat/runs/d24-dense-1xh100-s0-4bad20ea ... done.
[2026-10-08T04:13:47+03:00] wandb sync end (rc=0)
[2026-10-08T04:17:47+03:00] wandb sync start
Find logs at: /home/astarostin/projects/lut_nanochat_wt/experiments/lut_nanochat/nanochat/wandb/debug-cli.astarostin.log
Syncing: https://wandb.ai/anatoli-starostin-relocation/spiky-nanochat/runs/d24-dense-1xh100-s0-4bad20ea ... done.
[2026-10-08T04:18:03+03:00] wandb sync end (rc=0)
[2026-10-08T04:22:03+03:00] wandb sync start
Find logs at: /home/astarostin/projects/lut_nanochat_wt/experiments/lut_nanochat/nanochat/wandb/debug-cli.astarostin.log
Syncing: https://wandb.ai/anatoli-starostin-relocation/spiky-nanochat/runs/d24-dense-1xh100-s0-4bad20ea ... done.
[2026-10-08T04:22:23+03:00] wandb sync end (rc=0)
[2026-10-08T04:26:23+03:00] wandb sync start
Find logs at: /home/astarostin/projects/lut_nanochat_wt/experiments/lut_nanochat/nanochat/wandb/debug-cli.astarostin.log
Syncing: https://wandb.ai/anatoli-starostin-relocation/spiky-nanochat/runs/d24-dense-1xh100-s0-4bad20ea ... done.
[2026-10-08T04:26:40+03:00] wandb sync end (rc=0)
[2026-10-08T04:30:40+03:00] wandb sync start
Find logs at: /home/astarostin/projects/lut_nanochat_wt/experiments/lut_nanochat/nanochat/wandb/debug-cli.astarostin.log
Syncing: https://wandb.ai/anatoli-starostin-relocation/spiky-nanochat/runs/d24-dense-1xh100-s0-4bad20ea ... done.
[2026-10-08T04:30:57+03:00] wandb sync end (rc=0)
[2026-10-08T04:34:57+03:00] wandb sync start
Find logs at: /home/astarostin/projects/lut_nanochat_wt/experiments/lut_nanochat/nanochat/wandb/debug-cli.astarostin.log
Syncing: https://wandb.ai/anatoli-starostin-relocation/spiky-nanochat/runs/d24-dense-1xh100-s0-4bad20ea ... done.
[2026-10-08T04:35:12+03:00] wandb sync end (rc=0)
[2026-10-08T04:39:12+03:00] wandb sync start
Find logs at: /home/astarostin/projects/lut_nanochat_wt/experiments/lut_nanochat/nanochat/wandb/debug-cli.astarostin.log
Syncing: https://wandb.ai/anatoli-starostin-relocation/spiky-nanochat/runs/d24-dense-1xh100-s0-4bad20ea ... done.
[2026-10-08T04:39:27+03:00] wandb sync end (rc=0)
[2026-10-08T04:43:27+03:00] wandb sync start
Find logs at: /home/astarostin/projects/lut_nanochat_wt/experiments/lut_nanochat/nanochat/wandb/debug-cli.astarostin.log
Syncing: https://wandb.ai/anatoli-starostin-relocation/spiky-nanochat/runs/d24-dense-1xh100-s0-4bad20ea ... done.
[2026-10-08T04:43:43+03:00] wandb sync end (rc=0)
[2026-10-08T04:47:43+03:00] wandb sync start
Find logs at: /home/astarostin/projects/lut_nanochat_wt/experiments/lut_nanochat/nanochat/wandb/debug-cli.astarostin.log
Syncing: https://wandb.ai/anatoli-starostin-relocation/spiky-nanochat/runs/d24-dense-1xh100-s0-4bad20ea ... done.
[2026-10-08T04:48:02+03:00] wandb sync end (rc=0)
[2026-10-08T04:52:02+03:00] wandb sync start
Find logs at: /home/astarostin/projects/lut_nanochat_wt/experiments/lut_nanochat/nanochat/wandb/debug-cli.astarostin.log
Syncing: https://wandb.ai/anatoli-starostin-relocation/spiky-nanochat/runs/d24-dense-1xh100-s0-4bad20ea ... done.
[2026-10-08T04:52:18+03:00] wandb sync end (rc=0)
[2026-10-08T04:56:18+03:00] wandb sync start
Find logs at: /home/astarostin/projects/lut_nanochat_wt/experiments/lut_nanochat/nanochat/wandb/debug-cli.astarostin.log
Syncing: https://wandb.ai/anatoli-starostin-relocation/spiky-nanochat/runs/d24-dense-1xh100-s0-4bad20ea ... done.
[2026-10-08T04:56:35+03:00] wandb sync end (rc=0)
[2026-10-08T05:00:35+03:00] wandb sync start
Find logs at: /home/astarostin/projects/lut_nanochat_wt/experiments/lut_nanochat/nanochat/wandb/debug-cli.astarostin.log
Syncing: https://wandb.ai/anatoli-starostin-relocation/spiky-nanochat/runs/d24-dense-1xh100-s0-4bad20ea ... done.
[2026-10-08T05:00:52+03:00] wandb sync end (rc=0)
[2026-10-08T05:04:52+03:00] wandb sync start
Find logs at: /home/astarostin/projects/lut_nanochat_wt/experiments/lut_nanochat/nanochat/wandb/debug-cli.astarostin.log
Syncing: https://wandb.ai/anatoli-starostin-relocation/spiky-nanochat/runs/d24-dense-1xh100-s0-4bad20ea ... done.
[2026-10-08T05:05:09+03:00] wandb sync end (rc=0)
[2026-10-08T05:09:09+03:00] wandb sync start
Find logs at: /home/astarostin/projects/lut_nanochat_wt/experiments/lut_nanochat/nanochat/wandb/debug-cli.astarostin.log
Syncing: https://wandb.ai/anatoli-starostin-relocation/spiky-nanochat/runs/d24-dense-1xh100-s0-4bad20ea ... done.
[2026-10-08T05:09:25+03:00] wandb sync end (rc=0)
[2026-10-08T05:13:25+03:00] wandb sync start
Find logs at: /home/astarostin/projects/lut_nanochat_wt/experiments/lut_nanochat/nanochat/wandb/debug-cli.astarostin.log
Syncing: https://wandb.ai/anatoli-starostin-relocation/spiky-nanochat/runs/d24-dense-1xh100-s0-4bad20ea ... done.
[2026-10-08T05:13:41+03:00] wandb sync end (rc=0)
[2026-10-08T05:17:41+03:00] wandb sync start
Find logs at: /home/astarostin/projects/lut_nanochat_wt/experiments/lut_nanochat/nanochat/wandb/debug-cli.astarostin.log
Syncing: https://wandb.ai/anatoli-starostin-relocation/spiky-nanochat/runs/d24-dense-1xh100-s0-4bad20ea ... done.
[2026-10-08T05:17:57+03:00] wandb sync end (rc=0)
[2026-10-08T05:21:57+03:00] wandb sync start
Find logs at: /home/astarostin/projects/lut_nanochat_wt/experiments/lut_nanochat/nanochat/wandb/debug-cli.astarostin.log
Syncing: https://wandb.ai/anatoli-starostin-relocation/spiky-nanochat/runs/d24-dense-1xh100-s0-4bad20ea ... done.
[2026-10-08T05:22:16+03:00] wandb sync end (rc=0)
[2026-10-08T05:26:16+03:00] wandb sync start
Find logs at: /home/astarostin/projects/lut_nanochat_wt/experiments/lut_nanochat/nanochat/wandb/debug-cli.astarostin.log
Syncing: https://wandb.ai/anatoli-starostin-relocation/spiky-nanochat/runs/d24-dense-1xh100-s0-4bad20ea ... done.
[2026-10-08T05:26:34+03:00] wandb sync end (rc=0)
[2026-10-08T05:30:34+03:00] wandb sync start
Find logs at: /home/astarostin/projects/lut_nanochat_wt/experiments/lut_nanochat/nanochat/wandb/debug-cli.astarostin.log
Syncing: https://wandb.ai/anatoli-starostin-relocation/spiky-nanochat/runs/d24-dense-1xh100-s0-4bad20ea ... done.
[2026-10-08T05:30:53+03:00] wandb sync end (rc=0)
[2026-10-08T05:34:53+03:00] wandb sync start
Find logs at: /home/astarostin/projects/lut_nanochat_wt/experiments/lut_nanochat/nanochat/wandb/debug-cli.astarostin.log
Syncing: https://wandb.ai/anatoli-starostin-relocation/spiky-nanochat/runs/d24-dense-1xh100-s0-4bad20ea ... done.
[2026-10-08T05:35:09+03:00] wandb sync end (rc=0)
[2026-10-08T05:39:09+03:00] wandb sync start
Find logs at: /home/astarostin/projects/lut_nanochat_wt/experiments/lut_nanochat/nanochat/wandb/debug-cli.astarostin.log
Syncing: https://wandb.ai/anatoli-starostin-relocation/spiky-nanochat/runs/d24-dense-1xh100-s0-4bad20ea ... done.
[2026-10-08T05:39:28+03:00] wandb sync end (rc=0)
[2026-10-08T05:43:28+03:00] wandb sync start
Find logs at: /home/astarostin/projects/lut_nanochat_wt/experiments/lut_nanochat/nanochat/wandb/debug-cli.astarostin.log
Syncing: https://wandb.ai/anatoli-starostin-relocation/spiky-nanochat/runs/d24-dense-1xh100-s0-4bad20ea ... done.
[2026-10-08T05:43:46+03:00] wandb sync end (rc=0)
[2026-10-08T05:47:46+03:00] wandb sync start
Find logs at: /home/astarostin/projects/lut_nanochat_wt/experiments/lut_nanochat/nanochat/wandb/debug-cli.astarostin.log
Syncing: https://wandb.ai/anatoli-starostin-relocation/spiky-nanochat/runs/d24-dense-1xh100-s0-4bad20ea ... done.
[2026-10-08T05:48:05+03:00] wandb sync end (rc=0)
[2026-10-08T05:52:05+03:00] wandb sync start
Find logs at: /home/astarostin/projects/lut_nanochat_wt/experiments/lut_nanochat/nanochat/wandb/debug-cli.astarostin.log
Syncing: https://wandb.ai/anatoli-starostin-relocation/spiky-nanochat/runs/d24-dense-1xh100-s0-4bad20ea ... done.
[2026-10-08T05:52:23+03:00] wandb sync end (rc=0)
[2026-10-08T05:56:23+03:00] wandb sync start
Find logs at: /home/astarostin/projects/lut_nanochat_wt/experiments/lut_nanochat/nanochat/wandb/debug-cli.astarostin.log
Syncing: https://wandb.ai/anatoli-starostin-relocation/spiky-nanochat/runs/d24-dense-1xh100-s0-4bad20ea ... done.
[2026-10-08T05:56:41+03:00] wandb sync end (rc=0)
[2026-10-08T06:00:41+03:00] wandb sync start
Find logs at: /home/astarostin/projects/lut_nanochat_wt/experiments/lut_nanochat/nanochat/wandb/debug-cli.astarostin.log
Syncing: https://wandb.ai/anatoli-starostin-relocation/spiky-nanochat/runs/d24-dense-1xh100-s0-4bad20ea ... done.
[2026-10-08T06:00:59+03:00] wandb sync end (rc=0)
[2026-10-08T06:04:59+03:00] wandb sync start
Find logs at: /home/astarostin/projects/lut_nanochat_wt/experiments/lut_nanochat/nanochat/wandb/debug-cli.astarostin.log
Syncing: https://wandb.ai/anatoli-starostin-relocation/spiky-nanochat/runs/d24-dense-1xh100-s0-4bad20ea ... done.
[2026-10-08T06:05:18+03:00] wandb sync end (rc=0)
[2026-10-08T06:09:18+03:00] wandb sync start
Find logs at: /home/astarostin/projects/lut_nanochat_wt/experiments/lut_nanochat/nanochat/wandb/debug-cli.astarostin.log
Syncing: https://wandb.ai/anatoli-starostin-relocation/spiky-nanochat/runs/d24-dense-1xh100-s0-4bad20ea ... done.
[2026-10-08T06:09:41+03:00] wandb sync end (rc=0)
[2026-10-08T06:13:41+03:00] wandb sync start
Find logs at: /home/astarostin/projects/lut_nanochat_wt/experiments/lut_nanochat/nanochat/wandb/debug-cli.astarostin.log
Syncing: https://wandb.ai/anatoli-starostin-relocation/spiky-nanochat/runs/d24-dense-1xh100-s0-4bad20ea ... done.
[2026-10-08T06:14:00+03:00] wandb sync end (rc=0)
[2026-10-08T06:18:00+03:00] wandb sync start
Find logs at: /home/astarostin/projects/lut_nanochat_wt/experiments/lut_nanochat/nanochat/wandb/debug-cli.astarostin.log
Syncing: https://wandb.ai/anatoli-starostin-relocation/spiky-nanochat/runs/d24-dense-1xh100-s0-4bad20ea ... done.
[2026-10-08T06:18:17+03:00] wandb sync end (rc=0)
[2026-10-08T06:22:17+03:00] wandb sync start
Find logs at: /home/astarostin/projects/lut_nanochat_wt/experiments/lut_nanochat/nanochat/wandb/debug-cli.astarostin.log
Syncing: https://wandb.ai/anatoli-starostin-relocation/spiky-nanochat/runs/d24-dense-1xh100-s0-4bad20ea ... done.
[2026-10-08T06:22:33+03:00] wandb sync end (rc=0)
[2026-10-08T06:26:33+03:00] wandb sync start
Find logs at: /home/astarostin/projects/lut_nanochat_wt/experiments/lut_nanochat/nanochat/wandb/debug-cli.astarostin.log
Syncing: https://wandb.ai/anatoli-starostin-relocation/spiky-nanochat/runs/d24-dense-1xh100-s0-4bad20ea ... done.
[2026-10-08T06:26:52+03:00] wandb sync end (rc=0)
[2026-10-08T06:30:52+03:00] wandb sync start
Find logs at: /home/astarostin/projects/lut_nanochat_wt/experiments/lut_nanochat/nanochat/wandb/debug-cli.astarostin.log
Syncing: https://wandb.ai/anatoli-starostin-relocation/spiky-nanochat/runs/d24-dense-1xh100-s0-4bad20ea ... done.
[2026-10-08T06:31:09+03:00] wandb sync end (rc=0)
[2026-10-08T06:35:09+03:00] wandb sync start
Find logs at: /home/astarostin/projects/lut_nanochat_wt/experiments/lut_nanochat/nanochat/wandb/debug-cli.astarostin.log
Syncing: https://wandb.ai/anatoli-starostin-relocation/spiky-nanochat/runs/d24-dense-1xh100-s0-4bad20ea ... done.
[2026-10-08T06:35:25+03:00] wandb sync end (rc=0)
[2026-10-08T06:39:25+03:00] wandb sync start
Find logs at: /home/astarostin/projects/lut_nanochat_wt/experiments/lut_nanochat/nanochat/wandb/debug-cli.astarostin.log
Syncing: https://wandb.ai/anatoli-starostin-relocation/spiky-nanochat/runs/d24-dense-1xh100-s0-4bad20ea ... done.
[2026-10-08T06:39:44+03:00] wandb sync end (rc=0)
[2026-10-08T06:43:44+03:00] wandb sync start
Find logs at: /home/astarostin/projects/lut_nanochat_wt/experiments/lut_nanochat/nanochat/wandb/debug-cli.astarostin.log
Syncing: https://wandb.ai/anatoli-starostin-relocation/spiky-nanochat/runs/d24-dense-1xh100-s0-4bad20ea ... done.
[2026-10-08T06:44:03+03:00] wandb sync end (rc=0)
[2026-10-08T06:48:03+03:00] wandb sync start
Find logs at: /home/astarostin/projects/lut_nanochat_wt/experiments/lut_nanochat/nanochat/wandb/debug-cli.astarostin.log
Syncing: https://wandb.ai/anatoli-starostin-relocation/spiky-nanochat/runs/d24-dense-1xh100-s0-4bad20ea ... done.
[2026-10-08T06:48:21+03:00] wandb sync end (rc=0)
[2026-10-08T06:52:21+03:00] wandb sync start
Find logs at: /home/astarostin/projects/lut_nanochat_wt/experiments/lut_nanochat/nanochat/wandb/debug-cli.astarostin.log
Syncing: https://wandb.ai/anatoli-starostin-relocation/spiky-nanochat/runs/d24-dense-1xh100-s0-4bad20ea ... done.
[2026-10-08T06:52:39+03:00] wandb sync end (rc=0)
[2026-10-08T06:56:39+03:00] wandb sync start
Find logs at: /home/astarostin/projects/lut_nanochat_wt/experiments/lut_nanochat/nanochat/wandb/debug-cli.astarostin.log
Syncing: https://wandb.ai/anatoli-starostin-relocation/spiky-nanochat/runs/d24-dense-1xh100-s0-4bad20ea ... done.
[2026-10-08T06:57:07+03:00] wandb sync end (rc=0)
[2026-10-08T07:01:07+03:00] wandb sync start
Find logs at: /home/astarostin/projects/lut_nanochat_wt/experiments/lut_nanochat/nanochat/wandb/debug-cli.astarostin.log
Syncing: https://wandb.ai/anatoli-starostin-relocation/spiky-nanochat/runs/d24-dense-1xh100-s0-4bad20ea ... done.
[2026-10-08T07:01:27+03:00] wandb sync end (rc=0)
[2026-10-08T07:05:27+03:00] wandb sync start
Find logs at: /home/astarostin/projects/lut_nanochat_wt/experiments/lut_nanochat/nanochat/wandb/debug-cli.astarostin.log
Syncing: https://wandb.ai/anatoli-starostin-relocation/spiky-nanochat/runs/d24-dense-1xh100-s0-4bad20ea ... done.
[2026-10-08T07:05:46+03:00] wandb sync end (rc=0)
[2026-10-08T07:09:46+03:00] wandb sync start
Find logs at: /home/astarostin/projects/lut_nanochat_wt/experiments/lut_nanochat/nanochat/wandb/debug-cli.astarostin.log
Syncing: https://wandb.ai/anatoli-starostin-relocation/spiky-nanochat/runs/d24-dense-1xh100-s0-4bad20ea ... done.
[2026-10-08T07:10:04+03:00] wandb sync end (rc=0)
[2026-10-08T07:14:04+03:00] wandb sync start
Find logs at: /home/astarostin/projects/lut_nanochat_wt/experiments/lut_nanochat/nanochat/wandb/debug-cli.astarostin.log
Syncing: https://wandb.ai/anatoli-starostin-relocation/spiky-nanochat/runs/d24-dense-1xh100-s0-4bad20ea ... done.
[2026-10-08T07:14:22+03:00] wandb sync end (rc=0)
[2026-10-08T07:18:22+03:00] wandb sync start
Find logs at: /home/astarostin/projects/lut_nanochat_wt/experiments/lut_nanochat/nanochat/wandb/debug-cli.astarostin.log
Syncing: https://wandb.ai/anatoli-starostin-relocation/spiky-nanochat/runs/d24-dense-1xh100-s0-4bad20ea ... done.
[2026-10-08T07:18:41+03:00] wandb sync end (rc=0)
[2026-10-08T07:22:41+03:00] wandb sync start
Find logs at: /home/astarostin/projects/lut_nanochat_wt/experiments/lut_nanochat/nanochat/wandb/debug-cli.astarostin.log
Syncing: https://wandb.ai/anatoli-starostin-relocation/spiky-nanochat/runs/d24-dense-1xh100-s0-4bad20ea ... done.
[2026-10-08T07:22:59+03:00] wandb sync end (rc=0)
[2026-10-08T07:26:59+03:00] wandb sync start
Find logs at: /home/astarostin/projects/lut_nanochat_wt/experiments/lut_nanochat/nanochat/wandb/debug-cli.astarostin.log
Syncing: https://wandb.ai/anatoli-starostin-relocation/spiky-nanochat/runs/d24-dense-1xh100-s0-4bad20ea ... done.
[2026-10-08T07:27:18+03:00] wandb sync end (rc=0)
[2026-10-08T07:31:18+03:00] wandb sync start
Find logs at: /home/astarostin/projects/lut_nanochat_wt/experiments/lut_nanochat/nanochat/wandb/debug-cli.astarostin.log
Syncing: https://wandb.ai/anatoli-starostin-relocation/spiky-nanochat/runs/d24-dense-1xh100-s0-4bad20ea ... done.
[2026-10-08T07:31:37+03:00] wandb sync end (rc=0)
[2026-10-08T07:35:37+03:00] wandb sync start
Find logs at: /home/astarostin/projects/lut_nanochat_wt/experiments/lut_nanochat/nanochat/wandb/debug-cli.astarostin.log
Syncing: https://wandb.ai/anatoli-starostin-relocation/spiky-nanochat/runs/d24-dense-1xh100-s0-4bad20ea ... done.
[2026-10-08T07:35:55+03:00] wandb sync end (rc=0)
[2026-10-08T07:39:55+03:00] wandb sync start
Find logs at: /home/astarostin/projects/lut_nanochat_wt/experiments/lut_nanochat/nanochat/wandb/debug-cli.astarostin.log
Syncing: https://wandb.ai/anatoli-starostin-relocation/spiky-nanochat/runs/d24-dense-1xh100-s0-4bad20ea ... done.
[2026-10-08T07:40:14+03:00] wandb sync end (rc=0)
[2026-10-08T07:44:14+03:00] wandb sync start
Find logs at: /home/astarostin/projects/lut_nanochat_wt/experiments/lut_nanochat/nanochat/wandb/debug-cli.astarostin.log
Syncing: https://wandb.ai/anatoli-starostin-relocation/spiky-nanochat/runs/d24-dense-1xh100-s0-4bad20ea ... done.
[2026-10-08T07:44:32+03:00] wandb sync end (rc=0)
[2026-10-08T07:48:32+03:00] wandb sync start
Find logs at: /home/astarostin/projects/lut_nanochat_wt/experiments/lut_nanochat/nanochat/wandb/debug-cli.astarostin.log
Syncing: https://wandb.ai/anatoli-starostin-relocation/spiky-nanochat/runs/d24-dense-1xh100-s0-4bad20ea ... done.
[2026-10-08T07:48:50+03:00] wandb sync end (rc=0)
[2026-10-08T07:52:50+03:00] wandb sync start
Find logs at: /home/astarostin/projects/lut_nanochat_wt/experiments/lut_nanochat/nanochat/wandb/debug-cli.astarostin.log
Syncing: https://wandb.ai/anatoli-starostin-relocation/spiky-nanochat/runs/d24-dense-1xh100-s0-4bad20ea ... done.
[2026-10-08T07:53:08+03:00] wandb sync end (rc=0)
[2026-10-08T07:57:08+03:00] wandb sync start
Find logs at: /home/astarostin/projects/lut_nanochat_wt/experiments/lut_nanochat/nanochat/wandb/debug-cli.astarostin.log
Syncing: https://wandb.ai/anatoli-starostin-relocation/spiky-nanochat/runs/d24-dense-1xh100-s0-4bad20ea ... done.
[2026-10-08T07:57:28+03:00] wandb sync end (rc=0)
[2026-10-08T08:01:28+03:00] wandb sync start
Find logs at: /home/astarostin/projects/lut_nanochat_wt/experiments/lut_nanochat/nanochat/wandb/debug-cli.astarostin.log
Syncing: https://wandb.ai/anatoli-starostin-relocation/spiky-nanochat/runs/d24-dense-1xh100-s0-4bad20ea ... done.
[2026-10-08T08:01:48+03:00] wandb sync end (rc=0)
[2026-10-08T08:05:48+03:00] wandb sync start
Find logs at: /home/astarostin/projects/lut_nanochat_wt/experiments/lut_nanochat/nanochat/wandb/debug-cli.astarostin.log
Syncing: https://wandb.ai/anatoli-starostin-relocation/spiky-nanochat/runs/d24-dense-1xh100-s0-4bad20ea ... done.
[2026-10-08T08:06:07+03:00] wandb sync end (rc=0)
[2026-10-08T08:10:07+03:00] wandb sync start
Find logs at: /home/astarostin/projects/lut_nanochat_wt/experiments/lut_nanochat/nanochat/wandb/debug-cli.astarostin.log
Syncing: https://wandb.ai/anatoli-starostin-relocation/spiky-nanochat/runs/d24-dense-1xh100-s0-4bad20ea ... done.
[2026-10-08T08:10:25+03:00] wandb sync end (rc=0)
[2026-10-08T08:14:25+03:00] wandb sync start
Find logs at: /home/astarostin/projects/lut_nanochat_wt/experiments/lut_nanochat/nanochat/wandb/debug-cli.astarostin.log
Syncing: https://wandb.ai/anatoli-starostin-relocation/spiky-nanochat/runs/d24-dense-1xh100-s0-4bad20ea ... done.
[2026-10-08T08:15:01+03:00] wandb sync end (rc=0)
[2026-10-08T08:19:01+03:00] wandb sync start
Find logs at: /home/astarostin/projects/lut_nanochat_wt/experiments/lut_nanochat/nanochat/wandb/debug-cli.astarostin.log
Syncing: https://wandb.ai/anatoli-starostin-relocation/spiky-nanochat/runs/d24-dense-1xh100-s0-4bad20ea ... done.
[2026-10-08T08:19:20+03:00] wandb sync end (rc=0)
[2026-10-08T08:23:20+03:00] wandb sync start
Find logs at: /home/astarostin/projects/lut_nanochat_wt/experiments/lut_nanochat/nanochat/wandb/debug-cli.astarostin.log
Syncing: https://wandb.ai/anatoli-starostin-relocation/spiky-nanochat/runs/d24-dense-1xh100-s0-4bad20ea ... done.
[2026-10-08T08:23:40+03:00] wandb sync end (rc=0)
[2026-10-08T08:27:40+03:00] wandb sync start
Find logs at: /home/astarostin/projects/lut_nanochat_wt/experiments/lut_nanochat/nanochat/wandb/debug-cli.astarostin.log
Syncing: https://wandb.ai/anatoli-starostin-relocation/spiky-nanochat/runs/d24-dense-1xh100-s0-4bad20ea ... done.
[2026-10-08T08:28:00+03:00] wandb sync end (rc=0)
[2026-10-08T08:32:00+03:00] wandb sync start
Find logs at: /home/astarostin/projects/lut_nanochat_wt/experiments/lut_nanochat/nanochat/wandb/debug-cli.astarostin.log
Syncing: https://wandb.ai/anatoli-starostin-relocation/spiky-nanochat/runs/d24-dense-1xh100-s0-4bad20ea ... done.
[2026-10-08T08:32:19+03:00] wandb sync end (rc=0)
[2026-10-08T08:36:19+03:00] wandb sync start
Find logs at: /home/astarostin/projects/lut_nanochat_wt/experiments/lut_nanochat/nanochat/wandb/debug-cli.astarostin.log
Syncing: https://wandb.ai/anatoli-starostin-relocation/spiky-nanochat/runs/d24-dense-1xh100-s0-4bad20ea ... done.
[2026-10-08T08:36:39+03:00] wandb sync end (rc=0)
[2026-10-08T08:40:39+03:00] wandb sync start
Find logs at: /home/astarostin/projects/lut_nanochat_wt/experiments/lut_nanochat/nanochat/wandb/debug-cli.astarostin.log
Syncing: https://wandb.ai/anatoli-starostin-relocation/spiky-nanochat/runs/d24-dense-1xh100-s0-4bad20ea ... done.
[2026-10-08T08:40:57+03:00] wandb sync end (rc=0)
[2026-10-08T08:44:57+03:00] wandb sync start
Find logs at: /home/astarostin/projects/lut_nanochat_wt/experiments/lut_nanochat/nanochat/wandb/debug-cli.astarostin.log
Syncing: https://wandb.ai/anatoli-starostin-relocation/spiky-nanochat/runs/d24-dense-1xh100-s0-4bad20ea ... done.
[2026-10-08T08:45:16+03:00] wandb sync end (rc=0)
[2026-10-08T08:49:16+03:00] wandb sync start
Find logs at: /home/astarostin/projects/lut_nanochat_wt/experiments/lut_nanochat/nanochat/wandb/debug-cli.astarostin.log
Syncing: https://wandb.ai/anatoli-starostin-relocation/spiky-nanochat/runs/d24-dense-1xh100-s0-4bad20ea ... done.
[2026-10-08T08:49:37+03:00] wandb sync end (rc=0)
[2026-10-08T08:53:37+03:00] wandb sync start
Find logs at: /home/astarostin/projects/lut_nanochat_wt/experiments/lut_nanochat/nanochat/wandb/debug-cli.astarostin.log
Syncing: https://wandb.ai/anatoli-starostin-relocation/spiky-nanochat/runs/d24-dense-1xh100-s0-4bad20ea ... done.
[2026-10-08T08:53:58+03:00] wandb sync end (rc=0)
[2026-10-08T08:57:58+03:00] wandb sync start
Find logs at: /home/astarostin/projects/lut_nanochat_wt/experiments/lut_nanochat/nanochat/wandb/debug-cli.astarostin.log
Syncing: https://wandb.ai/anatoli-starostin-relocation/spiky-nanochat/runs/d24-dense-1xh100-s0-4bad20ea ... done.
[2026-10-08T08:58:18+03:00] wandb sync end (rc=0)
[2026-10-08T09:02:18+03:00] wandb sync start
Find logs at: /home/astarostin/projects/lut_nanochat_wt/experiments/lut_nanochat/nanochat/wandb/debug-cli.astarostin.log
Syncing: https://wandb.ai/anatoli-starostin-relocation/spiky-nanochat/runs/d24-dense-1xh100-s0-4bad20ea ... done.
[2026-10-08T09:02:37+03:00] wandb sync end (rc=0)
[2026-10-08T09:06:37+03:00] wandb sync start
Find logs at: /home/astarostin/projects/lut_nanochat_wt/experiments/lut_nanochat/nanochat/wandb/debug-cli.astarostin.log
Syncing: https://wandb.ai/anatoli-starostin-relocation/spiky-nanochat/runs/d24-dense-1xh100-s0-4bad20ea ... done.
[2026-10-08T09:06:57+03:00] wandb sync end (rc=0)
[2026-10-08T09:10:57+03:00] wandb sync start
Find logs at: /home/astarostin/projects/lut_nanochat_wt/experiments/lut_nanochat/nanochat/wandb/debug-cli.astarostin.log
Syncing: https://wandb.ai/anatoli-starostin-relocation/spiky-nanochat/runs/d24-dense-1xh100-s0-4bad20ea ... done.
[2026-10-08T09:11:18+03:00] wandb sync end (rc=0)
[2026-10-08T09:15:18+03:00] wandb sync start
Find logs at: /home/astarostin/projects/lut_nanochat_wt/experiments/lut_nanochat/nanochat/wandb/debug-cli.astarostin.log
Syncing: https://wandb.ai/anatoli-starostin-relocation/spiky-nanochat/runs/d24-dense-1xh100-s0-4bad20ea ... done.
[2026-10-08T09:15:40+03:00] wandb sync end (rc=0)
[2026-10-08T09:19:40+03:00] wandb sync start
Find logs at: /home/astarostin/projects/lut_nanochat_wt/experiments/lut_nanochat/nanochat/wandb/debug-cli.astarostin.log
Syncing: https://wandb.ai/anatoli-starostin-relocation/spiky-nanochat/runs/d24-dense-1xh100-s0-4bad20ea ... done.
[2026-10-08T09:20:00+03:00] wandb sync end (rc=0)
[2026-10-08T09:24:00+03:00] wandb sync start
Find logs at: /home/astarostin/projects/lut_nanochat_wt/experiments/lut_nanochat/nanochat/wandb/debug-cli.astarostin.log
Syncing: https://wandb.ai/anatoli-starostin-relocation/spiky-nanochat/runs/d24-dense-1xh100-s0-4bad20ea ... done.
[2026-10-08T09:24:21+03:00] wandb sync end (rc=0)
[2026-10-08T09:28:21+03:00] wandb sync start
Find logs at: /home/astarostin/projects/lut_nanochat_wt/experiments/lut_nanochat/nanochat/wandb/debug-cli.astarostin.log
Syncing: https://wandb.ai/anatoli-starostin-relocation/spiky-nanochat/runs/d24-dense-1xh100-s0-4bad20ea ... done.
[2026-10-08T09:28:42+03:00] wandb sync end (rc=0)
[2026-10-08T09:32:42+03:00] wandb sync start
Find logs at: /home/astarostin/projects/lut_nanochat_wt/experiments/lut_nanochat/nanochat/wandb/debug-cli.astarostin.log
Syncing: https://wandb.ai/anatoli-starostin-relocation/spiky-nanochat/runs/d24-dense-1xh100-s0-4bad20ea ... done.
[2026-10-08T09:33:20+03:00] wandb sync end (rc=0)
[2026-10-08T09:37:20+03:00] wandb sync start
Find logs at: /home/astarostin/projects/lut_nanochat_wt/experiments/lut_nanochat/nanochat/wandb/debug-cli.astarostin.log
Syncing: https://wandb.ai/anatoli-starostin-relocation/spiky-nanochat/runs/d24-dense-1xh100-s0-4bad20ea ... done.
[2026-10-08T09:37:41+03:00] wandb sync end (rc=0)
[2026-10-08T09:41:41+03:00] wandb sync start
Find logs at: /home/astarostin/projects/lut_nanochat_wt/experiments/lut_nanochat/nanochat/wandb/debug-cli.astarostin.log
Syncing: https://wandb.ai/anatoli-starostin-relocation/spiky-nanochat/runs/d24-dense-1xh100-s0-4bad20ea ... done.
[2026-10-08T09:42:02+03:00] wandb sync end (rc=0)
[2026-10-08T09:46:02+03:00] wandb sync start
Find logs at: /home/astarostin/projects/lut_nanochat_wt/experiments/lut_nanochat/nanochat/wandb/debug-cli.astarostin.log
Syncing: https://wandb.ai/anatoli-starostin-relocation/spiky-nanochat/runs/d24-dense-1xh100-s0-4bad20ea ... done.
[2026-10-08T09:46:23+03:00] wandb sync end (rc=0)
[2026-10-08T09:50:23+03:00] wandb sync start
Find logs at: /home/astarostin/projects/lut_nanochat_wt/experiments/lut_nanochat/nanochat/wandb/debug-cli.astarostin.log
Syncing: https://wandb.ai/anatoli-starostin-relocation/spiky-nanochat/runs/d24-dense-1xh100-s0-4bad20ea ... done.
[2026-10-08T09:50:44+03:00] wandb sync end (rc=0)
[2026-10-08T09:54:44+03:00] wandb sync start
Find logs at: /home/astarostin/projects/lut_nanochat_wt/experiments/lut_nanochat/nanochat/wandb/debug-cli.astarostin.log
Syncing: https://wandb.ai/anatoli-starostin-relocation/spiky-nanochat/runs/d24-dense-1xh100-s0-4bad20ea ... done.
[2026-10-08T09:55:05+03:00] wandb sync end (rc=0)
[2026-10-08T09:59:05+03:00] wandb sync start
Find logs at: /home/astarostin/projects/lut_nanochat_wt/experiments/lut_nanochat/nanochat/wandb/debug-cli.astarostin.log
Syncing: https://wandb.ai/anatoli-starostin-relocation/spiky-nanochat/runs/d24-dense-1xh100-s0-4bad20ea ... done.
[2026-10-08T09:59:26+03:00] wandb sync end (rc=0)
[2026-10-08T10:03:26+03:00] wandb sync start
Find logs at: /home/astarostin/projects/lut_nanochat_wt/experiments/lut_nanochat/nanochat/wandb/debug-cli.astarostin.log
Syncing: https://wandb.ai/anatoli-starostin-relocation/spiky-nanochat/runs/d24-dense-1xh100-s0-4bad20ea ... done.
[2026-10-08T10:03:47+03:00] wandb sync end (rc=0)
[2026-10-08T10:07:47+03:00] wandb sync start
Find logs at: /home/astarostin/projects/lut_nanochat_wt/experiments/lut_nanochat/nanochat/wandb/debug-cli.astarostin.log
Syncing: https://wandb.ai/anatoli-starostin-relocation/spiky-nanochat/runs/d24-dense-1xh100-s0-4bad20ea ... done.
[2026-10-08T10:08:08+03:00] wandb sync end (rc=0)
[2026-10-08T10:12:08+03:00] wandb sync start
Find logs at: /home/astarostin/projects/lut_nanochat_wt/experiments/lut_nanochat/nanochat/wandb/debug-cli.astarostin.log
Syncing: https://wandb.ai/anatoli-starostin-relocation/spiky-nanochat/runs/d24-dense-1xh100-s0-4bad20ea ... done.
[2026-10-08T10:12:29+03:00] wandb sync end (rc=0)
[2026-10-08T10:16:29+03:00] wandb sync start
Find logs at: /home/astarostin/projects/lut_nanochat_wt/experiments/lut_nanochat/nanochat/wandb/debug-cli.astarostin.log
Syncing: https://wandb.ai/anatoli-starostin-relocation/spiky-nanochat/runs/d24-dense-1xh100-s0-4bad20ea ... done.
[2026-10-08T10:16:50+03:00] wandb sync end (rc=0)
[2026-10-08T10:20:50+03:00] wandb sync start
Find logs at: /home/astarostin/projects/lut_nanochat_wt/experiments/lut_nanochat/nanochat/wandb/debug-cli.astarostin.log
Syncing: https://wandb.ai/anatoli-starostin-relocation/spiky-nanochat/runs/d24-dense-1xh100-s0-4bad20ea ... done.
[2026-10-08T10:21:11+03:00] wandb sync end (rc=0)
[2026-10-08T10:25:11+03:00] wandb sync start
Find logs at: /home/astarostin/projects/lut_nanochat_wt/experiments/lut_nanochat/nanochat/wandb/debug-cli.astarostin.log
Syncing: https://wandb.ai/anatoli-starostin-relocation/spiky-nanochat/runs/d24-dense-1xh100-s0-4bad20ea ... done.
[2026-10-08T10:25:31+03:00] wandb sync end (rc=0)
[2026-10-08T10:29:31+03:00] wandb sync start
Find logs at: /home/astarostin/projects/lut_nanochat_wt/experiments/lut_nanochat/nanochat/wandb/debug-cli.astarostin.log
Syncing: https://wandb.ai/anatoli-starostin-relocation/spiky-nanochat/runs/d24-dense-1xh100-s0-4bad20ea ... done.
[2026-10-08T10:29:52+03:00] wandb sync end (rc=0)
[2026-10-08T10:33:52+03:00] wandb sync start
Find logs at: /home/astarostin/projects/lut_nanochat_wt/experiments/lut_nanochat/nanochat/wandb/debug-cli.astarostin.log
Syncing: https://wandb.ai/anatoli-starostin-relocation/spiky-nanochat/runs/d24-dense-1xh100-s0-4bad20ea ... done.
[2026-10-08T10:34:13+03:00] wandb sync end (rc=0)
[2026-10-08T10:38:13+03:00] wandb sync start
Find logs at: /home/astarostin/projects/lut_nanochat_wt/experiments/lut_nanochat/nanochat/wandb/debug-cli.astarostin.log
Syncing: https://wandb.ai/anatoli-starostin-relocation/spiky-nanochat/runs/d24-dense-1xh100-s0-4bad20ea ... done.
[2026-10-08T10:38:35+03:00] wandb sync end (rc=0)
[2026-10-08T10:42:35+03:00] wandb sync start
Find logs at: /home/astarostin/projects/lut_nanochat_wt/experiments/lut_nanochat/nanochat/wandb/debug-cli.astarostin.log
Syncing: https://wandb.ai/anatoli-starostin-relocation/spiky-nanochat/runs/d24-dense-1xh100-s0-4bad20ea ... done.
[2026-10-08T10:42:55+03:00] wandb sync end (rc=0)
