Failed to import warp: No module named 'warp'
Failed to import mujoco_warp: No module named 'warp'
MHL-LIF SAC actor heads=1 tph=32 n_det=3 buckets=4 seed=0 | 12 outputs/cell (6 mu + 6 log-sigma) | front-end 3,808 + table 24,576 = 28,384 params (101.3% of the 28,032 hyperplane baseline; 28,320 trainable) | cells 32x64 = 2,048 | delay_init_std=4.0 | temperatures FROZEN at 1.0 | no eps
[  500/10000] steps    32,000 | MJX ret     -6.1 | cell-cov   0.0% | digit 2.568 | nosp 0.515 | eff  5.66/64 | Tbkt 1.000 | Tcr 1.000 | best     -6.1 |   2.7m
[ 1000/10000] steps    64,000 | MJX ret    -24.5 | cell-cov  44.5% | digit 2.074 | nosp 0.221 | eff  3.94/64 | Tbkt 1.000 | Tcr 1.000 | best     -6.1 |   4.3m
[ 1500/10000] steps    96,000 | MJX ret    -28.4 | cell-cov  52.3% | digit 2.007 | nosp 0.146 | eff  4.38/64 | Tbkt 1.000 | Tcr 1.000 | best     -6.1 |   5.9m
[ 2000/10000] steps   128,000 | MJX ret    268.9 | cell-cov  54.6% | digit 1.993 | nosp 0.139 | eff  4.04/64 | Tbkt 1.000 | Tcr 1.000 | best    268.9 |   7.5m
[ 2500/10000] steps   160,000 | MJX ret    297.6 | cell-cov  56.5% | digit 2.119 | nosp 0.126 | eff  3.99/64 | Tbkt 1.000 | Tcr 1.000 | best    297.6 |   8.9m
[ 3000/10000] steps   192,000 | MJX ret    361.3 | cell-cov  58.2% | digit 2.060 | nosp 0.091 | eff  4.07/64 | Tbkt 1.000 | Tcr 1.000 | best    361.3 |  10.5m
[ 3500/10000] steps   224,000 | MJX ret    379.8 | cell-cov  58.6% | digit 2.088 | nosp 0.094 | eff  4.23/64 | Tbkt 1.000 | Tcr 1.000 | best    379.8 |  12.0m
[ 4000/10000] steps   256,000 | MJX ret    440.4 | cell-cov  59.8% | digit 2.076 | nosp 0.063 | eff  4.68/64 | Tbkt 1.000 | Tcr 1.000 | best    440.4 |  13.5m
[ 4500/10000] steps   288,000 | MJX ret    438.6 | cell-cov  60.7% | digit 2.080 | nosp 0.059 | eff  5.76/64 | Tbkt 1.000 | Tcr 1.000 | best    440.4 |  15.0m
[ 5000/10000] steps   320,000 | MJX ret    498.9 | cell-cov  61.8% | digit 2.036 | nosp 0.059 | eff  6.21/64 | Tbkt 1.000 | Tcr 1.000 | best    498.9 |  16.5m
[ 5500/10000] steps   352,000 | MJX ret    540.2 | cell-cov  64.0% | digit 2.070 | nosp 0.059 | eff  6.57/64 | Tbkt 1.000 | Tcr 1.000 | best    540.2 |  18.0m
[ 6000/10000] steps   384,000 | MJX ret    581.1 | cell-cov  64.5% | digit 2.015 | nosp 0.058 | eff  6.57/64 | Tbkt 1.000 | Tcr 1.000 | best    581.1 |  19.6m
[ 6500/10000] steps   416,000 | MJX ret    504.3 | cell-cov  65.4% | digit 2.047 | nosp 0.053 | eff  6.75/64 | Tbkt 1.000 | Tcr 1.000 | best    581.1 |  21.1m
[ 7000/10000] steps   448,000 | MJX ret    -42.0 | cell-cov  66.2% | digit 1.970 | nosp 0.038 | eff  5.97/64 | Tbkt 1.000 | Tcr 1.000 | best    581.1 |  22.6m
[ 7500/10000] steps   480,000 | MJX ret    563.5 | cell-cov  66.4% | digit 2.038 | nosp 0.050 | eff  7.41/64 | Tbkt 1.000 | Tcr 1.000 | best    581.1 |  24.2m
[ 8000/10000] steps   512,000 | MJX ret    620.3 | cell-cov  66.5% | digit 2.073 | nosp 0.045 | eff  7.21/64 | Tbkt 1.000 | Tcr 1.000 | best    620.3 |  25.7m
[ 8500/10000] steps   544,000 | MJX ret    655.7 | cell-cov  66.9% | digit 1.990 | nosp 0.037 | eff  7.18/64 | Tbkt 1.000 | Tcr 1.000 | best    655.7 |  27.3m
[ 9000/10000] steps   576,000 | MJX ret    625.0 | cell-cov  67.1% | digit 2.069 | nosp 0.034 | eff  7.52/64 | Tbkt 1.000 | Tcr 1.000 | best    655.7 |  28.8m
[ 9500/10000] steps   608,000 | MJX ret    834.4 | cell-cov  67.4% | digit 1.999 | nosp 0.025 | eff  8.03/64 | Tbkt 1.000 | Tcr 1.000 | best    834.4 |  30.3m
[10000/10000] steps   640,000 | MJX ret    895.1 | cell-cov  67.8% | digit 2.014 | nosp 0.029 | eff  8.48/64 | Tbkt 1.000 | Tcr 1.000 | best    895.1 |  31.8m
done: best MJX 895.1 over 640,000 env-steps in 31.8 min
Failed to import warp: No module named 'warp'
Failed to import mujoco_warp: No module named 'warp'
mhl_sac_c39_s0_actor.npz (28,384 params = 3,808 front-end + 24,576 table) [eval] 3 det x 4 bkt = 64 cells / tph32
  CPU-reference 100-ep deterministic: 890.8 +/- 87.8  full 0/100  vel 2.633 m/s  len 245  [24s]
