Failed to import warp: No module named 'warp'
Failed to import mujoco_warp: No module named 'warp'
TRANSPLANT: actor init from seed 2, all other randomness from seed 1
MHL-LIF SAC actor heads=1 tph=32 n_det=3 buckets=4 seed=1 | 12 outputs/cell (6 mu + 6 log-sigma) | front-end 3,808 + table 24,576 = 28,384 params (101.3% of the 28,032 hyperplane baseline; 28,320 trainable) | cells 32x64 = 2,048 | delay_init_std=4.0 | temperatures FROZEN at 1.0 | no eps
[  500/10000] steps    32,000 | MJX ret     -3.7 | cell-cov   0.0% | digit 2.602 | nosp 0.541 | eff  5.18/64 | Tbkt 1.000 | Tcr 1.000 | best     -3.7 |   2.8m
[ 1000/10000] steps    64,000 | MJX ret    304.5 | cell-cov  43.2% | digit 2.201 | nosp 0.303 | eff  4.52/64 | Tbkt 1.000 | Tcr 1.000 | best    304.5 |   5.1m
[ 1500/10000] steps    96,000 | MJX ret    -34.4 | cell-cov  50.0% | digit 2.106 | nosp 0.206 | eff  6.31/64 | Tbkt 1.000 | Tcr 1.000 | best    304.5 |   6.8m
[ 2000/10000] steps   128,000 | MJX ret    312.1 | cell-cov  52.1% | digit 2.025 | nosp 0.138 | eff  3.33/64 | Tbkt 1.000 | Tcr 1.000 | best    312.1 |   8.3m
[ 2500/10000] steps   160,000 | MJX ret    375.2 | cell-cov  54.5% | digit 2.051 | nosp 0.168 | eff  4.00/64 | Tbkt 1.000 | Tcr 1.000 | best    375.2 |   9.9m
[ 3000/10000] steps   192,000 | MJX ret    385.0 | cell-cov  55.7% | digit 2.078 | nosp 0.181 | eff  3.28/64 | Tbkt 1.000 | Tcr 1.000 | best    385.0 |  11.4m
[ 3500/10000] steps   224,000 | MJX ret    378.1 | cell-cov  56.2% | digit 2.034 | nosp 0.158 | eff  4.43/64 | Tbkt 1.000 | Tcr 1.000 | best    385.0 |  12.9m
[ 4000/10000] steps   256,000 | MJX ret    540.8 | cell-cov  57.4% | digit 2.020 | nosp 0.137 | eff  4.50/64 | Tbkt 1.000 | Tcr 1.000 | best    540.8 |  14.4m
[ 4500/10000] steps   288,000 | MJX ret    588.2 | cell-cov  58.0% | digit 2.002 | nosp 0.131 | eff  4.77/64 | Tbkt 1.000 | Tcr 1.000 | best    588.2 |  15.9m
[ 5000/10000] steps   320,000 | MJX ret    584.5 | cell-cov  58.7% | digit 1.982 | nosp 0.118 | eff  4.70/64 | Tbkt 1.000 | Tcr 1.000 | best    588.2 |  17.4m
[ 5500/10000] steps   352,000 | MJX ret    633.7 | cell-cov  60.0% | digit 1.945 | nosp 0.080 | eff  4.33/64 | Tbkt 1.000 | Tcr 1.000 | best    633.7 |  19.0m
[ 6000/10000] steps   384,000 | MJX ret    674.6 | cell-cov  60.4% | digit 1.997 | nosp 0.076 | eff  5.00/64 | Tbkt 1.000 | Tcr 1.000 | best    674.6 |  20.5m
[ 6500/10000] steps   416,000 | MJX ret    834.2 | cell-cov  61.7% | digit 1.907 | nosp 0.075 | eff  5.22/64 | Tbkt 1.000 | Tcr 1.000 | best    834.2 |  22.0m
[ 7000/10000] steps   448,000 | MJX ret    759.4 | cell-cov  62.5% | digit 1.916 | nosp 0.068 | eff  5.94/64 | Tbkt 1.000 | Tcr 1.000 | best    834.2 |  23.5m
[ 7500/10000] steps   480,000 | MJX ret   1261.6 | cell-cov  62.8% | digit 1.899 | nosp 0.060 | eff  5.63/64 | Tbkt 1.000 | Tcr 1.000 | best   1261.6 |  25.1m
[ 8000/10000] steps   512,000 | MJX ret   1694.5 | cell-cov  63.2% | digit 1.954 | nosp 0.058 | eff  5.35/64 | Tbkt 1.000 | Tcr 1.000 | best   1694.5 |  26.6m
[ 8500/10000] steps   544,000 | MJX ret   2376.6 | cell-cov  63.3% | digit 1.944 | nosp 0.064 | eff  5.72/64 | Tbkt 1.000 | Tcr 1.000 | best   2376.6 |  28.1m
[ 9000/10000] steps   576,000 | MJX ret   2731.5 | cell-cov  63.4% | digit 1.918 | nosp 0.054 | eff  5.58/64 | Tbkt 1.000 | Tcr 1.000 | best   2731.5 |  29.6m
[ 9500/10000] steps   608,000 | MJX ret   2667.8 | cell-cov  63.9% | digit 1.925 | nosp 0.059 | eff  5.97/64 | Tbkt 1.000 | Tcr 1.000 | best   2731.5 |  31.2m
[10000/10000] steps   640,000 | MJX ret   3623.7 | cell-cov  64.2% | digit 1.949 | nosp 0.062 | eff  5.11/64 | Tbkt 1.000 | Tcr 1.000 | best   3623.7 |  32.4m
done: best MJX 3623.7 over 640,000 env-steps in 32.4 min
Failed to import warp: No module named 'warp'
Failed to import mujoco_warp: No module named 'warp'
mhl_sac_tp_C_actor.npz (28,384 params = 3,808 front-end + 24,576 table) [eval] 3 det x 4 bkt = 64 cells / tph32
  CPU-reference 100-ep deterministic: 3455.0 +/- 869.5  full 69/100  vel 2.854 m/s  len 888  [23s]
