Loading tokenizer from /home/starost/.cache/nanochat/tokenizer
Vocab size: 32768, BOS id: 32759
Total params (all fp32): 129,304,838
Q/K Joint MHLut: in_nap=6 tph=256 d_qk=32 (n_outputs=2*d_qk=64)
V MHLut:         in_nap=6 tph=512 d_v=16 (n_outputs=d_v)
out_proj MHLut:  in_nap=6 tph=[2048, 2048, 1024, 1024, 1024, 1024] (n_outputs=E=96) + LayerNorm
Tokens/micro-batch: 4,096 | grad_accum: 1 | effective batch: 4,096 tokens
step      1 | loss=10.5600 | lr=3.75e-07
step    100 | loss=9.7283 | lr=3.75e-05
step    200 | loss=8.5949 | lr=7.50e-05
[VAL] step 200: bpb=2.3536
step    300 | loss=7.9300 | lr=1.12e-04
step    400 | loss=7.5658 | lr=1.50e-04
[VAL] step 400: bpb=2.2106
step    500 | loss=7.2070 | lr=1.87e-04
step    600 | loss=6.9948 | lr=2.25e-04
[VAL] step 600: bpb=2.0796
step    700 | loss=6.8533 | lr=2.62e-04
step    800 | loss=6.7438 | lr=3.00e-04
[VAL] step 800: bpb=2.0344
step    900 | loss=6.6641 | lr=3.00e-04
step   1000 | loss=6.6070 | lr=2.99e-04
[VAL] step 1000: bpb=2.0001
step   1100 | loss=6.5606 | lr=2.99e-04
step   1200 | loss=6.5160 | lr=2.98e-04
[VAL] step 1200: bpb=1.9761
step   1300 | loss=6.4606 | lr=2.97e-04
step   1400 | loss=6.4420 | lr=2.95e-04
[VAL] step 1400: bpb=1.9615
step   1500 | loss=6.4174 | lr=2.94e-04
step   1600 | loss=6.3620 | lr=2.92e-04
[VAL] step 1600: bpb=1.9415
step   1700 | loss=6.3448 | lr=2.90e-04
step   1800 | loss=6.3233 | lr=2.87e-04
[VAL] step 1800: bpb=1.9251
step   1900 | loss=6.3012 | lr=2.85e-04
step   2000 | loss=6.2730 | lr=2.82e-04
[VAL] step 2000: bpb=1.9136
step   2100 | loss=6.2347 | lr=2.79e-04
step   2200 | loss=6.2094 | lr=2.76e-04
[VAL] step 2200: bpb=1.8957
step   2300 | loss=6.1844 | lr=2.72e-04
