Loading tokenizer from /home/starost/.cache/nanochat/tokenizer
Vocab size: 32768, BOS id: 32759
Total params (all fp32): 358,420,224
Q/K Joint SoftLUT: in_nap=6 tph=256 d_qk=64 (n_outputs=2*d_qk=128) init_std=0.001 T_soft=0.1 T_sel=0.5 [no V2D, q_norm+k_norm -> SDPA]
V SoftLUT:       in_nap=8 tph=256 d_v=32 (n_outputs=d_v)
out_proj SoftLUT: in_nap=6 tph=[2048, 2048, 1024, 1024, 1024, 1024] (n_outputs=E=96) + out_v2d/out_d2v
Attention:       SDPA (causal); plain default 1/sqrt(d_qk=64)=0.1250, no learnable attn_scale
Tokens/micro-batch: 4,096 | grad_accum: 1 | effective batch: 4,096 tokens
step      1 | loss=10.4205 | lr=3.75e-07
step    100 | loss=9.3670 | lr=3.75e-05
step    200 | loss=8.2141 | lr=7.50e-05
W0510 14:23:23.519000 2311779 torch/_dynamo/convert_frame.py:964] [0/8] torch._dynamo hit config.recompile_limit (8)
W0510 14:23:23.519000 2311779 torch/_dynamo/convert_frame.py:964] [0/8]    function: 'forward' (/home/starost/spiky/src/spiky/lutorch/soft_multi_head_lut.py:160)
W0510 14:23:23.519000 2311779 torch/_dynamo/convert_frame.py:964] [0/8]    last reason: 0/5: tensor 'self._buffers['bit_matrix']' size mismatch at index 0. expected 6, actual 8
W0510 14:23:23.519000 2311779 torch/_dynamo/convert_frame.py:964] [0/8] To log all recompilation reasons, use TORCH_LOGS="recompiles".
W0510 14:23:23.519000 2311779 torch/_dynamo/convert_frame.py:964] [0/8] To diagnose recompilation issues, see https://pytorch.org/docs/main/torch.compiler_troubleshooting.html.
[VAL] step 200: bpb=2.2926
step    300 | loss=7.5121 | lr=1.12e-04
step    400 | loss=7.0587 | lr=1.50e-04
[VAL] step 400: bpb=2.0545
step    500 | loss=6.7866 | lr=1.87e-04
step    600 | loss=6.6593 | lr=2.25e-04
[VAL] step 600: bpb=1.9986
step    700 | loss=6.5678 | lr=2.62e-04
step    800 | loss=6.4856 | lr=3.00e-04
[VAL] step 800: bpb=1.9647
step    900 | loss=6.4175 | lr=3.00e-04
step   1000 | loss=6.3514 | lr=2.99e-04
[VAL] step 1000: bpb=1.9211
step   1100 | loss=6.2815 | lr=2.99e-04
step   1200 | loss=6.2159 | lr=2.98e-04
[VAL] step 1200: bpb=1.8762
step   1300 | loss=6.1408 | lr=2.97e-04
step   1400 | loss=6.1068 | lr=2.95e-04
[VAL] step 1400: bpb=1.8506
step   1500 | loss=6.0655 | lr=2.94e-04
step   1600 | loss=5.9986 | lr=2.92e-04
[VAL] step 1600: bpb=1.8264
step   1700 | loss=5.9730 | lr=2.90e-04
step   1800 | loss=5.9450 | lr=2.87e-04
[VAL] step 1800: bpb=1.8067
step   1900 | loss=5.9131 | lr=2.85e-04
step   2000 | loss=5.8811 | lr=2.82e-04
[VAL] step 2000: bpb=1.7956
step   2100 | loss=5.8360 | lr=2.79e-04
step   2200 | loss=5.8166 | lr=2.76e-04
[VAL] step 2200: bpb=1.7832
step   2300 | loss=5.7986 | lr=2.72e-04
step   2400 | loss=5.7933 | lr=2.68e-04
[VAL] step 2400: bpb=1.7680
step   2500 | loss=5.7737 | lr=2.65e-04
step   2600 | loss=5.7554 | lr=2.60e-04
[VAL] step 2600: bpb=1.7533
step   2700 | loss=5.7233 | lr=2.56e-04
