Loading tokenizer from /home/starost/.cache/nanochat/tokenizer
Vocab size: 32768, BOS id: 32759
Total params (all fp32): 358,420,224
Q/K Joint MHLut: in_nap=6 tph=256 d_qk=64 (n_outputs=2*d_qk=128) init_std=0.001 [no V2D, q_norm+k_norm -> SDPA]
V MHLut:         in_nap=8 tph=256 d_v=32 (n_outputs=d_v)
out_proj MHLut:  in_nap=6 tph=[2048, 2048, 1024, 1024, 1024, 1024] (n_outputs=E=96) + out_v2d/out_d2v
Attention:       SDPA (causal); plain default 1/sqrt(d_qk=64)=0.1250, no learnable attn_scale
Tokens/micro-batch: 4,096 | grad_accum: 1 | effective batch: 4,096 tokens
step      1 | loss=10.4189 | lr=6.25e-08
step    100 | loss=10.0784 | lr=6.25e-06
step    200 | loss=9.0565 | lr=1.25e-05
[VAL] step 200: bpb=2.4055
step    300 | loss=8.1666 | lr=1.87e-05
step    400 | loss=7.7577 | lr=2.50e-05
[VAL] step 400: bpb=2.2866
step    500 | loss=7.3742 | lr=3.13e-05
step    600 | loss=7.0844 | lr=3.75e-05
[VAL] step 600: bpb=2.0873
step    700 | loss=6.8833 | lr=4.37e-05
step    800 | loss=6.7352 | lr=5.00e-05
[VAL] step 800: bpb=2.0247
step    900 | loss=6.6369 | lr=5.62e-05
step   1000 | loss=6.5693 | lr=6.25e-05
[VAL] step 1000: bpb=1.9878
step   1100 | loss=6.5164 | lr=6.87e-05
step   1200 | loss=6.4703 | lr=7.50e-05
[VAL] step 1200: bpb=1.9595
step   1300 | loss=6.4071 | lr=8.12e-05
step   1400 | loss=6.3774 | lr=8.75e-05
[VAL] step 1400: bpb=1.9361
step   1500 | loss=6.3333 | lr=9.37e-05
step   1600 | loss=6.2602 | lr=1.00e-04
[VAL] step 1600: bpb=1.9079
step   1700 | loss=6.2241 | lr=1.06e-04
step   1800 | loss=6.1825 | lr=1.12e-04
[VAL] step 1800: bpb=1.8796
step   1900 | loss=6.1463 | lr=1.19e-04
step   2000 | loss=6.1080 | lr=1.25e-04
[VAL] step 2000: bpb=1.8604
step   2100 | loss=6.0593 | lr=1.31e-04
step   2200 | loss=6.0295 | lr=1.37e-04
[VAL] step 2200: bpb=1.8436
step   2300 | loss=6.0014 | lr=1.44e-04
step   2400 | loss=5.9865 | lr=1.50e-04
[VAL] step 2400: bpb=1.8242
step   2500 | loss=5.9599 | lr=1.56e-04
step   2600 | loss=5.9440 | lr=1.62e-04
[VAL] step 2600: bpb=1.8105
step   2700 | loss=5.9042 | lr=1.69e-04
step   2800 | loss=5.8892 | lr=1.75e-04
[VAL] step 2800: bpb=1.7973
step   2900 | loss=5.8575 | lr=1.81e-04
step   3000 | loss=5.8414 | lr=1.87e-04
[VAL] step 3000: bpb=1.7834
step   3100 | loss=5.8221 | lr=1.94e-04
step   3200 | loss=5.8083 | lr=2.00e-04
[VAL] step 3200: bpb=1.7693
step   3300 | loss=5.7969 | lr=2.06e-04
step   3400 | loss=5.7562 | lr=2.12e-04
[VAL] step 3400: bpb=1.7604
step   3500 | loss=5.7421 | lr=2.19e-04
step   3600 | loss=5.7461 | lr=2.25e-04
[VAL] step 3600: bpb=1.7605
step   3700 | loss=5.7189 | lr=2.31e-04
step   3800 | loss=5.7062 | lr=2.37e-04
[VAL] step 3800: bpb=1.7509
step   3900 | loss=5.6799 | lr=2.44e-04
step   4000 | loss=5.6599 | lr=2.50e-04
[VAL] step 4000: bpb=1.7411
step   4100 | loss=5.6902 | lr=2.56e-04
step   4200 | loss=5.6626 | lr=2.62e-04
[VAL] step 4200: bpb=1.7365
step   4300 | loss=5.6613 | lr=2.69e-04
step   4400 | loss=5.6483 | lr=2.75e-04
[VAL] step 4400: bpb=1.7247
step   4500 | loss=5.6305 | lr=2.81e-04
step   4600 | loss=5.6186 | lr=2.87e-04
[VAL] step 4600: bpb=1.7228
step   4700 | loss=5.6174 | lr=2.94e-04
step   4800 | loss=5.6167 | lr=3.00e-04
[VAL] step 4800: bpb=1.7160
step   4900 | loss=5.5930 | lr=3.00e-04
step   5000 | loss=5.5862 | lr=3.00e-04
[VAL] step 5000: bpb=1.7079
step   5100 | loss=5.5770 | lr=3.00e-04
step   5200 | loss=5.5544 | lr=3.00e-04
[VAL] step 5200: bpb=1.7025
step   5300 | loss=5.5348 | lr=3.00e-04
step   5400 | loss=5.5162 | lr=3.00e-04
[VAL] step 5400: bpb=1.6988
step   5500 | loss=5.5212 | lr=3.00e-04
step   5600 | loss=5.5333 | lr=3.00e-04
[VAL] step 5600: bpb=1.6903
step   5700 | loss=5.5164 | lr=3.00e-04
step   5800 | loss=5.5034 | lr=3.00e-04
[VAL] step 5800: bpb=1.6895
step   5900 | loss=5.5034 | lr=3.00e-04
step   6000 | loss=5.4871 | lr=2.99e-04
[VAL] step 6000: bpb=1.6777
step   6100 | loss=5.4708 | lr=2.99e-04
step   6200 | loss=5.4685 | lr=2.99e-04
[VAL] step 6200: bpb=1.6737
step   6300 | loss=5.4702 | lr=2.99e-04
step   6400 | loss=5.4485 | lr=2.99e-04
[VAL] step 6400: bpb=1.6794
step   6500 | loss=5.4388 | lr=2.99e-04
step   6600 | loss=5.4443 | lr=2.99e-04
[VAL] step 6600: bpb=1.6695
step   6700 | loss=5.4351 | lr=2.99e-04
step   6800 | loss=5.4209 | lr=2.99e-04
[VAL] step 6800: bpb=1.6655
step   6900 | loss=5.4180 | lr=2.98e-04
step   7000 | loss=5.4204 | lr=2.98e-04
[VAL] step 7000: bpb=1.6622
step   7100 | loss=5.4081 | lr=2.98e-04
step   7200 | loss=5.4102 | lr=2.98e-04
[VAL] step 7200: bpb=1.6561
step   7300 | loss=5.3922 | lr=2.98e-04
step   7400 | loss=5.4054 | lr=2.98e-04
[VAL] step 7400: bpb=1.6525
step   7500 | loss=5.3893 | lr=2.97e-04
step   7600 | loss=5.3789 | lr=2.97e-04
[VAL] step 7600: bpb=1.6455
step   7700 | loss=5.3715 | lr=2.97e-04
step   7800 | loss=5.3824 | lr=2.97e-04
[VAL] step 7800: bpb=1.6450
step   7900 | loss=5.3761 | lr=2.97e-04
step   8000 | loss=5.3646 | lr=2.96e-04
[VAL] step 8000: bpb=1.6481
step   8100 | loss=5.3715 | lr=2.96e-04
step   8200 | loss=5.3550 | lr=2.96e-04
[VAL] step 8200: bpb=1.6434
step   8300 | loss=5.3545 | lr=2.96e-04
step   8400 | loss=5.3450 | lr=2.95e-04
[VAL] step 8400: bpb=1.6384
step   8500 | loss=5.3335 | lr=2.95e-04
step   8600 | loss=5.3548 | lr=2.95e-04
[VAL] step 8600: bpb=1.6398
step   8700 | loss=5.3472 | lr=2.95e-04
step   8800 | loss=5.3383 | lr=2.94e-04
[VAL] step 8800: bpb=1.6371
step   8900 | loss=5.3169 | lr=2.94e-04
step   9000 | loss=5.3233 | lr=2.94e-04
[VAL] step 9000: bpb=1.6399
step   9100 | loss=5.3173 | lr=2.93e-04
step   9200 | loss=5.3209 | lr=2.93e-04
[VAL] step 9200: bpb=1.6336
step   9300 | loss=5.3215 | lr=2.93e-04
step   9400 | loss=5.3206 | lr=2.93e-04
[VAL] step 9400: bpb=1.6303
step   9500 | loss=5.3339 | lr=2.92e-04
step   9600 | loss=5.3386 | lr=2.92e-04
[VAL] step 9600: bpb=1.6295
step   9700 | loss=5.3263 | lr=2.92e-04
step   9800 | loss=5.3217 | lr=2.91e-04
[VAL] step 9800: bpb=1.6259
step   9900 | loss=5.2881 | lr=2.91e-04
step  10000 | loss=5.2805 | lr=2.90e-04
[VAL] step 10000: bpb=1.6247
step  10100 | loss=5.2929 | lr=2.90e-04
step  10200 | loss=5.2720 | lr=2.90e-04
[VAL] step 10200: bpb=1.6254
step  10300 | loss=5.2905 | lr=2.89e-04
step  10400 | loss=5.2829 | lr=2.89e-04
[VAL] step 10400: bpb=1.6265
step  10500 | loss=5.2803 | lr=2.89e-04
step  10600 | loss=5.2720 | lr=2.88e-04
[VAL] step 10600: bpb=1.6274
step  10700 | loss=5.2739 | lr=2.88e-04
step  10800 | loss=5.2738 | lr=2.87e-04
[VAL] step 10800: bpb=1.6183
step  10900 | loss=5.2629 | lr=2.87e-04
step  11000 | loss=5.2543 | lr=2.87e-04
[VAL] step 11000: bpb=1.6208
step  11100 | loss=5.2654 | lr=2.86e-04
step  11200 | loss=5.2470 | lr=2.86e-04
[VAL] step 11200: bpb=1.6188
step  11300 | loss=5.2392 | lr=2.85e-04
step  11400 | loss=5.2525 | lr=2.85e-04
[VAL] step 11400: bpb=1.6140
step  11500 | loss=5.2565 | lr=2.84e-04
step  11600 | loss=5.2548 | lr=2.84e-04
[VAL] step 11600: bpb=1.6129
step  11700 | loss=5.2481 | lr=2.83e-04
step  11800 | loss=5.2551 | lr=2.83e-04
[VAL] step 11800: bpb=1.6115
step  11900 | loss=5.2331 | lr=2.82e-04
step  12000 | loss=5.2418 | lr=2.82e-04
[VAL] step 12000: bpb=1.6107
step  12100 | loss=5.2339 | lr=2.81e-04
step  12200 | loss=5.2175 | lr=2.81e-04
[VAL] step 12200: bpb=1.6088
step  12300 | loss=5.2246 | lr=2.80e-04
step  12400 | loss=5.2293 | lr=2.80e-04
[VAL] step 12400: bpb=1.6086
step  12500 | loss=5.2345 | lr=2.79e-04
step  12600 | loss=5.2254 | lr=2.79e-04
[VAL] step 12600: bpb=1.6071
step  12700 | loss=5.2349 | lr=2.78e-04
step  12800 | loss=5.2248 | lr=2.78e-04
[VAL] step 12800: bpb=1.6044
step  12900 | loss=5.2295 | lr=2.77e-04
step  13000 | loss=5.2323 | lr=2.77e-04
[VAL] step 13000: bpb=1.5995
step  13100 | loss=5.2086 | lr=2.76e-04
step  13200 | loss=5.1906 | lr=2.76e-04
[VAL] step 13200: bpb=1.6004
step  13300 | loss=5.2313 | lr=2.75e-04
step  13400 | loss=5.2289 | lr=2.74e-04
[VAL] step 13400: bpb=1.5977
step  13500 | loss=5.2015 | lr=2.74e-04
step  13600 | loss=5.1950 | lr=2.73e-04
[VAL] step 13600: bpb=1.5978
step  13700 | loss=5.2173 | lr=2.73e-04
step  13800 | loss=5.2124 | lr=2.72e-04
[VAL] step 13800: bpb=1.6018
step  13900 | loss=5.2165 | lr=2.72e-04
step  14000 | loss=5.2101 | lr=2.71e-04
[VAL] step 14000: bpb=1.6002
step  14100 | loss=5.2101 | lr=2.70e-04
step  14200 | loss=5.2093 | lr=2.70e-04
[VAL] step 14200: bpb=1.5975
step  14300 | loss=5.2007 | lr=2.69e-04
step  14400 | loss=5.2033 | lr=2.68e-04
[VAL] step 14400: bpb=1.6000
step  14500 | loss=5.1946 | lr=2.68e-04
step  14600 | loss=5.1902 | lr=2.67e-04
[VAL] step 14600: bpb=1.5988
step  14700 | loss=5.1942 | lr=2.66e-04
step  14800 | loss=5.1800 | lr=2.66e-04
[VAL] step 14800: bpb=1.5984
step  14900 | loss=5.2019 | lr=2.65e-04
step  15000 | loss=5.1967 | lr=2.65e-04
[VAL] step 15000: bpb=1.5982
step  15100 | loss=5.1804 | lr=2.64e-04
step  15200 | loss=5.1757 | lr=2.63e-04
[VAL] step 15200: bpb=1.5983
step  15300 | loss=5.1739 | lr=2.63e-04
step  15400 | loss=5.2033 | lr=2.62e-04
[VAL] step 15400: bpb=1.5968
step  15500 | loss=5.1909 | lr=2.61e-04
step  15600 | loss=5.1739 | lr=2.60e-04
[VAL] step 15600: bpb=1.5956
step  15700 | loss=5.1817 | lr=2.60e-04
step  15800 | loss=5.2098 | lr=2.59e-04
[VAL] step 15800: bpb=1.5961
step  15900 | loss=5.1936 | lr=2.58e-04
step  16000 | loss=5.1819 | lr=2.58e-04
[VAL] step 16000: bpb=1.5955
step  16100 | loss=5.1974 | lr=2.57e-04
step  16200 | loss=5.1825 | lr=2.56e-04
[VAL] step 16200: bpb=1.5928
step  16300 | loss=5.1839 | lr=2.55e-04
step  16400 | loss=5.1805 | lr=2.55e-04
[VAL] step 16400: bpb=1.5940
step  16500 | loss=5.1782 | lr=2.54e-04
step  16600 | loss=5.1768 | lr=2.53e-04
[VAL] step 16600: bpb=1.5955
step  16700 | loss=5.1655 | lr=2.53e-04
step  16800 | loss=5.1802 | lr=2.52e-04
[VAL] step 16800: bpb=1.5930
step  16900 | loss=5.1996 | lr=2.51e-04
step  17000 | loss=5.1960 | lr=2.50e-04
[VAL] step 17000: bpb=1.5926
step  17100 | loss=5.1933 | lr=2.49e-04
step  17200 | loss=5.1621 | lr=2.49e-04
[VAL] step 17200: bpb=1.5898
step  17300 | loss=5.1619 | lr=2.48e-04
step  17400 | loss=5.1622 | lr=2.47e-04
[VAL] step 17400: bpb=1.5905
step  17500 | loss=5.1874 | lr=2.46e-04
step  17600 | loss=5.1834 | lr=2.46e-04
[VAL] step 17600: bpb=1.5909
step  17700 | loss=5.1749 | lr=2.45e-04
step  17800 | loss=5.1833 | lr=2.44e-04
[VAL] step 17800: bpb=1.5877
step  17900 | loss=5.1664 | lr=2.43e-04
step  18000 | loss=5.1753 | lr=2.42e-04
[VAL] step 18000: bpb=1.5892
step  18100 | loss=5.1726 | lr=2.42e-04
step  18200 | loss=5.1690 | lr=2.41e-04
[VAL] step 18200: bpb=1.5911
step  18300 | loss=5.1648 | lr=2.40e-04
step  18400 | loss=5.1845 | lr=2.39e-04
[VAL] step 18400: bpb=1.5889
step  18500 | loss=5.1772 | lr=2.38e-04
step  18600 | loss=5.1759 | lr=2.38e-04
[VAL] step 18600: bpb=1.5869
step  18700 | loss=5.1764 | lr=2.37e-04
step  18800 | loss=5.1516 | lr=2.36e-04
[VAL] step 18800: bpb=1.5878
step  18900 | loss=5.1559 | lr=2.35e-04
step  19000 | loss=5.1449 | lr=2.34e-04
[VAL] step 19000: bpb=1.5879
step  19100 | loss=5.1665 | lr=2.33e-04
step  19200 | loss=5.1642 | lr=2.32e-04
[VAL] step 19200: bpb=1.5886
step  19300 | loss=5.1487 | lr=2.32e-04
step  19400 | loss=5.1373 | lr=2.31e-04
[VAL] step 19400: bpb=1.5870
step  19500 | loss=5.1486 | lr=2.30e-04
step  19600 | loss=5.1495 | lr=2.29e-04
[VAL] step 19600: bpb=1.5873
step  19700 | loss=5.1403 | lr=2.28e-04
step  19800 | loss=5.1532 | lr=2.27e-04
[VAL] step 19800: bpb=1.5865
step  19900 | loss=5.1438 | lr=2.26e-04
step  20000 | loss=5.1418 | lr=2.26e-04
[VAL] step 20000: bpb=1.5832
step  20100 | loss=5.1375 | lr=2.25e-04
step  20200 | loss=5.1396 | lr=2.24e-04
[VAL] step 20200: bpb=1.5855
step  20300 | loss=5.1519 | lr=2.23e-04
step  20400 | loss=5.1301 | lr=2.22e-04
[VAL] step 20400: bpb=1.5836
step  20500 | loss=5.1344 | lr=2.21e-04
step  20600 | loss=5.1278 | lr=2.20e-04
[VAL] step 20600: bpb=1.5838
step  20700 | loss=5.1309 | lr=2.19e-04
step  20800 | loss=5.1110 | lr=2.18e-04
[VAL] step 20800: bpb=1.5828
step  20900 | loss=5.1182 | lr=2.18e-04
step  21000 | loss=5.1209 | lr=2.17e-04
[VAL] step 21000: bpb=1.5817
step  21100 | loss=5.1266 | lr=2.16e-04
step  21200 | loss=5.1105 | lr=2.15e-04
[VAL] step 21200: bpb=1.5820
step  21300 | loss=5.1187 | lr=2.14e-04
step  21400 | loss=5.1204 | lr=2.13e-04
[VAL] step 21400: bpb=1.5787
step  21500 | loss=5.1129 | lr=2.12e-04
step  21600 | loss=5.1227 | lr=2.11e-04
[VAL] step 21600: bpb=1.5789
step  21700 | loss=5.1347 | lr=2.10e-04
step  21800 | loss=5.1285 | lr=2.09e-04
[VAL] step 21800: bpb=1.5778
step  21900 | loss=5.1210 | lr=2.08e-04
step  22000 | loss=5.1202 | lr=2.07e-04
[VAL] step 22000: bpb=1.5790
step  22100 | loss=5.1050 | lr=2.07e-04
step  22200 | loss=5.1358 | lr=2.06e-04
[VAL] step 22200: bpb=1.5753
step  22300 | loss=5.1248 | lr=2.05e-04
step  22400 | loss=5.1182 | lr=2.04e-04
[VAL] step 22400: bpb=1.5734
step  22500 | loss=5.1107 | lr=2.03e-04
step  22600 | loss=5.1238 | lr=2.02e-04
[VAL] step 22600: bpb=1.5722
step  22700 | loss=5.1333 | lr=2.01e-04
step  22800 | loss=5.1236 | lr=2.00e-04
[VAL] step 22800: bpb=1.5713
step  22900 | loss=5.1245 | lr=1.99e-04
step  23000 | loss=5.1196 | lr=1.98e-04
[VAL] step 23000: bpb=1.5696
step  23100 | loss=5.1108 | lr=1.97e-04
step  23200 | loss=5.1120 | lr=1.96e-04
[VAL] step 23200: bpb=1.5704
step  23300 | loss=5.1249 | lr=1.95e-04
step  23400 | loss=5.1147 | lr=1.94e-04
[VAL] step 23400: bpb=1.5716
step  23500 | loss=5.0923 | lr=1.93e-04
step  23600 | loss=5.0904 | lr=1.92e-04
[VAL] step 23600: bpb=1.5702
step  23700 | loss=5.1176 | lr=1.91e-04
step  23800 | loss=5.1209 | lr=1.90e-04
[VAL] step 23800: bpb=1.5688
step  23900 | loss=5.1003 | lr=1.89e-04
step  24000 | loss=5.0971 | lr=1.88e-04
[VAL] step 24000: bpb=1.5699
step  24100 | loss=5.0891 | lr=1.87e-04
step  24200 | loss=5.0979 | lr=1.87e-04
[VAL] step 24200: bpb=1.5677
step  24300 | loss=5.0947 | lr=1.86e-04
step  24400 | loss=5.0966 | lr=1.85e-04
[VAL] step 24400: bpb=1.5703
step  24500 | loss=5.0903 | lr=1.84e-04
step  24600 | loss=5.0916 | lr=1.83e-04
[VAL] step 24600: bpb=1.5667
step  24700 | loss=5.1032 | lr=1.82e-04
step  24800 | loss=5.1033 | lr=1.81e-04
[VAL] step 24800: bpb=1.5660
step  24900 | loss=5.0938 | lr=1.80e-04
step  25000 | loss=5.0934 | lr=1.79e-04
[VAL] step 25000: bpb=1.5651
step  25100 | loss=5.0843 | lr=1.78e-04
step  25200 | loss=5.0762 | lr=1.77e-04
[VAL] step 25200: bpb=1.5621
step  25300 | loss=5.0880 | lr=1.76e-04
step  25400 | loss=5.0803 | lr=1.75e-04
[VAL] step 25400: bpb=1.5619
step  25500 | loss=5.0833 | lr=1.74e-04
step  25600 | loss=5.0711 | lr=1.73e-04
[VAL] step 25600: bpb=1.5588
step  25700 | loss=5.0517 | lr=1.72e-04
step  25800 | loss=5.0747 | lr=1.71e-04
[VAL] step 25800: bpb=1.5587
step  25900 | loss=5.0838 | lr=1.70e-04
step  26000 | loss=5.0693 | lr=1.69e-04
[VAL] step 26000: bpb=1.5574
step  26100 | loss=5.0725 | lr=1.68e-04
step  26200 | loss=5.0740 | lr=1.67e-04
[VAL] step 26200: bpb=1.5575
step  26300 | loss=5.0612 | lr=1.66e-04
step  26400 | loss=5.0731 | lr=1.65e-04
[VAL] step 26400: bpb=1.5570
step  26500 | loss=5.0795 | lr=1.64e-04
step  26600 | loss=5.0801 | lr=1.63e-04
[VAL] step 26600: bpb=1.5560
step  26700 | loss=5.0540 | lr=1.62e-04
step  26800 | loss=5.0555 | lr=1.61e-04
[VAL] step 26800: bpb=1.5554
step  26900 | loss=5.0624 | lr=1.60e-04
step  27000 | loss=5.0492 | lr=1.59e-04
[VAL] step 27000: bpb=1.5548
step  27100 | loss=5.0467 | lr=1.58e-04
step  27200 | loss=5.0612 | lr=1.57e-04
[VAL] step 27200: bpb=1.5525
step  27300 | loss=5.0704 | lr=1.56e-04
step  27400 | loss=5.0596 | lr=1.55e-04
[VAL] step 27400: bpb=1.5515
step  27500 | loss=5.0485 | lr=1.54e-04
step  27600 | loss=5.0479 | lr=1.53e-04
[VAL] step 27600: bpb=1.5520
step  27700 | loss=5.0643 | lr=1.52e-04
step  27800 | loss=5.0482 | lr=1.51e-04
[VAL] step 27800: bpb=1.5493
step  27900 | loss=5.0380 | lr=1.50e-04
step  28000 | loss=5.0391 | lr=1.49e-04
[VAL] step 28000: bpb=1.5493
step  28100 | loss=5.0120 | lr=1.48e-04
step  28200 | loss=5.0322 | lr=1.47e-04
[VAL] step 28200: bpb=1.5487
step  28300 | loss=5.0403 | lr=1.46e-04
step  28400 | loss=5.0227 | lr=1.45e-04
[VAL] step 28400: bpb=1.5455
step  28500 | loss=5.0256 | lr=1.44e-04
step  28600 | loss=5.0274 | lr=1.43e-04
[VAL] step 28600: bpb=1.5457
step  28700 | loss=5.0369 | lr=1.43e-04
step  28800 | loss=5.0519 | lr=1.42e-04
[VAL] step 28800: bpb=1.5436
step  28900 | loss=5.0355 | lr=1.41e-04
step  29000 | loss=5.0076 | lr=1.40e-04
[VAL] step 29000: bpb=1.5440
step  29100 | loss=5.0228 | lr=1.39e-04
step  29200 | loss=5.0256 | lr=1.38e-04
[VAL] step 29200: bpb=1.5432
step  29300 | loss=5.0021 | lr=1.37e-04
step  29400 | loss=5.0309 | lr=1.36e-04
[VAL] step 29400: bpb=1.5428
step  29500 | loss=5.0223 | lr=1.35e-04
step  29600 | loss=5.0283 | lr=1.34e-04
[VAL] step 29600: bpb=1.5435
step  29700 | loss=5.0238 | lr=1.33e-04
step  29800 | loss=5.0267 | lr=1.32e-04
[VAL] step 29800: bpb=1.5428
step  29900 | loss=5.0260 | lr=1.31e-04
step  30000 | loss=5.0218 | lr=1.30e-04
[VAL] step 30000: bpb=1.5419
step  30100 | loss=5.0077 | lr=1.29e-04
step  30200 | loss=5.0329 | lr=1.28e-04
[VAL] step 30200: bpb=1.5415
step  30300 | loss=5.0344 | lr=1.27e-04
step  30400 | loss=5.0090 | lr=1.26e-04
[VAL] step 30400: bpb=1.5400
step  30500 | loss=4.9942 | lr=1.25e-04
step  30600 | loss=4.9758 | lr=1.24e-04
[VAL] step 30600: bpb=1.5382
step  30700 | loss=5.0024 | lr=1.23e-04
step  30800 | loss=4.9991 | lr=1.23e-04
[VAL] step 30800: bpb=1.5407
step  30900 | loss=5.0105 | lr=1.22e-04
step  31000 | loss=5.0165 | lr=1.21e-04
[VAL] step 31000: bpb=1.5411
step  31100 | loss=4.9866 | lr=1.20e-04
step  31200 | loss=4.9948 | lr=1.19e-04
[VAL] step 31200: bpb=1.5389
step  31300 | loss=5.0078 | lr=1.18e-04
step  31400 | loss=4.9986 | lr=1.17e-04
[VAL] step 31400: bpb=1.5378
step  31500 | loss=5.0131 | lr=1.16e-04
step  31600 | loss=4.9985 | lr=1.15e-04
[VAL] step 31600: bpb=1.5378
step  31700 | loss=4.9942 | lr=1.14e-04
step  31800 | loss=4.9918 | lr=1.13e-04
[VAL] step 31800: bpb=1.5396
step  31900 | loss=5.0077 | lr=1.12e-04
step  32000 | loss=4.9982 | lr=1.12e-04
[VAL] step 32000: bpb=1.5348
step  32100 | loss=4.9999 | lr=1.11e-04
step  32200 | loss=4.9915 | lr=1.10e-04
[VAL] step 32200: bpb=1.5358
step  32300 | loss=4.9772 | lr=1.09e-04
step  32400 | loss=4.9901 | lr=1.08e-04
[VAL] step 32400: bpb=1.5346
step  32500 | loss=4.9742 | lr=1.07e-04
step  32600 | loss=4.9895 | lr=1.06e-04
[VAL] step 32600: bpb=1.5344
step  32700 | loss=4.9712 | lr=1.05e-04
step  32800 | loss=4.9757 | lr=1.04e-04
[VAL] step 32800: bpb=1.5345
step  32900 | loss=4.9714 | lr=1.04e-04
step  33000 | loss=4.9750 | lr=1.03e-04
[VAL] step 33000: bpb=1.5331
step  33100 | loss=4.9750 | lr=1.02e-04
step  33200 | loss=4.9606 | lr=1.01e-04
[VAL] step 33200: bpb=1.5325
step  33300 | loss=4.9911 | lr=1.00e-04
step  33400 | loss=4.9810 | lr=9.92e-05
[VAL] step 33400: bpb=1.5303
step  33500 | loss=4.9891 | lr=9.84e-05
step  33600 | loss=4.9799 | lr=9.75e-05
[VAL] step 33600: bpb=1.5320
step  33700 | loss=4.9712 | lr=9.67e-05
step  33800 | loss=4.9718 | lr=9.58e-05
[VAL] step 33800: bpb=1.5303
step  33900 | loss=4.9690 | lr=9.50e-05
step  34000 | loss=4.9821 | lr=9.41e-05
[VAL] step 34000: bpb=1.5288
step  34100 | loss=4.9858 | lr=9.33e-05
step  34200 | loss=4.9668 | lr=9.25e-05
[VAL] step 34200: bpb=1.5298
step  34300 | loss=4.9781 | lr=9.16e-05
step  34400 | loss=4.9722 | lr=9.08e-05
[VAL] step 34400: bpb=1.5278
step  34500 | loss=4.9827 | lr=9.00e-05
step  34600 | loss=4.9758 | lr=8.92e-05
[VAL] step 34600: bpb=1.5278
step  34700 | loss=4.9775 | lr=8.84e-05
step  34800 | loss=4.9663 | lr=8.76e-05
[VAL] step 34800: bpb=1.5250
step  34900 | loss=4.9559 | lr=8.68e-05
step  35000 | loss=4.9645 | lr=8.60e-05
[VAL] step 35000: bpb=1.5223
step  35100 | loss=4.9428 | lr=8.52e-05
step  35200 | loss=4.9539 | lr=8.44e-05
[VAL] step 35200: bpb=1.5204
step  35300 | loss=4.9654 | lr=8.36e-05
step  35400 | loss=4.9475 | lr=8.28e-05
[VAL] step 35400: bpb=1.5197
step  35500 | loss=4.9588 | lr=8.20e-05
step  35600 | loss=4.9563 | lr=8.13e-05
[VAL] step 35600: bpb=1.5185
step  35700 | loss=4.9550 | lr=8.05e-05
step  35800 | loss=4.9325 | lr=7.97e-05
[VAL] step 35800: bpb=1.5191
step  35900 | loss=4.9285 | lr=7.90e-05
step  36000 | loss=4.9246 | lr=7.82e-05
[VAL] step 36000: bpb=1.5178
step  36100 | loss=4.9465 | lr=7.75e-05
step  36200 | loss=4.9391 | lr=7.67e-05
[VAL] step 36200: bpb=1.5174
step  36300 | loss=4.9233 | lr=7.60e-05
step  36400 | loss=4.9108 | lr=7.53e-05
[VAL] step 36400: bpb=1.5167
step  36500 | loss=4.9191 | lr=7.45e-05
step  36600 | loss=4.9217 | lr=7.38e-05
[VAL] step 36600: bpb=1.5149
step  36700 | loss=4.9121 | lr=7.31e-05
step  36800 | loss=4.9181 | lr=7.24e-05
[VAL] step 36800: bpb=1.5147
step  36900 | loss=4.9116 | lr=7.16e-05
step  37000 | loss=4.9170 | lr=7.09e-05
[VAL] step 37000: bpb=1.5145
step  37100 | loss=4.9238 | lr=7.02e-05
step  37200 | loss=4.9290 | lr=6.95e-05
[VAL] step 37200: bpb=1.5151
step  37300 | loss=4.9190 | lr=6.88e-05
step  37400 | loss=4.9155 | lr=6.82e-05
[VAL] step 37400: bpb=1.5131
step  37500 | loss=4.9347 | lr=6.75e-05
step  37600 | loss=4.9028 | lr=6.68e-05
[VAL] step 37600: bpb=1.5127
step  37700 | loss=4.9103 | lr=6.61e-05
step  37800 | loss=4.9118 | lr=6.55e-05
[VAL] step 37800: bpb=1.5127
step  37900 | loss=4.9193 | lr=6.48e-05
step  38000 | loss=4.9134 | lr=6.42e-05
[VAL] step 38000: bpb=1.5103
step  38100 | loss=4.9303 | lr=6.35e-05
step  38200 | loss=4.9102 | lr=6.29e-05
[VAL] step 38200: bpb=1.5098
step  38300 | loss=4.9130 | lr=6.22e-05
step  38400 | loss=4.9129 | lr=6.16e-05
[VAL] step 38400: bpb=1.5093
step  38500 | loss=4.9083 | lr=6.10e-05
step  38600 | loss=4.9138 | lr=6.03e-05
[VAL] step 38600: bpb=1.5089
step  38700 | loss=4.9129 | lr=5.97e-05
step  38800 | loss=4.8746 | lr=5.91e-05
[VAL] step 38800: bpb=1.5084
step  38900 | loss=4.8821 | lr=5.85e-05
step  39000 | loss=4.8834 | lr=5.79e-05
[VAL] step 39000: bpb=1.5066
step  39100 | loss=4.8933 | lr=5.73e-05
step  39200 | loss=4.9046 | lr=5.67e-05
[VAL] step 39200: bpb=1.5061
step  39300 | loss=4.8932 | lr=5.61e-05
step  39400 | loss=4.9068 | lr=5.56e-05
[VAL] step 39400: bpb=1.5072
step  39500 | loss=4.8947 | lr=5.50e-05
step  39600 | loss=4.8817 | lr=5.44e-05
[VAL] step 39600: bpb=1.5056
step  39700 | loss=4.8839 | lr=5.39e-05
step  39800 | loss=4.8935 | lr=5.33e-05
[VAL] step 39800: bpb=1.5037
step  39900 | loss=4.8831 | lr=5.28e-05
step  40000 | loss=4.8972 | lr=5.22e-05
[VAL] step 40000: bpb=1.5032
step  40100 | loss=4.8753 | lr=5.17e-05
step  40200 | loss=4.8813 | lr=5.11e-05
[VAL] step 40200: bpb=1.5033
step  40300 | loss=4.8703 | lr=5.06e-05
step  40400 | loss=4.8846 | lr=5.01e-05
[VAL] step 40400: bpb=1.5040
step  40500 | loss=4.9045 | lr=4.96e-05
step  40600 | loss=4.8814 | lr=4.91e-05
[VAL] step 40600: bpb=1.5031
step  40700 | loss=4.8679 | lr=4.86e-05
step  40800 | loss=4.8774 | lr=4.81e-05
[VAL] step 40800: bpb=1.5018
step  40900 | loss=4.8767 | lr=4.76e-05
step  41000 | loss=4.8451 | lr=4.71e-05
[VAL] step 41000: bpb=1.5007
step  41100 | loss=4.8531 | lr=4.66e-05
step  41200 | loss=4.8801 | lr=4.62e-05
[VAL] step 41200: bpb=1.5009
step  41300 | loss=4.8898 | lr=4.57e-05
step  41400 | loss=4.8824 | lr=4.53e-05
[VAL] step 41400: bpb=1.4998
step  41500 | loss=4.8811 | lr=4.48e-05
step  41600 | loss=4.8728 | lr=4.44e-05
[VAL] step 41600: bpb=1.4999
step  41700 | loss=4.8867 | lr=4.39e-05
step  41800 | loss=4.8677 | lr=4.35e-05
[VAL] step 41800: bpb=1.4985
step  41900 | loss=4.8774 | lr=4.31e-05
step  42000 | loss=4.8682 | lr=4.26e-05
[VAL] step 42000: bpb=1.4985
step  42100 | loss=4.8639 | lr=4.22e-05
step  42200 | loss=4.8678 | lr=4.18e-05
[VAL] step 42200: bpb=1.4973
step  42300 | loss=4.8562 | lr=4.14e-05
step  42400 | loss=4.8774 | lr=4.10e-05
[VAL] step 42400: bpb=1.4973
step  42500 | loss=4.8685 | lr=4.07e-05
step  42600 | loss=4.8703 | lr=4.03e-05
[VAL] step 42600: bpb=1.4963
step  42700 | loss=4.8637 | lr=3.99e-05
step  42800 | loss=4.8799 | lr=3.95e-05
[VAL] step 42800: bpb=1.4976
step  42900 | loss=4.8366 | lr=3.92e-05
step  43000 | loss=4.8489 | lr=3.88e-05
[VAL] step 43000: bpb=1.4975
step  43100 | loss=4.8546 | lr=3.85e-05
step  43200 | loss=4.8642 | lr=3.81e-05
[VAL] step 43200: bpb=1.4979
step  43300 | loss=4.8687 | lr=3.78e-05
step  43400 | loss=4.8696 | lr=3.75e-05
[VAL] step 43400: bpb=1.4981
step  43500 | loss=4.8587 | lr=3.72e-05
step  43600 | loss=4.8434 | lr=3.69e-05
[VAL] step 43600: bpb=1.4964
step  43700 | loss=4.8543 | lr=3.65e-05
step  43800 | loss=4.8613 | lr=3.62e-05
[VAL] step 43800: bpb=1.4962
step  43900 | loss=4.8586 | lr=3.60e-05
step  44000 | loss=4.8503 | lr=3.57e-05
[VAL] step 44000: bpb=1.4960
step  44100 | loss=4.8582 | lr=3.54e-05
step  44200 | loss=4.8780 | lr=3.51e-05
[VAL] step 44200: bpb=1.4964
step  44300 | loss=4.8743 | lr=3.49e-05
step  44400 | loss=4.8570 | lr=3.46e-05
[VAL] step 44400: bpb=1.4951
step  44500 | loss=4.8507 | lr=3.43e-05
step  44600 | loss=4.8325 | lr=3.41e-05
[VAL] step 44600: bpb=1.4939
step  44700 | loss=4.8447 | lr=3.39e-05
step  44800 | loss=4.8558 | lr=3.36e-05
[VAL] step 44800: bpb=1.4938
step  44900 | loss=4.8421 | lr=3.34e-05
step  45000 | loss=4.8387 | lr=3.32e-05
[VAL] step 45000: bpb=1.4940
step  45100 | loss=4.8666 | lr=3.30e-05
step  45200 | loss=4.8606 | lr=3.28e-05
[VAL] step 45200: bpb=1.4934
step  45300 | loss=4.8677 | lr=3.26e-05
step  45400 | loss=4.8578 | lr=3.24e-05
[VAL] step 45400: bpb=1.4927
step  45500 | loss=4.8426 | lr=3.22e-05
step  45600 | loss=4.8357 | lr=3.21e-05
[VAL] step 45600: bpb=1.4936
step  45700 | loss=4.8451 | lr=3.19e-05
step  45800 | loss=4.8687 | lr=3.17e-05
[VAL] step 45800: bpb=1.4937
step  45900 | loss=4.8539 | lr=3.16e-05
step  46000 | loss=4.8568 | lr=3.14e-05
[VAL] step 46000: bpb=1.4928
step  46100 | loss=4.8439 | lr=3.13e-05
step  46200 | loss=4.8438 | lr=3.12e-05
[VAL] step 46200: bpb=1.4929
step  46300 | loss=4.8550 | lr=3.10e-05
step  46400 | loss=4.8466 | lr=3.09e-05
[VAL] step 46400: bpb=1.4926
step  46500 | loss=4.8440 | lr=3.08e-05
step  46600 | loss=4.8285 | lr=3.07e-05
[VAL] step 46600: bpb=1.4925
step  46700 | loss=4.8280 | lr=3.06e-05
step  46800 | loss=4.8230 | lr=3.05e-05
[VAL] step 46800: bpb=1.4911
step  46900 | loss=4.8185 | lr=3.04e-05
step  47000 | loss=4.8442 | lr=3.04e-05
[VAL] step 47000: bpb=1.4920
step  47100 | loss=4.8381 | lr=3.03e-05
step  47200 | loss=4.8497 | lr=3.02e-05
[VAL] step 47200: bpb=1.4913
step  47300 | loss=4.8344 | lr=3.02e-05
step  47400 | loss=4.8446 | lr=3.01e-05
[VAL] step 47400: bpb=1.4914
step  47500 | loss=4.8472 | lr=3.01e-05
step  47600 | loss=4.8524 | lr=3.01e-05
[VAL] step 47600: bpb=1.4913
step  47700 | loss=4.8388 | lr=3.00e-05
step  47800 | loss=4.8306 | lr=3.00e-05
[VAL] step 47800: bpb=1.4906
step  47900 | loss=4.8388 | lr=3.00e-05
step  48000 | loss=4.8369 | lr=3.00e-05
[VAL] step 48000: bpb=1.4911

=== DONE ===
{
  "exp_name": "exp235_dv32_48k",
  "best_val_bpb": 1.4906340292955853,
  "final_val_bpb": 1.4911307097126685,
  "n_params": 358420224,
  "training_time_hours": 4.089
}
