Loading tokenizer from /home/<user>/.cache/nanochat/tokenizer
FIXED EVAL: bs48 x 100 steps, skip 12 rows (val window independent of device_batch_size=12)
MinimalGPT depth=6 dim=384 heads=6 seq=512 | ffn=compression tie=False | params=67,351,680
[tv] lut_cell_smoothness=10: penalty over 6 LUT modules (MultiHeadLut), applied once per step before clipping
Tokens/micro-batch: 6,144 | grad_accum: 4 | effective batch: 24,576 tokens
wandb: [wandb.login()] Loaded credentials for http://<WANDB_HOST> from /home/<user>/.netrc.
wandb: Currently logged in as: <WANDB_ENTITY> to http://<WANDB_HOST>. Use `wandb login --relogin` to force relogin
wandb: setting up run exp_n_abl_12_B16k_gen1_hard_tv10_nap8_tph128_seed1
wandb: Tracking run with wandb version 0.30.0
wandb: Run data is saved locally in /home/<user>/.cache/wandb/wandb/run-20260913_222455-exp_n_abl_12_B16k_gen1_hard_tv10_nap8_tph128_seed1
wandb: Run `wandb offline` to turn off syncing.
wandb: Syncing run exp_n_abl_12_B16k_gen1_hard_tv10_nap8_tph128_seed1
wandb: ⭐️ View project at http://<WANDB_HOST>/<WANDB_ENTITY>/Spiky
wandb: 🚀 View run at http://<WANDB_HOST>/<WANDB_ENTITY>/Spiky/runs/exp_n_abl_12_B16k_gen1_hard_tv10_nap8_tph128_seed1
[wandb] online: run exp_n_abl_12_B16k_gen1_hard_tv10_nap8_tph128_seed1 -> /home/<user>/.cache/wandb/wandb/run-20260913_222455-exp_n_abl_12_B16k_gen1_hard_tv10_nap8_tph128_seed1/files
step      1 | loss=10.4804 | lr=1.87e-07
step    100 | loss=10.1231 | lr=1.87e-05
step    200 | loss=9.3823 | lr=3.75e-05
step    300 | loss=8.4252 | lr=5.62e-05
step    400 | loss=7.6110 | lr=7.50e-05
step    500 | loss=7.0403 | lr=9.37e-05
[VAL] step 500: bpb=2.0062
step    600 | loss=6.6380 | lr=1.12e-04
step    700 | loss=6.3662 | lr=1.31e-04
step    800 | loss=6.1823 | lr=1.50e-04
step    900 | loss=6.0193 | lr=1.69e-04
step   1000 | loss=5.8905 | lr=1.87e-04
[VAL] step 1000: bpb=1.7613
step   1100 | loss=5.7705 | lr=2.06e-04
step   1200 | loss=5.6608 | lr=2.25e-04
step   1300 | loss=5.5610 | lr=2.44e-04
step   1400 | loss=5.4689 | lr=2.62e-04
step   1500 | loss=5.3849 | lr=2.81e-04
[VAL] step 1500: bpb=1.6203
step   1600 | loss=5.3212 | lr=3.00e-04
step   1700 | loss=5.2438 | lr=3.00e-04
step   1800 | loss=5.1746 | lr=3.00e-04
step   1900 | loss=5.1081 | lr=3.00e-04
step   2000 | loss=5.0562 | lr=2.99e-04
[VAL] step 2000: bpb=1.5338
step   2100 | loss=5.0048 | lr=2.99e-04
step   2200 | loss=4.9644 | lr=2.99e-04
step   2300 | loss=4.9272 | lr=2.98e-04
step   2400 | loss=4.8899 | lr=2.98e-04
step   2500 | loss=4.8503 | lr=2.97e-04
[VAL] step 2500: bpb=1.4737
step   2600 | loss=4.8122 | lr=2.97e-04
step   2700 | loss=4.7834 | lr=2.96e-04
step   2800 | loss=4.7457 | lr=2.95e-04
step   2900 | loss=4.7087 | lr=2.95e-04
step   3000 | loss=4.6814 | lr=2.94e-04
[VAL] step 3000: bpb=1.4239
step   3100 | loss=4.6595 | lr=2.93e-04
step   3200 | loss=4.6274 | lr=2.92e-04
step   3300 | loss=4.5874 | lr=2.91e-04
step   3400 | loss=4.5644 | lr=2.90e-04
step   3500 | loss=4.5327 | lr=2.89e-04
[VAL] step 3500: bpb=1.3822
step   3600 | loss=4.5093 | lr=2.87e-04
step   3700 | loss=4.4906 | lr=2.86e-04
step   3800 | loss=4.4848 | lr=2.85e-04
step   3900 | loss=4.4662 | lr=2.83e-04
step   4000 | loss=4.4447 | lr=2.82e-04
[VAL] step 4000: bpb=1.3529
step   4100 | loss=4.4219 | lr=2.80e-04
step   4200 | loss=4.4042 | lr=2.79e-04
step   4300 | loss=4.3879 | lr=2.77e-04
step   4400 | loss=4.3738 | lr=2.76e-04
step   4500 | loss=4.3639 | lr=2.74e-04
[VAL] step 4500: bpb=1.3319
step   4600 | loss=4.3570 | lr=2.72e-04
step   4700 | loss=4.3408 | lr=2.70e-04
step   4800 | loss=4.3277 | lr=2.68e-04
step   4900 | loss=4.3130 | lr=2.66e-04
step   5000 | loss=4.3133 | lr=2.65e-04
[VAL] step 5000: bpb=1.3152
step   5100 | loss=4.2981 | lr=2.63e-04
step   5200 | loss=4.3017 | lr=2.60e-04
step   5300 | loss=4.3042 | lr=2.58e-04
step   5400 | loss=4.2998 | lr=2.56e-04
step   5500 | loss=4.2749 | lr=2.54e-04
[VAL] step 5500: bpb=1.3007
step   5600 | loss=4.2549 | lr=2.52e-04
step   5700 | loss=4.2395 | lr=2.49e-04
step   5800 | loss=4.2283 | lr=2.47e-04
step   5900 | loss=4.2183 | lr=2.45e-04
step   6000 | loss=4.2148 | lr=2.42e-04
[VAL] step 6000: bpb=1.2877
step   6100 | loss=4.2067 | lr=2.40e-04
step   6200 | loss=4.2011 | lr=2.38e-04
step   6300 | loss=4.1883 | lr=2.35e-04
step   6400 | loss=4.1824 | lr=2.32e-04
step   6500 | loss=4.1822 | lr=2.30e-04
[VAL] step 6500: bpb=1.2781
step   6600 | loss=4.1686 | lr=2.27e-04
step   6700 | loss=4.1641 | lr=2.25e-04
step   6800 | loss=4.1670 | lr=2.22e-04
step   6900 | loss=4.1535 | lr=2.19e-04
step   7000 | loss=4.1386 | lr=2.17e-04
[VAL] step 7000: bpb=1.2689
step   7100 | loss=4.1224 | lr=2.14e-04
step   7200 | loss=4.1146 | lr=2.11e-04
step   7300 | loss=4.1177 | lr=2.08e-04
step   7400 | loss=4.1177 | lr=2.06e-04
step   7500 | loss=4.1100 | lr=2.03e-04
[VAL] step 7500: bpb=1.2598
step   7600 | loss=4.1009 | lr=2.00e-04
step   7700 | loss=4.0850 | lr=1.97e-04
step   7800 | loss=4.0829 | lr=1.94e-04
step   7900 | loss=4.0810 | lr=1.91e-04
step   8000 | loss=4.0745 | lr=1.88e-04
[VAL] step 8000: bpb=1.2534
step   8100 | loss=4.0685 | lr=1.86e-04
step   8200 | loss=4.0711 | lr=1.83e-04
step   8300 | loss=4.0729 | lr=1.80e-04
step   8400 | loss=4.0578 | lr=1.77e-04
step   8500 | loss=4.0461 | lr=1.74e-04
[VAL] step 8500: bpb=1.2455
step   8600 | loss=4.0440 | lr=1.71e-04
step   8700 | loss=4.0350 | lr=1.68e-04
step   8800 | loss=4.0321 | lr=1.65e-04
step   8900 | loss=4.0332 | lr=1.62e-04
step   9000 | loss=4.0377 | lr=1.59e-04
[VAL] step 9000: bpb=1.2388
step   9100 | loss=4.0231 | lr=1.56e-04
step   9200 | loss=4.0206 | lr=1.53e-04
step   9300 | loss=4.0092 | lr=1.50e-04
step   9400 | loss=4.0051 | lr=1.47e-04
step   9500 | loss=3.9988 | lr=1.44e-04
[VAL] step 9500: bpb=1.2335
step   9600 | loss=4.0003 | lr=1.42e-04
step   9700 | loss=3.9980 | lr=1.39e-04
step   9800 | loss=4.0040 | lr=1.36e-04
step   9900 | loss=3.9894 | lr=1.33e-04
step  10000 | loss=3.9826 | lr=1.30e-04
[VAL] step 10000: bpb=1.2277
step  10100 | loss=3.9793 | lr=1.27e-04
step  10200 | loss=3.9786 | lr=1.24e-04
step  10300 | loss=3.9699 | lr=1.22e-04
step  10400 | loss=3.9913 | lr=1.19e-04
step  10500 | loss=3.9910 | lr=1.16e-04
[VAL] step 10500: bpb=1.2228
step  10600 | loss=3.9933 | lr=1.13e-04
step  10700 | loss=3.9597 | lr=1.11e-04
step  10800 | loss=3.9573 | lr=1.08e-04
step  10900 | loss=3.9496 | lr=1.05e-04
step  11000 | loss=3.9325 | lr=1.03e-04
[VAL] step 11000: bpb=1.2180
step  11100 | loss=3.9358 | lr=1.00e-04
step  11200 | loss=3.9370 | lr=9.75e-05
step  11300 | loss=3.9352 | lr=9.50e-05
step  11400 | loss=3.9353 | lr=9.25e-05
step  11500 | loss=3.9190 | lr=9.00e-05
[VAL] step 11500: bpb=1.2136
step  11600 | loss=3.9194 | lr=8.76e-05
step  11700 | loss=3.9239 | lr=8.52e-05
step  11800 | loss=3.9170 | lr=8.28e-05
step  11900 | loss=3.9171 | lr=8.05e-05
step  12000 | loss=3.9108 | lr=7.82e-05
[VAL] step 12000: bpb=1.2098
step  12100 | loss=3.9066 | lr=7.60e-05
step  12200 | loss=3.8935 | lr=7.38e-05
step  12300 | loss=3.8850 | lr=7.16e-05
step  12400 | loss=3.8848 | lr=6.95e-05
step  12500 | loss=3.8854 | lr=6.75e-05
[VAL] step 12500: bpb=1.2063
step  12600 | loss=3.8820 | lr=6.55e-05
step  12700 | loss=3.8824 | lr=6.35e-05
step  12800 | loss=3.8736 | lr=6.16e-05
step  12900 | loss=3.8638 | lr=5.97e-05
step  13000 | loss=3.8687 | lr=5.79e-05
[VAL] step 13000: bpb=1.2036
step  13100 | loss=3.8592 | lr=5.61e-05
step  13200 | loss=3.8593 | lr=5.44e-05
step  13300 | loss=3.8591 | lr=5.28e-05
step  13400 | loss=3.8630 | lr=5.11e-05
step  13500 | loss=3.8633 | lr=4.96e-05
[VAL] step 13500: bpb=1.2008
step  13600 | loss=3.8539 | lr=4.81e-05
step  13700 | loss=3.8439 | lr=4.66e-05
step  13800 | loss=3.8433 | lr=4.53e-05
step  13900 | loss=3.8385 | lr=4.39e-05
step  14000 | loss=3.8417 | lr=4.26e-05
[VAL] step 14000: bpb=1.1987
step  14100 | loss=3.8424 | lr=4.14e-05
step  14200 | loss=3.8460 | lr=4.03e-05
step  14300 | loss=3.8405 | lr=3.92e-05
step  14400 | loss=3.8341 | lr=3.81e-05
step  14500 | loss=3.8248 | lr=3.72e-05
[VAL] step 14500: bpb=1.1965
step  14600 | loss=3.8216 | lr=3.62e-05
step  14700 | loss=3.8150 | lr=3.54e-05
step  14800 | loss=3.8226 | lr=3.46e-05
step  14900 | loss=3.8258 | lr=3.39e-05
step  15000 | loss=3.8271 | lr=3.32e-05
[VAL] step 15000: bpb=1.1953
step  15100 | loss=3.8161 | lr=3.26e-05
step  15200 | loss=3.8123 | lr=3.21e-05
step  15300 | loss=3.8139 | lr=3.16e-05
step  15400 | loss=3.8203 | lr=3.12e-05
step  15500 | loss=3.8145 | lr=3.08e-05
[VAL] step 15500: bpb=1.1943
step  15600 | loss=3.8444 | lr=3.05e-05
step  15700 | loss=3.8375 | lr=3.03e-05
step  15800 | loss=3.8299 | lr=3.01e-05
step  15900 | loss=3.8058 | lr=3.00e-05
step  16000 | loss=3.8066 | lr=3.00e-05
[VAL] step 16000: bpb=1.1936

=== DONE ===
{
  "exp_name": "exp_n_abl_12_B16k_gen1_hard_tv10_nap8_tph128_seed1",
  "best_val_bpb": 1.1936157073791436,
  "final_val_bpb": 1.1936157073791436,
  "total_params": 67351680,
  "training_time_hours": 1.106,
  "eval_protocol": {
    "eval_batch_size": 48,
    "eval_steps": 100,
    "skip_rows": 12,
    "batch_size_independent": true
  }
}
wandb: updating run metadata
wandb: uploading wandb-summary.json; uploading config.yaml
wandb: 
wandb: Run history:
wandb: ln1_norm_L0 ███▇▆▆▅▄▄▃▃▂▂▂▁▁▁▁▁▁▁▁▁▁▁▁▁▁▁▁▁▁
wandb: ln1_norm_L1 ▇█████▇▇▆▆▅▅▅▄▄▃▃▃▃▂▂▂▂▂▂▂▁▁▁▁▁▁
wandb: ln1_norm_L2 ███▇▇▆▅▅▄▄▃▃▂▂▂▂▁▁▁▁▁▁▁▁▁▁▁▁▁▁▁▁
wandb: ln1_norm_L3 ███▇▆▅▄▄▃▃▂▂▂▁▁▁▁▁▁▁▁▁▁▁▁▁▁▁▁▁▁▁
wandb: ln1_norm_L4 ▇██▇▆▅▄▃▃▂▂▂▁▁▁▁▁▁▁▁▁▁▁▂▂▂▂▂▂▂▂▂
wandb: ln1_norm_L5 ▁▁▁▂▂▃▄▄▅▅▆▆▆▆▇▇▇▇▇▇▇███████████
wandb: ln2_mean_L0 ████▇▇▆▅▅▄▄▃▃▃▂▂▂▂▁▁▁▁▁▁▁▁▁▁▁▁▁▁
wandb: ln2_mean_L1 ████▇▇▆▆▅▄▄▃▃▃▂▂▂▂▁▁▁▁▁▁▁▁▁▁▁▁▁▁
wandb: ln2_mean_L2 ████▇▇▆▆▅▅▅▄▄▃▃▃▂▂▂▂▁▁▁▁▁▁▁▁▁▁▁▁
wandb: ln2_mean_L3 ████▇▇▆▆▆▅▅▄▄▄▃▃▃▂▂▂▂▂▁▁▁▁▁▁▁▁▁▁
wandb:         +22 ...
wandb: 
wandb: Run summary:
wandb:  best_val_bpb 1.19362
wandb:      exp_name exp_n_abl_12_B16k_ge...
wandb: final_val_bpb 1.19362
wandb:   ln1_norm_L0 15.30287
wandb:   ln1_norm_L1 19.15287
wandb:   ln1_norm_L2 18.10094
wandb:   ln1_norm_L3 18.85627
wandb:   ln1_norm_L4 19.31116
wandb:   ln1_norm_L5 23.30839
wandb:   ln2_mean_L0 0.9264
wandb:           +27 ...
wandb: 
wandb: 🚀 View run exp_n_abl_12_B16k_gen1_hard_tv10_nap8_tph128_seed1 at: http://<WANDB_HOST>/<WANDB_ENTITY>/Spiky/runs/exp_n_abl_12_B16k_gen1_hard_tv10_nap8_tph128_seed1
wandb: ⭐️ View project at: http://<WANDB_HOST>/<WANDB_ENTITY>/Spiky
wandb: Synced 5 W&B file(s), 0 media file(s), 0 artifact file(s) and 0 other file(s)
wandb: Find logs at: /home/<user>/.cache/wandb/wandb/run-20260913_222455-exp_n_abl_12_B16k_gen1_hard_tv10_nap8_tph128_seed1/logs
[wandb] finished in 0.7s
