Loading tokenizer from /home/starost/.cache/nanochat/tokenizer
Vocab size: 32768, BOS id: 32759
Building model:
Total params (all fp32): 99,389,446
Q/K Joint SparseLut: in_nap=8 tph=384 n_sparse=8 -> 2*d_qk=84 (per head, H=6)
QK V2D mode:        per-head sparse n_pairs=256 -> D_QK_P=256
V SparseLut:         in_nap=8 tph=384 n_sparse=8 -> d_v=42 (per head, H=6)
out_proj SparseLut:  in_nap=8 tph=2048 n_sparse=8 -> E=256
Residual:        classic skip connection (out_real + x), no residual_lut
Unembedder:      LN(256) -> Linear(256,VOCAB)
Tokens/micro-batch: 4,096 | grad_accum: 1 | effective batch: 4,096 tokens
step      1 | loss=10.5702 | lr=3.75e-07
step    100 | loss=10.2550 | lr=3.75e-05
step    200 | loss=9.4045 | lr=7.50e-05
[VAL] step 200: bpb=2.5902
step    300 | loss=8.4438 | lr=1.12e-04
step    400 | loss=7.8603 | lr=1.50e-04
[VAL] step 400: bpb=2.2894
step    500 | loss=7.5030 | lr=1.87e-04
step    600 | loss=7.2560 | lr=2.25e-04
[VAL] step 600: bpb=2.1502
step    700 | loss=7.0714 | lr=2.62e-04
step    800 | loss=6.9207 | lr=3.00e-04
[VAL] step 800: bpb=2.0801
step    900 | loss=6.8112 | lr=3.00e-04
step   1000 | loss=6.7364 | lr=2.99e-04
[VAL] step 1000: bpb=2.0350
step   1100 | loss=6.6730 | lr=2.99e-04
step   1200 | loss=6.6203 | lr=2.98e-04
[VAL] step 1200: bpb=2.0055
step   1300 | loss=6.5558 | lr=2.97e-04
step   1400 | loss=6.5336 | lr=2.95e-04
[VAL] step 1400: bpb=1.9881
step   1500 | loss=6.5088 | lr=2.94e-04
step   1600 | loss=6.4521 | lr=2.92e-04
[VAL] step 1600: bpb=1.9727
step   1700 | loss=6.4292 | lr=2.90e-04
step   1800 | loss=6.4054 | lr=2.87e-04
[VAL] step 1800: bpb=1.9546
step   1900 | loss=6.3926 | lr=2.85e-04
step   2000 | loss=6.3599 | lr=2.82e-04
[VAL] step 2000: bpb=1.9430
step   2100 | loss=6.3205 | lr=2.79e-04
step   2200 | loss=6.3033 | lr=2.76e-04
[VAL] step 2200: bpb=1.9291
step   2300 | loss=6.2871 | lr=2.72e-04
step   2400 | loss=6.2763 | lr=2.68e-04
[VAL] step 2400: bpb=1.9150
step   2500 | loss=6.2547 | lr=2.65e-04
step   2600 | loss=6.2446 | lr=2.60e-04
[VAL] step 2600: bpb=1.9053
step   2700 | loss=6.2117 | lr=2.56e-04
step   2800 | loss=6.2035 | lr=2.52e-04
[VAL] step 2800: bpb=1.8942
step   2900 | loss=6.1777 | lr=2.47e-04
step   3000 | loss=6.1632 | lr=2.42e-04
[VAL] step 3000: bpb=1.8822
step   3100 | loss=6.1503 | lr=2.38e-04
step   3200 | loss=6.1298 | lr=2.32e-04
[VAL] step 3200: bpb=1.8700
step   3300 | loss=6.1174 | lr=2.27e-04
step   3400 | loss=6.0802 | lr=2.22e-04
[VAL] step 3400: bpb=1.8644
step   3500 | loss=6.0660 | lr=2.17e-04
step   3600 | loss=6.0704 | lr=2.11e-04
[VAL] step 3600: bpb=1.8557
step   3700 | loss=6.0487 | lr=2.06e-04
step   3800 | loss=6.0328 | lr=2.00e-04
[VAL] step 3800: bpb=1.8468
step   3900 | loss=6.0072 | lr=1.94e-04
step   4000 | loss=5.9893 | lr=1.88e-04
[VAL] step 4000: bpb=1.8368
step   4100 | loss=6.0096 | lr=1.83e-04
step   4200 | loss=5.9834 | lr=1.77e-04
[VAL] step 4200: bpb=1.8300
step   4300 | loss=5.9799 | lr=1.71e-04
step   4400 | loss=5.9632 | lr=1.65e-04
[VAL] step 4400: bpb=1.8248
step   4500 | loss=5.9487 | lr=1.59e-04
step   4600 | loss=5.9335 | lr=1.53e-04
[VAL] step 4600: bpb=1.8163
step   4700 | loss=5.9318 | lr=1.47e-04
step   4800 | loss=5.9284 | lr=1.42e-04
[VAL] step 4800: bpb=1.8105
step   4900 | loss=5.9020 | lr=1.36e-04
step   5000 | loss=5.8929 | lr=1.30e-04
[VAL] step 5000: bpb=1.8042
step   5100 | loss=5.8761 | lr=1.24e-04
step   5200 | loss=5.8593 | lr=1.19e-04
[VAL] step 5200: bpb=1.7969
step   5300 | loss=5.8452 | lr=1.13e-04
step   5400 | loss=5.8275 | lr=1.08e-04
[VAL] step 5400: bpb=1.7916
step   5500 | loss=5.8285 | lr=1.03e-04
step   5600 | loss=5.8414 | lr=9.75e-05
[VAL] step 5600: bpb=1.7877
step   5700 | loss=5.8259 | lr=9.25e-05
step   5800 | loss=5.8141 | lr=8.76e-05
[VAL] step 5800: bpb=1.7843
step   5900 | loss=5.8189 | lr=8.28e-05
step   6000 | loss=5.8025 | lr=7.82e-05
[VAL] step 6000: bpb=1.7810
step   6100 | loss=5.7931 | lr=7.38e-05
