Loading tokenizer from /home/starost/.cache/nanochat/tokenizer
Vocab size: 32768, BOS id: 32759
MultiHeadLut modules: 18
Adam-managed parameters: 129,304,838
Q/K Joint MHLut: in_nap=6 tph=256 d_qk=32 (n_outputs=2*d_qk=64)
V MHLut:         in_nap=7 tph=256 d_v=16 (n_outputs=d_v)
out_proj MHLut:  in_nap=6 tph=[2048, 2048, 1024, 1024, 1024, 1024] (n_outputs=E=96) + LayerNorm
Tokens/micro-batch: 4,096 | grad_accum: 1 | effective batch: 4,096 tokens
step      1 | loss=10.5639 | lr=3.75e-07
step    100 | loss=9.7288 | lr=3.75e-05
step    200 | loss=8.5915 | lr=7.50e-05
[VAL] step 200: bpb=2.3526
step    300 | loss=7.9252 | lr=1.12e-04
step    400 | loss=7.5703 | lr=1.50e-04
[VAL] step 400: bpb=2.2242
step    500 | loss=7.2165 | lr=1.87e-04
step    600 | loss=6.9867 | lr=2.25e-04
[VAL] step 600: bpb=2.0708
step    700 | loss=6.8295 | lr=2.62e-04
step    800 | loss=6.7073 | lr=3.00e-04
[VAL] step 800: bpb=2.0215
step    900 | loss=6.6219 | lr=3.00e-04
step   1000 | loss=6.5603 | lr=2.99e-04
[VAL] step 1000: bpb=1.9870
step   1100 | loss=6.5108 | lr=2.99e-04
step   1200 | loss=6.4650 | lr=2.98e-04
[VAL] step 1200: bpb=1.9615
step   1300 | loss=6.4077 | lr=2.97e-04
step   1400 | loss=6.3873 | lr=2.95e-04
[VAL] step 1400: bpb=1.9419
step   1500 | loss=6.3593 | lr=2.94e-04
step   1600 | loss=6.3018 | lr=2.92e-04
[VAL] step 1600: bpb=1.9212
step   1700 | loss=6.2834 | lr=2.90e-04
step   1800 | loss=6.2620 | lr=2.87e-04
[VAL] step 1800: bpb=1.9103
step   1900 | loss=6.2386 | lr=2.85e-04
step   2000 | loss=6.2073 | lr=2.82e-04
[VAL] step 2000: bpb=1.8934
step   2100 | loss=6.1664 | lr=2.79e-04
step   2200 | loss=6.1412 | lr=2.76e-04
[VAL] step 2200: bpb=1.8747
step   2300 | loss=6.1164 | lr=2.72e-04
step   2400 | loss=6.1019 | lr=2.68e-04
[VAL] step 2400: bpb=1.8621
step   2500 | loss=6.0780 | lr=2.65e-04
step   2600 | loss=6.0610 | lr=2.60e-04
[VAL] step 2600: bpb=1.8456
step   2700 | loss=6.0267 | lr=2.56e-04
step   2800 | loss=6.0111 | lr=2.52e-04
[VAL] step 2800: bpb=1.8342
step   2900 | loss=5.9842 | lr=2.47e-04
step   3000 | loss=5.9693 | lr=2.42e-04
[VAL] step 3000: bpb=1.8223
step   3100 | loss=5.9534 | lr=2.38e-04
step   3200 | loss=5.9398 | lr=2.32e-04
[VAL] step 3200: bpb=1.8114
step   3300 | loss=5.9279 | lr=2.27e-04
step   3400 | loss=5.8896 | lr=2.22e-04
[VAL] step 3400: bpb=1.8041
step   3500 | loss=5.8780 | lr=2.17e-04
step   3600 | loss=5.8852 | lr=2.11e-04
[VAL] step 3600: bpb=1.8007
step   3700 | loss=5.8596 | lr=2.06e-04
step   3800 | loss=5.8479 | lr=2.00e-04
[VAL] step 3800: bpb=1.7909
step   3900 | loss=5.8225 | lr=1.94e-04
step   4000 | loss=5.8046 | lr=1.88e-04
[VAL] step 4000: bpb=1.7821
step   4100 | loss=5.8315 | lr=1.83e-04
step   4200 | loss=5.8017 | lr=1.77e-04
[VAL] step 4200: bpb=1.7784
step   4300 | loss=5.8067 | lr=1.71e-04
step   4400 | loss=5.7910 | lr=1.65e-04
[VAL] step 4400: bpb=1.7707
step   4500 | loss=5.7767 | lr=1.59e-04
step   4600 | loss=5.7660 | lr=1.53e-04
[VAL] step 4600: bpb=1.7652
step   4700 | loss=5.7648 | lr=1.47e-04
step   4800 | loss=5.7628 | lr=1.42e-04
[VAL] step 4800: bpb=1.7602
step   4900 | loss=5.7363 | lr=1.36e-04
step   5000 | loss=5.7325 | lr=1.30e-04
[VAL] step 5000: bpb=1.7527
step   5100 | loss=5.7192 | lr=1.24e-04
step   5200 | loss=5.7006 | lr=1.19e-04
[VAL] step 5200: bpb=1.7471
step   5300 | loss=5.6856 | lr=1.13e-04
step   5400 | loss=5.6715 | lr=1.08e-04
[VAL] step 5400: bpb=1.7444
step   5500 | loss=5.6768 | lr=1.03e-04
step   5600 | loss=5.6920 | lr=9.75e-05
[VAL] step 5600: bpb=1.7411
step   5700 | loss=5.6756 | lr=9.25e-05
step   5800 | loss=5.6650 | lr=8.76e-05
[VAL] step 5800: bpb=1.7382
step   5900 | loss=5.6704 | lr=8.28e-05
step   6000 | loss=5.6535 | lr=7.82e-05
[VAL] step 6000: bpb=1.7334
step   6100 | loss=5.6411 | lr=7.38e-05
step   6200 | loss=5.6390 | lr=6.95e-05
[VAL] step 6200: bpb=1.7302
step   6300 | loss=5.6411 | lr=6.55e-05
step   6400 | loss=5.6242 | lr=6.16e-05
[VAL] step 6400: bpb=1.7259
step   6500 | loss=5.6168 | lr=5.79e-05
step   6600 | loss=5.6230 | lr=5.44e-05
[VAL] step 6600: bpb=1.7229
step   6700 | loss=5.6175 | lr=5.11e-05
step   6800 | loss=5.6092 | lr=4.81e-05
[VAL] step 6800: bpb=1.7218
step   6900 | loss=5.6093 | lr=4.53e-05
step   7000 | loss=5.6098 | lr=4.26e-05
[VAL] step 7000: bpb=1.7208
step   7100 | loss=5.6012 | lr=4.03e-05
step   7200 | loss=5.6050 | lr=3.81e-05
[VAL] step 7200: bpb=1.7176
step   7300 | loss=5.5907 | lr=3.62e-05
step   7400 | loss=5.6025 | lr=3.46e-05
[VAL] step 7400: bpb=1.7162
step   7500 | loss=5.5892 | lr=3.32e-05
step   7600 | loss=5.5814 | lr=3.21e-05
[VAL] step 7600: bpb=1.7135
step   7700 | loss=5.5733 | lr=3.12e-05
step   7800 | loss=5.5856 | lr=3.05e-05
[VAL] step 7800: bpb=1.7119
step   7900 | loss=5.5821 | lr=3.01e-05
step   8000 | loss=5.5739 | lr=3.00e-05
[VAL] step 8000: bpb=1.7114

=== DONE ===
{
  "exp_name": "exp060_e96_full_mhlut",
  "best_val_bpb": 1.7114270723376237,
  "final_val_bpb": 1.7114270723376237,
  "adam_params": 129304838,
  "training_time_hours": 0.416
}
