RANDOM init: 512 independent genomes, 40 exc + 10 inh active (E-frac 0.800), ~341 synapses each
r   0  fit  80.196  mse  80.196  neurons 50.00 (min 50 max 50)  syn  341.2  held-out best  60.530  [   2.2s]
r  25  fit  66.909  mse  66.909  neurons 50.00 (min 50 max 50)  syn  486.2  held-out best  61.345  [  26.5s]
r  50  fit  65.368  mse  65.368  neurons 50.00 (min 50 max 50)  syn  558.6  held-out best  61.345  [  52.1s]
r  75  fit  65.679  mse  65.679  neurons 50.00 (min 50 max 50)  syn  591.6  held-out best  54.446  [  77.8s]
r 100  fit  58.999  mse  58.999  neurons 50.00 (min 50 max 50)  syn  620.5  held-out best  62.538  [ 104.8s]
r 125  fit  60.781  mse  60.781  neurons 50.00 (min 50 max 50)  syn  640.1  held-out best  62.538  [ 131.3s]
r 150  fit  59.332  mse  59.332  neurons 50.00 (min 50 max 50)  syn  653.1  held-out best  62.538  [ 158.0s]
r 175  fit  59.629  mse  59.629  neurons 50.00 (min 50 max 50)  syn  664.0  held-out best  62.538  [ 184.6s]
r 200  fit  61.856  mse  61.856  neurons 50.00 (min 50 max 50)  syn  664.5  held-out best  62.538  [ 211.3s]
r 225  fit  62.064  mse  62.064  neurons 50.00 (min 50 max 50)  syn  676.8  held-out best  62.538  [ 238.0s]
r 250  fit  62.088  mse  62.088  neurons 50.00 (min 50 max 50)  syn  686.9  held-out best  62.538  [ 265.1s]
r 275  fit  60.339  mse  60.339  neurons 50.00 (min 50 max 50)  syn  694.6  held-out best  62.538  [ 291.8s]
r 300  fit  61.074  mse  61.074  neurons 50.00 (min 50 max 50)  syn  702.1  held-out best  62.538  [ 318.8s]
r 325  fit  59.576  mse  59.576  neurons 50.00 (min 50 max 50)  syn  708.5  held-out best  62.538  [ 345.2s]
r 350  fit  61.165  mse  61.165  neurons 50.00 (min 50 max 50)  syn  718.0  held-out best  62.538  [ 372.4s]
r 375  fit  56.165  mse  56.165  neurons 50.00 (min 50 max 50)  syn  720.8  held-out best  60.508  [ 400.0s]
r 400  fit  58.452  mse  58.452  neurons 50.00 (min 50 max 50)  syn  737.0  held-out best  60.508  [ 428.1s]
r 425  fit  58.294  mse  58.294  neurons 50.00 (min 50 max 50)  syn  745.3  held-out best  60.508  [ 456.0s]
r 450  fit  58.650  mse  58.650  neurons 50.00 (min 50 max 50)  syn  749.8  held-out best  60.508  [ 483.7s]
r 475  fit  59.170  mse  59.170  neurons 50.00 (min 50 max 50)  syn  758.4  held-out best  60.508  [ 511.3s]
r 500  fit  59.108  mse  59.108  neurons 50.00 (min 50 max 50)  syn  760.4  held-out best  60.508  [ 539.9s]
r 525  fit  59.421  mse  59.421  neurons 50.00 (min 50 max 50)  syn  768.3  held-out best  60.508  [ 567.5s]
r 550  fit  54.312  mse  54.312  neurons 50.00 (min 50 max 50)  syn  773.4  held-out best  60.508  [ 595.8s]
r 575  fit  58.173  mse  58.173  neurons 50.00 (min 50 max 50)  syn  770.6  held-out best  60.508  [ 623.3s]
r 600  fit  51.769  mse  51.769  neurons 50.00 (min 50 max 50)  syn  780.1  held-out best  52.458  [ 652.0s]
r 625  fit  54.163  mse  54.163  neurons 50.00 (min 50 max 50)  syn  788.7  held-out best  52.458  [ 679.8s]
r 650  fit  51.235  mse  51.235  neurons 50.00 (min 50 max 50)  syn  786.7  held-out best  52.458  [ 708.6s]
r 675  fit  54.293  mse  54.293  neurons 50.00 (min 50 max 50)  syn  790.7  held-out best  52.458  [ 736.7s]
r 700  fit  54.250  mse  54.250  neurons 50.00 (min 50 max 50)  syn  798.2  held-out best  52.458  [ 765.5s]
r 725  fit  54.160  mse  54.160  neurons 50.00 (min 50 max 50)  syn  804.9  held-out best  52.458  [ 793.6s]
r 750  fit  53.103  mse  53.103  neurons 50.00 (min 50 max 50)  syn  804.6  held-out best  52.458  [ 822.4s]
r 775  fit  50.656  mse  50.656  neurons 50.00 (min 50 max 50)  syn  808.1  held-out best  46.984  [ 850.5s]
r 800  fit  49.500  mse  49.500  neurons 50.00 (min 50 max 50)  syn  808.8  held-out best  46.984  [ 878.3s]
r 825  fit  51.638  mse  51.638  neurons 50.00 (min 50 max 50)  syn  816.1  held-out best  46.984  [ 905.8s]
r 850  fit  49.988  mse  49.988  neurons 50.00 (min 50 max 50)  syn  820.3  held-out best  46.984  [ 933.8s]
r 875  fit  50.531  mse  50.531  neurons 50.00 (min 50 max 50)  syn  824.5  held-out best  46.984  [ 961.0s]
r 900  fit  51.055  mse  51.055  neurons 50.00 (min 50 max 50)  syn  824.6  held-out best  46.984  [ 988.7s]
r 925  fit  50.476  mse  50.476  neurons 50.00 (min 50 max 50)  syn  825.4  held-out best  46.984  [1017.1s]
r 950  fit  48.872  mse  48.872  neurons 50.00 (min 50 max 50)  syn  831.1  held-out best  46.984  [1046.1s]
r 975  fit  52.144  mse  52.144  neurons 50.00 (min 50 max 50)  syn  827.6  held-out best  46.984  [1075.1s]
r1000  fit  49.509  mse  49.509  neurons 50.00 (min 50 max 50)  syn  831.0  held-out best  46.984  [1104.3s]
r1025  fit  49.869  mse  49.869  neurons 50.00 (min 50 max 50)  syn  833.8  held-out best  46.984  [1132.3s]
r1050  fit  51.161  mse  51.161  neurons 50.00 (min 50 max 50)  syn  834.2  held-out best  46.984  [1161.6s]
r1075  fit  51.870  mse  51.870  neurons 50.00 (min 50 max 50)  syn  833.1  held-out best  46.984  [1190.1s]
r1100  fit  50.040  mse  50.040  neurons 50.00 (min 50 max 50)  syn  840.3  held-out best  46.984  [1219.4s]
r1125  fit  51.484  mse  51.484  neurons 50.00 (min 50 max 50)  syn  841.3  held-out best  46.984  [1248.1s]
r1150  fit  50.448  mse  50.448  neurons 50.00 (min 50 max 50)  syn  844.1  held-out best  46.984  [1277.7s]
r1175  fit  49.928  mse  49.928  neurons 50.00 (min 50 max 50)  syn  852.0  held-out best  46.984  [1306.2s]
r1200  fit  50.549  mse  50.549  neurons 50.00 (min 50 max 50)  syn  852.5  held-out best  46.984  [1335.3s]
r1225  fit  50.384  mse  50.384  neurons 50.00 (min 50 max 50)  syn  862.1  held-out best  46.984  [1364.2s]
r1250  fit  50.039  mse  50.039  neurons 50.00 (min 50 max 50)  syn  863.0  held-out best  46.984  [1393.8s]
r1275  fit  51.613  mse  51.613  neurons 50.00 (min 50 max 50)  syn  873.4  held-out best  46.984  [1422.5s]
r1300  fit  49.663  mse  49.663  neurons 50.00 (min 50 max 50)  syn  875.7  held-out best  47.131  [1453.2s]
r1325  fit  48.631  mse  48.631  neurons 50.00 (min 50 max 50)  syn  877.2  held-out best  47.131  [1482.2s]
r1350  fit  47.166  mse  47.166  neurons 50.00 (min 50 max 50)  syn  886.7  held-out best  47.131  [1511.7s]
r1375  fit  48.143  mse  48.143  neurons 50.00 (min 50 max 50)  syn  892.0  held-out best  47.131  [1541.2s]
r1400  fit  48.153  mse  48.153  neurons 50.00 (min 50 max 50)  syn  893.7  held-out best  47.131  [1570.9s]
r1425  fit  47.796  mse  47.796  neurons 50.00 (min 50 max 50)  syn  896.3  held-out best  47.131  [1599.9s]
r1450  fit  48.281  mse  48.281  neurons 50.00 (min 50 max 50)  syn  904.5  held-out best  47.131  [1629.8s]
r1475  fit  47.859  mse  47.859  neurons 50.00 (min 50 max 50)  syn  906.5  held-out best  47.131  [1659.2s]
r1500  fit  48.689  mse  48.689  neurons 50.00 (min 50 max 50)  syn  913.2  held-out best  47.131  [1689.0s]
r1525  fit  49.246  mse  49.246  neurons 50.00 (min 50 max 50)  syn  923.5  held-out best  47.131  [1718.4s]
r1550  fit  47.726  mse  47.726  neurons 50.00 (min 50 max 50)  syn  922.6  held-out best  47.131  [1748.2s]
r1575  fit  47.352  mse  47.352  neurons 50.00 (min 50 max 50)  syn  924.5  held-out best  47.131  [1778.3s]
r1600  fit  45.606  mse  45.606  neurons 50.00 (min 50 max 50)  syn  926.0  held-out best  47.131  [1809.8s]
r1625  fit  44.902  mse  44.902  neurons 50.00 (min 50 max 50)  syn  932.3  held-out best  47.131  [1846.7s]
r1650  fit  47.356  mse  47.356  neurons 50.00 (min 50 max 50)  syn  937.4  held-out best  47.326  [1888.6s]
r1675  fit  44.511  mse  44.511  neurons 50.00 (min 50 max 50)  syn  938.6  held-out best  47.326  [1929.3s]
r1699  fit  45.324  mse  45.324  neurons 50.00 (min 50 max 50)  syn  946.2  held-out best  40.162  [1970.3s]
DONE: held-out MSE 40.162 vs constant 34.152 (32.8 min)
