Loading tokenizer from /home/starost/.cache/nanochat/tokenizer
Vocab size: 32768, BOS id: 32759
Total params (all fp32): 167,053,574
Q/K Joint MHLut: in_nap=6 tph=256 d_qk=64 (n_outputs=2*d_qk=128)
V MHLut:         in_nap=7 tph=256 d_v=16 (n_outputs=d_v)
out_proj MHLut:  in_nap=6 tph=[2048, 2048, 1024, 1024, 1024, 1024] (n_outputs=E=96) + LayerNorm
Tokens/micro-batch: 4,096 | grad_accum: 1 | effective batch: 4,096 tokens
step      1 | loss=10.5756 | lr=3.75e-07
step    100 | loss=9.7496 | lr=3.75e-05
step    200 | loss=8.6350 | lr=7.50e-05
[VAL] step 200: bpb=2.3569
step    300 | loss=7.9323 | lr=1.12e-04
step    400 | loss=7.5299 | lr=1.50e-04
[VAL] step 400: bpb=2.1882
step    500 | loss=7.1708 | lr=1.87e-04
step    600 | loss=6.9713 | lr=2.25e-04
[VAL] step 600: bpb=2.0752
step    700 | loss=6.8365 | lr=2.62e-04
step    800 | loss=6.7298 | lr=3.00e-04
[VAL] step 800: bpb=2.0310
step    900 | loss=6.6513 | lr=3.00e-04
step   1000 | loss=6.5931 | lr=2.99e-04
[VAL] step 1000: bpb=1.9960
step   1100 | loss=6.5455 | lr=2.99e-04
step   1200 | loss=6.5006 | lr=2.98e-04
[VAL] step 1200: bpb=1.9720
step   1300 | loss=6.4410 | lr=2.97e-04
step   1400 | loss=6.4194 | lr=2.95e-04
[VAL] step 1400: bpb=1.9510
step   1500 | loss=6.3897 | lr=2.94e-04
step   1600 | loss=6.3280 | lr=2.92e-04
[VAL] step 1600: bpb=1.9303
step   1700 | loss=6.3035 | lr=2.90e-04
step   1800 | loss=6.2733 | lr=2.87e-04
[VAL] step 1800: bpb=1.9128
step   1900 | loss=6.2417 | lr=2.85e-04
step   2000 | loss=6.2050 | lr=2.82e-04
[VAL] step 2000: bpb=1.8906
step   2100 | loss=6.1583 | lr=2.79e-04
step   2200 | loss=6.1326 | lr=2.76e-04
[VAL] step 2200: bpb=1.8720
step   2300 | loss=6.1077 | lr=2.72e-04
step   2400 | loss=6.0960 | lr=2.68e-04
[VAL] step 2400: bpb=1.8608
step   2500 | loss=6.0773 | lr=2.65e-04
step   2600 | loss=6.0615 | lr=2.60e-04
[VAL] step 2600: bpb=1.8476
step   2700 | loss=6.0289 | lr=2.56e-04
step   2800 | loss=6.0170 | lr=2.52e-04
[VAL] step 2800: bpb=1.8381
step   2900 | loss=5.9883 | lr=2.47e-04
step   3000 | loss=5.9772 | lr=2.42e-04
[VAL] step 3000: bpb=1.8250
step   3100 | loss=5.9623 | lr=2.38e-04
step   3200 | loss=5.9513 | lr=2.32e-04
[VAL] step 3200: bpb=1.8170
step   3300 | loss=5.9409 | lr=2.27e-04
step   3400 | loss=5.9053 | lr=2.22e-04
[VAL] step 3400: bpb=1.8099
step   3500 | loss=5.8938 | lr=2.17e-04
step   3600 | loss=5.9024 | lr=2.11e-04
[VAL] step 3600: bpb=1.8065
step   3700 | loss=5.8790 | lr=2.06e-04
step   3800 | loss=5.8689 | lr=2.00e-04
[VAL] step 3800: bpb=1.7972
step   3900 | loss=5.8465 | lr=1.94e-04
step   4000 | loss=5.8311 | lr=1.88e-04
[VAL] step 4000: bpb=1.7898
step   4100 | loss=5.8575 | lr=1.83e-04
step   4200 | loss=5.8291 | lr=1.77e-04
[VAL] step 4200: bpb=1.7863
step   4300 | loss=5.8325 | lr=1.71e-04
step   4400 | loss=5.8211 | lr=1.65e-04
[VAL] step 4400: bpb=1.7806
step   4500 | loss=5.8090 | lr=1.59e-04
step   4600 | loss=5.7966 | lr=1.53e-04
[VAL] step 4600: bpb=1.7746
step   4700 | loss=5.7986 | lr=1.47e-04
step   4800 | loss=5.7969 | lr=1.42e-04
[VAL] step 4800: bpb=1.7699
step   4900 | loss=5.7709 | lr=1.36e-04
step   5000 | loss=5.7670 | lr=1.30e-04
[VAL] step 5000: bpb=1.7640
step   5100 | loss=5.7540 | lr=1.24e-04
step   5200 | loss=5.7361 | lr=1.19e-04
[VAL] step 5200: bpb=1.7585
step   5300 | loss=5.7254 | lr=1.13e-04
step   5400 | loss=5.7102 | lr=1.08e-04
[VAL] step 5400: bpb=1.7553
step   5500 | loss=5.7154 | lr=1.03e-04
step   5600 | loss=5.7298 | lr=9.75e-05
[VAL] step 5600: bpb=1.7518
step   5700 | loss=5.7131 | lr=9.25e-05
step   5800 | loss=5.7042 | lr=8.76e-05
[VAL] step 5800: bpb=1.7493
step   5900 | loss=5.7095 | lr=8.28e-05
step   6000 | loss=5.6960 | lr=7.82e-05
[VAL] step 6000: bpb=1.7455
step   6100 | loss=5.6831 | lr=7.38e-05
step   6200 | loss=5.6812 | lr=6.95e-05
[VAL] step 6200: bpb=1.7424
step   6300 | loss=5.6837 | lr=6.55e-05
step   6400 | loss=5.6643 | lr=6.16e-05
[VAL] step 6400: bpb=1.7393
step   6500 | loss=5.6581 | lr=5.79e-05
step   6600 | loss=5.6656 | lr=5.44e-05
[VAL] step 6600: bpb=1.7353
step   6700 | loss=5.6601 | lr=5.11e-05
step   6800 | loss=5.6526 | lr=4.81e-05
[VAL] step 6800: bpb=1.7339
step   6900 | loss=5.6526 | lr=4.53e-05
step   7000 | loss=5.6529 | lr=4.26e-05
[VAL] step 7000: bpb=1.7331
step   7100 | loss=5.6442 | lr=4.03e-05
step   7200 | loss=5.6495 | lr=3.81e-05
[VAL] step 7200: bpb=1.7310
step   7300 | loss=5.6383 | lr=3.62e-05
step   7400 | loss=5.6501 | lr=3.46e-05
[VAL] step 7400: bpb=1.7298
step   7500 | loss=5.6369 | lr=3.32e-05
step   7600 | loss=5.6297 | lr=3.21e-05
[VAL] step 7600: bpb=1.7273
step   7700 | loss=5.6218 | lr=3.12e-05
step   7800 | loss=5.6343 | lr=3.05e-05
[VAL] step 7800: bpb=1.7267
step   7900 | loss=5.6308 | lr=3.01e-05
step   8000 | loss=5.6220 | lr=3.00e-05
[VAL] step 8000: bpb=1.7261

=== DONE ===
{
  "exp_name": "exp074_random_pairs",
  "best_val_bpb": 1.7261228520489436,
  "final_val_bpb": 1.7261228520489436,
  "n_params": 167053574,
  "training_time_hours": 0.556
}
