Loading tokenizer from /home/starost/.cache/nanochat/tokenizer
Vocab size: 32768, BOS id: 32759
Building model + inheriting residual anchors:
  layer 1: inherited first 256/512 residual anchor pairs from layer 0
  layer 2: inherited first 512/768 residual anchor pairs from layer 1
  layer 3: inherited first 768/1024 residual anchor pairs from layer 2
  layer 4: inherited first 1024/1280 residual anchor pairs from layer 3
  layer 5: inherited first 1280/1536 residual anchor pairs from layer 4
Total params (all fp32): 242,586,374
Q/K Joint MHLut: in_nap=6 tph=256 d_qk=32 (n_outputs=2*d_qk=64)
V MHLut:         in_nap=7 tph=256 d_v=16 (n_outputs=d_v)
out_proj MHLut:  in_nap=6 tph=1024 (n_outputs=E=96)
residual MHLut:  in_nap=8 tph_factor=256 (per layer i: in=(i+1)*E, tph=256*(i+1))
Unembedder MLP:  LN(96) -> Linear(96,384) -> ReLU -> Linear(384,VOCAB)
Residual concat order: INVERSE [*prev_xs, x] (oldest at front, current x at tail)
Tokens/micro-batch: 4,096 | grad_accum: 1 | effective batch: 4,096 tokens
step      1 | loss=10.4266 | lr=3.75e-07
step    100 | loss=10.2151 | lr=3.75e-05
step    200 | loss=9.5470 | lr=7.50e-05
[VAL] step 200: bpb=2.5808
step    300 | loss=8.2943 | lr=1.12e-04
step    400 | loss=7.5674 | lr=1.50e-04
[VAL] step 400: bpb=2.1582
step    500 | loss=7.1555 | lr=1.87e-04
step    600 | loss=6.9555 | lr=2.25e-04
[VAL] step 600: bpb=2.0767
step    700 | loss=6.8225 | lr=2.62e-04
step    800 | loss=6.7160 | lr=3.00e-04
[VAL] step 800: bpb=2.0285
step    900 | loss=6.6430 | lr=3.00e-04
step   1000 | loss=6.5927 | lr=2.99e-04
[VAL] step 1000: bpb=2.0023
step   1100 | loss=6.5547 | lr=2.99e-04
step   1200 | loss=6.5208 | lr=2.98e-04
[VAL] step 1200: bpb=1.9793
step   1300 | loss=6.4738 | lr=2.97e-04
step   1400 | loss=6.4629 | lr=2.95e-04
[VAL] step 1400: bpb=1.9652
step   1500 | loss=6.4423 | lr=2.94e-04
step   1600 | loss=6.3970 | lr=2.92e-04
[VAL] step 1600: bpb=1.9530
step   1700 | loss=6.3863 | lr=2.90e-04
step   1800 | loss=6.3759 | lr=2.87e-04
[VAL] step 1800: bpb=1.9470
step   1900 | loss=6.3618 | lr=2.85e-04
step   2000 | loss=6.3453 | lr=2.82e-04
[VAL] step 2000: bpb=1.9395
step   2100 | loss=6.3251 | lr=2.79e-04
step   2200 | loss=6.3157 | lr=2.76e-04
[VAL] step 2200: bpb=1.9340
step   2300 | loss=6.2992 | lr=2.72e-04
step   2400 | loss=6.2974 | lr=2.68e-04
[VAL] step 2400: bpb=1.9249
step   2500 | loss=6.2897 | lr=2.65e-04
step   2600 | loss=6.2863 | lr=2.60e-04
[VAL] step 2600: bpb=1.9177
step   2700 | loss=6.2599 | lr=2.56e-04
step   2800 | loss=6.2589 | lr=2.52e-04
[VAL] step 2800: bpb=1.9133
step   2900 | loss=6.2419 | lr=2.47e-04
step   3000 | loss=6.2417 | lr=2.42e-04
[VAL] step 3000: bpb=1.9074
step   3100 | loss=6.2322 | lr=2.38e-04
step   3200 | loss=6.2287 | lr=2.32e-04
[VAL] step 3200: bpb=1.9011
step   3300 | loss=6.2221 | lr=2.27e-04
