Loading tokenizer from /home/starost/.cache/nanochat/tokenizer
Vocab size: 32768, BOS id: 32759
Total params (all fp32): 358,420,224
Q/K Joint SoftLUT: in_nap=6 tph=256 d_qk=64 (n_outputs=2*d_qk=128) init_std=0.001 T_soft=0.01 T_sel=0.1 [no V2D, q_norm+k_norm -> SDPA]
V SoftLUT:       in_nap=8 tph=256 d_v=32 (n_outputs=d_v)
out_proj SoftLUT: in_nap=6 tph=[2048, 2048, 1024, 1024, 1024, 1024] (n_outputs=E=96) + out_v2d/out_d2v
Attention:       SDPA (causal); plain default 1/sqrt(d_qk=64)=0.1250, no learnable attn_scale
Tokens/micro-batch: 2,048 | grad_accum: 2 | effective batch: 4,096 tokens
W0510 12:35:41.233000 2130046 torch/_dynamo/variables/tensor.py:913] [0/0] Graph break from `Tensor.item()`, consider setting:
W0510 12:35:41.233000 2130046 torch/_dynamo/variables/tensor.py:913] [0/0]     torch._dynamo.config.capture_scalar_outputs = True
W0510 12:35:41.233000 2130046 torch/_dynamo/variables/tensor.py:913] [0/0] or:
W0510 12:35:41.233000 2130046 torch/_dynamo/variables/tensor.py:913] [0/0]     env TORCHDYNAMO_CAPTURE_SCALAR_OUTPUTS=1
W0510 12:35:41.233000 2130046 torch/_dynamo/variables/tensor.py:913] [0/0] to include these operations in the captured graph.
W0510 12:35:41.233000 2130046 torch/_dynamo/variables/tensor.py:913] [0/0] 
W0510 12:35:41.233000 2130046 torch/_dynamo/variables/tensor.py:913] [0/0] Graph break: from user code at:
W0510 12:35:41.233000 2130046 torch/_dynamo/variables/tensor.py:913] [0/0]   File "/home/starost/spiky/src/spiky/lutorch/soft_multi_head_lut.py", line 182, in forward
W0510 12:35:41.233000 2130046 torch/_dynamo/variables/tensor.py:913] [0/0]     sel = F.gumbel_softmax(ts, tau=float(self.select_temp), hard=False)
W0510 12:35:41.233000 2130046 torch/_dynamo/variables/tensor.py:913] [0/0] 
W0510 12:35:41.233000 2130046 torch/_dynamo/variables/tensor.py:913] [0/0] 
step      1 | loss=10.4155 | lr=3.75e-07
step    100 | loss=9.5702 | lr=3.75e-05
step    200 | loss=8.3991 | lr=7.50e-05
W0510 12:37:05.908000 2130046 torch/_dynamo/convert_frame.py:964] [0/8] torch._dynamo hit config.recompile_limit (8)
W0510 12:37:05.908000 2130046 torch/_dynamo/convert_frame.py:964] [0/8]    function: 'forward' (/home/starost/spiky/src/spiky/lutorch/soft_multi_head_lut.py:153)
W0510 12:37:05.908000 2130046 torch/_dynamo/convert_frame.py:964] [0/8]    last reason: 0/5: tensor 'self._buffers['bit_matrix']' size mismatch at index 0. expected 6, actual 8
W0510 12:37:05.908000 2130046 torch/_dynamo/convert_frame.py:964] [0/8] To log all recompilation reasons, use TORCH_LOGS="recompiles".
W0510 12:37:05.908000 2130046 torch/_dynamo/convert_frame.py:964] [0/8] To diagnose recompilation issues, see https://pytorch.org/docs/main/torch.compiler_troubleshooting.html.
[VAL] step 200: bpb=2.3325
step    300 | loss=7.9900 | lr=1.12e-04
step    400 | loss=7.8439 | lr=1.50e-04
[VAL] step 400: bpb=2.3320
step    500 | loss=7.7738 | lr=1.87e-04
step    600 | loss=7.7709 | lr=2.25e-04
[VAL] step 600: bpb=2.3265
step    700 | loss=7.7734 | lr=2.62e-04
