Loading tokenizer from /home/starost/.cache/nanochat/tokenizer
Vocab size: 32768, BOS id: 32759
Building model:
Total params (all fp32): 108,173,318
Q/K Joint SparseLut: in_nap=10 tph=768 n_sparse=1 -> 2*d_qk=64 (per head, H=6)
V SparseLut:         in_nap=10 tph=768 n_sparse=1 -> d_v=64 (per head, H=6)
out_proj SparseLut:  in_nap=10 tph=4096 n_sparse=1 -> E=384
Residual:        classic skip connection (out_real + x), no residual_lut
Unembedder:      LN(384) -> Linear(384,VOCAB)
Tokens/micro-batch: 4,096 | grad_accum: 1 | effective batch: 4,096 tokens
step      1 | loss=10.5757 | lr=3.75e-07
step    100 | loss=10.4587 | lr=3.75e-05
step    200 | loss=9.5142 | lr=7.50e-05
[VAL] step 200: bpb=2.5099
step    300 | loss=8.3686 | lr=1.12e-04
step    400 | loss=7.7442 | lr=1.50e-04
[VAL] step 400: bpb=2.2292
step    500 | loss=7.3413 | lr=1.87e-04
step    600 | loss=7.1041 | lr=2.25e-04
[VAL] step 600: bpb=2.1067
step    700 | loss=6.9288 | lr=2.62e-04
step    800 | loss=6.7869 | lr=3.00e-04
[VAL] step 800: bpb=2.0418
step    900 | loss=6.6828 | lr=3.00e-04
step   1000 | loss=6.6082 | lr=2.99e-04
[VAL] step 1000: bpb=1.9975
step   1100 | loss=6.5491 | lr=2.99e-04
step   1200 | loss=6.4995 | lr=2.98e-04
[VAL] step 1200: bpb=1.9702
step   1300 | loss=6.4374 | lr=2.97e-04
step   1400 | loss=6.4117 | lr=2.95e-04
[VAL] step 1400: bpb=1.9508
step   1500 | loss=6.3818 | lr=2.94e-04
step   1600 | loss=6.3243 | lr=2.92e-04
[VAL] step 1600: bpb=1.9310
step   1700 | loss=6.3042 | lr=2.90e-04
step   1800 | loss=6.2815 | lr=2.87e-04
[VAL] step 1800: bpb=1.9194
step   1900 | loss=6.2615 | lr=2.85e-04
step   2000 | loss=6.2302 | lr=2.82e-04
[VAL] step 2000: bpb=1.9039
step   2100 | loss=6.1924 | lr=2.79e-04
step   2200 | loss=6.1750 | lr=2.76e-04
[VAL] step 2200: bpb=1.8934
step   2300 | loss=6.1569 | lr=2.72e-04
step   2400 | loss=6.1508 | lr=2.68e-04
[VAL] step 2400: bpb=1.8840
step   2500 | loss=6.1319 | lr=2.65e-04
step   2600 | loss=6.1219 | lr=2.60e-04
[VAL] step 2600: bpb=1.8717
step   2700 | loss=6.0916 | lr=2.56e-04
step   2800 | loss=6.0818 | lr=2.52e-04
[VAL] step 2800: bpb=1.8630
step   2900 | loss=6.0596 | lr=2.47e-04
step   3000 | loss=6.0515 | lr=2.42e-04
[VAL] step 3000: bpb=1.8546
step   3100 | loss=6.0401 | lr=2.38e-04
step   3200 | loss=6.0294 | lr=2.32e-04
[VAL] step 3200: bpb=1.8445
step   3300 | loss=6.0217 | lr=2.27e-04
step   3400 | loss=5.9918 | lr=2.22e-04
[VAL] step 3400: bpb=1.8411
step   3500 | loss=5.9847 | lr=2.17e-04
step   3600 | loss=5.9943 | lr=2.11e-04
[VAL] step 3600: bpb=1.8376
step   3700 | loss=5.9728 | lr=2.06e-04
step   3800 | loss=5.9671 | lr=2.00e-04
[VAL] step 3800: bpb=1.8322
step   3900 | loss=5.9449 | lr=1.94e-04
step   4000 | loss=5.9353 | lr=1.88e-04
[VAL] step 4000: bpb=1.8266
step   4100 | loss=5.9634 | lr=1.83e-04
step   4200 | loss=5.9408 | lr=1.77e-04
[VAL] step 4200: bpb=1.8221
step   4300 | loss=5.9420 | lr=1.71e-04
step   4400 | loss=5.9344 | lr=1.65e-04
[VAL] step 4400: bpb=1.8199
step   4500 | loss=5.9248 | lr=1.59e-04
step   4600 | loss=5.9151 | lr=1.53e-04
[VAL] step 4600: bpb=1.8144
step   4700 | loss=5.9195 | lr=1.47e-04
step   4800 | loss=5.9209 | lr=1.42e-04
[VAL] step 4800: bpb=1.8117
step   4900 | loss=5.8974 | lr=1.36e-04
step   5000 | loss=5.8949 | lr=1.30e-04
[VAL] step 5000: bpb=1.8084
step   5100 | loss=5.8862 | lr=1.24e-04
step   5200 | loss=5.8725 | lr=1.19e-04
[VAL] step 5200: bpb=1.8044
step   5300 | loss=5.8603 | lr=1.13e-04
step   5400 | loss=5.8494 | lr=1.08e-04
[VAL] step 5400: bpb=1.8028
step   5500 | loss=5.8550 | lr=1.03e-04
step   5600 | loss=5.8723 | lr=9.75e-05
[VAL] step 5600: bpb=1.8000
step   5700 | loss=5.8605 | lr=9.25e-05
step   5800 | loss=5.8538 | lr=8.76e-05
[VAL] step 5800: bpb=1.7991
step   5900 | loss=5.8598 | lr=8.28e-05
step   6000 | loss=5.8463 | lr=7.82e-05
[VAL] step 6000: bpb=1.7954
step   6100 | loss=5.8388 | lr=7.38e-05
step   6200 | loss=5.8380 | lr=6.95e-05
[VAL] step 6200: bpb=1.7936
step   6300 | loss=5.8430 | lr=6.55e-05
step   6400 | loss=5.8296 | lr=6.16e-05
[VAL] step 6400: bpb=1.7913
step   6500 | loss=5.8226 | lr=5.79e-05
step   6600 | loss=5.8301 | lr=5.44e-05
[VAL] step 6600: bpb=1.7888
step   6700 | loss=5.8267 | lr=5.11e-05
step   6800 | loss=5.8189 | lr=4.81e-05
[VAL] step 6800: bpb=1.7887
step   6900 | loss=5.8233 | lr=4.53e-05
step   7000 | loss=5.8231 | lr=4.26e-05
[VAL] step 7000: bpb=1.7884
step   7100 | loss=5.8175 | lr=4.03e-05
step   7200 | loss=5.8216 | lr=3.81e-05
[VAL] step 7200: bpb=1.7879
step   7300 | loss=5.8100 | lr=3.62e-05
step   7400 | loss=5.8206 | lr=3.46e-05
[VAL] step 7400: bpb=1.7858
step   7500 | loss=5.8121 | lr=3.32e-05
step   7600 | loss=5.8041 | lr=3.21e-05
[VAL] step 7600: bpb=1.7841
step   7700 | loss=5.7949 | lr=3.12e-05
step   7800 | loss=5.8090 | lr=3.05e-05
[VAL] step 7800: bpb=1.7842
step   7900 | loss=5.8046 | lr=3.01e-05
step   8000 | loss=5.8010 | lr=3.00e-05
[VAL] step 8000: bpb=1.7832

=== DONE ===
{
  "exp_name": "exp108_balanced_coverage",
  "best_val_bpb": 1.783179381634271,
  "final_val_bpb": 1.783179381634271,
  "n_params": 108173318,
  "training_time_hours": 0.923
}
