Loading tokenizer from /home/starost/.cache/nanochat/tokenizer
Vocab size: 32768, BOS id: 32759
Building model:
Total params (all fp32): 67,278,854
Q/K Joint SparseLut: in_nap=6 tph=768 n_sparse=8 -> 2*d_qk=64 (per head, H=6)
V SparseLut:         in_nap=6 tph=768 n_sparse=8 -> d_v=64 (per head, H=6)
out_proj SparseLut:  in_nap=6 tph=4096 n_sparse=8 -> E=384
Residual:        classic skip connection (out_real + x), no residual_lut
Unembedder:      LN(384) -> Linear(384,VOCAB)
Tokens/micro-batch: 4,096 | grad_accum: 1 | effective batch: 4,096 tokens
step      1 | loss=10.5791 | lr=3.75e-07
step    100 | loss=10.0946 | lr=3.75e-05
step    200 | loss=8.9969 | lr=7.50e-05
[VAL] step 200: bpb=2.4197
step    300 | loss=8.0909 | lr=1.12e-04
step    400 | loss=7.6276 | lr=1.50e-04
[VAL] step 400: bpb=2.2259
step    500 | loss=7.2952 | lr=1.87e-04
step    600 | loss=7.1061 | lr=2.25e-04
[VAL] step 600: bpb=2.1245
step    700 | loss=6.9682 | lr=2.62e-04
step    800 | loss=6.8517 | lr=3.00e-04
[VAL] step 800: bpb=2.0709
step    900 | loss=6.7666 | lr=3.00e-04
step   1000 | loss=6.7059 | lr=2.99e-04
[VAL] step 1000: bpb=2.0338
step   1100 | loss=6.6526 | lr=2.99e-04
step   1200 | loss=6.6031 | lr=2.98e-04
[VAL] step 1200: bpb=2.0043
