Loading tokenizer from /home/starost/.cache/nanochat/tokenizer
Vocab size: 32768, BOS id: 32759
Total params (all fp32): 314,380,032
Q/K Joint MHLut: in_nap=6 tph=256 d_qk=64 (n_outputs=2*d_qk=128) init_std=0.001 [no V2D, q_norm+k_norm -> SDPA]
V MHLut:         in_nap=8 tph=256 d_v=24 (n_outputs=d_v)
out_proj MHLut:  in_nap=6 tph=[1024, 1024, 512, 512, 512, 512] (n_outputs=E=96) + out_v2d/out_d2v
Attention:       SDPA (causal); plain default 1/sqrt(d_qk=64)=0.1250, no learnable attn_scale
Tokens/micro-batch: 4,096 | grad_accum: 1 | effective batch: 4,096 tokens
step      1 | loss=10.4165 | lr=3.75e-07
step    100 | loss=9.3734 | lr=3.75e-05
step    200 | loss=8.2385 | lr=7.50e-05
[VAL] step 200: bpb=2.2998
step    300 | loss=7.5238 | lr=1.12e-04
step    400 | loss=7.0755 | lr=1.50e-04
[VAL] step 400: bpb=2.0626
step    500 | loss=6.8099 | lr=1.87e-04
step    600 | loss=6.6859 | lr=2.25e-04
[VAL] step 600: bpb=2.0077
step    700 | loss=6.5967 | lr=2.62e-04
step    800 | loss=6.5166 | lr=3.00e-04
[VAL] step 800: bpb=1.9768
step    900 | loss=6.4538 | lr=3.00e-04
step   1000 | loss=6.4017 | lr=2.99e-04
[VAL] step 1000: bpb=1.9410
step   1100 | loss=6.3484 | lr=2.99e-04
step   1200 | loss=6.2922 | lr=2.98e-04
[VAL] step 1200: bpb=1.9010
step   1300 | loss=6.2188 | lr=2.97e-04
step   1400 | loss=6.1793 | lr=2.95e-04
[VAL] step 1400: bpb=1.8718
step   1500 | loss=6.1339 | lr=2.94e-04
step   1600 | loss=6.0646 | lr=2.92e-04
[VAL] step 1600: bpb=1.8496
step   1700 | loss=6.0376 | lr=2.90e-04
step   1800 | loss=6.0055 | lr=2.87e-04
[VAL] step 1800: bpb=1.8271
step   1900 | loss=5.9726 | lr=2.85e-04
step   2000 | loss=5.9372 | lr=2.82e-04
[VAL] step 2000: bpb=1.8092
step   2100 | loss=5.8898 | lr=2.79e-04
step   2200 | loss=5.8656 | lr=2.76e-04
[VAL] step 2200: bpb=1.7967
step   2300 | loss=5.8470 | lr=2.72e-04
step   2400 | loss=5.8400 | lr=2.68e-04
[VAL] step 2400: bpb=1.7801
step   2500 | loss=5.8192 | lr=2.65e-04
step   2600 | loss=5.8024 | lr=2.60e-04
[VAL] step 2600: bpb=1.7670
step   2700 | loss=5.7690 | lr=2.56e-04
step   2800 | loss=5.7567 | lr=2.52e-04
[VAL] step 2800: bpb=1.7592
step   2900 | loss=5.7296 | lr=2.47e-04
step   3000 | loss=5.7144 | lr=2.42e-04
[VAL] step 3000: bpb=1.7510
step   3100 | loss=5.6993 | lr=2.38e-04
step   3200 | loss=5.6893 | lr=2.32e-04
[VAL] step 3200: bpb=1.7365
step   3300 | loss=5.6781 | lr=2.27e-04
step   3400 | loss=5.6407 | lr=2.22e-04
[VAL] step 3400: bpb=1.7309
step   3500 | loss=5.6299 | lr=2.17e-04
step   3600 | loss=5.6398 | lr=2.11e-04
[VAL] step 3600: bpb=1.7266
step   3700 | loss=5.6133 | lr=2.06e-04
step   3800 | loss=5.6029 | lr=2.00e-04
[VAL] step 3800: bpb=1.7173
step   3900 | loss=5.5777 | lr=1.94e-04
step   4000 | loss=5.5599 | lr=1.88e-04
[VAL] step 4000: bpb=1.7076
step   4100 | loss=5.5884 | lr=1.83e-04
step   4200 | loss=5.5614 | lr=1.77e-04
[VAL] step 4200: bpb=1.7039
step   4300 | loss=5.5648 | lr=1.71e-04
step   4400 | loss=5.5522 | lr=1.65e-04
[VAL] step 4400: bpb=1.7002
step   4500 | loss=5.5374 | lr=1.59e-04
step   4600 | loss=5.5250 | lr=1.53e-04
[VAL] step 4600: bpb=1.6918
step   4700 | loss=5.5265 | lr=1.47e-04
step   4800 | loss=5.5234 | lr=1.42e-04
[VAL] step 4800: bpb=1.6867
step   4900 | loss=5.4991 | lr=1.36e-04
step   5000 | loss=5.4924 | lr=1.30e-04
[VAL] step 5000: bpb=1.6819
step   5100 | loss=5.4817 | lr=1.24e-04
step   5200 | loss=5.4661 | lr=1.19e-04
[VAL] step 5200: bpb=1.6770
step   5300 | loss=5.4510 | lr=1.13e-04
step   5400 | loss=5.4371 | lr=1.08e-04
[VAL] step 5400: bpb=1.6732
step   5500 | loss=5.4455 | lr=1.03e-04
step   5600 | loss=5.4591 | lr=9.75e-05
[VAL] step 5600: bpb=1.6672
step   5700 | loss=5.4418 | lr=9.25e-05
step   5800 | loss=5.4323 | lr=8.76e-05
[VAL] step 5800: bpb=1.6651
step   5900 | loss=5.4344 | lr=8.28e-05
step   6000 | loss=5.4233 | lr=7.82e-05
[VAL] step 6000: bpb=1.6619
step   6100 | loss=5.4096 | lr=7.38e-05
step   6200 | loss=5.4095 | lr=6.95e-05
[VAL] step 6200: bpb=1.6590
step   6300 | loss=5.4110 | lr=6.55e-05
step   6400 | loss=5.3952 | lr=6.16e-05
[VAL] step 6400: bpb=1.6553
step   6500 | loss=5.3843 | lr=5.79e-05
step   6600 | loss=5.3897 | lr=5.44e-05
[VAL] step 6600: bpb=1.6513
step   6700 | loss=5.3860 | lr=5.11e-05
step   6800 | loss=5.3768 | lr=4.81e-05
[VAL] step 6800: bpb=1.6502
step   6900 | loss=5.3770 | lr=4.53e-05
step   7000 | loss=5.3787 | lr=4.26e-05
[VAL] step 7000: bpb=1.6488
step   7100 | loss=5.3687 | lr=4.03e-05
step   7200 | loss=5.3739 | lr=3.81e-05
[VAL] step 7200: bpb=1.6471
step   7300 | loss=5.3600 | lr=3.62e-05
step   7400 | loss=5.3711 | lr=3.46e-05
[VAL] step 7400: bpb=1.6450
step   7500 | loss=5.3594 | lr=3.32e-05
step   7600 | loss=5.3532 | lr=3.21e-05
[VAL] step 7600: bpb=1.6424
step   7700 | loss=5.3455 | lr=3.12e-05
step   7800 | loss=5.3601 | lr=3.05e-05
[VAL] step 7800: bpb=1.6419
step   7900 | loss=5.3557 | lr=3.01e-05
step   8000 | loss=5.3472 | lr=3.00e-05
[VAL] step 8000: bpb=1.6406

=== DONE ===
{
  "exp_name": "exp232_out_tph_halved",
  "best_val_bpb": 1.6405985440293291,
  "final_val_bpb": 1.6405985440293291,
  "n_params": 314380032,
  "training_time_hours": 0.604
}
