Loading tokenizer from /home/nebius-h100/.cache/nanochat/tokenizer
FIXED EVAL: bs48 x 100 steps, skip 12 rows (val window independent of device_batch_size=12)
MinimalGPT depth=6 dim=384 heads=6 seq=512 | ffn=compression tie=False | params=67,351,692
[tv] lut_cell_smoothness=10: penalty over 6 LUT modules (FastMultiHeadLut), applied once per step before clipping
Tokens/micro-batch: 6,144 | grad_accum: 4 | effective batch: 24,576 tokens
wandb: [wandb.login()] Loaded credentials for http://nucstar:8080 from /home/nebius-h100/.netrc.
wandb: Currently logged in as: astarostin to http://nucstar:8080. Use `wandb login --relogin` to force relogin
wandb: Tracking run with wandb version 0.30.0
wandb: Run data is saved locally in /home/nebius-h100/.cache/wandb/wandb/run-20260914_002246-exp_n_abl_16_B16k_fast_hsmooth_topk0_tv10_nap8_tph128_seed1
wandb: Run `wandb offline` to turn off syncing.
wandb: Syncing run exp_n_abl_16_B16k_fast_hsmooth_topk0_tv10_nap8_tph128_seed1
wandb: ⭐️ View project at http://nucstar:8080/astarostin/Spiky
wandb: 🚀 View run at http://nucstar:8080/astarostin/Spiky/runs/exp_n_abl_16_B16k_fast_hsmooth_topk0_tv10_nap8_tph128_seed1
[wandb] online: run exp_n_abl_16_B16k_fast_hsmooth_topk0_tv10_nap8_tph128_seed1 -> /home/nebius-h100/.cache/wandb/wandb/run-20260914_002246-exp_n_abl_16_B16k_fast_hsmooth_topk0_tv10_nap8_tph128_seed1/files
step      1 | loss=10.4804 | lr=1.87e-07
step    100 | loss=10.1235 | lr=1.87e-05
step    200 | loss=9.3880 | lr=3.75e-05
step    300 | loss=8.4405 | lr=5.62e-05
step    400 | loss=7.6300 | lr=7.50e-05
step    500 | loss=7.0585 | lr=9.37e-05
[VAL] step 500: bpb=2.0126
step    600 | loss=6.6527 | lr=1.12e-04
step    700 | loss=6.3756 | lr=1.31e-04
step    800 | loss=6.1858 | lr=1.50e-04
step    900 | loss=6.0159 | lr=1.69e-04
step   1000 | loss=5.8820 | lr=1.87e-04
[VAL] step 1000: bpb=1.7561
step   1100 | loss=5.7572 | lr=2.06e-04
step   1200 | loss=5.6425 | lr=2.25e-04
step   1300 | loss=5.5390 | lr=2.44e-04
step   1400 | loss=5.4433 | lr=2.62e-04
step   1500 | loss=5.3543 | lr=2.81e-04
[VAL] step 1500: bpb=1.6095
step   1600 | loss=5.2839 | lr=3.00e-04
step   1700 | loss=5.1999 | lr=3.00e-04
step   1800 | loss=5.1257 | lr=3.00e-04
step   1900 | loss=5.0541 | lr=3.00e-04
step   2000 | loss=4.9972 | lr=2.99e-04
[VAL] step 2000: bpb=1.5112
step   2100 | loss=4.9423 | lr=2.99e-04
step   2200 | loss=4.8975 | lr=2.99e-04
step   2300 | loss=4.8566 | lr=2.98e-04
step   2400 | loss=4.8148 | lr=2.98e-04
step   2500 | loss=4.7694 | lr=2.97e-04
[VAL] step 2500: bpb=1.4484
step   2600 | loss=4.7259 | lr=2.97e-04
step   2700 | loss=4.6918 | lr=2.96e-04
step   2800 | loss=4.6485 | lr=2.95e-04
step   2900 | loss=4.6092 | lr=2.95e-04
step   3000 | loss=4.5800 | lr=2.94e-04
[VAL] step 3000: bpb=1.3924
step   3100 | loss=4.5590 | lr=2.93e-04
step   3200 | loss=4.5272 | lr=2.92e-04
step   3300 | loss=4.4871 | lr=2.91e-04
step   3400 | loss=4.4639 | lr=2.90e-04
step   3500 | loss=4.4327 | lr=2.89e-04
[VAL] step 3500: bpb=1.3514
step   3600 | loss=4.4099 | lr=2.87e-04
step   3700 | loss=4.3917 | lr=2.86e-04
step   3800 | loss=4.3859 | lr=2.85e-04
step   3900 | loss=4.3665 | lr=2.83e-04
step   4000 | loss=4.3453 | lr=2.82e-04
[VAL] step 4000: bpb=1.3234
step   4100 | loss=4.3228 | lr=2.80e-04
step   4200 | loss=4.3038 | lr=2.79e-04
step   4300 | loss=4.2879 | lr=2.77e-04
step   4400 | loss=4.2754 | lr=2.76e-04
step   4500 | loss=4.2648 | lr=2.74e-04
[VAL] step 4500: bpb=1.3024
step   4600 | loss=4.2582 | lr=2.72e-04
step   4700 | loss=4.2412 | lr=2.70e-04
step   4800 | loss=4.2282 | lr=2.68e-04
step   4900 | loss=4.2137 | lr=2.66e-04
step   5000 | loss=4.2136 | lr=2.65e-04
[VAL] step 5000: bpb=1.2842
step   5100 | loss=4.1983 | lr=2.63e-04
step   5200 | loss=4.2007 | lr=2.60e-04
step   5300 | loss=4.2032 | lr=2.58e-04
step   5400 | loss=4.1996 | lr=2.56e-04
step   5500 | loss=4.1755 | lr=2.54e-04
[VAL] step 5500: bpb=1.2701
step   5600 | loss=4.1551 | lr=2.52e-04
step   5700 | loss=4.1403 | lr=2.49e-04
step   5800 | loss=4.1279 | lr=2.47e-04
step   5900 | loss=4.1173 | lr=2.45e-04
step   6000 | loss=4.1147 | lr=2.42e-04
[VAL] step 6000: bpb=1.2575
step   6100 | loss=4.1073 | lr=2.40e-04
step   6200 | loss=4.1018 | lr=2.38e-04
step   6300 | loss=4.0898 | lr=2.35e-04
step   6400 | loss=4.0832 | lr=2.32e-04
step   6500 | loss=4.0832 | lr=2.30e-04
[VAL] step 6500: bpb=1.2477
step   6600 | loss=4.0698 | lr=2.27e-04
step   6700 | loss=4.0662 | lr=2.25e-04
step   6800 | loss=4.0698 | lr=2.22e-04
step   6900 | loss=4.0556 | lr=2.19e-04
step   7000 | loss=4.0397 | lr=2.17e-04
[VAL] step 7000: bpb=1.2381
step   7100 | loss=4.0227 | lr=2.14e-04
step   7200 | loss=4.0156 | lr=2.11e-04
step   7300 | loss=4.0194 | lr=2.08e-04
step   7400 | loss=4.0188 | lr=2.06e-04
step   7500 | loss=4.0109 | lr=2.03e-04
[VAL] step 7500: bpb=1.2294
step   7600 | loss=4.0014 | lr=2.00e-04
step   7700 | loss=3.9860 | lr=1.97e-04
step   7800 | loss=3.9840 | lr=1.94e-04
step   7900 | loss=3.9825 | lr=1.91e-04
step   8000 | loss=3.9759 | lr=1.88e-04
[VAL] step 8000: bpb=1.2231
step   8100 | loss=3.9692 | lr=1.86e-04
step   8200 | loss=3.9717 | lr=1.83e-04
step   8300 | loss=3.9731 | lr=1.80e-04
step   8400 | loss=3.9586 | lr=1.77e-04
step   8500 | loss=3.9468 | lr=1.74e-04
[VAL] step 8500: bpb=1.2147
step   8600 | loss=3.9438 | lr=1.71e-04
step   8700 | loss=3.9357 | lr=1.68e-04
step   8800 | loss=3.9328 | lr=1.65e-04
step   8900 | loss=3.9332 | lr=1.62e-04
step   9000 | loss=3.9371 | lr=1.59e-04
[VAL] step 9000: bpb=1.2092
step   9100 | loss=3.9225 | lr=1.56e-04
step   9200 | loss=3.9208 | lr=1.53e-04
step   9300 | loss=3.9086 | lr=1.50e-04
step   9400 | loss=3.9040 | lr=1.47e-04
step   9500 | loss=3.8971 | lr=1.44e-04
[VAL] step 9500: bpb=1.2027
step   9600 | loss=3.8990 | lr=1.42e-04
step   9700 | loss=3.8962 | lr=1.39e-04
step   9800 | loss=3.9020 | lr=1.36e-04
step   9900 | loss=3.8869 | lr=1.33e-04
step  10000 | loss=3.8806 | lr=1.30e-04
[VAL] step 10000: bpb=1.1972
step  10100 | loss=3.8770 | lr=1.27e-04
step  10200 | loss=3.8761 | lr=1.24e-04
step  10300 | loss=3.8679 | lr=1.22e-04
step  10400 | loss=3.8875 | lr=1.19e-04
step  10500 | loss=3.8871 | lr=1.16e-04
[VAL] step 10500: bpb=1.1923
step  10600 | loss=3.8905 | lr=1.13e-04
step  10700 | loss=3.8568 | lr=1.11e-04
step  10800 | loss=3.8540 | lr=1.08e-04
step  10900 | loss=3.8464 | lr=1.05e-04
step  11000 | loss=3.8282 | lr=1.03e-04
[VAL] step 11000: bpb=1.1872
step  11100 | loss=3.8313 | lr=1.00e-04
step  11200 | loss=3.8319 | lr=9.75e-05
step  11300 | loss=3.8305 | lr=9.50e-05
step  11400 | loss=3.8309 | lr=9.25e-05
step  11500 | loss=3.8151 | lr=9.00e-05
[VAL] step 11500: bpb=1.1836
step  11600 | loss=3.8147 | lr=8.76e-05
step  11700 | loss=3.8185 | lr=8.52e-05
step  11800 | loss=3.8112 | lr=8.28e-05
step  11900 | loss=3.8116 | lr=8.05e-05
step  12000 | loss=3.8052 | lr=7.82e-05
[VAL] step 12000: bpb=1.1797
step  12100 | loss=3.8004 | lr=7.60e-05
step  12200 | loss=3.7870 | lr=7.38e-05
step  12300 | loss=3.7775 | lr=7.16e-05
step  12400 | loss=3.7777 | lr=6.95e-05
step  12500 | loss=3.7787 | lr=6.75e-05
[VAL] step 12500: bpb=1.1761
step  12600 | loss=3.7742 | lr=6.55e-05
step  12700 | loss=3.7745 | lr=6.35e-05
step  12800 | loss=3.7653 | lr=6.16e-05
step  12900 | loss=3.7558 | lr=5.97e-05
step  13000 | loss=3.7609 | lr=5.79e-05
[VAL] step 13000: bpb=1.1729
step  13100 | loss=3.7509 | lr=5.61e-05
step  13200 | loss=3.7508 | lr=5.44e-05
step  13300 | loss=3.7494 | lr=5.28e-05
step  13400 | loss=3.7533 | lr=5.11e-05
step  13500 | loss=3.7535 | lr=4.96e-05
[VAL] step 13500: bpb=1.1703
step  13600 | loss=3.7437 | lr=4.81e-05
step  13700 | loss=3.7334 | lr=4.66e-05
step  13800 | loss=3.7319 | lr=4.53e-05
step  13900 | loss=3.7277 | lr=4.39e-05
step  14000 | loss=3.7300 | lr=4.26e-05
[VAL] step 14000: bpb=1.1678
step  14100 | loss=3.7298 | lr=4.14e-05
step  14200 | loss=3.7335 | lr=4.03e-05
step  14300 | loss=3.7279 | lr=3.92e-05
step  14400 | loss=3.7212 | lr=3.81e-05
step  14500 | loss=3.7111 | lr=3.72e-05
[VAL] step 14500: bpb=1.1662
step  14600 | loss=3.7079 | lr=3.62e-05
step  14700 | loss=3.7003 | lr=3.54e-05
step  14800 | loss=3.7080 | lr=3.46e-05
step  14900 | loss=3.7108 | lr=3.39e-05
step  15000 | loss=3.7118 | lr=3.32e-05
[VAL] step 15000: bpb=1.1644
step  15100 | loss=3.7009 | lr=3.26e-05
step  15200 | loss=3.6974 | lr=3.21e-05
step  15300 | loss=3.6986 | lr=3.16e-05
step  15400 | loss=3.7047 | lr=3.12e-05
step  15500 | loss=3.6986 | lr=3.08e-05
[VAL] step 15500: bpb=1.1631
step  15600 | loss=3.7275 | lr=3.05e-05
step  15700 | loss=3.7213 | lr=3.03e-05
step  15800 | loss=3.7137 | lr=3.01e-05
step  15900 | loss=3.6891 | lr=3.00e-05
step  16000 | loss=3.6894 | lr=3.00e-05
[VAL] step 16000: bpb=1.1626

=== DONE ===
{
  "exp_name": "exp_n_abl_16_B16k_fast_hsmooth_topk0_tv10_nap8_tph128_seed1",
  "best_val_bpb": 1.162634856432623,
  "final_val_bpb": 1.162634856432623,
  "total_params": 67351692,
  "training_time_hours": 2.134,
  "eval_protocol": {
    "eval_batch_size": 48,
    "eval_steps": 100,
    "skip_rows": 12,
    "batch_size_independent": true
  }
}
wandb: updating run metadata
wandb: uploading history steps 1600-1600, summary
wandb: 
wandb: Run history:
wandb: ln1_norm_L0 ███▇▆▆▅▄▄▃▃▃▂▂▂▂▁▁▁▁▁▁▁▁▁▁▁▁▁▁▁▁
wandb: ln1_norm_L1 █████▇▇▆▆▅▅▅▄▄▃▃▃▃▂▂▂▂▂▂▁▁▁▁▁▁▁▁
wandb: ln1_norm_L2 ███▇▇▆▅▄▄▃▃▃▂▂▂▂▁▁▁▁▁▁▁▁▁▁▁▁▁▁▁▁
wandb: ln1_norm_L3 ███▇▇▆▅▅▄▄▃▃▂▂▂▂▂▁▁▁▁▁▁▁▁▁▁▁▁▁▁▁
wandb: ln1_norm_L4 ▁▁▁▂▂▃▄▅▅▆▆▆▆▆▇▇▇▇▇▇▇▇██████████
wandb: ln1_norm_L5 ▁▁▁▂▂▃▄▄▅▅▅▆▆▆▆▇▇▇▇▇▇▇██████████
wandb: ln2_mean_L0 ████▇▇▇▆▆▅▄▄▃▃▃▂▂▂▂▁▁▁▁▁▁▁▁▁▁▁▁▁
wandb: ln2_mean_L1 ▅▆▇███▇▆▆▅▄▄▃▃▂▂▂▁▁▁▁▁▁▁▁▁▁▁▁▁▁▁
wandb: ln2_mean_L2 ▅▆▇███▇▆▆▅▅▄▄▃▃▂▂▂▂▁▁▁▁▁▁▁▁▁▁▁▁▁
wandb: ln2_mean_L3 ▆▇███▇▆▆▅▅▄▄▃▃▃▂▂▂▂▁▁▁▁▁▁▁▁▁▁▁▁▁
wandb:         +22 ...
wandb: 
wandb: Run summary:
wandb:  best_val_bpb 1.16263
wandb:      exp_name exp_n_abl_16_B16k_fa...
wandb: final_val_bpb 1.16263
wandb:   ln1_norm_L0 14.28327
wandb:   ln1_norm_L1 18.46811
wandb:   ln1_norm_L2 17.79353
wandb:   ln1_norm_L3 18.42005
wandb:   ln1_norm_L4 21.34602
wandb:   ln1_norm_L5 21.97036
wandb:   ln2_mean_L0 0.83483
wandb:           +27 ...
wandb: 
wandb: 🚀 View run exp_n_abl_16_B16k_fast_hsmooth_topk0_tv10_nap8_tph128_seed1 at: http://nucstar:8080/astarostin/Spiky/runs/exp_n_abl_16_B16k_fast_hsmooth_topk0_tv10_nap8_tph128_seed1
wandb: ⭐️ View project at: http://nucstar:8080/astarostin/Spiky
wandb: Synced 5 W&B file(s), 0 media file(s), 0 artifact file(s) and 0 other file(s)
wandb: Find logs at: /home/nebius-h100/.cache/wandb/wandb/run-20260914_002246-exp_n_abl_16_B16k_fast_hsmooth_topk0_tv10_nap8_tph128_seed1/logs
[wandb] finished in 0.6s
