Loading tokenizer from /home/starost/.cache/nanochat/tokenizer
Vocab size: 32768, BOS id: 32759
bit LUTs: 18 (6 Q/K, 12 V+out_proj)
Adam-managed parameters: 14,912,518
Q/K bit_lut_lr=0.003, V+out_proj bit_lut_lr=0.001
Q/K BitPermLUT: in_nap=5 out_nap=32 tph=512 d_qk=32 P_qk=496
V BitPermLUT:   in_nap=5 out_nap=24 tph=512 d_v=24 P_v=276
Out BitPermLUT: in_nap=8 out_nap=32 tph=[4096, 4096, 2048, 2048, 2048, 2048]
Tokens/micro-batch: 4,096 | grad_accum: 1 | effective batch: 4,096 tokens
step      1 | loss=10.5631 | lr=3.75e-07
step    100 | loss=9.9135 | lr=3.75e-05
step    200 | loss=8.9577 | lr=7.50e-05
[VAL] step 200: bpb=2.4418
step    300 | loss=8.1428 | lr=1.12e-04
step    400 | loss=7.7586 | lr=1.50e-04
[VAL] step 400: bpb=2.3013
step    500 | loss=7.5231 | lr=1.87e-04
step    600 | loss=7.3877 | lr=2.25e-04
[VAL] step 600: bpb=2.2236
step    700 | loss=7.2433 | lr=2.62e-04
step    800 | loss=7.0657 | lr=3.00e-04
[VAL] step 800: bpb=2.1140
step    900 | loss=6.9213 | lr=3.00e-04
step   1000 | loss=6.8183 | lr=2.99e-04
[VAL] step 1000: bpb=2.0567
step   1100 | loss=6.7420 | lr=2.99e-04
step   1200 | loss=6.6776 | lr=2.98e-04
[VAL] step 1200: bpb=2.0210
step   1300 | loss=6.6092 | lr=2.97e-04
step   1400 | loss=6.5815 | lr=2.95e-04
[VAL] step 1400: bpb=2.0011
step   1500 | loss=6.5538 | lr=2.94e-04
step   1600 | loss=6.4953 | lr=2.92e-04
[VAL] step 1600: bpb=1.9814
step   1700 | loss=6.4771 | lr=2.90e-04
step   1800 | loss=6.4559 | lr=2.87e-04
[VAL] step 1800: bpb=1.9696
step   1900 | loss=6.4401 | lr=2.85e-04
step   2000 | loss=6.4182 | lr=2.82e-04
[VAL] step 2000: bpb=1.9578
step   2100 | loss=6.3883 | lr=2.79e-04
step   2200 | loss=6.3722 | lr=2.76e-04
[VAL] step 2200: bpb=1.9524
step   2300 | loss=6.3534 | lr=2.72e-04
step   2400 | loss=6.3458 | lr=2.68e-04
[VAL] step 2400: bpb=1.9402
step   2500 | loss=6.3337 | lr=2.65e-04
step   2600 | loss=6.3279 | lr=2.60e-04
[VAL] step 2600: bpb=1.9308
step   2700 | loss=6.3003 | lr=2.56e-04
step   2800 | loss=6.2939 | lr=2.52e-04
[VAL] step 2800: bpb=1.9233
step   2900 | loss=6.2712 | lr=2.47e-04
step   3000 | loss=6.2651 | lr=2.42e-04
[VAL] step 3000: bpb=1.9137
step   3100 | loss=6.2531 | lr=2.38e-04
step   3200 | loss=6.2449 | lr=2.32e-04
[VAL] step 3200: bpb=1.9079
step   3300 | loss=6.2375 | lr=2.27e-04
step   3400 | loss=6.2038 | lr=2.22e-04
[VAL] step 3400: bpb=1.9035
step   3500 | loss=6.1991 | lr=2.17e-04
step   3600 | loss=6.2051 | lr=2.11e-04
[VAL] step 3600: bpb=1.8971
step   3700 | loss=6.1882 | lr=2.06e-04
step   3800 | loss=6.1801 | lr=2.00e-04
[VAL] step 3800: bpb=1.8914
step   3900 | loss=6.1577 | lr=1.94e-04
step   4000 | loss=6.1461 | lr=1.88e-04
[VAL] step 4000: bpb=1.8847
step   4100 | loss=6.1712 | lr=1.83e-04
step   4200 | loss=6.1412 | lr=1.77e-04
[VAL] step 4200: bpb=1.8808
step   4300 | loss=6.1433 | lr=1.71e-04
step   4400 | loss=6.1282 | lr=1.65e-04
[VAL] step 4400: bpb=1.8760
step   4500 | loss=6.1225 | lr=1.59e-04
step   4600 | loss=6.1102 | lr=1.53e-04
[VAL] step 4600: bpb=1.8706
step   4700 | loss=6.1155 | lr=1.47e-04
step   4800 | loss=6.1107 | lr=1.42e-04
[VAL] step 4800: bpb=1.8645
step   4900 | loss=6.0864 | lr=1.36e-04
step   5000 | loss=6.0830 | lr=1.30e-04
[VAL] step 5000: bpb=1.8595
step   5100 | loss=6.0665 | lr=1.24e-04
step   5200 | loss=6.0487 | lr=1.19e-04
[VAL] step 5200: bpb=1.8557
step   5300 | loss=6.0401 | lr=1.13e-04
step   5400 | loss=6.0245 | lr=1.08e-04
[VAL] step 5400: bpb=1.8511
step   5500 | loss=6.0246 | lr=1.03e-04
step   5600 | loss=6.0380 | lr=9.75e-05
[VAL] step 5600: bpb=1.8458
step   5700 | loss=6.0203 | lr=9.25e-05
step   5800 | loss=6.0148 | lr=8.76e-05
[VAL] step 5800: bpb=1.8436
step   5900 | loss=6.0210 | lr=8.28e-05
step   6000 | loss=6.0036 | lr=7.82e-05
[VAL] step 6000: bpb=1.8391
step   6100 | loss=5.9940 | lr=7.38e-05
step   6200 | loss=5.9909 | lr=6.95e-05
[VAL] step 6200: bpb=1.8364
step   6300 | loss=5.9968 | lr=6.55e-05
step   6400 | loss=5.9796 | lr=6.16e-05
[VAL] step 6400: bpb=1.8312
step   6500 | loss=5.9733 | lr=5.79e-05
step   6600 | loss=5.9808 | lr=5.44e-05
[VAL] step 6600: bpb=1.8297
step   6700 | loss=5.9756 | lr=5.11e-05
step   6800 | loss=5.9673 | lr=4.81e-05
[VAL] step 6800: bpb=1.8272
step   6900 | loss=5.9678 | lr=4.53e-05
step   7000 | loss=5.9663 | lr=4.26e-05
[VAL] step 7000: bpb=1.8256
step   7100 | loss=5.9591 | lr=4.03e-05
step   7200 | loss=5.9616 | lr=3.81e-05
[VAL] step 7200: bpb=1.8238
step   7300 | loss=5.9492 | lr=3.62e-05
step   7400 | loss=5.9607 | lr=3.46e-05
[VAL] step 7400: bpb=1.8223
step   7500 | loss=5.9503 | lr=3.32e-05
step   7600 | loss=5.9416 | lr=3.21e-05
[VAL] step 7600: bpb=1.8214
step   7700 | loss=5.9319 | lr=3.12e-05
step   7800 | loss=5.9437 | lr=3.05e-05
[VAL] step 7800: bpb=1.8205
step   7900 | loss=5.9406 | lr=3.01e-05
step   8000 | loss=5.9333 | lr=3.00e-05
[VAL] step 8000: bpb=1.8194

=== DONE ===
{
  "exp_name": "exp011_richer_attn",
  "best_val_bpb": 1.8194275479202895,
  "final_val_bpb": 1.8194275479202895,
  "adam_params": 14912518,
  "n_bit_luts": 18,
  "training_time_hours": 0.571
}
