Loading tokenizer from /home/starost/.cache/nanochat/tokenizer
Vocab size: 32768, BOS id: 32759
V2DSDPATransformer: depth=6, E=384, H=6, E_H=64, D=3297, seq_len=512
out_proj MLP: hidden=1536 (zero-init fc2)
ffn MLP:      hidden=1536 (zero-init fc2)
Params: 62,317,056
AdamW groups: decay=62,307,072 nodecay=9,984
Tokens/micro-batch: 4,096 | grad_accum: 1 | effective batch: 4,096 tokens
step      1 | loss=10.4780 | lr=3.75e-07
step    100 | loss=9.9443 | lr=3.75e-05
step    200 | loss=8.9002 | lr=7.50e-05
[VAL] step 200: bpb=2.3697
step    300 | loss=7.9221 | lr=1.12e-04
step    400 | loss=7.3666 | lr=1.50e-04
[VAL] step 400: bpb=2.1247
step    500 | loss=7.0229 | lr=1.87e-04
step    600 | loss=6.8516 | lr=2.25e-04
[VAL] step 600: bpb=2.0437
step    700 | loss=6.7366 | lr=2.62e-04
step    800 | loss=6.6470 | lr=3.00e-04
[VAL] step 800: bpb=2.0101
step    900 | loss=6.5831 | lr=3.00e-04
step   1000 | loss=6.5391 | lr=2.99e-04
[VAL] step 1000: bpb=1.9904
step   1100 | loss=6.5020 | lr=2.99e-04
step   1200 | loss=6.4667 | lr=2.98e-04
[VAL] step 1200: bpb=1.9625
step   1300 | loss=6.4167 | lr=2.97e-04
step   1400 | loss=6.4020 | lr=2.95e-04
[VAL] step 1400: bpb=1.9480
step   1500 | loss=6.3768 | lr=2.94e-04
step   1600 | loss=6.3260 | lr=2.92e-04
[VAL] step 1600: bpb=1.9304
step   1700 | loss=6.3096 | lr=2.90e-04
step   1800 | loss=6.2900 | lr=2.87e-04
[VAL] step 1800: bpb=1.9181
step   1900 | loss=6.2725 | lr=2.85e-04
step   2000 | loss=6.2473 | lr=2.82e-04
[VAL] step 2000: bpb=1.9064
step   2100 | loss=6.2159 | lr=2.79e-04
step   2200 | loss=6.1972 | lr=2.76e-04
[VAL] step 2200: bpb=1.8970
step   2300 | loss=6.1790 | lr=2.72e-04
step   2400 | loss=6.1719 | lr=2.68e-04
[VAL] step 2400: bpb=1.8862
step   2500 | loss=6.1547 | lr=2.65e-04
step   2600 | loss=6.1381 | lr=2.60e-04
[VAL] step 2600: bpb=1.8692
step   2700 | loss=6.1030 | lr=2.56e-04
step   2800 | loss=6.0845 | lr=2.52e-04
[VAL] step 2800: bpb=1.8547
step   2900 | loss=6.0488 | lr=2.47e-04
step   3000 | loss=6.0273 | lr=2.42e-04
[VAL] step 3000: bpb=1.8403
step   3100 | loss=6.0029 | lr=2.38e-04
step   3200 | loss=5.9808 | lr=2.32e-04
[VAL] step 3200: bpb=1.8225
step   3300 | loss=5.9630 | lr=2.27e-04
step   3400 | loss=5.9221 | lr=2.22e-04
[VAL] step 3400: bpb=1.8137
step   3500 | loss=5.9052 | lr=2.17e-04
step   3600 | loss=5.9055 | lr=2.11e-04
[VAL] step 3600: bpb=1.8046
step   3700 | loss=5.8740 | lr=2.06e-04
step   3800 | loss=5.8557 | lr=2.00e-04
[VAL] step 3800: bpb=1.7930
step   3900 | loss=5.8278 | lr=1.94e-04
step   4000 | loss=5.8086 | lr=1.88e-04
[VAL] step 4000: bpb=1.7830
step   4100 | loss=5.8262 | lr=1.83e-04
step   4200 | loss=5.7948 | lr=1.77e-04
[VAL] step 4200: bpb=1.7748
step   4300 | loss=5.7938 | lr=1.71e-04
step   4400 | loss=5.7719 | lr=1.65e-04
[VAL] step 4400: bpb=1.7632
step   4500 | loss=5.7549 | lr=1.59e-04
step   4600 | loss=5.7380 | lr=1.53e-04
[VAL] step 4600: bpb=1.7547
step   4700 | loss=5.7344 | lr=1.47e-04
step   4800 | loss=5.7282 | lr=1.42e-04
[VAL] step 4800: bpb=1.7473
step   4900 | loss=5.7019 | lr=1.36e-04
step   5000 | loss=5.6897 | lr=1.30e-04
[VAL] step 5000: bpb=1.7385
step   5100 | loss=5.6737 | lr=1.24e-04
step   5200 | loss=5.6534 | lr=1.19e-04
[VAL] step 5200: bpb=1.7323
step   5300 | loss=5.6343 | lr=1.13e-04
step   5400 | loss=5.6175 | lr=1.08e-04
[VAL] step 5400: bpb=1.7263
step   5500 | loss=5.6178 | lr=1.03e-04
step   5600 | loss=5.6282 | lr=9.75e-05
[VAL] step 5600: bpb=1.7208
step   5700 | loss=5.6112 | lr=9.25e-05
step   5800 | loss=5.5987 | lr=8.76e-05
[VAL] step 5800: bpb=1.7161
step   5900 | loss=5.5995 | lr=8.28e-05
step   6000 | loss=5.5838 | lr=7.82e-05
[VAL] step 6000: bpb=1.7099
step   6100 | loss=5.5692 | lr=7.38e-05
step   6200 | loss=5.5623 | lr=6.95e-05
[VAL] step 6200: bpb=1.7053
step   6300 | loss=5.5610 | lr=6.55e-05
step   6400 | loss=5.5437 | lr=6.16e-05
[VAL] step 6400: bpb=1.7012
step   6500 | loss=5.5343 | lr=5.79e-05
step   6600 | loss=5.5375 | lr=5.44e-05
[VAL] step 6600: bpb=1.6970
step   6700 | loss=5.5308 | lr=5.11e-05
step   6800 | loss=5.5219 | lr=4.81e-05
[VAL] step 6800: bpb=1.6929
step   6900 | loss=5.5197 | lr=4.53e-05
step   7000 | loss=5.5170 | lr=4.26e-05
[VAL] step 7000: bpb=1.6913
step   7100 | loss=5.5083 | lr=4.03e-05
step   7200 | loss=5.5101 | lr=3.81e-05
[VAL] step 7200: bpb=1.6883
step   7300 | loss=5.4971 | lr=3.62e-05
step   7400 | loss=5.5065 | lr=3.46e-05
[VAL] step 7400: bpb=1.6862
step   7500 | loss=5.4927 | lr=3.32e-05
step   7600 | loss=5.4842 | lr=3.21e-05
[VAL] step 7600: bpb=1.6839
step   7700 | loss=5.4749 | lr=3.12e-05
step   7800 | loss=5.4856 | lr=3.05e-05
[VAL] step 7800: bpb=1.6814
step   7900 | loss=5.4824 | lr=3.01e-05
step   8000 | loss=5.4730 | lr=3.00e-05
[VAL] step 8000: bpb=1.6806

=== DONE ===
{
  "exp_name": "exp197_v2d_attn_ffn",
  "best_val_bpb": 1.6806486094115758,
  "final_val_bpb": 1.6806486094115758,
  "total_params": 62317056,
  "training_time_hours": 0.183
}
