Loading tokenizer from /home/<user>/.cache/nanochat/tokenizer
FIXED EVAL: bs48 x 100 steps, skip 12 rows (val window independent of device_batch_size=12)
MinimalGPT depth=6 dim=384 heads=6 seq=512 | ffn=compression tie=False | params=67,351,680
Tokens/micro-batch: 6,144 | grad_accum: 4 | effective batch: 24,576 tokens
wandb: [wandb.login()] Loaded credentials for http://<WANDB_HOST> from /home/<user>/.netrc.
wandb: Currently logged in as: <WANDB_ENTITY> to http://<WANDB_HOST>. Use `wandb login --relogin` to force relogin
wandb: setting up run exp_n_abl_13_B16k_gen1_smooth_nap8_tph128_seed1
wandb: Tracking run with wandb version 0.30.0
wandb: Run data is saved locally in /home/<user>/.cache/wandb/wandb/run-20260913_233155-exp_n_abl_13_B16k_gen1_smooth_nap8_tph128_seed1
wandb: Run `wandb offline` to turn off syncing.
wandb: Syncing run exp_n_abl_13_B16k_gen1_smooth_nap8_tph128_seed1
wandb: ⭐️ View project at http://<WANDB_HOST>/<WANDB_ENTITY>/Spiky
wandb: 🚀 View run at http://<WANDB_HOST>/<WANDB_ENTITY>/Spiky/runs/exp_n_abl_13_B16k_gen1_smooth_nap8_tph128_seed1
[wandb] online: run exp_n_abl_13_B16k_gen1_smooth_nap8_tph128_seed1 -> /home/<user>/.cache/wandb/wandb/run-20260913_233155-exp_n_abl_13_B16k_gen1_smooth_nap8_tph128_seed1/files
step      1 | loss=10.4804 | lr=1.87e-07
step    100 | loss=10.1235 | lr=1.87e-05
step    200 | loss=9.3876 | lr=3.75e-05
step    300 | loss=8.4337 | lr=5.62e-05
step    400 | loss=7.6228 | lr=7.50e-05
step    500 | loss=7.0545 | lr=9.37e-05
[VAL] step 500: bpb=2.0108
step    600 | loss=6.6488 | lr=1.12e-04
step    700 | loss=6.3716 | lr=1.31e-04
step    800 | loss=6.1847 | lr=1.50e-04
step    900 | loss=6.0177 | lr=1.69e-04
step   1000 | loss=5.8878 | lr=1.87e-04
[VAL] step 1000: bpb=1.7595
step   1100 | loss=5.7656 | lr=2.06e-04
step   1200 | loss=5.6539 | lr=2.25e-04
step   1300 | loss=5.5532 | lr=2.44e-04
step   1400 | loss=5.4605 | lr=2.62e-04
step   1500 | loss=5.3744 | lr=2.81e-04
[VAL] step 1500: bpb=1.6197
step   1600 | loss=5.3105 | lr=3.00e-04
step   1700 | loss=5.2316 | lr=3.00e-04
step   1800 | loss=5.1616 | lr=3.00e-04
step   1900 | loss=5.0938 | lr=3.00e-04
step   2000 | loss=5.0421 | lr=2.99e-04
[VAL] step 2000: bpb=1.5280
step   2100 | loss=4.9900 | lr=2.99e-04
step   2200 | loss=4.9487 | lr=2.99e-04
step   2300 | loss=4.9116 | lr=2.98e-04
step   2400 | loss=4.8738 | lr=2.98e-04
step   2500 | loss=4.8353 | lr=2.97e-04
[VAL] step 2500: bpb=1.4694
step   2600 | loss=4.7970 | lr=2.97e-04
step   2700 | loss=4.7703 | lr=2.96e-04
step   2800 | loss=4.7358 | lr=2.95e-04
step   2900 | loss=4.7038 | lr=2.95e-04
step   3000 | loss=4.6814 | lr=2.94e-04
[VAL] step 3000: bpb=1.4243
step   3100 | loss=4.6607 | lr=2.93e-04
step   3200 | loss=4.6292 | lr=2.92e-04
step   3300 | loss=4.5875 | lr=2.91e-04
step   3400 | loss=4.5612 | lr=2.90e-04
step   3500 | loss=4.5264 | lr=2.89e-04
[VAL] step 3500: bpb=1.3787
step   3600 | loss=4.5013 | lr=2.87e-04
step   3700 | loss=4.4803 | lr=2.86e-04
step   3800 | loss=4.4722 | lr=2.85e-04
step   3900 | loss=4.4511 | lr=2.83e-04
step   4000 | loss=4.4289 | lr=2.82e-04
[VAL] step 4000: bpb=1.3482
step   4100 | loss=4.4052 | lr=2.80e-04
step   4200 | loss=4.3853 | lr=2.79e-04
step   4300 | loss=4.3673 | lr=2.77e-04
step   4400 | loss=4.3529 | lr=2.76e-04
step   4500 | loss=4.3422 | lr=2.74e-04
[VAL] step 4500: bpb=1.3251
step   4600 | loss=4.3334 | lr=2.72e-04
step   4700 | loss=4.3174 | lr=2.70e-04
step   4800 | loss=4.3034 | lr=2.68e-04
step   4900 | loss=4.2877 | lr=2.66e-04
step   5000 | loss=4.2871 | lr=2.65e-04
[VAL] step 5000: bpb=1.3062
step   5100 | loss=4.2706 | lr=2.63e-04
step   5200 | loss=4.2728 | lr=2.60e-04
step   5300 | loss=4.2744 | lr=2.58e-04
step   5400 | loss=4.2698 | lr=2.56e-04
step   5500 | loss=4.2444 | lr=2.54e-04
[VAL] step 5500: bpb=1.2906
step   5600 | loss=4.2243 | lr=2.52e-04
step   5700 | loss=4.2078 | lr=2.49e-04
step   5800 | loss=4.1956 | lr=2.47e-04
step   5900 | loss=4.1851 | lr=2.45e-04
step   6000 | loss=4.1809 | lr=2.42e-04
[VAL] step 6000: bpb=1.2776
step   6100 | loss=4.1725 | lr=2.40e-04
step   6200 | loss=4.1665 | lr=2.38e-04
step   6300 | loss=4.1539 | lr=2.35e-04
step   6400 | loss=4.1471 | lr=2.32e-04
step   6500 | loss=4.1465 | lr=2.30e-04
[VAL] step 6500: bpb=1.2671
step   6600 | loss=4.1322 | lr=2.27e-04
step   6700 | loss=4.1276 | lr=2.25e-04
step   6800 | loss=4.1306 | lr=2.22e-04
step   6900 | loss=4.1160 | lr=2.19e-04
step   7000 | loss=4.1008 | lr=2.17e-04
[VAL] step 7000: bpb=1.2571
step   7100 | loss=4.0835 | lr=2.14e-04
step   7200 | loss=4.0763 | lr=2.11e-04
step   7300 | loss=4.0794 | lr=2.08e-04
step   7400 | loss=4.0785 | lr=2.06e-04
step   7500 | loss=4.0710 | lr=2.03e-04
[VAL] step 7500: bpb=1.2483
step   7600 | loss=4.0608 | lr=2.00e-04
step   7700 | loss=4.0450 | lr=1.97e-04
step   7800 | loss=4.0435 | lr=1.94e-04
step   7900 | loss=4.0409 | lr=1.91e-04
step   8000 | loss=4.0339 | lr=1.88e-04
[VAL] step 8000: bpb=1.2417
step   8100 | loss=4.0274 | lr=1.86e-04
step   8200 | loss=4.0298 | lr=1.83e-04
step   8300 | loss=4.0313 | lr=1.80e-04
step   8400 | loss=4.0164 | lr=1.77e-04
step   8500 | loss=4.0041 | lr=1.74e-04
[VAL] step 8500: bpb=1.2345
step   8600 | loss=4.0015 | lr=1.71e-04
step   8700 | loss=3.9931 | lr=1.68e-04
step   8800 | loss=3.9902 | lr=1.65e-04
step   8900 | loss=3.9899 | lr=1.62e-04
step   9000 | loss=3.9943 | lr=1.59e-04
[VAL] step 9000: bpb=1.2273
step   9100 | loss=3.9797 | lr=1.56e-04
step   9200 | loss=3.9779 | lr=1.53e-04
step   9300 | loss=3.9655 | lr=1.50e-04
step   9400 | loss=3.9607 | lr=1.47e-04
step   9500 | loss=3.9545 | lr=1.44e-04
[VAL] step 9500: bpb=1.2219
step   9600 | loss=3.9559 | lr=1.42e-04
step   9700 | loss=3.9538 | lr=1.39e-04
step   9800 | loss=3.9593 | lr=1.36e-04
step   9900 | loss=3.9447 | lr=1.33e-04
step  10000 | loss=3.9378 | lr=1.30e-04
[VAL] step 10000: bpb=1.2167
step  10100 | loss=3.9352 | lr=1.27e-04
step  10200 | loss=3.9334 | lr=1.24e-04
step  10300 | loss=3.9249 | lr=1.22e-04
step  10400 | loss=3.9460 | lr=1.19e-04
step  10500 | loss=3.9458 | lr=1.16e-04
[VAL] step 10500: bpb=1.2118
step  10600 | loss=3.9480 | lr=1.13e-04
step  10700 | loss=3.9149 | lr=1.11e-04
step  10800 | loss=3.9136 | lr=1.08e-04
step  10900 | loss=3.9051 | lr=1.05e-04
step  11000 | loss=3.8872 | lr=1.03e-04
[VAL] step 11000: bpb=1.2078
step  11100 | loss=3.8914 | lr=1.00e-04
step  11200 | loss=3.8920 | lr=9.75e-05
step  11300 | loss=3.8898 | lr=9.50e-05
step  11400 | loss=3.8902 | lr=9.25e-05
step  11500 | loss=3.8752 | lr=9.00e-05
[VAL] step 11500: bpb=1.2042
step  11600 | loss=3.8759 | lr=8.76e-05
step  11700 | loss=3.8802 | lr=8.52e-05
step  11800 | loss=3.8735 | lr=8.28e-05
step  11900 | loss=3.8738 | lr=8.05e-05
step  12000 | loss=3.8673 | lr=7.82e-05
[VAL] step 12000: bpb=1.2004
step  12100 | loss=3.8637 | lr=7.60e-05
step  12200 | loss=3.8505 | lr=7.38e-05
step  12300 | loss=3.8420 | lr=7.16e-05
step  12400 | loss=3.8423 | lr=6.95e-05
step  12500 | loss=3.8437 | lr=6.75e-05
[VAL] step 12500: bpb=1.1972
step  12600 | loss=3.8407 | lr=6.55e-05
step  12700 | loss=3.8410 | lr=6.35e-05
step  12800 | loss=3.8329 | lr=6.16e-05
step  12900 | loss=3.8235 | lr=5.97e-05
step  13000 | loss=3.8288 | lr=5.79e-05
[VAL] step 13000: bpb=1.1949
step  13100 | loss=3.8198 | lr=5.61e-05
step  13200 | loss=3.8200 | lr=5.44e-05
step  13300 | loss=3.8196 | lr=5.28e-05
step  13400 | loss=3.8245 | lr=5.11e-05
step  13500 | loss=3.8248 | lr=4.96e-05
[VAL] step 13500: bpb=1.1927
step  13600 | loss=3.8158 | lr=4.81e-05
step  13700 | loss=3.8065 | lr=4.66e-05
step  13800 | loss=3.8062 | lr=4.53e-05
step  13900 | loss=3.8022 | lr=4.39e-05
step  14000 | loss=3.8053 | lr=4.26e-05
[VAL] step 14000: bpb=1.1905
step  14100 | loss=3.8055 | lr=4.14e-05
step  14200 | loss=3.8100 | lr=4.03e-05
step  14300 | loss=3.8054 | lr=3.92e-05
step  14400 | loss=3.7989 | lr=3.81e-05
step  14500 | loss=3.7900 | lr=3.72e-05
[VAL] step 14500: bpb=1.1891
step  14600 | loss=3.7875 | lr=3.62e-05
step  14700 | loss=3.7820 | lr=3.54e-05
step  14800 | loss=3.7892 | lr=3.46e-05
step  14900 | loss=3.7927 | lr=3.39e-05
step  15000 | loss=3.7946 | lr=3.32e-05
[VAL] step 15000: bpb=1.1876
step  15100 | loss=3.7842 | lr=3.26e-05
step  15200 | loss=3.7813 | lr=3.21e-05
step  15300 | loss=3.7830 | lr=3.16e-05
step  15400 | loss=3.7897 | lr=3.12e-05
step  15500 | loss=3.7836 | lr=3.08e-05
[VAL] step 15500: bpb=1.1866
step  15600 | loss=3.8140 | lr=3.05e-05
step  15700 | loss=3.8076 | lr=3.03e-05
step  15800 | loss=3.8005 | lr=3.01e-05
step  15900 | loss=3.7771 | lr=3.00e-05
step  16000 | loss=3.7786 | lr=3.00e-05
[VAL] step 16000: bpb=1.1859

=== DONE ===
{
  "exp_name": "exp_n_abl_13_B16k_gen1_smooth_nap8_tph128_seed1",
  "best_val_bpb": 1.1859242606654958,
  "final_val_bpb": 1.1859242606654958,
  "total_params": 67351680,
  "training_time_hours": 1.146,
  "eval_protocol": {
    "eval_batch_size": 48,
    "eval_steps": 100,
    "skip_rows": 12,
    "batch_size_independent": true
  }
}
wandb: updating run metadata
wandb: uploading wandb-summary.json; uploading config.yaml
wandb: 
wandb: Run history:
wandb: ln1_norm_L0 ███▇▇▆▅▅▄▄▃▃▂▂▂▂▂▁▁▁▁▁▁▁▁▁▁▁▁▁▁▁
wandb: ln1_norm_L1 ▇████▇▇▆▅▅▄▃▃▃▂▂▂▂▁▁▁▁▁▁▁▁▁▁▁▁▁▁
wandb: ln1_norm_L2 ███▇▆▅▄▃▂▁▁▁▁▁▁▁▁▁▁▁▁▁▁▁▁▂▂▂▂▂▂▂
wandb: ln1_norm_L3 ███▇▆▅▅▄▃▃▃▂▂▂▁▁▁▁▁▁▁▁▁▁▁▁▁▁▁▁▁▁
wandb: ln1_norm_L4 ▄▅▅▄▃▃▂▁▁▁▁▁▁▂▂▂▃▃▄▄▅▅▅▆▆▇▇▇▇███
wandb: ln1_norm_L5 ▁▁▁▁▂▂▃▄▅▅▅▆▆▆▆▇▇▇▇▇▇▇██████████
wandb: ln2_mean_L0 ▁▂▃▃▄▄▄▅▅▅▅▅▅▅▅▅▅▅▆▆▆▆▆▇▇▇▇▇████
wandb: ln2_mean_L1 ▁▁▁▂▂▃▃▃▄▄▄▅▅▅▅▆▆▆▆▇▇▇▇▇▇▇██████
wandb: ln2_mean_L2 ▁▁▁▂▂▂▃▃▄▄▄▅▅▅▅▆▆▆▆▇▇▇▇▇▇███████
wandb: ln2_mean_L3 ▁▁▁▂▂▃▃▃▄▄▄▅▅▅▅▆▆▆▆▇▇▇▇▇▇███████
wandb:         +22 ...
wandb: 
wandb: Run summary:
wandb:  best_val_bpb 1.18592
wandb:      exp_name exp_n_abl_13_B16k_ge...
wandb: final_val_bpb 1.18592
wandb:   ln1_norm_L0 14.48197
wandb:   ln1_norm_L1 19.35678
wandb:   ln1_norm_L2 18.72817
wandb:   ln1_norm_L3 18.70324
wandb:   ln1_norm_L4 19.85458
wandb:   ln1_norm_L5 23.39536
wandb:   ln2_mean_L0 1.03226
wandb:           +27 ...
wandb: 
wandb: 🚀 View run exp_n_abl_13_B16k_gen1_smooth_nap8_tph128_seed1 at: http://<WANDB_HOST>/<WANDB_ENTITY>/Spiky/runs/exp_n_abl_13_B16k_gen1_smooth_nap8_tph128_seed1
wandb: ⭐️ View project at: http://<WANDB_HOST>/<WANDB_ENTITY>/Spiky
wandb: Synced 5 W&B file(s), 0 media file(s), 0 artifact file(s) and 0 other file(s)
wandb: Find logs at: /home/<user>/.cache/wandb/wandb/run-20260913_233155-exp_n_abl_13_B16k_gen1_smooth_nap8_tph128_seed1/logs
[wandb] finished in 0.8s
