
                                                       █████                █████
                                                      ░░███                ░░███
     ████████    ██████   ████████    ██████   ██████  ░███████    ██████  ███████
    ░░███░░███  ░░░░░███ ░░███░░███  ███░░███ ███░░███ ░███░░███  ░░░░░███░░░███░
     ░███ ░███   ███████  ░███ ░███ ░███ ░███░███ ░░░  ░███ ░███   ███████  ░███
     ░███ ░███  ███░░███  ░███ ░███ ░███ ░███░███  ███ ░███ ░███  ███░░███  ░███ ███
     ████ █████░░████████ ████ █████░░██████ ░░██████  ████ █████░░███████  ░░█████
    ░░░░ ░░░░░  ░░░░░░░░ ░░░░ ░░░░░  ░░░░░░   ░░░░░░  ░░░░ ░░░░░  ░░░░░░░░   ░░░░░
    
Autodetected device type: cuda
2026-10-08 12:38:36,741 - nanochat.common - [32m[1mINFO[0m - Distributed world size: 1
GPU: NVIDIA H100 80GB HBM3 | Peak FLOPS (BF16): 9.89e+14
COMPUTE_DTYPE: torch.bfloat16 (auto-detected: CUDA SM 90 (bf16 supported))
✓ Using Flash Attention 3: efficient, new and awesome.
Vocab size: 32,768
Model config:
{
  "sequence_len": 2048,
  "vocab_size": 32768,
  "n_layer": 24,
  "n_head": 12,
  "n_kv_head": 12,
  "n_embd": 1536,
  "window_pattern": "SSSL"
}
[lut_nanochat] distillation: loading frozen teacher 'd24_1xh100' @ step 5568 from /home/astarostin/.cache/nanochat/base_checkpoints/d24_1xh100
2026-10-08 12:38:39,009 - nanochat.checkpoint_manager - [32m[1mINFO[0m - Building model with config: {'sequence_len': 2048, 'vocab_size': 32768, 'n_layer': 24, 'n_head': 12, 'n_kv_head': 12, 'n_embd': 1536, 'window_pattern': 'SSSL'}
[lut_nanochat] teacher frozen: eval, no-grad; distill T=1.0, alpha=0.0
✓ FP8 training enabled (tensorwise scaling) - converted 145/158 linear layers, skipped 13 (too small)
Parameter counts:
wte                     : 50,331,648
value_embeds            : 603,979,776
lm_head                 : 50,331,648
transformer_matrices    : 679,478,976
scalars                 : 74
total                   : 1,384,122,122
Estimated FLOPs per token: 3.963722e+08
Auto-computed optimal batch size: 1,048,576 tokens
Scaling LRs by 1.4142 for batch size 1,048,576 (reference: 524,288)
Scaling weight decay from 0.280000 to 0.059738 for depth 24
Scaling the LR for the AdamW parameters ∝1/√(1536/768) = 0.707107
Using user-provided number of iterations: 4
Total number of training tokens: 4,194,304
Tokens : Scaling params ratio: 0.01
Total training FLOPs estimate: 1.662506e+15
Tokens / micro-batch / rank: 8 x 2048 = 16,384
Tokens / micro-batch: 16,384
Total batch size 1,048,576 => gradient accumulation steps: 64
step 00000/00004 (0.00%) | loss: 7.875016 | lrm: 0.03 | dt: 43706.71ms | tok/sec: 23,991 | bf16_mfu: 0.96 | epoch: 1 pq: 0 rg: 2 | total time: 0.00m
step 00001/00004 (25.00%) | loss: 7.819920 | lrm: 0.05 | dt: 15474.33ms | tok/sec: 67,762 | bf16_mfu: 2.72 | epoch: 1 pq: 0 rg: 4 | total time: 0.00m
step 00002/00004 (50.00%) | loss: 7.875384 | lrm: 0.07 | dt: 15490.05ms | tok/sec: 67,693 | bf16_mfu: 2.71 | epoch: 1 pq: 0 rg: 6 | total time: 0.00m
step 00003/00004 (75.00%) | loss: 7.784317 | lrm: 0.10 | dt: 15495.01ms | tok/sec: 67,671 | bf16_mfu: 2.71 | epoch: 1 pq: 0 rg: 8 | total time: 0.00m
2026-10-08 12:40:15,233 - nanochat.checkpoint_manager - [32m[1mINFO[0m - Saved model parameters to: /home/astarostin/.cache/nanochat/base_checkpoints/probe_distill/model_000004.pt
2026-10-08 12:40:15,233 - nanochat.checkpoint_manager - [32m[1mINFO[0m - Saved metadata to: /home/astarostin/.cache/nanochat/base_checkpoints/probe_distill/meta_000004.json
2026-10-08 12:40:22,360 - nanochat.checkpoint_manager - [32m[1mINFO[0m - Saved optimizer state to: /home/astarostin/.cache/nanochat/base_checkpoints/probe_distill/optim_000004_rank0.pt
Peak memory usage: 48429.78MiB
Peak memory reserved: 51628.00MiB
Total training time: 0.00m
