RANDOM init: 512 independent genomes, 40 exc + 10 inh active (E-frac 0.800), ~508 synapses each
r   0  fit  31.566  mse  31.566  neurons 50.00 (min 50 max 50)  syn  508.7  held-out best  31.837  [   3.4s]
r  25  fit  31.203  mse  31.203  neurons 50.00 (min 50 max 50)  syn  635.1  held-out best  35.744  [  38.7s]
r  50  fit  29.562  mse  29.562  neurons 50.00 (min 50 max 50)  syn  675.9  held-out best  29.570  [  78.7s]
r  75  fit  30.378  mse  30.378  neurons 50.00 (min 50 max 50)  syn  698.6  held-out best  29.412  [ 119.2s]
r 100  fit  28.356  mse  28.356  neurons 50.00 (min 50 max 50)  syn  711.8  held-out best  29.842  [ 160.7s]
r 125  fit  30.040  mse  30.040  neurons 50.00 (min 50 max 50)  syn  720.4  held-out best  28.908  [ 202.4s]
r 150  fit  28.184  mse  28.184  neurons 50.00 (min 50 max 50)  syn  728.3  held-out best  28.908  [ 244.3s]
r 175  fit  28.139  mse  28.139  neurons 50.00 (min 50 max 50)  syn  730.7  held-out best  28.908  [ 286.0s]
r 200  fit  29.516  mse  29.516  neurons 50.00 (min 50 max 50)  syn  742.1  held-out best  28.908  [ 328.8s]
r 225  fit  30.223  mse  30.223  neurons 50.00 (min 50 max 50)  syn  748.0  held-out best  28.908  [ 371.3s]
r 250  fit  28.750  mse  28.750  neurons 50.00 (min 50 max 50)  syn  748.2  held-out best  28.908  [ 414.5s]
r 275  fit  28.104  mse  28.104  neurons 50.00 (min 50 max 50)  syn  750.2  held-out best  28.908  [ 457.1s]
r 300  fit  29.251  mse  29.251  neurons 50.00 (min 50 max 50)  syn  759.6  held-out best  28.908  [ 500.8s]
r 325  fit  29.162  mse  29.162  neurons 50.00 (min 50 max 50)  syn  761.0  held-out best  28.908  [ 544.0s]
r 350  fit  29.100  mse  29.100  neurons 50.00 (min 50 max 50)  syn  764.8  held-out best  28.908  [ 587.8s]
r 375  fit  28.723  mse  28.723  neurons 50.00 (min 50 max 50)  syn  770.6  held-out best  23.667  [ 631.3s]
r 400  fit  28.785  mse  28.785  neurons 50.00 (min 50 max 50)  syn  770.6  held-out best  23.667  [ 675.7s]
r 425  fit  28.434  mse  28.434  neurons 50.00 (min 50 max 50)  syn  778.0  held-out best  23.667  [ 719.2s]
r 450  fit  28.465  mse  28.465  neurons 50.00 (min 50 max 50)  syn  776.1  held-out best  23.667  [ 763.9s]
r 475  fit  28.677  mse  28.677  neurons 50.00 (min 50 max 50)  syn  777.0  held-out best  23.909  [ 808.0s]
r 500  fit  29.052  mse  29.052  neurons 50.00 (min 50 max 50)  syn  775.8  held-out best  23.909  [ 852.6s]
r 525  fit  29.000  mse  29.000  neurons 50.00 (min 50 max 50)  syn  779.1  held-out best  23.909  [ 896.5s]
r 550  fit  26.136  mse  26.136  neurons 50.00 (min 50 max 50)  syn  779.5  held-out best  26.665  [ 941.2s]
r 575  fit  28.893  mse  28.893  neurons 50.00 (min 50 max 50)  syn  782.7  held-out best  26.665  [ 985.0s]
r 600  fit  28.195  mse  28.195  neurons 50.00 (min 50 max 50)  syn  788.5  held-out best  26.665  [1029.9s]
r 625  fit  28.599  mse  28.599  neurons 50.00 (min 50 max 50)  syn  786.3  held-out best  26.665  [1074.2s]
r 650  fit  28.399  mse  28.399  neurons 50.00 (min 50 max 50)  syn  791.6  held-out best  26.665  [1119.1s]
r 675  fit  29.074  mse  29.074  neurons 50.00 (min 50 max 50)  syn  790.4  held-out best  26.665  [1163.4s]
r 700  fit  28.547  mse  28.547  neurons 50.00 (min 50 max 50)  syn  790.1  held-out best  26.665  [1208.5s]
r 725  fit  29.724  mse  29.724  neurons 50.00 (min 50 max 50)  syn  792.0  held-out best  26.665  [1252.9s]
r 750  fit  27.675  mse  27.675  neurons 50.00 (min 50 max 50)  syn  789.8  held-out best  26.665  [1298.4s]
r 775  fit  27.927  mse  27.927  neurons 50.00 (min 50 max 50)  syn  792.5  held-out best  26.665  [1342.7s]
r 800  fit  28.589  mse  28.589  neurons 50.00 (min 50 max 50)  syn  794.9  held-out best  26.665  [1388.2s]
r 825  fit  27.613  mse  27.613  neurons 50.00 (min 50 max 50)  syn  796.4  held-out best  26.665  [1432.7s]
r 850  fit  28.572  mse  28.572  neurons 50.00 (min 50 max 50)  syn  793.6  held-out best  26.665  [1478.0s]
r 875  fit  28.388  mse  28.388  neurons 50.00 (min 50 max 50)  syn  797.0  held-out best  26.665  [1523.0s]
r 900  fit  29.749  mse  29.749  neurons 50.00 (min 50 max 50)  syn  798.2  held-out best  26.665  [1568.6s]
r 925  fit  27.942  mse  27.942  neurons 50.00 (min 50 max 50)  syn  798.6  held-out best  26.665  [1613.5s]
r 950  fit  27.991  mse  27.991  neurons 50.00 (min 50 max 50)  syn  799.1  held-out best  26.665  [1659.1s]
r 975  fit  29.111  mse  29.111  neurons 50.00 (min 50 max 50)  syn  800.7  held-out best  26.665  [1704.1s]
r1000  fit  28.043  mse  28.043  neurons 50.00 (min 50 max 50)  syn  802.6  held-out best  26.665  [1749.6s]
r1025  fit  28.460  mse  28.460  neurons 50.00 (min 50 max 50)  syn  806.3  held-out best  26.665  [1794.8s]
r1050  fit  28.742  mse  28.742  neurons 50.00 (min 50 max 50)  syn  804.1  held-out best  26.665  [1840.9s]
r1075  fit  29.080  mse  29.080  neurons 50.00 (min 50 max 50)  syn  805.6  held-out best  26.665  [1886.0s]
r1100  fit  28.757  mse  28.757  neurons 50.00 (min 50 max 50)  syn  805.6  held-out best  26.665  [1932.2s]
r1125  fit  28.935  mse  28.935  neurons 50.00 (min 50 max 50)  syn  806.1  held-out best  26.665  [1977.3s]
r1150  fit  28.520  mse  28.520  neurons 50.00 (min 50 max 50)  syn  805.0  held-out best  26.665  [2023.1s]
r1175  fit  28.542  mse  28.542  neurons 50.00 (min 50 max 50)  syn  806.2  held-out best  26.665  [2068.5s]
r1200  fit  28.877  mse  28.877  neurons 50.00 (min 50 max 50)  syn  808.5  held-out best  26.665  [2114.5s]
r1225  fit  28.141  mse  28.141  neurons 50.00 (min 50 max 50)  syn  805.8  held-out best  26.665  [2159.8s]
r1250  fit  28.326  mse  28.326  neurons 50.00 (min 50 max 50)  syn  808.5  held-out best  26.665  [2205.6s]
r1275  fit  28.454  mse  28.454  neurons 50.00 (min 50 max 50)  syn  811.4  held-out best  26.665  [2250.7s]
r1300  fit  29.724  mse  29.724  neurons 50.00 (min 50 max 50)  syn  809.1  held-out best  26.665  [2296.7s]
r1325  fit  28.629  mse  28.629  neurons 50.00 (min 50 max 50)  syn  813.1  held-out best  26.665  [2342.1s]
r1350  fit  28.601  mse  28.601  neurons 50.00 (min 50 max 50)  syn  812.7  held-out best  26.665  [2388.3s]
r1375  fit  28.591  mse  28.591  neurons 50.00 (min 50 max 50)  syn  811.8  held-out best  26.665  [2433.7s]
r1400  fit  28.700  mse  28.700  neurons 50.00 (min 50 max 50)  syn  814.2  held-out best  26.665  [2480.1s]
r1425  fit  29.111  mse  29.111  neurons 50.00 (min 50 max 50)  syn  814.9  held-out best  26.665  [2525.9s]
r1450  fit  28.512  mse  28.512  neurons 50.00 (min 50 max 50)  syn  815.5  held-out best  26.665  [2572.8s]
r1475  fit  28.587  mse  28.587  neurons 50.00 (min 50 max 50)  syn  814.6  held-out best  26.665  [2618.4s]
r1500  fit  28.501  mse  28.501  neurons 50.00 (min 50 max 50)  syn  815.2  held-out best  26.665  [2665.5s]
r1525  fit  29.049  mse  29.049  neurons 50.00 (min 50 max 50)  syn  814.2  held-out best  26.665  [2711.3s]
r1550  fit  27.620  mse  27.620  neurons 50.00 (min 50 max 50)  syn  814.3  held-out best  26.665  [2757.9s]
r1575  fit  28.354  mse  28.354  neurons 50.00 (min 50 max 50)  syn  815.7  held-out best  26.665  [2803.9s]
r1600  fit  27.907  mse  27.907  neurons 50.00 (min 50 max 50)  syn  814.3  held-out best  26.665  [2850.4s]
r1625  fit  27.704  mse  27.704  neurons 50.00 (min 50 max 50)  syn  816.4  held-out best  26.665  [2896.1s]
r1650  fit  29.140  mse  29.140  neurons 50.00 (min 50 max 50)  syn  817.1  held-out best  26.665  [2942.7s]
r1675  fit  27.716  mse  27.716  neurons 50.00 (min 50 max 50)  syn  817.3  held-out best  26.665  [2988.5s]
r1699  fit  28.512  mse  28.512  neurons 50.00 (min 50 max 50)  syn  821.0  held-out best  26.665  [3033.3s]
DONE: held-out MSE 26.665 vs constant 34.152 (50.6 min)
