Loading tokenizer from /home/starost/.cache/nanochat/tokenizer
Vocab size: 32768, BOS id: 32759
bit LUTs: 24
Adam-managed parameters: 14,912,518
Q/K BitPermLUT: in_nap=5 out_nap=24 tph=512 d_qk=32 P_qk=496
V BitPermLUT:   in_nap=5 out_nap=16 tph=512 d_v=16 P_v=120
Out BitPermLUT: in_nap=8 out_nap=32 tph=[4096, 4096, 2048, 2048, 2048, 2048]
Tokens/micro-batch: 4,096 | grad_accum: 1 | effective batch: 4,096 tokens
step      1 | loss=10.5607 | lr=3.75e-07
step    100 | loss=9.9142 | lr=3.75e-05
step    200 | loss=8.9597 | lr=7.50e-05
[VAL] step 200: bpb=2.4423
step    300 | loss=8.1476 | lr=1.12e-04
step    400 | loss=7.7620 | lr=1.50e-04
[VAL] step 400: bpb=2.3029
step    500 | loss=7.5277 | lr=1.87e-04
step    600 | loss=7.3965 | lr=2.25e-04
[VAL] step 600: bpb=2.2279
step    700 | loss=7.2784 | lr=2.62e-04
step    800 | loss=7.1290 | lr=3.00e-04
[VAL] step 800: bpb=2.1385
step    900 | loss=6.9841 | lr=3.00e-04
step   1000 | loss=6.8716 | lr=2.99e-04
[VAL] step 1000: bpb=2.0666
step   1100 | loss=6.7856 | lr=2.99e-04
step   1200 | loss=6.7151 | lr=2.98e-04
[VAL] step 1200: bpb=2.0290
step   1300 | loss=6.6416 | lr=2.97e-04
step   1400 | loss=6.6093 | lr=2.95e-04
[VAL] step 1400: bpb=2.0074
step   1500 | loss=6.5765 | lr=2.94e-04
step   1600 | loss=6.5178 | lr=2.92e-04
[VAL] step 1600: bpb=1.9902
step   1700 | loss=6.4988 | lr=2.90e-04
step   1800 | loss=6.4786 | lr=2.87e-04
[VAL] step 1800: bpb=1.9770
step   1900 | loss=6.4607 | lr=2.85e-04
step   2000 | loss=6.4381 | lr=2.82e-04
[VAL] step 2000: bpb=1.9651
step   2100 | loss=6.4081 | lr=2.79e-04
step   2200 | loss=6.3919 | lr=2.76e-04
[VAL] step 2200: bpb=1.9571
step   2300 | loss=6.3717 | lr=2.72e-04
step   2400 | loss=6.3646 | lr=2.68e-04
[VAL] step 2400: bpb=1.9466
step   2500 | loss=6.3519 | lr=2.65e-04
step   2600 | loss=6.3452 | lr=2.60e-04
[VAL] step 2600: bpb=1.9360
step   2700 | loss=6.3182 | lr=2.56e-04
step   2800 | loss=6.3132 | lr=2.52e-04
[VAL] step 2800: bpb=1.9288
step   2900 | loss=6.2916 | lr=2.47e-04
step   3000 | loss=6.2856 | lr=2.42e-04
[VAL] step 3000: bpb=1.9186
step   3100 | loss=6.2727 | lr=2.38e-04
step   3200 | loss=6.2639 | lr=2.32e-04
[VAL] step 3200: bpb=1.9110
step   3300 | loss=6.2561 | lr=2.27e-04
step   3400 | loss=6.2247 | lr=2.22e-04
[VAL] step 3400: bpb=1.9081
step   3500 | loss=6.2182 | lr=2.17e-04
step   3600 | loss=6.2248 | lr=2.11e-04
[VAL] step 3600: bpb=1.9049
step   3700 | loss=6.2099 | lr=2.06e-04
step   3800 | loss=6.2021 | lr=2.00e-04
[VAL] step 3800: bpb=1.8978
step   3900 | loss=6.1812 | lr=1.94e-04
step   4000 | loss=6.1690 | lr=1.88e-04
[VAL] step 4000: bpb=1.8900
step   4100 | loss=6.1948 | lr=1.83e-04
step   4200 | loss=6.1671 | lr=1.77e-04
[VAL] step 4200: bpb=1.8859
step   4300 | loss=6.1703 | lr=1.71e-04
step   4400 | loss=6.1564 | lr=1.65e-04
[VAL] step 4400: bpb=1.8827
step   4500 | loss=6.1493 | lr=1.59e-04
step   4600 | loss=6.1392 | lr=1.53e-04
[VAL] step 4600: bpb=1.8762
step   4700 | loss=6.1434 | lr=1.47e-04
step   4800 | loss=6.1398 | lr=1.42e-04
[VAL] step 4800: bpb=1.8724
step   4900 | loss=6.1159 | lr=1.36e-04
step   5000 | loss=6.1141 | lr=1.30e-04
[VAL] step 5000: bpb=1.8649
step   5100 | loss=6.0990 | lr=1.24e-04
step   5200 | loss=6.0806 | lr=1.19e-04
[VAL] step 5200: bpb=1.8633
step   5300 | loss=6.0754 | lr=1.13e-04
step   5400 | loss=6.0610 | lr=1.08e-04
[VAL] step 5400: bpb=1.8598
step   5500 | loss=6.0597 | lr=1.03e-04
step   5600 | loss=6.0743 | lr=9.75e-05
[VAL] step 5600: bpb=1.8549
step   5700 | loss=6.0580 | lr=9.25e-05
step   5800 | loss=6.0529 | lr=8.76e-05
[VAL] step 5800: bpb=1.8536
step   5900 | loss=6.0590 | lr=8.28e-05
step   6000 | loss=6.0425 | lr=7.82e-05
[VAL] step 6000: bpb=1.8482
step   6100 | loss=6.0323 | lr=7.38e-05
step   6200 | loss=6.0295 | lr=6.95e-05
[VAL] step 6200: bpb=1.8466
step   6300 | loss=6.0348 | lr=6.55e-05
step   6400 | loss=6.0179 | lr=6.16e-05
[VAL] step 6400: bpb=1.8433
step   6500 | loss=6.0115 | lr=5.79e-05
step   6600 | loss=6.0193 | lr=5.44e-05
[VAL] step 6600: bpb=1.8396
step   6700 | loss=6.0142 | lr=5.11e-05
step   6800 | loss=6.0057 | lr=4.81e-05
[VAL] step 6800: bpb=1.8380
step   6900 | loss=6.0043 | lr=4.53e-05
step   7000 | loss=6.0032 | lr=4.26e-05
[VAL] step 7000: bpb=1.8355
step   7100 | loss=5.9958 | lr=4.03e-05
step   7200 | loss=5.9975 | lr=3.81e-05
[VAL] step 7200: bpb=1.8341
step   7300 | loss=5.9874 | lr=3.62e-05
step   7400 | loss=5.9976 | lr=3.46e-05
[VAL] step 7400: bpb=1.8325
step   7500 | loss=5.9871 | lr=3.32e-05
step   7600 | loss=5.9778 | lr=3.21e-05
[VAL] step 7600: bpb=1.8300
step   7700 | loss=5.9683 | lr=3.12e-05
step   7800 | loss=5.9796 | lr=3.05e-05
[VAL] step 7800: bpb=1.8286
step   7900 | loss=5.9767 | lr=3.01e-05
step   8000 | loss=5.9694 | lr=3.00e-05
[VAL] step 8000: bpb=1.8292

=== DONE ===
{
  "exp_name": "exp020_beta2_0p95",
  "best_val_bpb": 1.8286314478958228,
  "final_val_bpb": 1.8291843319320373,
  "adam_params": 14912518,
  "n_bit_luts": 24,
  "training_time_hours": 0.892
}
