Loading tokenizer from /home/starost/.cache/nanochat/tokenizer
Vocab size: 32768, BOS id: 32759
bit LUTs: 18
Adam-managed parameters: 14,912,518
Q/K BitPermLUT: in_nap=5 out_nap=24 tph=512 d_qk=32 P_qk=496
V BitPermLUT:   in_nap=5 out_nap=16 tph=512 d_v=16 P_v=120
Out BitPermLUT: in_nap=8 out_nap=32 tph=[4096, 4096, 2048, 2048, 2048, 2048]
Tokens/micro-batch: 4,096 | grad_accum: 1 | effective batch: 4,096 tokens
step      1 | loss=10.5467 | lr=3.75e-07
step    100 | loss=9.9087 | lr=3.75e-05
step    200 | loss=8.9590 | lr=7.50e-05
[VAL] step 200: bpb=2.4437
step    300 | loss=8.1454 | lr=1.12e-04
step    400 | loss=7.7539 | lr=1.50e-04
[VAL] step 400: bpb=2.2993
step    500 | loss=7.5212 | lr=1.87e-04
step    600 | loss=7.3927 | lr=2.25e-04
[VAL] step 600: bpb=2.2299
step    700 | loss=7.2883 | lr=2.62e-04
step    800 | loss=7.1817 | lr=3.00e-04
[VAL] step 800: bpb=2.1738
step    900 | loss=7.0865 | lr=3.00e-04
step   1000 | loss=7.0074 | lr=2.99e-04
[VAL] step 1000: bpb=2.1177
step   1100 | loss=6.9408 | lr=2.99e-04
step   1200 | loss=6.8757 | lr=2.98e-04
[VAL] step 1200: bpb=2.0820
step   1300 | loss=6.8023 | lr=2.97e-04
step   1400 | loss=6.7607 | lr=2.95e-04
[VAL] step 1400: bpb=2.0510
step   1500 | loss=6.7147 | lr=2.94e-04
step   1600 | loss=6.6442 | lr=2.92e-04
[VAL] step 1600: bpb=2.0228
step   1700 | loss=6.6067 | lr=2.90e-04
step   1800 | loss=6.5695 | lr=2.87e-04
[VAL] step 1800: bpb=1.9998
step   1900 | loss=6.5443 | lr=2.85e-04
step   2000 | loss=6.5132 | lr=2.82e-04
[VAL] step 2000: bpb=1.9861
step   2100 | loss=6.4762 | lr=2.79e-04
step   2200 | loss=6.4512 | lr=2.76e-04
[VAL] step 2200: bpb=1.9730
step   2300 | loss=6.4262 | lr=2.72e-04
step   2400 | loss=6.4155 | lr=2.68e-04
[VAL] step 2400: bpb=1.9612
step   2500 | loss=6.3996 | lr=2.65e-04
step   2600 | loss=6.3920 | lr=2.60e-04
[VAL] step 2600: bpb=1.9497
step   2700 | loss=6.3615 | lr=2.56e-04
step   2800 | loss=6.3519 | lr=2.52e-04
[VAL] step 2800: bpb=1.9402
step   2900 | loss=6.3282 | lr=2.47e-04
step   3000 | loss=6.3209 | lr=2.42e-04
[VAL] step 3000: bpb=1.9323
step   3100 | loss=6.3086 | lr=2.38e-04
step   3200 | loss=6.2975 | lr=2.32e-04
[VAL] step 3200: bpb=1.9213
step   3300 | loss=6.2899 | lr=2.27e-04
step   3400 | loss=6.2561 | lr=2.22e-04
[VAL] step 3400: bpb=1.9171
step   3500 | loss=6.2504 | lr=2.17e-04
step   3600 | loss=6.2553 | lr=2.11e-04
[VAL] step 3600: bpb=1.9133
step   3700 | loss=6.2397 | lr=2.06e-04
step   3800 | loss=6.2291 | lr=2.00e-04
[VAL] step 3800: bpb=1.9068
step   3900 | loss=6.2071 | lr=1.94e-04
step   4000 | loss=6.1957 | lr=1.88e-04
[VAL] step 4000: bpb=1.8987
step   4100 | loss=6.2232 | lr=1.83e-04
step   4200 | loss=6.1936 | lr=1.77e-04
[VAL] step 4200: bpb=1.8943
step   4300 | loss=6.1966 | lr=1.71e-04
step   4400 | loss=6.1830 | lr=1.65e-04
[VAL] step 4400: bpb=1.8886
step   4500 | loss=6.1772 | lr=1.59e-04
step   4600 | loss=6.1655 | lr=1.53e-04
[VAL] step 4600: bpb=1.8859
step   4700 | loss=6.1704 | lr=1.47e-04
step   4800 | loss=6.1664 | lr=1.42e-04
[VAL] step 4800: bpb=1.8795
