Loading tokenizer from /home/starost/.cache/nanochat/tokenizer
Vocab size: 32768, BOS id: 32759
bit LUTs: 12
Adam-managed parameters: 14,985,472
Q/K BitPermLUT: in_nap=5 out_nap=24 tph=512 d_qk=24 P_qk=276
V BitPermLUT:   in_nap=5 out_nap=16 tph=512 d_v=16 P_v=120
Out BitPermLUT: in_nap=10 out_nap=32 tph=2048
Tokens/micro-batch: 4,096 | grad_accum: 1 | effective batch: 4,096 tokens
step      1 | loss=10.5663 | lr=3.75e-07
step    100 | loss=9.9026 | lr=3.75e-05
step    200 | loss=8.9649 | lr=7.50e-05
[VAL] step 200: bpb=2.4505
step    300 | loss=8.1925 | lr=1.12e-04
step    400 | loss=7.8860 | lr=1.50e-04
[VAL] step 400: bpb=2.3698
step    500 | loss=7.7645 | lr=1.87e-04
step    600 | loss=7.7447 | lr=2.25e-04
[VAL] step 600: bpb=2.3702
step    700 | loss=7.7386 | lr=2.62e-04
step    800 | loss=7.7061 | lr=3.00e-04
[VAL] step 800: bpb=2.3517
step    900 | loss=7.6112 | lr=3.00e-04
step   1000 | loss=7.4595 | lr=2.99e-04
[VAL] step 1000: bpb=2.2390
step   1100 | loss=7.3134 | lr=2.99e-04
step   1200 | loss=7.1730 | lr=2.98e-04
[VAL] step 1200: bpb=2.1561
step   1300 | loss=7.0438 | lr=2.97e-04
step   1400 | loss=6.9647 | lr=2.95e-04
[VAL] step 1400: bpb=2.1055
step   1500 | loss=6.8957 | lr=2.94e-04
step   1600 | loss=6.8069 | lr=2.92e-04
[VAL] step 1600: bpb=2.0701
step   1700 | loss=6.7663 | lr=2.90e-04
step   1800 | loss=6.7298 | lr=2.87e-04
[VAL] step 1800: bpb=2.0491
step   1900 | loss=6.7029 | lr=2.85e-04
step   2000 | loss=6.6736 | lr=2.82e-04
[VAL] step 2000: bpb=2.0362
step   2100 | loss=6.6394 | lr=2.79e-04
step   2200 | loss=6.6170 | lr=2.76e-04
[VAL] step 2200: bpb=2.0232
step   2300 | loss=6.5923 | lr=2.72e-04
step   2400 | loss=6.5812 | lr=2.68e-04
[VAL] step 2400: bpb=2.0103
step   2500 | loss=6.5677 | lr=2.65e-04
step   2600 | loss=6.5621 | lr=2.60e-04
[VAL] step 2600: bpb=1.9995
step   2700 | loss=6.5293 | lr=2.56e-04
step   2800 | loss=6.5278 | lr=2.52e-04
[VAL] step 2800: bpb=1.9937
step   2900 | loss=6.5069 | lr=2.47e-04
step   3000 | loss=6.5014 | lr=2.42e-04
[VAL] step 3000: bpb=1.9862
step   3100 | loss=6.4917 | lr=2.38e-04
step   3200 | loss=6.4841 | lr=2.32e-04
[VAL] step 3200: bpb=1.9771
step   3300 | loss=6.4771 | lr=2.27e-04
step   3400 | loss=6.4451 | lr=2.22e-04
[VAL] step 3400: bpb=1.9747
step   3500 | loss=6.4415 | lr=2.17e-04
step   3600 | loss=6.4486 | lr=2.11e-04
[VAL] step 3600: bpb=1.9716
step   3700 | loss=6.4391 | lr=2.06e-04
step   3800 | loss=6.4282 | lr=2.00e-04
[VAL] step 3800: bpb=1.9660
step   3900 | loss=6.4110 | lr=1.94e-04
step   4000 | loss=6.4065 | lr=1.88e-04
[VAL] step 4000: bpb=1.9615
step   4100 | loss=6.4323 | lr=1.83e-04
step   4200 | loss=6.4035 | lr=1.77e-04
[VAL] step 4200: bpb=1.9589
step   4300 | loss=6.4081 | lr=1.71e-04
step   4400 | loss=6.3984 | lr=1.65e-04
[VAL] step 4400: bpb=1.9553
step   4500 | loss=6.3942 | lr=1.59e-04
step   4600 | loss=6.3844 | lr=1.53e-04
[VAL] step 4600: bpb=1.9534
step   4700 | loss=6.3954 | lr=1.47e-04
step   4800 | loss=6.3943 | lr=1.42e-04
[VAL] step 4800: bpb=1.9497
step   4900 | loss=6.3727 | lr=1.36e-04
step   5000 | loss=6.3748 | lr=1.30e-04
[VAL] step 5000: bpb=1.9480
step   5100 | loss=6.3597 | lr=1.24e-04
step   5200 | loss=6.3440 | lr=1.19e-04
[VAL] step 5200: bpb=1.9437
step   5300 | loss=6.3433 | lr=1.13e-04
step   5400 | loss=6.3317 | lr=1.08e-04
[VAL] step 5400: bpb=1.9418
step   5500 | loss=6.3274 | lr=1.03e-04
step   5600 | loss=6.3445 | lr=9.75e-05
[VAL] step 5600: bpb=1.9406
step   5700 | loss=6.3319 | lr=9.25e-05
step   5800 | loss=6.3306 | lr=8.76e-05
[VAL] step 5800: bpb=1.9381
step   5900 | loss=6.3405 | lr=8.28e-05
step   6000 | loss=6.3249 | lr=7.82e-05
[VAL] step 6000: bpb=1.9359
step   6100 | loss=6.3180 | lr=7.38e-05
step   6200 | loss=6.3138 | lr=6.95e-05
[VAL] step 6200: bpb=1.9344
step   6300 | loss=6.3183 | lr=6.55e-05
step   6400 | loss=6.3056 | lr=6.16e-05
[VAL] step 6400: bpb=1.9330
step   6500 | loss=6.3059 | lr=5.79e-05
step   6600 | loss=6.3147 | lr=5.44e-05
[VAL] step 6600: bpb=1.9310
step   6700 | loss=6.3108 | lr=5.11e-05
step   6800 | loss=6.3042 | lr=4.81e-05
[VAL] step 6800: bpb=1.9299
step   6900 | loss=6.3065 | lr=4.53e-05
step   7000 | loss=6.3034 | lr=4.26e-05
[VAL] step 7000: bpb=1.9289
step   7100 | loss=6.2996 | lr=4.03e-05
step   7200 | loss=6.2991 | lr=3.81e-05
[VAL] step 7200: bpb=1.9278
step   7300 | loss=6.2927 | lr=3.62e-05
step   7400 | loss=6.3035 | lr=3.46e-05
[VAL] step 7400: bpb=1.9264
step   7500 | loss=6.2938 | lr=3.32e-05
step   7600 | loss=6.2857 | lr=3.21e-05
[VAL] step 7600: bpb=1.9259
step   7700 | loss=6.2772 | lr=3.12e-05
step   7800 | loss=6.2880 | lr=3.05e-05
[VAL] step 7800: bpb=1.9263
step   7900 | loss=6.2875 | lr=3.01e-05
step   8000 | loss=6.2812 | lr=3.00e-05
[VAL] step 8000: bpb=1.9253

=== DONE ===
{
  "exp_name": "exp010_hybrid_linear_qk",
  "best_val_bpb": 1.925303784837499,
  "final_val_bpb": 1.925303784837499,
  "adam_params": 14985472,
  "n_bit_luts": 12,
  "training_time_hours": 0.507
}
