Loading tokenizer from /home/starost/.cache/nanochat/tokenizer
Vocab size: 32768, BOS id: 32759
bit LUTs: 18
Adam-managed parameters: 14,912,518
Q/K BitPermLUT: in_nap=4 out_nap=32 tph=1024 d_qk=32 P_qk=496
V BitPermLUT:   in_nap=5 out_nap=16 tph=512 d_v=16 P_v=120
Out BitPermLUT: in_nap=8 out_nap=32 tph=[4096, 4096, 2048, 2048, 2048, 2048]
Tokens/micro-batch: 4,096 | grad_accum: 1 | effective batch: 4,096 tokens
step      1 | loss=10.5726 | lr=3.75e-07
step    100 | loss=9.9179 | lr=3.75e-05
step    200 | loss=8.9614 | lr=7.50e-05
[VAL] step 200: bpb=2.4445
step    300 | loss=8.1416 | lr=1.12e-04
step    400 | loss=7.7441 | lr=1.50e-04
[VAL] step 400: bpb=2.2963
step    500 | loss=7.5034 | lr=1.87e-04
step    600 | loss=7.3668 | lr=2.25e-04
[VAL] step 600: bpb=2.2184
step    700 | loss=7.2407 | lr=2.62e-04
step    800 | loss=7.0809 | lr=3.00e-04
[VAL] step 800: bpb=2.1236
step    900 | loss=6.9366 | lr=3.00e-04
step   1000 | loss=6.8293 | lr=2.99e-04
[VAL] step 1000: bpb=2.0560
step   1100 | loss=6.7466 | lr=2.99e-04
step   1200 | loss=6.6805 | lr=2.98e-04
[VAL] step 1200: bpb=2.0228
step   1300 | loss=6.6105 | lr=2.97e-04
step   1400 | loss=6.5806 | lr=2.95e-04
[VAL] step 1400: bpb=2.0002
step   1500 | loss=6.5522 | lr=2.94e-04
step   1600 | loss=6.4936 | lr=2.92e-04
[VAL] step 1600: bpb=1.9789
step   1700 | loss=6.4745 | lr=2.90e-04
step   1800 | loss=6.4525 | lr=2.87e-04
[VAL] step 1800: bpb=1.9671
step   1900 | loss=6.4348 | lr=2.85e-04
step   2000 | loss=6.4132 | lr=2.82e-04
[VAL] step 2000: bpb=1.9570
step   2100 | loss=6.3836 | lr=2.79e-04
step   2200 | loss=6.3670 | lr=2.76e-04
[VAL] step 2200: bpb=1.9487
step   2300 | loss=6.3482 | lr=2.72e-04
step   2400 | loss=6.3412 | lr=2.68e-04
[VAL] step 2400: bpb=1.9405
step   2500 | loss=6.3297 | lr=2.65e-04
step   2600 | loss=6.3219 | lr=2.60e-04
[VAL] step 2600: bpb=1.9295
step   2700 | loss=6.2933 | lr=2.56e-04
step   2800 | loss=6.2871 | lr=2.52e-04
[VAL] step 2800: bpb=1.9230
step   2900 | loss=6.2665 | lr=2.47e-04
step   3000 | loss=6.2583 | lr=2.42e-04
[VAL] step 3000: bpb=1.9125
step   3100 | loss=6.2479 | lr=2.38e-04
step   3200 | loss=6.2393 | lr=2.32e-04
[VAL] step 3200: bpb=1.9049
step   3300 | loss=6.2331 | lr=2.27e-04
step   3400 | loss=6.1987 | lr=2.22e-04
[VAL] step 3400: bpb=1.8993
step   3500 | loss=6.1930 | lr=2.17e-04
step   3600 | loss=6.1991 | lr=2.11e-04
[VAL] step 3600: bpb=1.8953
step   3700 | loss=6.1831 | lr=2.06e-04
step   3800 | loss=6.1745 | lr=2.00e-04
[VAL] step 3800: bpb=1.8897
step   3900 | loss=6.1533 | lr=1.94e-04
step   4000 | loss=6.1425 | lr=1.88e-04
[VAL] step 4000: bpb=1.8811
step   4100 | loss=6.1667 | lr=1.83e-04
step   4200 | loss=6.1380 | lr=1.77e-04
[VAL] step 4200: bpb=1.8774
step   4300 | loss=6.1416 | lr=1.71e-04
step   4400 | loss=6.1279 | lr=1.65e-04
[VAL] step 4400: bpb=1.8737
step   4500 | loss=6.1211 | lr=1.59e-04
step   4600 | loss=6.1083 | lr=1.53e-04
[VAL] step 4600: bpb=1.8693
step   4700 | loss=6.1123 | lr=1.47e-04
step   4800 | loss=6.1076 | lr=1.42e-04
[VAL] step 4800: bpb=1.8641
step   4900 | loss=6.0837 | lr=1.36e-04
step   5000 | loss=6.0816 | lr=1.30e-04
[VAL] step 5000: bpb=1.8599
step   5100 | loss=6.0646 | lr=1.24e-04
step   5200 | loss=6.0474 | lr=1.19e-04
[VAL] step 5200: bpb=1.8545
step   5300 | loss=6.0399 | lr=1.13e-04
step   5400 | loss=6.0270 | lr=1.08e-04
[VAL] step 5400: bpb=1.8499
step   5500 | loss=6.0241 | lr=1.03e-04
step   5600 | loss=6.0383 | lr=9.75e-05
[VAL] step 5600: bpb=1.8470
step   5700 | loss=6.0218 | lr=9.25e-05
step   5800 | loss=6.0140 | lr=8.76e-05
[VAL] step 5800: bpb=1.8436
step   5900 | loss=6.0194 | lr=8.28e-05
step   6000 | loss=6.0041 | lr=7.82e-05
[VAL] step 6000: bpb=1.8404
step   6100 | loss=5.9925 | lr=7.38e-05
step   6200 | loss=5.9896 | lr=6.95e-05
[VAL] step 6200: bpb=1.8355
step   6300 | loss=5.9940 | lr=6.55e-05
step   6400 | loss=5.9776 | lr=6.16e-05
[VAL] step 6400: bpb=1.8313
step   6500 | loss=5.9710 | lr=5.79e-05
step   6600 | loss=5.9777 | lr=5.44e-05
[VAL] step 6600: bpb=1.8286
step   6700 | loss=5.9706 | lr=5.11e-05
step   6800 | loss=5.9621 | lr=4.81e-05
[VAL] step 6800: bpb=1.8267
step   6900 | loss=5.9633 | lr=4.53e-05
step   7000 | loss=5.9596 | lr=4.26e-05
[VAL] step 7000: bpb=1.8249
step   7100 | loss=5.9519 | lr=4.03e-05
step   7200 | loss=5.9530 | lr=3.81e-05
[VAL] step 7200: bpb=1.8233
step   7300 | loss=5.9434 | lr=3.62e-05
step   7400 | loss=5.9523 | lr=3.46e-05
[VAL] step 7400: bpb=1.8215
step   7500 | loss=5.9418 | lr=3.32e-05
step   7600 | loss=5.9329 | lr=3.21e-05
[VAL] step 7600: bpb=1.8188
step   7700 | loss=5.9226 | lr=3.12e-05
step   7800 | loss=5.9349 | lr=3.05e-05
[VAL] step 7800: bpb=1.8187
step   7900 | loss=5.9330 | lr=3.01e-05
step   8000 | loss=5.9233 | lr=3.00e-05
[VAL] step 8000: bpb=1.8167

=== DONE ===
{
  "exp_name": "exp023_joint_qk_no_partition",
  "best_val_bpb": 1.8167462011470346,
  "final_val_bpb": 1.8167462011470346,
  "adam_params": 14912518,
  "n_bit_luts": 18,
  "training_time_hours": 0.763
}
