
=== supervisor: launch #0 at 0s ===
architecture: 17 in / 800 exc / 200 inh / 6 out, fan-outs {'fanout_e': 80, 'fanout_i': 20, 'fanout_inh': 100, 'fanout_in': 100, 'fanin_out': 100} (scale 1.0x)
steady state: pool K=32, cull M=8/round, alpha=0.3, grace=2 rounds, 97,075 synapses/genome, dev cuda
  round   0  batch best +0.0811 mean +0.0023  EWMA best +0.0811 mean +0.0023  syn 97,094/net  3s
  round   5  batch best +0.2000 mean +0.0348  EWMA best +0.0998 mean +0.0438  syn 97,302/net  33s
  round  10  batch best +0.1730 mean +0.1097  EWMA best +0.1657 mean +0.1113  syn 96,666/net  72s
  round  15  batch best +0.1499 mean +0.1139  EWMA best +0.1610 mean +0.1377  syn 96,581/net  111s
  round  20  batch best +0.1997 mean +0.1409  EWMA best +0.1812 mean +0.1643  syn 96,513/net  150s
  round  25  batch best +0.1524 mean +0.1162  EWMA best +0.1872 mean +0.1746  syn 96,159/net  189s
  round  30  batch best +0.2392 mean +0.1650  EWMA best +0.1952 mean +0.1817  syn 95,949/net  228s
  round  35  batch best +0.2185 mean +0.1581  EWMA best +0.2157 mean +0.1863  syn 95,813/net  267s
  round  40  batch best +0.2303 mean +0.1973  EWMA best +0.2280 mean +0.2112  syn 95,400/net  306s
  round  45  batch best +0.2566 mean +0.2269  EWMA best +0.2553 mean +0.2445  syn 95,220/net  345s
  round  50  batch best +0.2855 mean +0.2500  EWMA best +0.2913 mean +0.2794  syn 94,884/net  383s
  round  55  batch best +0.3247 mean +0.2826  EWMA best +0.2886 mean +0.2818  syn 94,750/net  421s
  round  60  batch best +0.2872 mean +0.2324  EWMA best +0.2886 mean +0.2595  syn 94,182/net  460s
  round  65  batch best +0.2890 mean +0.2691  EWMA best +0.2843 mean +0.2775  syn 93,588/net  498s
  round  70  batch best +0.3531 mean +0.3294  EWMA best +0.3132 mean +0.3050  syn 93,211/net  535s
  round  75  batch best +0.2616 mean +0.2452  EWMA best +0.2788 mean +0.2738  syn 93,245/net  573s
  round  80  batch best +0.2920 mean +0.2723  EWMA best +0.2969 mean +0.2883  syn 92,893/net  611s
  round  85  batch best +0.3646 mean +0.3388  EWMA best +0.3047 mean +0.2960  syn 92,500/net  650s
  round  90  batch best +0.3681 mean +0.3508  EWMA best +0.3425 mean +0.3388  syn 92,291/net  689s
  round  95  batch best +0.2877 mean +0.2749  EWMA best +0.3181 mean +0.3127  syn 91,763/net  728s
  round 100  batch best +0.2840 mean +0.2637  EWMA best +0.2991 mean +0.2944  syn 91,586/net  766s
  round 105  batch best +0.2967 mean +0.2856  EWMA best +0.3226 mean +0.3159  syn 91,291/net  804s
  round 110  batch best +0.3750 mean +0.3571  EWMA best +0.3443 mean +0.3370  syn 91,128/net  840s
  round 115  batch best +0.3467 mean +0.3331  EWMA best +0.3544 mean +0.3510  syn 90,647/net  877s
  round 120  batch best +0.3179 mean +0.3053  EWMA best +0.3377 mean +0.3340  syn 90,429/net  914s
  round 125  batch best +0.3016 mean +0.2925  EWMA best +0.3168 mean +0.3125  syn 90,090/net  950s
  round 130  batch best +0.3263 mean +0.3123  EWMA best +0.3143 mean +0.3098  syn 89,600/net  987s
  round 135  batch best +0.2696 mean +0.2574  EWMA best +0.3027 mean +0.3008  syn 89,379/net  1023s
  round 140  batch best +0.3476 mean +0.3333  EWMA best +0.3345 mean +0.3281  syn 89,061/net  1060s
  round 145  batch best +0.4209 mean +0.4060  EWMA best +0.3936 mean +0.3910  syn 88,605/net  1096s
  round 150  batch best +0.4231 mean +0.4156  EWMA best +0.3772 mean +0.3750  syn 88,267/net  1132s
  round 155  batch best +0.3148 mean +0.3032  EWMA best +0.3499 mean +0.3459  syn 88,121/net  1167s
  round 160  batch best +0.3145 mean +0.3039  EWMA best +0.3461 mean +0.3438  syn 88,138/net  1203s
  round 165  batch best +0.3336 mean +0.3248  EWMA best +0.3370 mean +0.3344  syn 87,708/net  1238s
  round 170  batch best +0.3714 mean +0.3571  EWMA best +0.3687 mean +0.3657  syn 87,331/net  1274s
  round 175  batch best +0.4728 mean +0.4619  EWMA best +0.3961 mean +0.3909  syn 87,083/net  1309s
  round 180  batch best +0.3104 mean +0.3009  EWMA best +0.3687 mean +0.3654  syn 86,776/net  1344s
  round 185  batch best +0.3447 mean +0.3366  EWMA best +0.3567 mean +0.3541  syn 86,153/net  1379s
  round 190  batch best +0.4157 mean +0.3934  EWMA best +0.3747 mean +0.3659  syn 86,060/net  1414s
  round 195  batch best +0.3455 mean +0.3295  EWMA best +0.3438 mean +0.3399  syn 85,893/net  1448s
  round 200  batch best +0.4052 mean +0.3916  EWMA best +0.3507 mean +0.3478  syn 85,605/net  1483s
  round 205  batch best +0.3716 mean +0.3644  EWMA best +0.3573 mean +0.3549  syn 85,635/net  1517s
  round 210  batch best +0.4034 mean +0.3858  EWMA best +0.3669 mean +0.3634  syn 85,533/net  1552s
  round 215  batch best +0.4156 mean +0.4069  EWMA best +0.3630 mean +0.3598  syn 85,429/net  1586s
  round 220  batch best +0.3044 mean +0.2963  EWMA best +0.3539 mean +0.3522  syn 85,105/net  1621s
  round 225  batch best +0.4395 mean +0.4337  EWMA best +0.3977 mean +0.3958  syn 84,844/net  1655s
  round 230  batch best +0.3620 mean +0.3516  EWMA best +0.3332 mean +0.3289  syn 84,531/net  1689s
  round 235  batch best +0.4046 mean +0.3894  EWMA best +0.3776 mean +0.3726  syn 84,485/net  1723s
  round 240  batch best +0.4274 mean +0.4168  EWMA best +0.3688 mean +0.3666  syn 83,989/net  1757s
  round 245  batch best +0.3776 mean +0.3645  EWMA best +0.3607 mean +0.3569  syn 83,607/net  1791s
  round 250  batch best +0.3719 mean +0.3483  EWMA best +0.3577 mean +0.3510  syn 83,309/net  1825s
  round 255  batch best +0.3705 mean +0.3551  EWMA best +0.3558 mean +0.3520  syn 83,025/net  1859s
  round 260  batch best +0.3914 mean +0.3803  EWMA best +0.3619 mean +0.3581  syn 82,846/net  1893s
  round 265  batch best +0.3946 mean +0.3836  EWMA best +0.3683 mean +0.3651  syn 82,745/net  1926s
  round 270  batch best +0.3654 mean +0.3485  EWMA best +0.3718 mean +0.3677  syn 82,378/net  1960s
  round 275  batch best +0.4319 mean +0.4236  EWMA best +0.3757 mean +0.3731  syn 82,252/net  1993s
  round 280  batch best +0.3963 mean +0.3911  EWMA best +0.3908 mean +0.3885  syn 81,903/net  2027s
  round 285  batch best +0.3899 mean +0.3852  EWMA best +0.3650 mean +0.3635  syn 81,730/net  2060s
  round 290  batch best +0.3099 mean +0.3038  EWMA best +0.3492 mean +0.3476  syn 81,463/net  2093s
  round 295  batch best +0.3305 mean +0.3209  EWMA best +0.3519 mean +0.3490  syn 81,164/net  2126s
  round 299  batch best +0.3307 mean +0.3196  EWMA best +0.3571 mean +0.3540  syn 80,857/net  2153s
Traceback (most recent call last):
  File "/home/astarostin/projects/spiky/experiments/walker2d-lut/exp19_lut-lse-expmlpcrit-t32/distill/spiking/steady_state.py", line 680, in <module>
    ewma[slot] = ewma[par]      # inherit, so a newborn is not instantly worst

  File "/home/astarostin/projects/spiky/experiments/walker2d-lut/exp19_lut-lse-expmlpcrit-t32/distill/spiking/steady_state.py", line 669, in main
    worst = eligible[np.argsort(ewma[eligible])[:M]]
^^^^^^^^^^^^^^^^^^^^^^^^^^^^^^^^^^^^^^^
  File "/home/astarostin/projects/spiky/experiments/walker2d-lut/exp19_lut-lse-expmlpcrit-t32/distill/spiking/steady_state.py", line 369, in build_pool
    sp.add_connections(chunk, seed)
  File "/home/astarostin/projects/spiky/src/spiky/spnet/spnet.py", line 164, in add_connections
    self._neuron_data_manager.add_connections(
RuntimeError: CUDA runtime API error cudaErrorMemoryAllocation at /home/astarostin/projects/spiky/native/spiky/misc/misc.cpp:56

=== supervisor: launch #1 at 2160s ===
architecture: 17 in / 800 exc / 200 inh / 6 out, fan-outs {'fanout_e': 80, 'fanout_i': 20, 'fanout_inh': 100, 'fanout_in': 100, 'fanin_out': 100} (scale 1.0x)
RESUMED from results/ck_delay148.npz at round 300 (32 genomes, 300 rounds of history, rng restored)
steady state: pool K=32, cull M=8/round, alpha=0.3, grace=2 rounds, 81,068 synapses/genome, dev cuda
Traceback (most recent call last):
  File "/home/astarostin/projects/spiky/experiments/walker2d-lut/exp19_lut-lse-expmlpcrit-t32/distill/spiking/steady_state.py", line 742, in <module>
    main()
  File "/home/astarostin/projects/spiky/experiments/walker2d-lut/exp19_lut-lse-expmlpcrit-t32/distill/spiking/steady_state.py", line 731, in main
    hb = build_pool([genomes[best_i]], dev, seed=1)
         ^^^^^^^^^^^^^^^^^^^^^^^^^^^^^^^^^^^^^^^^^^
  File "/home/astarostin/projects/spiky/experiments/walker2d-lut/exp19_lut-lse-expmlpcrit-t32/distill/spiking/steady_state.py", line 369, in build_pool
    sp.add_connections(chunk, seed)
  File "/home/astarostin/projects/spiky/src/spiky/spnet/spnet.py", line 164, in add_connections
    self._neuron_data_manager.add_connections(
RuntimeError: CUDA runtime API error cudaErrorMemoryAllocation at /home/astarostin/projects/spiky/native/spiky/misc/misc.cpp:56

=== supervisor: launch #2 at 2165s ===
architecture: 17 in / 800 exc / 200 inh / 6 out, fan-outs {'fanout_e': 80, 'fanout_i': 20, 'fanout_inh': 100, 'fanout_in': 100, 'fanin_out': 100} (scale 1.0x)
RESUMED from results/ck_delay148.npz at round 300 (32 genomes, 300 rounds of history, rng restored)
steady state: pool K=32, cull M=8/round, alpha=0.3, grace=2 rounds, 81,068 synapses/genome, dev cuda
Traceback (most recent call last):
  File "/home/astarostin/projects/spiky/experiments/walker2d-lut/exp19_lut-lse-expmlpcrit-t32/distill/spiking/steady_state.py", line 742, in <module>
    main()
  File "/home/astarostin/projects/spiky/experiments/walker2d-lut/exp19_lut-lse-expmlpcrit-t32/distill/spiking/steady_state.py", line 731, in main
    hb = build_pool([genomes[best_i]], dev, seed=1)
         ^^^^^^^^^^^^^^^^^^^^^^^^^^^^^^^^^^^^^^^^^^
  File "/home/astarostin/projects/spiky/experiments/walker2d-lut/exp19_lut-lse-expmlpcrit-t32/distill/spiking/steady_state.py", line 369, in build_pool
    sp.add_connections(chunk, seed)
  File "/home/astarostin/projects/spiky/src/spiky/spnet/spnet.py", line 164, in add_connections
    self._neuron_data_manager.add_connections(
RuntimeError: CUDA runtime API error cudaErrorMemoryAllocation at /home/astarostin/projects/spiky/native/spiky/misc/misc.cpp:56

=== supervisor: launch #3 at 2170s ===
architecture: 17 in / 800 exc / 200 inh / 6 out, fan-outs {'fanout_e': 80, 'fanout_i': 20, 'fanout_inh': 100, 'fanout_in': 100, 'fanin_out': 100} (scale 1.0x)
RESUMED from results/ck_delay148.npz at round 300 (32 genomes, 300 rounds of history, rng restored)
steady state: pool K=32, cull M=8/round, alpha=0.3, grace=2 rounds, 81,068 synapses/genome, dev cuda
Traceback (most recent call last):
  File "/home/astarostin/projects/spiky/experiments/walker2d-lut/exp19_lut-lse-expmlpcrit-t32/distill/spiking/steady_state.py", line 742, in <module>
    main()
  File "/home/astarostin/projects/spiky/experiments/walker2d-lut/exp19_lut-lse-expmlpcrit-t32/distill/spiking/steady_state.py", line 731, in main
    hb = build_pool([genomes[best_i]], dev, seed=1)
         ^^^^^^^^^^^^^^^^^^^^^^^^^^^^^^^^^^^^^^^^^^
  File "/home/astarostin/projects/spiky/experiments/walker2d-lut/exp19_lut-lse-expmlpcrit-t32/distill/spiking/steady_state.py", line 369, in build_pool
    sp.add_connections(chunk, seed)
  File "/home/astarostin/projects/spiky/src/spiky/spnet/spnet.py", line 164, in add_connections
    self._neuron_data_manager.add_connections(
RuntimeError: CUDA runtime API error cudaErrorMemoryAllocation at /home/astarostin/projects/spiky/native/spiky/misc/misc.cpp:56

=== supervisor: launch #4 at 2175s ===
architecture: 17 in / 800 exc / 200 inh / 6 out, fan-outs {'fanout_e': 80, 'fanout_i': 20, 'fanout_inh': 100, 'fanout_in': 100, 'fanin_out': 100} (scale 1.0x)
RESUMED from results/ck_delay148.npz at round 300 (32 genomes, 300 rounds of history, rng restored)
steady state: pool K=32, cull M=8/round, alpha=0.3, grace=2 rounds, 81,068 synapses/genome, dev cuda
Traceback (most recent call last):
  File "/home/astarostin/projects/spiky/experiments/walker2d-lut/exp19_lut-lse-expmlpcrit-t32/distill/spiking/steady_state.py", line 742, in <module>
    main()
  File "/home/astarostin/projects/spiky/experiments/walker2d-lut/exp19_lut-lse-expmlpcrit-t32/distill/spiking/steady_state.py", line 731, in main
    hb = build_pool([genomes[best_i]], dev, seed=1)
         ^^^^^^^^^^^^^^^^^^^^^^^^^^^^^^^^^^^^^^^^^^
  File "/home/astarostin/projects/spiky/experiments/walker2d-lut/exp19_lut-lse-expmlpcrit-t32/distill/spiking/steady_state.py", line 369, in build_pool
    sp.add_connections(chunk, seed)
  File "/home/astarostin/projects/spiky/src/spiky/spnet/spnet.py", line 164, in add_connections
    self._neuron_data_manager.add_connections(
RuntimeError: CUDA runtime API error cudaErrorMemoryAllocation at /home/astarostin/projects/spiky/native/spiky/misc/misc.cpp:56

=== supervisor: launch #5 at 2180s ===
architecture: 17 in / 800 exc / 200 inh / 6 out, fan-outs {'fanout_e': 80, 'fanout_i': 20, 'fanout_inh': 100, 'fanout_in': 100, 'fanin_out': 100} (scale 1.0x)
RESUMED from results/ck_delay148.npz at round 300 (32 genomes, 300 rounds of history, rng restored)
steady state: pool K=32, cull M=8/round, alpha=0.3, grace=2 rounds, 81,068 synapses/genome, dev cuda
Traceback (most recent call last):
  File "/home/astarostin/projects/spiky/experiments/walker2d-lut/exp19_lut-lse-expmlpcrit-t32/distill/spiking/steady_state.py", line 742, in <module>
    main()
  File "/home/astarostin/projects/spiky/experiments/walker2d-lut/exp19_lut-lse-expmlpcrit-t32/distill/spiking/steady_state.py", line 731, in main
    hb = build_pool([genomes[best_i]], dev, seed=1)
         ^^^^^^^^^^^^^^^^^^^^^^^^^^^^^^^^^^^^^^^^^^
  File "/home/astarostin/projects/spiky/experiments/walker2d-lut/exp19_lut-lse-expmlpcrit-t32/distill/spiking/steady_state.py", line 369, in build_pool
    sp.add_connections(chunk, seed)
  File "/home/astarostin/projects/spiky/src/spiky/spnet/spnet.py", line 164, in add_connections
    self._neuron_data_manager.add_connections(
RuntimeError: CUDA runtime API error cudaErrorMemoryAllocation at /home/astarostin/projects/spiky/native/spiky/misc/misc.cpp:56

=== supervisor: launch #6 at 2185s ===
architecture: 17 in / 800 exc / 200 inh / 6 out, fan-outs {'fanout_e': 80, 'fanout_i': 20, 'fanout_inh': 100, 'fanout_in': 100, 'fanin_out': 100} (scale 1.0x)
RESUMED from results/ck_delay148.npz at round 300 (32 genomes, 300 rounds of history, rng restored)
steady state: pool K=32, cull M=8/round, alpha=0.3, grace=2 rounds, 81,068 synapses/genome, dev cuda
Traceback (most recent call last):
  File "/home/astarostin/projects/spiky/experiments/walker2d-lut/exp19_lut-lse-expmlpcrit-t32/distill/spiking/steady_state.py", line 742, in <module>
    main()
  File "/home/astarostin/projects/spiky/experiments/walker2d-lut/exp19_lut-lse-expmlpcrit-t32/distill/spiking/steady_state.py", line 731, in main
    hb = build_pool([genomes[best_i]], dev, seed=1)
         ^^^^^^^^^^^^^^^^^^^^^^^^^^^^^^^^^^^^^^^^^^
  File "/home/astarostin/projects/spiky/experiments/walker2d-lut/exp19_lut-lse-expmlpcrit-t32/distill/spiking/steady_state.py", line 369, in build_pool
    sp.add_connections(chunk, seed)
  File "/home/astarostin/projects/spiky/src/spiky/spnet/spnet.py", line 164, in add_connections
    self._neuron_data_manager.add_connections(
RuntimeError: CUDA runtime API error cudaErrorMemoryAllocation at /home/astarostin/projects/spiky/native/spiky/misc/misc.cpp:56

=== supervisor: launch #7 at 2190s ===
architecture: 17 in / 800 exc / 200 inh / 6 out, fan-outs {'fanout_e': 80, 'fanout_i': 20, 'fanout_inh': 100, 'fanout_in': 100, 'fanin_out': 100} (scale 1.0x)
RESUMED from results/ck_delay148.npz at round 300 (32 genomes, 300 rounds of history, rng restored)
steady state: pool K=32, cull M=8/round, alpha=0.3, grace=2 rounds, 81,068 synapses/genome, dev cuda
Traceback (most recent call last):
  File "/home/astarostin/projects/spiky/experiments/walker2d-lut/exp19_lut-lse-expmlpcrit-t32/distill/spiking/steady_state.py", line 742, in <module>
    main()
  File "/home/astarostin/projects/spiky/experiments/walker2d-lut/exp19_lut-lse-expmlpcrit-t32/distill/spiking/steady_state.py", line 731, in main
    hb = build_pool([genomes[best_i]], dev, seed=1)
         ^^^^^^^^^^^^^^^^^^^^^^^^^^^^^^^^^^^^^^^^^^
  File "/home/astarostin/projects/spiky/experiments/walker2d-lut/exp19_lut-lse-expmlpcrit-t32/distill/spiking/steady_state.py", line 369, in build_pool
    sp.add_connections(chunk, seed)
  File "/home/astarostin/projects/spiky/src/spiky/spnet/spnet.py", line 164, in add_connections
    self._neuron_data_manager.add_connections(
RuntimeError: CUDA runtime API error cudaErrorMemoryAllocation at /home/astarostin/projects/spiky/native/spiky/misc/misc.cpp:56

=== supervisor: launch #8 at 2195s ===
architecture: 17 in / 800 exc / 200 inh / 6 out, fan-outs {'fanout_e': 80, 'fanout_i': 20, 'fanout_inh': 100, 'fanout_in': 100, 'fanin_out': 100} (scale 1.0x)
RESUMED from results/ck_delay148.npz at round 300 (32 genomes, 300 rounds of history, rng restored)
steady state: pool K=32, cull M=8/round, alpha=0.3, grace=2 rounds, 81,068 synapses/genome, dev cuda
Traceback (most recent call last):
  File "/home/astarostin/projects/spiky/experiments/walker2d-lut/exp19_lut-lse-expmlpcrit-t32/distill/spiking/steady_state.py", line 742, in <module>
    main()
  File "/home/astarostin/projects/spiky/experiments/walker2d-lut/exp19_lut-lse-expmlpcrit-t32/distill/spiking/steady_state.py", line 731, in main
    hb = build_pool([genomes[best_i]], dev, seed=1)
         ^^^^^^^^^^^^^^^^^^^^^^^^^^^^^^^^^^^^^^^^^^
  File "/home/astarostin/projects/spiky/experiments/walker2d-lut/exp19_lut-lse-expmlpcrit-t32/distill/spiking/steady_state.py", line 369, in build_pool
    sp.add_connections(chunk, seed)
  File "/home/astarostin/projects/spiky/src/spiky/spnet/spnet.py", line 164, in add_connections
    self._neuron_data_manager.add_connections(
RuntimeError: CUDA runtime API error cudaErrorMemoryAllocation at /home/astarostin/projects/spiky/native/spiky/misc/misc.cpp:56

=== supervisor: launch #9 at 2200s ===
architecture: 17 in / 800 exc / 200 inh / 6 out, fan-outs {'fanout_e': 80, 'fanout_i': 20, 'fanout_inh': 100, 'fanout_in': 100, 'fanin_out': 100} (scale 1.0x)
RESUMED from results/ck_delay148.npz at round 300 (32 genomes, 300 rounds of history, rng restored)
steady state: pool K=32, cull M=8/round, alpha=0.3, grace=2 rounds, 81,068 synapses/genome, dev cuda
Traceback (most recent call last):
  File "/home/astarostin/projects/spiky/experiments/walker2d-lut/exp19_lut-lse-expmlpcrit-t32/distill/spiking/steady_state.py", line 742, in <module>
    main()
  File "/home/astarostin/projects/spiky/experiments/walker2d-lut/exp19_lut-lse-expmlpcrit-t32/distill/spiking/steady_state.py", line 731, in main
    hb = build_pool([genomes[best_i]], dev, seed=1)
         ^^^^^^^^^^^^^^^^^^^^^^^^^^^^^^^^^^^^^^^^^^
  File "/home/astarostin/projects/spiky/experiments/walker2d-lut/exp19_lut-lse-expmlpcrit-t32/distill/spiking/steady_state.py", line 369, in build_pool
    sp.add_connections(chunk, seed)
  File "/home/astarostin/projects/spiky/src/spiky/spnet/spnet.py", line 164, in add_connections
    self._neuron_data_manager.add_connections(
RuntimeError: CUDA runtime API error cudaErrorMemoryAllocation at /home/astarostin/projects/spiky/native/spiky/misc/misc.cpp:56

=== supervisor: launch #10 at 2205s ===
architecture: 17 in / 800 exc / 200 inh / 6 out, fan-outs {'fanout_e': 80, 'fanout_i': 20, 'fanout_inh': 100, 'fanout_in': 100, 'fanin_out': 100} (scale 1.0x)
RESUMED from results/ck_delay148.npz at round 300 (32 genomes, 300 rounds of history, rng restored)
steady state: pool K=32, cull M=8/round, alpha=0.3, grace=2 rounds, 81,068 synapses/genome, dev cuda
Traceback (most recent call last):
  File "/home/astarostin/projects/spiky/experiments/walker2d-lut/exp19_lut-lse-expmlpcrit-t32/distill/spiking/steady_state.py", line 742, in <module>
    main()
  File "/home/astarostin/projects/spiky/experiments/walker2d-lut/exp19_lut-lse-expmlpcrit-t32/distill/spiking/steady_state.py", line 731, in main
    hb = build_pool([genomes[best_i]], dev, seed=1)
         ^^^^^^^^^^^^^^^^^^^^^^^^^^^^^^^^^^^^^^^^^^
  File "/home/astarostin/projects/spiky/experiments/walker2d-lut/exp19_lut-lse-expmlpcrit-t32/distill/spiking/steady_state.py", line 369, in build_pool
    sp.add_connections(chunk, seed)
  File "/home/astarostin/projects/spiky/src/spiky/spnet/spnet.py", line 164, in add_connections
    self._neuron_data_manager.add_connections(
RuntimeError: CUDA runtime API error cudaErrorMemoryAllocation at /home/astarostin/projects/spiky/native/spiky/misc/misc.cpp:56

=== supervisor: launch #11 at 2210s ===
architecture: 17 in / 800 exc / 200 inh / 6 out, fan-outs {'fanout_e': 80, 'fanout_i': 20, 'fanout_inh': 100, 'fanout_in': 100, 'fanin_out': 100} (scale 1.0x)
RESUMED from results/ck_delay148.npz at round 300 (32 genomes, 300 rounds of history, rng restored)
steady state: pool K=32, cull M=8/round, alpha=0.3, grace=2 rounds, 81,068 synapses/genome, dev cuda
Traceback (most recent call last):
  File "/home/astarostin/projects/spiky/experiments/walker2d-lut/exp19_lut-lse-expmlpcrit-t32/distill/spiking/steady_state.py", line 742, in <module>
    main()
  File "/home/astarostin/projects/spiky/experiments/walker2d-lut/exp19_lut-lse-expmlpcrit-t32/distill/spiking/steady_state.py", line 731, in main
    hb = build_pool([genomes[best_i]], dev, seed=1)
         ^^^^^^^^^^^^^^^^^^^^^^^^^^^^^^^^^^^^^^^^^^
  File "/home/astarostin/projects/spiky/experiments/walker2d-lut/exp19_lut-lse-expmlpcrit-t32/distill/spiking/steady_state.py", line 369, in build_pool
    sp.add_connections(chunk, seed)
  File "/home/astarostin/projects/spiky/src/spiky/spnet/spnet.py", line 164, in add_connections
    self._neuron_data_manager.add_connections(
RuntimeError: CUDA runtime API error cudaErrorMemoryAllocation at /home/astarostin/projects/spiky/native/spiky/misc/misc.cpp:56

=== supervisor: launch #12 at 2215s ===
architecture: 17 in / 800 exc / 200 inh / 6 out, fan-outs {'fanout_e': 80, 'fanout_i': 20, 'fanout_inh': 100, 'fanout_in': 100, 'fanin_out': 100} (scale 1.0x)
RESUMED from results/ck_delay148.npz at round 300 (32 genomes, 300 rounds of history, rng restored)
steady state: pool K=32, cull M=8/round, alpha=0.3, grace=2 rounds, 81,068 synapses/genome, dev cuda
Traceback (most recent call last):
  File "/home/astarostin/projects/spiky/experiments/walker2d-lut/exp19_lut-lse-expmlpcrit-t32/distill/spiking/steady_state.py", line 742, in <module>
    main()
  File "/home/astarostin/projects/spiky/experiments/walker2d-lut/exp19_lut-lse-expmlpcrit-t32/distill/spiking/steady_state.py", line 731, in main
    hb = build_pool([genomes[best_i]], dev, seed=1)
         ^^^^^^^^^^^^^^^^^^^^^^^^^^^^^^^^^^^^^^^^^^
  File "/home/astarostin/projects/spiky/experiments/walker2d-lut/exp19_lut-lse-expmlpcrit-t32/distill/spiking/steady_state.py", line 369, in build_pool
    sp.add_connections(chunk, seed)
  File "/home/astarostin/projects/spiky/src/spiky/spnet/spnet.py", line 164, in add_connections
    self._neuron_data_manager.add_connections(
RuntimeError: CUDA runtime API error cudaErrorMemoryAllocation at /home/astarostin/projects/spiky/native/spiky/misc/misc.cpp:56

=== supervisor: launch #13 at 2220s ===
architecture: 17 in / 800 exc / 200 inh / 6 out, fan-outs {'fanout_e': 80, 'fanout_i': 20, 'fanout_inh': 100, 'fanout_in': 100, 'fanin_out': 100} (scale 1.0x)
RESUMED from results/ck_delay148.npz at round 300 (32 genomes, 300 rounds of history, rng restored)
steady state: pool K=32, cull M=8/round, alpha=0.3, grace=2 rounds, 81,068 synapses/genome, dev cuda
Traceback (most recent call last):
  File "/home/astarostin/projects/spiky/experiments/walker2d-lut/exp19_lut-lse-expmlpcrit-t32/distill/spiking/steady_state.py", line 742, in <module>
    main()
  File "/home/astarostin/projects/spiky/experiments/walker2d-lut/exp19_lut-lse-expmlpcrit-t32/distill/spiking/steady_state.py", line 731, in main
    hb = build_pool([genomes[best_i]], dev, seed=1)
         ^^^^^^^^^^^^^^^^^^^^^^^^^^^^^^^^^^^^^^^^^^
  File "/home/astarostin/projects/spiky/experiments/walker2d-lut/exp19_lut-lse-expmlpcrit-t32/distill/spiking/steady_state.py", line 369, in build_pool
    sp.add_connections(chunk, seed)
  File "/home/astarostin/projects/spiky/src/spiky/spnet/spnet.py", line 164, in add_connections
    self._neuron_data_manager.add_connections(
RuntimeError: CUDA runtime API error cudaErrorMemoryAllocation at /home/astarostin/projects/spiky/native/spiky/misc/misc.cpp:56

=== supervisor: launch #14 at 2225s ===
architecture: 17 in / 800 exc / 200 inh / 6 out, fan-outs {'fanout_e': 80, 'fanout_i': 20, 'fanout_inh': 100, 'fanout_in': 100, 'fanin_out': 100} (scale 1.0x)
RESUMED from results/ck_delay148.npz at round 300 (32 genomes, 300 rounds of history, rng restored)
steady state: pool K=32, cull M=8/round, alpha=0.3, grace=2 rounds, 81,068 synapses/genome, dev cuda
Traceback (most recent call last):
  File "/home/astarostin/projects/spiky/experiments/walker2d-lut/exp19_lut-lse-expmlpcrit-t32/distill/spiking/steady_state.py", line 742, in <module>
    main()
  File "/home/astarostin/projects/spiky/experiments/walker2d-lut/exp19_lut-lse-expmlpcrit-t32/distill/spiking/steady_state.py", line 731, in main
    hb = build_pool([genomes[best_i]], dev, seed=1)
         ^^^^^^^^^^^^^^^^^^^^^^^^^^^^^^^^^^^^^^^^^^
  File "/home/astarostin/projects/spiky/experiments/walker2d-lut/exp19_lut-lse-expmlpcrit-t32/distill/spiking/steady_state.py", line 369, in build_pool
    sp.add_connections(chunk, seed)
  File "/home/astarostin/projects/spiky/src/spiky/spnet/spnet.py", line 164, in add_connections
    self._neuron_data_manager.add_connections(
RuntimeError: CUDA runtime API error cudaErrorMemoryAllocation at /home/astarostin/projects/spiky/native/spiky/misc/misc.cpp:56

=== supervisor: launch #15 at 2230s ===
architecture: 17 in / 800 exc / 200 inh / 6 out, fan-outs {'fanout_e': 80, 'fanout_i': 20, 'fanout_inh': 100, 'fanout_in': 100, 'fanin_out': 100} (scale 1.0x)
RESUMED from results/ck_delay148.npz at round 300 (32 genomes, 300 rounds of history, rng restored)
steady state: pool K=32, cull M=8/round, alpha=0.3, grace=2 rounds, 81,068 synapses/genome, dev cuda
Traceback (most recent call last):
  File "/home/astarostin/projects/spiky/experiments/walker2d-lut/exp19_lut-lse-expmlpcrit-t32/distill/spiking/steady_state.py", line 742, in <module>
    main()
  File "/home/astarostin/projects/spiky/experiments/walker2d-lut/exp19_lut-lse-expmlpcrit-t32/distill/spiking/steady_state.py", line 731, in main
    hb = build_pool([genomes[best_i]], dev, seed=1)
         ^^^^^^^^^^^^^^^^^^^^^^^^^^^^^^^^^^^^^^^^^^
  File "/home/astarostin/projects/spiky/experiments/walker2d-lut/exp19_lut-lse-expmlpcrit-t32/distill/spiking/steady_state.py", line 369, in build_pool
    sp.add_connections(chunk, seed)
  File "/home/astarostin/projects/spiky/src/spiky/spnet/spnet.py", line 164, in add_connections
    self._neuron_data_manager.add_connections(
RuntimeError: CUDA runtime API error cudaErrorMemoryAllocation at /home/astarostin/projects/spiky/native/spiky/misc/misc.cpp:56

=== supervisor: launch #16 at 2235s ===
architecture: 17 in / 800 exc / 200 inh / 6 out, fan-outs {'fanout_e': 80, 'fanout_i': 20, 'fanout_inh': 100, 'fanout_in': 100, 'fanin_out': 100} (scale 1.0x)
RESUMED from results/ck_delay148.npz at round 300 (32 genomes, 300 rounds of history, rng restored)
steady state: pool K=32, cull M=8/round, alpha=0.3, grace=2 rounds, 81,068 synapses/genome, dev cuda
Traceback (most recent call last):
  File "/home/astarostin/projects/spiky/experiments/walker2d-lut/exp19_lut-lse-expmlpcrit-t32/distill/spiking/steady_state.py", line 742, in <module>
    main()
  File "/home/astarostin/projects/spiky/experiments/walker2d-lut/exp19_lut-lse-expmlpcrit-t32/distill/spiking/steady_state.py", line 731, in main
    hb = build_pool([genomes[best_i]], dev, seed=1)
         ^^^^^^^^^^^^^^^^^^^^^^^^^^^^^^^^^^^^^^^^^^
  File "/home/astarostin/projects/spiky/experiments/walker2d-lut/exp19_lut-lse-expmlpcrit-t32/distill/spiking/steady_state.py", line 369, in build_pool
    sp.add_connections(chunk, seed)
  File "/home/astarostin/projects/spiky/src/spiky/spnet/spnet.py", line 164, in add_connections
    self._neuron_data_manager.add_connections(
RuntimeError: CUDA runtime API error cudaErrorMemoryAllocation at /home/astarostin/projects/spiky/native/spiky/misc/misc.cpp:56

=== supervisor: launch #17 at 2240s ===
architecture: 17 in / 800 exc / 200 inh / 6 out, fan-outs {'fanout_e': 80, 'fanout_i': 20, 'fanout_inh': 100, 'fanout_in': 100, 'fanin_out': 100} (scale 1.0x)
RESUMED from results/ck_delay148.npz at round 300 (32 genomes, 300 rounds of history, rng restored)
steady state: pool K=32, cull M=8/round, alpha=0.3, grace=2 rounds, 81,068 synapses/genome, dev cuda
Traceback (most recent call last):
  File "/home/astarostin/projects/spiky/experiments/walker2d-lut/exp19_lut-lse-expmlpcrit-t32/distill/spiking/steady_state.py", line 742, in <module>
    main()
  File "/home/astarostin/projects/spiky/experiments/walker2d-lut/exp19_lut-lse-expmlpcrit-t32/distill/spiking/steady_state.py", line 731, in main
    hb = build_pool([genomes[best_i]], dev, seed=1)
         ^^^^^^^^^^^^^^^^^^^^^^^^^^^^^^^^^^^^^^^^^^
  File "/home/astarostin/projects/spiky/experiments/walker2d-lut/exp19_lut-lse-expmlpcrit-t32/distill/spiking/steady_state.py", line 369, in build_pool
    sp.add_connections(chunk, seed)
  File "/home/astarostin/projects/spiky/src/spiky/spnet/spnet.py", line 164, in add_connections
    self._neuron_data_manager.add_connections(
RuntimeError: CUDA runtime API error cudaErrorMemoryAllocation at /home/astarostin/projects/spiky/native/spiky/misc/misc.cpp:56

=== supervisor: launch #18 at 2245s ===
architecture: 17 in / 800 exc / 200 inh / 6 out, fan-outs {'fanout_e': 80, 'fanout_i': 20, 'fanout_inh': 100, 'fanout_in': 100, 'fanin_out': 100} (scale 1.0x)
RESUMED from results/ck_delay148.npz at round 300 (32 genomes, 300 rounds of history, rng restored)
steady state: pool K=32, cull M=8/round, alpha=0.3, grace=2 rounds, 81,068 synapses/genome, dev cuda
Traceback (most recent call last):
  File "/home/astarostin/projects/spiky/experiments/walker2d-lut/exp19_lut-lse-expmlpcrit-t32/distill/spiking/steady_state.py", line 742, in <module>
    main()
  File "/home/astarostin/projects/spiky/experiments/walker2d-lut/exp19_lut-lse-expmlpcrit-t32/distill/spiking/steady_state.py", line 731, in main
    hb = build_pool([genomes[best_i]], dev, seed=1)
         ^^^^^^^^^^^^^^^^^^^^^^^^^^^^^^^^^^^^^^^^^^
  File "/home/astarostin/projects/spiky/experiments/walker2d-lut/exp19_lut-lse-expmlpcrit-t32/distill/spiking/steady_state.py", line 369, in build_pool
    sp.add_connections(chunk, seed)
  File "/home/astarostin/projects/spiky/src/spiky/spnet/spnet.py", line 164, in add_connections
    self._neuron_data_manager.add_connections(
RuntimeError: CUDA runtime API error cudaErrorMemoryAllocation at /home/astarostin/projects/spiky/native/spiky/misc/misc.cpp:56

=== supervisor: launch #19 at 2250s ===
architecture: 17 in / 800 exc / 200 inh / 6 out, fan-outs {'fanout_e': 80, 'fanout_i': 20, 'fanout_inh': 100, 'fanout_in': 100, 'fanin_out': 100} (scale 1.0x)
RESUMED from results/ck_delay148.npz at round 300 (32 genomes, 300 rounds of history, rng restored)
steady state: pool K=32, cull M=8/round, alpha=0.3, grace=2 rounds, 81,068 synapses/genome, dev cuda
Traceback (most recent call last):
  File "/home/astarostin/projects/spiky/experiments/walker2d-lut/exp19_lut-lse-expmlpcrit-t32/distill/spiking/steady_state.py", line 742, in <module>
    main()
  File "/home/astarostin/projects/spiky/experiments/walker2d-lut/exp19_lut-lse-expmlpcrit-t32/distill/spiking/steady_state.py", line 731, in main
    hb = build_pool([genomes[best_i]], dev, seed=1)
         ^^^^^^^^^^^^^^^^^^^^^^^^^^^^^^^^^^^^^^^^^^
  File "/home/astarostin/projects/spiky/experiments/walker2d-lut/exp19_lut-lse-expmlpcrit-t32/distill/spiking/steady_state.py", line 369, in build_pool
    sp.add_connections(chunk, seed)
  File "/home/astarostin/projects/spiky/src/spiky/spnet/spnet.py", line 164, in add_connections
    self._neuron_data_manager.add_connections(
RuntimeError: CUDA runtime API error cudaErrorMemoryAllocation at /home/astarostin/projects/spiky/native/spiky/misc/misc.cpp:56

=== supervisor: launch #20 at 2255s ===
architecture: 17 in / 800 exc / 200 inh / 6 out, fan-outs {'fanout_e': 80, 'fanout_i': 20, 'fanout_inh': 100, 'fanout_in': 100, 'fanin_out': 100} (scale 1.0x)
RESUMED from results/ck_delay148.npz at round 300 (32 genomes, 300 rounds of history, rng restored)
steady state: pool K=32, cull M=8/round, alpha=0.3, grace=2 rounds, 81,068 synapses/genome, dev cuda
Traceback (most recent call last):
  File "/home/astarostin/projects/spiky/experiments/walker2d-lut/exp19_lut-lse-expmlpcrit-t32/distill/spiking/steady_state.py", line 742, in <module>
    main()
  File "/home/astarostin/projects/spiky/experiments/walker2d-lut/exp19_lut-lse-expmlpcrit-t32/distill/spiking/steady_state.py", line 731, in main
    hb = build_pool([genomes[best_i]], dev, seed=1)
         ^^^^^^^^^^^^^^^^^^^^^^^^^^^^^^^^^^^^^^^^^^
  File "/home/astarostin/projects/spiky/experiments/walker2d-lut/exp19_lut-lse-expmlpcrit-t32/distill/spiking/steady_state.py", line 369, in build_pool
    sp.add_connections(chunk, seed)
  File "/home/astarostin/projects/spiky/src/spiky/spnet/spnet.py", line 164, in add_connections
    self._neuron_data_manager.add_connections(
RuntimeError: CUDA runtime API error cudaErrorMemoryAllocation at /home/astarostin/projects/spiky/native/spiky/misc/misc.cpp:56

=== supervisor: launch #21 at 2260s ===
architecture: 17 in / 800 exc / 200 inh / 6 out, fan-outs {'fanout_e': 80, 'fanout_i': 20, 'fanout_inh': 100, 'fanout_in': 100, 'fanin_out': 100} (scale 1.0x)
RESUMED from results/ck_delay148.npz at round 300 (32 genomes, 300 rounds of history, rng restored)
steady state: pool K=32, cull M=8/round, alpha=0.3, grace=2 rounds, 81,068 synapses/genome, dev cuda
Traceback (most recent call last):
  File "/home/astarostin/projects/spiky/experiments/walker2d-lut/exp19_lut-lse-expmlpcrit-t32/distill/spiking/steady_state.py", line 742, in <module>
    main()
  File "/home/astarostin/projects/spiky/experiments/walker2d-lut/exp19_lut-lse-expmlpcrit-t32/distill/spiking/steady_state.py", line 731, in main
    hb = build_pool([genomes[best_i]], dev, seed=1)
         ^^^^^^^^^^^^^^^^^^^^^^^^^^^^^^^^^^^^^^^^^^
  File "/home/astarostin/projects/spiky/experiments/walker2d-lut/exp19_lut-lse-expmlpcrit-t32/distill/spiking/steady_state.py", line 369, in build_pool
    sp.add_connections(chunk, seed)
  File "/home/astarostin/projects/spiky/src/spiky/spnet/spnet.py", line 164, in add_connections
    self._neuron_data_manager.add_connections(
RuntimeError: CUDA runtime API error cudaErrorMemoryAllocation at /home/astarostin/projects/spiky/native/spiky/misc/misc.cpp:56

=== supervisor: launch #22 at 2265s ===
architecture: 17 in / 800 exc / 200 inh / 6 out, fan-outs {'fanout_e': 80, 'fanout_i': 20, 'fanout_inh': 100, 'fanout_in': 100, 'fanin_out': 100} (scale 1.0x)
RESUMED from results/ck_delay148.npz at round 300 (32 genomes, 300 rounds of history, rng restored)
steady state: pool K=32, cull M=8/round, alpha=0.3, grace=2 rounds, 81,068 synapses/genome, dev cuda
Traceback (most recent call last):
  File "/home/astarostin/projects/spiky/experiments/walker2d-lut/exp19_lut-lse-expmlpcrit-t32/distill/spiking/steady_state.py", line 742, in <module>
    main()
  File "/home/astarostin/projects/spiky/experiments/walker2d-lut/exp19_lut-lse-expmlpcrit-t32/distill/spiking/steady_state.py", line 731, in main
    hb = build_pool([genomes[best_i]], dev, seed=1)
         ^^^^^^^^^^^^^^^^^^^^^^^^^^^^^^^^^^^^^^^^^^
  File "/home/astarostin/projects/spiky/experiments/walker2d-lut/exp19_lut-lse-expmlpcrit-t32/distill/spiking/steady_state.py", line 369, in build_pool
    sp.add_connections(chunk, seed)
  File "/home/astarostin/projects/spiky/src/spiky/spnet/spnet.py", line 164, in add_connections
    self._neuron_data_manager.add_connections(
RuntimeError: CUDA runtime API error cudaErrorMemoryAllocation at /home/astarostin/projects/spiky/native/spiky/misc/misc.cpp:56

=== supervisor: launch #23 at 2270s ===
architecture: 17 in / 800 exc / 200 inh / 6 out, fan-outs {'fanout_e': 80, 'fanout_i': 20, 'fanout_inh': 100, 'fanout_in': 100, 'fanin_out': 100} (scale 1.0x)
RESUMED from results/ck_delay148.npz at round 300 (32 genomes, 300 rounds of history, rng restored)
steady state: pool K=32, cull M=8/round, alpha=0.3, grace=2 rounds, 81,068 synapses/genome, dev cuda
Traceback (most recent call last):
  File "/home/astarostin/projects/spiky/experiments/walker2d-lut/exp19_lut-lse-expmlpcrit-t32/distill/spiking/steady_state.py", line 742, in <module>
    main()
  File "/home/astarostin/projects/spiky/experiments/walker2d-lut/exp19_lut-lse-expmlpcrit-t32/distill/spiking/steady_state.py", line 731, in main
    hb = build_pool([genomes[best_i]], dev, seed=1)
         ^^^^^^^^^^^^^^^^^^^^^^^^^^^^^^^^^^^^^^^^^^
  File "/home/astarostin/projects/spiky/experiments/walker2d-lut/exp19_lut-lse-expmlpcrit-t32/distill/spiking/steady_state.py", line 369, in build_pool
    sp.add_connections(chunk, seed)
  File "/home/astarostin/projects/spiky/src/spiky/spnet/spnet.py", line 164, in add_connections
    self._neuron_data_manager.add_connections(
RuntimeError: CUDA runtime API error cudaErrorMemoryAllocation at /home/astarostin/projects/spiky/native/spiky/misc/misc.cpp:56

=== supervisor: launch #24 at 2275s ===
architecture: 17 in / 800 exc / 200 inh / 6 out, fan-outs {'fanout_e': 80, 'fanout_i': 20, 'fanout_inh': 100, 'fanout_in': 100, 'fanin_out': 100} (scale 1.0x)
RESUMED from results/ck_delay148.npz at round 300 (32 genomes, 300 rounds of history, rng restored)
steady state: pool K=32, cull M=8/round, alpha=0.3, grace=2 rounds, 81,068 synapses/genome, dev cuda
Traceback (most recent call last):
  File "/home/astarostin/projects/spiky/experiments/walker2d-lut/exp19_lut-lse-expmlpcrit-t32/distill/spiking/steady_state.py", line 742, in <module>
    main()
  File "/home/astarostin/projects/spiky/experiments/walker2d-lut/exp19_lut-lse-expmlpcrit-t32/distill/spiking/steady_state.py", line 731, in main
    hb = build_pool([genomes[best_i]], dev, seed=1)
         ^^^^^^^^^^^^^^^^^^^^^^^^^^^^^^^^^^^^^^^^^^
  File "/home/astarostin/projects/spiky/experiments/walker2d-lut/exp19_lut-lse-expmlpcrit-t32/distill/spiking/steady_state.py", line 369, in build_pool
    sp.add_connections(chunk, seed)
  File "/home/astarostin/projects/spiky/src/spiky/spnet/spnet.py", line 164, in add_connections
    self._neuron_data_manager.add_connections(
RuntimeError: CUDA runtime API error cudaErrorMemoryAllocation at /home/astarostin/projects/spiky/native/spiky/misc/misc.cpp:56

=== supervisor: launch #25 at 2280s ===
architecture: 17 in / 800 exc / 200 inh / 6 out, fan-outs {'fanout_e': 80, 'fanout_i': 20, 'fanout_inh': 100, 'fanout_in': 100, 'fanin_out': 100} (scale 1.0x)
RESUMED from results/ck_delay148.npz at round 300 (32 genomes, 300 rounds of history, rng restored)
steady state: pool K=32, cull M=8/round, alpha=0.3, grace=2 rounds, 81,068 synapses/genome, dev cuda
Traceback (most recent call last):
  File "/home/astarostin/projects/spiky/experiments/walker2d-lut/exp19_lut-lse-expmlpcrit-t32/distill/spiking/steady_state.py", line 742, in <module>
    main()
  File "/home/astarostin/projects/spiky/experiments/walker2d-lut/exp19_lut-lse-expmlpcrit-t32/distill/spiking/steady_state.py", line 731, in main
    hb = build_pool([genomes[best_i]], dev, seed=1)
         ^^^^^^^^^^^^^^^^^^^^^^^^^^^^^^^^^^^^^^^^^^
  File "/home/astarostin/projects/spiky/experiments/walker2d-lut/exp19_lut-lse-expmlpcrit-t32/distill/spiking/steady_state.py", line 369, in build_pool
    sp.add_connections(chunk, seed)
  File "/home/astarostin/projects/spiky/src/spiky/spnet/spnet.py", line 164, in add_connections
    self._neuron_data_manager.add_connections(
RuntimeError: CUDA runtime API error cudaErrorMemoryAllocation at /home/astarostin/projects/spiky/native/spiky/misc/misc.cpp:56

=== supervisor: launch #26 at 2285s ===
architecture: 17 in / 800 exc / 200 inh / 6 out, fan-outs {'fanout_e': 80, 'fanout_i': 20, 'fanout_inh': 100, 'fanout_in': 100, 'fanin_out': 100} (scale 1.0x)
RESUMED from results/ck_delay148.npz at round 300 (32 genomes, 300 rounds of history, rng restored)
steady state: pool K=32, cull M=8/round, alpha=0.3, grace=2 rounds, 81,068 synapses/genome, dev cuda
Traceback (most recent call last):
  File "/home/astarostin/projects/spiky/experiments/walker2d-lut/exp19_lut-lse-expmlpcrit-t32/distill/spiking/steady_state.py", line 742, in <module>
    main()
  File "/home/astarostin/projects/spiky/experiments/walker2d-lut/exp19_lut-lse-expmlpcrit-t32/distill/spiking/steady_state.py", line 731, in main
    hb = build_pool([genomes[best_i]], dev, seed=1)
         ^^^^^^^^^^^^^^^^^^^^^^^^^^^^^^^^^^^^^^^^^^
  File "/home/astarostin/projects/spiky/experiments/walker2d-lut/exp19_lut-lse-expmlpcrit-t32/distill/spiking/steady_state.py", line 369, in build_pool
    sp.add_connections(chunk, seed)
  File "/home/astarostin/projects/spiky/src/spiky/spnet/spnet.py", line 164, in add_connections
    self._neuron_data_manager.add_connections(
RuntimeError: CUDA runtime API error cudaErrorMemoryAllocation at /home/astarostin/projects/spiky/native/spiky/misc/misc.cpp:56

=== supervisor: launch #27 at 2290s ===
architecture: 17 in / 800 exc / 200 inh / 6 out, fan-outs {'fanout_e': 80, 'fanout_i': 20, 'fanout_inh': 100, 'fanout_in': 100, 'fanin_out': 100} (scale 1.0x)
RESUMED from results/ck_delay148.npz at round 300 (32 genomes, 300 rounds of history, rng restored)
steady state: pool K=32, cull M=8/round, alpha=0.3, grace=2 rounds, 81,068 synapses/genome, dev cuda
Traceback (most recent call last):
  File "/home/astarostin/projects/spiky/experiments/walker2d-lut/exp19_lut-lse-expmlpcrit-t32/distill/spiking/steady_state.py", line 742, in <module>
    main()
  File "/home/astarostin/projects/spiky/experiments/walker2d-lut/exp19_lut-lse-expmlpcrit-t32/distill/spiking/steady_state.py", line 731, in main
    hb = build_pool([genomes[best_i]], dev, seed=1)
         ^^^^^^^^^^^^^^^^^^^^^^^^^^^^^^^^^^^^^^^^^^
  File "/home/astarostin/projects/spiky/experiments/walker2d-lut/exp19_lut-lse-expmlpcrit-t32/distill/spiking/steady_state.py", line 369, in build_pool
    sp.add_connections(chunk, seed)
  File "/home/astarostin/projects/spiky/src/spiky/spnet/spnet.py", line 164, in add_connections
    self._neuron_data_manager.add_connections(
RuntimeError: CUDA runtime API error cudaErrorMemoryAllocation at /home/astarostin/projects/spiky/native/spiky/misc/misc.cpp:56

=== supervisor: launch #28 at 2295s ===
architecture: 17 in / 800 exc / 200 inh / 6 out, fan-outs {'fanout_e': 80, 'fanout_i': 20, 'fanout_inh': 100, 'fanout_in': 100, 'fanin_out': 100} (scale 1.0x)
RESUMED from results/ck_delay148.npz at round 300 (32 genomes, 300 rounds of history, rng restored)
steady state: pool K=32, cull M=8/round, alpha=0.3, grace=2 rounds, 81,068 synapses/genome, dev cuda
Traceback (most recent call last):
  File "/home/astarostin/projects/spiky/experiments/walker2d-lut/exp19_lut-lse-expmlpcrit-t32/distill/spiking/steady_state.py", line 742, in <module>
    main()
  File "/home/astarostin/projects/spiky/experiments/walker2d-lut/exp19_lut-lse-expmlpcrit-t32/distill/spiking/steady_state.py", line 731, in main
    hb = build_pool([genomes[best_i]], dev, seed=1)
         ^^^^^^^^^^^^^^^^^^^^^^^^^^^^^^^^^^^^^^^^^^
  File "/home/astarostin/projects/spiky/experiments/walker2d-lut/exp19_lut-lse-expmlpcrit-t32/distill/spiking/steady_state.py", line 369, in build_pool
    sp.add_connections(chunk, seed)
  File "/home/astarostin/projects/spiky/src/spiky/spnet/spnet.py", line 164, in add_connections
    self._neuron_data_manager.add_connections(
RuntimeError: CUDA runtime API error cudaErrorMemoryAllocation at /home/astarostin/projects/spiky/native/spiky/misc/misc.cpp:56

=== supervisor: launch #29 at 2300s ===
architecture: 17 in / 800 exc / 200 inh / 6 out, fan-outs {'fanout_e': 80, 'fanout_i': 20, 'fanout_inh': 100, 'fanout_in': 100, 'fanin_out': 100} (scale 1.0x)
RESUMED from results/ck_delay148.npz at round 300 (32 genomes, 300 rounds of history, rng restored)
steady state: pool K=32, cull M=8/round, alpha=0.3, grace=2 rounds, 81,068 synapses/genome, dev cuda
Traceback (most recent call last):
  File "/home/astarostin/projects/spiky/experiments/walker2d-lut/exp19_lut-lse-expmlpcrit-t32/distill/spiking/steady_state.py", line 742, in <module>
    main()
  File "/home/astarostin/projects/spiky/experiments/walker2d-lut/exp19_lut-lse-expmlpcrit-t32/distill/spiking/steady_state.py", line 731, in main
    hb = build_pool([genomes[best_i]], dev, seed=1)
         ^^^^^^^^^^^^^^^^^^^^^^^^^^^^^^^^^^^^^^^^^^
  File "/home/astarostin/projects/spiky/experiments/walker2d-lut/exp19_lut-lse-expmlpcrit-t32/distill/spiking/steady_state.py", line 369, in build_pool
    sp.add_connections(chunk, seed)
  File "/home/astarostin/projects/spiky/src/spiky/spnet/spnet.py", line 164, in add_connections
    self._neuron_data_manager.add_connections(
RuntimeError: CUDA runtime API error cudaErrorMemoryAllocation at /home/astarostin/projects/spiky/native/spiky/misc/misc.cpp:56

=== supervisor: launch #30 at 2305s ===
architecture: 17 in / 800 exc / 200 inh / 6 out, fan-outs {'fanout_e': 80, 'fanout_i': 20, 'fanout_inh': 100, 'fanout_in': 100, 'fanin_out': 100} (scale 1.0x)
RESUMED from results/ck_delay148.npz at round 300 (32 genomes, 300 rounds of history, rng restored)
steady state: pool K=32, cull M=8/round, alpha=0.3, grace=2 rounds, 81,068 synapses/genome, dev cuda
Traceback (most recent call last):
  File "/home/astarostin/projects/spiky/experiments/walker2d-lut/exp19_lut-lse-expmlpcrit-t32/distill/spiking/steady_state.py", line 742, in <module>
    main()
  File "/home/astarostin/projects/spiky/experiments/walker2d-lut/exp19_lut-lse-expmlpcrit-t32/distill/spiking/steady_state.py", line 731, in main
    hb = build_pool([genomes[best_i]], dev, seed=1)
         ^^^^^^^^^^^^^^^^^^^^^^^^^^^^^^^^^^^^^^^^^^
  File "/home/astarostin/projects/spiky/experiments/walker2d-lut/exp19_lut-lse-expmlpcrit-t32/distill/spiking/steady_state.py", line 369, in build_pool
    sp.add_connections(chunk, seed)
  File "/home/astarostin/projects/spiky/src/spiky/spnet/spnet.py", line 164, in add_connections
    self._neuron_data_manager.add_connections(
RuntimeError: CUDA runtime API error cudaErrorMemoryAllocation at /home/astarostin/projects/spiky/native/spiky/misc/misc.cpp:56

=== supervisor: launch #31 at 2310s ===
architecture: 17 in / 800 exc / 200 inh / 6 out, fan-outs {'fanout_e': 80, 'fanout_i': 20, 'fanout_inh': 100, 'fanout_in': 100, 'fanin_out': 100} (scale 1.0x)
RESUMED from results/ck_delay148.npz at round 300 (32 genomes, 300 rounds of history, rng restored)
steady state: pool K=32, cull M=8/round, alpha=0.3, grace=2 rounds, 81,068 synapses/genome, dev cuda
Traceback (most recent call last):
  File "/home/astarostin/projects/spiky/experiments/walker2d-lut/exp19_lut-lse-expmlpcrit-t32/distill/spiking/steady_state.py", line 742, in <module>
    main()
  File "/home/astarostin/projects/spiky/experiments/walker2d-lut/exp19_lut-lse-expmlpcrit-t32/distill/spiking/steady_state.py", line 731, in main
    hb = build_pool([genomes[best_i]], dev, seed=1)
         ^^^^^^^^^^^^^^^^^^^^^^^^^^^^^^^^^^^^^^^^^^
  File "/home/astarostin/projects/spiky/experiments/walker2d-lut/exp19_lut-lse-expmlpcrit-t32/distill/spiking/steady_state.py", line 369, in build_pool
    sp.add_connections(chunk, seed)
  File "/home/astarostin/projects/spiky/src/spiky/spnet/spnet.py", line 164, in add_connections
    self._neuron_data_manager.add_connections(
RuntimeError: CUDA runtime API error cudaErrorMemoryAllocation at /home/astarostin/projects/spiky/native/spiky/misc/misc.cpp:56

=== supervisor: launch #32 at 2315s ===
architecture: 17 in / 800 exc / 200 inh / 6 out, fan-outs {'fanout_e': 80, 'fanout_i': 20, 'fanout_inh': 100, 'fanout_in': 100, 'fanin_out': 100} (scale 1.0x)
RESUMED from results/ck_delay148.npz at round 300 (32 genomes, 300 rounds of history, rng restored)
steady state: pool K=32, cull M=8/round, alpha=0.3, grace=2 rounds, 81,068 synapses/genome, dev cuda
Traceback (most recent call last):
  File "/home/astarostin/projects/spiky/experiments/walker2d-lut/exp19_lut-lse-expmlpcrit-t32/distill/spiking/steady_state.py", line 742, in <module>
    main()
  File "/home/astarostin/projects/spiky/experiments/walker2d-lut/exp19_lut-lse-expmlpcrit-t32/distill/spiking/steady_state.py", line 731, in main
    hb = build_pool([genomes[best_i]], dev, seed=1)
         ^^^^^^^^^^^^^^^^^^^^^^^^^^^^^^^^^^^^^^^^^^
  File "/home/astarostin/projects/spiky/experiments/walker2d-lut/exp19_lut-lse-expmlpcrit-t32/distill/spiking/steady_state.py", line 369, in build_pool
    sp.add_connections(chunk, seed)
  File "/home/astarostin/projects/spiky/src/spiky/spnet/spnet.py", line 164, in add_connections
    self._neuron_data_manager.add_connections(
RuntimeError: CUDA runtime API error cudaErrorMemoryAllocation at /home/astarostin/projects/spiky/native/spiky/misc/misc.cpp:56

=== supervisor: launch #33 at 2320s ===
architecture: 17 in / 800 exc / 200 inh / 6 out, fan-outs {'fanout_e': 80, 'fanout_i': 20, 'fanout_inh': 100, 'fanout_in': 100, 'fanin_out': 100} (scale 1.0x)
RESUMED from results/ck_delay148.npz at round 300 (32 genomes, 300 rounds of history, rng restored)
steady state: pool K=32, cull M=8/round, alpha=0.3, grace=2 rounds, 81,068 synapses/genome, dev cuda
Traceback (most recent call last):
  File "/home/astarostin/projects/spiky/experiments/walker2d-lut/exp19_lut-lse-expmlpcrit-t32/distill/spiking/steady_state.py", line 742, in <module>
    main()
  File "/home/astarostin/projects/spiky/experiments/walker2d-lut/exp19_lut-lse-expmlpcrit-t32/distill/spiking/steady_state.py", line 731, in main
    hb = build_pool([genomes[best_i]], dev, seed=1)
         ^^^^^^^^^^^^^^^^^^^^^^^^^^^^^^^^^^^^^^^^^^
  File "/home/astarostin/projects/spiky/experiments/walker2d-lut/exp19_lut-lse-expmlpcrit-t32/distill/spiking/steady_state.py", line 369, in build_pool
    sp.add_connections(chunk, seed)
  File "/home/astarostin/projects/spiky/src/spiky/spnet/spnet.py", line 164, in add_connections
    self._neuron_data_manager.add_connections(
RuntimeError: CUDA runtime API error cudaErrorMemoryAllocation at /home/astarostin/projects/spiky/native/spiky/misc/misc.cpp:56

=== supervisor: launch #34 at 2325s ===
architecture: 17 in / 800 exc / 200 inh / 6 out, fan-outs {'fanout_e': 80, 'fanout_i': 20, 'fanout_inh': 100, 'fanout_in': 100, 'fanin_out': 100} (scale 1.0x)
RESUMED from results/ck_delay148.npz at round 300 (32 genomes, 300 rounds of history, rng restored)
steady state: pool K=32, cull M=8/round, alpha=0.3, grace=2 rounds, 81,068 synapses/genome, dev cuda
Traceback (most recent call last):
  File "/home/astarostin/projects/spiky/experiments/walker2d-lut/exp19_lut-lse-expmlpcrit-t32/distill/spiking/steady_state.py", line 742, in <module>
    main()
  File "/home/astarostin/projects/spiky/experiments/walker2d-lut/exp19_lut-lse-expmlpcrit-t32/distill/spiking/steady_state.py", line 731, in main
    hb = build_pool([genomes[best_i]], dev, seed=1)
         ^^^^^^^^^^^^^^^^^^^^^^^^^^^^^^^^^^^^^^^^^^
  File "/home/astarostin/projects/spiky/experiments/walker2d-lut/exp19_lut-lse-expmlpcrit-t32/distill/spiking/steady_state.py", line 369, in build_pool
    sp.add_connections(chunk, seed)
  File "/home/astarostin/projects/spiky/src/spiky/spnet/spnet.py", line 164, in add_connections
    self._neuron_data_manager.add_connections(
RuntimeError: CUDA runtime API error cudaErrorMemoryAllocation at /home/astarostin/projects/spiky/native/spiky/misc/misc.cpp:56

=== supervisor: launch #35 at 2330s ===
architecture: 17 in / 800 exc / 200 inh / 6 out, fan-outs {'fanout_e': 80, 'fanout_i': 20, 'fanout_inh': 100, 'fanout_in': 100, 'fanin_out': 100} (scale 1.0x)
RESUMED from results/ck_delay148.npz at round 300 (32 genomes, 300 rounds of history, rng restored)
steady state: pool K=32, cull M=8/round, alpha=0.3, grace=2 rounds, 81,068 synapses/genome, dev cuda
Traceback (most recent call last):
  File "/home/astarostin/projects/spiky/experiments/walker2d-lut/exp19_lut-lse-expmlpcrit-t32/distill/spiking/steady_state.py", line 742, in <module>
    main()
  File "/home/astarostin/projects/spiky/experiments/walker2d-lut/exp19_lut-lse-expmlpcrit-t32/distill/spiking/steady_state.py", line 731, in main
    hb = build_pool([genomes[best_i]], dev, seed=1)
         ^^^^^^^^^^^^^^^^^^^^^^^^^^^^^^^^^^^^^^^^^^
  File "/home/astarostin/projects/spiky/experiments/walker2d-lut/exp19_lut-lse-expmlpcrit-t32/distill/spiking/steady_state.py", line 369, in build_pool
    sp.add_connections(chunk, seed)
  File "/home/astarostin/projects/spiky/src/spiky/spnet/spnet.py", line 164, in add_connections
    self._neuron_data_manager.add_connections(
RuntimeError: CUDA runtime API error cudaErrorMemoryAllocation at /home/astarostin/projects/spiky/native/spiky/misc/misc.cpp:56

=== supervisor: launch #36 at 2335s ===
architecture: 17 in / 800 exc / 200 inh / 6 out, fan-outs {'fanout_e': 80, 'fanout_i': 20, 'fanout_inh': 100, 'fanout_in': 100, 'fanin_out': 100} (scale 1.0x)
RESUMED from results/ck_delay148.npz at round 300 (32 genomes, 300 rounds of history, rng restored)
steady state: pool K=32, cull M=8/round, alpha=0.3, grace=2 rounds, 81,068 synapses/genome, dev cuda
Traceback (most recent call last):
  File "/home/astarostin/projects/spiky/experiments/walker2d-lut/exp19_lut-lse-expmlpcrit-t32/distill/spiking/steady_state.py", line 742, in <module>
    main()
  File "/home/astarostin/projects/spiky/experiments/walker2d-lut/exp19_lut-lse-expmlpcrit-t32/distill/spiking/steady_state.py", line 731, in main
    hb = build_pool([genomes[best_i]], dev, seed=1)
         ^^^^^^^^^^^^^^^^^^^^^^^^^^^^^^^^^^^^^^^^^^
  File "/home/astarostin/projects/spiky/experiments/walker2d-lut/exp19_lut-lse-expmlpcrit-t32/distill/spiking/steady_state.py", line 369, in build_pool
    sp.add_connections(chunk, seed)
  File "/home/astarostin/projects/spiky/src/spiky/spnet/spnet.py", line 164, in add_connections
    self._neuron_data_manager.add_connections(
RuntimeError: CUDA runtime API error cudaErrorMemoryAllocation at /home/astarostin/projects/spiky/native/spiky/misc/misc.cpp:56

=== supervisor: launch #37 at 2340s ===
architecture: 17 in / 800 exc / 200 inh / 6 out, fan-outs {'fanout_e': 80, 'fanout_i': 20, 'fanout_inh': 100, 'fanout_in': 100, 'fanin_out': 100} (scale 1.0x)
RESUMED from results/ck_delay148.npz at round 300 (32 genomes, 300 rounds of history, rng restored)
steady state: pool K=32, cull M=8/round, alpha=0.3, grace=2 rounds, 81,068 synapses/genome, dev cuda
Traceback (most recent call last):
  File "/home/astarostin/projects/spiky/experiments/walker2d-lut/exp19_lut-lse-expmlpcrit-t32/distill/spiking/steady_state.py", line 742, in <module>
    main()
  File "/home/astarostin/projects/spiky/experiments/walker2d-lut/exp19_lut-lse-expmlpcrit-t32/distill/spiking/steady_state.py", line 731, in main
    hb = build_pool([genomes[best_i]], dev, seed=1)
         ^^^^^^^^^^^^^^^^^^^^^^^^^^^^^^^^^^^^^^^^^^
  File "/home/astarostin/projects/spiky/experiments/walker2d-lut/exp19_lut-lse-expmlpcrit-t32/distill/spiking/steady_state.py", line 369, in build_pool
    sp.add_connections(chunk, seed)
  File "/home/astarostin/projects/spiky/src/spiky/spnet/spnet.py", line 164, in add_connections
    self._neuron_data_manager.add_connections(
RuntimeError: CUDA runtime API error cudaErrorMemoryAllocation at /home/astarostin/projects/spiky/native/spiky/misc/misc.cpp:56

=== supervisor: launch #38 at 2345s ===
architecture: 17 in / 800 exc / 200 inh / 6 out, fan-outs {'fanout_e': 80, 'fanout_i': 20, 'fanout_inh': 100, 'fanout_in': 100, 'fanin_out': 100} (scale 1.0x)
RESUMED from results/ck_delay148.npz at round 300 (32 genomes, 300 rounds of history, rng restored)
steady state: pool K=32, cull M=8/round, alpha=0.3, grace=2 rounds, 81,068 synapses/genome, dev cuda
Traceback (most recent call last):
  File "/home/astarostin/projects/spiky/experiments/walker2d-lut/exp19_lut-lse-expmlpcrit-t32/distill/spiking/steady_state.py", line 742, in <module>
    main()
  File "/home/astarostin/projects/spiky/experiments/walker2d-lut/exp19_lut-lse-expmlpcrit-t32/distill/spiking/steady_state.py", line 731, in main
    hb = build_pool([genomes[best_i]], dev, seed=1)
         ^^^^^^^^^^^^^^^^^^^^^^^^^^^^^^^^^^^^^^^^^^
  File "/home/astarostin/projects/spiky/experiments/walker2d-lut/exp19_lut-lse-expmlpcrit-t32/distill/spiking/steady_state.py", line 369, in build_pool
    sp.add_connections(chunk, seed)
  File "/home/astarostin/projects/spiky/src/spiky/spnet/spnet.py", line 164, in add_connections
    self._neuron_data_manager.add_connections(
RuntimeError: CUDA runtime API error cudaErrorMemoryAllocation at /home/astarostin/projects/spiky/native/spiky/misc/misc.cpp:56

=== supervisor: launch #39 at 2350s ===
architecture: 17 in / 800 exc / 200 inh / 6 out, fan-outs {'fanout_e': 80, 'fanout_i': 20, 'fanout_inh': 100, 'fanout_in': 100, 'fanin_out': 100} (scale 1.0x)
RESUMED from results/ck_delay148.npz at round 300 (32 genomes, 300 rounds of history, rng restored)
steady state: pool K=32, cull M=8/round, alpha=0.3, grace=2 rounds, 81,068 synapses/genome, dev cuda
Traceback (most recent call last):
  File "/home/astarostin/projects/spiky/experiments/walker2d-lut/exp19_lut-lse-expmlpcrit-t32/distill/spiking/steady_state.py", line 742, in <module>
    main()
  File "/home/astarostin/projects/spiky/experiments/walker2d-lut/exp19_lut-lse-expmlpcrit-t32/distill/spiking/steady_state.py", line 731, in main
    hb = build_pool([genomes[best_i]], dev, seed=1)
         ^^^^^^^^^^^^^^^^^^^^^^^^^^^^^^^^^^^^^^^^^^
  File "/home/astarostin/projects/spiky/experiments/walker2d-lut/exp19_lut-lse-expmlpcrit-t32/distill/spiking/steady_state.py", line 369, in build_pool
    sp.add_connections(chunk, seed)
  File "/home/astarostin/projects/spiky/src/spiky/spnet/spnet.py", line 164, in add_connections
    self._neuron_data_manager.add_connections(
RuntimeError: CUDA runtime API error cudaErrorMemoryAllocation at /home/astarostin/projects/spiky/native/spiky/misc/misc.cpp:56

=== supervisor: launch #40 at 2355s ===
architecture: 17 in / 800 exc / 200 inh / 6 out, fan-outs {'fanout_e': 80, 'fanout_i': 20, 'fanout_inh': 100, 'fanout_in': 100, 'fanin_out': 100} (scale 1.0x)
RESUMED from results/ck_delay148.npz at round 300 (32 genomes, 300 rounds of history, rng restored)
steady state: pool K=32, cull M=8/round, alpha=0.3, grace=2 rounds, 81,068 synapses/genome, dev cuda
Traceback (most recent call last):
  File "/home/astarostin/projects/spiky/experiments/walker2d-lut/exp19_lut-lse-expmlpcrit-t32/distill/spiking/steady_state.py", line 742, in <module>
    main()
  File "/home/astarostin/projects/spiky/experiments/walker2d-lut/exp19_lut-lse-expmlpcrit-t32/distill/spiking/steady_state.py", line 731, in main
    hb = build_pool([genomes[best_i]], dev, seed=1)
         ^^^^^^^^^^^^^^^^^^^^^^^^^^^^^^^^^^^^^^^^^^
  File "/home/astarostin/projects/spiky/experiments/walker2d-lut/exp19_lut-lse-expmlpcrit-t32/distill/spiking/steady_state.py", line 369, in build_pool
    sp.add_connections(chunk, seed)
  File "/home/astarostin/projects/spiky/src/spiky/spnet/spnet.py", line 164, in add_connections
    self._neuron_data_manager.add_connections(
RuntimeError: CUDA runtime API error cudaErrorMemoryAllocation at /home/astarostin/projects/spiky/native/spiky/misc/misc.cpp:56
