Loading tokenizer from /home/astarostin/.cache/nanochat/tokenizer
FIXED EVAL: bs48 x 100 steps, skip 12 rows (val window independent of device_batch_size=12)
[learned_margin] layer 0: init g=0.0 beta=2.0 gamma=1.0 (g FROZEN; beta, gamma learnable) gain=1.0
[learned_margin] layer 1: init g=0.0 beta=2.0 gamma=1.0 (g FROZEN; beta, gamma learnable) gain=1.0
[learned_margin] layer 2: init g=0.0 beta=2.0 gamma=1.0 (g FROZEN; beta, gamma learnable) gain=1.0
[learned_margin] layer 3: init g=0.0 beta=2.0 gamma=1.0 (g FROZEN; beta, gamma learnable) gain=1.0
[learned_margin] layer 4: init g=0.0 beta=2.0 gamma=1.0 (g FROZEN; beta, gamma learnable) gain=1.0
[learned_margin] layer 5: init g=0.0 beta=2.0 gamma=1.0 (g FROZEN; beta, gamma learnable) gain=1.0
MinimalGPT depth=6 dim=384 heads=6 seq=512 | ffn=compression tie=False | params=67,351,698
Tokens/micro-batch: 6,144 | grad_accum: 4 | effective batch: 24,576 tokens
wandb: [wandb.login()] Loaded credentials for http://<WANDB_HOST> from /home/astarostin/.netrc.
wandb: Currently logged in as: <WANDB_ENTITY> to http://<WANDB_HOST>. Use `wandb login --relogin` to force relogin
wandb: setting up run exp_n_abl_21_light_hard_fixed_seed1
wandb: Tracking run with wandb version 0.30.0
wandb: Run data is saved locally in /home/astarostin/.cache/wandb/wandb/run-20260914_110230-exp_n_abl_21_light_hard_fixed_seed1
wandb: Run `wandb offline` to turn off syncing.
wandb: Syncing run exp_n_abl_21_light_hard_fixed_seed1
wandb: ⭐️ View project at http://<WANDB_HOST>/<WANDB_ENTITY>/Spiky
wandb: 🚀 View run at http://<WANDB_HOST>/<WANDB_ENTITY>/Spiky/runs/exp_n_abl_21_light_hard_fixed_seed1
[wandb] online: run exp_n_abl_21_light_hard_fixed_seed1 -> /home/astarostin/.cache/wandb/wandb/run-20260914_110230-exp_n_abl_21_light_hard_fixed_seed1/files
/home/astarostin/projects/spiky/.venv/lib/python3.12/site-packages/torch/_dynamo/variables/functions.py:2431: UserWarning: Dynamo does not know how to trace the builtin `lutorch_cuda.pybind11_detail_function_record_v1_system_libstdcpp_gxx_abi_1xxx_use_cxx11_abi_1.anchor_pairs_lookup_eval_forward_msb.` This function is either a Python builtin (e.g. _warnings.warn) or a third-party C/C++ Python extension (perhaps created with pybind).
If it is a Python builtin, please file an issue on GitHub so the PyTorch team can add support for it and see the next case for a workaround.
If it is a third-party C/C++ Python extension, please either wrap it into a PyTorch-understood custom operator (see https://pytorch.org/tutorials/advanced/custom_ops_landing_page.html for more details) or, if it is traceable, use `torch.compiler.allow_in_graph`.
  torch._dynamo.utils.warn_once(explanation + "\n" + "\n".join(hints))
step      1 | loss=10.4804 | lr=1.87e-07
step    100 | loss=10.1234 | lr=1.87e-05
step    200 | loss=9.3909 | lr=3.75e-05
step    300 | loss=8.4546 | lr=5.62e-05
step    400 | loss=7.6559 | lr=7.50e-05
step    500 | loss=7.0972 | lr=9.37e-05
[VAL] step 500: bpb=2.0271
step    600 | loss=6.7010 | lr=1.12e-04
step    700 | loss=6.4299 | lr=1.31e-04
step    800 | loss=6.2455 | lr=1.50e-04
step    900 | loss=6.0808 | lr=1.69e-04
step   1000 | loss=5.9526 | lr=1.87e-04
[VAL] step 1000: bpb=1.7786
step   1100 | loss=5.8321 | lr=2.06e-04
step   1200 | loss=5.7218 | lr=2.25e-04
step   1300 | loss=5.6209 | lr=2.44e-04
step   1400 | loss=5.5284 | lr=2.62e-04
step   1500 | loss=5.4426 | lr=2.81e-04
[VAL] step 1500: bpb=1.6371
step   1600 | loss=5.3727 | lr=3.00e-04
step   1700 | loss=5.2898 | lr=3.00e-04
step   1800 | loss=5.2146 | lr=3.00e-04
step   1900 | loss=5.1426 | lr=3.00e-04
step   2000 | loss=5.0856 | lr=2.99e-04
[VAL] step 2000: bpb=1.5377
step   2100 | loss=5.0289 | lr=2.99e-04
step   2200 | loss=4.9832 | lr=2.99e-04
step   2300 | loss=4.9418 | lr=2.98e-04
step   2400 | loss=4.8995 | lr=2.98e-04
step   2500 | loss=4.8551 | lr=2.97e-04
[VAL] step 2500: bpb=1.4751
step   2600 | loss=4.8115 | lr=2.97e-04
step   2700 | loss=4.7784 | lr=2.96e-04
step   2800 | loss=4.7372 | lr=2.95e-04
step   2900 | loss=4.6990 | lr=2.95e-04
step   3000 | loss=4.6697 | lr=2.94e-04
[VAL] step 3000: bpb=1.4196
step   3100 | loss=4.6482 | lr=2.93e-04
step   3200 | loss=4.6169 | lr=2.92e-04
step   3300 | loss=4.5784 | lr=2.91e-04
step   3400 | loss=4.5557 | lr=2.90e-04
step   3500 | loss=4.5248 | lr=2.89e-04
[VAL] step 3500: bpb=1.3799
step   3600 | loss=4.5022 | lr=2.87e-04
step   3700 | loss=4.4842 | lr=2.86e-04
step   3800 | loss=4.4781 | lr=2.85e-04
step   3900 | loss=4.4593 | lr=2.83e-04
step   4000 | loss=4.4386 | lr=2.82e-04
[VAL] step 4000: bpb=1.3523
[CKPT] step 4000: wrote checkpoint_step4000.pt
step   4100 | loss=4.4174 | lr=2.80e-04
step   4200 | loss=4.3992 | lr=2.79e-04
step   4300 | loss=4.3832 | lr=2.77e-04
step   4400 | loss=4.3708 | lr=2.76e-04
step   4500 | loss=4.3608 | lr=2.74e-04
[VAL] step 4500: bpb=1.3316
step   4600 | loss=4.3544 | lr=2.72e-04
step   4700 | loss=4.3383 | lr=2.70e-04
step   4800 | loss=4.3253 | lr=2.68e-04
step   4900 | loss=4.3117 | lr=2.66e-04
step   5000 | loss=4.3112 | lr=2.65e-04
[VAL] step 5000: bpb=1.3140
step   5100 | loss=4.2961 | lr=2.63e-04
step   5200 | loss=4.2991 | lr=2.60e-04
step   5300 | loss=4.3017 | lr=2.58e-04
step   5400 | loss=4.2983 | lr=2.56e-04
step   5500 | loss=4.2743 | lr=2.54e-04
[VAL] step 5500: bpb=1.3000
step   5600 | loss=4.2554 | lr=2.52e-04
step   5700 | loss=4.2402 | lr=2.49e-04
step   5800 | loss=4.2284 | lr=2.47e-04
step   5900 | loss=4.2195 | lr=2.45e-04
step   6000 | loss=4.2165 | lr=2.42e-04
[VAL] step 6000: bpb=1.2882
step   6100 | loss=4.2091 | lr=2.40e-04
step   6200 | loss=4.2043 | lr=2.38e-04
step   6300 | loss=4.1923 | lr=2.35e-04
step   6400 | loss=4.1863 | lr=2.32e-04
step   6500 | loss=4.1867 | lr=2.30e-04
[VAL] step 6500: bpb=1.2788
step   6600 | loss=4.1729 | lr=2.27e-04
step   6700 | loss=4.1687 | lr=2.25e-04
step   6800 | loss=4.1724 | lr=2.22e-04
step   6900 | loss=4.1586 | lr=2.19e-04
step   7000 | loss=4.1429 | lr=2.17e-04
[VAL] step 7000: bpb=1.2696
step   7100 | loss=4.1266 | lr=2.14e-04
step   7200 | loss=4.1200 | lr=2.11e-04
step   7300 | loss=4.1233 | lr=2.08e-04
step   7400 | loss=4.1230 | lr=2.06e-04
step   7500 | loss=4.1152 | lr=2.03e-04
[VAL] step 7500: bpb=1.2610
step   7600 | loss=4.1064 | lr=2.00e-04
step   7700 | loss=4.0908 | lr=1.97e-04
step   7800 | loss=4.0887 | lr=1.94e-04
step   7900 | loss=4.0875 | lr=1.91e-04
step   8000 | loss=4.0813 | lr=1.88e-04
[VAL] step 8000: bpb=1.2547
[CKPT] step 8000: wrote checkpoint_step8000.pt
step   8100 | loss=4.0746 | lr=1.86e-04
step   8200 | loss=4.0772 | lr=1.83e-04
step   8300 | loss=4.0790 | lr=1.80e-04
step   8400 | loss=4.0645 | lr=1.77e-04
step   8500 | loss=4.0527 | lr=1.74e-04
[VAL] step 8500: bpb=1.2473
step   8600 | loss=4.0501 | lr=1.71e-04
step   8700 | loss=4.0431 | lr=1.68e-04
step   8800 | loss=4.0405 | lr=1.65e-04
step   8900 | loss=4.0410 | lr=1.62e-04
step   9000 | loss=4.0457 | lr=1.59e-04
[VAL] step 9000: bpb=1.2419
step   9100 | loss=4.0311 | lr=1.56e-04
step   9200 | loss=4.0292 | lr=1.53e-04
step   9300 | loss=4.0175 | lr=1.50e-04
step   9400 | loss=4.0137 | lr=1.47e-04
step   9500 | loss=4.0071 | lr=1.44e-04
[VAL] step 9500: bpb=1.2367
step   9600 | loss=4.0099 | lr=1.42e-04
step   9700 | loss=4.0072 | lr=1.39e-04
step   9800 | loss=4.0131 | lr=1.36e-04
step   9900 | loss=3.9991 | lr=1.33e-04
step  10000 | loss=3.9929 | lr=1.30e-04
[VAL] step 10000: bpb=1.2320
step  10100 | loss=3.9898 | lr=1.27e-04
step  10200 | loss=3.9894 | lr=1.24e-04
step  10300 | loss=3.9816 | lr=1.22e-04
step  10400 | loss=4.0026 | lr=1.19e-04
step  10500 | loss=4.0021 | lr=1.16e-04
[VAL] step 10500: bpb=1.2270
step  10600 | loss=4.0061 | lr=1.13e-04
step  10700 | loss=3.9737 | lr=1.11e-04
step  10800 | loss=3.9714 | lr=1.08e-04
step  10900 | loss=3.9637 | lr=1.05e-04
step  11000 | loss=3.9468 | lr=1.03e-04
[VAL] step 11000: bpb=1.2225
step  11100 | loss=3.9513 | lr=1.00e-04
step  11200 | loss=3.9523 | lr=9.75e-05
step  11300 | loss=3.9513 | lr=9.50e-05
step  11400 | loss=3.9521 | lr=9.25e-05
step  11500 | loss=3.9377 | lr=9.00e-05
[VAL] step 11500: bpb=1.2192
step  11600 | loss=3.9381 | lr=8.76e-05
step  11700 | loss=3.9425 | lr=8.52e-05
step  11800 | loss=3.9359 | lr=8.28e-05
step  11900 | loss=3.9369 | lr=8.05e-05
step  12000 | loss=3.9310 | lr=7.82e-05
[VAL] step 12000: bpb=1.2159
[CKPT] step 12000: wrote checkpoint_step12000.pt
step  12100 | loss=3.9267 | lr=7.60e-05
step  12200 | loss=3.9142 | lr=7.38e-05
step  12300 | loss=3.9067 | lr=7.16e-05
step  12400 | loss=3.9073 | lr=6.95e-05
step  12500 | loss=3.9084 | lr=6.75e-05
[VAL] step 12500: bpb=1.2129
step  12600 | loss=3.9058 | lr=6.55e-05
step  12700 | loss=3.9059 | lr=6.35e-05
step  12800 | loss=3.8989 | lr=6.16e-05
step  12900 | loss=3.8898 | lr=5.97e-05
step  13000 | loss=3.8950 | lr=5.79e-05
[VAL] step 13000: bpb=1.2104
step  13100 | loss=3.8859 | lr=5.61e-05
step  13200 | loss=3.8867 | lr=5.44e-05
step  13300 | loss=3.8870 | lr=5.28e-05
step  13400 | loss=3.8917 | lr=5.11e-05
step  13500 | loss=3.8931 | lr=4.96e-05
[VAL] step 13500: bpb=1.2079
step  13600 | loss=3.8844 | lr=4.81e-05
step  13700 | loss=3.8747 | lr=4.66e-05
step  13800 | loss=3.8747 | lr=4.53e-05
step  13900 | loss=3.8715 | lr=4.39e-05
step  14000 | loss=3.8749 | lr=4.26e-05
[VAL] step 14000: bpb=1.2062
step  14100 | loss=3.8762 | lr=4.14e-05
step  14200 | loss=3.8804 | lr=4.03e-05
step  14300 | loss=3.8754 | lr=3.92e-05
step  14400 | loss=3.8693 | lr=3.81e-05
step  14500 | loss=3.8607 | lr=3.72e-05
[VAL] step 14500: bpb=1.2047
step  14600 | loss=3.8582 | lr=3.62e-05
step  14700 | loss=3.8527 | lr=3.54e-05
step  14800 | loss=3.8610 | lr=3.46e-05
step  14900 | loss=3.8645 | lr=3.39e-05
step  15000 | loss=3.8657 | lr=3.32e-05
[VAL] step 15000: bpb=1.2033
step  15100 | loss=3.8565 | lr=3.26e-05
step  15200 | loss=3.8535 | lr=3.21e-05
step  15300 | loss=3.8552 | lr=3.16e-05
step  15400 | loss=3.8629 | lr=3.12e-05
step  15500 | loss=3.8571 | lr=3.08e-05
[VAL] step 15500: bpb=1.2024
step  15600 | loss=3.8867 | lr=3.05e-05
step  15700 | loss=3.8804 | lr=3.03e-05
step  15800 | loss=3.8745 | lr=3.01e-05
step  15900 | loss=3.8510 | lr=3.00e-05
step  16000 | loss=3.8519 | lr=3.00e-05
[VAL] step 16000: bpb=1.2016

=== DONE ===
{
  "exp_name": "exp_n_abl_21_light_hard_fixed_seed1",
  "best_val_bpb": 1.2016206902965403,
  "final_val_bpb": 1.2016206902965403,
  "total_params": 67351698,
  "training_time_hours": 1.149,
  "eval_protocol": {
    "eval_batch_size": 48,
    "eval_steps": 100,
    "skip_rows": 12,
    "batch_size_independent": true
  },
  "learned_confidence": {
    "form": "learned_margin",
    "score": "exp(g) * sum|d| * prod sigmoid(beta |d|) ** gamma",
    "init_per_layer": [
      {
        "g": 0.0,
        "beta": 2.0,
        "gamma": 1.0
      },
      {
        "g": 0.0,
        "beta": 2.0,
        "gamma": 1.0
      },
      {
        "g": 0.0,
        "beta": 2.0,
        "gamma": 1.0
      },
      {
        "g": 0.0,
        "beta": 2.0,
        "gamma": 1.0
      },
      {
        "g": 0.0,
        "beta": 2.0,
        "gamma": 1.0
      },
      {
        "g": 0.0,
        "beta": 2.0,
        "gamma": 1.0
      }
    ],
    "final_per_layer": [
      {
        "g": 0.0,
        "beta": 1.4686682224273682,
        "gamma": 3.8572840690612793
      },
      {
        "g": 0.0,
        "beta": 4.130408763885498,
        "gamma": 1.9482316970825195
      },
      {
        "g": 0.0,
        "beta": 6.4002580642700195,
        "gamma": 0.5749838948249817
      },
      {
        "g": 0.0,
        "beta": 6.573970794677734,
        "gamma": 0.5409348011016846
      },
      {
        "g": 0.0,
        "beta": 7.149255275726318,
        "gamma": 0.34337541460990906
      },
      {
        "g": 0.0,
        "beta": 5.674344539642334,
        "gamma": 0.37140217423439026
      }
    ]
  }
}
wandb: updating run metadata
wandb: uploading wandb-summary.json; uploading config.yaml
wandb: 
wandb: Run history:
wandb: lm_beta_L0 ▆▆▇██▇▆▅▄▃▂▂▁▁▁▁▁▁▁▁▁▁▁▁▁▁▂▂▂▂▂▂
wandb: lm_beta_L1 ▁▁▁▂▃▄▄▅▅▆▆▆▆▇▇▇▇▇▇▇▇▇▇▇▇███████
wandb: lm_beta_L2 ▁▁▁▂▂▃▃▄▄▅▅▅▅▆▆▆▆▇▇▇▇▇▇▇████████
wandb: lm_beta_L3 ▁▁▁▂▂▃▃▄▄▄▅▅▅▅▆▆▆▆▆▇▇▇▇▇▇███████
wandb: lm_beta_L4 ▁▁▁▂▂▃▃▄▄▄▅▅▅▅▆▆▆▆▇▇▇▇▇▇▇███████
wandb: lm_beta_L5 ▁▁▁▂▂▃▃▃▄▄▅▅▅▆▆▆▆▇▇▇▇▇▇█████████
wandb:    lm_g_L0 ▁▁▁▁▁▁▁▁▁▁▁▁▁▁▁▁▁▁▁▁▁▁▁▁▁▁▁▁▁▁▁▁
wandb:    lm_g_L1 ▁▁▁▁▁▁▁▁▁▁▁▁▁▁▁▁▁▁▁▁▁▁▁▁▁▁▁▁▁▁▁▁
wandb:    lm_g_L2 ▁▁▁▁▁▁▁▁▁▁▁▁▁▁▁▁▁▁▁▁▁▁▁▁▁▁▁▁▁▁▁▁
wandb:    lm_g_L3 ▁▁▁▁▁▁▁▁▁▁▁▁▁▁▁▁▁▁▁▁▁▁▁▁▁▁▁▁▁▁▁▁
wandb:        +39 ...
wandb: 
wandb: Run summary:
wandb:  best_val_bpb 1.20162
wandb:      exp_name exp_n_abl_21_light_h...
wandb: final_val_bpb 1.20162
wandb:    lm_beta_L0 1.46867
wandb:    lm_beta_L1 4.13041
wandb:    lm_beta_L2 6.40026
wandb:    lm_beta_L3 6.57397
wandb:    lm_beta_L4 7.14926
wandb:    lm_beta_L5 5.67434
wandb:       lm_g_L0 0
wandb:           +44 ...
wandb: 
wandb: 🚀 View run exp_n_abl_21_light_hard_fixed_seed1 at: http://<WANDB_HOST>/<WANDB_ENTITY>/Spiky/runs/exp_n_abl_21_light_hard_fixed_seed1
wandb: ⭐️ View project at: http://<WANDB_HOST>/<WANDB_ENTITY>/Spiky
wandb: Synced 5 W&B file(s), 0 media file(s), 0 artifact file(s) and 0 other file(s)
wandb: Find logs at: /home/astarostin/.cache/wandb/wandb/run-20260914_110230-exp_n_abl_21_light_hard_fixed_seed1/logs
[wandb] finished in 0.8s
