BIT task: target = 1[ x_norm[0] > x_norm[16] ]  P(1) train 0.4796  held-out 0.5080
RANDOM init: 512 independent genomes, 6 exc + 2 inh active (E-frac 0.750), ~86 synapses each
r   0  fit   0.156  mse   0.156  neurons  8.00 (min 8 max 8)  syn   86.3  held-out best   0.176  [   1.4s]
r  25  fit   0.147  mse   0.147  neurons  8.00 (min 8 max 8)  syn   84.0  held-out best   0.201  [  17.5s]
r  50  fit   0.142  mse   0.142  neurons  8.00 (min 8 max 8)  syn   83.6  held-out best   0.201  [  33.4s]
r  75  fit   0.132  mse   0.132  neurons  8.00 (min 8 max 8)  syn   84.1  held-out best   0.168  [  49.2s]
r 100  fit   0.127  mse   0.127  neurons  8.00 (min 8 max 8)  syn   84.4  held-out best   0.168  [  65.1s]
r 125  fit   0.129  mse   0.129  neurons  8.00 (min 8 max 8)  syn   84.0  held-out best   0.168  [  80.8s]
r 150  fit   0.134  mse   0.134  neurons  8.00 (min 8 max 8)  syn   85.0  held-out best   0.168  [  97.0s]
r 175  fit   0.132  mse   0.132  neurons  8.00 (min 8 max 8)  syn   83.9  held-out best   0.168  [ 112.6s]
r 200  fit   0.127  mse   0.127  neurons  8.00 (min 8 max 8)  syn   83.8  held-out best   0.168  [ 128.5s]
r 225  fit   0.143  mse   0.143  neurons  8.00 (min 8 max 8)  syn   84.9  held-out best   0.166  [ 144.7s]
r 250  fit   0.134  mse   0.134  neurons  8.00 (min 8 max 8)  syn   84.2  held-out best   0.166  [ 160.7s]
r 275  fit   0.122  mse   0.122  neurons  8.00 (min 8 max 8)  syn   84.2  held-out best   0.166  [ 176.8s]
r 300  fit   0.127  mse   0.127  neurons  8.00 (min 8 max 8)  syn   83.6  held-out best   0.166  [ 192.8s]
r 325  fit   0.139  mse   0.139  neurons  8.00 (min 8 max 8)  syn   83.4  held-out best   0.166  [ 209.1s]
r 350  fit   0.138  mse   0.138  neurons  8.00 (min 8 max 8)  syn   83.8  held-out best   0.166  [ 225.5s]
r 375  fit   0.131  mse   0.131  neurons  8.00 (min 8 max 8)  syn   83.4  held-out best   0.166  [ 241.6s]
r 400  fit   0.122  mse   0.122  neurons  8.00 (min 8 max 8)  syn   83.6  held-out best   0.143  [ 258.2s]
r 425  fit   0.136  mse   0.136  neurons  8.00 (min 8 max 8)  syn   84.0  held-out best   0.144  [ 274.7s]
r 450  fit   0.121  mse   0.121  neurons  8.00 (min 8 max 8)  syn   83.7  held-out best   0.136  [ 291.2s]
r 475  fit   0.107  mse   0.107  neurons  8.00 (min 8 max 8)  syn   83.0  held-out best   0.136  [ 307.6s]
r 500  fit   0.104  mse   0.104  neurons  8.00 (min 8 max 8)  syn   82.7  held-out best   0.120  [ 324.5s]
r 525  fit   0.105  mse   0.105  neurons  8.00 (min 8 max 8)  syn   82.7  held-out best   0.118  [ 340.7s]
r 550  fit   0.100  mse   0.100  neurons  8.00 (min 8 max 8)  syn   82.9  held-out best   0.117  [ 356.8s]
r 575  fit   0.105  mse   0.105  neurons  8.00 (min 8 max 8)  syn   83.2  held-out best   0.117  [ 373.0s]
r 600  fit   0.106  mse   0.106  neurons  8.00 (min 8 max 8)  syn   84.1  held-out best   0.117  [ 389.1s]
r 625  fit   0.089  mse   0.089  neurons  8.00 (min 8 max 8)  syn   83.7  held-out best   0.112  [ 405.2s]
r 650  fit   0.100  mse   0.100  neurons  8.00 (min 8 max 8)  syn   82.9  held-out best   0.112  [ 421.6s]
r 675  fit   0.096  mse   0.096  neurons  8.00 (min 8 max 8)  syn   83.6  held-out best   0.112  [ 437.7s]
r 700  fit   0.101  mse   0.101  neurons  8.00 (min 8 max 8)  syn   83.5  held-out best   0.113  [ 454.3s]
r 725  fit   0.093  mse   0.093  neurons  8.00 (min 8 max 8)  syn   83.4  held-out best   0.113  [ 470.3s]
r 750  fit   0.092  mse   0.092  neurons  8.00 (min 8 max 8)  syn   83.7  held-out best   0.113  [ 486.4s]
r 775  fit   0.099  mse   0.099  neurons  8.00 (min 8 max 8)  syn   84.0  held-out best   0.113  [ 502.5s]
r 800  fit   0.087  mse   0.087  neurons  8.00 (min 8 max 8)  syn   84.8  held-out best   0.122  [ 519.0s]
r 825  fit   0.092  mse   0.092  neurons  8.00 (min 8 max 8)  syn   86.2  held-out best   0.122  [ 535.4s]
r 850  fit   0.098  mse   0.098  neurons  8.00 (min 8 max 8)  syn   85.9  held-out best   0.122  [ 551.9s]
r 875  fit   0.092  mse   0.092  neurons  8.00 (min 8 max 8)  syn   86.7  held-out best   0.122  [ 568.4s]
r 900  fit   0.094  mse   0.094  neurons  8.00 (min 8 max 8)  syn   86.1  held-out best   0.122  [ 585.0s]
r 925  fit   0.088  mse   0.088  neurons  8.00 (min 8 max 8)  syn   86.5  held-out best   0.122  [ 601.5s]
r 950  fit   0.093  mse   0.093  neurons  8.00 (min 8 max 8)  syn   86.5  held-out best   0.113  [ 618.4s]
r 975  fit   0.093  mse   0.093  neurons  8.00 (min 8 max 8)  syn   86.5  held-out best   0.113  [ 634.8s]
r1000  fit   0.078  mse   0.078  neurons  8.00 (min 8 max 8)  syn   86.7  held-out best   0.113  [ 651.4s]
r1025  fit   0.090  mse   0.090  neurons  8.00 (min 8 max 8)  syn   86.9  held-out best   0.113  [ 667.9s]
r1050  fit   0.103  mse   0.103  neurons  8.00 (min 8 max 8)  syn   86.4  held-out best   0.113  [ 684.1s]
r1075  fit   0.093  mse   0.093  neurons  8.00 (min 8 max 8)  syn   87.2  held-out best   0.113  [ 700.6s]
r1100  fit   0.092  mse   0.092  neurons  8.00 (min 8 max 8)  syn   87.8  held-out best   0.113  [ 717.5s]
r1125  fit   0.089  mse   0.089  neurons  8.00 (min 8 max 8)  syn   88.3  held-out best   0.113  [ 734.0s]
r1150  fit   0.104  mse   0.104  neurons  8.00 (min 8 max 8)  syn   87.9  held-out best   0.113  [ 750.7s]
r1175  fit   0.100  mse   0.100  neurons  8.00 (min 8 max 8)  syn   87.7  held-out best   0.113  [ 767.2s]
r1200  fit   0.092  mse   0.092  neurons  8.00 (min 8 max 8)  syn   88.0  held-out best   0.113  [ 783.9s]
r1225  fit   0.093  mse   0.093  neurons  8.00 (min 8 max 8)  syn   88.3  held-out best   0.113  [ 800.3s]
r1250  fit   0.089  mse   0.089  neurons  8.00 (min 8 max 8)  syn   87.7  held-out best   0.113  [ 817.1s]
r1275  fit   0.088  mse   0.088  neurons  8.00 (min 8 max 8)  syn   87.4  held-out best   0.113  [ 833.9s]
r1300  fit   0.087  mse   0.087  neurons  8.00 (min 8 max 8)  syn   87.3  held-out best   0.113  [ 850.4s]
r1325  fit   0.076  mse   0.076  neurons  8.00 (min 8 max 8)  syn   86.8  held-out best   0.113  [ 867.1s]
r1350  fit   0.087  mse   0.087  neurons  8.00 (min 8 max 8)  syn   86.2  held-out best   0.113  [ 883.8s]
r1375  fit   0.099  mse   0.099  neurons  8.00 (min 8 max 8)  syn   86.4  held-out best   0.113  [ 900.2s]
r1400  fit   0.096  mse   0.096  neurons  8.00 (min 8 max 8)  syn   86.3  held-out best   0.113  [ 916.7s]
r1425  fit   0.087  mse   0.087  neurons  8.00 (min 8 max 8)  syn   86.2  held-out best   0.113  [ 933.1s]
r1450  fit   0.081  mse   0.081  neurons  8.00 (min 8 max 8)  syn   85.7  held-out best   0.113  [ 949.8s]
r1475  fit   0.089  mse   0.089  neurons  8.00 (min 8 max 8)  syn   85.5  held-out best   0.113  [ 966.1s]
r1500  fit   0.098  mse   0.098  neurons  8.00 (min 8 max 8)  syn   84.9  held-out best   0.113  [ 982.4s]
r1525  fit   0.088  mse   0.088  neurons  8.00 (min 8 max 8)  syn   85.6  held-out best   0.113  [ 998.7s]
r1550  fit   0.092  mse   0.092  neurons  8.00 (min 8 max 8)  syn   85.4  held-out best   0.113  [1015.3s]
r1575  fit   0.096  mse   0.096  neurons  8.00 (min 8 max 8)  syn   84.8  held-out best   0.113  [1031.7s]
r1600  fit   0.094  mse   0.094  neurons  8.00 (min 8 max 8)  syn   84.8  held-out best   0.113  [1048.2s]
r1625  fit   0.097  mse   0.097  neurons  8.00 (min 8 max 8)  syn   84.2  held-out best   0.112  [1064.6s]
r1650  fit   0.093  mse   0.093  neurons  8.00 (min 8 max 8)  syn   84.9  held-out best   0.112  [1081.4s]
r1675  fit   0.085  mse   0.085  neurons  8.00 (min 8 max 8)  syn   85.0  held-out best   0.112  [1097.7s]
r1699  fit   0.089  mse   0.089  neurons  8.00 (min 8 max 8)  syn   85.1  held-out best   0.112  [1113.7s]
DONE: held-out MSE 0.112 vs constant 0.250 (18.6 min)
