Loading tokenizer from /home/starost/.cache/nanochat/tokenizer
Vocab size: 32768, BOS id: 32759
Total params (all fp32): 618,497,542
Q/K Joint MHLut: in_nap=8 tph=384 d_qk=64 (n_outputs=2*d_qk=128)
V MHLut:         in_nap=8 tph=256 d_v=32 (n_outputs=d_v)
out_proj MHLut:  in_nap=6 tph=3056 (n_outputs=E=64) + LayerNorm
Tokens/micro-batch: 4,096 | grad_accum: 1 | effective batch: 4,096 tokens
step      1 | loss=10.5491 | lr=3.75e-07
step    100 | loss=9.9115 | lr=3.75e-05
step    200 | loss=8.9645 | lr=7.50e-05
[VAL] step 200: bpb=2.4455
step    300 | loss=8.0716 | lr=1.12e-04
step    400 | loss=7.4836 | lr=1.50e-04
[VAL] step 400: bpb=2.1518
step    500 | loss=7.1090 | lr=1.87e-04
step    600 | loss=6.9162 | lr=2.25e-04
[VAL] step 600: bpb=2.0607
step    700 | loss=6.7932 | lr=2.62e-04
step    800 | loss=6.6961 | lr=3.00e-04
[VAL] step 800: bpb=2.0257
step    900 | loss=6.6268 | lr=3.00e-04
step   1000 | loss=6.5722 | lr=2.99e-04
[VAL] step 1000: bpb=1.9890
step   1100 | loss=6.5274 | lr=2.99e-04
step   1200 | loss=6.4829 | lr=2.98e-04
[VAL] step 1200: bpb=1.9648
step   1300 | loss=6.4212 | lr=2.97e-04
step   1400 | loss=6.3873 | lr=2.95e-04
[VAL] step 1400: bpb=1.9373
step   1500 | loss=6.3450 | lr=2.94e-04
step   1600 | loss=6.2748 | lr=2.92e-04
[VAL] step 1600: bpb=1.9089
step   1700 | loss=6.2430 | lr=2.90e-04
step   1800 | loss=6.2128 | lr=2.87e-04
[VAL] step 1800: bpb=1.8899
step   1900 | loss=6.1829 | lr=2.85e-04
step   2000 | loss=6.1489 | lr=2.82e-04
[VAL] step 2000: bpb=1.8734
step   2100 | loss=6.1044 | lr=2.79e-04
step   2200 | loss=6.0785 | lr=2.76e-04
[VAL] step 2200: bpb=1.8573
step   2300 | loss=6.0547 | lr=2.72e-04
step   2400 | loss=6.0445 | lr=2.68e-04
[VAL] step 2400: bpb=1.8441
step   2500 | loss=6.0245 | lr=2.65e-04
step   2600 | loss=6.0077 | lr=2.60e-04
[VAL] step 2600: bpb=1.8302
step   2700 | loss=5.9743 | lr=2.56e-04
step   2800 | loss=5.9623 | lr=2.52e-04
[VAL] step 2800: bpb=1.8202
step   2900 | loss=5.9340 | lr=2.47e-04
step   3000 | loss=5.9233 | lr=2.42e-04
[VAL] step 3000: bpb=1.8087
step   3100 | loss=5.9071 | lr=2.38e-04
step   3200 | loss=5.8974 | lr=2.32e-04
[VAL] step 3200: bpb=1.7999
step   3300 | loss=5.8854 | lr=2.27e-04
step   3400 | loss=5.8478 | lr=2.22e-04
[VAL] step 3400: bpb=1.7910
step   3500 | loss=5.8395 | lr=2.17e-04
step   3600 | loss=5.8477 | lr=2.11e-04
[VAL] step 3600: bpb=1.7849
step   3700 | loss=5.8236 | lr=2.06e-04
step   3800 | loss=5.8124 | lr=2.00e-04
[VAL] step 3800: bpb=1.7778
step   3900 | loss=5.7885 | lr=1.94e-04
step   4000 | loss=5.7733 | lr=1.88e-04
[VAL] step 4000: bpb=1.7708
step   4100 | loss=5.7978 | lr=1.83e-04
step   4200 | loss=5.7693 | lr=1.77e-04
[VAL] step 4200: bpb=1.7653
step   4300 | loss=5.7747 | lr=1.71e-04
step   4400 | loss=5.7620 | lr=1.65e-04
[VAL] step 4400: bpb=1.7597
step   4500 | loss=5.7479 | lr=1.59e-04
step   4600 | loss=5.7374 | lr=1.53e-04
[VAL] step 4600: bpb=1.7555
step   4700 | loss=5.7387 | lr=1.47e-04
step   4800 | loss=5.7375 | lr=1.42e-04
[VAL] step 4800: bpb=1.7499
step   4900 | loss=5.7136 | lr=1.36e-04
step   5000 | loss=5.7082 | lr=1.30e-04
[VAL] step 5000: bpb=1.7436
step   5100 | loss=5.6943 | lr=1.24e-04
step   5200 | loss=5.6753 | lr=1.19e-04
[VAL] step 5200: bpb=1.7377
step   5300 | loss=5.6636 | lr=1.13e-04
step   5400 | loss=5.6495 | lr=1.08e-04
[VAL] step 5400: bpb=1.7335
step   5500 | loss=5.6546 | lr=1.03e-04
step   5600 | loss=5.6696 | lr=9.75e-05
[VAL] step 5600: bpb=1.7309
step   5700 | loss=5.6503 | lr=9.25e-05
step   5800 | loss=5.6400 | lr=8.76e-05
[VAL] step 5800: bpb=1.7290
step   5900 | loss=5.6464 | lr=8.28e-05
step   6000 | loss=5.6320 | lr=7.82e-05
[VAL] step 6000: bpb=1.7237
step   6100 | loss=5.6194 | lr=7.38e-05
step   6200 | loss=5.6160 | lr=6.95e-05
[VAL] step 6200: bpb=1.7209
step   6300 | loss=5.6215 | lr=6.55e-05
step   6400 | loss=5.6032 | lr=6.16e-05
[VAL] step 6400: bpb=1.7166
step   6500 | loss=5.5952 | lr=5.79e-05
step   6600 | loss=5.6019 | lr=5.44e-05
[VAL] step 6600: bpb=1.7142
step   6700 | loss=5.5954 | lr=5.11e-05
step   6800 | loss=5.5872 | lr=4.81e-05
[VAL] step 6800: bpb=1.7128
step   6900 | loss=5.5883 | lr=4.53e-05
step   7000 | loss=5.5879 | lr=4.26e-05
[VAL] step 7000: bpb=1.7117
step   7100 | loss=5.5806 | lr=4.03e-05
step   7200 | loss=5.5841 | lr=3.81e-05
[VAL] step 7200: bpb=1.7097
step   7300 | loss=5.5698 | lr=3.62e-05
step   7400 | loss=5.5805 | lr=3.46e-05
[VAL] step 7400: bpb=1.7073
step   7500 | loss=5.5700 | lr=3.32e-05
step   7600 | loss=5.5617 | lr=3.21e-05
[VAL] step 7600: bpb=1.7049
step   7700 | loss=5.5518 | lr=3.12e-05
step   7800 | loss=5.5665 | lr=3.05e-05
[VAL] step 7800: bpb=1.7033
step   7900 | loss=5.5629 | lr=3.01e-05
step   8000 | loss=5.5551 | lr=3.00e-05
[VAL] step 8000: bpb=1.7042

=== DONE ===
{
  "exp_name": "exp155_d_qk_64",
  "best_val_bpb": 1.7032614726244975,
  "final_val_bpb": 1.7041729334040636,
  "n_params": 618497542,
  "training_time_hours": 1.253
}
