Loading tokenizer from /home/starost/.cache/nanochat/tokenizer
Vocab size: 32768, BOS id: 32759
Total params (all fp32): 358,420,266
Q/K Joint TinyMHLut(soft): in_nap=6 tph=256 d_qk=64 (n_outputs=2*d_qk=128) init_std=0.001 T_soft=0.5 T_sel=0.5 [no V2D, q_norm+k_norm -> SDPA]
V TinyMHLut(soft):       in_nap=8 tph=256 d_v=32 (n_outputs=d_v)
out_proj TinyMHLut(soft): in_nap=6 tph=[2048, 2048, 1024, 1024, 1024, 1024] (n_outputs=E=96) + out_v2d/out_d2v
V2D out:         init_T=0.1 learnable=True
Attention:       SDPA (causal); plain default 1/sqrt(d_qk=64)=0.1250, no learnable attn_scale
Tracking 42 learnable temperatures in temperatures.csv
Tokens/micro-batch: 4,096 | grad_accum: 1 | effective batch: 4,096 tokens
step      1 | loss=10.4071 | lr=3.75e-07
step    100 | loss=9.3648 | lr=3.75e-05
step    200 | loss=8.2293 | lr=7.50e-05
W0511 00:52:36.733000 3231021 torch/_dynamo/convert_frame.py:964] [0/8] torch._dynamo hit config.recompile_limit (8)
W0511 00:52:36.733000 3231021 torch/_dynamo/convert_frame.py:964] [0/8]    function: '_soft_lut_fwd_body' (/home/starost/spiky/src/spiky/lutorch/tiny_multi_head_lut.py:350)
W0511 00:52:36.733000 3231021 torch/_dynamo/convert_frame.py:964] [0/8]    last reason: 0/7: tensor 'weights' size mismatch at index 0. expected 1536, actual 1024. Guard failed on a parameter, consider using torch._dynamo.config.force_parameter_static_shapes = False to allow dynamism on parameters.
W0511 00:52:36.733000 3231021 torch/_dynamo/convert_frame.py:964] [0/8] To log all recompilation reasons, use TORCH_LOGS="recompiles".
W0511 00:52:36.733000 3231021 torch/_dynamo/convert_frame.py:964] [0/8] To diagnose recompilation issues, see https://pytorch.org/docs/main/torch.compiler_troubleshooting.html.
[VAL] step 200: bpb=2.3051
step    300 | loss=7.6279 | lr=1.12e-04
step    400 | loss=7.1547 | lr=1.50e-04
[VAL] step 400: bpb=2.0803
step    500 | loss=6.8511 | lr=1.87e-04
step    600 | loss=6.7017 | lr=2.25e-04
[VAL] step 600: bpb=2.0075
step    700 | loss=6.5958 | lr=2.62e-04
step    800 | loss=6.5053 | lr=3.00e-04
[VAL] step 800: bpb=1.9698
step    900 | loss=6.4329 | lr=3.00e-04
step   1000 | loss=6.3635 | lr=2.99e-04
[VAL] step 1000: bpb=1.9238
step   1100 | loss=6.2875 | lr=2.99e-04
step   1200 | loss=6.2114 | lr=2.98e-04
[VAL] step 1200: bpb=1.8735
step   1300 | loss=6.1248 | lr=2.97e-04
step   1400 | loss=6.0781 | lr=2.95e-04
[VAL] step 1400: bpb=1.8428
step   1500 | loss=6.0283 | lr=2.94e-04
step   1600 | loss=5.9525 | lr=2.92e-04
[VAL] step 1600: bpb=1.8126
step   1700 | loss=5.9238 | lr=2.90e-04
step   1800 | loss=5.8894 | lr=2.87e-04
[VAL] step 1800: bpb=1.7909
step   1900 | loss=5.8551 | lr=2.85e-04
step   2000 | loss=5.8197 | lr=2.82e-04
[VAL] step 2000: bpb=1.7745
step   2100 | loss=5.7692 | lr=2.79e-04
step   2200 | loss=5.7476 | lr=2.76e-04
[VAL] step 2200: bpb=1.7637
step   2300 | loss=5.7291 | lr=2.72e-04
step   2400 | loss=5.7231 | lr=2.68e-04
[VAL] step 2400: bpb=1.7470
step   2500 | loss=5.7020 | lr=2.65e-04
step   2600 | loss=5.6824 | lr=2.60e-04
[VAL] step 2600: bpb=1.7325
step   2700 | loss=5.6495 | lr=2.56e-04
step   2800 | loss=5.6353 | lr=2.52e-04
[VAL] step 2800: bpb=1.7224
step   2900 | loss=5.6094 | lr=2.47e-04
step   3000 | loss=5.5958 | lr=2.42e-04
[VAL] step 3000: bpb=1.7137
step   3100 | loss=5.5785 | lr=2.38e-04
step   3200 | loss=5.5695 | lr=2.32e-04
[VAL] step 3200: bpb=1.7022
step   3300 | loss=5.5572 | lr=2.27e-04
step   3400 | loss=5.5188 | lr=2.22e-04
[VAL] step 3400: bpb=1.6975
step   3500 | loss=5.5090 | lr=2.17e-04
step   3600 | loss=5.5176 | lr=2.11e-04
[VAL] step 3600: bpb=1.6928
step   3700 | loss=5.4904 | lr=2.06e-04
step   3800 | loss=5.4814 | lr=2.00e-04
[VAL] step 3800: bpb=1.6838
step   3900 | loss=5.4569 | lr=1.94e-04
step   4000 | loss=5.4366 | lr=1.88e-04
[VAL] step 4000: bpb=1.6738
step   4100 | loss=5.4659 | lr=1.83e-04
step   4200 | loss=5.4412 | lr=1.77e-04
[VAL] step 4200: bpb=1.6703
step   4300 | loss=5.4439 | lr=1.71e-04
step   4400 | loss=5.4330 | lr=1.65e-04
[VAL] step 4400: bpb=1.6648
step   4500 | loss=5.4151 | lr=1.59e-04
step   4600 | loss=5.4043 | lr=1.53e-04
[VAL] step 4600: bpb=1.6582
step   4700 | loss=5.4039 | lr=1.47e-04
step   4800 | loss=5.4011 | lr=1.42e-04
[VAL] step 4800: bpb=1.6535
step   4900 | loss=5.3761 | lr=1.36e-04
step   5000 | loss=5.3701 | lr=1.30e-04
[VAL] step 5000: bpb=1.6450
step   5100 | loss=5.3611 | lr=1.24e-04
step   5200 | loss=5.3427 | lr=1.19e-04
[VAL] step 5200: bpb=1.6419
step   5300 | loss=5.3278 | lr=1.13e-04
step   5400 | loss=5.3128 | lr=1.08e-04
[VAL] step 5400: bpb=1.6356
step   5500 | loss=5.3219 | lr=1.03e-04
step   5600 | loss=5.3359 | lr=9.75e-05
[VAL] step 5600: bpb=1.6316
step   5700 | loss=5.3206 | lr=9.25e-05
step   5800 | loss=5.3091 | lr=8.76e-05
[VAL] step 5800: bpb=1.6292
step   5900 | loss=5.3120 | lr=8.28e-05
step   6000 | loss=5.3027 | lr=7.82e-05
[VAL] step 6000: bpb=1.6255
step   6100 | loss=5.2898 | lr=7.38e-05
step   6200 | loss=5.2876 | lr=6.95e-05
[VAL] step 6200: bpb=1.6227
step   6300 | loss=5.2890 | lr=6.55e-05
step   6400 | loss=5.2725 | lr=6.16e-05
[VAL] step 6400: bpb=1.6203
step   6500 | loss=5.2627 | lr=5.79e-05
step   6600 | loss=5.2680 | lr=5.44e-05
[VAL] step 6600: bpb=1.6171
step   6700 | loss=5.2634 | lr=5.11e-05
step   6800 | loss=5.2552 | lr=4.81e-05
[VAL] step 6800: bpb=1.6156
step   6900 | loss=5.2550 | lr=4.53e-05
step   7000 | loss=5.2577 | lr=4.26e-05
[VAL] step 7000: bpb=1.6133
step   7100 | loss=5.2492 | lr=4.03e-05
step   7200 | loss=5.2521 | lr=3.81e-05
[VAL] step 7200: bpb=1.6106
step   7300 | loss=5.2376 | lr=3.62e-05
step   7400 | loss=5.2495 | lr=3.46e-05
[VAL] step 7400: bpb=1.6102
step   7500 | loss=5.2374 | lr=3.32e-05
step   7600 | loss=5.2316 | lr=3.21e-05
[VAL] step 7600: bpb=1.6073
step   7700 | loss=5.2251 | lr=3.12e-05
step   7800 | loss=5.2407 | lr=3.05e-05
[VAL] step 7800: bpb=1.6056
step   7900 | loss=5.2367 | lr=3.01e-05
step   8000 | loss=5.2276 | lr=3.00e-05
[VAL] step 8000: bpb=1.6060

=== DONE ===
{
  "exp_name": "exp257_tinymhlut_fp32_noise",
  "best_val_bpb": 1.6055787612269972,
  "final_val_bpb": 1.605962447729209,
  "n_params": 358420266,
  "training_time_hours": 0.699
}
