Loading tokenizer from /home/starost/.cache/nanochat/tokenizer
Vocab size: 32768, BOS id: 32759
V2DSDPATransformer: depth=6, E=192, H=6, E_H=32, E_QK=64, D=1456, seq_len=512
LUT: nap=6 (2^nap=64 cells), tph=1536, n_sparse=32, n_alt=1, smooth=True
Params: 114,410,880
AdamW groups: decay=38,903,808 lut_nodecay=75,497,472 nodecay=9,600
Tokens/micro-batch: 4,096 | grad_accum: 1 | effective batch: 4,096 tokens
step      1 | loss=10.4027 | lr=3.75e-07
step    100 | loss=10.2225 | lr=3.75e-05
step    200 | loss=9.0633 | lr=7.50e-05
[VAL] step 200: bpb=2.3387
step    300 | loss=8.0581 | lr=1.12e-04
step    400 | loss=7.5515 | lr=1.50e-04
[VAL] step 400: bpb=2.2288
step    500 | loss=7.2275 | lr=1.87e-04
step    600 | loss=7.0734 | lr=2.25e-04
[VAL] step 600: bpb=2.1165
step    700 | loss=6.9358 | lr=2.62e-04
step    800 | loss=6.8173 | lr=3.00e-04
[VAL] step 800: bpb=2.0587
step    900 | loss=6.7331 | lr=3.00e-04
step   1000 | loss=6.6696 | lr=2.99e-04
[VAL] step 1000: bpb=2.0194
step   1100 | loss=6.6182 | lr=2.99e-04
step   1200 | loss=6.5747 | lr=2.98e-04
[VAL] step 1200: bpb=1.9920
step   1300 | loss=6.5219 | lr=2.97e-04
step   1400 | loss=6.5061 | lr=2.95e-04
[VAL] step 1400: bpb=1.9788
step   1500 | loss=6.4813 | lr=2.94e-04
step   1600 | loss=6.4277 | lr=2.92e-04
[VAL] step 1600: bpb=1.9611
step   1700 | loss=6.4107 | lr=2.90e-04
step   1800 | loss=6.3965 | lr=2.87e-04
[VAL] step 1800: bpb=1.9509
step   1900 | loss=6.3786 | lr=2.85e-04
step   2000 | loss=6.3559 | lr=2.82e-04
[VAL] step 2000: bpb=1.9372
step   2100 | loss=6.3282 | lr=2.79e-04
step   2200 | loss=6.3106 | lr=2.76e-04
[VAL] step 2200: bpb=1.9297
step   2300 | loss=6.2897 | lr=2.72e-04
step   2400 | loss=6.2799 | lr=2.68e-04
[VAL] step 2400: bpb=1.9167
step   2500 | loss=6.2643 | lr=2.65e-04
step   2600 | loss=6.2526 | lr=2.60e-04
[VAL] step 2600: bpb=1.9060
step   2700 | loss=6.2185 | lr=2.56e-04
step   2800 | loss=6.2068 | lr=2.52e-04
[VAL] step 2800: bpb=1.8926
step   2900 | loss=6.1779 | lr=2.47e-04
step   3000 | loss=6.1612 | lr=2.42e-04
[VAL] step 3000: bpb=1.8794
step   3100 | loss=6.1380 | lr=2.38e-04
step   3200 | loss=6.1171 | lr=2.32e-04
[VAL] step 3200: bpb=1.8631
step   3300 | loss=6.1019 | lr=2.27e-04
step   3400 | loss=6.0612 | lr=2.22e-04
[VAL] step 3400: bpb=1.8536
step   3500 | loss=6.0456 | lr=2.17e-04
step   3600 | loss=6.0474 | lr=2.11e-04
[VAL] step 3600: bpb=1.8455
step   3700 | loss=6.0234 | lr=2.06e-04
step   3800 | loss=6.0045 | lr=2.00e-04
[VAL] step 3800: bpb=1.8381
step   3900 | loss=5.9760 | lr=1.94e-04
step   4000 | loss=5.9585 | lr=1.88e-04
[VAL] step 4000: bpb=1.8266
step   4100 | loss=5.9771 | lr=1.83e-04
step   4200 | loss=5.9465 | lr=1.77e-04
[VAL] step 4200: bpb=1.8163
step   4300 | loss=5.9469 | lr=1.71e-04
step   4400 | loss=5.9268 | lr=1.65e-04
[VAL] step 4400: bpb=1.8102
step   4500 | loss=5.9133 | lr=1.59e-04
step   4600 | loss=5.8995 | lr=1.53e-04
[VAL] step 4600: bpb=1.8015
step   4700 | loss=5.8988 | lr=1.47e-04
step   4800 | loss=5.8940 | lr=1.42e-04
[VAL] step 4800: bpb=1.7945
step   4900 | loss=5.8667 | lr=1.36e-04
step   5000 | loss=5.8595 | lr=1.30e-04
[VAL] step 5000: bpb=1.7878
step   5100 | loss=5.8430 | lr=1.24e-04
step   5200 | loss=5.8233 | lr=1.19e-04
[VAL] step 5200: bpb=1.7831
step   5300 | loss=5.8117 | lr=1.13e-04
step   5400 | loss=5.7963 | lr=1.08e-04
[VAL] step 5400: bpb=1.7775
step   5500 | loss=5.7943 | lr=1.03e-04
step   5600 | loss=5.8058 | lr=9.75e-05
[VAL] step 5600: bpb=1.7713
step   5700 | loss=5.7880 | lr=9.25e-05
step   5800 | loss=5.7799 | lr=8.76e-05
[VAL] step 5800: bpb=1.7677
step   5900 | loss=5.7823 | lr=8.28e-05
step   6000 | loss=5.7690 | lr=7.82e-05
[VAL] step 6000: bpb=1.7631
step   6100 | loss=5.7558 | lr=7.38e-05
step   6200 | loss=5.7508 | lr=6.95e-05
[VAL] step 6200: bpb=1.7600
step   6300 | loss=5.7517 | lr=6.55e-05
step   6400 | loss=5.7362 | lr=6.16e-05
[VAL] step 6400: bpb=1.7577
step   6500 | loss=5.7288 | lr=5.79e-05
step   6600 | loss=5.7353 | lr=5.44e-05
[VAL] step 6600: bpb=1.7534
step   6700 | loss=5.7309 | lr=5.11e-05
step   6800 | loss=5.7211 | lr=4.81e-05
[VAL] step 6800: bpb=1.7504
step   6900 | loss=5.7224 | lr=4.53e-05
step   7000 | loss=5.7192 | lr=4.26e-05
[VAL] step 7000: bpb=1.7480
step   7100 | loss=5.7104 | lr=4.03e-05
step   7200 | loss=5.7132 | lr=3.81e-05
[VAL] step 7200: bpb=1.7473
step   7300 | loss=5.7011 | lr=3.62e-05
step   7400 | loss=5.7129 | lr=3.46e-05
[VAL] step 7400: bpb=1.7446
step   7500 | loss=5.6999 | lr=3.32e-05
step   7600 | loss=5.6916 | lr=3.21e-05
[VAL] step 7600: bpb=1.7428
step   7700 | loss=5.6823 | lr=3.12e-05
step   7800 | loss=5.6922 | lr=3.05e-05
[VAL] step 7800: bpb=1.7407
step   7900 | loss=5.6921 | lr=3.01e-05
step   8000 | loss=5.6819 | lr=3.00e-05
[VAL] step 8000: bpb=1.7401

=== DONE ===
{
  "exp_name": "exp217_v2d_doubling",
  "best_val_bpb": 1.7400943208189323,
  "final_val_bpb": 1.7400943208189323,
  "total_params": 114410880,
  "training_time_hours": 0.554
}
