Loading tokenizer from /home/starost/.cache/nanochat/tokenizer
Vocab size: 32768, BOS id: 32759
Total params (all fp32): 358,420,224
Q/K Joint SoftLUT: in_nap=6 tph=256 d_qk=64 (n_outputs=2*d_qk=128) init_std=0.001 T_soft=0.5 T_sel=0.5 [no V2D, q_norm+k_norm -> SDPA]
V SoftLUT:       in_nap=8 tph=256 d_v=32 (n_outputs=d_v)
out_proj SoftLUT: in_nap=6 tph=[2048, 2048, 1024, 1024, 1024, 1024] (n_outputs=E=96) + out_v2d/out_d2v
Attention:       SDPA (causal); plain default 1/sqrt(d_qk=64)=0.1250, no learnable attn_scale
Tokens/micro-batch: 4,096 | grad_accum: 1 | effective batch: 4,096 tokens
step      1 | loss=10.4124 | lr=3.75e-07
step    100 | loss=9.3659 | lr=3.75e-05
step    200 | loss=8.2309 | lr=7.50e-05
W0510 13:07:06.824000 2182574 torch/_dynamo/convert_frame.py:964] [0/8] torch._dynamo hit config.recompile_limit (8)
W0510 13:07:06.824000 2182574 torch/_dynamo/convert_frame.py:964] [0/8]    function: 'forward' (/home/starost/spiky/src/spiky/lutorch/soft_multi_head_lut.py:160)
W0510 13:07:06.824000 2182574 torch/_dynamo/convert_frame.py:964] [0/8]    last reason: 0/5: tensor 'self._buffers['bit_matrix']' size mismatch at index 0. expected 6, actual 8
W0510 13:07:06.824000 2182574 torch/_dynamo/convert_frame.py:964] [0/8] To log all recompilation reasons, use TORCH_LOGS="recompiles".
W0510 13:07:06.824000 2182574 torch/_dynamo/convert_frame.py:964] [0/8] To diagnose recompilation issues, see https://pytorch.org/docs/main/torch.compiler_troubleshooting.html.
[VAL] step 200: bpb=2.3056
step    300 | loss=7.6199 | lr=1.12e-04
step    400 | loss=7.1410 | lr=1.50e-04
[VAL] step 400: bpb=2.0737
step    500 | loss=6.8391 | lr=1.87e-04
step    600 | loss=6.6932 | lr=2.25e-04
[VAL] step 600: bpb=2.0041
step    700 | loss=6.5900 | lr=2.62e-04
step    800 | loss=6.4991 | lr=3.00e-04
[VAL] step 800: bpb=1.9679
step    900 | loss=6.4293 | lr=3.00e-04
step   1000 | loss=6.3607 | lr=2.99e-04
[VAL] step 1000: bpb=1.9254
step   1100 | loss=6.2864 | lr=2.99e-04
step   1200 | loss=6.2112 | lr=2.98e-04
[VAL] step 1200: bpb=1.8737
step   1300 | loss=6.1277 | lr=2.97e-04
step   1400 | loss=6.0824 | lr=2.95e-04
[VAL] step 1400: bpb=1.8415
step   1500 | loss=6.0336 | lr=2.94e-04
step   1600 | loss=5.9607 | lr=2.92e-04
[VAL] step 1600: bpb=1.8175
step   1700 | loss=5.9320 | lr=2.90e-04
step   1800 | loss=5.8998 | lr=2.87e-04
[VAL] step 1800: bpb=1.7929
step   1900 | loss=5.8653 | lr=2.85e-04
step   2000 | loss=5.8301 | lr=2.82e-04
[VAL] step 2000: bpb=1.7792
step   2100 | loss=5.7804 | lr=2.79e-04
step   2200 | loss=5.7579 | lr=2.76e-04
[VAL] step 2200: bpb=1.7645
step   2300 | loss=5.7391 | lr=2.72e-04
step   2400 | loss=5.7333 | lr=2.68e-04
[VAL] step 2400: bpb=1.7467
step   2500 | loss=5.7103 | lr=2.65e-04
step   2600 | loss=5.6912 | lr=2.60e-04
[VAL] step 2600: bpb=1.7333
step   2700 | loss=5.6576 | lr=2.56e-04
step   2800 | loss=5.6439 | lr=2.52e-04
[VAL] step 2800: bpb=1.7248
step   2900 | loss=5.6172 | lr=2.47e-04
step   3000 | loss=5.6032 | lr=2.42e-04
[VAL] step 3000: bpb=1.7153
step   3100 | loss=5.5867 | lr=2.38e-04
step   3200 | loss=5.5783 | lr=2.32e-04
[VAL] step 3200: bpb=1.7034
step   3300 | loss=5.5665 | lr=2.27e-04
step   3400 | loss=5.5292 | lr=2.22e-04
[VAL] step 3400: bpb=1.6984
step   3500 | loss=5.5182 | lr=2.17e-04
step   3600 | loss=5.5267 | lr=2.11e-04
[VAL] step 3600: bpb=1.6924
step   3700 | loss=5.4992 | lr=2.06e-04
step   3800 | loss=5.4893 | lr=2.00e-04
[VAL] step 3800: bpb=1.6843
step   3900 | loss=5.4652 | lr=1.94e-04
step   4000 | loss=5.4442 | lr=1.88e-04
[VAL] step 4000: bpb=1.6755
step   4100 | loss=5.4742 | lr=1.83e-04
step   4200 | loss=5.4470 | lr=1.77e-04
[VAL] step 4200: bpb=1.6723
step   4300 | loss=5.4515 | lr=1.71e-04
step   4400 | loss=5.4403 | lr=1.65e-04
[VAL] step 4400: bpb=1.6654
step   4500 | loss=5.4241 | lr=1.59e-04
step   4600 | loss=5.4121 | lr=1.53e-04
[VAL] step 4600: bpb=1.6607
step   4700 | loss=5.4116 | lr=1.47e-04
step   4800 | loss=5.4095 | lr=1.42e-04
[VAL] step 4800: bpb=1.6557
step   4900 | loss=5.3849 | lr=1.36e-04
step   5000 | loss=5.3796 | lr=1.30e-04
[VAL] step 5000: bpb=1.6496
step   5100 | loss=5.3704 | lr=1.24e-04
step   5200 | loss=5.3527 | lr=1.19e-04
[VAL] step 5200: bpb=1.6443
step   5300 | loss=5.3377 | lr=1.13e-04
step   5400 | loss=5.3225 | lr=1.08e-04
[VAL] step 5400: bpb=1.6396
step   5500 | loss=5.3312 | lr=1.03e-04
step   5600 | loss=5.3468 | lr=9.75e-05
[VAL] step 5600: bpb=1.6364
step   5700 | loss=5.3304 | lr=9.25e-05
step   5800 | loss=5.3195 | lr=8.76e-05
[VAL] step 5800: bpb=1.6348
step   5900 | loss=5.3226 | lr=8.28e-05
step   6000 | loss=5.3133 | lr=7.82e-05
[VAL] step 6000: bpb=1.6307
step   6100 | loss=5.2989 | lr=7.38e-05
step   6200 | loss=5.2978 | lr=6.95e-05
[VAL] step 6200: bpb=1.6270
step   6300 | loss=5.2999 | lr=6.55e-05
step   6400 | loss=5.2849 | lr=6.16e-05
[VAL] step 6400: bpb=1.6240
step   6500 | loss=5.2731 | lr=5.79e-05
step   6600 | loss=5.2778 | lr=5.44e-05
[VAL] step 6600: bpb=1.6211
step   6700 | loss=5.2735 | lr=5.11e-05
step   6800 | loss=5.2653 | lr=4.81e-05
[VAL] step 6800: bpb=1.6190
step   6900 | loss=5.2652 | lr=4.53e-05
step   7000 | loss=5.2677 | lr=4.26e-05
[VAL] step 7000: bpb=1.6179
step   7100 | loss=5.2589 | lr=4.03e-05
step   7200 | loss=5.2637 | lr=3.81e-05
[VAL] step 7200: bpb=1.6154
step   7300 | loss=5.2491 | lr=3.62e-05
step   7400 | loss=5.2603 | lr=3.46e-05
[VAL] step 7400: bpb=1.6134
step   7500 | loss=5.2480 | lr=3.32e-05
step   7600 | loss=5.2424 | lr=3.21e-05
[VAL] step 7600: bpb=1.6109
step   7700 | loss=5.2352 | lr=3.12e-05
step   7800 | loss=5.2502 | lr=3.05e-05
[VAL] step 7800: bpb=1.6099
step   7900 | loss=5.2461 | lr=3.01e-05
step   8000 | loss=5.2362 | lr=3.00e-05
[VAL] step 8000: bpb=1.6089

=== DONE ===
{
  "exp_name": "exp243_soft_lut_tsoft05",
  "best_val_bpb": 1.6089020495456956,
  "final_val_bpb": 1.6089020495456956,
  "n_params": 358420224,
  "training_time_hours": 0.716
}
