Loading tokenizer from /home/starost/.cache/nanochat/tokenizer
Vocab size: 32768, BOS id: 32759
Total params (all fp32): 417,170,950
Q/K Joint MHLut: in_nap=8 tph=256 d_qk=32 (n_outputs=2*d_qk=64)
V MHLut:         in_nap=6 tph=336 d_v=32 (n_outputs=d_v)
out_proj MHLut:  in_nap=8 tph=2304 (n_outputs=E=64) + LayerNorm
Tokens/micro-batch: 4,096 | grad_accum: 1 | effective batch: 4,096 tokens
step      1 | loss=10.5674 | lr=3.75e-07
step    100 | loss=9.9270 | lr=3.75e-05
step    200 | loss=8.9774 | lr=7.50e-05
[VAL] step 200: bpb=2.4483
step    300 | loss=8.1465 | lr=1.12e-04
step    400 | loss=7.7263 | lr=1.50e-04
[VAL] step 400: bpb=2.2772
step    500 | loss=7.3963 | lr=1.87e-04
step    600 | loss=7.1430 | lr=2.25e-04
[VAL] step 600: bpb=2.1120
step    700 | loss=6.9657 | lr=2.62e-04
step    800 | loss=6.8312 | lr=3.00e-04
[VAL] step 800: bpb=2.0538
step    900 | loss=6.7372 | lr=3.00e-04
step   1000 | loss=6.6695 | lr=2.99e-04
[VAL] step 1000: bpb=2.0204
step   1100 | loss=6.6162 | lr=2.99e-04
step   1200 | loss=6.5715 | lr=2.98e-04
[VAL] step 1200: bpb=1.9915
step   1300 | loss=6.5155 | lr=2.97e-04
step   1400 | loss=6.4959 | lr=2.95e-04
[VAL] step 1400: bpb=1.9748
step   1500 | loss=6.4701 | lr=2.94e-04
step   1600 | loss=6.4130 | lr=2.92e-04
[VAL] step 1600: bpb=1.9571
step   1700 | loss=6.3928 | lr=2.90e-04
step   1800 | loss=6.3681 | lr=2.87e-04
[VAL] step 1800: bpb=1.9417
step   1900 | loss=6.3428 | lr=2.85e-04
step   2000 | loss=6.3112 | lr=2.82e-04
[VAL] step 2000: bpb=1.9224
step   2100 | loss=6.2663 | lr=2.79e-04
step   2200 | loss=6.2382 | lr=2.76e-04
[VAL] step 2200: bpb=1.9083
step   2300 | loss=6.2102 | lr=2.72e-04
step   2400 | loss=6.1975 | lr=2.68e-04
[VAL] step 2400: bpb=1.8893
step   2500 | loss=6.1758 | lr=2.65e-04
