Loading tokenizer from /home/starost/.cache/nanochat/tokenizer
Vocab size: 32768, BOS id: 32759
bit LUTs: 18
Adam-managed parameters: 16,772,390
Q/K BitPermLUT: in_nap=5 out_nap=24 tph=512 d_qk=32 P_qk=496
V BitPermLUT:   in_nap=5 out_nap=16 tph=512 d_v=16 P_v=120
Out BitPermLUT: in_nap=8 out_nap=32 tph=2048
Tokens/micro-batch: 4,096 | grad_accum: 1 | effective batch: 4,096 tokens
step      1 | loss=10.5844 | lr=3.75e-07
step    100 | loss=10.4426 | lr=3.75e-05
step    200 | loss=9.5869 | lr=7.50e-05
[VAL] step 200: bpb=2.5437
step    300 | loss=8.4671 | lr=1.12e-04
step    400 | loss=8.0060 | lr=1.50e-04
[VAL] step 400: bpb=2.3804
step    500 | loss=7.8327 | lr=1.87e-04
step    600 | loss=7.7970 | lr=2.25e-04
[VAL] step 600: bpb=2.3868
step    700 | loss=7.7856 | lr=2.62e-04
step    800 | loss=7.7630 | lr=3.00e-04
[VAL] step 800: bpb=2.3813
step    900 | loss=7.7474 | lr=3.00e-04
