Loading tokenizer from /home/starost/.cache/nanochat/tokenizer
Vocab size: 32768, BOS id: 32759
V2DSDPATransformer: depth=6, E=384, H=6, E_H=64, D=3297, seq_len=512
out_proj MLP: hidden=1536 (zero-init fc2)
Params: 55,234,560
AdamW groups: decay=55,229,184 nodecay=5,376
Tokens/micro-batch: 4,096 | grad_accum: 1 | effective batch: 4,096 tokens
step      1 | loss=10.4824 | lr=3.75e-07
step    100 | loss=10.0112 | lr=3.75e-05
step    200 | loss=8.9845 | lr=7.50e-05
[VAL] step 200: bpb=2.4073
step    300 | loss=8.0450 | lr=1.12e-04
step    400 | loss=7.5225 | lr=1.50e-04
[VAL] step 400: bpb=2.1857
step    500 | loss=7.1980 | lr=1.87e-04
step    600 | loss=7.0441 | lr=2.25e-04
[VAL] step 600: bpb=2.1128
step    700 | loss=6.9531 | lr=2.62e-04
step    800 | loss=6.8923 | lr=3.00e-04
[VAL] step 800: bpb=2.0988
step    900 | loss=6.8583 | lr=3.00e-04
step   1000 | loss=6.8469 | lr=2.99e-04
[VAL] step 1000: bpb=2.0878
step   1100 | loss=6.8339 | lr=2.99e-04
step   1200 | loss=6.8222 | lr=2.98e-04
[VAL] step 1200: bpb=2.0740
step   1300 | loss=6.7865 | lr=2.97e-04
step   1400 | loss=6.7980 | lr=2.95e-04
[VAL] step 1400: bpb=2.0734
step   1500 | loss=6.7927 | lr=2.94e-04
step   1600 | loss=6.7619 | lr=2.92e-04
[VAL] step 1600: bpb=2.0704
step   1700 | loss=6.7626 | lr=2.90e-04
step   1800 | loss=6.7661 | lr=2.87e-04
[VAL] step 1800: bpb=2.0721
step   1900 | loss=6.7732 | lr=2.85e-04
step   2000 | loss=6.7739 | lr=2.82e-04
[VAL] step 2000: bpb=2.0744
step   2100 | loss=6.7764 | lr=2.79e-04
step   2200 | loss=6.7770 | lr=2.76e-04
[VAL] step 2200: bpb=2.0749
step   2300 | loss=6.7670 | lr=2.72e-04
step   2400 | loss=6.7635 | lr=2.68e-04
[VAL] step 2400: bpb=2.0670
step   2500 | loss=6.7726 | lr=2.65e-04
step   2600 | loss=6.7796 | lr=2.60e-04
[VAL] step 2600: bpb=2.0687
step   2700 | loss=6.7554 | lr=2.56e-04
step   2800 | loss=6.7570 | lr=2.52e-04
[VAL] step 2800: bpb=2.0874
step   2900 | loss=6.7512 | lr=2.47e-04
step   3000 | loss=6.7530 | lr=2.42e-04
[VAL] step 3000: bpb=2.0651
step   3100 | loss=6.7513 | lr=2.38e-04
step   3200 | loss=6.7503 | lr=2.32e-04
[VAL] step 3200: bpb=2.0592
step   3300 | loss=6.7421 | lr=2.27e-04
