Loading tokenizer from /home/starost/.cache/nanochat/tokenizer
Vocab size: 32768, BOS id: 32759
Total params (all fp32): 339,545,856
Q/K Joint MHLut: in_nap=6 tph=256 d_qk=64 (n_outputs=2*d_qk=128) init_std=0.001 [no V2D, q_norm+k_norm -> SDPA]
V PermLut:       in_nap=8 out_nap=24 tph=256 d_v=24 (n_outputs=P=276) pair_mode=scrambled soft_mode=rational borda=borda
out_proj MHLut:  in_nap=6 tph=[2048, 2048, 1024, 1024, 1024, 1024] (n_outputs=E=96) + out_v2d/out_d2v
Attention:       SDPA (causal); plain default 1/sqrt(d_qk=64)=0.1250, no learnable attn_scale
Tokens/micro-batch: 4,096 | grad_accum: 1 | effective batch: 4,096 tokens
step      1 | loss=10.4164 | lr=3.75e-07
step    100 | loss=9.3694 | lr=3.75e-05
step    200 | loss=8.2358 | lr=7.50e-05
[VAL] step 200: bpb=2.3002
step    300 | loss=7.5192 | lr=1.12e-04
step    400 | loss=7.0737 | lr=1.50e-04
[VAL] step 400: bpb=2.0650
step    500 | loss=6.8095 | lr=1.87e-04
step    600 | loss=6.6895 | lr=2.25e-04
[VAL] step 600: bpb=2.0084
step    700 | loss=6.6015 | lr=2.62e-04
step    800 | loss=6.5244 | lr=3.00e-04
[VAL] step 800: bpb=1.9795
step    900 | loss=6.4664 | lr=3.00e-04
step   1000 | loss=6.4124 | lr=2.99e-04
[VAL] step 1000: bpb=1.9448
step   1100 | loss=6.3621 | lr=2.99e-04
step   1200 | loss=6.3030 | lr=2.98e-04
[VAL] step 1200: bpb=1.9047
step   1300 | loss=6.2278 | lr=2.97e-04
step   1400 | loss=6.1833 | lr=2.95e-04
[VAL] step 1400: bpb=1.8747
step   1500 | loss=6.1357 | lr=2.94e-04
step   1600 | loss=6.0640 | lr=2.92e-04
[VAL] step 1600: bpb=1.8507
step   1700 | loss=6.0362 | lr=2.90e-04
step   1800 | loss=6.0033 | lr=2.87e-04
[VAL] step 1800: bpb=1.8277
step   1900 | loss=5.9715 | lr=2.85e-04
step   2000 | loss=5.9368 | lr=2.82e-04
[VAL] step 2000: bpb=1.8104
step   2100 | loss=5.8890 | lr=2.79e-04
step   2200 | loss=5.8683 | lr=2.76e-04
[VAL] step 2200: bpb=1.8010
step   2300 | loss=5.8464 | lr=2.72e-04
step   2400 | loss=5.8397 | lr=2.68e-04
[VAL] step 2400: bpb=1.7822
step   2500 | loss=5.8173 | lr=2.65e-04
step   2600 | loss=5.7997 | lr=2.60e-04
[VAL] step 2600: bpb=1.7712
step   2700 | loss=5.7673 | lr=2.56e-04
step   2800 | loss=5.7545 | lr=2.52e-04
[VAL] step 2800: bpb=1.7624
step   2900 | loss=5.7280 | lr=2.47e-04
step   3000 | loss=5.7139 | lr=2.42e-04
[VAL] step 3000: bpb=1.7520
step   3100 | loss=5.6982 | lr=2.38e-04
step   3200 | loss=5.6879 | lr=2.32e-04
[VAL] step 3200: bpb=1.7378
step   3300 | loss=5.6775 | lr=2.27e-04
step   3400 | loss=5.6402 | lr=2.22e-04
[VAL] step 3400: bpb=1.7328
step   3500 | loss=5.6305 | lr=2.17e-04
step   3600 | loss=5.6397 | lr=2.11e-04
[VAL] step 3600: bpb=1.7284
step   3700 | loss=5.6105 | lr=2.06e-04
step   3800 | loss=5.6007 | lr=2.00e-04
[VAL] step 3800: bpb=1.7221
step   3900 | loss=5.5765 | lr=1.94e-04
step   4000 | loss=5.5558 | lr=1.88e-04
[VAL] step 4000: bpb=1.7106
step   4100 | loss=5.5864 | lr=1.83e-04
step   4200 | loss=5.5601 | lr=1.77e-04
[VAL] step 4200: bpb=1.7047
step   4300 | loss=5.5629 | lr=1.71e-04
step   4400 | loss=5.5496 | lr=1.65e-04
[VAL] step 4400: bpb=1.7001
step   4500 | loss=5.5355 | lr=1.59e-04
step   4600 | loss=5.5246 | lr=1.53e-04
[VAL] step 4600: bpb=1.6929
step   4700 | loss=5.5258 | lr=1.47e-04
step   4800 | loss=5.5219 | lr=1.42e-04
[VAL] step 4800: bpb=1.6897
step   4900 | loss=5.4977 | lr=1.36e-04
step   5000 | loss=5.4928 | lr=1.30e-04
[VAL] step 5000: bpb=1.6824
step   5100 | loss=5.4821 | lr=1.24e-04
step   5200 | loss=5.4657 | lr=1.19e-04
[VAL] step 5200: bpb=1.6785
step   5300 | loss=5.4503 | lr=1.13e-04
step   5400 | loss=5.4351 | lr=1.08e-04
[VAL] step 5400: bpb=1.6725
step   5500 | loss=5.4436 | lr=1.03e-04
step   5600 | loss=5.4583 | lr=9.75e-05
[VAL] step 5600: bpb=1.6686
step   5700 | loss=5.4415 | lr=9.25e-05
step   5800 | loss=5.4313 | lr=8.76e-05
[VAL] step 5800: bpb=1.6666
step   5900 | loss=5.4335 | lr=8.28e-05
step   6000 | loss=5.4233 | lr=7.82e-05
[VAL] step 6000: bpb=1.6632
step   6100 | loss=5.4098 | lr=7.38e-05
step   6200 | loss=5.4083 | lr=6.95e-05
[VAL] step 6200: bpb=1.6593
step   6300 | loss=5.4107 | lr=6.55e-05
step   6400 | loss=5.3944 | lr=6.16e-05
[VAL] step 6400: bpb=1.6568
step   6500 | loss=5.3844 | lr=5.79e-05
step   6600 | loss=5.3895 | lr=5.44e-05
[VAL] step 6600: bpb=1.6532
step   6700 | loss=5.3862 | lr=5.11e-05
step   6800 | loss=5.3767 | lr=4.81e-05
[VAL] step 6800: bpb=1.6514
step   6900 | loss=5.3769 | lr=4.53e-05
step   7000 | loss=5.3775 | lr=4.26e-05
[VAL] step 7000: bpb=1.6495
step   7100 | loss=5.3695 | lr=4.03e-05
step   7200 | loss=5.3740 | lr=3.81e-05
[VAL] step 7200: bpb=1.6479
