Loading tokenizer from /home/starost/.cache/nanochat/tokenizer
Vocab size: 32768, BOS id: 32759
bit LUTs: 24
Adam-managed parameters: 14,912,326
Q/K BitPermLUT: in_nap=5 out_nap=24 tph=512 d_qk=24 P_qk=276
V BitPermLUT:   in_nap=5 out_nap=16 tph=512 d_v=16 P_v=120
Out BitPermLUT: in_nap=10 out_nap=32 tph=2048
Tokens/micro-batch: 4,096 | grad_accum: 1 | effective batch: 4,096 tokens
step      1 | loss=10.5813 | lr=3.75e-07
step    100 | loss=9.9282 | lr=3.75e-05
step    200 | loss=8.9733 | lr=7.50e-05
[VAL] step 200: bpb=2.4484
step    300 | loss=8.1612 | lr=1.12e-04
step    400 | loss=7.7802 | lr=1.50e-04
[VAL] step 400: bpb=2.3102
step    500 | loss=7.5566 | lr=1.87e-04
step    600 | loss=7.4314 | lr=2.25e-04
[VAL] step 600: bpb=2.2420
step    700 | loss=7.3275 | lr=2.62e-04
step    800 | loss=7.2211 | lr=3.00e-04
[VAL] step 800: bpb=2.1881
step    900 | loss=7.1280 | lr=3.00e-04
step   1000 | loss=7.0457 | lr=2.99e-04
[VAL] step 1000: bpb=2.1310
step   1100 | loss=6.9787 | lr=2.99e-04
step   1200 | loss=6.9157 | lr=2.98e-04
[VAL] step 1200: bpb=2.0933
step   1300 | loss=6.8431 | lr=2.97e-04
step   1400 | loss=6.8068 | lr=2.95e-04
[VAL] step 1400: bpb=2.0693
step   1500 | loss=6.7709 | lr=2.94e-04
step   1600 | loss=6.7051 | lr=2.92e-04
[VAL] step 1600: bpb=2.0462
step   1700 | loss=6.6747 | lr=2.90e-04
step   1800 | loss=6.6409 | lr=2.87e-04
[VAL] step 1800: bpb=2.0243
step   1900 | loss=6.6137 | lr=2.85e-04
step   2000 | loss=6.5794 | lr=2.82e-04
[VAL] step 2000: bpb=2.0061
step   2100 | loss=6.5383 | lr=2.79e-04
step   2200 | loss=6.5110 | lr=2.76e-04
[VAL] step 2200: bpb=1.9912
step   2300 | loss=6.4810 | lr=2.72e-04
step   2400 | loss=6.4674 | lr=2.68e-04
[VAL] step 2400: bpb=1.9775
step   2500 | loss=6.4499 | lr=2.65e-04
step   2600 | loss=6.4389 | lr=2.60e-04
[VAL] step 2600: bpb=1.9628
step   2700 | loss=6.4037 | lr=2.56e-04
step   2800 | loss=6.3955 | lr=2.52e-04
[VAL] step 2800: bpb=1.9536
step   2900 | loss=6.3731 | lr=2.47e-04
step   3000 | loss=6.3632 | lr=2.42e-04
[VAL] step 3000: bpb=1.9449
step   3100 | loss=6.3490 | lr=2.38e-04
step   3200 | loss=6.3399 | lr=2.32e-04
[VAL] step 3200: bpb=1.9362
step   3300 | loss=6.3301 | lr=2.27e-04
step   3400 | loss=6.2985 | lr=2.22e-04
[VAL] step 3400: bpb=1.9315
step   3500 | loss=6.2941 | lr=2.17e-04
step   3600 | loss=6.2996 | lr=2.11e-04
[VAL] step 3600: bpb=1.9284
step   3700 | loss=6.2824 | lr=2.06e-04
step   3800 | loss=6.2718 | lr=2.00e-04
[VAL] step 3800: bpb=1.9205
step   3900 | loss=6.2512 | lr=1.94e-04
step   4000 | loss=6.2424 | lr=1.88e-04
[VAL] step 4000: bpb=1.9143
step   4100 | loss=6.2691 | lr=1.83e-04
step   4200 | loss=6.2386 | lr=1.77e-04
[VAL] step 4200: bpb=1.9088
step   4300 | loss=6.2404 | lr=1.71e-04
step   4400 | loss=6.2280 | lr=1.65e-04
[VAL] step 4400: bpb=1.9052
step   4500 | loss=6.2216 | lr=1.59e-04
step   4600 | loss=6.2109 | lr=1.53e-04
[VAL] step 4600: bpb=1.9004
step   4700 | loss=6.2162 | lr=1.47e-04
step   4800 | loss=6.2116 | lr=1.42e-04
[VAL] step 4800: bpb=1.8963
step   4900 | loss=6.1893 | lr=1.36e-04
step   5000 | loss=6.1881 | lr=1.30e-04
[VAL] step 5000: bpb=1.8925
step   5100 | loss=6.1724 | lr=1.24e-04
step   5200 | loss=6.1557 | lr=1.19e-04
[VAL] step 5200: bpb=1.8895
step   5300 | loss=6.1506 | lr=1.13e-04
step   5400 | loss=6.1396 | lr=1.08e-04
[VAL] step 5400: bpb=1.8849
step   5500 | loss=6.1370 | lr=1.03e-04
step   5600 | loss=6.1543 | lr=9.75e-05
[VAL] step 5600: bpb=1.8820
step   5700 | loss=6.1395 | lr=9.25e-05
step   5800 | loss=6.1357 | lr=8.76e-05
[VAL] step 5800: bpb=1.8809
step   5900 | loss=6.1419 | lr=8.28e-05
step   6000 | loss=6.1269 | lr=7.82e-05
[VAL] step 6000: bpb=1.8778
step   6100 | loss=6.1160 | lr=7.38e-05
step   6200 | loss=6.1126 | lr=6.95e-05
[VAL] step 6200: bpb=1.8746
step   6300 | loss=6.1196 | lr=6.55e-05
step   6400 | loss=6.1044 | lr=6.16e-05
[VAL] step 6400: bpb=1.8718
step   6500 | loss=6.1007 | lr=5.79e-05
step   6600 | loss=6.1097 | lr=5.44e-05
[VAL] step 6600: bpb=1.8696
step   6700 | loss=6.1067 | lr=5.11e-05
step   6800 | loss=6.0987 | lr=4.81e-05
[VAL] step 6800: bpb=1.8672
step   6900 | loss=6.0984 | lr=4.53e-05
step   7000 | loss=6.0961 | lr=4.26e-05
[VAL] step 7000: bpb=1.8677
step   7100 | loss=6.0910 | lr=4.03e-05
step   7200 | loss=6.0936 | lr=3.81e-05
[VAL] step 7200: bpb=1.8663
step   7300 | loss=6.0855 | lr=3.62e-05
step   7400 | loss=6.0955 | lr=3.46e-05
[VAL] step 7400: bpb=1.8655
step   7500 | loss=6.0853 | lr=3.32e-05
step   7600 | loss=6.0768 | lr=3.21e-05
[VAL] step 7600: bpb=1.8641
step   7700 | loss=6.0677 | lr=3.12e-05
step   7800 | loss=6.0793 | lr=3.05e-05
[VAL] step 7800: bpb=1.8631
step   7900 | loss=6.0772 | lr=3.01e-05
step   8000 | loss=6.0712 | lr=3.00e-05
[VAL] step 8000: bpb=1.8622

=== DONE ===
{
  "exp_name": "exp003_lut_linear_unembed",
  "best_val_bpb": 1.8621791417511366,
  "final_val_bpb": 1.8621791417511366,
  "adam_params": 14912326,
  "n_bit_luts": 24,
  "training_time_hours": 0.409
}
