Failed to import warp: No module named 'warp'
Failed to import mujoco_warp: No module named 'warp'
Bucket-LIF SAC actor buckets=16 tph=32 heads=1 seed=0 | 12 outputs/cell (6 mu + 6 log-sigma) | front-end 1,696 + table 6,144 = 7,840 params (28.0% of the 28,032 hyperplane baseline; front-end 49.1% of its 3,456) | rows 32x16 = 512 | eps INERT; sharpness is trainable T_cross/T_bkt
  boundary-init=quantile: probed 4,096 random-policy states | boundaries [2.00,30.00] -> [13.54,32.60] | init occupancy entropy 2.97 of 4.00 bits (= 7.8 of 16 effective buckets)
[  500/10000] steps    32,000 | MJX ret     -4.4 | bkt-cov   0.0% | bkt  6.30±3.89 | Tbkt 1.000 | Tcr 1.000 | best     -4.4 |   5.6m
[ 1000/10000] steps    64,000 | MJX ret    284.6 | bkt-cov 100.0% | bkt 10.08±5.37 | Tbkt 0.279 | Tcr 0.423 | best    284.6 |  15.1m
[ 1500/10000] steps    96,000 | MJX ret    -41.0 | bkt-cov 100.0% | bkt  9.59±5.39 | Tbkt 0.083 | Tcr 0.361 | best    284.6 |  24.1m
[ 2000/10000] steps   128,000 | MJX ret    362.0 | bkt-cov 100.0% | bkt  8.31±5.95 | Tbkt 0.050 | Tcr 0.377 | best    362.0 |  33.0m
[ 2500/10000] steps   160,000 | MJX ret    298.5 | bkt-cov 100.0% | bkt  8.03±5.99 | Tbkt 0.030 | Tcr 0.371 | best    362.0 |  41.9m
[ 3000/10000] steps   192,000 | MJX ret    442.7 | bkt-cov 100.0% | bkt  7.73±5.92 | Tbkt 0.020 | Tcr 0.364 | best    442.7 |  50.7m
[ 3500/10000] steps   224,000 | MJX ret    526.9 | bkt-cov 100.0% | bkt  7.86±5.60 | Tbkt 0.015 | Tcr 0.359 | best    526.9 |  59.5m
[ 4000/10000] steps   256,000 | MJX ret    658.2 | bkt-cov 100.0% | bkt  7.68±5.77 | Tbkt 0.012 | Tcr 0.362 | best    658.2 |  68.3m
[ 4500/10000] steps   288,000 | MJX ret    703.8 | bkt-cov 100.0% | bkt  7.73±5.70 | Tbkt 0.010 | Tcr 0.368 | best    703.8 |  76.9m
[ 5000/10000] steps   320,000 | MJX ret    718.0 | bkt-cov 100.0% | bkt  7.77±5.66 | Tbkt 0.009 | Tcr 0.365 | best    718.0 |  85.5m
[ 5500/10000] steps   352,000 | MJX ret    746.2 | bkt-cov 100.0% | bkt  7.52±5.62 | Tbkt 0.008 | Tcr 0.367 | best    746.2 |  94.1m
[ 6000/10000] steps   384,000 | MJX ret    802.7 | bkt-cov 100.0% | bkt  7.40±5.61 | Tbkt 0.007 | Tcr 0.359 | best    802.7 | 101.9m
[ 6500/10000] steps   416,000 | MJX ret    738.3 | bkt-cov 100.0% | bkt  7.34±5.60 | Tbkt 0.006 | Tcr 0.354 | best    802.7 | 107.0m
[ 7000/10000] steps   448,000 | MJX ret    905.1 | bkt-cov 100.0% | bkt  7.52±5.60 | Tbkt 0.006 | Tcr 0.350 | best    905.1 | 111.5m
[ 7500/10000] steps   480,000 | MJX ret   1757.2 | bkt-cov 100.0% | bkt  7.39±5.66 | Tbkt 0.005 | Tcr 0.351 | best   1757.2 | 116.1m
[ 8000/10000] steps   512,000 | MJX ret   2142.1 | bkt-cov 100.0% | bkt  7.76±5.60 | Tbkt 0.005 | Tcr 0.344 | best   2142.1 | 120.5m
[ 8500/10000] steps   544,000 | MJX ret   2006.1 | bkt-cov 100.0% | bkt  7.78±5.80 | Tbkt 0.005 | Tcr 0.339 | best   2142.1 | 124.9m
[ 9000/10000] steps   576,000 | MJX ret   2969.7 | bkt-cov 100.0% | bkt  7.57±5.88 | Tbkt 0.005 | Tcr 0.339 | best   2969.7 | 129.3m
[ 9500/10000] steps   608,000 | MJX ret   2373.0 | bkt-cov 100.0% | bkt  7.45±5.87 | Tbkt 0.005 | Tcr 0.338 | best   2969.7 | 133.7m
[10000/10000] steps   640,000 | MJX ret   3285.1 | bkt-cov 100.0% | bkt  7.29±5.80 | Tbkt 0.004 | Tcr 0.334 | best   3285.1 | 137.2m
done: best MJX 3285.1 over 640,000 env-steps in 137.2 min
Failed to import warp: No module named 'warp'
Failed to import mujoco_warp: No module named 'warp'
bucket_sac_c34_s0_actor.npz (7,840 params = 1,696 front-end + 6,144 table) [hard] 16 buckets / tph32
  CPU-reference 100-ep deterministic: 3245.2 +/- 572.6  full 91/100  vel 2.366 m/s  len 959  [12s]
