Failed to import warp: No module named 'warp'
Failed to import mujoco_warp: No module named 'warp'
Bucket-LIF SAC actor buckets=16 tph=32 heads=1 seed=2 | 12 outputs/cell (6 mu + 6 log-sigma) | front-end 1,696 + table 6,144 = 7,840 params (28.0% of the 28,032 hyperplane baseline; front-end 49.1% of its 3,456) | rows 32x16 = 512 | eps INERT; sharpness is trainable T_cross/T_bkt
  boundary-init=quantile: probed 4,096 random-policy states | boundaries [2.00,30.00] -> [14.00,32.60] | init occupancy entropy 2.73 of 4.00 bits (= 6.6 of 16 effective buckets)
[  500/10000] steps    32,000 | MJX ret      2.9 | bkt-cov   0.0% | bkt  6.69±3.66 | Tbkt 1.000 | Tcr 1.000 | best      2.9 |   5.5m
[ 1000/10000] steps    64,000 | MJX ret     25.4 | bkt-cov  95.1% | bkt  8.69±5.92 | Tbkt 0.254 | Tcr 0.430 | best     25.4 |  14.8m
[ 1500/10000] steps    96,000 | MJX ret    437.1 | bkt-cov  95.1% | bkt  6.81±6.11 | Tbkt 0.083 | Tcr 0.423 | best    437.1 |  23.2m
[ 2000/10000] steps   128,000 | MJX ret    320.9 | bkt-cov  95.1% | bkt  6.01±5.94 | Tbkt 0.052 | Tcr 0.402 | best    437.1 |  31.7m
[ 2500/10000] steps   160,000 | MJX ret    528.1 | bkt-cov  95.1% | bkt  6.16±5.95 | Tbkt 0.033 | Tcr 0.373 | best    528.1 |  40.0m
[ 3000/10000] steps   192,000 | MJX ret    443.0 | bkt-cov  95.1% | bkt  5.68±5.79 | Tbkt 0.023 | Tcr 0.363 | best    528.1 |  48.5m
[ 3500/10000] steps   224,000 | MJX ret    417.9 | bkt-cov  95.1% | bkt  5.26±5.71 | Tbkt 0.017 | Tcr 0.361 | best    528.1 |  57.0m
[ 4000/10000] steps   256,000 | MJX ret    475.8 | bkt-cov  95.1% | bkt  5.26±5.68 | Tbkt 0.014 | Tcr 0.362 | best    528.1 |  65.4m
[ 4500/10000] steps   288,000 | MJX ret    562.7 | bkt-cov  95.1% | bkt  5.21±5.52 | Tbkt 0.012 | Tcr 0.347 | best    562.7 |  73.9m
[ 5000/10000] steps   320,000 | MJX ret    570.7 | bkt-cov  95.1% | bkt  5.36±5.55 | Tbkt 0.011 | Tcr 0.336 | best    570.7 |  82.5m
[ 5500/10000] steps   352,000 | MJX ret    593.1 | bkt-cov  95.1% | bkt  5.29±5.50 | Tbkt 0.010 | Tcr 0.334 | best    593.1 |  91.1m
[ 6000/10000] steps   384,000 | MJX ret    553.1 | bkt-cov  95.1% | bkt  5.23±5.51 | Tbkt 0.009 | Tcr 0.336 | best    593.1 |  99.5m
[ 6500/10000] steps   416,000 | MJX ret    664.3 | bkt-cov  95.1% | bkt  5.17±5.59 | Tbkt 0.008 | Tcr 0.336 | best    664.3 | 105.1m
[ 7000/10000] steps   448,000 | MJX ret    665.2 | bkt-cov  95.1% | bkt  5.16±5.31 | Tbkt 0.008 | Tcr 0.333 | best    665.2 | 109.3m
[ 7500/10000] steps   480,000 | MJX ret    662.2 | bkt-cov  95.1% | bkt  5.26±5.38 | Tbkt 0.007 | Tcr 0.331 | best    665.2 | 113.7m
[ 8000/10000] steps   512,000 | MJX ret    762.1 | bkt-cov  95.1% | bkt  5.50±5.31 | Tbkt 0.007 | Tcr 0.329 | best    762.1 | 118.0m
[ 8500/10000] steps   544,000 | MJX ret    771.9 | bkt-cov  95.1% | bkt  5.55±5.30 | Tbkt 0.006 | Tcr 0.329 | best    771.9 | 122.5m
[ 9000/10000] steps   576,000 | MJX ret    759.3 | bkt-cov  95.1% | bkt  5.48±5.35 | Tbkt 0.006 | Tcr 0.325 | best    771.9 | 126.9m
[ 9500/10000] steps   608,000 | MJX ret    816.7 | bkt-cov  95.1% | bkt  5.72±5.30 | Tbkt 0.006 | Tcr 0.325 | best    816.7 | 131.3m
[10000/10000] steps   640,000 | MJX ret    759.3 | bkt-cov  95.1% | bkt  5.75±5.45 | Tbkt 0.006 | Tcr 0.325 | best    816.7 | 135.7m
done: best MJX 816.7 over 640,000 env-steps in 135.7 min
Failed to import warp: No module named 'warp'
Failed to import mujoco_warp: No module named 'warp'
bucket_sac_c34_s2_actor.npz (7,840 params = 1,696 front-end + 6,144 table) [hard] 16 buckets / tph32
  CPU-reference 100-ep deterministic: 768.2 +/- 116.7  full 0/100  vel 2.024 m/s  len 253  [31s]
