Loading tokenizer from /home/starost/.cache/nanochat/tokenizer
Vocab size: 32768, BOS id: 32759
Total params (all fp32): 392,005,126
Q/K Joint MHLut: in_nap=8 tph=384 d_qk=32 (n_outputs=2*d_qk=64)
V MHLut:         in_nap=8 tph=256 d_v=32 (n_outputs=d_v)
out_proj MHLut:  in_nap=6 tph=3056 (n_outputs=E=64) + LayerNorm
Tokens/micro-batch: 4,096 | grad_accum: 1 | effective batch: 4,096 tokens
step      1 | loss=10.5461 | lr=3.75e-07
step    100 | loss=9.9086 | lr=3.75e-05
step    200 | loss=8.9573 | lr=7.50e-05
[VAL] step 200: bpb=2.4411
step    300 | loss=8.1022 | lr=1.12e-04
step    400 | loss=7.5168 | lr=1.50e-04
[VAL] step 400: bpb=2.1574
step    500 | loss=7.1251 | lr=1.87e-04
step    600 | loss=6.9237 | lr=2.25e-04
[VAL] step 600: bpb=2.0609
step    700 | loss=6.7955 | lr=2.62e-04
step    800 | loss=6.6957 | lr=3.00e-04
[VAL] step 800: bpb=2.0265
step    900 | loss=6.6246 | lr=3.00e-04
step   1000 | loss=6.5729 | lr=2.99e-04
[VAL] step 1000: bpb=1.9930
step   1100 | loss=6.5276 | lr=2.99e-04
step   1200 | loss=6.4852 | lr=2.98e-04
[VAL] step 1200: bpb=1.9682
step   1300 | loss=6.4293 | lr=2.97e-04
step   1400 | loss=6.4049 | lr=2.95e-04
[VAL] step 1400: bpb=1.9460
step   1500 | loss=6.3716 | lr=2.94e-04
step   1600 | loss=6.3075 | lr=2.92e-04
[VAL] step 1600: bpb=1.9217
step   1700 | loss=6.2770 | lr=2.90e-04
step   1800 | loss=6.2434 | lr=2.87e-04
[VAL] step 1800: bpb=1.9012
step   1900 | loss=6.2107 | lr=2.85e-04
step   2000 | loss=6.1758 | lr=2.82e-04
[VAL] step 2000: bpb=1.8806
step   2100 | loss=6.1262 | lr=2.79e-04
step   2200 | loss=6.1000 | lr=2.76e-04
[VAL] step 2200: bpb=1.8666
step   2300 | loss=6.0765 | lr=2.72e-04
step   2400 | loss=6.0659 | lr=2.68e-04
[VAL] step 2400: bpb=1.8508
step   2500 | loss=6.0444 | lr=2.65e-04
step   2600 | loss=6.0294 | lr=2.60e-04
[VAL] step 2600: bpb=1.8359
step   2700 | loss=5.9947 | lr=2.56e-04
step   2800 | loss=5.9815 | lr=2.52e-04
[VAL] step 2800: bpb=1.8254
step   2900 | loss=5.9533 | lr=2.47e-04
step   3000 | loss=5.9414 | lr=2.42e-04
[VAL] step 3000: bpb=1.8133
step   3100 | loss=5.9254 | lr=2.38e-04
step   3200 | loss=5.9148 | lr=2.32e-04
[VAL] step 3200: bpb=1.8035
step   3300 | loss=5.9033 | lr=2.27e-04
step   3400 | loss=5.8648 | lr=2.22e-04
[VAL] step 3400: bpb=1.7990
step   3500 | loss=5.8559 | lr=2.17e-04
step   3600 | loss=5.8665 | lr=2.11e-04
[VAL] step 3600: bpb=1.7936
step   3700 | loss=5.8415 | lr=2.06e-04
step   3800 | loss=5.8316 | lr=2.00e-04
[VAL] step 3800: bpb=1.7854
step   3900 | loss=5.8076 | lr=1.94e-04
step   4000 | loss=5.7915 | lr=1.88e-04
[VAL] step 4000: bpb=1.7779
step   4100 | loss=5.8176 | lr=1.83e-04
step   4200 | loss=5.7885 | lr=1.77e-04
[VAL] step 4200: bpb=1.7723
step   4300 | loss=5.7942 | lr=1.71e-04
step   4400 | loss=5.7800 | lr=1.65e-04
[VAL] step 4400: bpb=1.7665
step   4500 | loss=5.7666 | lr=1.59e-04
step   4600 | loss=5.7551 | lr=1.53e-04
[VAL] step 4600: bpb=1.7616
step   4700 | loss=5.7562 | lr=1.47e-04
step   4800 | loss=5.7548 | lr=1.42e-04
[VAL] step 4800: bpb=1.7573
step   4900 | loss=5.7310 | lr=1.36e-04
step   5000 | loss=5.7263 | lr=1.30e-04
[VAL] step 5000: bpb=1.7512
step   5100 | loss=5.7129 | lr=1.24e-04
step   5200 | loss=5.6941 | lr=1.19e-04
[VAL] step 5200: bpb=1.7453
step   5300 | loss=5.6831 | lr=1.13e-04
step   5400 | loss=5.6676 | lr=1.08e-04
[VAL] step 5400: bpb=1.7423
step   5500 | loss=5.6710 | lr=1.03e-04
step   5600 | loss=5.6862 | lr=9.75e-05
[VAL] step 5600: bpb=1.7373
step   5700 | loss=5.6706 | lr=9.25e-05
step   5800 | loss=5.6613 | lr=8.76e-05
[VAL] step 5800: bpb=1.7356
step   5900 | loss=5.6674 | lr=8.28e-05
step   6000 | loss=5.6523 | lr=7.82e-05
[VAL] step 6000: bpb=1.7303
step   6100 | loss=5.6393 | lr=7.38e-05
step   6200 | loss=5.6374 | lr=6.95e-05
[VAL] step 6200: bpb=1.7280
step   6300 | loss=5.6427 | lr=6.55e-05
step   6400 | loss=5.6240 | lr=6.16e-05
[VAL] step 6400: bpb=1.7248
step   6500 | loss=5.6165 | lr=5.79e-05
step   6600 | loss=5.6232 | lr=5.44e-05
[VAL] step 6600: bpb=1.7219
step   6700 | loss=5.6179 | lr=5.11e-05
step   6800 | loss=5.6093 | lr=4.81e-05
[VAL] step 6800: bpb=1.7200
step   6900 | loss=5.6099 | lr=4.53e-05
step   7000 | loss=5.6095 | lr=4.26e-05
[VAL] step 7000: bpb=1.7184
step   7100 | loss=5.6006 | lr=4.03e-05
step   7200 | loss=5.6047 | lr=3.81e-05
[VAL] step 7200: bpb=1.7165
step   7300 | loss=5.5921 | lr=3.62e-05
step   7400 | loss=5.6015 | lr=3.46e-05
[VAL] step 7400: bpb=1.7143
step   7500 | loss=5.5893 | lr=3.32e-05
step   7600 | loss=5.5825 | lr=3.21e-05
[VAL] step 7600: bpb=1.7130
step   7700 | loss=5.5726 | lr=3.12e-05
step   7800 | loss=5.5873 | lr=3.05e-05
[VAL] step 7800: bpb=1.7111
step   7900 | loss=5.5844 | lr=3.01e-05
step   8000 | loss=5.5751 | lr=3.00e-05
[VAL] step 8000: bpb=1.7105

=== DONE ===
{
  "exp_name": "exp154_bit_attention",
  "best_val_bpb": 1.710546470747685,
  "final_val_bpb": 1.710546470747685,
  "n_params": 392005126,
  "training_time_hours": 0.651
}
