exp011 evolve: K=16, 60 rounds, 2000 Adam steps/candidate, lambda 2e-07, dev cuda
  constant-predictor held-out MSE 1.05982, target sd 1.0948
W0810 18:50:02.284000 449070 torch/fx/experimental/symbolic_shapes.py:6833] [1/0] _maybe_guard_rel() was called on non-relation expression Eq(s59, 1) | Eq(s59, 32)
W0810 18:50:02.286000 449070 torch/fx/experimental/symbolic_shapes.py:6833] [1/0] _maybe_guard_rel() was called on non-relation expression Eq(s30, 1) | Eq(s30, 6)
  TEACHER reference (NAP  6 (2^6=   64 rows) x tph  32 x heads 1 anchors full_coverage lr 0.003  -> 12,288 params):
    held-out MSE 0.02559   params 12,288   throughput 192 weights/forward   (2000 steps)
  anchoring: LITERAL PAIRS evolved, pair mutation rate 0.03
W0810 18:50:05.123000 449070 torch/fx/experimental/symbolic_shapes.py:6833] [1/1] _maybe_guard_rel() was called on non-relation expression Eq(s4, 1) | Eq(s4, s14)
W0810 18:50:05.179000 449070 torch/fx/experimental/symbolic_shapes.py:6833] [1/1] _maybe_guard_rel() was called on non-relation expression Eq(s62, 1) | Eq(s62, 82)
W0810 18:50:05.180000 449070 torch/fx/experimental/symbolic_shapes.py:6833] [1/1] _maybe_guard_rel() was called on non-relation expression Eq(s30, 1) | Eq(s30, 6)
W0810 18:50:09.268000 449070 torch/fx/experimental/symbolic_shapes.py:6833] [1/2] _maybe_guard_rel() was called on non-relation expression Eq(s4, 1) | Eq(s4, s14)
W0810 18:50:09.321000 449070 torch/fx/experimental/symbolic_shapes.py:6833] [1/2] _maybe_guard_rel() was called on non-relation expression Eq(s62, 1) | Eq(s62, 66)
W0810 18:50:09.322000 449070 torch/fx/experimental/symbolic_shapes.py:6833] [1/2] _maybe_guard_rel() was called on non-relation expression Eq(s30, 1) | Eq(s30, 6)
W0810 18:50:11.995000 449070 torch/fx/experimental/symbolic_shapes.py:6833] [1/3] _maybe_guard_rel() was called on non-relation expression Eq(s4, 1) | Eq(s4, s14)
W0810 18:50:12.048000 449070 torch/fx/experimental/symbolic_shapes.py:6833] [1/3] _maybe_guard_rel() was called on non-relation expression Eq(s62, 1) | Eq(s62, 34)
W0810 18:50:12.049000 449070 torch/fx/experimental/symbolic_shapes.py:6833] [1/3] _maybe_guard_rel() was called on non-relation expression Eq(s30, 1) | Eq(s30, 6)
W0810 18:50:15.387000 449070 torch/fx/experimental/symbolic_shapes.py:6833] [1/4] _maybe_guard_rel() was called on non-relation expression Eq(s4, 1) | Eq(s4, s14)
W0810 18:50:15.438000 449070 torch/fx/experimental/symbolic_shapes.py:6833] [1/4] _maybe_guard_rel() was called on non-relation expression Eq(s62, 1) | Eq(s62, 11)
W0810 18:50:15.439000 449070 torch/fx/experimental/symbolic_shapes.py:6833] [1/4] _maybe_guard_rel() was called on non-relation expression Eq(s30, 1) | Eq(s30, 6)
W0810 18:50:18.108000 449070 torch/fx/experimental/symbolic_shapes.py:6833] [1/5] _maybe_guard_rel() was called on non-relation expression Eq(s4, 1) | Eq(s4, s14)
W0810 18:50:18.160000 449070 torch/fx/experimental/symbolic_shapes.py:6833] [1/5] _maybe_guard_rel() was called on non-relation expression Eq(s62, 1) | Eq(s62, 121)
W0810 18:50:18.161000 449070 torch/fx/experimental/symbolic_shapes.py:6833] [1/5] _maybe_guard_rel() was called on non-relation expression Eq(s30, 1) | Eq(s30, 6)
W0810 18:50:20.622000 449070 torch/fx/experimental/symbolic_shapes.py:6833] [1/6] _maybe_guard_rel() was called on non-relation expression Eq(s4, 1) | Eq(s4, s14)
W0810 18:50:20.674000 449070 torch/fx/experimental/symbolic_shapes.py:6833] [1/6] _maybe_guard_rel() was called on non-relation expression Eq(s62, 1) | Eq(s62, 104)
W0810 18:50:20.674000 449070 torch/fx/experimental/symbolic_shapes.py:6833] [1/6] _maybe_guard_rel() was called on non-relation expression Eq(s30, 1) | Eq(s30, 6)
W0810 18:50:23.470000 449070 torch/fx/experimental/symbolic_shapes.py:6833] [1/7] _maybe_guard_rel() was called on non-relation expression Eq(s4, 1) | Eq(s4, s14)
W0810 18:50:23.520000 449070 torch/fx/experimental/symbolic_shapes.py:6833] [1/7] _maybe_guard_rel() was called on non-relation expression Eq(s62, 1) | Eq(s62, 69)
W0810 18:50:23.521000 449070 torch/fx/experimental/symbolic_shapes.py:6833] [1/7] _maybe_guard_rel() was called on non-relation expression Eq(s30, 1) | Eq(s30, 6)
W0810 18:50:25.865000 449070 torch/_dynamo/convert_frame.py:1358] [1/8] torch._dynamo hit config.recompile_limit (8)
W0810 18:50:25.865000 449070 torch/_dynamo/convert_frame.py:1358] [1/8]    function: '_soft_lut_bwd_body' (/home/astarostin/projects/spiky/src/spiky/lutorch/fast_multi_head_lut.py:123)
W0810 18:50:25.865000 449070 torch/_dynamo/convert_frame.py:1358] [1/8]    last reason: 1/7: tensor 'index' size mismatch at index 1. expected 69, actual 81
W0810 18:50:25.865000 449070 torch/_dynamo/convert_frame.py:1358] [1/8] To log all recompilation reasons, use TORCH_LOGS="recompiles".
W0810 18:50:25.865000 449070 torch/_dynamo/convert_frame.py:1358] [1/8] To diagnose recompilation issues, see https://pytorch.org/docs/main/torch.compiler_troubleshooting.html
  round   0  best fitness -0.01980  min MSE 0.00566  params min/med 408/224,256  tput min/med 66/489  pareto 7  beats-teacher 0  153s
  round   1  best fitness -0.01981  min MSE 0.00556  params min/med 408/224,256  tput min/med 66/489  pareto 8  beats-teacher 0  300s
  round   2  best fitness -0.01986  min MSE 0.00568  params min/med 408/46,848  tput min/med 30/405  pareto 9  beats-teacher 0  358s
  round   3  best fitness -0.01980  min MSE 0.01075  params min/med 996/33,792  tput min/med 30/405  pareto 10  beats-teacher 0  410s
  round   4  best fitness -0.01980  min MSE 0.00925  params min/med 7,872/36,864  tput min/med 30/321  pareto 10  beats-teacher 0  458s
  round   5  best fitness -0.01980  min MSE 0.00921  params min/med 7,872/36,864  tput min/med 72/414  pareto 10  beats-teacher 0  507s
  round   6  best fitness -0.01975  min MSE 0.00891  params min/med 7,872/39,936  tput min/med 72/594  pareto 11  beats-teacher 0  556s
  round   7  best fitness -0.01977  min MSE 0.00892  params min/med 12,288/28,032  tput min/med 204/672  pareto 12  beats-teacher 0  604s
  round   8  best fitness -0.01966  min MSE 0.01121  params min/med 12,288/34,560  tput min/med 222/672  pareto 13  beats-teacher 0  654s
  round   9  best fitness -0.01971  min MSE 0.01077  params min/med 15,744/41,280  tput min/med 246/672  pareto 14  beats-teacher 0  704s
  round  10  best fitness -0.01972  min MSE 0.01052  params min/med 15,744/38,592  tput min/med 246/672  pareto 14  beats-teacher 0  754s
  round  11  best fitness -0.01965  min MSE 0.00859  params min/med 20,928/43,008  tput min/med 294/720  pareto 16  beats-teacher 0  817s
  round  12  best fitness -0.01952  min MSE 0.00848  params min/med 11,136/36,288  tput min/med 462/672  pareto 17  beats-teacher 0  884s
  round  13  best fitness -0.01941  min MSE 0.01114  params min/med 11,136/24,576  tput min/med 462/684  pareto 17  beats-teacher 0  938s
  round  14  best fitness -0.01938  min MSE 0.01104  params min/med 12,288/24,576  tput min/med 396/729  pareto 17  beats-teacher 0  988s
  round  15  best fitness -0.01940  min MSE 0.01122  params min/med 9,024/24,576  tput min/med 282/672  pareto 19  beats-teacher 0  1040s
  round  16  best fitness -0.01939  min MSE 0.00902  params min/med 7,200/33,216  tput min/med 282/672  pareto 21  beats-teacher 0  1091s
  round  17  best fitness -0.01945  min MSE 0.00909  params min/med 7,200/42,432  tput min/med 336/672  pareto 21  beats-teacher 0  1143s
  round  18  best fitness -0.01964  min MSE 0.01098  params min/med 10,752/24,576  tput min/med 336/672  pareto 21  beats-teacher 0  1192s
  round  19  best fitness -0.01962  min MSE 0.00933  params min/med 11,328/39,360  tput min/med 354/672  pareto 22  beats-teacher 0  1240s
  round  20  best fitness -0.01960  min MSE 0.00943  params min/med 6,912/33,600  tput min/med 432/672  pareto 26  beats-teacher 0  1288s
  round  21  best fitness -0.01957  min MSE 0.01109  params min/med 6,912/24,576  tput min/med 408/672  pareto 26  beats-teacher 0  1337s
  round  22  best fitness -0.01955  min MSE 0.01090  params min/med 12,288/25,344  tput min/med 408/672  pareto 26  beats-teacher 0  1383s
  round  23  best fitness -0.01950  min MSE 0.01119  params min/med 12,288/24,576  tput min/med 408/768  pareto 26  beats-teacher 0  1431s
  round  24  best fitness -0.01948  min MSE 0.01097  params min/med 12,288/24,576  tput min/med 474/768  pareto 27  beats-teacher 0  1479s
  round  25  best fitness -0.01930  min MSE 0.01138  params min/med 13,248/24,576  tput min/med 414/768  pareto 28  beats-teacher 0  1527s
  round  26  best fitness -0.01925  min MSE 0.01074  params min/med 8,928/24,576  tput min/med 414/768  pareto 30  beats-teacher 0  1575s
  round  27  best fitness -0.01916  min MSE 0.01066  params min/med 8,928/24,576  tput min/med 558/768  pareto 29  beats-teacher 0  1622s
  round  28  best fitness -0.01905  min MSE 0.01076  params min/med 12,288/24,576  tput min/med 714/768  pareto 29  beats-teacher 0  1670s
  round  29  best fitness -0.01893  min MSE 0.01014  params min/med 12,288/24,576  tput min/med 720/768  pareto 29  beats-teacher 0  1718s
  round  30  best fitness -0.01882  min MSE 0.01030  params min/med 18,432/24,576  tput min/med 576/768  pareto 29  beats-teacher 0  1767s
  round  31  best fitness -0.01890  min MSE 0.01079  params min/med 12,288/24,576  tput min/med 516/768  pareto 29  beats-teacher 0  1813s
  round  32  best fitness -0.01879  min MSE 0.01080  params min/med 12,288/24,576  tput min/med 276/768  pareto 30  beats-teacher 0  1861s
  round  33  best fitness -0.01881  min MSE 0.01056  params min/med 6,912/24,576  tput min/med 276/768  pareto 30  beats-teacher 0  1907s
  round  34  best fitness -0.01884  min MSE 0.01088  params min/med 6,912/24,576  tput min/med 270/768  pareto 31  beats-teacher 0  1954s
  round  35  best fitness -0.01878  min MSE 0.01053  params min/med 8,640/24,576  tput min/med 270/768  pareto 31  beats-teacher 0  2001s
  round  36  best fitness -0.01874  min MSE 0.01046  params min/med 7,104/24,576  tput min/med 222/768  pareto 31  beats-teacher 0  2050s
  round  37  best fitness -0.01871  min MSE 0.01071  params min/med 7,104/24,576  tput min/med 222/768  pareto 33  beats-teacher 0  2097s
  round  38  best fitness -0.01877  min MSE 0.01083  params min/med 8,064/24,576  tput min/med 252/768  pareto 33  beats-teacher 0  2144s
  round  39  best fitness -0.01877  min MSE 0.01088  params min/med 8,064/24,576  tput min/med 252/768  pareto 33  beats-teacher 0  2191s
  round  40  best fitness -0.01876  min MSE 0.01038  params min/med 13,824/24,576  tput min/med 432/768  pareto 33  beats-teacher 0  2239s
  round  41  best fitness -0.01870  min MSE 0.01077  params min/med 10,752/24,576  tput min/med 336/768  pareto 33  beats-teacher 0  2287s
  round  42  best fitness -0.01867  min MSE 0.01370  params min/med 10,752/24,576  tput min/med 336/768  pareto 33  beats-teacher 0  2334s
  round  43  best fitness -0.01877  min MSE 0.01395  params min/med 8,448/24,576  tput min/med 504/768  pareto 34  beats-teacher 0  2382s
  round  44  best fitness -0.01878  min MSE 0.01122  params min/med 8,448/24,576  tput min/med 504/768  pareto 34  beats-teacher 0  2428s
  round  45  best fitness -0.01876  min MSE 0.01111  params min/med 12,288/24,576  tput min/med 696/768  pareto 34  beats-teacher 0  2475s
  round  46  best fitness -0.01873  min MSE 0.01131  params min/med 12,288/24,576  tput min/med 768/768  pareto 34  beats-teacher 0  2521s
  round  47  best fitness -0.01876  min MSE 0.01039  params min/med 12,288/24,576  tput min/med 306/768  pareto 34  beats-teacher 0  2568s
  round  48  best fitness -0.01865  min MSE 0.01064  params min/med 12,288/24,576  tput min/med 306/768  pareto 34  beats-teacher 0  2617s
  round  49  best fitness -0.01861  min MSE 0.01090  params min/med 11,904/24,576  tput min/med 744/768  pareto 34  beats-teacher 0  2665s
  round  50  best fitness -0.01859  min MSE 0.01050  params min/med 11,904/24,576  tput min/med 744/768  pareto 34  beats-teacher 0  2714s
  round  51  best fitness -0.01861  min MSE 0.01057  params min/med 12,288/24,576  tput min/med 594/768  pareto 34  beats-teacher 0  2761s
  round  52  best fitness -0.01858  min MSE 0.01358  params min/med 10,272/24,576  tput min/med 594/768  pareto 35  beats-teacher 0  2809s
  round  53  best fitness -0.01852  min MSE 0.01346  params min/med 10,272/24,576  tput min/med 546/768  pareto 35  beats-teacher 0  2857s
  round  54  best fitness -0.01849  min MSE 0.01125  params min/med 12,288/24,576  tput min/med 546/768  pareto 35  beats-teacher 0  2904s
  round  55  best fitness -0.01850  min MSE 0.01022  params min/med 12,288/24,576  tput min/med 768/768  pareto 35  beats-teacher 0  2952s
  round  56  best fitness -0.01843  min MSE 0.01007  params min/med 8,448/24,576  tput min/med 528/768  pareto 34  beats-teacher 0  3000s
  round  57  best fitness -0.01847  min MSE 0.01033  params min/med 8,448/24,576  tput min/med 528/768  pareto 33  beats-teacher 0  3048s
  round  58  best fitness -0.01848  min MSE 0.01042  params min/med 9,312/24,576  tput min/med 330/768  pareto 33  beats-teacher 0  3094s
  round  59  best fitness -0.01840  min MSE 0.00789  params min/med 12,288/24,576  tput min/med 330/768  pareto 33  beats-teacher 0  3136s

BEST member 4: fitness -0.01840
  NAP  5 (2^5=   32 rows) x tph 128 x heads 1 anchors full_coverage lr 0.000822  -> 24,576 params

PARETO FRONT on PARAMETERS (33 points, lambda-free):
      params  throughput  held-out MSE  vs constant  config
         408         102       0.20276      0.1913x  NAP  2 x tph  17 x heads 1  lr 0.00299
         996         498       0.17052      0.1609x  NAP  1 x tph  83 x heads 1  lr 0.001581
       2,568         642       0.07220      0.0681x  NAP  2 x tph 107 x heads 1  lr 0.001581
       6,912         432       0.03193      0.0301x  NAP  4 x tph  72 x heads 1  lr 0.001239
       7,200         450       0.03133      0.0296x  NAP  4 x tph  75 x heads 1  lr 0.001509
       7,872         246       0.03019      0.0285x  NAP  5 x tph  41 x heads 1  lr 0.001124
       8,448         528       0.02811      0.0265x  NAP  4 x tph  88 x heads 1  lr 0.001213
       8,928         558       0.02743      0.0259x  NAP  4 x tph  93 x heads 1  lr 0.0006663
       9,024         282       0.02645      0.0250x  NAP  5 x tph  47 x heads 1  lr 0.001049
      10,272         642       0.02578      0.0243x  NAP  4 x tph 107 x heads 1  lr 0.001453
      10,752         336       0.02300      0.0217x  NAP  5 x tph  56 x heads 1  lr 0.001124
      11,520         720       0.02256      0.0213x  NAP  4 x tph 120 x heads 1  lr 0.00117
      12,288         768       0.02071      0.0195x  NAP  4 x tph 128 x heads 1  lr 0.0007516
      13,824         432       0.02009      0.0190x  NAP  5 x tph  72 x heads 1  lr 0.001213
      14,592         456       0.01979      0.0187x  NAP  5 x tph  76 x heads 1  lr 0.001124
      16,512         516       0.01817      0.0171x  NAP  5 x tph  86 x heads 1  lr 0.001124
      17,664         552       0.01762      0.0166x  NAP  5 x tph  92 x heads 1  lr 0.001307
      18,240         570       0.01709      0.0161x  NAP  5 x tph  95 x heads 1  lr 0.001463
      20,928         654       0.01624      0.0153x  NAP  5 x tph 109 x heads 1  lr 0.001307
      21,504         672       0.01509      0.0142x  NAP  5 x tph 112 x heads 1  lr 0.001239
      23,040         720       0.01458      0.0138x  NAP  5 x tph 120 x heads 1  lr 0.0006866
      24,192         756       0.01433      0.0135x  NAP  5 x tph 126 x heads 1  lr 0.001262
      24,576         768       0.01330      0.0126x  NAP  5 x tph 128 x heads 1  lr 0.000822
      36,864         576       0.01273      0.0120x  NAP  6 x tph  96 x heads 1  lr 0.000796
      39,552         618       0.01190      0.0112x  NAP  6 x tph 103 x heads 1  lr 0.0006941
      41,856         654       0.01158      0.0109x  NAP  6 x tph 109 x heads 1  lr 0.001124
      43,008         672       0.01098      0.0104x  NAP  6 x tph 112 x heads 1  lr 0.001124
      46,080         720       0.01066      0.0101x  NAP  6 x tph 120 x heads 1  lr 0.0006866
      49,152         768       0.01007      0.0095x  NAP  6 x tph 128 x heads 1  lr 0.001213
      83,712         654       0.00902      0.0085x  NAP  7 x tph 109 x heads 1  lr 0.0009984
      86,016         672       0.00891      0.0084x  NAP  7 x tph 112 x heads 1  lr 0.001124
      95,232         744       0.00789      0.0074x  NAP  7 x tph 124 x heads 1  lr 0.0009234
     755,712         738       0.00556      0.0052x  NAP 10 x tph 123 x heads 1  lr 0.0007807

PARETO FRONT on THROUGHPUT (5 points, lambda-free):
      params  throughput  held-out MSE  vs constant  config
      30,720          30       0.08466      0.0799x  NAP 10 x tph   5 x heads 1  lr 0.0005555
      67,584          66       0.02898      0.0273x  NAP 10 x tph  11 x heads 1  lr 0.0008928
     417,792         204       0.00933      0.0088x  NAP 11 x tph  34 x heads 1  lr 0.001186
   1,007,616         492       0.00588      0.0056x  NAP 11 x tph  82 x heads 1  lr 0.001039
     755,712         738       0.00556      0.0052x  NAP 10 x tph 123 x heads 1  lr 0.0007807

JOINT FRONT, non-dominated on (params, throughput, MSE) together (56 points):
      params  throughput  held-out MSE  vs constant  config
         408         102       0.20276      0.1913x  NAP  2 x tph  17 x heads 1  lr 0.00299
         996         498       0.17052      0.1609x  NAP  1 x tph  83 x heads 1  lr 0.001581
       2,568         642       0.07220      0.0681x  NAP  2 x tph 107 x heads 1  lr 0.001581
       6,912         432       0.03193      0.0301x  NAP  4 x tph  72 x heads 1  lr 0.001239
       7,104         222       0.03373      0.0318x  NAP  5 x tph  37 x heads 1  lr 0.001307
       7,200         450       0.03133      0.0296x  NAP  4 x tph  75 x heads 1  lr 0.001509
       7,872         246       0.03019      0.0285x  NAP  5 x tph  41 x heads 1  lr 0.001124
       8,448         528       0.02811      0.0265x  NAP  4 x tph  88 x heads 1  lr 0.001213
       8,640         270       0.02841      0.0268x  NAP  5 x tph  45 x heads 1  lr 0.001213
       8,928         558       0.02743      0.0259x  NAP  4 x tph  93 x heads 1  lr 0.0006663
       9,024         282       0.02645      0.0250x  NAP  5 x tph  47 x heads 1  lr 0.001049
      10,272         642       0.02578      0.0243x  NAP  4 x tph 107 x heads 1  lr 0.001453
      10,752         336       0.02300      0.0217x  NAP  5 x tph  56 x heads 1  lr 0.001124
      11,520         720       0.02256      0.0213x  NAP  4 x tph 120 x heads 1  lr 0.00117
      12,288         768       0.02071      0.0195x  NAP  4 x tph 128 x heads 1  lr 0.0007516
      12,672         396       0.02251      0.0212x  NAP  5 x tph  66 x heads 1  lr 0.001
      13,056         204       0.02529      0.0239x  NAP  6 x tph  34 x heads 1  lr 0.001124
      13,248         414       0.02123      0.0200x  NAP  5 x tph  69 x heads 1  lr 0.001741
      13,824         432       0.02009      0.0190x  NAP  5 x tph  72 x heads 1  lr 0.001213
      14,208         222       0.02377      0.0224x  NAP  6 x tph  37 x heads 1  lr 0.001124
      14,592         456       0.01979      0.0187x  NAP  5 x tph  76 x heads 1  lr 0.001124
      15,744         246       0.02312      0.0218x  NAP  6 x tph  41 x heads 1  lr 0.0007173
      16,512         258       0.02068      0.0195x  NAP  6 x tph  43 x heads 1  lr 0.001597
      16,512         516       0.01817      0.0171x  NAP  5 x tph  86 x heads 1  lr 0.001124
      17,664         276       0.01913      0.0181x  NAP  6 x tph  46 x heads 1  lr 0.0008503
      17,664         552       0.01762      0.0166x  NAP  5 x tph  92 x heads 1  lr 0.001307
      18,240         570       0.01709      0.0161x  NAP  5 x tph  95 x heads 1  lr 0.001463
      19,584         306       0.01910      0.0180x  NAP  6 x tph  51 x heads 1  lr 0.00117
      20,928         654       0.01624      0.0153x  NAP  5 x tph 109 x heads 1  lr 0.001307
      21,504         672       0.01509      0.0142x  NAP  5 x tph 112 x heads 1  lr 0.001239
      23,040         720       0.01458      0.0138x  NAP  5 x tph 120 x heads 1  lr 0.0006866
      24,192         756       0.01433      0.0135x  NAP  5 x tph 126 x heads 1  lr 0.001262
      24,576         768       0.01330      0.0126x  NAP  5 x tph 128 x heads 1  lr 0.000822
      26,112         408       0.01483      0.0140x  NAP  6 x tph  68 x heads 1  lr 0.0009941
      29,568         462       0.01393      0.0131x  NAP  6 x tph  77 x heads 1  lr 0.001124
      30,336         474       0.01343      0.0127x  NAP  6 x tph  79 x heads 1  lr 0.001124
      30,720          30       0.08466      0.0799x  NAP 10 x tph   5 x heads 1  lr 0.0005555
      36,864          72       0.03042      0.0287x  NAP  9 x tph  12 x heads 1  lr 0.001307
      36,864         576       0.01273      0.0120x  NAP  6 x tph  96 x heads 1  lr 0.000796
      37,632         294       0.01454      0.0137x  NAP  7 x tph  49 x heads 1  lr 0.001204
      39,552         618       0.01190      0.0112x  NAP  6 x tph 103 x heads 1  lr 0.0006941
      41,856         654       0.01158      0.0109x  NAP  6 x tph 109 x heads 1  lr 0.001124
      43,008         672       0.01098      0.0104x  NAP  6 x tph 112 x heads 1  lr 0.001124
      46,080         720       0.01066      0.0101x  NAP  6 x tph 120 x heads 1  lr 0.0006866
      49,152         768       0.01007      0.0095x  NAP  6 x tph 128 x heads 1  lr 0.001213
      50,688         198       0.03018      0.0285x  NAP  8 x tph  33 x heads 1  lr 0.02348
      52,992         414       0.01183      0.0112x  NAP  7 x tph  69 x heads 1  lr 0.0008563
      59,136         462       0.01132      0.0107x  NAP  7 x tph  77 x heads 1  lr 0.00109
      60,672         474       0.01090      0.0103x  NAP  7 x tph  79 x heads 1  lr 0.001028
      67,584          66       0.02898      0.0273x  NAP 10 x tph  11 x heads 1  lr 0.0008928
      83,712         654       0.00902      0.0085x  NAP  7 x tph 109 x heads 1  lr 0.0009984
      86,016         672       0.00891      0.0084x  NAP  7 x tph 112 x heads 1  lr 0.001124
      95,232         744       0.00789      0.0074x  NAP  7 x tph 124 x heads 1  lr 0.0009234
     417,792         204       0.00933      0.0088x  NAP 11 x tph  34 x heads 1  lr 0.001186
     755,712         738       0.00556      0.0052x  NAP 10 x tph 123 x heads 1  lr 0.0007807
   1,007,616         492       0.00588      0.0056x  NAP 11 x tph  82 x heads 1  lr 0.001039

VS THE TEACHER  (MSE 0.02559, params 12,288, throughput 192, tol 0.002):
  885/960 candidates matched the teacher's fit; 0 Pareto-dominate it; 0 beat it on BOTH params and throughput.
    none yet. Best fit overall: MSE 0.00556 at 755,712 params / 738 throughput.
    Cheapest match of the teacher's fit: 8,928 params / 558 throughput at MSE 0.02756.
