Loading tokenizer from /home/starost/.cache/nanochat/tokenizer
Vocab size: 32768, BOS id: 32759
Total params (all fp32): 339,545,856
Q/K Joint MHLut: in_nap=6 tph=256 d_qk=64 (n_outputs=2*d_qk=128) init_std=0.001 [no V2D, q_norm+k_norm -> SDPA]
V MHLut:         in_nap=8 tph=256 d_v=24 (n_outputs=d_v)
out_proj MHLut:  in_nap=6 tph=[2048, 2048, 1024, 1024, 1024, 1024] (n_outputs=E=96) + out_v2d/out_d2v
Attention:       SDPA (causal); plain default 1/sqrt(d_qk=64)=0.1250, no learnable attn_scale
Tokens/micro-batch: 4,096 | grad_accum: 1 | effective batch: 4,096 tokens
step      1 | loss=10.4158 | lr=6.25e-08
step    100 | loss=10.0770 | lr=6.25e-06
step    200 | loss=9.0567 | lr=1.25e-05
[VAL] step 200: bpb=2.4067
step    300 | loss=8.1650 | lr=1.87e-05
step    400 | loss=7.7569 | lr=2.50e-05
[VAL] step 400: bpb=2.2897
step    500 | loss=7.3903 | lr=3.13e-05
step    600 | loss=7.1025 | lr=3.75e-05
[VAL] step 600: bpb=2.0951
step    700 | loss=6.9032 | lr=4.37e-05
step    800 | loss=6.7541 | lr=5.00e-05
[VAL] step 800: bpb=2.0327
step    900 | loss=6.6546 | lr=5.62e-05
step   1000 | loss=6.5853 | lr=6.25e-05
[VAL] step 1000: bpb=1.9916
step   1100 | loss=6.5276 | lr=6.87e-05
step   1200 | loss=6.4778 | lr=7.50e-05
[VAL] step 1200: bpb=1.9621
step   1300 | loss=6.4103 | lr=8.12e-05
step   1400 | loss=6.3718 | lr=8.75e-05
[VAL] step 1400: bpb=1.9318
step   1500 | loss=6.3212 | lr=9.37e-05
step   1600 | loss=6.2428 | lr=1.00e-04
[VAL] step 1600: bpb=1.9013
step   1700 | loss=6.2102 | lr=1.06e-04
step   1800 | loss=6.1720 | lr=1.12e-04
[VAL] step 1800: bpb=1.8788
step   1900 | loss=6.1381 | lr=1.19e-04
step   2000 | loss=6.1007 | lr=1.25e-04
[VAL] step 2000: bpb=1.8577
step   2100 | loss=6.0493 | lr=1.31e-04
step   2200 | loss=6.0218 | lr=1.37e-04
[VAL] step 2200: bpb=1.8418
step   2300 | loss=5.9937 | lr=1.44e-04
step   2400 | loss=5.9806 | lr=1.50e-04
[VAL] step 2400: bpb=1.8231
step   2500 | loss=5.9546 | lr=1.56e-04
step   2600 | loss=5.9371 | lr=1.62e-04
[VAL] step 2600: bpb=1.8095
step   2700 | loss=5.8985 | lr=1.69e-04
step   2800 | loss=5.8809 | lr=1.75e-04
[VAL] step 2800: bpb=1.7975
step   2900 | loss=5.8501 | lr=1.81e-04
step   3000 | loss=5.8351 | lr=1.87e-04
[VAL] step 3000: bpb=1.7848
step   3100 | loss=5.8159 | lr=1.94e-04
step   3200 | loss=5.8036 | lr=2.00e-04
[VAL] step 3200: bpb=1.7698
step   3300 | loss=5.7922 | lr=2.06e-04
step   3400 | loss=5.7526 | lr=2.12e-04
[VAL] step 3400: bpb=1.7644
step   3500 | loss=5.7397 | lr=2.19e-04
step   3600 | loss=5.7464 | lr=2.25e-04
[VAL] step 3600: bpb=1.7612
step   3700 | loss=5.7202 | lr=2.31e-04
step   3800 | loss=5.7055 | lr=2.37e-04
[VAL] step 3800: bpb=1.7507
step   3900 | loss=5.6827 | lr=2.44e-04
step   4000 | loss=5.6611 | lr=2.50e-04
[VAL] step 4000: bpb=1.7453
step   4100 | loss=5.6932 | lr=2.56e-04
step   4200 | loss=5.6635 | lr=2.62e-04
[VAL] step 4200: bpb=1.7373
step   4300 | loss=5.6651 | lr=2.69e-04
step   4400 | loss=5.6526 | lr=2.75e-04
[VAL] step 4400: bpb=1.7274
step   4500 | loss=5.6343 | lr=2.81e-04
step   4600 | loss=5.6203 | lr=2.87e-04
[VAL] step 4600: bpb=1.7241
step   4700 | loss=5.6227 | lr=2.94e-04
step   4800 | loss=5.6206 | lr=3.00e-04
[VAL] step 4800: bpb=1.7247
step   4900 | loss=5.5989 | lr=3.00e-04
step   5000 | loss=5.5942 | lr=3.00e-04
[VAL] step 5000: bpb=1.7118
step   5100 | loss=5.5837 | lr=3.00e-04
step   5200 | loss=5.5593 | lr=3.00e-04
[VAL] step 5200: bpb=1.7067
step   5300 | loss=5.5396 | lr=3.00e-04
step   5400 | loss=5.5227 | lr=3.00e-04
[VAL] step 5400: bpb=1.6995
step   5500 | loss=5.5258 | lr=3.00e-04
step   5600 | loss=5.5385 | lr=3.00e-04
[VAL] step 5600: bpb=1.6927
step   5700 | loss=5.5210 | lr=3.00e-04
step   5800 | loss=5.5070 | lr=3.00e-04
[VAL] step 5800: bpb=1.6950
step   5900 | loss=5.5100 | lr=3.00e-04
step   6000 | loss=5.4935 | lr=2.99e-04
[VAL] step 6000: bpb=1.6816
step   6100 | loss=5.4768 | lr=2.99e-04
step   6200 | loss=5.4734 | lr=2.99e-04
[VAL] step 6200: bpb=1.6793
step   6300 | loss=5.4758 | lr=2.99e-04
step   6400 | loss=5.4554 | lr=2.99e-04
[VAL] step 6400: bpb=1.6758
step   6500 | loss=5.4438 | lr=2.99e-04
step   6600 | loss=5.4475 | lr=2.99e-04
[VAL] step 6600: bpb=1.6696
step   6700 | loss=5.4394 | lr=2.99e-04
step   6800 | loss=5.4264 | lr=2.99e-04
[VAL] step 6800: bpb=1.6709
step   6900 | loss=5.4222 | lr=2.98e-04
step   7000 | loss=5.4253 | lr=2.98e-04
[VAL] step 7000: bpb=1.6647
step   7100 | loss=5.4148 | lr=2.98e-04
step   7200 | loss=5.4153 | lr=2.98e-04
[VAL] step 7200: bpb=1.6585
step   7300 | loss=5.3987 | lr=2.98e-04
step   7400 | loss=5.4066 | lr=2.98e-04
[VAL] step 7400: bpb=1.6615
step   7500 | loss=5.3924 | lr=2.97e-04
step   7600 | loss=5.3860 | lr=2.97e-04
[VAL] step 7600: bpb=1.6473
step   7700 | loss=5.3742 | lr=2.97e-04
step   7800 | loss=5.3904 | lr=2.97e-04
[VAL] step 7800: bpb=1.6492
step   7900 | loss=5.3808 | lr=2.97e-04
step   8000 | loss=5.3723 | lr=2.96e-04
[VAL] step 8000: bpb=1.6486
step   8100 | loss=5.3753 | lr=2.96e-04
step   8200 | loss=5.3604 | lr=2.96e-04
[VAL] step 8200: bpb=1.6472
step   8300 | loss=5.3622 | lr=2.96e-04
step   8400 | loss=5.3528 | lr=2.95e-04
[VAL] step 8400: bpb=1.6418
step   8500 | loss=5.3387 | lr=2.95e-04
step   8600 | loss=5.3602 | lr=2.95e-04
[VAL] step 8600: bpb=1.6449
step   8700 | loss=5.3547 | lr=2.95e-04
step   8800 | loss=5.3446 | lr=2.94e-04
[VAL] step 8800: bpb=1.6388
step   8900 | loss=5.3253 | lr=2.94e-04
step   9000 | loss=5.3299 | lr=2.94e-04
[VAL] step 9000: bpb=1.6378
step   9100 | loss=5.3249 | lr=2.93e-04
step   9200 | loss=5.3254 | lr=2.93e-04
[VAL] step 9200: bpb=1.6362
step   9300 | loss=5.3265 | lr=2.93e-04
step   9400 | loss=5.3265 | lr=2.93e-04
[VAL] step 9400: bpb=1.6351
step   9500 | loss=5.3396 | lr=2.92e-04
step   9600 | loss=5.3464 | lr=2.92e-04
[VAL] step 9600: bpb=1.6320
step   9700 | loss=5.3327 | lr=2.92e-04
step   9800 | loss=5.3287 | lr=2.91e-04
[VAL] step 9800: bpb=1.6302
step   9900 | loss=5.2980 | lr=2.91e-04
step  10000 | loss=5.2909 | lr=2.90e-04
[VAL] step 10000: bpb=1.6277
step  10100 | loss=5.3022 | lr=2.90e-04
step  10200 | loss=5.2809 | lr=2.90e-04
[VAL] step 10200: bpb=1.6279
step  10300 | loss=5.2993 | lr=2.89e-04
step  10400 | loss=5.2908 | lr=2.89e-04
[VAL] step 10400: bpb=1.6297
step  10500 | loss=5.2888 | lr=2.89e-04
step  10600 | loss=5.2794 | lr=2.88e-04
[VAL] step 10600: bpb=1.6282
step  10700 | loss=5.2827 | lr=2.88e-04
step  10800 | loss=5.2822 | lr=2.87e-04
[VAL] step 10800: bpb=1.6218
step  10900 | loss=5.2722 | lr=2.87e-04
step  11000 | loss=5.2620 | lr=2.87e-04
[VAL] step 11000: bpb=1.6215
step  11100 | loss=5.2742 | lr=2.86e-04
step  11200 | loss=5.2572 | lr=2.86e-04
[VAL] step 11200: bpb=1.6209
step  11300 | loss=5.2491 | lr=2.85e-04
step  11400 | loss=5.2615 | lr=2.85e-04
[VAL] step 11400: bpb=1.6194
step  11500 | loss=5.2673 | lr=2.84e-04
step  11600 | loss=5.2671 | lr=2.84e-04
[VAL] step 11600: bpb=1.6169
step  11700 | loss=5.2596 | lr=2.83e-04
step  11800 | loss=5.2638 | lr=2.83e-04
[VAL] step 11800: bpb=1.6138
step  11900 | loss=5.2422 | lr=2.82e-04
step  12000 | loss=5.2510 | lr=2.82e-04
[VAL] step 12000: bpb=1.6129
step  12100 | loss=5.2443 | lr=2.81e-04
step  12200 | loss=5.2271 | lr=2.81e-04
[VAL] step 12200: bpb=1.6126
step  12300 | loss=5.2325 | lr=2.80e-04
step  12400 | loss=5.2386 | lr=2.80e-04
[VAL] step 12400: bpb=1.6149
step  12500 | loss=5.2454 | lr=2.79e-04
step  12600 | loss=5.2367 | lr=2.79e-04
[VAL] step 12600: bpb=1.6108
step  12700 | loss=5.2474 | lr=2.78e-04
step  12800 | loss=5.2419 | lr=2.78e-04
[VAL] step 12800: bpb=1.6090
step  12900 | loss=5.2499 | lr=2.77e-04
step  13000 | loss=5.2552 | lr=2.77e-04
[VAL] step 13000: bpb=1.6065
step  13100 | loss=5.2326 | lr=2.76e-04
step  13200 | loss=5.2142 | lr=2.76e-04
[VAL] step 13200: bpb=1.6076
step  13300 | loss=5.2537 | lr=2.75e-04
step  13400 | loss=5.2509 | lr=2.74e-04
[VAL] step 13400: bpb=1.6058
step  13500 | loss=5.2242 | lr=2.74e-04
step  13600 | loss=5.2153 | lr=2.73e-04
[VAL] step 13600: bpb=1.6061
step  13700 | loss=5.2375 | lr=2.73e-04
step  13800 | loss=5.2328 | lr=2.72e-04
[VAL] step 13800: bpb=1.6071
step  13900 | loss=5.2342 | lr=2.72e-04
step  14000 | loss=5.2262 | lr=2.71e-04
[VAL] step 14000: bpb=1.6045
step  14100 | loss=5.2241 | lr=2.70e-04
step  14200 | loss=5.2240 | lr=2.70e-04
[VAL] step 14200: bpb=1.6040
step  14300 | loss=5.2118 | lr=2.69e-04
step  14400 | loss=5.2139 | lr=2.68e-04
[VAL] step 14400: bpb=1.6042
step  14500 | loss=5.2070 | lr=2.68e-04
step  14600 | loss=5.2018 | lr=2.67e-04
[VAL] step 14600: bpb=1.6005
step  14700 | loss=5.2028 | lr=2.66e-04
step  14800 | loss=5.1888 | lr=2.66e-04
[VAL] step 14800: bpb=1.6032
step  14900 | loss=5.2088 | lr=2.65e-04
step  15000 | loss=5.2053 | lr=2.65e-04
[VAL] step 15000: bpb=1.6010
step  15100 | loss=5.1896 | lr=2.64e-04
step  15200 | loss=5.1830 | lr=2.63e-04
[VAL] step 15200: bpb=1.6010
step  15300 | loss=5.1790 | lr=2.63e-04
step  15400 | loss=5.2075 | lr=2.62e-04
[VAL] step 15400: bpb=1.5991
step  15500 | loss=5.1954 | lr=2.61e-04
step  15600 | loss=5.1758 | lr=2.60e-04
[VAL] step 15600: bpb=1.5960
step  15700 | loss=5.1854 | lr=2.60e-04
step  15800 | loss=5.2127 | lr=2.59e-04
[VAL] step 15800: bpb=1.5994
step  15900 | loss=5.1963 | lr=2.58e-04
step  16000 | loss=5.1828 | lr=2.58e-04
[VAL] step 16000: bpb=1.5949
step  16100 | loss=5.1984 | lr=2.57e-04
step  16200 | loss=5.1831 | lr=2.56e-04
[VAL] step 16200: bpb=1.5939
step  16300 | loss=5.1841 | lr=2.55e-04
step  16400 | loss=5.1799 | lr=2.55e-04
[VAL] step 16400: bpb=1.5929
step  16500 | loss=5.1775 | lr=2.54e-04
step  16600 | loss=5.1764 | lr=2.53e-04
[VAL] step 16600: bpb=1.5991
step  16700 | loss=5.1672 | lr=2.53e-04
step  16800 | loss=5.1804 | lr=2.52e-04
[VAL] step 16800: bpb=1.5945
step  16900 | loss=5.1968 | lr=2.51e-04
step  17000 | loss=5.1938 | lr=2.50e-04
[VAL] step 17000: bpb=1.5935
step  17100 | loss=5.1915 | lr=2.49e-04
step  17200 | loss=5.1598 | lr=2.49e-04
[VAL] step 17200: bpb=1.5906
step  17300 | loss=5.1588 | lr=2.48e-04
step  17400 | loss=5.1595 | lr=2.47e-04
[VAL] step 17400: bpb=1.5902
step  17500 | loss=5.1840 | lr=2.46e-04
step  17600 | loss=5.1789 | lr=2.46e-04
[VAL] step 17600: bpb=1.5904
step  17700 | loss=5.1706 | lr=2.45e-04
step  17800 | loss=5.1784 | lr=2.44e-04
[VAL] step 17800: bpb=1.5868
step  17900 | loss=5.1611 | lr=2.43e-04
step  18000 | loss=5.1691 | lr=2.42e-04
[VAL] step 18000: bpb=1.5867
step  18100 | loss=5.1669 | lr=2.42e-04
step  18200 | loss=5.1638 | lr=2.41e-04
[VAL] step 18200: bpb=1.5883
step  18300 | loss=5.1576 | lr=2.40e-04
step  18400 | loss=5.1804 | lr=2.39e-04
[VAL] step 18400: bpb=1.5896
step  18500 | loss=5.1703 | lr=2.38e-04
step  18600 | loss=5.1688 | lr=2.38e-04
[VAL] step 18600: bpb=1.5846
step  18700 | loss=5.1693 | lr=2.37e-04
step  18800 | loss=5.1429 | lr=2.36e-04
[VAL] step 18800: bpb=1.5852
step  18900 | loss=5.1465 | lr=2.35e-04
step  19000 | loss=5.1345 | lr=2.34e-04
[VAL] step 19000: bpb=1.5839
step  19100 | loss=5.1576 | lr=2.33e-04
step  19200 | loss=5.1569 | lr=2.32e-04
[VAL] step 19200: bpb=1.5846
step  19300 | loss=5.1397 | lr=2.32e-04
step  19400 | loss=5.1255 | lr=2.31e-04
[VAL] step 19400: bpb=1.5836
step  19500 | loss=5.1374 | lr=2.30e-04
step  19600 | loss=5.1407 | lr=2.29e-04
[VAL] step 19600: bpb=1.5821
step  19700 | loss=5.1301 | lr=2.28e-04
step  19800 | loss=5.1427 | lr=2.27e-04
[VAL] step 19800: bpb=1.5821
step  19900 | loss=5.1350 | lr=2.26e-04
step  20000 | loss=5.1299 | lr=2.26e-04
[VAL] step 20000: bpb=1.5787
step  20100 | loss=5.1269 | lr=2.25e-04
step  20200 | loss=5.1300 | lr=2.24e-04
[VAL] step 20200: bpb=1.5804
step  20300 | loss=5.1413 | lr=2.23e-04
step  20400 | loss=5.1184 | lr=2.22e-04
[VAL] step 20400: bpb=1.5786
step  20500 | loss=5.1231 | lr=2.21e-04
step  20600 | loss=5.1163 | lr=2.20e-04
[VAL] step 20600: bpb=1.5807
step  20700 | loss=5.1167 | lr=2.19e-04
step  20800 | loss=5.0975 | lr=2.18e-04
[VAL] step 20800: bpb=1.5775
step  20900 | loss=5.1022 | lr=2.18e-04
step  21000 | loss=5.1051 | lr=2.17e-04
[VAL] step 21000: bpb=1.5754
step  21100 | loss=5.1096 | lr=2.16e-04
step  21200 | loss=5.0906 | lr=2.15e-04
[VAL] step 21200: bpb=1.5749
step  21300 | loss=5.0980 | lr=2.14e-04
step  21400 | loss=5.0936 | lr=2.13e-04
[VAL] step 21400: bpb=1.5732
step  21500 | loss=5.0877 | lr=2.12e-04
step  21600 | loss=5.0956 | lr=2.11e-04
[VAL] step 21600: bpb=1.5702
step  21700 | loss=5.1062 | lr=2.10e-04
step  21800 | loss=5.0994 | lr=2.09e-04
[VAL] step 21800: bpb=1.5705
step  21900 | loss=5.0938 | lr=2.08e-04
step  22000 | loss=5.0926 | lr=2.07e-04
[VAL] step 22000: bpb=1.5668
step  22100 | loss=5.0778 | lr=2.07e-04
step  22200 | loss=5.1095 | lr=2.06e-04
[VAL] step 22200: bpb=1.5651
step  22300 | loss=5.0965 | lr=2.05e-04
step  22400 | loss=5.0904 | lr=2.04e-04
[VAL] step 22400: bpb=1.5647
step  22500 | loss=5.0822 | lr=2.03e-04
step  22600 | loss=5.0958 | lr=2.02e-04
[VAL] step 22600: bpb=1.5634
step  22700 | loss=5.1034 | lr=2.01e-04
step  22800 | loss=5.0918 | lr=2.00e-04
[VAL] step 22800: bpb=1.5629
step  22900 | loss=5.0925 | lr=1.99e-04
step  23000 | loss=5.0869 | lr=1.98e-04
[VAL] step 23000: bpb=1.5620
step  23100 | loss=5.0783 | lr=1.97e-04
step  23200 | loss=5.0793 | lr=1.96e-04
[VAL] step 23200: bpb=1.5618
step  23300 | loss=5.0913 | lr=1.95e-04
step  23400 | loss=5.0815 | lr=1.94e-04
[VAL] step 23400: bpb=1.5650
step  23500 | loss=5.0574 | lr=1.93e-04
step  23600 | loss=5.0577 | lr=1.92e-04
[VAL] step 23600: bpb=1.5648
step  23700 | loss=5.0849 | lr=1.91e-04
step  23800 | loss=5.0876 | lr=1.90e-04
[VAL] step 23800: bpb=1.5639
step  23900 | loss=5.0695 | lr=1.89e-04
step  24000 | loss=5.0652 | lr=1.88e-04
[VAL] step 24000: bpb=1.5608
step  24100 | loss=5.0574 | lr=1.87e-04
step  24200 | loss=5.0649 | lr=1.87e-04
[VAL] step 24200: bpb=1.5591
step  24300 | loss=5.0644 | lr=1.86e-04
step  24400 | loss=5.0622 | lr=1.85e-04
[VAL] step 24400: bpb=1.5580
step  24500 | loss=5.0569 | lr=1.84e-04
step  24600 | loss=5.0580 | lr=1.83e-04
[VAL] step 24600: bpb=1.5597
step  24700 | loss=5.0686 | lr=1.82e-04
step  24800 | loss=5.0739 | lr=1.81e-04
[VAL] step 24800: bpb=1.5572
step  24900 | loss=5.0647 | lr=1.80e-04
step  25000 | loss=5.0668 | lr=1.79e-04
[VAL] step 25000: bpb=1.5591
step  25100 | loss=5.0600 | lr=1.78e-04
step  25200 | loss=5.0517 | lr=1.77e-04
[VAL] step 25200: bpb=1.5593
step  25300 | loss=5.0590 | lr=1.76e-04
step  25400 | loss=5.0542 | lr=1.75e-04
[VAL] step 25400: bpb=1.5577
step  25500 | loss=5.0606 | lr=1.74e-04
step  25600 | loss=5.0515 | lr=1.73e-04
[VAL] step 25600: bpb=1.5552
step  25700 | loss=5.0348 | lr=1.72e-04
step  25800 | loss=5.0556 | lr=1.71e-04
[VAL] step 25800: bpb=1.5555
step  25900 | loss=5.0648 | lr=1.70e-04
step  26000 | loss=5.0517 | lr=1.69e-04
[VAL] step 26000: bpb=1.5544
step  26100 | loss=5.0554 | lr=1.68e-04
step  26200 | loss=5.0579 | lr=1.67e-04
[VAL] step 26200: bpb=1.5552
step  26300 | loss=5.0490 | lr=1.66e-04
step  26400 | loss=5.0610 | lr=1.65e-04
[VAL] step 26400: bpb=1.5546
step  26500 | loss=5.0671 | lr=1.64e-04
step  26600 | loss=5.0672 | lr=1.63e-04
[VAL] step 26600: bpb=1.5549
step  26700 | loss=5.0437 | lr=1.62e-04
step  26800 | loss=5.0457 | lr=1.61e-04
[VAL] step 26800: bpb=1.5557
step  26900 | loss=5.0528 | lr=1.60e-04
step  27000 | loss=5.0426 | lr=1.59e-04
[VAL] step 27000: bpb=1.5557
step  27100 | loss=5.0420 | lr=1.58e-04
step  27200 | loss=5.0578 | lr=1.57e-04
[VAL] step 27200: bpb=1.5555
step  27300 | loss=5.0694 | lr=1.56e-04
step  27400 | loss=5.0581 | lr=1.55e-04
[VAL] step 27400: bpb=1.5538
step  27500 | loss=5.0501 | lr=1.54e-04
step  27600 | loss=5.0508 | lr=1.53e-04
[VAL] step 27600: bpb=1.5537
step  27700 | loss=5.0670 | lr=1.52e-04
step  27800 | loss=5.0505 | lr=1.51e-04
[VAL] step 27800: bpb=1.5529
step  27900 | loss=5.0417 | lr=1.50e-04
step  28000 | loss=5.0412 | lr=1.49e-04
[VAL] step 28000: bpb=1.5512
step  28100 | loss=5.0146 | lr=1.48e-04
step  28200 | loss=5.0343 | lr=1.47e-04
[VAL] step 28200: bpb=1.5499
step  28300 | loss=5.0430 | lr=1.46e-04
step  28400 | loss=5.0255 | lr=1.45e-04
[VAL] step 28400: bpb=1.5484
step  28500 | loss=5.0246 | lr=1.44e-04
step  28600 | loss=5.0249 | lr=1.43e-04
[VAL] step 28600: bpb=1.5468
step  28700 | loss=5.0343 | lr=1.43e-04
step  28800 | loss=5.0459 | lr=1.42e-04
[VAL] step 28800: bpb=1.5444
step  28900 | loss=5.0295 | lr=1.41e-04
step  29000 | loss=5.0010 | lr=1.40e-04
[VAL] step 29000: bpb=1.5434
step  29100 | loss=5.0130 | lr=1.39e-04
step  29200 | loss=5.0175 | lr=1.38e-04
[VAL] step 29200: bpb=1.5435
step  29300 | loss=4.9940 | lr=1.37e-04
step  29400 | loss=5.0203 | lr=1.36e-04
[VAL] step 29400: bpb=1.5430
step  29500 | loss=5.0117 | lr=1.35e-04
step  29600 | loss=5.0134 | lr=1.34e-04
[VAL] step 29600: bpb=1.5421
step  29700 | loss=5.0109 | lr=1.33e-04
step  29800 | loss=5.0137 | lr=1.32e-04
[VAL] step 29800: bpb=1.5398
step  29900 | loss=5.0149 | lr=1.31e-04
step  30000 | loss=5.0096 | lr=1.30e-04
[VAL] step 30000: bpb=1.5383
step  30100 | loss=4.9934 | lr=1.29e-04
step  30200 | loss=5.0198 | lr=1.28e-04
[VAL] step 30200: bpb=1.5398
step  30300 | loss=5.0200 | lr=1.27e-04
step  30400 | loss=4.9958 | lr=1.26e-04
[VAL] step 30400: bpb=1.5351
step  30500 | loss=4.9801 | lr=1.25e-04
step  30600 | loss=4.9608 | lr=1.24e-04
[VAL] step 30600: bpb=1.5374
step  30700 | loss=4.9873 | lr=1.23e-04
step  30800 | loss=4.9840 | lr=1.23e-04
[VAL] step 30800: bpb=1.5373
step  30900 | loss=4.9978 | lr=1.22e-04
step  31000 | loss=5.0011 | lr=1.21e-04
[VAL] step 31000: bpb=1.5372
step  31100 | loss=4.9725 | lr=1.20e-04
step  31200 | loss=4.9821 | lr=1.19e-04
[VAL] step 31200: bpb=1.5367
step  31300 | loss=4.9936 | lr=1.18e-04
step  31400 | loss=4.9843 | lr=1.17e-04
[VAL] step 31400: bpb=1.5350
step  31500 | loss=4.9996 | lr=1.16e-04
step  31600 | loss=4.9863 | lr=1.15e-04
[VAL] step 31600: bpb=1.5344
step  31700 | loss=4.9825 | lr=1.14e-04
step  31800 | loss=4.9810 | lr=1.13e-04
[VAL] step 31800: bpb=1.5358
step  31900 | loss=4.9958 | lr=1.12e-04
step  32000 | loss=4.9841 | lr=1.12e-04
[VAL] step 32000: bpb=1.5332
step  32100 | loss=4.9880 | lr=1.11e-04
step  32200 | loss=4.9807 | lr=1.10e-04
[VAL] step 32200: bpb=1.5339
step  32300 | loss=4.9670 | lr=1.09e-04
step  32400 | loss=4.9783 | lr=1.08e-04
[VAL] step 32400: bpb=1.5331
step  32500 | loss=4.9635 | lr=1.07e-04
step  32600 | loss=4.9793 | lr=1.06e-04
[VAL] step 32600: bpb=1.5326
step  32700 | loss=4.9606 | lr=1.05e-04
step  32800 | loss=4.9643 | lr=1.04e-04
[VAL] step 32800: bpb=1.5312
step  32900 | loss=4.9612 | lr=1.04e-04
step  33000 | loss=4.9671 | lr=1.03e-04
[VAL] step 33000: bpb=1.5316
step  33100 | loss=4.9652 | lr=1.02e-04
step  33200 | loss=4.9503 | lr=1.01e-04
[VAL] step 33200: bpb=1.5299
step  33300 | loss=4.9801 | lr=1.00e-04
step  33400 | loss=4.9690 | lr=9.92e-05
[VAL] step 33400: bpb=1.5286
step  33500 | loss=4.9758 | lr=9.84e-05
step  33600 | loss=4.9658 | lr=9.75e-05
[VAL] step 33600: bpb=1.5287
step  33700 | loss=4.9554 | lr=9.67e-05
step  33800 | loss=4.9568 | lr=9.58e-05
[VAL] step 33800: bpb=1.5257
step  33900 | loss=4.9518 | lr=9.50e-05
step  34000 | loss=4.9672 | lr=9.41e-05
[VAL] step 34000: bpb=1.5266
step  34100 | loss=4.9714 | lr=9.33e-05
step  34200 | loss=4.9492 | lr=9.25e-05
[VAL] step 34200: bpb=1.5248
step  34300 | loss=4.9626 | lr=9.16e-05
step  34400 | loss=4.9563 | lr=9.08e-05
[VAL] step 34400: bpb=1.5249
step  34500 | loss=4.9686 | lr=9.00e-05
step  34600 | loss=4.9610 | lr=8.92e-05
[VAL] step 34600: bpb=1.5231
step  34700 | loss=4.9638 | lr=8.84e-05
step  34800 | loss=4.9549 | lr=8.76e-05
[VAL] step 34800: bpb=1.5232
step  34900 | loss=4.9464 | lr=8.68e-05
step  35000 | loss=4.9589 | lr=8.60e-05
[VAL] step 35000: bpb=1.5238
step  35100 | loss=4.9429 | lr=8.52e-05
step  35200 | loss=4.9585 | lr=8.44e-05
[VAL] step 35200: bpb=1.5213
step  35300 | loss=4.9695 | lr=8.36e-05
step  35400 | loss=4.9533 | lr=8.28e-05
[VAL] step 35400: bpb=1.5206
step  35500 | loss=4.9647 | lr=8.20e-05
step  35600 | loss=4.9636 | lr=8.13e-05
[VAL] step 35600: bpb=1.5204
step  35700 | loss=4.9640 | lr=8.05e-05
step  35800 | loss=4.9408 | lr=7.97e-05
[VAL] step 35800: bpb=1.5209
step  35900 | loss=4.9347 | lr=7.90e-05
step  36000 | loss=4.9339 | lr=7.82e-05
[VAL] step 36000: bpb=1.5196
step  36100 | loss=4.9537 | lr=7.75e-05
step  36200 | loss=4.9487 | lr=7.67e-05
[VAL] step 36200: bpb=1.5193
step  36300 | loss=4.9327 | lr=7.60e-05
step  36400 | loss=4.9196 | lr=7.53e-05
[VAL] step 36400: bpb=1.5191
step  36500 | loss=4.9292 | lr=7.45e-05
step  36600 | loss=4.9316 | lr=7.38e-05
[VAL] step 36600: bpb=1.5188
step  36700 | loss=4.9213 | lr=7.31e-05
step  36800 | loss=4.9267 | lr=7.24e-05
[VAL] step 36800: bpb=1.5183
step  36900 | loss=4.9194 | lr=7.16e-05
step  37000 | loss=4.9269 | lr=7.09e-05
[VAL] step 37000: bpb=1.5180
step  37100 | loss=4.9351 | lr=7.02e-05
step  37200 | loss=4.9385 | lr=6.95e-05
[VAL] step 37200: bpb=1.5163
step  37300 | loss=4.9285 | lr=6.88e-05
step  37400 | loss=4.9266 | lr=6.82e-05
[VAL] step 37400: bpb=1.5173
step  37500 | loss=4.9442 | lr=6.75e-05
step  37600 | loss=4.9144 | lr=6.68e-05
[VAL] step 37600: bpb=1.5185
step  37700 | loss=4.9203 | lr=6.61e-05
step  37800 | loss=4.9227 | lr=6.55e-05
[VAL] step 37800: bpb=1.5162
step  37900 | loss=4.9296 | lr=6.48e-05
step  38000 | loss=4.9250 | lr=6.42e-05
[VAL] step 38000: bpb=1.5138
step  38100 | loss=4.9399 | lr=6.35e-05
step  38200 | loss=4.9205 | lr=6.29e-05
[VAL] step 38200: bpb=1.5143
step  38300 | loss=4.9221 | lr=6.22e-05
step  38400 | loss=4.9225 | lr=6.16e-05
[VAL] step 38400: bpb=1.5122
step  38500 | loss=4.9178 | lr=6.10e-05
step  38600 | loss=4.9201 | lr=6.03e-05
[VAL] step 38600: bpb=1.5112
step  38700 | loss=4.9173 | lr=5.97e-05
step  38800 | loss=4.8800 | lr=5.91e-05
[VAL] step 38800: bpb=1.5088
step  38900 | loss=4.8857 | lr=5.85e-05
step  39000 | loss=4.8877 | lr=5.79e-05
[VAL] step 39000: bpb=1.5078
step  39100 | loss=4.8961 | lr=5.73e-05
step  39200 | loss=4.9081 | lr=5.67e-05
[VAL] step 39200: bpb=1.5062
step  39300 | loss=4.8966 | lr=5.61e-05
step  39400 | loss=4.9099 | lr=5.56e-05
[VAL] step 39400: bpb=1.5083
step  39500 | loss=4.8990 | lr=5.50e-05
step  39600 | loss=4.8869 | lr=5.44e-05
[VAL] step 39600: bpb=1.5062
step  39700 | loss=4.8881 | lr=5.39e-05
step  39800 | loss=4.8961 | lr=5.33e-05
[VAL] step 39800: bpb=1.5039
step  39900 | loss=4.8852 | lr=5.28e-05
step  40000 | loss=4.9010 | lr=5.22e-05
[VAL] step 40000: bpb=1.5031
step  40100 | loss=4.8779 | lr=5.17e-05
step  40200 | loss=4.8836 | lr=5.11e-05
[VAL] step 40200: bpb=1.5041
step  40300 | loss=4.8713 | lr=5.06e-05
step  40400 | loss=4.8854 | lr=5.01e-05
[VAL] step 40400: bpb=1.5034
step  40500 | loss=4.9079 | lr=4.96e-05
step  40600 | loss=4.8842 | lr=4.91e-05
[VAL] step 40600: bpb=1.5037
step  40700 | loss=4.8722 | lr=4.86e-05
step  40800 | loss=4.8804 | lr=4.81e-05
[VAL] step 40800: bpb=1.5035
step  40900 | loss=4.8773 | lr=4.76e-05
step  41000 | loss=4.8485 | lr=4.71e-05
[VAL] step 41000: bpb=1.5020
step  41100 | loss=4.8570 | lr=4.66e-05
step  41200 | loss=4.8837 | lr=4.62e-05
[VAL] step 41200: bpb=1.5014
step  41300 | loss=4.8924 | lr=4.57e-05
step  41400 | loss=4.8874 | lr=4.53e-05
[VAL] step 41400: bpb=1.5017
step  41500 | loss=4.8863 | lr=4.48e-05
step  41600 | loss=4.8776 | lr=4.44e-05
[VAL] step 41600: bpb=1.4998
step  41700 | loss=4.8917 | lr=4.39e-05
step  41800 | loss=4.8727 | lr=4.35e-05
[VAL] step 41800: bpb=1.5007
step  41900 | loss=4.8797 | lr=4.31e-05
step  42000 | loss=4.8699 | lr=4.26e-05
[VAL] step 42000: bpb=1.5007
step  42100 | loss=4.8650 | lr=4.22e-05
step  42200 | loss=4.8714 | lr=4.18e-05
[VAL] step 42200: bpb=1.4994
step  42300 | loss=4.8607 | lr=4.14e-05
step  42400 | loss=4.8829 | lr=4.10e-05
[VAL] step 42400: bpb=1.4989
step  42500 | loss=4.8747 | lr=4.07e-05
step  42600 | loss=4.8767 | lr=4.03e-05
[VAL] step 42600: bpb=1.4993
step  42700 | loss=4.8711 | lr=3.99e-05
step  42800 | loss=4.8858 | lr=3.95e-05
[VAL] step 42800: bpb=1.4993
step  42900 | loss=4.8419 | lr=3.92e-05
step  43000 | loss=4.8560 | lr=3.88e-05
[VAL] step 43000: bpb=1.4990
step  43100 | loss=4.8615 | lr=3.85e-05
step  43200 | loss=4.8723 | lr=3.81e-05
[VAL] step 43200: bpb=1.4993
step  43300 | loss=4.8735 | lr=3.78e-05
step  43400 | loss=4.8758 | lr=3.75e-05
[VAL] step 43400: bpb=1.5009
step  43500 | loss=4.8653 | lr=3.72e-05
step  43600 | loss=4.8500 | lr=3.69e-05
[VAL] step 43600: bpb=1.4987
step  43700 | loss=4.8614 | lr=3.65e-05
step  43800 | loss=4.8688 | lr=3.62e-05
[VAL] step 43800: bpb=1.4989
step  43900 | loss=4.8655 | lr=3.60e-05
step  44000 | loss=4.8577 | lr=3.57e-05
[VAL] step 44000: bpb=1.4980
step  44100 | loss=4.8643 | lr=3.54e-05
step  44200 | loss=4.8839 | lr=3.51e-05
[VAL] step 44200: bpb=1.4977
step  44300 | loss=4.8814 | lr=3.49e-05
step  44400 | loss=4.8644 | lr=3.46e-05
[VAL] step 44400: bpb=1.4983
step  44500 | loss=4.8576 | lr=3.43e-05
step  44600 | loss=4.8392 | lr=3.41e-05
[VAL] step 44600: bpb=1.4979
step  44700 | loss=4.8528 | lr=3.39e-05
step  44800 | loss=4.8652 | lr=3.36e-05
[VAL] step 44800: bpb=1.4976
step  44900 | loss=4.8507 | lr=3.34e-05
step  45000 | loss=4.8502 | lr=3.32e-05
[VAL] step 45000: bpb=1.4975
step  45100 | loss=4.8789 | lr=3.30e-05
step  45200 | loss=4.8731 | lr=3.28e-05
[VAL] step 45200: bpb=1.4987
step  45300 | loss=4.8783 | lr=3.26e-05
step  45400 | loss=4.8690 | lr=3.24e-05
[VAL] step 45400: bpb=1.4975
step  45500 | loss=4.8527 | lr=3.22e-05
step  45600 | loss=4.8477 | lr=3.21e-05
[VAL] step 45600: bpb=1.4974
step  45700 | loss=4.8570 | lr=3.19e-05
step  45800 | loss=4.8796 | lr=3.17e-05
[VAL] step 45800: bpb=1.4979
step  45900 | loss=4.8675 | lr=3.16e-05
step  46000 | loss=4.8705 | lr=3.14e-05
[VAL] step 46000: bpb=1.4977
step  46100 | loss=4.8557 | lr=3.13e-05
step  46200 | loss=4.8575 | lr=3.12e-05
[VAL] step 46200: bpb=1.4981
step  46300 | loss=4.8687 | lr=3.10e-05
step  46400 | loss=4.8593 | lr=3.09e-05
[VAL] step 46400: bpb=1.4995
step  46500 | loss=4.8565 | lr=3.08e-05
step  46600 | loss=4.8426 | lr=3.07e-05
[VAL] step 46600: bpb=1.4981
step  46700 | loss=4.8423 | lr=3.06e-05
step  46800 | loss=4.8370 | lr=3.05e-05
[VAL] step 46800: bpb=1.4975
step  46900 | loss=4.8316 | lr=3.04e-05
step  47000 | loss=4.8576 | lr=3.04e-05
[VAL] step 47000: bpb=1.4967
step  47100 | loss=4.8522 | lr=3.03e-05
step  47200 | loss=4.8626 | lr=3.02e-05
[VAL] step 47200: bpb=1.4960
step  47300 | loss=4.8488 | lr=3.02e-05
step  47400 | loss=4.8576 | lr=3.01e-05
[VAL] step 47400: bpb=1.4967
step  47500 | loss=4.8612 | lr=3.01e-05
step  47600 | loss=4.8645 | lr=3.01e-05
[VAL] step 47600: bpb=1.4962
step  47700 | loss=4.8519 | lr=3.00e-05
step  47800 | loss=4.8439 | lr=3.00e-05
[VAL] step 47800: bpb=1.4961
step  47900 | loss=4.8531 | lr=3.00e-05
step  48000 | loss=4.8521 | lr=3.00e-05
[VAL] step 48000: bpb=1.4958

=== DONE ===
{
  "exp_name": "exp229_e96_48k_exp223",
  "best_val_bpb": 1.4958263519548745,
  "final_val_bpb": 1.4958263519548745,
  "n_params": 339545856,
  "training_time_hours": 4.033
}
