Loading tokenizer from /home/starost/.cache/nanochat/tokenizer
Vocab size: 32768, BOS id: 32759
Total params (all fp32): 175,037,446
Q/K MLPs (per-head): 64->1024->ReLU->64->LN, H=6
V MHLut:         in_nap=8 tph=256 d_v=32 (n_outputs=d_v)
out_proj MHLut:  in_nap=6 tph=3056 (n_outputs=E=64) + LayerNorm
Tokens/micro-batch: 4,096 | grad_accum: 1 | effective batch: 4,096 tokens
step      1 | loss=10.5406 | lr=3.75e-07
step    100 | loss=9.9115 | lr=3.75e-05
step    200 | loss=8.9835 | lr=7.50e-05
[VAL] step 200: bpb=2.4572
step    300 | loss=8.1818 | lr=1.12e-04
step    400 | loss=7.8082 | lr=1.50e-04
[VAL] step 400: bpb=2.3186
step    500 | loss=7.5526 | lr=1.87e-04
step    600 | loss=7.3454 | lr=2.25e-04
[VAL] step 600: bpb=2.1827
step    700 | loss=7.1467 | lr=2.62e-04
step    800 | loss=6.9703 | lr=3.00e-04
[VAL] step 800: bpb=2.0891
step    900 | loss=6.8310 | lr=3.00e-04
step   1000 | loss=6.7294 | lr=2.99e-04
[VAL] step 1000: bpb=2.0310
step   1100 | loss=6.6515 | lr=2.99e-04
step   1200 | loss=6.5853 | lr=2.98e-04
[VAL] step 1200: bpb=1.9935
step   1300 | loss=6.5128 | lr=2.97e-04
step   1400 | loss=6.4800 | lr=2.95e-04
[VAL] step 1400: bpb=1.9687
step   1500 | loss=6.4459 | lr=2.94e-04
step   1600 | loss=6.3851 | lr=2.92e-04
[VAL] step 1600: bpb=1.9481
step   1700 | loss=6.3624 | lr=2.90e-04
step   1800 | loss=6.3368 | lr=2.87e-04
[VAL] step 1800: bpb=1.9304
step   1900 | loss=6.3135 | lr=2.85e-04
step   2000 | loss=6.2857 | lr=2.82e-04
[VAL] step 2000: bpb=1.9146
step   2100 | loss=6.2462 | lr=2.79e-04
step   2200 | loss=6.2216 | lr=2.76e-04
[VAL] step 2200: bpb=1.9027
step   2300 | loss=6.2002 | lr=2.72e-04
step   2400 | loss=6.1882 | lr=2.68e-04
[VAL] step 2400: bpb=1.8886
step   2500 | loss=6.1688 | lr=2.65e-04
step   2600 | loss=6.1540 | lr=2.60e-04
[VAL] step 2600: bpb=1.8750
step   2700 | loss=6.1186 | lr=2.56e-04
step   2800 | loss=6.1026 | lr=2.52e-04
[VAL] step 2800: bpb=1.8596
step   2900 | loss=6.0691 | lr=2.47e-04
step   3000 | loss=6.0529 | lr=2.42e-04
[VAL] step 3000: bpb=1.8483
step   3100 | loss=6.0344 | lr=2.38e-04
step   3200 | loss=6.0190 | lr=2.32e-04
[VAL] step 3200: bpb=1.8336
step   3300 | loss=6.0036 | lr=2.27e-04
step   3400 | loss=5.9619 | lr=2.22e-04
[VAL] step 3400: bpb=1.8243
step   3500 | loss=5.9482 | lr=2.17e-04
step   3600 | loss=5.9541 | lr=2.11e-04
[VAL] step 3600: bpb=1.8192
step   3700 | loss=5.9264 | lr=2.06e-04
step   3800 | loss=5.9129 | lr=2.00e-04
[VAL] step 3800: bpb=1.8083
step   3900 | loss=5.8881 | lr=1.94e-04
step   4000 | loss=5.8700 | lr=1.88e-04
[VAL] step 4000: bpb=1.7992
step   4100 | loss=5.8936 | lr=1.83e-04
step   4200 | loss=5.8623 | lr=1.77e-04
[VAL] step 4200: bpb=1.7928
step   4300 | loss=5.8642 | lr=1.71e-04
step   4400 | loss=5.8473 | lr=1.65e-04
[VAL] step 4400: bpb=1.7883
step   4500 | loss=5.8343 | lr=1.59e-04
step   4600 | loss=5.8208 | lr=1.53e-04
[VAL] step 4600: bpb=1.7820
step   4700 | loss=5.8226 | lr=1.47e-04
step   4800 | loss=5.8168 | lr=1.42e-04
[VAL] step 4800: bpb=1.7763
step   4900 | loss=5.7926 | lr=1.36e-04
step   5000 | loss=5.7868 | lr=1.30e-04
[VAL] step 5000: bpb=1.7704
step   5100 | loss=5.7723 | lr=1.24e-04
step   5200 | loss=5.7548 | lr=1.19e-04
[VAL] step 5200: bpb=1.7645
step   5300 | loss=5.7429 | lr=1.13e-04
step   5400 | loss=5.7264 | lr=1.08e-04
[VAL] step 5400: bpb=1.7614
step   5500 | loss=5.7301 | lr=1.03e-04
step   5600 | loss=5.7427 | lr=9.75e-05
[VAL] step 5600: bpb=1.7563
step   5700 | loss=5.7255 | lr=9.25e-05
step   5800 | loss=5.7153 | lr=8.76e-05
[VAL] step 5800: bpb=1.7524
step   5900 | loss=5.7199 | lr=8.28e-05
step   6000 | loss=5.7050 | lr=7.82e-05
[VAL] step 6000: bpb=1.7481
step   6100 | loss=5.6912 | lr=7.38e-05
step   6200 | loss=5.6886 | lr=6.95e-05
[VAL] step 6200: bpb=1.7453
step   6300 | loss=5.6941 | lr=6.55e-05
step   6400 | loss=5.6758 | lr=6.16e-05
[VAL] step 6400: bpb=1.7407
step   6500 | loss=5.6680 | lr=5.79e-05
step   6600 | loss=5.6746 | lr=5.44e-05
[VAL] step 6600: bpb=1.7373
step   6700 | loss=5.6681 | lr=5.11e-05
step   6800 | loss=5.6591 | lr=4.81e-05
[VAL] step 6800: bpb=1.7362
step   6900 | loss=5.6595 | lr=4.53e-05
step   7000 | loss=5.6601 | lr=4.26e-05
[VAL] step 7000: bpb=1.7343
step   7100 | loss=5.6506 | lr=4.03e-05
step   7200 | loss=5.6538 | lr=3.81e-05
[VAL] step 7200: bpb=1.7330
step   7300 | loss=5.6423 | lr=3.62e-05
step   7400 | loss=5.6524 | lr=3.46e-05
[VAL] step 7400: bpb=1.7307
step   7500 | loss=5.6404 | lr=3.32e-05
step   7600 | loss=5.6319 | lr=3.21e-05
[VAL] step 7600: bpb=1.7282
step   7700 | loss=5.6235 | lr=3.12e-05
step   7800 | loss=5.6354 | lr=3.05e-05
[VAL] step 7800: bpb=1.7259
step   7900 | loss=5.6329 | lr=3.01e-05
step   8000 | loss=5.6262 | lr=3.00e-05
[VAL] step 8000: bpb=1.7265

=== DONE ===
{
  "exp_name": "exp164_mlp_qk_h1024",
  "best_val_bpb": 1.7259375795758574,
  "final_val_bpb": 1.726523669508135,
  "n_params": 175037446,
  "training_time_hours": 0.544
}
