exp011 evolve: K=16, 30 rounds, 2000 Adam steps/candidate, lambda 2e-07, dev cuda
  constant-predictor held-out MSE 1.05982, target sd 1.0948
W0810 19:42:37.232000 502026 torch/fx/experimental/symbolic_shapes.py:6833] [2/0] _maybe_guard_rel() was called on non-relation expression Eq(s59, 1) | Eq(s59, 32)
W0810 19:42:37.234000 502026 torch/fx/experimental/symbolic_shapes.py:6833] [2/0] _maybe_guard_rel() was called on non-relation expression Eq(s30, 1) | Eq(s30, 6)
  TEACHER reference (NAP  6 (2^6=   64 rows) x tph  32 x heads 1 anchors full_coverage lr 0.003  -> 12,288 params):
    held-out MSE 0.02522   params 12,288   throughput 192 weights/forward   (2000 steps)
  anchoring: LITERAL PAIRS evolved, pair mutation rate 0.03
  WARM START on: children inherit their parent's trained weights, remapped; new cells at std 0.0001
W0810 19:42:40.054000 502026 torch/fx/experimental/symbolic_shapes.py:6833] [2/1] _maybe_guard_rel() was called on non-relation expression Eq(s4, 1) | Eq(s4, s14)
W0810 19:42:40.109000 502026 torch/fx/experimental/symbolic_shapes.py:6833] [2/1] _maybe_guard_rel() was called on non-relation expression Eq(s62, 1) | Eq(s62, 107)
W0810 19:42:40.110000 502026 torch/fx/experimental/symbolic_shapes.py:6833] [2/1] _maybe_guard_rel() was called on non-relation expression Eq(s30, 1) | Eq(s30, 6)
W0810 19:42:47.260000 502026 torch/fx/experimental/symbolic_shapes.py:6833] [2/2] _maybe_guard_rel() was called on non-relation expression Eq(s4, 1) | Eq(s4, s14)
W0810 19:42:47.316000 502026 torch/fx/experimental/symbolic_shapes.py:6833] [2/2] _maybe_guard_rel() was called on non-relation expression Eq(s62, 1) | Eq(s62, 121)
W0810 19:42:47.317000 502026 torch/fx/experimental/symbolic_shapes.py:6833] [2/2] _maybe_guard_rel() was called on non-relation expression Eq(s30, 1) | Eq(s30, 6)
W0810 19:42:50.216000 502026 torch/fx/experimental/symbolic_shapes.py:6833] [2/3] _maybe_guard_rel() was called on non-relation expression Eq(s4, 1) | Eq(s4, s14)
W0810 19:42:50.268000 502026 torch/fx/experimental/symbolic_shapes.py:6833] [2/3] _maybe_guard_rel() was called on non-relation expression Eq(s62, 1) | Eq(s62, 21)
W0810 19:42:50.269000 502026 torch/fx/experimental/symbolic_shapes.py:6833] [2/3] _maybe_guard_rel() was called on non-relation expression Eq(s30, 1) | Eq(s30, 6)
W0810 19:42:53.213000 502026 torch/fx/experimental/symbolic_shapes.py:6833] [2/4] _maybe_guard_rel() was called on non-relation expression Eq(s4, 1) | Eq(s4, s14)
W0810 19:42:53.264000 502026 torch/fx/experimental/symbolic_shapes.py:6833] [2/4] _maybe_guard_rel() was called on non-relation expression Eq(s62, 1) | Eq(s62, 41)
W0810 19:42:53.265000 502026 torch/fx/experimental/symbolic_shapes.py:6833] [2/4] _maybe_guard_rel() was called on non-relation expression Eq(s30, 1) | Eq(s30, 6)
W0810 19:42:55.987000 502026 torch/fx/experimental/symbolic_shapes.py:6833] [2/5] _maybe_guard_rel() was called on non-relation expression Eq(s4, 1) | Eq(s4, s14)
W0810 19:42:56.038000 502026 torch/fx/experimental/symbolic_shapes.py:6833] [2/5] _maybe_guard_rel() was called on non-relation expression Eq(s62, 1) | Eq(s62, 108)
W0810 19:42:56.039000 502026 torch/fx/experimental/symbolic_shapes.py:6833] [2/5] _maybe_guard_rel() was called on non-relation expression Eq(s30, 1) | Eq(s30, 6)
W0810 19:42:59.743000 502026 torch/fx/experimental/symbolic_shapes.py:6833] [2/6] _maybe_guard_rel() was called on non-relation expression Eq(s4, 1) | Eq(s4, s14)
W0810 19:42:59.794000 502026 torch/fx/experimental/symbolic_shapes.py:6833] [2/6] _maybe_guard_rel() was called on non-relation expression Eq(s62, 1) | Eq(s62, 82)
W0810 19:42:59.795000 502026 torch/fx/experimental/symbolic_shapes.py:6833] [2/6] _maybe_guard_rel() was called on non-relation expression Eq(s30, 1) | Eq(s30, 6)
W0810 19:43:02.707000 502026 torch/fx/experimental/symbolic_shapes.py:6833] [2/7] _maybe_guard_rel() was called on non-relation expression Eq(s4, 1) | Eq(s4, s14)
W0810 19:43:02.759000 502026 torch/fx/experimental/symbolic_shapes.py:6833] [2/7] _maybe_guard_rel() was called on non-relation expression Eq(s62, 1) | Eq(s62, 126)
W0810 19:43:02.760000 502026 torch/fx/experimental/symbolic_shapes.py:6833] [2/7] _maybe_guard_rel() was called on non-relation expression Eq(s30, 1) | Eq(s30, 6)
W0810 19:43:05.571000 502026 torch/_dynamo/convert_frame.py:1358] [2/8] torch._dynamo hit config.recompile_limit (8)
W0810 19:43:05.571000 502026 torch/_dynamo/convert_frame.py:1358] [2/8]    function: '_soft_lut_bwd_body' (/home/astarostin/projects/spiky/src/spiky/lutorch/fast_multi_head_lut.py:123)
W0810 19:43:05.571000 502026 torch/_dynamo/convert_frame.py:1358] [2/8]    last reason: 2/7: tensor 'index' size mismatch at index 1. expected 126, actual 84
W0810 19:43:05.571000 502026 torch/_dynamo/convert_frame.py:1358] [2/8] To log all recompilation reasons, use TORCH_LOGS="recompiles".
W0810 19:43:05.571000 502026 torch/_dynamo/convert_frame.py:1358] [2/8] To diagnose recompilation issues, see https://pytorch.org/docs/main/torch.compiler_troubleshooting.html
  round   0  best fitness -0.02515  min MSE 0.00843  params min/med 720/9,840  tput min/med 60/522  pareto 10  beats-teacher 0  104s
  round   1  best fitness -0.02518  min MSE 0.00802  params min/med 720/9,840  tput min/med 60/522  pareto 10  beats-teacher 0  218s
  round   2  best fitness -0.02368  min MSE 0.00698  params min/med 2,016/27,360  tput min/med 120/552  pareto 11  beats-teacher 0  325s
  round   3  best fitness -0.02266  min MSE 0.00705  params min/med 5,280/42,624  tput min/med 120/633  pareto 12  beats-teacher 0  434s
  round   4  best fitness -0.02194  min MSE 0.00735  params min/med 7,680/53,760  tput min/med 120/645  pareto 13  beats-teacher 0  511s
  round   5  best fitness -0.02143  min MSE 0.00839  params min/med 7,488/49,152  tput min/med 126/645  pareto 14  beats-teacher 0  565s
  round   6  best fitness -0.02115  min MSE 0.00752  params min/med 4,944/39,936  tput min/med 246/705  pareto 16  beats-teacher 0  618s
  round   7  best fitness -0.02097  min MSE 0.00730  params min/med 4,944/16,800  tput min/med 390/690  pareto 16  beats-teacher 0  672s
  round   8  best fitness -0.02096  min MSE 0.00880  params min/med 5,568/11,952  tput min/med 390/711  pareto 18  beats-teacher 0  723s
  round   9  best fitness -0.02077  min MSE 0.01215  params min/med 8,832/12,288  tput min/med 276/684  pareto 20  beats-teacher 0  775s
  round  10  best fitness -0.02058  min MSE 0.01224  params min/med 8,832/16,512  tput min/med 276/726  pareto 22  beats-teacher 0  828s
  round  11  best fitness -0.02045  min MSE 0.01200  params min/med 11,616/21,024  tput min/med 354/726  pareto 20  beats-teacher 0  881s
  round  12  best fitness -0.02034  min MSE 0.01217  params min/med 12,288/23,904  tput min/med 354/756  pareto 21  beats-teacher 0  936s
  round  13  best fitness -0.02014  min MSE 0.01224  params min/med 10,176/24,576  tput min/med 354/756  pareto 21  beats-teacher 0  994s
  round  14  best fitness -0.01996  min MSE 0.01194  params min/med 10,176/24,384  tput min/med 354/756  pareto 21  beats-teacher 0  1050s
  round  15  best fitness -0.01996  min MSE 0.01110  params min/med 12,288/23,712  tput min/med 354/756  pareto 21  beats-teacher 0  1107s
  round  16  best fitness -0.01997  min MSE 0.01109  params min/med 12,288/23,712  tput min/med 552/756  pareto 23  beats-teacher 0  1163s
  round  17  best fitness -0.01987  min MSE 0.01116  params min/med 12,288/24,576  tput min/med 438/747  pareto 24  beats-teacher 0  1221s
  round  18  best fitness -0.01980  min MSE 0.01124  params min/med 12,288/24,576  tput min/med 438/747  pareto 24  beats-teacher 0  1278s
  round  19  best fitness -0.01967  min MSE 0.01222  params min/med 5,856/24,576  tput min/med 366/747  pareto 27  beats-teacher 0  1334s
  round  20  best fitness -0.01954  min MSE 0.01338  params min/med 5,856/24,576  tput min/med 366/768  pareto 27  beats-teacher 0  1388s
  round  21  best fitness -0.01947  min MSE 0.01072  params min/med 12,288/24,576  tput min/med 438/768  pareto 26  beats-teacher 0  1443s
  round  22  best fitness -0.01949  min MSE 0.01078  params min/med 10,272/24,576  tput min/med 342/768  pareto 28  beats-teacher 0  1497s
  round  23  best fitness -0.01930  min MSE 0.01228  params min/med 9,024/24,576  tput min/med 342/696  pareto 28  beats-teacher 0  1551s
  round  24  best fitness -0.01916  min MSE 0.01113  params min/med 9,024/24,576  tput min/med 438/768  pareto 27  beats-teacher 0  1606s
  round  25  best fitness -0.01907  min MSE 0.01091  params min/med 12,288/24,576  tput min/med 438/768  pareto 27  beats-teacher 0  1661s
  round  26  best fitness -0.01903  min MSE 0.01096  params min/med 12,288/24,576  tput min/med 450/768  pareto 27  beats-teacher 0  1716s
  round  27  best fitness -0.01900  min MSE 0.01075  params min/med 10,944/24,576  tput min/med 342/711  pareto 30  beats-teacher 0  1771s
  round  28  best fitness -0.01896  min MSE 0.01070  params min/med 10,944/33,408  tput min/med 342/630  pareto 30  beats-teacher 0  1826s
  round  29  best fitness -0.01901  min MSE 0.01047  params min/med 18,048/40,320  tput min/med 522/642  pareto 31  beats-teacher 0  1882s

BEST member 1: fitness -0.01901
  NAP  5 (2^5=   32 rows) x tph 128 x heads 1 anchors full_coverage lr 0.0004807  -> 24,576 params

PARETO FRONT on PARAMETERS (31 points, lambda-free):
      params  throughput  held-out MSE  vs constant  config
         720          90       0.15012      0.1416x  NAP  3 x tph  15 x heads 1  lr 0.01464
         960          60       0.14194      0.1339x  NAP  4 x tph  10 x heads 1  lr 0.000601
       1,320         660       0.13277      0.1253x  NAP  1 x tph 110 x heads 1  lr 0.005517
       2,016         504       0.09439      0.0891x  NAP  2 x tph  84 x heads 1  lr 0.002707
       2,256         564       0.07181      0.0678x  NAP  2 x tph  94 x heads 1  lr 0.0005774
       4,944         618       0.03971      0.0375x  NAP  3 x tph 103 x heads 1  lr 0.00157
       5,280         660       0.03891      0.0367x  NAP  3 x tph 110 x heads 1  lr 0.0005774
       5,856         366       0.03560      0.0336x  NAP  4 x tph  61 x heads 1  lr 0.001533
       6,240         390       0.03318      0.0313x  NAP  4 x tph  65 x heads 1  lr 0.001236
       7,488         468       0.02982      0.0281x  NAP  4 x tph  78 x heads 1  lr 0.003123
       8,832         276       0.02818      0.0266x  NAP  5 x tph  46 x heads 1  lr 0.003123
       8,928         558       0.02596      0.0245x  NAP  4 x tph  93 x heads 1  lr 0.00128
       9,696         606       0.02523      0.0238x  NAP  4 x tph 101 x heads 1  lr 0.003123
      10,272         642       0.02386      0.0225x  NAP  4 x tph 107 x heads 1  lr 0.0009708
      10,944         342       0.02384      0.0225x  NAP  5 x tph  57 x heads 1  lr 0.0004834
      11,232         702       0.02230      0.0210x  NAP  4 x tph 117 x heads 1  lr 0.001102
      11,616         726       0.02221      0.0210x  NAP  4 x tph 121 x heads 1  lr 0.00157
      12,288         768       0.02113      0.0199x  NAP  4 x tph 128 x heads 1  lr 0.0007434
      14,784         462       0.02026      0.0191x  NAP  5 x tph  77 x heads 1  lr 0.0004613
      17,664         552       0.01690      0.0159x  NAP  5 x tph  92 x heads 1  lr 0.0008258
      20,352         636       0.01677      0.0158x  NAP  5 x tph 106 x heads 1  lr 0.00157
      21,504         672       0.01571      0.0148x  NAP  5 x tph 112 x heads 1  lr 0.00151
      22,080         690       0.01546      0.0146x  NAP  5 x tph 115 x heads 1  lr 0.001674
      23,232         726       0.01522      0.0144x  NAP  5 x tph 121 x heads 1  lr 0.001533
      24,576         768       0.01392      0.0131x  NAP  5 x tph 128 x heads 1  lr 0.0004807
      33,408         522       0.01317      0.0124x  NAP  6 x tph  87 x heads 1  lr 0.0004834
      40,320         630       0.01079      0.0102x  NAP  6 x tph 105 x heads 1  lr 0.0004834
      41,856         654       0.01068      0.0101x  NAP  6 x tph 109 x heads 1  lr 0.0004834
      66,816         522       0.01047      0.0099x  NAP  7 x tph  87 x heads 1  lr 0.0004834
      96,768         756       0.00794      0.0075x  NAP  7 x tph 126 x heads 1  lr 0.0003613
     193,536         756       0.00698      0.0066x  NAP  8 x tph 126 x heads 1  lr 0.000432

PARETO FRONT on THROUGHPUT (10 points, lambda-free):
      params  throughput  held-out MSE  vs constant  config
         960          60       0.14194      0.1339x  NAP  4 x tph  10 x heads 1  lr 0.000601
       7,680         120       0.04745      0.0448x  NAP  6 x tph  20 x heads 1  lr 0.0006542
       8,064         126       0.03507      0.0331x  NAP  6 x tph  21 x heads 1  lr 0.004457
      62,976         246       0.01931      0.0182x  NAP  8 x tph  41 x heads 1  lr 0.001111
      22,656         354       0.01763      0.0166x  NAP  6 x tph  59 x heads 1  lr 0.00157
      49,920         390       0.01465      0.0138x  NAP  7 x tph  65 x heads 1  lr 0.001111
      28,032         438       0.01413      0.0133x  NAP  6 x tph  73 x heads 1  lr 0.0005955
      28,800         450       0.01400      0.0132x  NAP  6 x tph  75 x heads 1  lr 0.0007434
      66,816         522       0.01047      0.0099x  NAP  7 x tph  87 x heads 1  lr 0.0004834
     193,536         756       0.00698      0.0066x  NAP  8 x tph 126 x heads 1  lr 0.000432

JOINT FRONT, non-dominated on (params, throughput, MSE) together (40 points):
      params  throughput  held-out MSE  vs constant  config
         720          90       0.15012      0.1416x  NAP  3 x tph  15 x heads 1  lr 0.01464
         960          60       0.14194      0.1339x  NAP  4 x tph  10 x heads 1  lr 0.000601
       1,320         660       0.13277      0.1253x  NAP  1 x tph 110 x heads 1  lr 0.005517
       2,016         504       0.09439      0.0891x  NAP  2 x tph  84 x heads 1  lr 0.002707
       2,256         564       0.07181      0.0678x  NAP  2 x tph  94 x heads 1  lr 0.0005774
       4,944         618       0.03971      0.0375x  NAP  3 x tph 103 x heads 1  lr 0.00157
       5,280         660       0.03891      0.0367x  NAP  3 x tph 110 x heads 1  lr 0.0005774
       5,856         366       0.03560      0.0336x  NAP  4 x tph  61 x heads 1  lr 0.001533
       6,240         390       0.03318      0.0313x  NAP  4 x tph  65 x heads 1  lr 0.001236
       7,488         468       0.02982      0.0281x  NAP  4 x tph  78 x heads 1  lr 0.003123
       7,680         120       0.04745      0.0448x  NAP  6 x tph  20 x heads 1  lr 0.0006542
       8,064         126       0.03507      0.0331x  NAP  6 x tph  21 x heads 1  lr 0.004457
       8,832         276       0.02818      0.0266x  NAP  5 x tph  46 x heads 1  lr 0.003123
       8,928         558       0.02596      0.0245x  NAP  4 x tph  93 x heads 1  lr 0.00128
       9,696         606       0.02523      0.0238x  NAP  4 x tph 101 x heads 1  lr 0.003123
      10,272         642       0.02386      0.0225x  NAP  4 x tph 107 x heads 1  lr 0.0009708
      10,944         342       0.02384      0.0225x  NAP  5 x tph  57 x heads 1  lr 0.0004834
      11,232         702       0.02230      0.0210x  NAP  4 x tph 117 x heads 1  lr 0.001102
      11,616         726       0.02221      0.0210x  NAP  4 x tph 121 x heads 1  lr 0.00157
      12,288         768       0.02113      0.0199x  NAP  4 x tph 128 x heads 1  lr 0.0007434
      14,016         438       0.02131      0.0201x  NAP  5 x tph  73 x heads 1  lr 0.001391
      14,784         462       0.02026      0.0191x  NAP  5 x tph  77 x heads 1  lr 0.0004613
      17,664         552       0.01690      0.0159x  NAP  5 x tph  92 x heads 1  lr 0.0008258
      20,352         636       0.01677      0.0158x  NAP  5 x tph 106 x heads 1  lr 0.00157
      21,504         672       0.01571      0.0148x  NAP  5 x tph 112 x heads 1  lr 0.00151
      22,080         690       0.01546      0.0146x  NAP  5 x tph 115 x heads 1  lr 0.001674
      22,656         354       0.01763      0.0166x  NAP  6 x tph  59 x heads 1  lr 0.00157
      23,232         726       0.01522      0.0144x  NAP  5 x tph 121 x heads 1  lr 0.001533
      24,576         768       0.01392      0.0131x  NAP  5 x tph 128 x heads 1  lr 0.0004807
      28,032         438       0.01413      0.0133x  NAP  6 x tph  73 x heads 1  lr 0.0005955
      28,800         450       0.01400      0.0132x  NAP  6 x tph  75 x heads 1  lr 0.0007434
      31,488         246       0.02366      0.0223x  NAP  7 x tph  41 x heads 1  lr 0.0008429
      33,408         522       0.01317      0.0124x  NAP  6 x tph  87 x heads 1  lr 0.0004834
      40,320         630       0.01079      0.0102x  NAP  6 x tph 105 x heads 1  lr 0.0004834
      41,856         654       0.01068      0.0101x  NAP  6 x tph 109 x heads 1  lr 0.0004834
      49,920         390       0.01465      0.0138x  NAP  7 x tph  65 x heads 1  lr 0.001111
      62,976         246       0.01931      0.0182x  NAP  8 x tph  41 x heads 1  lr 0.001111
      66,816         522       0.01047      0.0099x  NAP  7 x tph  87 x heads 1  lr 0.0004834
      96,768         756       0.00794      0.0075x  NAP  7 x tph 126 x heads 1  lr 0.0003613
     193,536         756       0.00698      0.0066x  NAP  8 x tph 126 x heads 1  lr 0.000432

VS THE TEACHER  (MSE 0.02522, params 12,288, throughput 192, tol 0.002):
  421/480 candidates matched the teacher's fit; 0 Pareto-dominate it; 0 beat it on BOTH params and throughput.
    none yet. Best fit overall: MSE 0.00698 at 193,536 params / 756 throughput.
    Cheapest match of the teacher's fit: 8,928 params / 558 throughput at MSE 0.02596.
