Loading tokenizer from /home/starost/.cache/nanochat/tokenizer
Vocab size: 32768, BOS id: 32759
bit LUTs: 18
Adam-managed parameters: 33,511,238
Q/K Joint BitMultiHeadLUT: in_nap=6 out_nap=128 tph=256 d_qk=32 P_qk=496 (n_outputs=2*P_qk=992, CLT-scaled, q/k-canonicalised)
V BitPermLUT:   in_nap=7 out_nap=10 tph=256 d_v=24 P_v=276
Out BitPermLUT: in_nap=6 out_nap=144 tph=[2048, 2048, 1024, 1024, 1024, 1024]
Tokens/micro-batch: 4,096 | grad_accum: 1 | effective batch: 4,096 tokens
step      1 | loss=10.5744 | lr=3.75e-07
step    100 | loss=9.5140 | lr=3.75e-05
step    200 | loss=8.3730 | lr=7.50e-05
[VAL] step 200: bpb=2.3304
step    300 | loss=7.8157 | lr=1.12e-04
step    400 | loss=7.5362 | lr=1.50e-04
[VAL] step 400: bpb=2.2527
step    500 | loss=7.3379 | lr=1.87e-04
step    600 | loss=7.1628 | lr=2.25e-04
[VAL] step 600: bpb=2.1276
step    700 | loss=6.9880 | lr=2.62e-04
step    800 | loss=6.8473 | lr=3.00e-04
[VAL] step 800: bpb=2.0629
step    900 | loss=6.7419 | lr=3.00e-04
step   1000 | loss=6.6654 | lr=2.99e-04
[VAL] step 1000: bpb=2.0117
step   1100 | loss=6.6076 | lr=2.99e-04
step   1200 | loss=6.5580 | lr=2.98e-04
[VAL] step 1200: bpb=1.9859
step   1300 | loss=6.4981 | lr=2.97e-04
step   1400 | loss=6.4743 | lr=2.95e-04
[VAL] step 1400: bpb=1.9709
step   1500 | loss=6.4478 | lr=2.94e-04
step   1600 | loss=6.3900 | lr=2.92e-04
[VAL] step 1600: bpb=1.9479
step   1700 | loss=6.3715 | lr=2.90e-04
step   1800 | loss=6.3506 | lr=2.87e-04
[VAL] step 1800: bpb=1.9358
step   1900 | loss=6.3299 | lr=2.85e-04
step   2000 | loss=6.3034 | lr=2.82e-04
[VAL] step 2000: bpb=1.9256
step   2100 | loss=6.2690 | lr=2.79e-04
step   2200 | loss=6.2503 | lr=2.76e-04
[VAL] step 2200: bpb=1.9108
step   2300 | loss=6.2334 | lr=2.72e-04
step   2400 | loss=6.2257 | lr=2.68e-04
[VAL] step 2400: bpb=1.9021
step   2500 | loss=6.2084 | lr=2.65e-04
step   2600 | loss=6.1971 | lr=2.60e-04
[VAL] step 2600: bpb=1.8884
step   2700 | loss=6.1644 | lr=2.56e-04
step   2800 | loss=6.1552 | lr=2.52e-04
[VAL] step 2800: bpb=1.8795
step   2900 | loss=6.1289 | lr=2.47e-04
step   3000 | loss=6.1188 | lr=2.42e-04
[VAL] step 3000: bpb=1.8691
step   3100 | loss=6.1032 | lr=2.38e-04
step   3200 | loss=6.0902 | lr=2.32e-04
[VAL] step 3200: bpb=1.8576
step   3300 | loss=6.0797 | lr=2.27e-04
step   3400 | loss=6.0444 | lr=2.22e-04
[VAL] step 3400: bpb=1.8534
step   3500 | loss=6.0348 | lr=2.17e-04
step   3600 | loss=6.0413 | lr=2.11e-04
[VAL] step 3600: bpb=1.8493
step   3700 | loss=6.0166 | lr=2.06e-04
step   3800 | loss=6.0055 | lr=2.00e-04
[VAL] step 3800: bpb=1.8403
step   3900 | loss=5.9820 | lr=1.94e-04
step   4000 | loss=5.9674 | lr=1.88e-04
[VAL] step 4000: bpb=1.8318
step   4100 | loss=5.9913 | lr=1.83e-04
step   4200 | loss=5.9629 | lr=1.77e-04
[VAL] step 4200: bpb=1.8255
step   4300 | loss=5.9647 | lr=1.71e-04
step   4400 | loss=5.9504 | lr=1.65e-04
[VAL] step 4400: bpb=1.8193
step   4500 | loss=5.9398 | lr=1.59e-04
step   4600 | loss=5.9255 | lr=1.53e-04
[VAL] step 4600: bpb=1.8179
step   4700 | loss=5.9260 | lr=1.47e-04
step   4800 | loss=5.9247 | lr=1.42e-04
[VAL] step 4800: bpb=1.8094
step   4900 | loss=5.8990 | lr=1.36e-04
step   5000 | loss=5.8930 | lr=1.30e-04
[VAL] step 5000: bpb=1.8045
step   5100 | loss=5.8796 | lr=1.24e-04
step   5200 | loss=5.8619 | lr=1.19e-04
[VAL] step 5200: bpb=1.7995
step   5300 | loss=5.8500 | lr=1.13e-04
step   5400 | loss=5.8357 | lr=1.08e-04
[VAL] step 5400: bpb=1.7950
step   5500 | loss=5.8389 | lr=1.03e-04
step   5600 | loss=5.8530 | lr=9.75e-05
[VAL] step 5600: bpb=1.7906
step   5700 | loss=5.8366 | lr=9.25e-05
step   5800 | loss=5.8267 | lr=8.76e-05
[VAL] step 5800: bpb=1.7886
step   5900 | loss=5.8318 | lr=8.28e-05
step   6000 | loss=5.8177 | lr=7.82e-05
[VAL] step 6000: bpb=1.7841
step   6100 | loss=5.8049 | lr=7.38e-05
step   6200 | loss=5.8008 | lr=6.95e-05
[VAL] step 6200: bpb=1.7800
step   6300 | loss=5.8046 | lr=6.55e-05
step   6400 | loss=5.7872 | lr=6.16e-05
[VAL] step 6400: bpb=1.7765
step   6500 | loss=5.7806 | lr=5.79e-05
step   6600 | loss=5.7879 | lr=5.44e-05
[VAL] step 6600: bpb=1.7726
step   6700 | loss=5.7818 | lr=5.11e-05
step   6800 | loss=5.7731 | lr=4.81e-05
[VAL] step 6800: bpb=1.7716
step   6900 | loss=5.7707 | lr=4.53e-05
step   7000 | loss=5.7714 | lr=4.26e-05
[VAL] step 7000: bpb=1.7710
step   7100 | loss=5.7630 | lr=4.03e-05
step   7200 | loss=5.7665 | lr=3.81e-05
[VAL] step 7200: bpb=1.7699
step   7300 | loss=5.7539 | lr=3.62e-05
step   7400 | loss=5.7664 | lr=3.46e-05
[VAL] step 7400: bpb=1.7679
step   7500 | loss=5.7544 | lr=3.32e-05
step   7600 | loss=5.7457 | lr=3.21e-05
[VAL] step 7600: bpb=1.7641
step   7700 | loss=5.7369 | lr=3.12e-05
step   7800 | loss=5.7490 | lr=3.05e-05
[VAL] step 7800: bpb=1.7630
step   7900 | loss=5.7458 | lr=3.01e-05
step   8000 | loss=5.7376 | lr=3.00e-05
[VAL] step 8000: bpb=1.7628

=== DONE ===
{
  "exp_name": "exp056_e144_dv24",
  "best_val_bpb": 1.762764795674847,
  "final_val_bpb": 1.762764795674847,
  "adam_params": 33511238,
  "n_bit_luts": 18,
  "training_time_hours": 1.16
}
