Loading tokenizer from /home/nebius-h100/.cache/nanochat/tokenizer
FIXED EVAL: bs48 x 100 steps, skip 12 rows (val window independent of device_batch_size=12)
MinimalGPT depth=6 dim=384 heads=6 seq=512 | ffn=compression tie=False | params=67,351,692
Tokens/micro-batch: 6,144 | grad_accum: 4 | effective batch: 24,576 tokens
wandb: [wandb.login()] Loaded credentials for http://<WANDB_HOST> from /home/nebius-h100/.netrc.
wandb: Currently logged in as: <WANDB_ENTITY> to http://<WANDB_HOST>. Use `wandb login --relogin` to force relogin
wandb: Tracking run with wandb version 0.30.0
wandb: Run data is saved locally in /home/nebius-h100/.cache/wandb/wandb/run-20260914_023100-exp_n_abl_03_B16k_fast_hybridsmooth_topk1_nap8_tph128_seed1
wandb: Run `wandb offline` to turn off syncing.
wandb: Syncing run exp_n_abl_03_B16k_fast_hybridsmooth_topk1_nap8_tph128_seed1
wandb: ⭐️ View project at http://<WANDB_HOST>/<WANDB_ENTITY>/Spiky
wandb: 🚀 View run at http://<WANDB_HOST>/<WANDB_ENTITY>/Spiky/runs/exp_n_abl_03_B16k_fast_hybridsmooth_topk1_nap8_tph128_seed1
[wandb] online: run exp_n_abl_03_B16k_fast_hybridsmooth_topk1_nap8_tph128_seed1 -> /home/nebius-h100/.cache/wandb/wandb/run-20260914_023100-exp_n_abl_03_B16k_fast_hybridsmooth_topk1_nap8_tph128_seed1/files
step      1 | loss=10.4804 | lr=1.87e-07
step    100 | loss=10.1235 | lr=1.87e-05
step    200 | loss=9.3865 | lr=3.75e-05
step    300 | loss=8.4308 | lr=5.62e-05
step    400 | loss=7.6125 | lr=7.50e-05
step    500 | loss=7.0345 | lr=9.37e-05
[VAL] step 500: bpb=2.0028
step    600 | loss=6.6275 | lr=1.12e-04
step    700 | loss=6.3529 | lr=1.31e-04
step    800 | loss=6.1691 | lr=1.50e-04
step    900 | loss=6.0055 | lr=1.69e-04
step   1000 | loss=5.8767 | lr=1.87e-04
[VAL] step 1000: bpb=1.7567
step   1100 | loss=5.7573 | lr=2.06e-04
step   1200 | loss=5.6477 | lr=2.25e-04
step   1300 | loss=5.5504 | lr=2.44e-04
step   1400 | loss=5.4601 | lr=2.62e-04
step   1500 | loss=5.3775 | lr=2.81e-04
[VAL] step 1500: bpb=1.6198
step   1600 | loss=5.3134 | lr=3.00e-04
step   1700 | loss=5.2341 | lr=3.00e-04
step   1800 | loss=5.1635 | lr=3.00e-04
step   1900 | loss=5.0943 | lr=3.00e-04
step   2000 | loss=5.0415 | lr=2.99e-04
[VAL] step 2000: bpb=1.5258
step   2100 | loss=4.9882 | lr=2.99e-04
step   2200 | loss=4.9460 | lr=2.99e-04
step   2300 | loss=4.9076 | lr=2.98e-04
step   2400 | loss=4.8685 | lr=2.98e-04
step   2500 | loss=4.8275 | lr=2.97e-04
[VAL] step 2500: bpb=1.4656
step   2600 | loss=4.7871 | lr=2.97e-04
step   2700 | loss=4.7576 | lr=2.96e-04
step   2800 | loss=4.7199 | lr=2.95e-04
step   2900 | loss=4.6851 | lr=2.95e-04
step   3000 | loss=4.6594 | lr=2.94e-04
[VAL] step 3000: bpb=1.4161
step   3100 | loss=4.6385 | lr=2.93e-04
step   3200 | loss=4.6076 | lr=2.92e-04
step   3300 | loss=4.5669 | lr=2.91e-04
step   3400 | loss=4.5418 | lr=2.90e-04
step   3500 | loss=4.5089 | lr=2.89e-04
[VAL] step 3500: bpb=1.3746
step   3600 | loss=4.4848 | lr=2.87e-04
step   3700 | loss=4.4654 | lr=2.86e-04
step   3800 | loss=4.4583 | lr=2.85e-04
step   3900 | loss=4.4368 | lr=2.83e-04
step   4000 | loss=4.4151 | lr=2.82e-04
[VAL] step 4000: bpb=1.3438
step   4100 | loss=4.3906 | lr=2.80e-04
step   4200 | loss=4.3705 | lr=2.79e-04
step   4300 | loss=4.3525 | lr=2.77e-04
step   4400 | loss=4.3380 | lr=2.76e-04
step   4500 | loss=4.3270 | lr=2.74e-04
[VAL] step 4500: bpb=1.3202
step   4600 | loss=4.3192 | lr=2.72e-04
step   4700 | loss=4.3016 | lr=2.70e-04
step   4800 | loss=4.2871 | lr=2.68e-04
step   4900 | loss=4.2718 | lr=2.66e-04
step   5000 | loss=4.2704 | lr=2.65e-04
[VAL] step 5000: bpb=1.3016
step   5100 | loss=4.2544 | lr=2.63e-04
step   5200 | loss=4.2564 | lr=2.60e-04
step   5300 | loss=4.2588 | lr=2.58e-04
step   5400 | loss=4.2543 | lr=2.56e-04
step   5500 | loss=4.2288 | lr=2.54e-04
[VAL] step 5500: bpb=1.2860
step   5600 | loss=4.2083 | lr=2.52e-04
step   5700 | loss=4.1921 | lr=2.49e-04
step   5800 | loss=4.1801 | lr=2.47e-04
step   5900 | loss=4.1699 | lr=2.45e-04
step   6000 | loss=4.1656 | lr=2.42e-04
[VAL] step 6000: bpb=1.2725
step   6100 | loss=4.1574 | lr=2.40e-04
step   6200 | loss=4.1516 | lr=2.38e-04
step   6300 | loss=4.1386 | lr=2.35e-04
step   6400 | loss=4.1321 | lr=2.32e-04
step   6500 | loss=4.1317 | lr=2.30e-04
[VAL] step 6500: bpb=1.2615
step   6600 | loss=4.1175 | lr=2.27e-04
step   6700 | loss=4.1132 | lr=2.25e-04
step   6800 | loss=4.1168 | lr=2.22e-04
step   6900 | loss=4.1022 | lr=2.19e-04
step   7000 | loss=4.0864 | lr=2.17e-04
[VAL] step 7000: bpb=1.2531
step   7100 | loss=4.0693 | lr=2.14e-04
step   7200 | loss=4.0616 | lr=2.11e-04
step   7300 | loss=4.0655 | lr=2.08e-04
step   7400 | loss=4.0644 | lr=2.06e-04
step   7500 | loss=4.0565 | lr=2.03e-04
[VAL] step 7500: bpb=1.2434
step   7600 | loss=4.0460 | lr=2.00e-04
step   7700 | loss=4.0305 | lr=1.97e-04
step   7800 | loss=4.0287 | lr=1.94e-04
step   7900 | loss=4.0263 | lr=1.91e-04
step   8000 | loss=4.0196 | lr=1.88e-04
[VAL] step 8000: bpb=1.2365
step   8100 | loss=4.0129 | lr=1.86e-04
step   8200 | loss=4.0149 | lr=1.83e-04
step   8300 | loss=4.0170 | lr=1.80e-04
step   8400 | loss=4.0020 | lr=1.77e-04
step   8500 | loss=3.9890 | lr=1.74e-04
[VAL] step 8500: bpb=1.2292
step   8600 | loss=3.9861 | lr=1.71e-04
step   8700 | loss=3.9773 | lr=1.68e-04
step   8800 | loss=3.9744 | lr=1.65e-04
step   8900 | loss=3.9747 | lr=1.62e-04
step   9000 | loss=3.9790 | lr=1.59e-04
[VAL] step 9000: bpb=1.2232
step   9100 | loss=3.9645 | lr=1.56e-04
step   9200 | loss=3.9626 | lr=1.53e-04
step   9300 | loss=3.9498 | lr=1.50e-04
step   9400 | loss=3.9451 | lr=1.47e-04
step   9500 | loss=3.9385 | lr=1.44e-04
[VAL] step 9500: bpb=1.2167
step   9600 | loss=3.9402 | lr=1.42e-04
step   9700 | loss=3.9375 | lr=1.39e-04
step   9800 | loss=3.9427 | lr=1.36e-04
step   9900 | loss=3.9279 | lr=1.33e-04
step  10000 | loss=3.9207 | lr=1.30e-04
[VAL] step 10000: bpb=1.2114
step  10100 | loss=3.9176 | lr=1.27e-04
step  10200 | loss=3.9161 | lr=1.24e-04
step  10300 | loss=3.9076 | lr=1.22e-04
step  10400 | loss=3.9286 | lr=1.19e-04
step  10500 | loss=3.9284 | lr=1.16e-04
[VAL] step 10500: bpb=1.2064
step  10600 | loss=3.9312 | lr=1.13e-04
step  10700 | loss=3.8975 | lr=1.11e-04
step  10800 | loss=3.8958 | lr=1.08e-04
step  10900 | loss=3.8875 | lr=1.05e-04
step  11000 | loss=3.8698 | lr=1.03e-04
[VAL] step 11000: bpb=1.2022
step  11100 | loss=3.8732 | lr=1.00e-04
step  11200 | loss=3.8738 | lr=9.75e-05
step  11300 | loss=3.8716 | lr=9.50e-05
step  11400 | loss=3.8719 | lr=9.25e-05
step  11500 | loss=3.8567 | lr=9.00e-05
[VAL] step 11500: bpb=1.1981
step  11600 | loss=3.8572 | lr=8.76e-05
step  11700 | loss=3.8618 | lr=8.52e-05
step  11800 | loss=3.8549 | lr=8.28e-05
step  11900 | loss=3.8552 | lr=8.05e-05
step  12000 | loss=3.8493 | lr=7.82e-05
[VAL] step 12000: bpb=1.1943
step  12100 | loss=3.8445 | lr=7.60e-05
step  12200 | loss=3.8313 | lr=7.38e-05
step  12300 | loss=3.8225 | lr=7.16e-05
step  12400 | loss=3.8226 | lr=6.95e-05
step  12500 | loss=3.8244 | lr=6.75e-05
[VAL] step 12500: bpb=1.1914
step  12600 | loss=3.8207 | lr=6.55e-05
step  12700 | loss=3.8207 | lr=6.35e-05
step  12800 | loss=3.8125 | lr=6.16e-05
step  12900 | loss=3.8030 | lr=5.97e-05
step  13000 | loss=3.8084 | lr=5.79e-05
[VAL] step 13000: bpb=1.1886
step  13100 | loss=3.7990 | lr=5.61e-05
step  13200 | loss=3.7994 | lr=5.44e-05
step  13300 | loss=3.7981 | lr=5.28e-05
step  13400 | loss=3.8034 | lr=5.11e-05
step  13500 | loss=3.8040 | lr=4.96e-05
[VAL] step 13500: bpb=1.1861
step  13600 | loss=3.7948 | lr=4.81e-05
step  13700 | loss=3.7842 | lr=4.66e-05
step  13800 | loss=3.7839 | lr=4.53e-05
step  13900 | loss=3.7798 | lr=4.39e-05
step  14000 | loss=3.7827 | lr=4.26e-05
[VAL] step 14000: bpb=1.1835
step  14100 | loss=3.7828 | lr=4.14e-05
step  14200 | loss=3.7872 | lr=4.03e-05
step  14300 | loss=3.7822 | lr=3.92e-05
step  14400 | loss=3.7756 | lr=3.81e-05
step  14500 | loss=3.7667 | lr=3.72e-05
[VAL] step 14500: bpb=1.1822
step  14600 | loss=3.7634 | lr=3.62e-05
step  14700 | loss=3.7573 | lr=3.54e-05
step  14800 | loss=3.7646 | lr=3.46e-05
step  14900 | loss=3.7683 | lr=3.39e-05
step  15000 | loss=3.7691 | lr=3.32e-05
[VAL] step 15000: bpb=1.1809
step  15100 | loss=3.7584 | lr=3.26e-05
step  15200 | loss=3.7560 | lr=3.21e-05
step  15300 | loss=3.7575 | lr=3.16e-05
step  15400 | loss=3.7639 | lr=3.12e-05
step  15500 | loss=3.7579 | lr=3.08e-05
[VAL] step 15500: bpb=1.1797
step  15600 | loss=3.7879 | lr=3.05e-05
step  15700 | loss=3.7815 | lr=3.03e-05
step  15800 | loss=3.7742 | lr=3.01e-05
step  15900 | loss=3.7504 | lr=3.00e-05
step  16000 | loss=3.7521 | lr=3.00e-05
[VAL] step 16000: bpb=1.1793

=== DONE ===
{
  "exp_name": "exp_n_abl_03_B16k_fast_hybridsmooth_topk1_nap8_tph128_seed1",
  "best_val_bpb": 1.1793311278995362,
  "final_val_bpb": 1.1793311278995362,
  "total_params": 67351692,
  "training_time_hours": 1.255,
  "eval_protocol": {
    "eval_batch_size": 48,
    "eval_steps": 100,
    "skip_rows": 12,
    "batch_size_independent": true
  }
}
wandb: updating run metadata
wandb: uploading history steps 1600-1600, summary
wandb: 
wandb: Run history:
wandb: ln1_norm_L0 ██▇▇▆▆▅▅▄▄▃▃▂▂▂▂▂▁▁▁▁▁▁▁▁▁▁▁▁▁▁▁
wandb: ln1_norm_L1 ████▇▇▆▆▅▅▄▄▃▃▃▃▂▂▂▂▂▁▁▁▁▁▁▁▁▁▁▁
wandb: ln1_norm_L2 ███▆▅▅▄▃▂▂▂▂▂▁▁▁▁▁▁▁▁▁▁▁▁▁▁▁▁▁▁▁
wandb: ln1_norm_L3 ███▇▆▅▅▄▃▃▂▂▂▂▁▁▁▁▁▁▁▁▁▁▁▁▁▁▁▁▁▂
wandb: ln1_norm_L4 ▁▂▂▂▂▃▄▅▅▅▅▅▅▅▆▆▆▆▆▆▇▇▇▇▇▇██████
wandb: ln1_norm_L5 ▁▁▁▁▂▂▃▄▄▅▅▆▆▆▆▆▇▇▇▇▇▇▇█████████
wandb: ln2_mean_L0 ▄▇█▇▆▆▅▄▃▃▂▂▁▁▁▁▁▁▂▂▂▃▃▃▄▄▄▅▅▅▅▆
wandb: ln2_mean_L1 ▅▇██▇▆▅▄▃▃▂▂▂▁▁▁▁▁▁▁▁▁▁▂▂▂▂▂▂▂▂▃
wandb: ln2_mean_L2 ▄▆██▇▆▅▄▄▃▃▂▂▂▂▁▁▁▁▁▁▁▁▁▁▁▁▁▂▂▂▂
wandb: ln2_mean_L3 ▆▇██▇▆▅▄▄▃▃▃▂▂▂▂▁▁▁▁▁▁▁▁▁▁▁▁▁▁▁▁
wandb:         +22 ...
wandb: 
wandb: Run summary:
wandb:  best_val_bpb 1.17933
wandb:      exp_name exp_n_abl_03_B16k_fa...
wandb: final_val_bpb 1.17933
wandb:   ln1_norm_L0 13.55312
wandb:   ln1_norm_L1 19.13584
wandb:   ln1_norm_L2 18.70008
wandb:   ln1_norm_L3 18.76571
wandb:   ln1_norm_L4 20.50612
wandb:   ln1_norm_L5 23.41471
wandb:   ln2_mean_L0 1.00422
wandb:           +27 ...
wandb: 
wandb: 🚀 View run exp_n_abl_03_B16k_fast_hybridsmooth_topk1_nap8_tph128_seed1 at: http://<WANDB_HOST>/<WANDB_ENTITY>/Spiky/runs/exp_n_abl_03_B16k_fast_hybridsmooth_topk1_nap8_tph128_seed1
wandb: ⭐️ View project at: http://<WANDB_HOST>/<WANDB_ENTITY>/Spiky
wandb: Synced 5 W&B file(s), 0 media file(s), 0 artifact file(s) and 0 other file(s)
wandb: Find logs at: /home/nebius-h100/.cache/wandb/wandb/run-20260914_023100-exp_n_abl_03_B16k_fast_hybridsmooth_topk1_nap8_tph128_seed1/logs
[wandb] finished in 0.6s
