Loading tokenizer from /home/starost/.cache/nanochat/tokenizer
Vocab size: 32768, BOS id: 32759
Building model + inheriting residual anchors:
  layer 1: inherited first 256/512 residual anchor pairs from layer 0
  layer 2: inherited first 512/768 residual anchor pairs from layer 1
  layer 3: inherited first 768/1024 residual anchor pairs from layer 2
  layer 4: inherited first 1024/1280 residual anchor pairs from layer 3
  layer 5: inherited first 1280/1536 residual anchor pairs from layer 4
Total params (all fp32): 143,497,094
Q/K Joint MHLut: in_nap=6 tph=256 d_qk=32 (n_outputs=2*d_qk=64)
V MHLut:         in_nap=7 tph=256 d_v=16 (n_outputs=d_v)
out_proj MHLut:  in_nap=6 tph=1024 (n_outputs=E=96)
residual MHLut:  in_nap=6 tph_factor=256 (per layer i: in=(i+1)*E, tph=256*(i+1))
Unembedder MLP:  LN(96) -> Linear(96,384) -> ReLU -> Linear(384,VOCAB)
Residual concat order: INVERSE [*prev_xs, x] (oldest at front, current x at tail)
Tokens/micro-batch: 4,096 | grad_accum: 1 | effective batch: 4,096 tokens
step      1 | loss=10.4237 | lr=3.75e-07
step    100 | loss=10.2314 | lr=3.75e-05
step    200 | loss=9.5811 | lr=7.50e-05
[VAL] step 200: bpb=2.6044
step    300 | loss=8.3445 | lr=1.12e-04
step    400 | loss=7.6089 | lr=1.50e-04
[VAL] step 400: bpb=2.1661
step    500 | loss=7.1815 | lr=1.87e-04
step    600 | loss=6.9710 | lr=2.25e-04
[VAL] step 600: bpb=2.0761
step    700 | loss=6.8360 | lr=2.62e-04
step    800 | loss=6.7317 | lr=3.00e-04
[VAL] step 800: bpb=2.0314
step    900 | loss=6.6554 | lr=3.00e-04
step   1000 | loss=6.6007 | lr=2.99e-04
[VAL] step 1000: bpb=2.0027
step   1100 | loss=6.5607 | lr=2.99e-04
step   1200 | loss=6.5263 | lr=2.98e-04
[VAL] step 1200: bpb=1.9812
step   1300 | loss=6.4784 | lr=2.97e-04
step   1400 | loss=6.4632 | lr=2.95e-04
[VAL] step 1400: bpb=1.9675
step   1500 | loss=6.4422 | lr=2.94e-04
step   1600 | loss=6.3939 | lr=2.92e-04
[VAL] step 1600: bpb=1.9540
step   1700 | loss=6.3816 | lr=2.90e-04
step   1800 | loss=6.3687 | lr=2.87e-04
[VAL] step 1800: bpb=1.9442
step   1900 | loss=6.3523 | lr=2.85e-04
step   2000 | loss=6.3338 | lr=2.82e-04
[VAL] step 2000: bpb=1.9344
step   2100 | loss=6.3098 | lr=2.79e-04
step   2200 | loss=6.2961 | lr=2.76e-04
[VAL] step 2200: bpb=1.9276
step   2300 | loss=6.2795 | lr=2.72e-04
step   2400 | loss=6.2757 | lr=2.68e-04
[VAL] step 2400: bpb=1.9186
step   2500 | loss=6.2644 | lr=2.65e-04
step   2600 | loss=6.2608 | lr=2.60e-04
[VAL] step 2600: bpb=1.9100
step   2700 | loss=6.2312 | lr=2.56e-04
step   2800 | loss=6.2253 | lr=2.52e-04
[VAL] step 2800: bpb=1.9027
step   2900 | loss=6.2044 | lr=2.47e-04
step   3000 | loss=6.1985 | lr=2.42e-04
[VAL] step 3000: bpb=1.8933
step   3100 | loss=6.1835 | lr=2.38e-04
step   3200 | loss=6.1745 | lr=2.32e-04
[VAL] step 3200: bpb=1.8857
step   3300 | loss=6.1635 | lr=2.27e-04
step   3400 | loss=6.1320 | lr=2.22e-04
[VAL] step 3400: bpb=1.8784
