Failed to import warp: No module named 'warp'
Failed to import mujoco_warp: No module named 'warp'
LIF-SAC actor nap=6 tph=32 heads=1 seed=2 | 12 outputs/cell (6 mu + 6 log-sigma) | detectors 62,785 + table 24,576 = 87,361 params | rows 32x64 = 2,048 | eps 2.0->0.3, eval at 0.3
[  500/10000] steps    32,000 | MJX ret     13.5 | row-cov   0.0% | eps  2.00 | tbit 1.000 | best     13.5 |   2.5m
[ 1000/10000] steps    64,000 | MJX ret    153.5 | row-cov  95.8% | eps  1.91 | tbit 0.089 | best    153.5 |   4.9m
[ 1500/10000] steps    96,000 | MJX ret    407.4 | row-cov  98.9% | eps  1.82 | tbit 0.093 | best    407.4 |   7.2m
[ 2000/10000] steps   128,000 | MJX ret    371.6 | row-cov  99.0% | eps  1.73 | tbit 0.100 | best    407.4 |   9.6m
[ 2500/10000] steps   160,000 | MJX ret    713.6 | row-cov  99.8% | eps  1.64 | tbit 0.110 | best    713.6 |  11.9m
[ 3000/10000] steps   192,000 | MJX ret    965.2 | row-cov 100.0% | eps  1.55 | tbit 0.119 | best    965.2 |  14.2m
[ 3500/10000] steps   224,000 | MJX ret   2343.2 | row-cov 100.0% | eps  1.46 | tbit 0.125 | best   2343.2 |  16.4m
[ 4000/10000] steps   256,000 | MJX ret   2149.9 | row-cov 100.0% | eps  1.37 | tbit 0.136 | best   2343.2 |  18.7m
[ 4500/10000] steps   288,000 | MJX ret   3680.3 | row-cov 100.0% | eps  1.28 | tbit 0.138 | best   3680.3 |  21.0m
[ 5000/10000] steps   320,000 | MJX ret   3362.8 | row-cov 100.0% | eps  1.19 | tbit 0.141 | best   3680.3 |  23.3m
[ 5500/10000] steps   352,000 | MJX ret   3578.9 | row-cov 100.0% | eps  1.11 | tbit 0.144 | best   3680.3 |  25.6m
[ 6000/10000] steps   384,000 | MJX ret   3405.6 | row-cov 100.0% | eps  1.02 | tbit 0.147 | best   3680.3 |  27.9m
[ 6500/10000] steps   416,000 | MJX ret   4239.1 | row-cov 100.0% | eps  0.93 | tbit 0.156 | best   4239.1 |  30.2m
[ 7000/10000] steps   448,000 | MJX ret   4655.5 | row-cov 100.0% | eps  0.84 | tbit 0.166 | best   4655.5 |  32.5m
[ 7500/10000] steps   480,000 | MJX ret   3918.3 | row-cov 100.0% | eps  0.75 | tbit 0.169 | best   4655.5 |  34.8m
[ 8000/10000] steps   512,000 | MJX ret   4347.0 | row-cov 100.0% | eps  0.66 | tbit 0.174 | best   4655.5 |  37.1m
[ 8500/10000] steps   544,000 | MJX ret   4307.0 | row-cov 100.0% | eps  0.57 | tbit 0.177 | best   4655.5 |  39.4m
[ 9000/10000] steps   576,000 | MJX ret   4511.9 | row-cov 100.0% | eps  0.48 | tbit 0.182 | best   4655.5 |  41.7m
[ 9500/10000] steps   608,000 | MJX ret   4141.6 | row-cov 100.0% | eps  0.39 | tbit 0.188 | best   4655.5 |  44.0m
[10000/10000] steps   640,000 | MJX ret   3899.7 | row-cov 100.0% | eps  0.30 | tbit 0.193 | best   4655.5 |  46.0m
done: best MJX 4655.5 over 640,000 env-steps in 46.0 min
