Failed to import warp: No module named 'warp'
Failed to import mujoco_warp: No module named 'warp'
LIF-SAC actor nap=6 tph=32 heads=1 seed=0 | 12 outputs/cell (6 mu + 6 log-sigma) | detectors 62,785 + table 24,576 = 87,361 params | rows 32x64 = 2,048 | eps 2.0->0.3, eval at 0.3
[  500/10000] steps    32,000 | MJX ret     -3.2 | row-cov   0.0% | eps  2.00 | tbit 1.000 | best     -3.2 |   2.1m
[ 1000/10000] steps    64,000 | MJX ret    307.3 | row-cov  96.0% | eps  1.91 | tbit 0.081 | best    307.3 |   4.5m
[ 1500/10000] steps    96,000 | MJX ret    526.3 | row-cov  97.9% | eps  1.82 | tbit 0.091 | best    526.3 |   6.7m
[ 2000/10000] steps   128,000 | MJX ret    495.2 | row-cov  99.5% | eps  1.73 | tbit 0.102 | best    526.3 |   8.9m
[ 2500/10000] steps   160,000 | MJX ret    631.8 | row-cov  99.5% | eps  1.64 | tbit 0.105 | best    631.8 |  11.2m
[ 3000/10000] steps   192,000 | MJX ret   1004.2 | row-cov 100.0% | eps  1.55 | tbit 0.121 | best   1004.2 |  13.4m
[ 3500/10000] steps   224,000 | MJX ret    561.4 | row-cov 100.0% | eps  1.46 | tbit 0.133 | best   1004.2 |  15.7m
[ 4000/10000] steps   256,000 | MJX ret   1177.0 | row-cov 100.0% | eps  1.37 | tbit 0.130 | best   1177.0 |  18.0m
[ 4500/10000] steps   288,000 | MJX ret   1797.6 | row-cov 100.0% | eps  1.28 | tbit 0.136 | best   1797.6 |  20.3m
[ 5000/10000] steps   320,000 | MJX ret   1923.9 | row-cov 100.0% | eps  1.19 | tbit 0.141 | best   1923.9 |  22.6m
[ 5500/10000] steps   352,000 | MJX ret   1771.1 | row-cov 100.0% | eps  1.11 | tbit 0.141 | best   1923.9 |  24.9m
[ 6000/10000] steps   384,000 | MJX ret   1571.0 | row-cov 100.0% | eps  1.02 | tbit 0.146 | best   1923.9 |  27.2m
[ 6500/10000] steps   416,000 | MJX ret   2794.3 | row-cov 100.0% | eps  0.93 | tbit 0.156 | best   2794.3 |  29.5m
[ 7000/10000] steps   448,000 | MJX ret   2907.6 | row-cov 100.0% | eps  0.84 | tbit 0.164 | best   2907.6 |  31.8m
[ 7500/10000] steps   480,000 | MJX ret   2281.4 | row-cov 100.0% | eps  0.75 | tbit 0.166 | best   2907.6 |  34.1m
[ 8000/10000] steps   512,000 | MJX ret   1359.7 | row-cov 100.0% | eps  0.66 | tbit 0.174 | best   2907.6 |  36.4m
[ 8500/10000] steps   544,000 | MJX ret   3191.2 | row-cov 100.0% | eps  0.57 | tbit 0.179 | best   3191.2 |  38.7m
[ 9000/10000] steps   576,000 | MJX ret   2815.6 | row-cov 100.0% | eps  0.48 | tbit 0.187 | best   3191.2 |  41.0m
[ 9500/10000] steps   608,000 | MJX ret   3490.1 | row-cov 100.0% | eps  0.39 | tbit 0.196 | best   3490.1 |  43.3m
[10000/10000] steps   640,000 | MJX ret   2916.2 | row-cov 100.0% | eps  0.30 | tbit 0.202 | best   3490.1 |  45.5m
done: best MJX 3490.1 over 640,000 env-steps in 45.5 min
