Loading tokenizer from /home/starost/.cache/nanochat/tokenizer
Vocab size: 32768, BOS id: 32759
bit LUTs: 18
Adam-managed parameters: 22,352,006
qk_lut: in_nap=6 out_nap=128 tph=256 (n_outputs=2*P_qk=992)
v_lut:  in_nap=7 out_nap=144 tph=256 (n_outputs=2*P_qk+P_v=1112, residual to qk_raw)
Out BitPermLUT: in_nap=6 out_nap=144 tph=[2048, 2048, 1024, 1024, 1024, 1024]
Tokens/micro-batch: 4,096 | grad_accum: 1 | effective batch: 4,096 tokens
step      1 | loss=10.5658 | lr=3.75e-07
step    100 | loss=9.6541 | lr=3.75e-05
step    200 | loss=8.4055 | lr=7.50e-05
[VAL] step 200: bpb=2.2478
step    300 | loss=7.6085 | lr=1.12e-04
step    400 | loss=7.1935 | lr=1.50e-04
[VAL] step 400: bpb=2.1079
step    500 | loss=6.9537 | lr=1.87e-04
step    600 | loss=6.8558 | lr=2.25e-04
[VAL] step 600: bpb=2.0630
step    700 | loss=6.7859 | lr=2.62e-04
step    800 | loss=6.7231 | lr=3.00e-04
[VAL] step 800: bpb=2.0370
step    900 | loss=6.6694 | lr=3.00e-04
step   1000 | loss=6.6307 | lr=2.99e-04
[VAL] step 1000: bpb=2.0097
step   1100 | loss=6.5949 | lr=2.99e-04
step   1200 | loss=6.5615 | lr=2.98e-04
[VAL] step 1200: bpb=1.9946
step   1300 | loss=6.5128 | lr=2.97e-04
step   1400 | loss=6.4992 | lr=2.95e-04
[VAL] step 1400: bpb=1.9759
step   1500 | loss=6.4796 | lr=2.94e-04
step   1600 | loss=6.4292 | lr=2.92e-04
[VAL] step 1600: bpb=1.9605
step   1700 | loss=6.4172 | lr=2.90e-04
step   1800 | loss=6.4015 | lr=2.87e-04
[VAL] step 1800: bpb=1.9519
step   1900 | loss=6.3891 | lr=2.85e-04
step   2000 | loss=6.3689 | lr=2.82e-04
[VAL] step 2000: bpb=1.9467
step   2100 | loss=6.3403 | lr=2.79e-04
step   2200 | loss=6.3277 | lr=2.76e-04
[VAL] step 2200: bpb=1.9351
step   2300 | loss=6.3121 | lr=2.72e-04
step   2400 | loss=6.3091 | lr=2.68e-04
[VAL] step 2400: bpb=1.9272
step   2500 | loss=6.2994 | lr=2.65e-04
step   2600 | loss=6.2915 | lr=2.60e-04
[VAL] step 2600: bpb=1.9166
step   2700 | loss=6.2609 | lr=2.56e-04
step   2800 | loss=6.2585 | lr=2.52e-04
[VAL] step 2800: bpb=1.9110
step   2900 | loss=6.2401 | lr=2.47e-04
step   3000 | loss=6.2344 | lr=2.42e-04
[VAL] step 3000: bpb=1.9036
step   3100 | loss=6.2243 | lr=2.38e-04
step   3200 | loss=6.2136 | lr=2.32e-04
[VAL] step 3200: bpb=1.8956
