Loading tokenizer from /home/starost/.cache/nanochat/tokenizer
Vocab size: 32768, BOS id: 32759
Building model:
Total params (all fp32): 108,173,318
Q/K Joint SparseLut: in_nap=8 tph=384 n_sparse=8 -> 2*d_qk=64 (per head, H=6)
V SparseLut:         in_nap=8 tph=384 n_sparse=8 -> d_v=64 (per head, H=6)
out_proj SparseLut:  in_nap=8 tph=2048 n_sparse=8 -> E=384
Residual:        classic skip connection (out_real + x), no residual_lut
Unembedder:      LN(384) -> Linear(384,VOCAB)
Tokens/micro-batch: 4,096 | grad_accum: 1 | effective batch: 4,096 tokens
step      1 | loss=10.5767 | lr=3.75e-07
step    100 | loss=10.2175 | lr=3.75e-05
step    200 | loss=9.1065 | lr=7.50e-05
[VAL] step 200: bpb=2.4395
step    300 | loss=8.1674 | lr=1.12e-04
step    400 | loss=7.6802 | lr=1.50e-04
[VAL] step 400: bpb=2.2390
step    500 | loss=7.3112 | lr=1.87e-04
step    600 | loss=7.0792 | lr=2.25e-04
[VAL] step 600: bpb=2.1054
step    700 | loss=6.9165 | lr=2.62e-04
step    800 | loss=6.7905 | lr=3.00e-04
[VAL] step 800: bpb=2.0449
step    900 | loss=6.6996 | lr=3.00e-04
step   1000 | loss=6.6309 | lr=2.99e-04
[VAL] step 1000: bpb=2.0101
step   1100 | loss=6.5735 | lr=2.99e-04
step   1200 | loss=6.5261 | lr=2.98e-04
[VAL] step 1200: bpb=1.9786
step   1300 | loss=6.4673 | lr=2.97e-04
step   1400 | loss=6.4416 | lr=2.95e-04
[VAL] step 1400: bpb=1.9601
step   1500 | loss=6.4105 | lr=2.94e-04
step   1600 | loss=6.3519 | lr=2.92e-04
[VAL] step 1600: bpb=1.9413
step   1700 | loss=6.3274 | lr=2.90e-04
step   1800 | loss=6.3011 | lr=2.87e-04
[VAL] step 1800: bpb=1.9238
step   1900 | loss=6.2763 | lr=2.85e-04
step   2000 | loss=6.2439 | lr=2.82e-04
[VAL] step 2000: bpb=1.9066
step   2100 | loss=6.2035 | lr=2.79e-04
step   2200 | loss=6.1830 | lr=2.76e-04
[VAL] step 2200: bpb=1.8938
step   2300 | loss=6.1593 | lr=2.72e-04
step   2400 | loss=6.1458 | lr=2.68e-04
[VAL] step 2400: bpb=1.8785
step   2500 | loss=6.1216 | lr=2.65e-04
step   2600 | loss=6.1067 | lr=2.60e-04
[VAL] step 2600: bpb=1.8633
step   2700 | loss=6.0716 | lr=2.56e-04
step   2800 | loss=6.0562 | lr=2.52e-04
[VAL] step 2800: bpb=1.8514
step   2900 | loss=6.0277 | lr=2.47e-04
step   3000 | loss=6.0144 | lr=2.42e-04
[VAL] step 3000: bpb=1.8399
step   3100 | loss=5.9976 | lr=2.38e-04
step   3200 | loss=5.9839 | lr=2.32e-04
[VAL] step 3200: bpb=1.8278
step   3300 | loss=5.9715 | lr=2.27e-04
step   3400 | loss=5.9341 | lr=2.22e-04
[VAL] step 3400: bpb=1.8200
step   3500 | loss=5.9239 | lr=2.17e-04
step   3600 | loss=5.9294 | lr=2.11e-04
[VAL] step 3600: bpb=1.8142
step   3700 | loss=5.9031 | lr=2.06e-04
step   3800 | loss=5.8944 | lr=2.00e-04
[VAL] step 3800: bpb=1.8070
step   3900 | loss=5.8685 | lr=1.94e-04
step   4000 | loss=5.8533 | lr=1.88e-04
[VAL] step 4000: bpb=1.7991
step   4100 | loss=5.8771 | lr=1.83e-04
step   4200 | loss=5.8516 | lr=1.77e-04
[VAL] step 4200: bpb=1.7930
step   4300 | loss=5.8496 | lr=1.71e-04
step   4400 | loss=5.8364 | lr=1.65e-04
[VAL] step 4400: bpb=1.7868
step   4500 | loss=5.8238 | lr=1.59e-04
step   4600 | loss=5.8133 | lr=1.53e-04
[VAL] step 4600: bpb=1.7813
step   4700 | loss=5.8132 | lr=1.47e-04
step   4800 | loss=5.8122 | lr=1.42e-04
[VAL] step 4800: bpb=1.7769
step   4900 | loss=5.7857 | lr=1.36e-04
step   5000 | loss=5.7801 | lr=1.30e-04
[VAL] step 5000: bpb=1.7703
step   5100 | loss=5.7670 | lr=1.24e-04
step   5200 | loss=5.7531 | lr=1.19e-04
[VAL] step 5200: bpb=1.7646
step   5300 | loss=5.7398 | lr=1.13e-04
step   5400 | loss=5.7235 | lr=1.08e-04
[VAL] step 5400: bpb=1.7626
step   5500 | loss=5.7274 | lr=1.03e-04
step   5600 | loss=5.7423 | lr=9.75e-05
[VAL] step 5600: bpb=1.7585
step   5700 | loss=5.7276 | lr=9.25e-05
step   5800 | loss=5.7187 | lr=8.76e-05
[VAL] step 5800: bpb=1.7570
step   5900 | loss=5.7235 | lr=8.28e-05
step   6000 | loss=5.7071 | lr=7.82e-05
[VAL] step 6000: bpb=1.7518
step   6100 | loss=5.6965 | lr=7.38e-05
step   6200 | loss=5.6948 | lr=6.95e-05
[VAL] step 6200: bpb=1.7496
step   6300 | loss=5.6992 | lr=6.55e-05
step   6400 | loss=5.6828 | lr=6.16e-05
[VAL] step 6400: bpb=1.7463
step   6500 | loss=5.6755 | lr=5.79e-05
step   6600 | loss=5.6800 | lr=5.44e-05
[VAL] step 6600: bpb=1.7442
step   6700 | loss=5.6755 | lr=5.11e-05
step   6800 | loss=5.6679 | lr=4.81e-05
[VAL] step 6800: bpb=1.7424
step   6900 | loss=5.6686 | lr=4.53e-05
step   7000 | loss=5.6694 | lr=4.26e-05
[VAL] step 7000: bpb=1.7407
step   7100 | loss=5.6612 | lr=4.03e-05
step   7200 | loss=5.6645 | lr=3.81e-05
[VAL] step 7200: bpb=1.7406
step   7300 | loss=5.6534 | lr=3.62e-05
step   7400 | loss=5.6625 | lr=3.46e-05
[VAL] step 7400: bpb=1.7384
step   7500 | loss=5.6516 | lr=3.32e-05
step   7600 | loss=5.6432 | lr=3.21e-05
[VAL] step 7600: bpb=1.7355
step   7700 | loss=5.6346 | lr=3.12e-05
step   7800 | loss=5.6479 | lr=3.05e-05
[VAL] step 7800: bpb=1.7347
step   7900 | loss=5.6447 | lr=3.01e-05
step   8000 | loss=5.6387 | lr=3.00e-05
[VAL] step 8000: bpb=1.7341

=== DONE ===
{
  "exp_name": "exp124_qk_smooth",
  "best_val_bpb": 1.7341367371910117,
  "final_val_bpb": 1.7341367371910117,
  "n_params": 108173318,
  "training_time_hours": 0.685
}
