seeded from /home/astarostin/projects/spiky/experiments/neurodarwinism/exp012_tiny-direct-genome/full_run_crossover_latinhib/ck_L0.npz: 307 syn, 50 active, E-frac 0.800
r   0  fit  27.895  mse  27.895  neurons 50.00 (min 50 max 50)  syn  361.7  held-out best  25.725  [   2.7s]
r  25  fit  25.063  mse  25.063  neurons 50.00 (min 50 max 50)  syn  430.2  held-out best  24.163  [  10.4s]
r  50  fit  26.441  mse  26.441  neurons 50.00 (min 50 max 50)  syn  450.4  held-out best  25.725  [  18.1s]
r  75  fit  27.895  mse  27.895  neurons 50.00 (min 50 max 50)  syn  468.5  held-out best  25.725  [  25.6s]
r 100  fit  25.863  mse  25.863  neurons 50.00 (min 50 max 50)  syn  474.0  held-out best  25.725  [  33.2s]
r 125  fit  27.110  mse  27.110  neurons 50.00 (min 50 max 50)  syn  480.2  held-out best  25.725  [  40.5s]
r 150  fit  25.130  mse  25.130  neurons 50.00 (min 50 max 50)  syn  486.5  held-out best  25.725  [  48.2s]
r 175  fit  25.724  mse  25.724  neurons 50.00 (min 50 max 50)  syn  496.0  held-out best  25.725  [  55.7s]
r 200  fit  27.665  mse  27.665  neurons 50.00 (min 50 max 50)  syn  497.8  held-out best  23.366  [  63.4s]
r 225  fit  26.303  mse  26.303  neurons 50.00 (min 50 max 50)  syn  506.7  held-out best  23.366  [  70.8s]
r 250  fit  26.215  mse  26.215  neurons 50.00 (min 50 max 50)  syn  509.1  held-out best  23.366  [  78.5s]
r 275  fit  23.014  mse  23.014  neurons 50.00 (min 50 max 50)  syn  510.6  held-out best  23.366  [  85.9s]
r 300  fit  26.500  mse  26.500  neurons 50.00 (min 50 max 50)  syn  513.5  held-out best  23.366  [  93.6s]
r 325  fit  27.221  mse  27.221  neurons 50.00 (min 50 max 50)  syn  520.1  held-out best  23.366  [ 101.0s]
r 350  fit  27.326  mse  27.326  neurons 50.00 (min 50 max 50)  syn  525.0  held-out best  23.366  [ 108.7s]
r 375  fit  24.872  mse  24.872  neurons 50.00 (min 50 max 50)  syn  527.4  held-out best  23.366  [ 116.2s]
r 400  fit  24.848  mse  24.848  neurons 50.00 (min 50 max 50)  syn  529.7  held-out best  23.366  [ 124.0s]
r 425  fit  27.276  mse  27.276  neurons 50.00 (min 50 max 50)  syn  529.1  held-out best  23.366  [ 131.7s]
r 450  fit  25.907  mse  25.907  neurons 50.00 (min 50 max 50)  syn  530.7  held-out best  23.366  [ 139.7s]
r 475  fit  26.236  mse  26.236  neurons 50.00 (min 50 max 50)  syn  532.2  held-out best  23.366  [ 147.4s]
r 500  fit  25.456  mse  25.456  neurons 50.00 (min 50 max 50)  syn  536.6  held-out best  23.366  [ 155.5s]
r 525  fit  26.825  mse  26.825  neurons 50.00 (min 50 max 50)  syn  541.0  held-out best  23.366  [ 163.6s]
r 550  fit  25.432  mse  25.432  neurons 50.00 (min 50 max 50)  syn  540.2  held-out best  23.366  [ 171.5s]
r 575  fit  26.725  mse  26.725  neurons 50.00 (min 50 max 50)  syn  543.0  held-out best  23.366  [ 179.2s]
r 600  fit  25.389  mse  25.389  neurons 50.00 (min 50 max 50)  syn  546.3  held-out best  23.366  [ 187.0s]
r 625  fit  27.219  mse  27.219  neurons 50.00 (min 50 max 50)  syn  546.2  held-out best  23.366  [ 194.7s]
r 650  fit  25.057  mse  25.057  neurons 50.00 (min 50 max 50)  syn  545.0  held-out best  23.366  [ 202.7s]
r 675  fit  25.749  mse  25.749  neurons 50.00 (min 50 max 50)  syn  549.7  held-out best  23.366  [ 210.2s]
r 700  fit  27.249  mse  27.249  neurons 50.00 (min 50 max 50)  syn  549.2  held-out best  23.366  [ 218.0s]
r 725  fit  26.055  mse  26.055  neurons 50.00 (min 50 max 50)  syn  554.2  held-out best  23.366  [ 225.5s]
r 750  fit  25.205  mse  25.205  neurons 50.00 (min 50 max 50)  syn  555.1  held-out best  23.366  [ 233.3s]
r 775  fit  24.688  mse  24.688  neurons 50.00 (min 50 max 50)  syn  556.0  held-out best  23.366  [ 240.8s]
r 800  fit  26.208  mse  26.208  neurons 50.00 (min 50 max 50)  syn  557.9  held-out best  23.366  [ 248.8s]
r 825  fit  24.385  mse  24.385  neurons 50.00 (min 50 max 50)  syn  558.8  held-out best  23.366  [ 256.6s]
r 850  fit  23.404  mse  23.404  neurons 50.00 (min 50 max 50)  syn  558.7  held-out best  23.366  [ 264.6s]
r 875  fit  24.948  mse  24.948  neurons 50.00 (min 50 max 50)  syn  568.2  held-out best  23.366  [ 272.5s]
r 900  fit  27.704  mse  27.704  neurons 50.00 (min 50 max 50)  syn  562.8  held-out best  23.366  [ 280.4s]
r 925  fit  23.553  mse  23.553  neurons 50.00 (min 50 max 50)  syn  565.5  held-out best  23.366  [ 288.1s]
r 950  fit  25.350  mse  25.350  neurons 50.00 (min 50 max 50)  syn  567.7  held-out best  23.366  [ 296.4s]
r 975  fit  27.079  mse  27.079  neurons 50.00 (min 50 max 50)  syn  567.3  held-out best  23.366  [ 304.2s]
r1000  fit  25.341  mse  25.341  neurons 50.00 (min 50 max 50)  syn  567.2  held-out best  23.366  [ 312.0s]
r1025  fit  26.246  mse  26.246  neurons 50.00 (min 50 max 50)  syn  569.8  held-out best  23.366  [ 319.7s]
r1050  fit  27.782  mse  27.782  neurons 50.00 (min 50 max 50)  syn  570.8  held-out best  23.366  [ 327.7s]
r1075  fit  25.508  mse  25.508  neurons 50.00 (min 50 max 50)  syn  567.2  held-out best  23.366  [ 335.4s]
r1100  fit  25.324  mse  25.324  neurons 50.00 (min 50 max 50)  syn  568.2  held-out best  23.366  [ 343.5s]
r1125  fit  25.675  mse  25.675  neurons 50.00 (min 50 max 50)  syn  569.9  held-out best  23.366  [ 351.3s]
r1150  fit  26.127  mse  26.127  neurons 50.00 (min 50 max 50)  syn  569.6  held-out best  23.366  [ 359.4s]
r1175  fit  24.037  mse  24.037  neurons 50.00 (min 50 max 50)  syn  575.2  held-out best  23.366  [ 367.1s]
r1200  fit  25.489  mse  25.489  neurons 50.00 (min 50 max 50)  syn  569.7  held-out best  23.366  [ 374.9s]
r1225  fit  24.481  mse  24.481  neurons 50.00 (min 50 max 50)  syn  571.4  held-out best  23.366  [ 382.6s]
r1250  fit  26.402  mse  26.402  neurons 50.00 (min 50 max 50)  syn  572.7  held-out best  23.366  [ 390.6s]
r1275  fit  24.786  mse  24.786  neurons 50.00 (min 50 max 50)  syn  576.1  held-out best  23.366  [ 398.4s]
r1300  fit  24.319  mse  24.319  neurons 50.00 (min 50 max 50)  syn  575.8  held-out best  23.366  [ 406.4s]
r1325  fit  25.837  mse  25.837  neurons 50.00 (min 50 max 50)  syn  578.7  held-out best  23.366  [ 414.4s]
r1350  fit  25.653  mse  25.653  neurons 50.00 (min 50 max 50)  syn  578.3  held-out best  23.366  [ 422.5s]
r1375  fit  27.201  mse  27.201  neurons 50.00 (min 50 max 50)  syn  578.9  held-out best  23.366  [ 430.2s]
r1400  fit  27.615  mse  27.615  neurons 50.00 (min 50 max 50)  syn  576.3  held-out best  23.366  [ 438.1s]
r1425  fit  26.248  mse  26.248  neurons 50.00 (min 50 max 50)  syn  580.0  held-out best  23.366  [ 445.9s]
r1450  fit  27.225  mse  27.225  neurons 50.00 (min 50 max 50)  syn  583.9  held-out best  23.366  [ 453.9s]
r1475  fit  23.410  mse  23.410  neurons 50.00 (min 50 max 50)  syn  581.8  held-out best  23.366  [ 461.6s]
r1500  fit  25.178  mse  25.178  neurons 50.00 (min 50 max 50)  syn  581.4  held-out best  23.366  [ 469.5s]
r1525  fit  26.143  mse  26.143  neurons 50.00 (min 50 max 50)  syn  587.2  held-out best  23.366  [ 477.2s]
r1550  fit  26.156  mse  26.156  neurons 50.00 (min 50 max 50)  syn  585.0  held-out best  23.366  [ 485.1s]
r1575  fit  26.928  mse  26.928  neurons 50.00 (min 50 max 50)  syn  585.1  held-out best  23.366  [ 492.8s]
r1600  fit  24.585  mse  24.585  neurons 50.00 (min 50 max 50)  syn  586.9  held-out best  23.366  [ 500.8s]
r1625  fit  24.351  mse  24.351  neurons 50.00 (min 50 max 50)  syn  584.8  held-out best  23.366  [ 508.6s]
r1650  fit  27.439  mse  27.439  neurons 50.00 (min 50 max 50)  syn  586.5  held-out best  23.366  [ 516.5s]
r1675  fit  26.559  mse  26.559  neurons 50.00 (min 50 max 50)  syn  584.6  held-out best  23.366  [ 524.2s]
r1700  fit  24.385  mse  24.385  neurons 50.00 (min 50 max 50)  syn  588.9  held-out best  23.366  [ 532.0s]
r1725  fit  25.874  mse  25.874  neurons 50.00 (min 50 max 50)  syn  584.5  held-out best  23.366  [ 539.7s]
r1750  fit  26.701  mse  26.701  neurons 50.00 (min 50 max 50)  syn  587.3  held-out best  23.366  [ 547.7s]
r1775  fit  25.511  mse  25.511  neurons 50.00 (min 50 max 50)  syn  587.8  held-out best  23.366  [ 555.5s]
r1800  fit  25.651  mse  25.651  neurons 50.00 (min 50 max 50)  syn  585.3  held-out best  23.366  [ 563.5s]
r1825  fit  26.492  mse  26.492  neurons 50.00 (min 50 max 50)  syn  589.5  held-out best  23.366  [ 571.2s]
r1850  fit  26.673  mse  26.673  neurons 50.00 (min 50 max 50)  syn  589.8  held-out best  23.366  [ 579.3s]
r1875  fit  26.385  mse  26.385  neurons 50.00 (min 50 max 50)  syn  591.4  held-out best  23.366  [ 587.0s]
r1900  fit  24.649  mse  24.649  neurons 50.00 (min 50 max 50)  syn  591.2  held-out best  23.366  [ 595.0s]
r1925  fit  26.144  mse  26.144  neurons 50.00 (min 50 max 50)  syn  591.3  held-out best  23.366  [ 602.8s]
r1950  fit  25.467  mse  25.467  neurons 50.00 (min 50 max 50)  syn  592.6  held-out best  23.366  [ 610.8s]
r1975  fit  26.248  mse  26.248  neurons 50.00 (min 50 max 50)  syn  598.7  held-out best  23.366  [ 618.6s]
r2000  fit  25.204  mse  25.204  neurons 50.00 (min 50 max 50)  syn  596.5  held-out best  23.366  [ 626.6s]
r2025  fit  26.088  mse  26.088  neurons 50.00 (min 50 max 50)  syn  598.7  held-out best  23.366  [ 634.5s]
r2050  fit  24.887  mse  24.887  neurons 50.00 (min 50 max 50)  syn  595.5  held-out best  23.366  [ 642.7s]
r2075  fit  26.826  mse  26.826  neurons 50.00 (min 50 max 50)  syn  596.9  held-out best  23.366  [ 650.4s]
r2100  fit  26.007  mse  26.007  neurons 50.00 (min 50 max 50)  syn  592.6  held-out best  23.366  [ 658.5s]
r2125  fit  24.674  mse  24.674  neurons 50.00 (min 50 max 50)  syn  595.8  held-out best  23.366  [ 666.2s]
r2150  fit  25.262  mse  25.262  neurons 50.00 (min 50 max 50)  syn  596.9  held-out best  23.366  [ 674.3s]
r2175  fit  26.021  mse  26.021  neurons 50.00 (min 50 max 50)  syn  601.4  held-out best  23.366  [ 682.1s]
r2200  fit  25.924  mse  25.924  neurons 50.00 (min 50 max 50)  syn  600.6  held-out best  23.366  [ 690.3s]
r2225  fit  23.375  mse  23.375  neurons 50.00 (min 50 max 50)  syn  600.6  held-out best  23.366  [ 698.1s]
r2250  fit  24.362  mse  24.362  neurons 50.00 (min 50 max 50)  syn  602.9  held-out best  23.366  [ 706.0s]
r2275  fit  25.230  mse  25.230  neurons 50.00 (min 50 max 50)  syn  598.8  held-out best  23.366  [ 713.7s]
r2300  fit  25.675  mse  25.675  neurons 50.00 (min 50 max 50)  syn  602.5  held-out best  23.366  [ 721.9s]
r2325  fit  25.068  mse  25.068  neurons 50.00 (min 50 max 50)  syn  602.3  held-out best  23.366  [ 729.6s]
r2350  fit  27.018  mse  27.018  neurons 50.00 (min 50 max 50)  syn  602.5  held-out best  23.366  [ 737.6s]
r2375  fit  25.148  mse  25.148  neurons 50.00 (min 50 max 50)  syn  605.1  held-out best  23.366  [ 745.5s]
r2400  fit  23.525  mse  23.525  neurons 50.00 (min 50 max 50)  syn  605.9  held-out best  23.366  [ 753.5s]
r2425  fit  24.485  mse  24.485  neurons 50.00 (min 50 max 50)  syn  604.8  held-out best  23.366  [ 761.1s]
r2450  fit  23.225  mse  23.225  neurons 50.00 (min 50 max 50)  syn  604.4  held-out best  23.366  [ 769.1s]
r2475  fit  25.151  mse  25.151  neurons 50.00 (min 50 max 50)  syn  608.0  held-out best  23.366  [ 777.1s]
r2500  fit  25.487  mse  25.487  neurons 50.00 (min 50 max 50)  syn  606.6  held-out best  23.366  [ 785.0s]
r2525  fit  25.426  mse  25.426  neurons 50.00 (min 50 max 50)  syn  607.2  held-out best  23.366  [ 792.7s]
r2550  fit  25.079  mse  25.079  neurons 50.00 (min 50 max 50)  syn  612.1  held-out best  23.366  [ 800.7s]
r2575  fit  24.646  mse  24.646  neurons 50.00 (min 50 max 50)  syn  607.7  held-out best  23.366  [ 808.4s]
r2600  fit  24.719  mse  24.719  neurons 50.00 (min 50 max 50)  syn  612.8  held-out best  23.366  [ 816.4s]
r2625  fit  25.881  mse  25.881  neurons 50.00 (min 50 max 50)  syn  609.7  held-out best  23.366  [ 824.4s]
r2650  fit  25.557  mse  25.557  neurons 50.00 (min 50 max 50)  syn  607.2  held-out best  23.366  [ 832.4s]
r2675  fit  26.022  mse  26.022  neurons 50.00 (min 50 max 50)  syn  610.6  held-out best  23.366  [ 840.0s]
r2700  fit  24.471  mse  24.471  neurons 50.00 (min 50 max 50)  syn  607.2  held-out best  23.366  [ 847.9s]
r2725  fit  25.066  mse  25.066  neurons 50.00 (min 50 max 50)  syn  615.8  held-out best  23.366  [ 855.6s]
r2750  fit  25.924  mse  25.924  neurons 50.00 (min 50 max 50)  syn  614.6  held-out best  23.366  [ 863.6s]
r2775  fit  25.761  mse  25.761  neurons 50.00 (min 50 max 50)  syn  613.2  held-out best  23.366  [ 871.7s]
r2800  fit  27.062  mse  27.062  neurons 50.00 (min 50 max 50)  syn  612.4  held-out best  23.366  [ 880.1s]
r2825  fit  25.785  mse  25.785  neurons 50.00 (min 50 max 50)  syn  612.7  held-out best  23.366  [ 888.1s]
r2850  fit  23.301  mse  23.301  neurons 50.00 (min 50 max 50)  syn  617.1  held-out best  23.366  [ 896.4s]
r2875  fit  24.525  mse  24.525  neurons 50.00 (min 50 max 50)  syn  611.8  held-out best  23.366  [ 904.1s]
r2900  fit  26.801  mse  26.801  neurons 50.00 (min 50 max 50)  syn  616.5  held-out best  23.366  [ 912.4s]
r2925  fit  24.953  mse  24.953  neurons 50.00 (min 50 max 50)  syn  613.6  held-out best  23.366  [ 920.2s]
r2950  fit  23.245  mse  23.245  neurons 50.00 (min 50 max 50)  syn  612.9  held-out best  23.366  [ 928.4s]
r2975  fit  25.124  mse  25.124  neurons 50.00 (min 50 max 50)  syn  614.3  held-out best  23.366  [ 936.4s]
r2999  fit  26.562  mse  26.562  neurons 50.00 (min 50 max 50)  syn  614.5  held-out best  23.366  [ 944.2s]
DONE: held-out MSE 23.366 vs constant 34.152 (15.7 min)
