Loading tokenizer from /home/starost/.cache/nanochat/tokenizer
Vocab size: 32768, BOS id: 32759
bit LUTs: 12
Adam-managed parameters: 45,220,998
Q/K Joint MultiHeadLut: in_nap=5 tph=512 d_qk=32 P_qk=496 (fp32, smooth_mode=True)
V BitPermLUT:   in_nap=6 out_nap=32 tph=512 d_v=16 P_v=120
Out BitPermLUT: in_nap=8 out_nap=32 tph=[4096, 4096, 2048, 2048, 2048, 2048]
Tokens/micro-batch: 4,096 | grad_accum: 1 | effective batch: 4,096 tokens
step      1 | loss=10.5542 | lr=3.75e-07
step    100 | loss=10.1356 | lr=3.75e-05
step    200 | loss=9.5507 | lr=7.50e-05
[VAL] step 200: bpb=2.7147
step    300 | loss=8.7249 | lr=1.12e-04
step    400 | loss=7.9961 | lr=1.50e-04
[VAL] step 400: bpb=2.2802
step    500 | loss=7.5314 | lr=1.87e-04
step    600 | loss=7.2661 | lr=2.25e-04
[VAL] step 600: bpb=2.1501
step    700 | loss=7.0863 | lr=2.62e-04
step    800 | loss=6.9489 | lr=3.00e-04
[VAL] step 800: bpb=2.0904
step    900 | loss=6.8506 | lr=3.00e-04
step   1000 | loss=6.7847 | lr=2.99e-04
[VAL] step 1000: bpb=2.0542
step   1100 | loss=6.7324 | lr=2.99e-04
step   1200 | loss=6.6878 | lr=2.98e-04
[VAL] step 1200: bpb=2.0273
step   1300 | loss=6.6328 | lr=2.97e-04
step   1400 | loss=6.6123 | lr=2.95e-04
[VAL] step 1400: bpb=2.0129
step   1500 | loss=6.5913 | lr=2.94e-04
step   1600 | loss=6.5381 | lr=2.92e-04
[VAL] step 1600: bpb=1.9951
step   1700 | loss=6.5236 | lr=2.90e-04
step   1800 | loss=6.5079 | lr=2.87e-04
[VAL] step 1800: bpb=1.9847
step   1900 | loss=6.4959 | lr=2.85e-04
step   2000 | loss=6.4767 | lr=2.82e-04
[VAL] step 2000: bpb=1.9746
step   2100 | loss=6.4494 | lr=2.79e-04
step   2200 | loss=6.4360 | lr=2.76e-04
[VAL] step 2200: bpb=1.9681
step   2300 | loss=6.4192 | lr=2.72e-04
step   2400 | loss=6.4123 | lr=2.68e-04
[VAL] step 2400: bpb=1.9590
step   2500 | loss=6.4029 | lr=2.65e-04
step   2600 | loss=6.3981 | lr=2.60e-04
[VAL] step 2600: bpb=1.9515
step   2700 | loss=6.3701 | lr=2.56e-04
step   2800 | loss=6.3668 | lr=2.52e-04
[VAL] step 2800: bpb=1.9455
step   2900 | loss=6.3485 | lr=2.47e-04
step   3000 | loss=6.3435 | lr=2.42e-04
[VAL] step 3000: bpb=1.9385
