Loading tokenizer from /home/starost/.cache/nanochat/tokenizer
Vocab size: 32768, BOS id: 32759
Total params (all fp32): 339,545,856
Q/K Joint MHLut: in_nap=6 tph=256 d_qk=64 (n_outputs=2*d_qk=128) init_std=0.001 [no V2D, q_norm+k_norm -> SDPA]
V MHLut:         in_nap=8 tph=256 d_v=24 (n_outputs=d_v)
out_proj MHLut:  in_nap=5 tph=[4096, 4096, 2048, 2048, 2048, 2048] (n_outputs=E=96) + out_v2d/out_d2v
Attention:       SDPA (causal); plain default 1/sqrt(d_qk=64)=0.1250, no learnable attn_scale
Tokens/micro-batch: 4,096 | grad_accum: 1 | effective batch: 4,096 tokens
step      1 | loss=10.4172 | lr=3.75e-07
step    100 | loss=9.3618 | lr=3.75e-05
step    200 | loss=8.2270 | lr=7.50e-05
[VAL] step 200: bpb=2.3009
step    300 | loss=7.5210 | lr=1.12e-04
step    400 | loss=7.0576 | lr=1.50e-04
[VAL] step 400: bpb=2.0538
step    500 | loss=6.7818 | lr=1.87e-04
step    600 | loss=6.6549 | lr=2.25e-04
[VAL] step 600: bpb=1.9978
step    700 | loss=6.5641 | lr=2.62e-04
step    800 | loss=6.4787 | lr=3.00e-04
[VAL] step 800: bpb=1.9626
step    900 | loss=6.4113 | lr=3.00e-04
step   1000 | loss=6.3442 | lr=2.99e-04
[VAL] step 1000: bpb=1.9178
step   1100 | loss=6.2739 | lr=2.99e-04
step   1200 | loss=6.2057 | lr=2.98e-04
[VAL] step 1200: bpb=1.8737
step   1300 | loss=6.1280 | lr=2.97e-04
step   1400 | loss=6.0926 | lr=2.95e-04
[VAL] step 1400: bpb=1.8470
step   1500 | loss=6.0505 | lr=2.94e-04
step   1600 | loss=5.9831 | lr=2.92e-04
[VAL] step 1600: bpb=1.8250
step   1700 | loss=5.9582 | lr=2.90e-04
step   1800 | loss=5.9302 | lr=2.87e-04
[VAL] step 1800: bpb=1.8042
step   1900 | loss=5.8970 | lr=2.85e-04
step   2000 | loss=5.8634 | lr=2.82e-04
[VAL] step 2000: bpb=1.7869
step   2100 | loss=5.8173 | lr=2.79e-04
step   2200 | loss=5.7970 | lr=2.76e-04
[VAL] step 2200: bpb=1.7753
step   2300 | loss=5.7787 | lr=2.72e-04
step   2400 | loss=5.7720 | lr=2.68e-04
[VAL] step 2400: bpb=1.7597
step   2500 | loss=5.7502 | lr=2.65e-04
step   2600 | loss=5.7320 | lr=2.60e-04
[VAL] step 2600: bpb=1.7479
step   2700 | loss=5.7009 | lr=2.56e-04
step   2800 | loss=5.6882 | lr=2.52e-04
[VAL] step 2800: bpb=1.7386
step   2900 | loss=5.6626 | lr=2.47e-04
step   3000 | loss=5.6478 | lr=2.42e-04
[VAL] step 3000: bpb=1.7268
step   3100 | loss=5.6310 | lr=2.38e-04
step   3200 | loss=5.6232 | lr=2.32e-04
[VAL] step 3200: bpb=1.7161
step   3300 | loss=5.6135 | lr=2.27e-04
step   3400 | loss=5.5757 | lr=2.22e-04
[VAL] step 3400: bpb=1.7118
step   3500 | loss=5.5648 | lr=2.17e-04
step   3600 | loss=5.5740 | lr=2.11e-04
[VAL] step 3600: bpb=1.7094
step   3700 | loss=5.5480 | lr=2.06e-04
step   3800 | loss=5.5379 | lr=2.00e-04
[VAL] step 3800: bpb=1.7006
step   3900 | loss=5.5126 | lr=1.94e-04
step   4000 | loss=5.4939 | lr=1.88e-04
[VAL] step 4000: bpb=1.6895
step   4100 | loss=5.5240 | lr=1.83e-04
step   4200 | loss=5.4960 | lr=1.77e-04
[VAL] step 4200: bpb=1.6863
step   4300 | loss=5.4999 | lr=1.71e-04
step   4400 | loss=5.4890 | lr=1.65e-04
[VAL] step 4400: bpb=1.6823
step   4500 | loss=5.4726 | lr=1.59e-04
step   4600 | loss=5.4608 | lr=1.53e-04
[VAL] step 4600: bpb=1.6744
step   4700 | loss=5.4604 | lr=1.47e-04
step   4800 | loss=5.4591 | lr=1.42e-04
[VAL] step 4800: bpb=1.6701
step   4900 | loss=5.4354 | lr=1.36e-04
step   5000 | loss=5.4291 | lr=1.30e-04
[VAL] step 5000: bpb=1.6634
step   5100 | loss=5.4197 | lr=1.24e-04
step   5200 | loss=5.4012 | lr=1.19e-04
[VAL] step 5200: bpb=1.6585
step   5300 | loss=5.3865 | lr=1.13e-04
step   5400 | loss=5.3727 | lr=1.08e-04
[VAL] step 5400: bpb=1.6544
step   5500 | loss=5.3805 | lr=1.03e-04
step   5600 | loss=5.3950 | lr=9.75e-05
[VAL] step 5600: bpb=1.6505
step   5700 | loss=5.3793 | lr=9.25e-05
step   5800 | loss=5.3687 | lr=8.76e-05
[VAL] step 5800: bpb=1.6475
step   5900 | loss=5.3723 | lr=8.28e-05
step   6000 | loss=5.3592 | lr=7.82e-05
[VAL] step 6000: bpb=1.6445
step   6100 | loss=5.3465 | lr=7.38e-05
step   6200 | loss=5.3464 | lr=6.95e-05
[VAL] step 6200: bpb=1.6405
step   6300 | loss=5.3478 | lr=6.55e-05
step   6400 | loss=5.3321 | lr=6.16e-05
[VAL] step 6400: bpb=1.6385
step   6500 | loss=5.3215 | lr=5.79e-05
step   6600 | loss=5.3267 | lr=5.44e-05
[VAL] step 6600: bpb=1.6353
step   6700 | loss=5.3230 | lr=5.11e-05
step   6800 | loss=5.3120 | lr=4.81e-05
[VAL] step 6800: bpb=1.6329
step   6900 | loss=5.3141 | lr=4.53e-05
step   7000 | loss=5.3165 | lr=4.26e-05
[VAL] step 7000: bpb=1.6315
step   7100 | loss=5.3066 | lr=4.03e-05
step   7200 | loss=5.3106 | lr=3.81e-05
[VAL] step 7200: bpb=1.6293
step   7300 | loss=5.2957 | lr=3.62e-05
step   7400 | loss=5.3078 | lr=3.46e-05
[VAL] step 7400: bpb=1.6281
step   7500 | loss=5.2959 | lr=3.32e-05
step   7600 | loss=5.2890 | lr=3.21e-05
[VAL] step 7600: bpb=1.6253
step   7700 | loss=5.2817 | lr=3.12e-05
step   7800 | loss=5.2960 | lr=3.05e-05
[VAL] step 7800: bpb=1.6240
step   7900 | loss=5.2927 | lr=3.01e-05
step   8000 | loss=5.2847 | lr=3.00e-05
[VAL] step 8000: bpb=1.6244

=== DONE ===
{
  "exp_name": "exp230_out_nap5_tph_double",
  "best_val_bpb": 1.6240083855479144,
  "final_val_bpb": 1.6243750584284686,
  "n_params": 339545856,
  "training_time_hours": 0.801
}
