Loading tokenizer from /home/starost/.cache/nanochat/tokenizer
Vocab size: 32768, BOS id: 32759
TinyMultiHeadLut modules: 18 (expected 18)
AdamW params (fp32, single optimiser): 129,304,838
Q/K Joint MHLut: in_nap=6 tph=256 d_qk=32 (n_outputs=2*d_qk=64)
V MHLut:         in_nap=7 tph=256 d_v=16 (n_outputs=d_v)
out_proj MHLut:  in_nap=6 tph=[2048, 2048, 1024, 1024, 1024, 1024] (n_outputs=E=96) + LayerNorm
Tokens/micro-batch: 4,096 | grad_accum: 1 | effective batch: 4,096 tokens
step      1 | loss=10.5662 | lr=3.75e-07
step    100 | loss=9.7329 | lr=3.75e-05
step    200 | loss=8.5970 | lr=7.50e-05
[VAL] step 200: bpb=2.3540
step    300 | loss=7.9356 | lr=1.12e-04
step    400 | loss=7.5584 | lr=1.50e-04
[VAL] step 400: bpb=2.2009
step    500 | loss=7.1876 | lr=1.87e-04
step    600 | loss=6.9715 | lr=2.25e-04
[VAL] step 600: bpb=2.0723
step    700 | loss=6.8267 | lr=2.62e-04
step    800 | loss=6.7173 | lr=3.00e-04
[VAL] step 800: bpb=2.0272
step    900 | loss=6.6408 | lr=3.00e-04
step   1000 | loss=6.5845 | lr=2.99e-04
[VAL] step 1000: bpb=1.9956
step   1100 | loss=6.5386 | lr=2.99e-04
step   1200 | loss=6.4983 | lr=2.98e-04
[VAL] step 1200: bpb=1.9703
step   1300 | loss=6.4447 | lr=2.97e-04
step   1400 | loss=6.4263 | lr=2.95e-04
[VAL] step 1400: bpb=1.9536
step   1500 | loss=6.4033 | lr=2.94e-04
step   1600 | loss=6.3515 | lr=2.92e-04
[VAL] step 1600: bpb=1.9368
step   1700 | loss=6.3354 | lr=2.90e-04
step   1800 | loss=6.3185 | lr=2.87e-04
[VAL] step 1800: bpb=1.9274
step   1900 | loss=6.3000 | lr=2.85e-04
step   2000 | loss=6.2743 | lr=2.82e-04
[VAL] step 2000: bpb=1.9173
step   2100 | loss=6.2416 | lr=2.79e-04
step   2200 | loss=6.2241 | lr=2.76e-04
[VAL] step 2200: bpb=1.9047
step   2300 | loss=6.2054 | lr=2.72e-04
step   2400 | loss=6.1949 | lr=2.68e-04
[VAL] step 2400: bpb=1.8919
step   2500 | loss=6.1789 | lr=2.65e-04
step   2600 | loss=6.1675 | lr=2.60e-04
[VAL] step 2600: bpb=1.8787
step   2700 | loss=6.1371 | lr=2.56e-04
step   2800 | loss=6.1250 | lr=2.52e-04
[VAL] step 2800: bpb=1.8675
step   2900 | loss=6.0997 | lr=2.47e-04
step   3000 | loss=6.0871 | lr=2.42e-04
[VAL] step 3000: bpb=1.8589
step   3100 | loss=6.0709 | lr=2.38e-04
step   3200 | loss=6.0566 | lr=2.32e-04
[VAL] step 3200: bpb=1.8472
step   3300 | loss=6.0468 | lr=2.27e-04
step   3400 | loss=6.0103 | lr=2.22e-04
[VAL] step 3400: bpb=1.8391
step   3500 | loss=5.9996 | lr=2.17e-04
step   3600 | loss=6.0065 | lr=2.11e-04
[VAL] step 3600: bpb=1.8359
step   3700 | loss=5.9819 | lr=2.06e-04
step   3800 | loss=5.9717 | lr=2.00e-04
[VAL] step 3800: bpb=1.8263
step   3900 | loss=5.9454 | lr=1.94e-04
step   4000 | loss=5.9280 | lr=1.88e-04
[VAL] step 4000: bpb=1.8189
step   4100 | loss=5.9541 | lr=1.83e-04
step   4200 | loss=5.9236 | lr=1.77e-04
[VAL] step 4200: bpb=1.8123
step   4300 | loss=5.9292 | lr=1.71e-04
step   4400 | loss=5.9142 | lr=1.65e-04
[VAL] step 4400: bpb=1.8079
step   4500 | loss=5.9019 | lr=1.59e-04
step   4600 | loss=5.8895 | lr=1.53e-04
[VAL] step 4600: bpb=1.8010
step   4700 | loss=5.8893 | lr=1.47e-04
step   4800 | loss=5.8859 | lr=1.42e-04
[VAL] step 4800: bpb=1.7951
step   4900 | loss=5.8615 | lr=1.36e-04
step   5000 | loss=5.8557 | lr=1.30e-04
[VAL] step 5000: bpb=1.7876
step   5100 | loss=5.8398 | lr=1.24e-04
step   5200 | loss=5.8209 | lr=1.19e-04
[VAL] step 5200: bpb=1.7836
step   5300 | loss=5.8088 | lr=1.13e-04
