Loading tokenizer from /home/starost/.cache/nanochat/tokenizer
Vocab size: 32768, BOS id: 32759
Total params (all fp32): 129,304,838
Q/K Joint MHLut: in_nap=6 tph=256 d_qk=32 (n_outputs=2*d_qk=64)
V MHLut:         in_nap=7 tph=256 d_v=16 (n_outputs=d_v)
out_proj MHLut:  in_nap=6 tph=[2048, 2048, 1024, 1024, 1024, 1024] (n_outputs=E=96) + LayerNorm
Tokens/micro-batch: 4,096 | grad_accum: 1 | effective batch: 4,096 tokens
step      1 | loss=10.5716 | lr=3.75e-07
step    100 | loss=9.7263 | lr=3.75e-05
step    200 | loss=8.5878 | lr=7.50e-05
[VAL] step 200: bpb=2.3471
step    300 | loss=7.9104 | lr=1.12e-04
step    400 | loss=7.5660 | lr=1.50e-04
[VAL] step 400: bpb=2.2398
step    500 | loss=7.3115 | lr=1.87e-04
step    600 | loss=7.0888 | lr=2.25e-04
[VAL] step 600: bpb=2.1021
step    700 | loss=6.9180 | lr=2.62e-04
step    800 | loss=6.7821 | lr=3.00e-04
[VAL] step 800: bpb=2.0399
step    900 | loss=6.6870 | lr=3.00e-04
step   1000 | loss=6.6198 | lr=2.99e-04
[VAL] step 1000: bpb=2.0007
step   1100 | loss=6.5672 | lr=2.99e-04
step   1200 | loss=6.5206 | lr=2.98e-04
[VAL] step 1200: bpb=1.9731
step   1300 | loss=6.4613 | lr=2.97e-04
step   1400 | loss=6.4391 | lr=2.95e-04
[VAL] step 1400: bpb=1.9597
step   1500 | loss=6.4095 | lr=2.94e-04
step   1600 | loss=6.3490 | lr=2.92e-04
[VAL] step 1600: bpb=1.9374
step   1700 | loss=6.3285 | lr=2.90e-04
step   1800 | loss=6.3017 | lr=2.87e-04
[VAL] step 1800: bpb=1.9196
step   1900 | loss=6.2749 | lr=2.85e-04
step   2000 | loss=6.2419 | lr=2.82e-04
[VAL] step 2000: bpb=1.9024
step   2100 | loss=6.1985 | lr=2.79e-04
step   2200 | loss=6.1742 | lr=2.76e-04
[VAL] step 2200: bpb=1.8868
step   2300 | loss=6.1456 | lr=2.72e-04
step   2400 | loss=6.1322 | lr=2.68e-04
[VAL] step 2400: bpb=1.8715
step   2500 | loss=6.1126 | lr=2.65e-04
step   2600 | loss=6.1011 | lr=2.60e-04
[VAL] step 2600: bpb=1.8576
step   2700 | loss=6.0665 | lr=2.56e-04
step   2800 | loss=6.1958 | lr=2.52e-04
[VAL] step 2800: bpb=2.0815
step   2900 | loss=6.3185 | lr=2.47e-04
step   3000 | loss=6.3061 | lr=2.42e-04
[VAL] step 3000: bpb=1.8788
step   3100 | loss=6.1389 | lr=2.38e-04
step   3200 | loss=6.0477 | lr=2.32e-04
[VAL] step 3200: bpb=1.8270
step   3300 | loss=6.0014 | lr=2.27e-04
step   3400 | loss=5.9495 | lr=2.22e-04
[VAL] step 3400: bpb=1.8191
step   3500 | loss=5.9330 | lr=2.17e-04
step   3600 | loss=5.9348 | lr=2.11e-04
[VAL] step 3600: bpb=1.8131
step   3700 | loss=5.9093 | lr=2.06e-04
step   3800 | loss=5.8974 | lr=2.00e-04
[VAL] step 3800: bpb=1.8035
step   3900 | loss=5.8731 | lr=1.94e-04
step   4000 | loss=5.8555 | lr=1.88e-04
[VAL] step 4000: bpb=1.7955
step   4100 | loss=5.8813 | lr=1.83e-04
step   4200 | loss=5.8515 | lr=1.77e-04
[VAL] step 4200: bpb=1.7902
step   4300 | loss=5.8542 | lr=1.71e-04
step   4400 | loss=5.8398 | lr=1.65e-04
[VAL] step 4400: bpb=1.7844
step   4500 | loss=5.8281 | lr=1.59e-04
step   4600 | loss=5.8159 | lr=1.53e-04
[VAL] step 4600: bpb=1.7780
step   4700 | loss=5.8159 | lr=1.47e-04
step   4800 | loss=5.8138 | lr=1.42e-04
[VAL] step 4800: bpb=1.7728
step   4900 | loss=5.7889 | lr=1.36e-04
step   5000 | loss=5.7819 | lr=1.30e-04
[VAL] step 5000: bpb=1.7659
step   5100 | loss=5.7675 | lr=1.24e-04
step   5200 | loss=5.7497 | lr=1.19e-04
[VAL] step 5200: bpb=1.7611
step   5300 | loss=5.7375 | lr=1.13e-04
step   5400 | loss=5.7245 | lr=1.08e-04
[VAL] step 5400: bpb=1.7587
step   5500 | loss=5.7286 | lr=1.03e-04
step   5600 | loss=5.7424 | lr=9.75e-05
[VAL] step 5600: bpb=1.7548
step   5700 | loss=5.7248 | lr=9.25e-05
step   5800 | loss=5.7158 | lr=8.76e-05
[VAL] step 5800: bpb=1.7522
step   5900 | loss=5.7205 | lr=8.28e-05
step   6000 | loss=5.7057 | lr=7.82e-05
[VAL] step 6000: bpb=1.7483
step   6100 | loss=5.6935 | lr=7.38e-05
step   6200 | loss=5.6918 | lr=6.95e-05
[VAL] step 6200: bpb=1.7438
step   6300 | loss=5.6954 | lr=6.55e-05
step   6400 | loss=5.6770 | lr=6.16e-05
[VAL] step 6400: bpb=1.7425
