Loading tokenizer from /home/starost/.cache/nanochat/tokenizer
Vocab size: 32768, BOS id: 32759
Total params (all fp32): 481,232,390
Q/K Joint MHLut: in_nap=8 tph=384 d_qk=32 (n_outputs=2*d_qk=64)
V MHLut:         in_nap=8 tph=256 d_v=32 (n_outputs=d_v)
out_proj MHLut:  in_nap=6 tph=3056 (n_outputs=E=64) + LayerNorm
Tokens/micro-batch: 4,096 | grad_accum: 1 | effective batch: 4,096 tokens
step      1 | loss=10.4255 | lr=3.75e-07
step    100 | loss=9.6085 | lr=3.75e-05
step    200 | loss=8.3639 | lr=7.50e-05
[VAL] step 200: bpb=2.3385
step    300 | loss=7.7512 | lr=1.12e-04
step    400 | loss=7.2405 | lr=1.50e-04
[VAL] step 400: bpb=2.0911
step    500 | loss=6.9055 | lr=1.87e-04
step    600 | loss=6.7415 | lr=2.25e-04
[VAL] step 600: bpb=2.0157
step    700 | loss=6.6309 | lr=2.62e-04
step    800 | loss=6.5404 | lr=3.00e-04
[VAL] step 800: bpb=1.9825
step    900 | loss=6.4704 | lr=3.00e-04
step   1000 | loss=6.4135 | lr=2.99e-04
[VAL] step 1000: bpb=1.9445
step   1100 | loss=6.3590 | lr=2.99e-04
step   1200 | loss=6.3017 | lr=2.98e-04
[VAL] step 1200: bpb=1.9044
step   1300 | loss=6.2262 | lr=2.97e-04
step   1400 | loss=6.1833 | lr=2.95e-04
[VAL] step 1400: bpb=1.8748
step   1500 | loss=6.1384 | lr=2.94e-04
step   1600 | loss=6.0676 | lr=2.92e-04
[VAL] step 1600: bpb=1.8505
step   1700 | loss=6.0400 | lr=2.90e-04
step   1800 | loss=6.0103 | lr=2.87e-04
[VAL] step 1800: bpb=1.8271
step   1900 | loss=5.9818 | lr=2.85e-04
step   2000 | loss=5.9491 | lr=2.82e-04
[VAL] step 2000: bpb=1.8128
step   2100 | loss=5.9020 | lr=2.79e-04
step   2200 | loss=5.8808 | lr=2.76e-04
[VAL] step 2200: bpb=1.8013
step   2300 | loss=5.8602 | lr=2.72e-04
step   2400 | loss=5.8518 | lr=2.68e-04
[VAL] step 2400: bpb=1.7859
step   2500 | loss=5.8313 | lr=2.65e-04
step   2600 | loss=5.8165 | lr=2.60e-04
[VAL] step 2600: bpb=1.7741
step   2700 | loss=5.7818 | lr=2.56e-04
step   2800 | loss=5.7701 | lr=2.52e-04
[VAL] step 2800: bpb=1.7644
step   2900 | loss=5.7441 | lr=2.47e-04
step   3000 | loss=5.7321 | lr=2.42e-04
[VAL] step 3000: bpb=1.7548
step   3100 | loss=5.7169 | lr=2.38e-04
step   3200 | loss=5.7059 | lr=2.32e-04
[VAL] step 3200: bpb=1.7415
step   3300 | loss=5.6956 | lr=2.27e-04
step   3400 | loss=5.6598 | lr=2.22e-04
[VAL] step 3400: bpb=1.7367
step   3500 | loss=5.6487 | lr=2.17e-04
step   3600 | loss=5.6606 | lr=2.11e-04
[VAL] step 3600: bpb=1.7323
step   3700 | loss=5.6338 | lr=2.06e-04
step   3800 | loss=5.6240 | lr=2.00e-04
[VAL] step 3800: bpb=1.7244
step   3900 | loss=5.5996 | lr=1.94e-04
step   4000 | loss=5.5807 | lr=1.88e-04
[VAL] step 4000: bpb=1.7162
step   4100 | loss=5.6095 | lr=1.83e-04
step   4200 | loss=5.5826 | lr=1.77e-04
[VAL] step 4200: bpb=1.7116
step   4300 | loss=5.5868 | lr=1.71e-04
step   4400 | loss=5.5745 | lr=1.65e-04
[VAL] step 4400: bpb=1.7076
step   4500 | loss=5.5588 | lr=1.59e-04
step   4600 | loss=5.5465 | lr=1.53e-04
[VAL] step 4600: bpb=1.7008
step   4700 | loss=5.5472 | lr=1.47e-04
step   4800 | loss=5.5450 | lr=1.42e-04
[VAL] step 4800: bpb=1.6935
step   4900 | loss=5.5211 | lr=1.36e-04
step   5000 | loss=5.5150 | lr=1.30e-04
[VAL] step 5000: bpb=1.6878
step   5100 | loss=5.5027 | lr=1.24e-04
step   5200 | loss=5.4856 | lr=1.19e-04
[VAL] step 5200: bpb=1.6840
step   5300 | loss=5.4724 | lr=1.13e-04
step   5400 | loss=5.4589 | lr=1.08e-04
[VAL] step 5400: bpb=1.6790
step   5500 | loss=5.4663 | lr=1.03e-04
step   5600 | loss=5.4795 | lr=9.75e-05
[VAL] step 5600: bpb=1.6760
step   5700 | loss=5.4638 | lr=9.25e-05
step   5800 | loss=5.4536 | lr=8.76e-05
[VAL] step 5800: bpb=1.6730
step   5900 | loss=5.4565 | lr=8.28e-05
step   6000 | loss=5.4446 | lr=7.82e-05
[VAL] step 6000: bpb=1.6685
step   6100 | loss=5.4318 | lr=7.38e-05
step   6200 | loss=5.4302 | lr=6.95e-05
[VAL] step 6200: bpb=1.6652
step   6300 | loss=5.4332 | lr=6.55e-05
step   6400 | loss=5.4177 | lr=6.16e-05
[VAL] step 6400: bpb=1.6610
step   6500 | loss=5.4075 | lr=5.79e-05
step   6600 | loss=5.4128 | lr=5.44e-05
[VAL] step 6600: bpb=1.6584
step   6700 | loss=5.4076 | lr=5.11e-05
step   6800 | loss=5.3984 | lr=4.81e-05
[VAL] step 6800: bpb=1.6570
step   6900 | loss=5.4003 | lr=4.53e-05
step   7000 | loss=5.4008 | lr=4.26e-05
[VAL] step 7000: bpb=1.6557
step   7100 | loss=5.3919 | lr=4.03e-05
step   7200 | loss=5.3961 | lr=3.81e-05
[VAL] step 7200: bpb=1.6533
step   7300 | loss=5.3819 | lr=3.62e-05
step   7400 | loss=5.3939 | lr=3.46e-05
[VAL] step 7400: bpb=1.6522
step   7500 | loss=5.3806 | lr=3.32e-05
step   7600 | loss=5.3741 | lr=3.21e-05
[VAL] step 7600: bpb=1.6494
step   7700 | loss=5.3668 | lr=3.12e-05
step   7800 | loss=5.3810 | lr=3.05e-05
[VAL] step 7800: bpb=1.6484
step   7900 | loss=5.3774 | lr=3.01e-05
step   8000 | loss=5.3680 | lr=3.00e-05
[VAL] step 8000: bpb=1.6478

=== DONE ===
{
  "exp_name": "exp174_lut_qk_big_unembed",
  "best_val_bpb": 1.6477971833556884,
  "final_val_bpb": 1.6477971833556884,
  "n_params": 481232390,
  "training_time_hours": 0.745
}
