Loading tokenizer from /home/starost/.cache/nanochat/tokenizer
Vocab size: 32768, BOS id: 32759
bit LUTs: 24
Adam-managed parameters: 14,912,518
Q/K BitPermLUT: in_nap=5 out_nap=24 tph=512 d_qk=32 P_qk=496
V BitPermLUT:   in_nap=5 out_nap=16 tph=512 d_v=16 P_v=120
Out BitPermLUT: in_nap=8 out_nap=32 tph=[4096, 4096, 2048, 2048, 2048, 2048]
Tokens/micro-batch: 4,096 | grad_accum: 1 | effective batch: 4,096 tokens
step      1 | loss=10.5607 | lr=3.75e-07
step    100 | loss=9.9140 | lr=3.75e-05
step    200 | loss=8.9616 | lr=7.50e-05
[VAL] step 200: bpb=2.4439
step    300 | loss=8.1473 | lr=1.12e-04
step    400 | loss=7.7608 | lr=1.50e-04
[VAL] step 400: bpb=2.3043
step    500 | loss=7.5398 | lr=1.87e-04
step    600 | loss=7.4138 | lr=2.25e-04
[VAL] step 600: bpb=2.2364
step    700 | loss=7.3039 | lr=2.62e-04
step    800 | loss=7.1833 | lr=3.00e-04
[VAL] step 800: bpb=2.1667
step    900 | loss=7.0538 | lr=3.00e-04
step   1000 | loss=6.9308 | lr=2.99e-04
[VAL] step 1000: bpb=2.0822
step   1100 | loss=6.8293 | lr=2.99e-04
step   1200 | loss=6.7464 | lr=2.98e-04
[VAL] step 1200: bpb=2.0362
step   1300 | loss=6.6636 | lr=2.97e-04
step   1400 | loss=6.6247 | lr=2.95e-04
[VAL] step 1400: bpb=2.0100
step   1500 | loss=6.5883 | lr=2.94e-04
step   1600 | loss=6.5255 | lr=2.92e-04
[VAL] step 1600: bpb=1.9894
step   1700 | loss=6.5028 | lr=2.90e-04
step   1800 | loss=6.4789 | lr=2.87e-04
[VAL] step 1800: bpb=1.9765
step   1900 | loss=6.4610 | lr=2.85e-04
step   2000 | loss=6.4382 | lr=2.82e-04
[VAL] step 2000: bpb=1.9650
step   2100 | loss=6.4074 | lr=2.79e-04
step   2200 | loss=6.3890 | lr=2.76e-04
[VAL] step 2200: bpb=1.9560
step   2300 | loss=6.3700 | lr=2.72e-04
step   2400 | loss=6.3625 | lr=2.68e-04
[VAL] step 2400: bpb=1.9457
step   2500 | loss=6.3504 | lr=2.65e-04
step   2600 | loss=6.3425 | lr=2.60e-04
[VAL] step 2600: bpb=1.9351
step   2700 | loss=6.3128 | lr=2.56e-04
step   2800 | loss=6.3068 | lr=2.52e-04
[VAL] step 2800: bpb=1.9283
step   2900 | loss=6.2867 | lr=2.47e-04
step   3000 | loss=6.2799 | lr=2.42e-04
[VAL] step 3000: bpb=1.9171
step   3100 | loss=6.2684 | lr=2.38e-04
step   3200 | loss=6.2590 | lr=2.32e-04
[VAL] step 3200: bpb=1.9086
step   3300 | loss=6.2522 | lr=2.27e-04
step   3400 | loss=6.2191 | lr=2.22e-04
[VAL] step 3400: bpb=1.9056
step   3500 | loss=6.2142 | lr=2.17e-04
step   3600 | loss=6.2196 | lr=2.11e-04
[VAL] step 3600: bpb=1.9026
step   3700 | loss=6.2044 | lr=2.06e-04
step   3800 | loss=6.1961 | lr=2.00e-04
[VAL] step 3800: bpb=1.8934
step   3900 | loss=6.1749 | lr=1.94e-04
step   4000 | loss=6.1642 | lr=1.88e-04
[VAL] step 4000: bpb=1.8876
step   4100 | loss=6.1902 | lr=1.83e-04
step   4200 | loss=6.1628 | lr=1.77e-04
[VAL] step 4200: bpb=1.8838
step   4300 | loss=6.1651 | lr=1.71e-04
step   4400 | loss=6.1526 | lr=1.65e-04
[VAL] step 4400: bpb=1.8797
step   4500 | loss=6.1468 | lr=1.59e-04
step   4600 | loss=6.1371 | lr=1.53e-04
[VAL] step 4600: bpb=1.8759
step   4700 | loss=6.1426 | lr=1.47e-04
step   4800 | loss=6.1389 | lr=1.42e-04
[VAL] step 4800: bpb=1.8719
step   4900 | loss=6.1159 | lr=1.36e-04
step   5000 | loss=6.1149 | lr=1.30e-04
[VAL] step 5000: bpb=1.8669
step   5100 | loss=6.0995 | lr=1.24e-04
step   5200 | loss=6.0845 | lr=1.19e-04
[VAL] step 5200: bpb=1.8618
step   5300 | loss=6.0776 | lr=1.13e-04
step   5400 | loss=6.0653 | lr=1.08e-04
[VAL] step 5400: bpb=1.8595
step   5500 | loss=6.0647 | lr=1.03e-04
step   5600 | loss=6.0804 | lr=9.75e-05
[VAL] step 5600: bpb=1.8543
step   5700 | loss=6.0653 | lr=9.25e-05
step   5800 | loss=6.0617 | lr=8.76e-05
[VAL] step 5800: bpb=1.8543
step   5900 | loss=6.0679 | lr=8.28e-05
step   6000 | loss=6.0522 | lr=7.82e-05
[VAL] step 6000: bpb=1.8505
step   6100 | loss=6.0433 | lr=7.38e-05
step   6200 | loss=6.0386 | lr=6.95e-05
[VAL] step 6200: bpb=1.8491
step   6300 | loss=6.0458 | lr=6.55e-05
step   6400 | loss=6.0306 | lr=6.16e-05
[VAL] step 6400: bpb=1.8464
step   6500 | loss=6.0259 | lr=5.79e-05
step   6600 | loss=6.0360 | lr=5.44e-05
[VAL] step 6600: bpb=1.8424
step   6700 | loss=6.0306 | lr=5.11e-05
step   6800 | loss=6.0231 | lr=4.81e-05
[VAL] step 6800: bpb=1.8421
step   6900 | loss=6.0216 | lr=4.53e-05
step   7000 | loss=6.0190 | lr=4.26e-05
[VAL] step 7000: bpb=1.8421
step   7100 | loss=6.0138 | lr=4.03e-05
step   7200 | loss=6.0171 | lr=3.81e-05
[VAL] step 7200: bpb=1.8405
step   7300 | loss=6.0092 | lr=3.62e-05
step   7400 | loss=6.0190 | lr=3.46e-05
[VAL] step 7400: bpb=1.8392
step   7500 | loss=6.0101 | lr=3.32e-05
step   7600 | loss=6.0023 | lr=3.21e-05
[VAL] step 7600: bpb=1.8365
step   7700 | loss=5.9933 | lr=3.12e-05
step   7800 | loss=6.0030 | lr=3.05e-05
[VAL] step 7800: bpb=1.8362
step   7900 | loss=6.0001 | lr=3.01e-05
step   8000 | loss=5.9937 | lr=3.00e-05
[VAL] step 8000: bpb=1.8356

=== DONE ===
{
  "exp_name": "exp007_lut_dqk32",
  "best_val_bpb": 1.8355968246024887,
  "final_val_bpb": 1.8355968246024887,
  "adam_params": 14912518,
  "n_bit_luts": 24,
  "training_time_hours": 1.021
}
