Loading tokenizer from /home/starost/.cache/nanochat/tokenizer
Vocab size: 32768, BOS id: 32759
Total params (all fp32): 167,053,574
Q/K Joint MHLut: in_nap=6 tph=256 d_qk=32 (n_outputs=2*d_qk=64)
V MHLut:         in_nap=8 tph=256 d_v=24 (n_outputs=d_v)
out_proj MHLut:  in_nap=6 tph=[2048, 2048, 1024, 1024, 1024, 1024] (n_outputs=E=96) + LayerNorm
Tokens/micro-batch: 4,096 | grad_accum: 1 | effective batch: 4,096 tokens
step      1 | loss=10.5453 | lr=3.75e-07
step    100 | loss=9.7340 | lr=3.75e-05
step    200 | loss=8.6306 | lr=7.50e-05
[VAL] step 200: bpb=2.3590
step    300 | loss=7.9285 | lr=1.12e-04
step    400 | loss=7.5029 | lr=1.50e-04
[VAL] step 400: bpb=2.1726
step    500 | loss=7.1284 | lr=1.87e-04
step    600 | loss=6.9192 | lr=2.25e-04
[VAL] step 600: bpb=2.0552
step    700 | loss=6.7804 | lr=2.62e-04
step    800 | loss=6.6724 | lr=3.00e-04
[VAL] step 800: bpb=2.0156
step    900 | loss=6.5951 | lr=3.00e-04
step   1000 | loss=6.5361 | lr=2.99e-04
[VAL] step 1000: bpb=1.9808
step   1100 | loss=6.4878 | lr=2.99e-04
step   1200 | loss=6.4415 | lr=2.98e-04
[VAL] step 1200: bpb=1.9527
step   1300 | loss=6.3840 | lr=2.97e-04
step   1400 | loss=6.3599 | lr=2.95e-04
[VAL] step 1400: bpb=1.9322
step   1500 | loss=6.3300 | lr=2.94e-04
step   1600 | loss=6.2689 | lr=2.92e-04
[VAL] step 1600: bpb=1.9123
step   1700 | loss=6.2437 | lr=2.90e-04
step   1800 | loss=6.2135 | lr=2.87e-04
[VAL] step 1800: bpb=1.8930
step   1900 | loss=6.1821 | lr=2.85e-04
step   2000 | loss=6.1454 | lr=2.82e-04
[VAL] step 2000: bpb=1.8731
step   2100 | loss=6.0973 | lr=2.79e-04
step   2200 | loss=6.0711 | lr=2.76e-04
[VAL] step 2200: bpb=1.8551
step   2300 | loss=6.0462 | lr=2.72e-04
step   2400 | loss=6.0326 | lr=2.68e-04
[VAL] step 2400: bpb=1.8411
step   2500 | loss=6.0090 | lr=2.65e-04
step   2600 | loss=5.9924 | lr=2.60e-04
[VAL] step 2600: bpb=1.8263
step   2700 | loss=5.9586 | lr=2.56e-04
step   2800 | loss=5.9446 | lr=2.52e-04
[VAL] step 2800: bpb=1.8143
step   2900 | loss=5.9155 | lr=2.47e-04
step   3000 | loss=5.8999 | lr=2.42e-04
[VAL] step 3000: bpb=1.8024
step   3100 | loss=5.8828 | lr=2.38e-04
step   3200 | loss=5.8717 | lr=2.32e-04
[VAL] step 3200: bpb=1.7911
step   3300 | loss=5.8601 | lr=2.27e-04
step   3400 | loss=5.8222 | lr=2.22e-04
[VAL] step 3400: bpb=1.7862
step   3500 | loss=5.8127 | lr=2.17e-04
step   3600 | loss=5.8220 | lr=2.11e-04
[VAL] step 3600: bpb=1.7801
step   3700 | loss=5.7977 | lr=2.06e-04
step   3800 | loss=5.7846 | lr=2.00e-04
[VAL] step 3800: bpb=1.7720
step   3900 | loss=5.7593 | lr=1.94e-04
step   4000 | loss=5.7424 | lr=1.88e-04
[VAL] step 4000: bpb=1.7666
step   4100 | loss=5.7692 | lr=1.83e-04
step   4200 | loss=5.7398 | lr=1.77e-04
[VAL] step 4200: bpb=1.7595
step   4300 | loss=5.7447 | lr=1.71e-04
step   4400 | loss=5.7297 | lr=1.65e-04
[VAL] step 4400: bpb=1.7533
step   4500 | loss=5.7157 | lr=1.59e-04
step   4600 | loss=5.7048 | lr=1.53e-04
[VAL] step 4600: bpb=1.7484
step   4700 | loss=5.7037 | lr=1.47e-04
step   4800 | loss=5.7016 | lr=1.42e-04
[VAL] step 4800: bpb=1.7413
step   4900 | loss=5.6769 | lr=1.36e-04
step   5000 | loss=5.6722 | lr=1.30e-04
[VAL] step 5000: bpb=1.7347
step   5100 | loss=5.6583 | lr=1.24e-04
step   5200 | loss=5.6412 | lr=1.19e-04
[VAL] step 5200: bpb=1.7295
step   5300 | loss=5.6273 | lr=1.13e-04
step   5400 | loss=5.6120 | lr=1.08e-04
[VAL] step 5400: bpb=1.7274
step   5500 | loss=5.6182 | lr=1.03e-04
step   5600 | loss=5.6312 | lr=9.75e-05
[VAL] step 5600: bpb=1.7237
step   5700 | loss=5.6145 | lr=9.25e-05
step   5800 | loss=5.6046 | lr=8.76e-05
[VAL] step 5800: bpb=1.7204
step   5900 | loss=5.6097 | lr=8.28e-05
step   6000 | loss=5.5939 | lr=7.82e-05
[VAL] step 6000: bpb=1.7170
step   6100 | loss=5.5820 | lr=7.38e-05
step   6200 | loss=5.5795 | lr=6.95e-05
[VAL] step 6200: bpb=1.7120
step   6300 | loss=5.5837 | lr=6.55e-05
step   6400 | loss=5.5669 | lr=6.16e-05
[VAL] step 6400: bpb=1.7095
step   6500 | loss=5.5587 | lr=5.79e-05
step   6600 | loss=5.5633 | lr=5.44e-05
[VAL] step 6600: bpb=1.7055
step   6700 | loss=5.5572 | lr=5.11e-05
step   6800 | loss=5.5472 | lr=4.81e-05
[VAL] step 6800: bpb=1.7040
step   6900 | loss=5.5492 | lr=4.53e-05
step   7000 | loss=5.5497 | lr=4.26e-05
[VAL] step 7000: bpb=1.7032
step   7100 | loss=5.5421 | lr=4.03e-05
step   7200 | loss=5.5445 | lr=3.81e-05
[VAL] step 7200: bpb=1.7014
step   7300 | loss=5.5324 | lr=3.62e-05
step   7400 | loss=5.5426 | lr=3.46e-05
[VAL] step 7400: bpb=1.6992
step   7500 | loss=5.5288 | lr=3.32e-05
step   7600 | loss=5.5221 | lr=3.21e-05
[VAL] step 7600: bpb=1.6968
step   7700 | loss=5.5143 | lr=3.12e-05
step   7800 | loss=5.5273 | lr=3.05e-05
[VAL] step 7800: bpb=1.6950
step   7900 | loss=5.5246 | lr=3.01e-05
step   8000 | loss=5.5151 | lr=3.00e-05
[VAL] step 8000: bpb=1.6943

=== DONE ===
{
  "exp_name": "exp132_dv24_vnap8",
  "best_val_bpb": 1.6942732349703908,
  "final_val_bpb": 1.6942732349703908,
  "n_params": 167053574,
  "training_time_hours": 0.565
}
