Loading tokenizer from /home/starost/.cache/nanochat/tokenizer
Vocab size: 32768, BOS id: 32759
Total params (all fp32): 358,420,224
Q/K Joint MHLut: in_nap=6 tph=256 d_qk=64 (n_outputs=2*d_qk=128) init_std=0.001 [no V2D, q_norm+k_norm -> SDPA]
V MHLut:         in_nap=8 tph=256 d_v=32 (n_outputs=d_v)
out_proj MHLut:  in_nap=6 tph=[2048, 2048, 1024, 1024, 1024, 1024] (n_outputs=E=96) + out_v2d/out_d2v
Attention:       SDPA (causal); plain default 1/sqrt(d_qk=64)=0.1250, no learnable attn_scale
Tokens/micro-batch: 4,096 | grad_accum: 1 | effective batch: 4,096 tokens
step      1 | loss=10.4189 | lr=3.75e-07
step    100 | loss=9.3679 | lr=3.75e-05
step    200 | loss=8.2332 | lr=7.50e-05
[VAL] step 200: bpb=2.3060
step    300 | loss=7.5555 | lr=1.12e-04
step    400 | loss=7.0793 | lr=1.50e-04
[VAL] step 400: bpb=2.0549
step    500 | loss=6.7925 | lr=1.87e-04
step    600 | loss=6.6601 | lr=2.25e-04
[VAL] step 600: bpb=1.9974
step    700 | loss=6.5661 | lr=2.62e-04
step    800 | loss=6.4858 | lr=3.00e-04
[VAL] step 800: bpb=1.9656
step    900 | loss=6.4201 | lr=3.00e-04
step   1000 | loss=6.3602 | lr=2.99e-04
[VAL] step 1000: bpb=1.9271
step   1100 | loss=6.2984 | lr=2.99e-04
step   1200 | loss=6.2318 | lr=2.98e-04
[VAL] step 1200: bpb=1.8799
step   1300 | loss=6.1504 | lr=2.97e-04
step   1400 | loss=6.1114 | lr=2.95e-04
[VAL] step 1400: bpb=1.8503
step   1500 | loss=6.0653 | lr=2.94e-04
step   1600 | loss=5.9940 | lr=2.92e-04
[VAL] step 1600: bpb=1.8242
step   1700 | loss=5.9681 | lr=2.90e-04
step   1800 | loss=5.9373 | lr=2.87e-04
[VAL] step 1800: bpb=1.8069
step   1900 | loss=5.9048 | lr=2.85e-04
step   2000 | loss=5.8728 | lr=2.82e-04
[VAL] step 2000: bpb=1.7917
step   2100 | loss=5.8250 | lr=2.79e-04
step   2200 | loss=5.8039 | lr=2.76e-04
[VAL] step 2200: bpb=1.7808
step   2300 | loss=5.7878 | lr=2.72e-04
step   2400 | loss=5.7797 | lr=2.68e-04
[VAL] step 2400: bpb=1.7636
step   2500 | loss=5.7588 | lr=2.65e-04
step   2600 | loss=5.7406 | lr=2.60e-04
[VAL] step 2600: bpb=1.7500
step   2700 | loss=5.7081 | lr=2.56e-04
step   2800 | loss=5.6951 | lr=2.52e-04
[VAL] step 2800: bpb=1.7414
step   2900 | loss=5.6687 | lr=2.47e-04
step   3000 | loss=5.6543 | lr=2.42e-04
[VAL] step 3000: bpb=1.7330
step   3100 | loss=5.6393 | lr=2.38e-04
step   3200 | loss=5.6283 | lr=2.32e-04
[VAL] step 3200: bpb=1.7180
step   3300 | loss=5.6184 | lr=2.27e-04
step   3400 | loss=5.5804 | lr=2.22e-04
[VAL] step 3400: bpb=1.7125
step   3500 | loss=5.5699 | lr=2.17e-04
step   3600 | loss=5.5805 | lr=2.11e-04
[VAL] step 3600: bpb=1.7067
step   3700 | loss=5.5520 | lr=2.06e-04
step   3800 | loss=5.5418 | lr=2.00e-04
[VAL] step 3800: bpb=1.7003
step   3900 | loss=5.5166 | lr=1.94e-04
step   4000 | loss=5.4965 | lr=1.88e-04
[VAL] step 4000: bpb=1.6889
step   4100 | loss=5.5255 | lr=1.83e-04
step   4200 | loss=5.4985 | lr=1.77e-04
[VAL] step 4200: bpb=1.6857
step   4300 | loss=5.5030 | lr=1.71e-04
step   4400 | loss=5.4920 | lr=1.65e-04
[VAL] step 4400: bpb=1.6813
step   4500 | loss=5.4753 | lr=1.59e-04
step   4600 | loss=5.4633 | lr=1.53e-04
[VAL] step 4600: bpb=1.6730
step   4700 | loss=5.4631 | lr=1.47e-04
step   4800 | loss=5.4613 | lr=1.42e-04
[VAL] step 4800: bpb=1.6696
step   4900 | loss=5.4356 | lr=1.36e-04
step   5000 | loss=5.4300 | lr=1.30e-04
[VAL] step 5000: bpb=1.6624
step   5100 | loss=5.4198 | lr=1.24e-04
step   5200 | loss=5.4026 | lr=1.19e-04
[VAL] step 5200: bpb=1.6583
step   5300 | loss=5.3879 | lr=1.13e-04
step   5400 | loss=5.3729 | lr=1.08e-04
[VAL] step 5400: bpb=1.6534
step   5500 | loss=5.3816 | lr=1.03e-04
step   5600 | loss=5.3945 | lr=9.75e-05
[VAL] step 5600: bpb=1.6492
step   5700 | loss=5.3787 | lr=9.25e-05
step   5800 | loss=5.3680 | lr=8.76e-05
[VAL] step 5800: bpb=1.6462
step   5900 | loss=5.3693 | lr=8.28e-05
step   6000 | loss=5.3586 | lr=7.82e-05
[VAL] step 6000: bpb=1.6416
step   6100 | loss=5.3457 | lr=7.38e-05
step   6200 | loss=5.3449 | lr=6.95e-05
[VAL] step 6200: bpb=1.6398
step   6300 | loss=5.3468 | lr=6.55e-05
step   6400 | loss=5.3310 | lr=6.16e-05
[VAL] step 6400: bpb=1.6360
step   6500 | loss=5.3199 | lr=5.79e-05
step   6600 | loss=5.3253 | lr=5.44e-05
[VAL] step 6600: bpb=1.6326
step   6700 | loss=5.3199 | lr=5.11e-05
step   6800 | loss=5.3107 | lr=4.81e-05
[VAL] step 6800: bpb=1.6314
step   6900 | loss=5.3121 | lr=4.53e-05
step   7000 | loss=5.3136 | lr=4.26e-05
[VAL] step 7000: bpb=1.6292
step   7100 | loss=5.3032 | lr=4.03e-05
step   7200 | loss=5.3073 | lr=3.81e-05
[VAL] step 7200: bpb=1.6265
step   7300 | loss=5.2924 | lr=3.62e-05
step   7400 | loss=5.3034 | lr=3.46e-05
[VAL] step 7400: bpb=1.6247
step   7500 | loss=5.2910 | lr=3.32e-05
step   7600 | loss=5.2849 | lr=3.21e-05
[VAL] step 7600: bpb=1.6232
step   7700 | loss=5.2772 | lr=3.12e-05
step   7800 | loss=5.2925 | lr=3.05e-05
[VAL] step 7800: bpb=1.6212
step   7900 | loss=5.2882 | lr=3.01e-05
step   8000 | loss=5.2801 | lr=3.00e-05
[VAL] step 8000: bpb=1.6214

=== DONE ===
{
  "exp_name": "exp234_dv32",
  "best_val_bpb": 1.6212155702189712,
  "final_val_bpb": 1.6213627087124798,
  "n_params": 358420224,
  "training_time_hours": 0.68
}
