Loading tokenizer from /home/starost/.cache/nanochat/tokenizer
Vocab size: 32768, BOS id: 32759
Building model:
Total params (all fp32): 183,670,790
Q/K Joint SparseLut: in_nap=8 tph=384 n_sparse=8 -> 2*d_qk=64 (per head, H=6)
V SparseLut:         in_nap=8 tph=384 n_sparse=8 -> d_v=64 (per head, H=6)
out_proj SparseLut:  in_nap=10 tph=2048 n_sparse=8 -> E=384
Residual:        classic skip connection (out_real + x), no residual_lut
Unembedder:      LN(384) -> Linear(384,VOCAB)
Tokens/micro-batch: 4,096 | grad_accum: 1 | effective batch: 4,096 tokens
step      1 | loss=10.5761 | lr=3.75e-07
step    100 | loss=10.2259 | lr=3.75e-05
step    200 | loss=9.1099 | lr=7.50e-05
[VAL] step 200: bpb=2.4382
step    300 | loss=8.1591 | lr=1.12e-04
step    400 | loss=7.6616 | lr=1.50e-04
[VAL] step 400: bpb=2.2288
step    500 | loss=7.2964 | lr=1.87e-04
step    600 | loss=7.0777 | lr=2.25e-04
[VAL] step 600: bpb=2.1042
step    700 | loss=6.9248 | lr=2.62e-04
step    800 | loss=6.8056 | lr=3.00e-04
[VAL] step 800: bpb=2.0528
step    900 | loss=6.7167 | lr=3.00e-04
step   1000 | loss=6.6513 | lr=2.99e-04
[VAL] step 1000: bpb=2.0133
step   1100 | loss=6.5971 | lr=2.99e-04
step   1200 | loss=6.5502 | lr=2.98e-04
[VAL] step 1200: bpb=1.9880
step   1300 | loss=6.4943 | lr=2.97e-04
step   1400 | loss=6.4713 | lr=2.95e-04
[VAL] step 1400: bpb=1.9689
step   1500 | loss=6.4442 | lr=2.94e-04
step   1600 | loss=6.3893 | lr=2.92e-04
[VAL] step 1600: bpb=1.9507
step   1700 | loss=6.3707 | lr=2.90e-04
step   1800 | loss=6.3480 | lr=2.87e-04
[VAL] step 1800: bpb=1.9359
step   1900 | loss=6.3276 | lr=2.85e-04
step   2000 | loss=6.2999 | lr=2.82e-04
[VAL] step 2000: bpb=1.9243
step   2100 | loss=6.2655 | lr=2.79e-04
step   2200 | loss=6.2513 | lr=2.76e-04
[VAL] step 2200: bpb=1.9175
step   2300 | loss=6.2299 | lr=2.72e-04
step   2400 | loss=6.2178 | lr=2.68e-04
[VAL] step 2400: bpb=1.9000
step   2500 | loss=6.1975 | lr=2.65e-04
step   2600 | loss=6.1880 | lr=2.60e-04
[VAL] step 2600: bpb=1.8922
step   2700 | loss=6.1569 | lr=2.56e-04
step   2800 | loss=6.1453 | lr=2.52e-04
[VAL] step 2800: bpb=1.8802
step   2900 | loss=6.1200 | lr=2.47e-04
step   3000 | loss=6.1080 | lr=2.42e-04
[VAL] step 3000: bpb=1.8718
step   3100 | loss=6.0966 | lr=2.38e-04
step   3200 | loss=6.0841 | lr=2.32e-04
[VAL] step 3200: bpb=1.8600
step   3300 | loss=6.0736 | lr=2.27e-04
step   3400 | loss=6.0421 | lr=2.22e-04
[VAL] step 3400: bpb=1.8555
step   3500 | loss=6.0311 | lr=2.17e-04
step   3600 | loss=6.0382 | lr=2.11e-04
[VAL] step 3600: bpb=1.8497
step   3700 | loss=6.0151 | lr=2.06e-04
step   3800 | loss=6.0066 | lr=2.00e-04
[VAL] step 3800: bpb=1.8435
step   3900 | loss=5.9838 | lr=1.94e-04
step   4000 | loss=5.9711 | lr=1.88e-04
[VAL] step 4000: bpb=1.8361
step   4100 | loss=5.9933 | lr=1.83e-04
step   4200 | loss=5.9689 | lr=1.77e-04
[VAL] step 4200: bpb=1.8299
step   4300 | loss=5.9667 | lr=1.71e-04
step   4400 | loss=5.9554 | lr=1.65e-04
[VAL] step 4400: bpb=1.8238
step   4500 | loss=5.9447 | lr=1.59e-04
step   4600 | loss=5.9338 | lr=1.53e-04
[VAL] step 4600: bpb=1.8185
step   4700 | loss=5.9327 | lr=1.47e-04
step   4800 | loss=5.9327 | lr=1.42e-04
[VAL] step 4800: bpb=1.8132
step   4900 | loss=5.9090 | lr=1.36e-04
step   5000 | loss=5.9031 | lr=1.30e-04
[VAL] step 5000: bpb=1.8081
step   5100 | loss=5.8911 | lr=1.24e-04
step   5200 | loss=5.8770 | lr=1.19e-04
[VAL] step 5200: bpb=1.8047
step   5300 | loss=5.8648 | lr=1.13e-04
step   5400 | loss=5.8493 | lr=1.08e-04
[VAL] step 5400: bpb=1.8001
step   5500 | loss=5.8531 | lr=1.03e-04
step   5600 | loss=5.8681 | lr=9.75e-05
[VAL] step 5600: bpb=1.7967
step   5700 | loss=5.8534 | lr=9.25e-05
step   5800 | loss=5.8449 | lr=8.76e-05
[VAL] step 5800: bpb=1.7945
step   5900 | loss=5.8485 | lr=8.28e-05
step   6000 | loss=5.8332 | lr=7.82e-05
[VAL] step 6000: bpb=1.7906
step   6100 | loss=5.8242 | lr=7.38e-05
step   6200 | loss=5.8216 | lr=6.95e-05
[VAL] step 6200: bpb=1.7878
step   6300 | loss=5.8239 | lr=6.55e-05
step   6400 | loss=5.8103 | lr=6.16e-05
[VAL] step 6400: bpb=1.7847
step   6500 | loss=5.8030 | lr=5.79e-05
step   6600 | loss=5.8088 | lr=5.44e-05
[VAL] step 6600: bpb=1.7815
step   6700 | loss=5.8036 | lr=5.11e-05
step   6800 | loss=5.7952 | lr=4.81e-05
[VAL] step 6800: bpb=1.7807
step   6900 | loss=5.7961 | lr=4.53e-05
