Loading tokenizer from /home/starost/.cache/nanochat/tokenizer
Vocab size: 32768, BOS id: 32759
Total params (all fp32): 500,500,742
Q/K Joint MHLut: in_nap=8 tph=512 d_qk=32 (n_outputs=2*d_qk=64)
V MHLut:         in_nap=8 tph=512 d_v=16 (n_outputs=d_v)
out_proj MHLut:  in_nap=8 tph=[1024, 1024, 512, 512, 512, 512] (n_outputs=E=96) + LayerNorm
Tokens/micro-batch: 4,096 | grad_accum: 1 | effective batch: 4,096 tokens
step      1 | loss=10.5444 | lr=3.75e-07
step    100 | loss=9.7322 | lr=3.75e-05
step    200 | loss=8.5906 | lr=7.50e-05
[VAL] step 200: bpb=2.3503
step    300 | loss=7.9125 | lr=1.12e-04
step    400 | loss=7.5169 | lr=1.50e-04
[VAL] step 400: bpb=2.1858
step    500 | loss=7.1543 | lr=1.87e-04
step    600 | loss=6.9482 | lr=2.25e-04
[VAL] step 600: bpb=2.0669
step    700 | loss=6.8083 | lr=2.62e-04
step    800 | loss=6.6973 | lr=3.00e-04
[VAL] step 800: bpb=2.0214
step    900 | loss=6.6183 | lr=3.00e-04
step   1000 | loss=6.5603 | lr=2.99e-04
[VAL] step 1000: bpb=1.9866
step   1100 | loss=6.5099 | lr=2.99e-04
step   1200 | loss=6.4623 | lr=2.98e-04
[VAL] step 1200: bpb=1.9603
step   1300 | loss=6.4015 | lr=2.97e-04
step   1400 | loss=6.3745 | lr=2.95e-04
[VAL] step 1400: bpb=1.9357
step   1500 | loss=6.3390 | lr=2.94e-04
step   1600 | loss=6.2735 | lr=2.92e-04
[VAL] step 1600: bpb=1.9097
step   1700 | loss=6.2445 | lr=2.90e-04
step   1800 | loss=6.2102 | lr=2.87e-04
[VAL] step 1800: bpb=1.8897
step   1900 | loss=6.1798 | lr=2.85e-04
step   2000 | loss=6.1440 | lr=2.82e-04
[VAL] step 2000: bpb=1.8736
step   2100 | loss=6.0974 | lr=2.79e-04
step   2200 | loss=6.0736 | lr=2.76e-04
[VAL] step 2200: bpb=1.8563
step   2300 | loss=6.0510 | lr=2.72e-04
step   2400 | loss=6.0400 | lr=2.68e-04
[VAL] step 2400: bpb=1.8442
step   2500 | loss=6.0181 | lr=2.65e-04
step   2600 | loss=6.0040 | lr=2.60e-04
[VAL] step 2600: bpb=1.8297
step   2700 | loss=5.9711 | lr=2.56e-04
step   2800 | loss=5.9580 | lr=2.52e-04
[VAL] step 2800: bpb=1.8183
step   2900 | loss=5.9307 | lr=2.47e-04
step   3000 | loss=5.9182 | lr=2.42e-04
[VAL] step 3000: bpb=1.8064
step   3100 | loss=5.9034 | lr=2.38e-04
step   3200 | loss=5.8898 | lr=2.32e-04
[VAL] step 3200: bpb=1.7985
step   3300 | loss=5.8782 | lr=2.27e-04
step   3400 | loss=5.8422 | lr=2.22e-04
[VAL] step 3400: bpb=1.7925
step   3500 | loss=5.8326 | lr=2.17e-04
step   3600 | loss=5.8427 | lr=2.11e-04
[VAL] step 3600: bpb=1.7869
step   3700 | loss=5.8165 | lr=2.06e-04
step   3800 | loss=5.8046 | lr=2.00e-04
[VAL] step 3800: bpb=1.7800
step   3900 | loss=5.7804 | lr=1.94e-04
step   4000 | loss=5.7642 | lr=1.88e-04
[VAL] step 4000: bpb=1.7722
step   4100 | loss=5.7913 | lr=1.83e-04
step   4200 | loss=5.7631 | lr=1.77e-04
[VAL] step 4200: bpb=1.7659
step   4300 | loss=5.7664 | lr=1.71e-04
step   4400 | loss=5.7525 | lr=1.65e-04
[VAL] step 4400: bpb=1.7588
step   4500 | loss=5.7377 | lr=1.59e-04
step   4600 | loss=5.7242 | lr=1.53e-04
[VAL] step 4600: bpb=1.7561
step   4700 | loss=5.7249 | lr=1.47e-04
step   4800 | loss=5.7223 | lr=1.42e-04
[VAL] step 4800: bpb=1.7491
step   4900 | loss=5.6976 | lr=1.36e-04
step   5000 | loss=5.6918 | lr=1.30e-04
[VAL] step 5000: bpb=1.7424
step   5100 | loss=5.6774 | lr=1.24e-04
step   5200 | loss=5.6589 | lr=1.19e-04
[VAL] step 5200: bpb=1.7363
step   5300 | loss=5.6443 | lr=1.13e-04
