Loading tokenizer from /home/starost/.cache/nanochat/tokenizer
Vocab size: 32768, BOS id: 32759
V2DSDPATransformer: depth=6, E=192, H=6, E_H=32, D=1456, seq_len=512
LUT: nap=6 (2^nap=64 cells), tph=1536, n_sparse=32, n_alt=1, smooth=True
Params: 55,963,008
AdamW groups: decay=18,204,672 lut_nodecay=37,748,736 nodecay=9,600
Tokens/micro-batch: 4,096 | grad_accum: 1 | effective batch: 4,096 tokens
step      1 | loss=10.4407 | lr=3.75e-07
step    100 | loss=10.1670 | lr=3.75e-05
step    200 | loss=9.5821 | lr=7.50e-05
[VAL] step 200: bpb=2.7090
step    300 | loss=8.7169 | lr=1.12e-04
step    400 | loss=7.9742 | lr=1.50e-04
[VAL] step 400: bpb=2.2756
step    500 | loss=7.5043 | lr=1.87e-04
step    600 | loss=7.2121 | lr=2.25e-04
[VAL] step 600: bpb=2.1299
step    700 | loss=7.0074 | lr=2.62e-04
step    800 | loss=6.8503 | lr=3.00e-04
[VAL] step 800: bpb=2.0557
step    900 | loss=6.7401 | lr=3.00e-04
step   1000 | loss=6.6665 | lr=2.99e-04
[VAL] step 1000: bpb=2.0157
step   1100 | loss=6.6122 | lr=2.99e-04
step   1200 | loss=6.5652 | lr=2.98e-04
[VAL] step 1200: bpb=1.9904
step   1300 | loss=6.5106 | lr=2.97e-04
step   1400 | loss=6.4920 | lr=2.95e-04
[VAL] step 1400: bpb=1.9735
step   1500 | loss=6.4700 | lr=2.94e-04
step   1600 | loss=6.4198 | lr=2.92e-04
[VAL] step 1600: bpb=1.9599
step   1700 | loss=6.4056 | lr=2.90e-04
step   1800 | loss=6.3888 | lr=2.87e-04
[VAL] step 1800: bpb=1.9485
step   1900 | loss=6.3767 | lr=2.85e-04
step   2000 | loss=6.3543 | lr=2.82e-04
[VAL] step 2000: bpb=1.9389
