RANDOM init: 512 independent genomes, 40 exc + 10 inh active (E-frac 0.800), ~341 synapses each
r   0  fit  94.191  mse  94.191  neurons 50.00 (min 50 max 50)  syn  341.1  held-out best  97.213  [   2.2s]
r  25  fit  85.622  mse  85.622  neurons 50.00 (min 50 max 50)  syn  455.8  held-out best  66.872  [  29.8s]
r  50  fit  68.929  mse  68.929  neurons 50.00 (min 50 max 50)  syn  488.1  held-out best  65.540  [  58.8s]
r  75  fit  72.531  mse  72.531  neurons 50.00 (min 50 max 50)  syn  503.9  held-out best  65.540  [  87.6s]
r 100  fit  66.954  mse  66.954  neurons 50.00 (min 50 max 50)  syn  510.0  held-out best  65.540  [ 117.0s]
r 125  fit  69.830  mse  69.830  neurons 50.00 (min 50 max 50)  syn  515.8  held-out best  65.540  [ 146.1s]
r 150  fit  66.812  mse  66.812  neurons 50.00 (min 50 max 50)  syn  526.6  held-out best  65.540  [ 176.1s]
r 175  fit  67.735  mse  67.735  neurons 50.00 (min 50 max 50)  syn  534.2  held-out best  65.540  [ 205.5s]
r 200  fit  68.958  mse  68.958  neurons 50.00 (min 50 max 50)  syn  542.4  held-out best  65.540  [ 234.7s]
r 225  fit  73.484  mse  73.484  neurons 50.00 (min 50 max 50)  syn  545.2  held-out best  65.540  [ 263.6s]
r 250  fit  69.493  mse  69.493  neurons 50.00 (min 50 max 50)  syn  552.4  held-out best  65.540  [ 293.0s]
r 275  fit  64.623  mse  64.623  neurons 50.00 (min 50 max 50)  syn  551.1  held-out best  50.624  [ 322.4s]
r 300  fit  65.184  mse  65.184  neurons 50.00 (min 50 max 50)  syn  556.3  held-out best  50.624  [ 352.5s]
r 325  fit  64.490  mse  64.490  neurons 50.00 (min 50 max 50)  syn  558.1  held-out best  50.624  [ 381.7s]
r 350  fit  64.225  mse  64.225  neurons 50.00 (min 50 max 50)  syn  568.5  held-out best  44.496  [ 412.0s]
r 375  fit  61.764  mse  61.764  neurons 50.00 (min 50 max 50)  syn  568.1  held-out best  44.496  [ 442.1s]
r 400  fit  64.052  mse  64.052  neurons 50.00 (min 50 max 50)  syn  573.9  held-out best  44.496  [ 472.4s]
r 425  fit  61.994  mse  61.994  neurons 50.00 (min 50 max 50)  syn  577.5  held-out best  44.496  [ 502.3s]
r 450  fit  59.465  mse  59.465  neurons 50.00 (min 50 max 50)  syn  580.2  held-out best  57.151  [ 532.8s]
r 475  fit  59.508  mse  59.508  neurons 50.00 (min 50 max 50)  syn  582.7  held-out best  57.151  [ 562.7s]
r 500  fit  61.115  mse  61.115  neurons 50.00 (min 50 max 50)  syn  583.7  held-out best  57.151  [ 593.1s]
r 525  fit  62.438  mse  62.438  neurons 50.00 (min 50 max 50)  syn  588.3  held-out best  57.151  [ 623.2s]
r 550  fit  56.673  mse  56.673  neurons 50.00 (min 50 max 50)  syn  585.6  held-out best  57.151  [ 653.8s]
r 575  fit  61.106  mse  61.106  neurons 50.00 (min 50 max 50)  syn  591.4  held-out best  57.151  [ 683.8s]
r 600  fit  59.021  mse  59.021  neurons 50.00 (min 50 max 50)  syn  589.3  held-out best  57.151  [ 714.5s]
r 625  fit  61.709  mse  61.709  neurons 50.00 (min 50 max 50)  syn  593.3  held-out best  57.151  [ 744.6s]
r 650  fit  59.667  mse  59.667  neurons 50.00 (min 50 max 50)  syn  596.6  held-out best  57.151  [ 775.3s]
r 675  fit  61.830  mse  61.830  neurons 50.00 (min 50 max 50)  syn  598.3  held-out best  57.151  [ 805.7s]
r 700  fit  59.701  mse  59.701  neurons 50.00 (min 50 max 50)  syn  598.2  held-out best  57.151  [ 836.6s]
r 725  fit  61.691  mse  61.691  neurons 50.00 (min 50 max 50)  syn  600.8  held-out best  57.151  [ 867.1s]
r 750  fit  59.447  mse  59.447  neurons 50.00 (min 50 max 50)  syn  602.2  held-out best  57.151  [ 898.0s]
r 775  fit  59.306  mse  59.306  neurons 50.00 (min 50 max 50)  syn  604.0  held-out best  57.151  [ 928.4s]
r 800  fit  60.354  mse  60.354  neurons 50.00 (min 50 max 50)  syn  606.2  held-out best  57.151  [ 959.6s]
r 825  fit  59.065  mse  59.065  neurons 50.00 (min 50 max 50)  syn  610.0  held-out best  57.151  [ 990.1s]
r 850  fit  61.201  mse  61.201  neurons 50.00 (min 50 max 50)  syn  613.4  held-out best  57.151  [1021.6s]
r 875  fit  60.024  mse  60.024  neurons 50.00 (min 50 max 50)  syn  613.2  held-out best  57.151  [1052.3s]
r 900  fit  53.859  mse  53.859  neurons 50.00 (min 50 max 50)  syn  614.2  held-out best  45.055  [1084.4s]
r 925  fit  49.777  mse  49.777  neurons 50.00 (min 50 max 50)  syn  617.0  held-out best  45.055  [1115.5s]
r 950  fit  49.945  mse  49.945  neurons 50.00 (min 50 max 50)  syn  618.6  held-out best  45.055  [1147.5s]
r 975  fit  54.207  mse  54.207  neurons 50.00 (min 50 max 50)  syn  621.3  held-out best  45.055  [1178.5s]
r1000  fit  50.979  mse  50.979  neurons 50.00 (min 50 max 50)  syn  619.4  held-out best  45.055  [1210.0s]
r1025  fit  52.240  mse  52.240  neurons 50.00 (min 50 max 50)  syn  619.8  held-out best  45.055  [1241.7s]
r1050  fit  53.374  mse  53.374  neurons 50.00 (min 50 max 50)  syn  620.1  held-out best  45.055  [1285.0s]
r1075  fit  55.006  mse  55.006  neurons 50.00 (min 50 max 50)  syn  620.4  held-out best  45.055  [1342.5s]
r1100  fit  53.057  mse  53.057  neurons 50.00 (min 50 max 50)  syn  621.8  held-out best  45.055  [1400.9s]
r1125  fit  54.017  mse  54.017  neurons 50.00 (min 50 max 50)  syn  622.1  held-out best  45.055  [1471.4s]
r1150  fit  52.689  mse  52.689  neurons 50.00 (min 50 max 50)  syn  623.4  held-out best  45.055  [1535.3s]
r1175  fit  52.670  mse  52.670  neurons 50.00 (min 50 max 50)  syn  623.1  held-out best  45.055  [1591.3s]
r1200  fit  53.708  mse  53.708  neurons 50.00 (min 50 max 50)  syn  628.2  held-out best  45.055  [1649.6s]
r1225  fit  51.429  mse  51.429  neurons 50.00 (min 50 max 50)  syn  630.7  held-out best  45.055  [1705.4s]
r1250  fit  51.900  mse  51.900  neurons 50.00 (min 50 max 50)  syn  627.1  held-out best  45.055  [1762.5s]
r1275  fit  54.124  mse  54.124  neurons 50.00 (min 50 max 50)  syn  628.1  held-out best  45.055  [1819.7s]
r1300  fit  51.999  mse  51.999  neurons 50.00 (min 50 max 50)  syn  629.3  held-out best  45.055  [1877.7s]
r1325  fit  52.829  mse  52.829  neurons 50.00 (min 50 max 50)  syn  634.3  held-out best  45.055  [1935.4s]
r1350  fit  51.975  mse  51.975  neurons 50.00 (min 50 max 50)  syn  634.9  held-out best  45.055  [1994.9s]
r1375  fit  51.392  mse  51.392  neurons 50.00 (min 50 max 50)  syn  635.6  held-out best  45.055  [2049.4s]
r1400  fit  50.486  mse  50.486  neurons 50.00 (min 50 max 50)  syn  639.1  held-out best  45.055  [2081.5s]
r1425  fit  53.763  mse  53.763  neurons 50.00 (min 50 max 50)  syn  636.4  held-out best  45.055  [2112.9s]
r1450  fit  52.230  mse  52.230  neurons 50.00 (min 50 max 50)  syn  638.2  held-out best  45.055  [2145.2s]
r1475  fit  52.636  mse  52.636  neurons 50.00 (min 50 max 50)  syn  639.2  held-out best  45.055  [2176.9s]
r1500  fit  52.494  mse  52.494  neurons 50.00 (min 50 max 50)  syn  644.0  held-out best  45.055  [2209.1s]
r1525  fit  54.439  mse  54.439  neurons 50.00 (min 50 max 50)  syn  639.9  held-out best  45.055  [2240.9s]
r1550  fit  51.941  mse  51.941  neurons 50.00 (min 50 max 50)  syn  641.5  held-out best  45.055  [2273.2s]
r1575  fit  52.485  mse  52.485  neurons 50.00 (min 50 max 50)  syn  644.7  held-out best  45.055  [2305.0s]
r1600  fit  50.095  mse  50.095  neurons 50.00 (min 50 max 50)  syn  643.1  held-out best  45.055  [2337.3s]
r1625  fit  52.944  mse  52.944  neurons 50.00 (min 50 max 50)  syn  648.6  held-out best  45.055  [2369.0s]
r1650  fit  53.071  mse  53.071  neurons 50.00 (min 50 max 50)  syn  647.4  held-out best  45.055  [2401.5s]
r1675  fit  51.900  mse  51.900  neurons 50.00 (min 50 max 50)  syn  647.9  held-out best  45.055  [2433.5s]
r1699  fit  54.475  mse  54.475  neurons 50.00 (min 50 max 50)  syn  646.6  held-out best  45.055  [2464.6s]
DONE: held-out MSE 45.055 vs constant 34.152 (41.1 min)
