Loading tokenizer from /home/starost/.cache/nanochat/tokenizer
Vocab size: 32768, BOS id: 32759
V2DSDPATransformer: depth=6, E=384, H=6, E_H=64, D=3297, seq_len=512
out_proj LUT: nap=6, tph=384, n_sparse=32
Params: 40,292,352
AdamW groups: decay=35,568,384 lut_nodecay=4,718,592 nodecay=5,376
Tokens/micro-batch: 4,096 | grad_accum: 1 | effective batch: 4,096 tokens
step      1 | loss=10.4749 | lr=3.75e-07
step    100 | loss=10.0044 | lr=3.75e-05
step    200 | loss=8.9557 | lr=7.50e-05
[VAL] step 200: bpb=2.4045
step    300 | loss=8.0626 | lr=1.12e-04
step    400 | loss=7.5689 | lr=1.50e-04
[VAL] step 400: bpb=2.1995
step    500 | loss=7.2305 | lr=1.87e-04
step    600 | loss=7.0546 | lr=2.25e-04
[VAL] step 600: bpb=2.1129
step    700 | loss=6.9721 | lr=2.62e-04
step    800 | loss=6.9586 | lr=3.00e-04
[VAL] step 800: bpb=2.1471
step    900 | loss=7.0394 | lr=3.00e-04
step   1000 | loss=7.1802 | lr=2.99e-04
[VAL] step 1000: bpb=2.2260
step   1100 | loss=7.2877 | lr=2.99e-04
step   1200 | loss=7.3649 | lr=2.98e-04
[VAL] step 1200: bpb=2.2852
step   1300 | loss=7.4079 | lr=2.97e-04
step   1400 | loss=7.4463 | lr=2.95e-04
[VAL] step 1400: bpb=2.2862
step   1500 | loss=7.4706 | lr=2.94e-04
step   1600 | loss=7.4870 | lr=2.92e-04
[VAL] step 1600: bpb=2.3008
step   1700 | loss=7.4904 | lr=2.90e-04
step   1800 | loss=7.4852 | lr=2.87e-04
[VAL] step 1800: bpb=2.3007
step   1900 | loss=7.4984 | lr=2.85e-04
step   2000 | loss=7.5133 | lr=2.82e-04
[VAL] step 2000: bpb=2.3239
step   2100 | loss=7.5016 | lr=2.79e-04
step   2200 | loss=7.4947 | lr=2.76e-04
[VAL] step 2200: bpb=2.2960
step   2300 | loss=7.4856 | lr=2.72e-04
step   2400 | loss=7.4882 | lr=2.68e-04
[VAL] step 2400: bpb=2.3024
step   2500 | loss=7.4980 | lr=2.65e-04
step   2600 | loss=7.5072 | lr=2.60e-04
[VAL] step 2600: bpb=2.3028
step   2700 | loss=7.5126 | lr=2.56e-04
step   2800 | loss=7.5170 | lr=2.52e-04
[VAL] step 2800: bpb=2.3183
step   2900 | loss=7.5208 | lr=2.47e-04
step   3000 | loss=7.5239 | lr=2.42e-04
[VAL] step 3000: bpb=2.3074
step   3100 | loss=7.5281 | lr=2.38e-04
step   3200 | loss=7.5278 | lr=2.32e-04
[VAL] step 3200: bpb=2.3063
step   3300 | loss=7.5204 | lr=2.27e-04
step   3400 | loss=7.5051 | lr=2.22e-04
[VAL] step 3400: bpb=2.3005
step   3500 | loss=7.4975 | lr=2.17e-04
step   3600 | loss=7.5067 | lr=2.11e-04
[VAL] step 3600: bpb=2.3116
step   3700 | loss=7.5045 | lr=2.06e-04
step   3800 | loss=7.4981 | lr=2.00e-04
[VAL] step 3800: bpb=2.3120
step   3900 | loss=7.4808 | lr=1.94e-04
step   4000 | loss=7.4777 | lr=1.88e-04
[VAL] step 4000: bpb=2.2923
step   4100 | loss=7.5025 | lr=1.83e-04
step   4200 | loss=7.4866 | lr=1.77e-04
[VAL] step 4200: bpb=2.2924
step   4300 | loss=7.4823 | lr=1.71e-04
step   4400 | loss=7.4692 | lr=1.65e-04
[VAL] step 4400: bpb=2.2915
step   4500 | loss=7.4773 | lr=1.59e-04
step   4600 | loss=7.4673 | lr=1.53e-04
[VAL] step 4600: bpb=2.2887
step   4700 | loss=7.4717 | lr=1.47e-04
step   4800 | loss=7.4758 | lr=1.42e-04
[VAL] step 4800: bpb=2.2816
step   4900 | loss=7.4537 | lr=1.36e-04
step   5000 | loss=7.4616 | lr=1.30e-04
[VAL] step 5000: bpb=2.2867
