Loading tokenizer from /home/starost/.cache/nanochat/tokenizer
Vocab size: 32768, BOS id: 32759
Total params (all fp32): 358,420,266
Q/K Joint SoftLUT: in_nap=6 tph=256 d_qk=64 (n_outputs=2*d_qk=128) init_std=0.001 T_soft=0.5 T_sel=0.5 [no V2D, q_norm+k_norm -> SDPA]
V SoftLUT:       in_nap=8 tph=256 d_v=32 (n_outputs=d_v)
out_proj SoftLUT: in_nap=6 tph=[2048, 2048, 1024, 1024, 1024, 1024] (n_outputs=E=96) + out_v2d/out_d2v
V2D out:         init_T=0.5 learnable=True
Attention:       SDPA (causal); plain default 1/sqrt(d_qk=64)=0.1250, no learnable attn_scale
Tracking 42 learnable temperatures in temperatures.csv
Tokens/micro-batch: 4,096 | grad_accum: 1 | effective batch: 4,096 tokens
step      1 | loss=10.4124 | lr=3.75e-07
step    100 | loss=9.3721 | lr=3.75e-05
step    200 | loss=8.2735 | lr=7.50e-05
W0510 16:24:08.068000 2471910 torch/_dynamo/convert_frame.py:964] [0/8] torch._dynamo hit config.recompile_limit (8)
W0510 16:24:08.068000 2471910 torch/_dynamo/convert_frame.py:964] [0/8]    function: 'forward' (/home/starost/spiky/src/spiky/lutorch/soft_multi_head_lut.py:193)
W0510 16:24:08.068000 2471910 torch/_dynamo/convert_frame.py:964] [0/8]    last reason: 0/5: tensor 'self._buffers['bit_matrix']' size mismatch at index 0. expected 6, actual 8
W0510 16:24:08.068000 2471910 torch/_dynamo/convert_frame.py:964] [0/8] To log all recompilation reasons, use TORCH_LOGS="recompiles".
W0510 16:24:08.068000 2471910 torch/_dynamo/convert_frame.py:964] [0/8] To diagnose recompilation issues, see https://pytorch.org/docs/main/torch.compiler_troubleshooting.html.
[VAL] step 200: bpb=2.3328
step    300 | loss=7.6463 | lr=1.12e-04
step    400 | loss=7.1672 | lr=1.50e-04
[VAL] step 400: bpb=2.0833
step    500 | loss=6.8720 | lr=1.87e-04
step    600 | loss=6.7255 | lr=2.25e-04
[VAL] step 600: bpb=2.0128
step    700 | loss=6.6228 | lr=2.62e-04
step    800 | loss=6.5317 | lr=3.00e-04
[VAL] step 800: bpb=1.9763
step    900 | loss=6.4574 | lr=3.00e-04
step   1000 | loss=6.3868 | lr=2.99e-04
[VAL] step 1000: bpb=1.9281
step   1100 | loss=6.3106 | lr=2.99e-04
step   1200 | loss=6.2364 | lr=2.98e-04
[VAL] step 1200: bpb=1.8802
step   1300 | loss=6.1551 | lr=2.97e-04
step   1400 | loss=6.1139 | lr=2.95e-04
[VAL] step 1400: bpb=1.8534
step   1500 | loss=6.0671 | lr=2.94e-04
step   1600 | loss=5.9974 | lr=2.92e-04
[VAL] step 1600: bpb=1.8260
step   1700 | loss=5.9696 | lr=2.90e-04
step   1800 | loss=5.9356 | lr=2.87e-04
[VAL] step 1800: bpb=1.8053
step   1900 | loss=5.9019 | lr=2.85e-04
step   2000 | loss=5.8683 | lr=2.82e-04
[VAL] step 2000: bpb=1.7883
step   2100 | loss=5.8181 | lr=2.79e-04
step   2200 | loss=5.7962 | lr=2.76e-04
[VAL] step 2200: bpb=1.7766
step   2300 | loss=5.7738 | lr=2.72e-04
step   2400 | loss=5.7665 | lr=2.68e-04
[VAL] step 2400: bpb=1.7590
step   2500 | loss=5.7434 | lr=2.65e-04
step   2600 | loss=5.7251 | lr=2.60e-04
[VAL] step 2600: bpb=1.7454
step   2700 | loss=5.6915 | lr=2.56e-04
step   2800 | loss=5.6786 | lr=2.52e-04
[VAL] step 2800: bpb=1.7368
step   2900 | loss=5.6510 | lr=2.47e-04
step   3000 | loss=5.6370 | lr=2.42e-04
[VAL] step 3000: bpb=1.7265
step   3100 | loss=5.6200 | lr=2.38e-04
step   3200 | loss=5.6099 | lr=2.32e-04
[VAL] step 3200: bpb=1.7127
step   3300 | loss=5.5988 | lr=2.27e-04
step   3400 | loss=5.5616 | lr=2.22e-04
[VAL] step 3400: bpb=1.7079
step   3500 | loss=5.5494 | lr=2.17e-04
step   3600 | loss=5.5578 | lr=2.11e-04
[VAL] step 3600: bpb=1.7045
step   3700 | loss=5.5306 | lr=2.06e-04
step   3800 | loss=5.5205 | lr=2.00e-04
[VAL] step 3800: bpb=1.6959
step   3900 | loss=5.4964 | lr=1.94e-04
step   4000 | loss=5.4776 | lr=1.88e-04
[VAL] step 4000: bpb=1.6859
step   4100 | loss=5.5055 | lr=1.83e-04
step   4200 | loss=5.4775 | lr=1.77e-04
[VAL] step 4200: bpb=1.6819
step   4300 | loss=5.4810 | lr=1.71e-04
step   4400 | loss=5.4700 | lr=1.65e-04
[VAL] step 4400: bpb=1.6777
step   4500 | loss=5.4544 | lr=1.59e-04
step   4600 | loss=5.4424 | lr=1.53e-04
[VAL] step 4600: bpb=1.6709
step   4700 | loss=5.4418 | lr=1.47e-04
step   4800 | loss=5.4397 | lr=1.42e-04
[VAL] step 4800: bpb=1.6648
step   4900 | loss=5.4157 | lr=1.36e-04
step   5000 | loss=5.4101 | lr=1.30e-04
[VAL] step 5000: bpb=1.6576
step   5100 | loss=5.3993 | lr=1.24e-04
step   5200 | loss=5.3801 | lr=1.19e-04
[VAL] step 5200: bpb=1.6539
step   5300 | loss=5.3663 | lr=1.13e-04
step   5400 | loss=5.3512 | lr=1.08e-04
[VAL] step 5400: bpb=1.6480
step   5500 | loss=5.3594 | lr=1.03e-04
step   5600 | loss=5.3742 | lr=9.75e-05
[VAL] step 5600: bpb=1.6445
step   5700 | loss=5.3583 | lr=9.25e-05
step   5800 | loss=5.3488 | lr=8.76e-05
[VAL] step 5800: bpb=1.6426
step   5900 | loss=5.3503 | lr=8.28e-05
step   6000 | loss=5.3391 | lr=7.82e-05
[VAL] step 6000: bpb=1.6390
step   6100 | loss=5.3252 | lr=7.38e-05
step   6200 | loss=5.3242 | lr=6.95e-05
[VAL] step 6200: bpb=1.6358
