Loading tokenizer from /home/starost/.cache/nanochat/tokenizer
Vocab size: 32768, BOS id: 32759
bit LUTs: 18
Adam-managed parameters: 22,352,006
Q/K Joint BitMultiHeadLUT: in_nap=6 out_nap=128 tph=256 d_qk=32 P_qk=496 (n_outputs=2*P_qk=992, CLT-scaled, q/k-canonicalised)
V BitPermLUT:   in_nap=7 out_nap=10 tph=256 d_v=16 P_v=120
Out BitPermLUT: in_nap=6 out_nap=144 tph=[2048, 2048, 1024, 1024, 1024, 1024]
Tokens/micro-batch: 4,096 | grad_accum: 1 | effective batch: 4,096 tokens
step      1 | loss=10.5625 | lr=3.75e-07
step    100 | loss=9.7252 | lr=3.75e-05
step    200 | loss=8.6170 | lr=7.50e-05
[VAL] step 200: bpb=2.3556
step    300 | loss=7.9417 | lr=1.12e-04
step    400 | loss=7.6193 | lr=1.50e-04
[VAL] step 400: bpb=2.2664
step    500 | loss=7.3797 | lr=1.87e-04
step    600 | loss=7.1616 | lr=2.25e-04
[VAL] step 600: bpb=2.1228
step    700 | loss=6.9903 | lr=2.62e-04
step    800 | loss=6.8504 | lr=3.00e-04
[VAL] step 800: bpb=2.0603
step    900 | loss=6.7496 | lr=3.00e-04
step   1000 | loss=6.6757 | lr=2.99e-04
[VAL] step 1000: bpb=2.0162
step   1100 | loss=6.6177 | lr=2.99e-04
step   1200 | loss=6.5663 | lr=2.98e-04
[VAL] step 1200: bpb=1.9927
step   1300 | loss=6.5073 | lr=2.97e-04
step   1400 | loss=6.4854 | lr=2.95e-04
[VAL] step 1400: bpb=1.9724
step   1500 | loss=6.4590 | lr=2.94e-04
step   1600 | loss=6.4032 | lr=2.92e-04
[VAL] step 1600: bpb=1.9519
step   1700 | loss=6.3860 | lr=2.90e-04
step   1800 | loss=6.3653 | lr=2.87e-04
[VAL] step 1800: bpb=1.9418
step   1900 | loss=6.3466 | lr=2.85e-04
step   2000 | loss=6.3241 | lr=2.82e-04
[VAL] step 2000: bpb=1.9316
step   2100 | loss=6.2905 | lr=2.79e-04
step   2200 | loss=6.2724 | lr=2.76e-04
[VAL] step 2200: bpb=1.9186
step   2300 | loss=6.2527 | lr=2.72e-04
step   2400 | loss=6.2461 | lr=2.68e-04
[VAL] step 2400: bpb=1.9095
step   2500 | loss=6.2288 | lr=2.65e-04
step   2600 | loss=6.2163 | lr=2.60e-04
[VAL] step 2600: bpb=1.8973
step   2700 | loss=6.1861 | lr=2.56e-04
step   2800 | loss=6.1739 | lr=2.52e-04
[VAL] step 2800: bpb=1.8845
step   2900 | loss=6.1481 | lr=2.47e-04
step   3000 | loss=6.1358 | lr=2.42e-04
[VAL] step 3000: bpb=1.8743
step   3100 | loss=6.1188 | lr=2.38e-04
step   3200 | loss=6.1054 | lr=2.32e-04
[VAL] step 3200: bpb=1.8638
step   3300 | loss=6.0947 | lr=2.27e-04
step   3400 | loss=6.0577 | lr=2.22e-04
[VAL] step 3400: bpb=1.8555
step   3500 | loss=6.0491 | lr=2.17e-04
step   3600 | loss=6.0551 | lr=2.11e-04
[VAL] step 3600: bpb=1.8522
step   3700 | loss=6.0325 | lr=2.06e-04
step   3800 | loss=6.0206 | lr=2.00e-04
[VAL] step 3800: bpb=1.8421
step   3900 | loss=5.9953 | lr=1.94e-04
step   4000 | loss=5.9806 | lr=1.88e-04
[VAL] step 4000: bpb=1.8335
step   4100 | loss=6.0069 | lr=1.83e-04
step   4200 | loss=5.9780 | lr=1.77e-04
[VAL] step 4200: bpb=1.8284
step   4300 | loss=5.9813 | lr=1.71e-04
step   4400 | loss=5.9660 | lr=1.65e-04
[VAL] step 4400: bpb=1.8240
step   4500 | loss=5.9538 | lr=1.59e-04
step   4600 | loss=5.9417 | lr=1.53e-04
[VAL] step 4600: bpb=1.8190
step   4700 | loss=5.9426 | lr=1.47e-04
step   4800 | loss=5.9401 | lr=1.42e-04
[VAL] step 4800: bpb=1.8142
step   4900 | loss=5.9149 | lr=1.36e-04
step   5000 | loss=5.9103 | lr=1.30e-04
[VAL] step 5000: bpb=1.8067
step   5100 | loss=5.8970 | lr=1.24e-04
step   5200 | loss=5.8813 | lr=1.19e-04
[VAL] step 5200: bpb=1.8030
step   5300 | loss=5.8697 | lr=1.13e-04
step   5400 | loss=5.8570 | lr=1.08e-04
[VAL] step 5400: bpb=1.8014
step   5500 | loss=5.8582 | lr=1.03e-04
step   5600 | loss=5.8724 | lr=9.75e-05
[VAL] step 5600: bpb=1.7953
step   5700 | loss=5.8576 | lr=9.25e-05
step   5800 | loss=5.8481 | lr=8.76e-05
[VAL] step 5800: bpb=1.7936
step   5900 | loss=5.8545 | lr=8.28e-05
step   6000 | loss=5.8388 | lr=7.82e-05
[VAL] step 6000: bpb=1.7894
step   6100 | loss=5.8266 | lr=7.38e-05
step   6200 | loss=5.8229 | lr=6.95e-05
[VAL] step 6200: bpb=1.7859
step   6300 | loss=5.8268 | lr=6.55e-05
step   6400 | loss=5.8108 | lr=6.16e-05
[VAL] step 6400: bpb=1.7846
step   6500 | loss=5.8046 | lr=5.79e-05
step   6600 | loss=5.8114 | lr=5.44e-05
[VAL] step 6600: bpb=1.7804
step   6700 | loss=5.8061 | lr=5.11e-05
step   6800 | loss=5.7993 | lr=4.81e-05
[VAL] step 6800: bpb=1.7777
step   6900 | loss=5.7996 | lr=4.53e-05
step   7000 | loss=5.7962 | lr=4.26e-05
[VAL] step 7000: bpb=1.7772
step   7100 | loss=5.7895 | lr=4.03e-05
step   7200 | loss=5.7926 | lr=3.81e-05
[VAL] step 7200: bpb=1.7751
step   7300 | loss=5.7817 | lr=3.62e-05
step   7400 | loss=5.7930 | lr=3.46e-05
[VAL] step 7400: bpb=1.7740
step   7500 | loss=5.7791 | lr=3.32e-05
step   7600 | loss=5.7724 | lr=3.21e-05
[VAL] step 7600: bpb=1.7719
step   7700 | loss=5.7636 | lr=3.12e-05
step   7800 | loss=5.7748 | lr=3.05e-05
[VAL] step 7800: bpb=1.7714
step   7900 | loss=5.7720 | lr=3.01e-05
step   8000 | loss=5.7654 | lr=3.00e-05
[VAL] step 8000: bpb=1.7698

=== DONE ===
{
  "exp_name": "exp055_qk_nap128",
  "best_val_bpb": 1.7697729997739615,
  "final_val_bpb": 1.7697729997739615,
  "adam_params": 22352006,
  "n_bit_luts": 18,
  "training_time_hours": 0.996
}
