Loading tokenizer from /home/starost/.cache/nanochat/tokenizer
Vocab size: 32768, BOS id: 32759
Total params (all fp32): 129,304,838
Q/K Joint MHLut: in_nap=6 tph=256 d_qk=32 (n_outputs=2*d_qk=64)
V MHLut:         in_nap=7 tph=256 d_v=16 (n_outputs=d_v)
out_proj MHLut:  in_nap=6 tph=[2048, 2048, 1024, 1024, 1024, 1024] (n_outputs=E=96) + LayerNorm
Tokens/micro-batch: 4,096 | grad_accum: 1 | effective batch: 4,096 tokens
step      1 | loss=10.5705 | lr=3.75e-07
step    100 | loss=9.7465 | lr=3.75e-05
step    200 | loss=8.6389 | lr=7.50e-05
[VAL] step 200: bpb=2.3594
step    300 | loss=7.9391 | lr=1.12e-04
step    400 | loss=7.5154 | lr=1.50e-04
[VAL] step 400: bpb=2.1734
step    500 | loss=7.1468 | lr=1.87e-04
step    600 | loss=6.9417 | lr=2.25e-04
[VAL] step 600: bpb=2.0667
step    700 | loss=6.8056 | lr=2.62e-04
step    800 | loss=6.6996 | lr=3.00e-04
[VAL] step 800: bpb=2.0210
step    900 | loss=6.6219 | lr=3.00e-04
step   1000 | loss=6.5646 | lr=2.99e-04
[VAL] step 1000: bpb=1.9877
step   1100 | loss=6.5183 | lr=2.99e-04
step   1200 | loss=6.4740 | lr=2.98e-04
[VAL] step 1200: bpb=1.9653
step   1300 | loss=6.4183 | lr=2.97e-04
step   1400 | loss=6.3991 | lr=2.95e-04
[VAL] step 1400: bpb=1.9451
step   1500 | loss=6.3706 | lr=2.94e-04
step   1600 | loss=6.3128 | lr=2.92e-04
[VAL] step 1600: bpb=1.9268
step   1700 | loss=6.2922 | lr=2.90e-04
step   1800 | loss=6.2673 | lr=2.87e-04
[VAL] step 1800: bpb=1.9115
step   1900 | loss=6.2455 | lr=2.85e-04
step   2000 | loss=6.2147 | lr=2.82e-04
[VAL] step 2000: bpb=1.8951
step   2100 | loss=6.1704 | lr=2.79e-04
step   2200 | loss=6.1446 | lr=2.76e-04
[VAL] step 2200: bpb=1.8766
step   2300 | loss=6.1185 | lr=2.72e-04
step   2400 | loss=6.1036 | lr=2.68e-04
[VAL] step 2400: bpb=1.8604
step   2500 | loss=6.0804 | lr=2.65e-04
step   2600 | loss=6.0612 | lr=2.60e-04
[VAL] step 2600: bpb=1.8446
step   2700 | loss=6.0253 | lr=2.56e-04
step   2800 | loss=6.0088 | lr=2.52e-04
[VAL] step 2800: bpb=1.8334
step   2900 | loss=5.9790 | lr=2.47e-04
step   3000 | loss=5.9634 | lr=2.42e-04
[VAL] step 3000: bpb=1.8207
step   3100 | loss=5.9456 | lr=2.38e-04
step   3200 | loss=5.9306 | lr=2.32e-04
[VAL] step 3200: bpb=1.8089
step   3300 | loss=5.9184 | lr=2.27e-04
step   3400 | loss=5.8794 | lr=2.22e-04
[VAL] step 3400: bpb=1.7998
step   3500 | loss=5.8665 | lr=2.17e-04
step   3600 | loss=5.8738 | lr=2.11e-04
[VAL] step 3600: bpb=1.7962
step   3700 | loss=5.8488 | lr=2.06e-04
step   3800 | loss=5.8367 | lr=2.00e-04
[VAL] step 3800: bpb=1.7856
step   3900 | loss=5.8116 | lr=1.94e-04
step   4000 | loss=5.7925 | lr=1.88e-04
[VAL] step 4000: bpb=1.7788
step   4100 | loss=5.8195 | lr=1.83e-04
step   4200 | loss=5.7899 | lr=1.77e-04
[VAL] step 4200: bpb=1.7725
step   4300 | loss=5.7938 | lr=1.71e-04
step   4400 | loss=5.7786 | lr=1.65e-04
[VAL] step 4400: bpb=1.7673
step   4500 | loss=5.7672 | lr=1.59e-04
step   4600 | loss=5.7546 | lr=1.53e-04
[VAL] step 4600: bpb=1.7607
step   4700 | loss=5.7535 | lr=1.47e-04
step   4800 | loss=5.7506 | lr=1.42e-04
[VAL] step 4800: bpb=1.7542
step   4900 | loss=5.7262 | lr=1.36e-04
step   5000 | loss=5.7201 | lr=1.30e-04
[VAL] step 5000: bpb=1.7481
step   5100 | loss=5.7067 | lr=1.24e-04
step   5200 | loss=5.6891 | lr=1.19e-04
[VAL] step 5200: bpb=1.7430
step   5300 | loss=5.6757 | lr=1.13e-04
step   5400 | loss=5.6613 | lr=1.08e-04
[VAL] step 5400: bpb=1.7427
step   5500 | loss=5.6666 | lr=1.03e-04
step   5600 | loss=5.6809 | lr=9.75e-05
[VAL] step 5600: bpb=1.7358
step   5700 | loss=5.6634 | lr=9.25e-05
step   5800 | loss=5.6542 | lr=8.76e-05
[VAL] step 5800: bpb=1.7333
step   5900 | loss=5.6603 | lr=8.28e-05
step   6000 | loss=5.6438 | lr=7.82e-05
[VAL] step 6000: bpb=1.7305
step   6100 | loss=5.6299 | lr=7.38e-05
step   6200 | loss=5.6259 | lr=6.95e-05
[VAL] step 6200: bpb=1.7267
step   6300 | loss=5.6301 | lr=6.55e-05
step   6400 | loss=5.6120 | lr=6.16e-05
[VAL] step 6400: bpb=1.7226
step   6500 | loss=5.6045 | lr=5.79e-05
step   6600 | loss=5.6098 | lr=5.44e-05
[VAL] step 6600: bpb=1.7200
step   6700 | loss=5.6067 | lr=5.11e-05
step   6800 | loss=5.5991 | lr=4.81e-05
[VAL] step 6800: bpb=1.7181
step   6900 | loss=5.5971 | lr=4.53e-05
step   7000 | loss=5.5984 | lr=4.26e-05
[VAL] step 7000: bpb=1.7163
step   7100 | loss=5.5902 | lr=4.03e-05
step   7200 | loss=5.5931 | lr=3.81e-05
[VAL] step 7200: bpb=1.7145
step   7300 | loss=5.5826 | lr=3.62e-05
step   7400 | loss=5.5941 | lr=3.46e-05
[VAL] step 7400: bpb=1.7137
step   7500 | loss=5.5790 | lr=3.32e-05
step   7600 | loss=5.5715 | lr=3.21e-05
[VAL] step 7600: bpb=1.7112
step   7700 | loss=5.5648 | lr=3.12e-05
step   7800 | loss=5.5771 | lr=3.05e-05
[VAL] step 7800: bpb=1.7097
step   7900 | loss=5.5738 | lr=3.01e-05
step   8000 | loss=5.5645 | lr=3.00e-05
[VAL] step 8000: bpb=1.7088

=== DONE ===
{
  "exp_name": "exp071_canonicalize_out",
  "best_val_bpb": 1.7088280949602563,
  "final_val_bpb": 1.7088280949602563,
  "n_params": 129304838,
  "training_time_hours": 0.549
}
