Loading tokenizer from /home/starost/.cache/nanochat/tokenizer
Vocab size: 32768, BOS id: 32759
Total params (all fp32): 143,495,942
Q/K Joint MHLut: in_nap=6 tph=256 d_qk=32 (n_outputs=2*d_qk=64)
V MHLut:         in_nap=7 tph=256 d_v=16 (n_outputs=d_v)
out_proj MHLut:  in_nap=6 tph=1024 (n_outputs=E=96)
residual MHLut:  in_nap=6 tph_factor=256 (per layer i: in=(i+1)*E, tph=256*i)
Unembedder MLP:  LN(96) -> Linear(96,384) -> ReLU -> Linear(384,VOCAB)
Tokens/micro-batch: 4,096 | grad_accum: 1 | effective batch: 4,096 tokens
step      1 | loss=10.4172 | lr=3.75e-07
step    100 | loss=10.2328 | lr=3.75e-05
step    200 | loss=9.5861 | lr=7.50e-05
[VAL] step 200: bpb=2.6039
step    300 | loss=8.3511 | lr=1.12e-04
step    400 | loss=7.6260 | lr=1.50e-04
[VAL] step 400: bpb=2.1805
step    500 | loss=7.2130 | lr=1.87e-04
step    600 | loss=7.0163 | lr=2.25e-04
[VAL] step 600: bpb=2.1010
step    700 | loss=6.8943 | lr=2.62e-04
step    800 | loss=6.7954 | lr=3.00e-04
[VAL] step 800: bpb=2.0552
step    900 | loss=6.7255 | lr=3.00e-04
step   1000 | loss=6.6742 | lr=2.99e-04
[VAL] step 1000: bpb=2.0219
step   1100 | loss=6.6305 | lr=2.99e-04
step   1200 | loss=6.5921 | lr=2.98e-04
[VAL] step 1200: bpb=1.9996
step   1300 | loss=6.5431 | lr=2.97e-04
step   1400 | loss=6.5267 | lr=2.95e-04
[VAL] step 1400: bpb=1.9878
step   1500 | loss=6.5038 | lr=2.94e-04
step   1600 | loss=6.4554 | lr=2.92e-04
[VAL] step 1600: bpb=1.9717
step   1700 | loss=6.4411 | lr=2.90e-04
step   1800 | loss=6.4282 | lr=2.87e-04
[VAL] step 1800: bpb=1.9626
step   1900 | loss=6.4154 | lr=2.85e-04
step   2000 | loss=6.3976 | lr=2.82e-04
[VAL] step 2000: bpb=1.9529
step   2100 | loss=6.3742 | lr=2.79e-04
step   2200 | loss=6.3625 | lr=2.76e-04
[VAL] step 2200: bpb=1.9478
step   2300 | loss=6.3450 | lr=2.72e-04
step   2400 | loss=6.3407 | lr=2.68e-04
[VAL] step 2400: bpb=1.9380
step   2500 | loss=6.3324 | lr=2.65e-04
step   2600 | loss=6.3295 | lr=2.60e-04
[VAL] step 2600: bpb=1.9305
step   2700 | loss=6.3016 | lr=2.56e-04
step   2800 | loss=6.2994 | lr=2.52e-04
[VAL] step 2800: bpb=1.9271
step   2900 | loss=6.2829 | lr=2.47e-04
step   3000 | loss=6.2803 | lr=2.42e-04
[VAL] step 3000: bpb=1.9208
step   3100 | loss=6.2702 | lr=2.38e-04
step   3200 | loss=6.2650 | lr=2.32e-04
[VAL] step 3200: bpb=1.9127
step   3300 | loss=6.2578 | lr=2.27e-04
step   3400 | loss=6.2306 | lr=2.22e-04
[VAL] step 3400: bpb=1.9088
step   3500 | loss=6.2246 | lr=2.17e-04
step   3600 | loss=6.2331 | lr=2.11e-04
[VAL] step 3600: bpb=1.9054
step   3700 | loss=6.2207 | lr=2.06e-04
step   3800 | loss=6.2142 | lr=2.00e-04
[VAL] step 3800: bpb=1.9001
step   3900 | loss=6.1934 | lr=1.94e-04
step   4000 | loss=6.1850 | lr=1.88e-04
[VAL] step 4000: bpb=1.8954
step   4100 | loss=6.2105 | lr=1.83e-04
step   4200 | loss=6.1858 | lr=1.77e-04
[VAL] step 4200: bpb=1.8906
step   4300 | loss=6.1901 | lr=1.71e-04
step   4400 | loss=6.1774 | lr=1.65e-04
[VAL] step 4400: bpb=1.8879
step   4500 | loss=6.1721 | lr=1.59e-04
step   4600 | loss=6.1604 | lr=1.53e-04
[VAL] step 4600: bpb=1.8834
step   4700 | loss=6.1675 | lr=1.47e-04
step   4800 | loss=6.1651 | lr=1.42e-04
[VAL] step 4800: bpb=1.8803
step   4900 | loss=6.1407 | lr=1.36e-04
step   5000 | loss=6.1396 | lr=1.30e-04
[VAL] step 5000: bpb=1.8738
step   5100 | loss=6.1233 | lr=1.24e-04
step   5200 | loss=6.1067 | lr=1.19e-04
[VAL] step 5200: bpb=1.8693
step   5300 | loss=6.1022 | lr=1.13e-04
step   5400 | loss=6.0886 | lr=1.08e-04
[VAL] step 5400: bpb=1.8657
step   5500 | loss=6.0840 | lr=1.03e-04
step   5600 | loss=6.0959 | lr=9.75e-05
[VAL] step 5600: bpb=1.8626
step   5700 | loss=6.0834 | lr=9.25e-05
step   5800 | loss=6.0773 | lr=8.76e-05
[VAL] step 5800: bpb=1.8594
step   5900 | loss=6.0830 | lr=8.28e-05
step   6000 | loss=6.0661 | lr=7.82e-05
[VAL] step 6000: bpb=1.8557
step   6100 | loss=6.0573 | lr=7.38e-05
step   6200 | loss=6.0523 | lr=6.95e-05
[VAL] step 6200: bpb=1.8541
step   6300 | loss=6.0581 | lr=6.55e-05
step   6400 | loss=6.0409 | lr=6.16e-05
[VAL] step 6400: bpb=1.8505
