Loading tokenizer from /home/starost/.cache/nanochat/tokenizer
Vocab size: 32768, BOS id: 32759
Total params (all fp32): 366,446,086
Q/K Joint MHLut: in_nap=6 tph=336 d_qk=32 (n_outputs=2*d_qk=64)
V MHLut:         in_nap=8 tph=256 d_v=32 (n_outputs=d_v)
out_proj MHLut:  in_nap=8 tph=2304 (n_outputs=E=64) + LayerNorm
Tokens/micro-batch: 4,096 | grad_accum: 1 | effective batch: 4,096 tokens
step      1 | loss=10.5768 | lr=3.75e-07
step    100 | loss=9.9277 | lr=3.75e-05
step    200 | loss=8.9691 | lr=7.50e-05
[VAL] step 200: bpb=2.4431
step    300 | loss=8.1258 | lr=1.12e-04
step    400 | loss=7.5855 | lr=1.50e-04
[VAL] step 400: bpb=2.1804
step    500 | loss=7.1844 | lr=1.87e-04
step    600 | loss=6.9684 | lr=2.25e-04
[VAL] step 600: bpb=2.0708
step    700 | loss=6.8255 | lr=2.62e-04
step    800 | loss=6.7164 | lr=3.00e-04
[VAL] step 800: bpb=2.0284
step    900 | loss=6.6400 | lr=3.00e-04
step   1000 | loss=6.5864 | lr=2.99e-04
[VAL] step 1000: bpb=1.9953
step   1100 | loss=6.5403 | lr=2.99e-04
step   1200 | loss=6.4982 | lr=2.98e-04
[VAL] step 1200: bpb=1.9720
step   1300 | loss=6.4449 | lr=2.97e-04
step   1400 | loss=6.4261 | lr=2.95e-04
[VAL] step 1400: bpb=1.9536
step   1500 | loss=6.4019 | lr=2.94e-04
step   1600 | loss=6.3480 | lr=2.92e-04
[VAL] step 1600: bpb=1.9378
step   1700 | loss=6.3318 | lr=2.90e-04
step   1800 | loss=6.3130 | lr=2.87e-04
[VAL] step 1800: bpb=1.9255
step   1900 | loss=6.2931 | lr=2.85e-04
step   2000 | loss=6.2666 | lr=2.82e-04
[VAL] step 2000: bpb=1.9142
step   2100 | loss=6.2310 | lr=2.79e-04
step   2200 | loss=6.2096 | lr=2.76e-04
[VAL] step 2200: bpb=1.8993
step   2300 | loss=6.1880 | lr=2.72e-04
step   2400 | loss=6.1772 | lr=2.68e-04
[VAL] step 2400: bpb=1.8859
step   2500 | loss=6.1564 | lr=2.65e-04
