Loading tokenizer from ~/.cache/nanochat/tokenizer
FIXED EVAL: bs48 x 100 steps, skip 12 rows (val window independent of device_batch_size=48)
MinimalGPT depth=6 dim=384 heads=6 seq=512 | ffn=dense tie=False | params=35,792,640
Tokens/micro-batch: 24,576 | grad_accum: 1 | effective batch: 24,576 tokens
wandb: [wandb.login()] Loaded credentials for http://<WANDB_HOST> from ~/.netrc.
wandb: Currently logged in as: <WANDB_ENTITY> to http://<WANDB_HOST>. Use `wandb login --relogin` to force relogin
wandb: Tracking run with wandb version 0.28.0
wandb: Run data is saved locally in ~/.cache/wandb/wandb/run-20260913_210340-exp_g_abl_10_B16k_vanilla_dense_untied_seed1
wandb: Run `wandb offline` to turn off syncing.
wandb: Syncing run exp_g_abl_10_B16k_vanilla_dense_untied_seed1
wandb: ⭐️ View project at http://<WANDB_HOST>/<WANDB_ENTITY>/Spiky
wandb: 🚀 View run at http://<WANDB_HOST>/<WANDB_ENTITY>/Spiky/runs/exp_g_abl_10_B16k_vanilla_dense_untied_seed1
[wandb] online: run exp_g_abl_10_B16k_vanilla_dense_untied_seed1 -> ~/.cache/wandb/wandb/run-20260913_210340-exp_g_abl_10_B16k_vanilla_dense_untied_seed1/files
step      1 | loss=10.4698 | lr=1.87e-07
step    100 | loss=9.9587 | lr=1.87e-05
step    200 | loss=9.1958 | lr=3.75e-05
step    300 | loss=8.2683 | lr=5.62e-05
step    400 | loss=7.4854 | lr=7.50e-05
step    500 | loss=6.9578 | lr=9.37e-05
[VAL] step 500: bpb=1.9942
step    600 | loss=6.5939 | lr=1.12e-04
step    700 | loss=6.3479 | lr=1.31e-04
step    800 | loss=6.1799 | lr=1.50e-04
step    900 | loss=6.0238 | lr=1.69e-04
step   1000 | loss=5.8957 | lr=1.87e-04
[VAL] step 1000: bpb=1.7617
step   1100 | loss=5.7744 | lr=2.06e-04
step   1200 | loss=5.6619 | lr=2.25e-04
step   1300 | loss=5.5601 | lr=2.44e-04
step   1400 | loss=5.4668 | lr=2.62e-04
step   1500 | loss=5.3790 | lr=2.81e-04
[VAL] step 1500: bpb=1.6182
step   1600 | loss=5.3085 | lr=3.00e-04
step   1700 | loss=5.2235 | lr=3.00e-04
step   1800 | loss=5.1471 | lr=3.00e-04
step   1900 | loss=5.0755 | lr=3.00e-04
step   2000 | loss=5.0186 | lr=2.99e-04
[VAL] step 2000: bpb=1.5188
step   2100 | loss=4.9626 | lr=2.99e-04
step   2200 | loss=4.9175 | lr=2.99e-04
step   2300 | loss=4.8746 | lr=2.98e-04
step   2400 | loss=4.8283 | lr=2.98e-04
step   2500 | loss=4.7786 | lr=2.97e-04
[VAL] step 2500: bpb=1.4504
step   2600 | loss=4.7309 | lr=2.97e-04
step   2700 | loss=4.6939 | lr=2.96e-04
step   2800 | loss=4.6510 | lr=2.95e-04
step   2900 | loss=4.6123 | lr=2.95e-04
step   3000 | loss=4.5844 | lr=2.94e-04
[VAL] step 3000: bpb=1.3937
step   3100 | loss=4.5653 | lr=2.93e-04
step   3200 | loss=4.5354 | lr=2.92e-04
step   3300 | loss=4.4978 | lr=2.91e-04
step   3400 | loss=4.4755 | lr=2.90e-04
step   3500 | loss=4.4456 | lr=2.89e-04
[VAL] step 3500: bpb=1.3558
step   3600 | loss=4.4229 | lr=2.87e-04
step   3700 | loss=4.4065 | lr=2.86e-04
step   3800 | loss=4.3999 | lr=2.85e-04
step   3900 | loss=4.3806 | lr=2.83e-04
step   4000 | loss=4.3598 | lr=2.82e-04
[VAL] step 4000: bpb=1.3281
step   4100 | loss=4.3373 | lr=2.80e-04
step   4200 | loss=4.3176 | lr=2.79e-04
step   4300 | loss=4.3019 | lr=2.77e-04
step   4400 | loss=4.2891 | lr=2.76e-04
step   4500 | loss=4.2790 | lr=2.74e-04
[VAL] step 4500: bpb=1.3065
step   4600 | loss=4.2711 | lr=2.72e-04
step   4700 | loss=4.2546 | lr=2.70e-04
step   4800 | loss=4.2406 | lr=2.68e-04
step   4900 | loss=4.2261 | lr=2.66e-04
step   5000 | loss=4.2268 | lr=2.65e-04
[VAL] step 5000: bpb=1.2891
step   5100 | loss=4.2106 | lr=2.63e-04
step   5200 | loss=4.2121 | lr=2.60e-04
step   5300 | loss=4.2148 | lr=2.58e-04
step   5400 | loss=4.2105 | lr=2.56e-04
step   5500 | loss=4.1856 | lr=2.54e-04
[VAL] step 5500: bpb=1.2728
step   5600 | loss=4.1654 | lr=2.52e-04
step   5700 | loss=4.1506 | lr=2.49e-04
step   5800 | loss=4.1382 | lr=2.47e-04
step   5900 | loss=4.1286 | lr=2.45e-04
step   6000 | loss=4.1254 | lr=2.42e-04
[VAL] step 6000: bpb=1.2594
step   6100 | loss=4.1169 | lr=2.40e-04
step   6200 | loss=4.1123 | lr=2.38e-04
step   6300 | loss=4.0979 | lr=2.35e-04
step   6400 | loss=4.0917 | lr=2.32e-04
step   6500 | loss=4.0912 | lr=2.30e-04
[VAL] step 6500: bpb=1.2492
step   6600 | loss=4.0774 | lr=2.27e-04
step   6700 | loss=4.0738 | lr=2.25e-04
step   6800 | loss=4.0771 | lr=2.22e-04
step   6900 | loss=4.0623 | lr=2.19e-04
step   7000 | loss=4.0458 | lr=2.17e-04
[VAL] step 7000: bpb=1.2399
step   7100 | loss=4.0290 | lr=2.14e-04
step   7200 | loss=4.0217 | lr=2.11e-04
step   7300 | loss=4.0251 | lr=2.08e-04
step   7400 | loss=4.0241 | lr=2.06e-04
step   7500 | loss=4.0163 | lr=2.03e-04
[VAL] step 7500: bpb=1.2309
step   7600 | loss=4.0057 | lr=2.00e-04
step   7700 | loss=3.9901 | lr=1.97e-04
step   7800 | loss=3.9885 | lr=1.94e-04
step   7900 | loss=3.9865 | lr=1.91e-04
step   8000 | loss=3.9798 | lr=1.88e-04
[VAL] step 8000: bpb=1.2242
step   8100 | loss=3.9726 | lr=1.86e-04
step   8200 | loss=3.9743 | lr=1.83e-04
step   8300 | loss=3.9769 | lr=1.80e-04
step   8400 | loss=3.9620 | lr=1.77e-04
step   8500 | loss=3.9501 | lr=1.74e-04
[VAL] step 8500: bpb=1.2159
step   8600 | loss=3.9466 | lr=1.71e-04
step   8700 | loss=3.9392 | lr=1.68e-04
step   8800 | loss=3.9357 | lr=1.65e-04
step   8900 | loss=3.9366 | lr=1.62e-04
step   9000 | loss=3.9407 | lr=1.59e-04
[VAL] step 9000: bpb=1.2104
step   9100 | loss=3.9258 | lr=1.56e-04
step   9200 | loss=3.9246 | lr=1.53e-04
step   9300 | loss=3.9120 | lr=1.50e-04
step   9400 | loss=3.9068 | lr=1.47e-04
step   9500 | loss=3.9012 | lr=1.44e-04
[VAL] step 9500: bpb=1.2036
step   9600 | loss=3.9035 | lr=1.42e-04
step   9700 | loss=3.9004 | lr=1.39e-04
step   9800 | loss=3.9060 | lr=1.36e-04
step   9900 | loss=3.8914 | lr=1.33e-04
step  10000 | loss=3.8845 | lr=1.30e-04
[VAL] step 10000: bpb=1.1982
step  10100 | loss=3.8824 | lr=1.27e-04
step  10200 | loss=3.8818 | lr=1.24e-04
step  10300 | loss=3.8731 | lr=1.22e-04
step  10400 | loss=3.8937 | lr=1.19e-04
step  10500 | loss=3.8940 | lr=1.16e-04
[VAL] step 10500: bpb=1.1940
step  10600 | loss=3.8967 | lr=1.13e-04
step  10700 | loss=3.8637 | lr=1.11e-04
step  10800 | loss=3.8621 | lr=1.08e-04
step  10900 | loss=3.8547 | lr=1.05e-04
step  11000 | loss=3.8368 | lr=1.03e-04
[VAL] step 11000: bpb=1.1891
step  11100 | loss=3.8409 | lr=1.00e-04
step  11200 | loss=3.8426 | lr=9.75e-05
step  11300 | loss=3.8412 | lr=9.50e-05
step  11400 | loss=3.8420 | lr=9.25e-05
step  11500 | loss=3.8256 | lr=9.00e-05
[VAL] step 11500: bpb=1.1850
step  11600 | loss=3.8272 | lr=8.76e-05
step  11700 | loss=3.8313 | lr=8.52e-05
step  11800 | loss=3.8246 | lr=8.28e-05
step  11900 | loss=3.8260 | lr=8.05e-05
step  12000 | loss=3.8204 | lr=7.82e-05
[VAL] step 12000: bpb=1.1816
step  12100 | loss=3.8155 | lr=7.60e-05
step  12200 | loss=3.8024 | lr=7.38e-05
step  12300 | loss=3.7945 | lr=7.16e-05
step  12400 | loss=3.7945 | lr=6.95e-05
step  12500 | loss=3.7964 | lr=6.75e-05
[VAL] step 12500: bpb=1.1783
step  12600 | loss=3.7924 | lr=6.55e-05
step  12700 | loss=3.7932 | lr=6.35e-05
step  12800 | loss=3.7845 | lr=6.16e-05
step  12900 | loss=3.7751 | lr=5.97e-05
step  13000 | loss=3.7814 | lr=5.79e-05
[VAL] step 13000: bpb=1.1754
step  13100 | loss=3.7722 | lr=5.61e-05
step  13200 | loss=3.7723 | lr=5.44e-05
step  13300 | loss=3.7715 | lr=5.28e-05
step  13400 | loss=3.7768 | lr=5.11e-05
step  13500 | loss=3.7778 | lr=4.96e-05
[VAL] step 13500: bpb=1.1727
step  13600 | loss=3.7692 | lr=4.81e-05
step  13700 | loss=3.7592 | lr=4.66e-05
step  13800 | loss=3.7587 | lr=4.53e-05
step  13900 | loss=3.7556 | lr=4.39e-05
step  14000 | loss=3.7584 | lr=4.26e-05
[VAL] step 14000: bpb=1.1704
step  14100 | loss=3.7588 | lr=4.14e-05
step  14200 | loss=3.7630 | lr=4.03e-05
step  14300 | loss=3.7591 | lr=3.92e-05
step  14400 | loss=3.7529 | lr=3.81e-05
step  14500 | loss=3.7433 | lr=3.72e-05
[VAL] step 14500: bpb=1.1687
step  14600 | loss=3.7404 | lr=3.62e-05
step  14700 | loss=3.7348 | lr=3.54e-05
step  14800 | loss=3.7430 | lr=3.46e-05
step  14900 | loss=3.7462 | lr=3.39e-05
step  15000 | loss=3.7479 | lr=3.32e-05
[VAL] step 15000: bpb=1.1669
step  15100 | loss=3.7372 | lr=3.26e-05
step  15200 | loss=3.7342 | lr=3.21e-05
step  15300 | loss=3.7363 | lr=3.16e-05
step  15400 | loss=3.7435 | lr=3.12e-05
step  15500 | loss=3.7377 | lr=3.08e-05
[VAL] step 15500: bpb=1.1659
step  15600 | loss=3.7676 | lr=3.05e-05
step  15700 | loss=3.7619 | lr=3.03e-05
step  15800 | loss=3.7551 | lr=3.01e-05
step  15900 | loss=3.7316 | lr=3.00e-05
step  16000 | loss=3.7332 | lr=3.00e-05
[VAL] step 16000: bpb=1.1651

=== DONE ===
{
  "exp_name": "exp_g_abl_10_B16k_vanilla_dense_untied_seed1",
  "best_val_bpb": 1.165147644788535,
  "final_val_bpb": 1.165147644788535,
  "total_params": 35792640,
  "training_time_hours": 0.494,
  "eval_protocol": {
    "eval_batch_size": 48,
    "eval_steps": 100,
    "skip_rows": 12,
    "batch_size_independent": true
  }
}
wandb: updating run metadata
wandb: 
wandb: Run history:
wandb: ln1_norm_L0 ██▇▇▆▆▅▄▄▃▃▃▂▂▂▂▁▁▁▁▁▁▁▁▁▁▁▁▁▁▁▁
wandb: ln1_norm_L1 ▄▄▆███▇▇▆▅▄▄▃▂▂▂▁▁▁▁▁▁▁▁▁▁▁▁▁▁▂▂
wandb: ln1_norm_L2 ▁▂▃▄▅▅▅▅▅▅▅▅▅▅▅▆▆▆▆▇▇▇▇▇▇▇██████
wandb: ln1_norm_L3 ▁▃▅▇████▇▇▇▆▆▆▆▅▅▅▅▅▅▅▅▅▆▆▆▆▆▆▆▆
wandb: ln1_norm_L4 ▁▂▂▃▄▄▅▅▅▆▆▆▆▆▇▇▇▇▇▇▇▇██████████
wandb: ln1_norm_L5 ▁▁▂▂▃▄▅▅▅▆▆▆▆▇▇▇▇▇▇▇▇███████████
wandb: ln2_mean_L0 ▇▇████▇▆▆▅▅▄▄▃▃▃▂▂▂▂▂▂▁▁▁▁▁▁▁▁▁▁
wandb: ln2_mean_L1 ▁▁▂▃▃▄▅▅▆▆▆▇▇▇▇▇▇▇▇█████████████
wandb: ln2_mean_L2 ▁▁▂▃▄▄▅▅▆▆▆▇▇▇▇▇▇▇██████████████
wandb: ln2_mean_L3 ▁▁▂▃▄▅▅▆▆▆▇▇▇▇▇█████████████████
wandb:         +15 ...
wandb: 
wandb: Run summary:
wandb:  best_val_bpb 1.16515
wandb:      exp_name exp_g_abl_10_B16k_va...
wandb: final_val_bpb 1.16515
wandb:   ln1_norm_L0 14.57293
wandb:   ln1_norm_L1 19.44145
wandb:   ln1_norm_L2 20.40438
wandb:   ln1_norm_L3 19.98414
wandb:   ln1_norm_L4 21.43512
wandb:   ln1_norm_L5 24.014
wandb:   ln2_mean_L0 0.94949
wandb:           +20 ...
wandb: 
wandb: 🚀 View run exp_g_abl_10_B16k_vanilla_dense_untied_seed1 at: http://<WANDB_HOST>/<WANDB_ENTITY>/Spiky/runs/exp_g_abl_10_B16k_vanilla_dense_untied_seed1
wandb: ⭐️ View project at: http://<WANDB_HOST>/<WANDB_ENTITY>/Spiky
wandb: Synced 5 W&B file(s), 0 media file(s), 0 artifact file(s) and 0 other file(s)
wandb: Find logs at: ~/.cache/wandb/wandb/run-20260913_210340-exp_g_abl_10_B16k_vanilla_dense_untied_seed1/logs
[wandb] finished in 1.1s
