Loading tokenizer from /home/starost/.cache/nanochat/tokenizer
Vocab size: 32768, BOS id: 32759
Total params (all fp32): 364,711,680
Q/K Joint MHLut: in_nap=6 tph=256 d_qk=64 (n_outputs=2*d_qk=128) init_std=0.001 [no V2D, q_norm+k_norm -> SDPA]
V MHLut:         in_nap=8 tph=256 d_v=24 (n_outputs=d_v)
out_proj MHLut:  in_nap=6 tph=[2048, 2048, 2048, 2048, 2048, 2048] (n_outputs=E=96) + out_v2d/out_d2v
Attention:       SDPA (causal); plain default 1/sqrt(d_qk=64)=0.1250, no learnable attn_scale
Tokens/micro-batch: 4,096 | grad_accum: 1 | effective batch: 4,096 tokens
step      1 | loss=10.4190 | lr=3.75e-07
step    100 | loss=9.3662 | lr=3.75e-05
step    200 | loss=8.2320 | lr=7.50e-05
[VAL] step 200: bpb=2.3034
step    300 | loss=7.5570 | lr=1.12e-04
step    400 | loss=7.0870 | lr=1.50e-04
[VAL] step 400: bpb=2.0585
step    500 | loss=6.8027 | lr=1.87e-04
step    600 | loss=6.6698 | lr=2.25e-04
[VAL] step 600: bpb=1.9986
step    700 | loss=6.5745 | lr=2.62e-04
step    800 | loss=6.4930 | lr=3.00e-04
[VAL] step 800: bpb=1.9667
step    900 | loss=6.4282 | lr=3.00e-04
step   1000 | loss=6.3732 | lr=2.99e-04
[VAL] step 1000: bpb=1.9321
step   1100 | loss=6.3192 | lr=2.99e-04
step   1200 | loss=6.2596 | lr=2.98e-04
[VAL] step 1200: bpb=1.8890
step   1300 | loss=6.1809 | lr=2.97e-04
step   1400 | loss=6.1386 | lr=2.95e-04
[VAL] step 1400: bpb=1.8588
step   1500 | loss=6.0911 | lr=2.94e-04
step   1600 | loss=6.0193 | lr=2.92e-04
[VAL] step 1600: bpb=1.8343
step   1700 | loss=5.9923 | lr=2.90e-04
step   1800 | loss=5.9610 | lr=2.87e-04
[VAL] step 1800: bpb=1.8144
step   1900 | loss=5.9314 | lr=2.85e-04
step   2000 | loss=5.8965 | lr=2.82e-04
[VAL] step 2000: bpb=1.7987
step   2100 | loss=5.8507 | lr=2.79e-04
step   2200 | loss=5.8278 | lr=2.76e-04
[VAL] step 2200: bpb=1.7880
step   2300 | loss=5.8092 | lr=2.72e-04
step   2400 | loss=5.8007 | lr=2.68e-04
[VAL] step 2400: bpb=1.7712
step   2500 | loss=5.7812 | lr=2.65e-04
step   2600 | loss=5.7640 | lr=2.60e-04
[VAL] step 2600: bpb=1.7560
step   2700 | loss=5.7303 | lr=2.56e-04
step   2800 | loss=5.7168 | lr=2.52e-04
[VAL] step 2800: bpb=1.7477
step   2900 | loss=5.6906 | lr=2.47e-04
step   3000 | loss=5.6774 | lr=2.42e-04
[VAL] step 3000: bpb=1.7391
step   3100 | loss=5.6611 | lr=2.38e-04
step   3200 | loss=5.6502 | lr=2.32e-04
[VAL] step 3200: bpb=1.7235
step   3300 | loss=5.6390 | lr=2.27e-04
step   3400 | loss=5.6013 | lr=2.22e-04
[VAL] step 3400: bpb=1.7205
step   3500 | loss=5.5918 | lr=2.17e-04
step   3600 | loss=5.5986 | lr=2.11e-04
[VAL] step 3600: bpb=1.7152
step   3700 | loss=5.5718 | lr=2.06e-04
step   3800 | loss=5.5619 | lr=2.00e-04
[VAL] step 3800: bpb=1.7077
step   3900 | loss=5.5375 | lr=1.94e-04
step   4000 | loss=5.5183 | lr=1.88e-04
[VAL] step 4000: bpb=1.6974
step   4100 | loss=5.5461 | lr=1.83e-04
step   4200 | loss=5.5205 | lr=1.77e-04
[VAL] step 4200: bpb=1.6948
step   4300 | loss=5.5232 | lr=1.71e-04
step   4400 | loss=5.5112 | lr=1.65e-04
[VAL] step 4400: bpb=1.6898
step   4500 | loss=5.4950 | lr=1.59e-04
step   4600 | loss=5.4821 | lr=1.53e-04
[VAL] step 4600: bpb=1.6811
step   4700 | loss=5.4814 | lr=1.47e-04
step   4800 | loss=5.4778 | lr=1.42e-04
[VAL] step 4800: bpb=1.6767
step   4900 | loss=5.4548 | lr=1.36e-04
step   5000 | loss=5.4486 | lr=1.30e-04
[VAL] step 5000: bpb=1.6697
step   5100 | loss=5.4378 | lr=1.24e-04
step   5200 | loss=5.4205 | lr=1.19e-04
[VAL] step 5200: bpb=1.6649
step   5300 | loss=5.4052 | lr=1.13e-04
step   5400 | loss=5.3900 | lr=1.08e-04
[VAL] step 5400: bpb=1.6604
step   5500 | loss=5.3991 | lr=1.03e-04
step   5600 | loss=5.4114 | lr=9.75e-05
[VAL] step 5600: bpb=1.6562
step   5700 | loss=5.3963 | lr=9.25e-05
step   5800 | loss=5.3837 | lr=8.76e-05
[VAL] step 5800: bpb=1.6540
step   5900 | loss=5.3866 | lr=8.28e-05
step   6000 | loss=5.3745 | lr=7.82e-05
[VAL] step 6000: bpb=1.6498
step   6100 | loss=5.3628 | lr=7.38e-05
step   6200 | loss=5.3616 | lr=6.95e-05
[VAL] step 6200: bpb=1.6468
step   6300 | loss=5.3638 | lr=6.55e-05
step   6400 | loss=5.3481 | lr=6.16e-05
[VAL] step 6400: bpb=1.6439
step   6500 | loss=5.3357 | lr=5.79e-05
step   6600 | loss=5.3409 | lr=5.44e-05
[VAL] step 6600: bpb=1.6406
step   6700 | loss=5.3360 | lr=5.11e-05
step   6800 | loss=5.3269 | lr=4.81e-05
[VAL] step 6800: bpb=1.6379
step   6900 | loss=5.3275 | lr=4.53e-05
step   7000 | loss=5.3286 | lr=4.26e-05
[VAL] step 7000: bpb=1.6357
step   7100 | loss=5.3200 | lr=4.03e-05
step   7200 | loss=5.3229 | lr=3.81e-05
[VAL] step 7200: bpb=1.6342
step   7300 | loss=5.3089 | lr=3.62e-05
step   7400 | loss=5.3207 | lr=3.46e-05
[VAL] step 7400: bpb=1.6321
step   7500 | loss=5.3080 | lr=3.32e-05
step   7600 | loss=5.3010 | lr=3.21e-05
[VAL] step 7600: bpb=1.6296
step   7700 | loss=5.2936 | lr=3.12e-05
step   7800 | loss=5.3082 | lr=3.05e-05
[VAL] step 7800: bpb=1.6284
step   7900 | loss=5.3039 | lr=3.01e-05
step   8000 | loss=5.2967 | lr=3.00e-05
[VAL] step 8000: bpb=1.6279

=== DONE ===
{
  "exp_name": "exp231_out_tph_2048_uniform",
  "best_val_bpb": 1.6279062649373566,
  "final_val_bpb": 1.6279062649373566,
  "n_params": 364711680,
  "training_time_hours": 0.739
}
