Loading tokenizer from /home/starost/.cache/nanochat/tokenizer
Vocab size: 32768, BOS id: 32759
Building model:
Total params (all fp32): 99,389,446
Q/K Joint SparseLut: in_nap=10 tph=768 n_sparse=1 -> 2*d_qk=64 (per head, H=6)
V SparseLut:         in_nap=10 tph=768 n_sparse=1 -> d_v=42 (per head, H=6)
out_proj SparseLut:  in_nap=10 tph=4096 n_sparse=1 -> E=256
Residual:        classic skip connection (out_real + x), no residual_lut
Unembedder:      LN(256) -> Linear(256,VOCAB)
Tokens/micro-batch: 4,096 | grad_accum: 1 | effective batch: 4,096 tokens
step      1 | loss=10.5710 | lr=3.75e-07
step    100 | loss=10.4471 | lr=3.75e-05
step    200 | loss=9.6446 | lr=7.50e-05
[VAL] step 200: bpb=2.6364
step    300 | loss=8.5716 | lr=1.12e-04
step    400 | loss=7.9199 | lr=1.50e-04
[VAL] step 400: bpb=2.2920
step    500 | loss=7.5187 | lr=1.87e-04
step    600 | loss=7.2510 | lr=2.25e-04
[VAL] step 600: bpb=2.1430
step    700 | loss=7.0510 | lr=2.62e-04
step    800 | loss=6.8928 | lr=3.00e-04
[VAL] step 800: bpb=2.0721
step    900 | loss=6.7810 | lr=3.00e-04
step   1000 | loss=6.7032 | lr=2.99e-04
[VAL] step 1000: bpb=2.0255
step   1100 | loss=6.6420 | lr=2.99e-04
step   1200 | loss=6.5892 | lr=2.98e-04
[VAL] step 1200: bpb=1.9963
step   1300 | loss=6.5265 | lr=2.97e-04
step   1400 | loss=6.5001 | lr=2.95e-04
[VAL] step 1400: bpb=1.9772
step   1500 | loss=6.4696 | lr=2.94e-04
step   1600 | loss=6.4119 | lr=2.92e-04
[VAL] step 1600: bpb=1.9574
step   1700 | loss=6.3923 | lr=2.90e-04
step   1800 | loss=6.3706 | lr=2.87e-04
[VAL] step 1800: bpb=1.9459
step   1900 | loss=6.3530 | lr=2.85e-04
step   2000 | loss=6.3234 | lr=2.82e-04
[VAL] step 2000: bpb=1.9300
step   2100 | loss=6.2877 | lr=2.79e-04
step   2200 | loss=6.2688 | lr=2.76e-04
[VAL] step 2200: bpb=1.9190
step   2300 | loss=6.2500 | lr=2.72e-04
step   2400 | loss=6.2428 | lr=2.68e-04
[VAL] step 2400: bpb=1.9100
step   2500 | loss=6.2251 | lr=2.65e-04
step   2600 | loss=6.2133 | lr=2.60e-04
[VAL] step 2600: bpb=1.8985
step   2700 | loss=6.1823 | lr=2.56e-04
step   2800 | loss=6.1740 | lr=2.52e-04
[VAL] step 2800: bpb=1.8907
step   2900 | loss=6.1501 | lr=2.47e-04
step   3000 | loss=6.1408 | lr=2.42e-04
[VAL] step 3000: bpb=1.8812
step   3100 | loss=6.1294 | lr=2.38e-04
step   3200 | loss=6.1186 | lr=2.32e-04
[VAL] step 3200: bpb=1.8728
step   3300 | loss=6.1120 | lr=2.27e-04
step   3400 | loss=6.0803 | lr=2.22e-04
[VAL] step 3400: bpb=1.8684
step   3500 | loss=6.0717 | lr=2.17e-04
step   3600 | loss=6.0814 | lr=2.11e-04
[VAL] step 3600: bpb=1.8637
step   3700 | loss=6.0611 | lr=2.06e-04
step   3800 | loss=6.0516 | lr=2.00e-04
[VAL] step 3800: bpb=1.8579
step   3900 | loss=6.0290 | lr=1.94e-04
step   4000 | loss=6.0194 | lr=1.88e-04
[VAL] step 4000: bpb=1.8514
step   4100 | loss=6.0465 | lr=1.83e-04
step   4200 | loss=6.0224 | lr=1.77e-04
[VAL] step 4200: bpb=1.8474
step   4300 | loss=6.0229 | lr=1.71e-04
step   4400 | loss=6.0123 | lr=1.65e-04
[VAL] step 4400: bpb=1.8440
step   4500 | loss=6.0037 | lr=1.59e-04
step   4600 | loss=5.9942 | lr=1.53e-04
[VAL] step 4600: bpb=1.8398
step   4700 | loss=5.9982 | lr=1.47e-04
step   4800 | loss=5.9990 | lr=1.42e-04
[VAL] step 4800: bpb=1.8364
step   4900 | loss=5.9767 | lr=1.36e-04
step   5000 | loss=5.9722 | lr=1.30e-04
[VAL] step 5000: bpb=1.8316
step   5100 | loss=5.9617 | lr=1.24e-04
step   5200 | loss=5.9485 | lr=1.19e-04
[VAL] step 5200: bpb=1.8279
step   5300 | loss=5.9372 | lr=1.13e-04
step   5400 | loss=5.9259 | lr=1.08e-04
[VAL] step 5400: bpb=1.8251
step   5500 | loss=5.9287 | lr=1.03e-04
step   5600 | loss=5.9453 | lr=9.75e-05
[VAL] step 5600: bpb=1.8232
step   5700 | loss=5.9343 | lr=9.25e-05
step   5800 | loss=5.9275 | lr=8.76e-05
[VAL] step 5800: bpb=1.8222
step   5900 | loss=5.9329 | lr=8.28e-05
step   6000 | loss=5.9191 | lr=7.82e-05
[VAL] step 6000: bpb=1.8191
step   6100 | loss=5.9127 | lr=7.38e-05
step   6200 | loss=5.9096 | lr=6.95e-05
[VAL] step 6200: bpb=1.8169
step   6300 | loss=5.9144 | lr=6.55e-05
step   6400 | loss=5.9018 | lr=6.16e-05
[VAL] step 6400: bpb=1.8153
step   6500 | loss=5.8961 | lr=5.79e-05
step   6600 | loss=5.9040 | lr=5.44e-05
[VAL] step 6600: bpb=1.8139
step   6700 | loss=5.9007 | lr=5.11e-05
step   6800 | loss=5.8920 | lr=4.81e-05
[VAL] step 6800: bpb=1.8125
step   6900 | loss=5.8952 | lr=4.53e-05
step   7000 | loss=5.8948 | lr=4.26e-05
[VAL] step 7000: bpb=1.8106
step   7100 | loss=5.8895 | lr=4.03e-05
step   7200 | loss=5.8935 | lr=3.81e-05
[VAL] step 7200: bpb=1.8092
step   7300 | loss=5.8825 | lr=3.62e-05
step   7400 | loss=5.8911 | lr=3.46e-05
[VAL] step 7400: bpb=1.8085
step   7500 | loss=5.8829 | lr=3.32e-05
step   7600 | loss=5.8757 | lr=3.21e-05
[VAL] step 7600: bpb=1.8081
step   7700 | loss=5.8659 | lr=3.12e-05
step   7800 | loss=5.8792 | lr=3.05e-05
[VAL] step 7800: bpb=1.8071
step   7900 | loss=5.8763 | lr=3.01e-05
step   8000 | loss=5.8713 | lr=3.00e-05
[VAL] step 8000: bpb=1.8061

=== DONE ===
{
  "exp_name": "exp109_e256_dv42",
  "best_val_bpb": 1.8060520252496075,
  "final_val_bpb": 1.8060520252496075,
  "n_params": 99389446,
  "training_time_hours": 0.766
}
