Loading tokenizer from /home/starost/.cache/nanochat/tokenizer
Vocab size: 32768, BOS id: 32759
bit LUTs: 12
Adam-managed parameters: 52,683,916
Q/K Joint MultiHeadLut: in_nap=5 tph=512 d_qk=32 P_qk=496 (fp32, smooth_mode=True)
V BitPermLUT:   in_nap=5 out_nap=16 tph=512 d_v=16 P_v=120
Out BitPermLUT: in_nap=8 out_nap=32 tph=[4096, 4096, 2048, 2048, 2048, 2048]
Tokens/micro-batch: 4,096 | grad_accum: 1 | effective batch: 4,096 tokens
step      1 | loss=11.0494 | lr=3.75e-07
step    100 | loss=10.3883 | lr=3.75e-05
step    200 | loss=8.9419 | lr=7.50e-05
[VAL] step 200: bpb=2.3470
step    300 | loss=7.9898 | lr=1.12e-04
step    400 | loss=7.4832 | lr=1.50e-04
[VAL] step 400: bpb=2.1779
step    500 | loss=7.1883 | lr=1.87e-04
step    600 | loss=7.0511 | lr=2.25e-04
[VAL] step 600: bpb=2.1129
step    700 | loss=6.9460 | lr=2.62e-04
step    800 | loss=6.8503 | lr=3.00e-04
[VAL] step 800: bpb=2.0704
step    900 | loss=6.7804 | lr=3.00e-04
step   1000 | loss=6.7280 | lr=2.99e-04
[VAL] step 1000: bpb=2.0457
step   1100 | loss=6.6841 | lr=2.99e-04
step   1200 | loss=6.6477 | lr=2.98e-04
[VAL] step 1200: bpb=2.0186
step   1300 | loss=6.5983 | lr=2.97e-04
step   1400 | loss=6.5843 | lr=2.95e-04
[VAL] step 1400: bpb=2.0006
step   1500 | loss=6.5599 | lr=2.94e-04
step   1600 | loss=6.5113 | lr=2.92e-04
[VAL] step 1600: bpb=1.9897
step   1700 | loss=6.4962 | lr=2.90e-04
step   1800 | loss=6.4867 | lr=2.87e-04
[VAL] step 1800: bpb=1.9794
step   1900 | loss=6.4730 | lr=2.85e-04
step   2000 | loss=6.4586 | lr=2.82e-04
[VAL] step 2000: bpb=1.9691
step   2100 | loss=6.4353 | lr=2.79e-04
step   2200 | loss=6.4239 | lr=2.76e-04
[VAL] step 2200: bpb=1.9620
step   2300 | loss=6.4049 | lr=2.72e-04
step   2400 | loss=6.4036 | lr=2.68e-04
[VAL] step 2400: bpb=1.9576
step   2500 | loss=6.3958 | lr=2.65e-04
step   2600 | loss=6.3920 | lr=2.60e-04
[VAL] step 2600: bpb=1.9473
step   2700 | loss=6.3625 | lr=2.56e-04
