Loading tokenizer from /home/starost/.cache/nanochat/tokenizer
Vocab size: 32768, BOS id: 32759
Building model:
Total params (all fp32): 108,173,318
Q/K Joint SparseLut: in_nap=8 tph=3072 n_sparse=1 -> 2*d_qk=64 (per head, H=6)
V SparseLut:         in_nap=8 tph=3072 n_sparse=1 -> d_v=64 (per head, H=6)
out_proj SparseLut:  in_nap=8 tph=16384 n_sparse=1 -> E=384
Residual:        classic skip connection (out_real + x), no residual_lut
Unembedder:      LN(384) -> Linear(384,VOCAB)
Tokens/micro-batch: 4,096 | grad_accum: 1 | effective batch: 4,096 tokens
step      1 | loss=10.5763 | lr=3.75e-07
step    100 | loss=10.2125 | lr=3.75e-05
step    200 | loss=9.0913 | lr=7.50e-05
[VAL] step 200: bpb=2.4317
step    300 | loss=8.1374 | lr=1.12e-04
step    400 | loss=7.6357 | lr=1.50e-04
[VAL] step 400: bpb=2.2265
step    500 | loss=7.2880 | lr=1.87e-04
step    600 | loss=7.0760 | lr=2.25e-04
[VAL] step 600: bpb=2.1087
step    700 | loss=6.9234 | lr=2.62e-04
step    800 | loss=6.8021 | lr=3.00e-04
[VAL] step 800: bpb=2.0499
step    900 | loss=6.7116 | lr=3.00e-04
step   1000 | loss=6.6460 | lr=2.99e-04
[VAL] step 1000: bpb=2.0144
step   1100 | loss=6.5911 | lr=2.99e-04
step   1200 | loss=6.5436 | lr=2.98e-04
[VAL] step 1200: bpb=1.9878
step   1300 | loss=6.4854 | lr=2.97e-04
step   1400 | loss=6.4617 | lr=2.95e-04
[VAL] step 1400: bpb=1.9642
step   1500 | loss=6.4334 | lr=2.94e-04
step   1600 | loss=6.3773 | lr=2.92e-04
[VAL] step 1600: bpb=1.9465
