RANDOM init: 512 independent genomes, 40 exc + 10 inh active (E-frac 0.800), ~508 synapses each
r   0  fit  21.169  mse  21.169  neurons 50.00 (min 50 max 50)  syn  508.7  held-out best  24.624  [   3.2s]
r  25  fit  18.035  mse  18.035  neurons 50.00 (min 50 max 50)  syn  632.2  held-out best  10.672  [  38.8s]
r  50  fit  18.553  mse  18.553  neurons 50.00 (min 50 max 50)  syn  674.9  held-out best  10.672  [  76.0s]
r  75  fit  17.032  mse  17.032  neurons 50.00 (min 50 max 50)  syn  701.2  held-out best  10.499  [ 115.1s]
r 100  fit  16.042  mse  16.042  neurons 50.00 (min 50 max 50)  syn  722.3  held-out best  10.197  [ 157.0s]
r 125  fit  16.527  mse  16.527  neurons 50.00 (min 50 max 50)  syn  732.2  held-out best  10.197  [ 196.7s]
r 150  fit  15.677  mse  15.677  neurons 50.00 (min 50 max 50)  syn  741.8  held-out best  10.197  [ 236.1s]
r 175  fit  17.202  mse  17.202  neurons 50.00 (min 50 max 50)  syn  748.0  held-out best  10.197  [ 276.1s]
r 200  fit  16.230  mse  16.230  neurons 50.00 (min 50 max 50)  syn  753.4  held-out best  10.197  [ 318.0s]
r 225  fit  16.589  mse  16.589  neurons 50.00 (min 50 max 50)  syn  761.4  held-out best  10.197  [ 358.2s]
r 250  fit  16.414  mse  16.414  neurons 50.00 (min 50 max 50)  syn  767.4  held-out best  10.197  [ 399.9s]
r 275  fit  17.022  mse  17.022  neurons 50.00 (min 50 max 50)  syn  773.7  held-out best  10.197  [ 441.4s]
r 300  fit  16.218  mse  16.218  neurons 50.00 (min 50 max 50)  syn  779.4  held-out best  10.197  [ 484.2s]
r 325  fit  16.568  mse  16.568  neurons 50.00 (min 50 max 50)  syn  784.5  held-out best  10.197  [ 526.6s]
r 350  fit  16.930  mse  16.930  neurons 50.00 (min 50 max 50)  syn  786.6  held-out best  10.197  [ 569.2s]
r 375  fit  16.925  mse  16.925  neurons 50.00 (min 50 max 50)  syn  791.4  held-out best  10.197  [ 611.9s]
r 400  fit  15.897  mse  15.897  neurons 50.00 (min 50 max 50)  syn  796.8  held-out best  10.197  [ 655.7s]
r 425  fit  14.939  mse  14.939  neurons 50.00 (min 50 max 50)  syn  795.9  held-out best  10.719  [ 699.8s]
r 450  fit  14.588  mse  14.588  neurons 50.00 (min 50 max 50)  syn  800.4  held-out best  10.902  [ 744.8s]
r 475  fit  17.102  mse  17.102  neurons 50.00 (min 50 max 50)  syn  801.7  held-out best  10.902  [ 788.1s]
r 500  fit  15.975  mse  15.975  neurons 50.00 (min 50 max 50)  syn  805.9  held-out best  10.902  [ 833.3s]
r 525  fit  16.482  mse  16.482  neurons 50.00 (min 50 max 50)  syn  811.5  held-out best  13.039  [ 878.4s]
r 550  fit  14.915  mse  14.915  neurons 50.00 (min 50 max 50)  syn  809.8  held-out best  13.039  [ 924.1s]
r 575  fit  15.859  mse  15.859  neurons 50.00 (min 50 max 50)  syn  811.3  held-out best  13.039  [ 969.1s]
r 600  fit  15.798  mse  15.798  neurons 50.00 (min 50 max 50)  syn  813.1  held-out best  13.116  [1016.1s]
r 625  fit  14.714  mse  14.714  neurons 50.00 (min 50 max 50)  syn  815.0  held-out best  13.116  [1060.2s]
r 650  fit  15.544  mse  15.544  neurons 50.00 (min 50 max 50)  syn  814.2  held-out best  13.116  [1107.1s]
r 675  fit  15.351  mse  15.351  neurons 50.00 (min 50 max 50)  syn  817.4  held-out best  11.228  [1152.8s]
r 700  fit  15.791  mse  15.791  neurons 50.00 (min 50 max 50)  syn  817.2  held-out best  11.228  [1198.8s]
r 725  fit  12.242  mse  12.242  neurons 50.00 (min 50 max 50)  syn  818.7  held-out best  12.683  [1245.7s]
r 750  fit  11.557  mse  11.557  neurons 50.00 (min 50 max 50)  syn  822.3  held-out best  12.295  [1292.6s]
r 775  fit  12.264  mse  12.264  neurons 50.00 (min 50 max 50)  syn  823.2  held-out best  12.295  [1338.3s]
r 800  fit  11.463  mse  11.463  neurons 50.00 (min 50 max 50)  syn  821.6  held-out best  11.775  [1385.1s]
r 825  fit  13.283  mse  13.283  neurons 50.00 (min 50 max 50)  syn  823.5  held-out best  12.230  [1431.1s]
r 850  fit  12.096  mse  12.096  neurons 50.00 (min 50 max 50)  syn  826.8  held-out best  12.230  [1478.4s]
r 875  fit  13.224  mse  13.224  neurons 50.00 (min 50 max 50)  syn  826.5  held-out best  12.230  [1524.3s]
r 900  fit  13.044  mse  13.044  neurons 50.00 (min 50 max 50)  syn  828.1  held-out best  12.230  [1571.4s]
r 925  fit  11.306  mse  11.306  neurons 50.00 (min 50 max 50)  syn  826.2  held-out best  12.230  [1617.8s]
r 950  fit  11.983  mse  11.983  neurons 50.00 (min 50 max 50)  syn  828.5  held-out best  12.230  [1665.3s]
r 975  fit  12.536  mse  12.536  neurons 50.00 (min 50 max 50)  syn  830.1  held-out best  12.230  [1711.3s]
r1000  fit  12.344  mse  12.344  neurons 50.00 (min 50 max 50)  syn  831.4  held-out best  12.230  [1757.9s]
r1025  fit  12.871  mse  12.871  neurons 50.00 (min 50 max 50)  syn  829.5  held-out best  12.230  [1804.4s]
r1050  fit  11.652  mse  11.652  neurons 50.00 (min 50 max 50)  syn  833.3  held-out best  12.230  [1850.7s]
r1075  fit  12.578  mse  12.578  neurons 50.00 (min 50 max 50)  syn  831.4  held-out best  12.230  [1896.7s]
r1100  fit  13.242  mse  13.242  neurons 50.00 (min 50 max 50)  syn  832.2  held-out best  12.230  [1944.3s]
r1125  fit  12.451  mse  12.451  neurons 50.00 (min 50 max 50)  syn  835.5  held-out best  12.230  [1991.2s]
r1150  fit  12.571  mse  12.571  neurons 50.00 (min 50 max 50)  syn  835.3  held-out best  12.230  [2039.2s]
r1175  fit  11.646  mse  11.646  neurons 50.00 (min 50 max 50)  syn  835.4  held-out best  12.230  [2085.9s]
r1200  fit  12.235  mse  12.235  neurons 50.00 (min 50 max 50)  syn  835.6  held-out best  12.230  [2133.7s]
r1225  fit  12.588  mse  12.588  neurons 50.00 (min 50 max 50)  syn  836.4  held-out best  12.230  [2180.5s]
r1250  fit  12.830  mse  12.830  neurons 50.00 (min 50 max 50)  syn  836.8  held-out best  11.888  [2227.5s]
r1275  fit  12.934  mse  12.934  neurons 50.00 (min 50 max 50)  syn  836.1  held-out best  11.888  [2273.4s]
r1300  fit  11.997  mse  11.997  neurons 50.00 (min 50 max 50)  syn  836.2  held-out best  11.888  [2320.4s]
r1325  fit  12.650  mse  12.650  neurons 50.00 (min 50 max 50)  syn  838.6  held-out best  11.888  [2365.1s]
r1350  fit  12.433  mse  12.433  neurons 50.00 (min 50 max 50)  syn  838.7  held-out best  11.888  [2411.4s]
r1375  fit  11.077  mse  11.077  neurons 50.00 (min 50 max 50)  syn  837.7  held-out best  11.888  [2456.9s]
r1400  fit  12.224  mse  12.224  neurons 50.00 (min 50 max 50)  syn  842.5  held-out best  11.888  [2502.3s]
r1425  fit  13.281  mse  13.281  neurons 50.00 (min 50 max 50)  syn  840.0  held-out best  11.888  [2546.5s]
r1450  fit  12.203  mse  12.203  neurons 50.00 (min 50 max 50)  syn  840.4  held-out best  11.888  [2594.4s]
r1475  fit  11.506  mse  11.506  neurons 50.00 (min 50 max 50)  syn  841.1  held-out best  11.888  [2640.7s]
r1500  fit  11.516  mse  11.516  neurons 50.00 (min 50 max 50)  syn  839.5  held-out best  11.888  [2688.2s]
r1525  fit  12.089  mse  12.089  neurons 50.00 (min 50 max 50)  syn  841.8  held-out best  11.888  [2734.7s]
r1550  fit  12.723  mse  12.723  neurons 50.00 (min 50 max 50)  syn  840.9  held-out best  11.888  [2782.5s]
r1575  fit  12.231  mse  12.231  neurons 50.00 (min 50 max 50)  syn  842.7  held-out best  11.888  [2828.1s]
r1600  fit  12.013  mse  12.013  neurons 50.00 (min 50 max 50)  syn  841.1  held-out best  11.888  [2876.3s]
r1625  fit  13.018  mse  13.018  neurons 50.00 (min 50 max 50)  syn  840.5  held-out best  11.952  [2923.8s]
r1650  fit  12.507  mse  12.507  neurons 50.00 (min 50 max 50)  syn  842.4  held-out best  12.491  [2970.9s]
r1675  fit  12.105  mse  12.105  neurons 50.00 (min 50 max 50)  syn  842.6  held-out best  12.491  [3017.2s]
r1699  fit  13.194  mse  13.194  neurons 50.00 (min 50 max 50)  syn  844.1  held-out best  12.491  [3063.1s]
DONE: held-out MSE 12.491 vs constant 47.412 (51.1 min)
