architecture: 17 in / 800 exc / 200 inh / 6 out, fan-outs {'fanout_e': 80, 'fanout_i': 20, 'fanout_inh': 100, 'fanout_in': 100, 'fanin_out': 100} (scale 1.0x)
steady state: pool K=32, cull M=8/round, alpha=0.3, grace=2 rounds, 97,075 synapses/genome, dev cuda
  round   0  batch best +0.0956 mean -0.0003  EWMA best +0.0956 mean -0.0003  syn 97,094/net  2s
  round   5  batch best +0.1446 mean +0.0099  EWMA best +0.0945 mean +0.0440  syn 97,412/net  36s
Traceback (most recent call last):
  File "/home/astarostin/projects/spiky/experiments/neurodarwinism/src/steady_state.py", line 1070, in <module>
    main()
  File "/home/astarostin/projects/spiky/experiments/neurodarwinism/src/steady_state.py", line 932, in main
    stdp_batches(h, Xpool, Ypool, enc, a.batch, a.seed, rnd,
  File "/home/astarostin/projects/spiky/experiments/neurodarwinism/src/steady_state.py", line 660, in stdp_batches
    run_episode(h, Xb, enc, current, train=True)
  File "/home/astarostin/projects/spiky/experiments/neurodarwinism/src/harness.py", line 289, in run_episode
    sp.process_ticks(n_ticks_to_process=N_TICKS, batch_size=B, n_input_ticks=T_IN,
  File "/home/astarostin/projects/spiky/src/spiky/spnet/spnet.py", line 245, in process_ticks
    return self._neuron_data_manager.process_ticks(
           ^^^^^^^^^^^^^^^^^^^^^^^^^^^^^^^^^^^^^^^^
RuntimeError: CUDA runtime API error cudaErrorInvalidValue at /home/astarostin/projects/spiky/native/spiky/spnet/spnet_runtime.cu:440
exit=1
architecture: 17 in / 800 exc / 200 inh / 6 out, fan-outs {'fanout_e': 80, 'fanout_i': 20, 'fanout_inh': 100, 'fanout_in': 100, 'fanin_out': 100} (scale 1.0x)
RESUMED from /home/astarostin/projects/spiky/experiments/neurodarwinism/exp008_output-delay-gate/ungated_seed0/ck.npz at round 10 (32 genomes, 10 rounds of history, rng restored)
steady state: pool K=32, cull M=8/round, alpha=0.3, grace=2 rounds, 96,589 synapses/genome, dev cuda
  round  10  batch best +0.1649 mean +0.0877  EWMA best +0.1256 mean +0.0893  syn 96,983/net  22s
  round  15  batch best +0.1794 mean +0.0956  EWMA best +0.1504 mean +0.1121  syn 96,732/net  112s
  round  20  batch best +0.2748 mean +0.2075  EWMA best +0.2023 mean +0.1855  syn 96,406/net  192s
  round  25  batch best +0.2038 mean +0.1583  EWMA best +0.1938 mean +0.1731  syn 96,238/net  294s
  round  30  batch best +0.2131 mean +0.1640  EWMA best +0.2101 mean +0.1934  syn 96,057/net  401s
  round  35  batch best +0.2388 mean +0.2033  EWMA best +0.2525 mean +0.2351  syn 95,765/net  497s
  round  40  batch best +0.2700 mean +0.2462  EWMA best +0.2527 mean +0.2440  syn 95,402/net  594s
  round  45  batch best +0.2568 mean +0.2273  EWMA best +0.2633 mean +0.2519  syn 95,130/net  677s
  round  50  batch best +0.2941 mean +0.2470  EWMA best +0.2756 mean +0.2618  syn 95,019/net  783s
  round  55  batch best +0.3018 mean +0.2543  EWMA best +0.2922 mean +0.2756  syn 94,774/net  862s
  round  60  batch best +0.2935 mean +0.2816  EWMA best +0.3034 mean +0.2971  syn 94,242/net  960s
  round  65  batch best +0.3042 mean +0.2793  EWMA best +0.3207 mean +0.3134  syn 93,948/net  1067s
  round  70  batch best +0.3815 mean +0.3636  EWMA best +0.3287 mean +0.3226  syn 93,726/net  1175s
  round  75  batch best +0.3228 mean +0.3070  EWMA best +0.3074 mean +0.3022  syn 93,558/net  1262s
  round  80  batch best +0.2615 mean +0.2392  EWMA best +0.2840 mean +0.2771  syn 93,484/net  1350s
  round  85  batch best +0.3470 mean +0.3329  EWMA best +0.2963 mean +0.2917  syn 93,133/net  1450s
  round  90  batch best +0.4121 mean +0.3950  EWMA best +0.3417 mean +0.3359  syn 92,935/net  1563s
  round  95  batch best +0.2824 mean +0.2706  EWMA best +0.3126 mean +0.3083  syn 92,673/net  1672s
  round 100  batch best +0.2865 mean +0.2587  EWMA best +0.2911 mean +0.2819  syn 92,531/net  1771s
  round 105  batch best +0.3084 mean +0.2898  EWMA best +0.3029 mean +0.2981  syn 92,252/net  1897s
  round 110  batch best +0.3205 mean +0.3003  EWMA best +0.3284 mean +0.3240  syn 91,516/net  1998s
  round 115  batch best +0.3580 mean +0.3428  EWMA best +0.3440 mean +0.3402  syn 91,185/net  2102s
  round 120  batch best +0.2443 mean +0.2283  EWMA best +0.2999 mean +0.2965  syn 90,698/net  2228s
  round 125  batch best +0.3579 mean +0.3448  EWMA best +0.3232 mean +0.3159  syn 90,532/net  2358s
  round 130  batch best +0.3324 mean +0.3185  EWMA best +0.3214 mean +0.3167  syn 89,958/net  2482s
  round 135  batch best +0.2655 mean +0.2584  EWMA best +0.3090 mean +0.3068  syn 89,584/net  2589s
  round 140  batch best +0.3269 mean +0.3062  EWMA best +0.3277 mean +0.3199  syn 89,458/net  2720s
  round 145  batch best +0.3846 mean +0.3711  EWMA best +0.3793 mean +0.3736  syn 88,991/net  2823s
  round 150  batch best +0.3343 mean +0.3239  EWMA best +0.3358 mean +0.3329  syn 88,500/net  2928s
  round 155  batch best +0.2024 mean +0.1916  EWMA best +0.2997 mean +0.2966  syn 88,316/net  3055s
  round 160  batch best +0.3491 mean +0.3394  EWMA best +0.3318 mean +0.3282  syn 88,038/net  3158s
  round 165  batch best +0.3513 mean +0.3329  EWMA best +0.3217 mean +0.3150  syn 87,643/net  3287s
  round 170  batch best +0.3160 mean +0.3028  EWMA best +0.3267 mean +0.3236  syn 87,716/net  3390s
  round 175  batch best +0.4166 mean +0.3993  EWMA best +0.3796 mean +0.3748  syn 87,310/net  3491s
  round 180  batch best +0.2817 mean +0.2752  EWMA best +0.3400 mean +0.3385  syn 86,846/net  3618s
  round 185  batch best +0.3765 mean +0.3665  EWMA best +0.3562 mean +0.3513  syn 86,684/net  3725s
  round 190  batch best +0.3883 mean +0.3801  EWMA best +0.3484 mean +0.3467  syn 86,466/net  3850s
  round 195  batch best +0.3649 mean +0.3608  EWMA best +0.3571 mean +0.3557  syn 85,956/net  3954s
  round 200  batch best +0.3872 mean +0.3753  EWMA best +0.3438 mean +0.3418  syn 85,858/net  4082s
  round 205  batch best +0.2733 mean +0.2640  EWMA best +0.3254 mean +0.3215  syn 85,558/net  4215s
  round 210  batch best +0.3651 mean +0.3544  EWMA best +0.3567 mean +0.3535  syn 85,475/net  4347s
  round 215  batch best +0.4298 mean +0.4226  EWMA best +0.3754 mean +0.3736  syn 85,307/net  4472s
  round 220  batch best +0.3518 mean +0.3449  EWMA best +0.3715 mean +0.3693  syn 85,109/net  4584s
  round 225  batch best +0.4140 mean +0.4022  EWMA best +0.3818 mean +0.3777  syn 84,859/net  4710s
  round 230  batch best +0.3463 mean +0.3396  EWMA best +0.3422 mean +0.3394  syn 84,518/net  4819s
  round 235  batch best +0.3796 mean +0.3763  EWMA best +0.3807 mean +0.3776  syn 84,588/net  4949s
  round 240  batch best +0.4084 mean +0.3945  EWMA best +0.3644 mean +0.3584  syn 84,239/net  5052s
  round 245  batch best +0.3602 mean +0.3496  EWMA best +0.3435 mean +0.3394  syn 83,752/net  5155s
  round 250  batch best +0.4066 mean +0.4012  EWMA best +0.3757 mean +0.3743  syn 83,717/net  5262s
  round 255  batch best +0.3165 mean +0.3116  EWMA best +0.3328 mean +0.3311  syn 83,741/net  5390s
  round 260  batch best +0.3494 mean +0.3340  EWMA best +0.3442 mean +0.3390  syn 83,488/net  5496s
  round 265  batch best +0.3613 mean +0.3490  EWMA best +0.3701 mean +0.3664  syn 83,287/net  5601s
  round 270  batch best +0.4034 mean +0.4024  EWMA best +0.3724 mean +0.3723  syn 83,013/net  5709s
  round 275  batch best +0.4142 mean +0.4098  EWMA best +0.3834 mean +0.3821  syn 82,970/net  5810s
  round 280  batch best +0.3831 mean +0.3770  EWMA best +0.3803 mean +0.3789  syn 82,616/net  5909s
  round 285  batch best +0.3633 mean +0.3588  EWMA best +0.3557 mean +0.3544  syn 82,272/net  5981s
  round 290  batch best +0.3442 mean +0.3412  EWMA best +0.3427 mean +0.3423  syn 81,893/net  6069s
  round 295  batch best +0.4135 mean +0.4018  EWMA best +0.3831 mean +0.3807  syn 81,623/net  6174s
  round 299  batch best +0.3420 mean +0.3351  EWMA best +0.3563 mean +0.3546  syn 81,426/net  6241s

BEST member 2: EWMA +0.3563  HELD-OUT corrected +0.3438 (pure tau, no penalties)  coverage miss 0.000/6  (81,103 synapses)
