Loading tokenizer from /home/starost/.cache/nanochat/tokenizer
Vocab size: 32768, BOS id: 32759
Total params (all fp32): 424,225,286
Q/K MLPs (per-head): 64->2048->ReLU->64->LN, H=6
V MHLut:         in_nap=8 tph=512 d_v=32 (n_outputs=d_v)
out_proj MHLut:  in_nap=6 tph=6112 (n_outputs=E=64) + LayerNorm
Tokens/micro-batch: 4,096 | grad_accum: 1 | effective batch: 4,096 tokens
step      1 | loss=10.4162 | lr=3.75e-07
step    100 | loss=9.6018 | lr=3.75e-05
step    200 | loss=8.3830 | lr=7.50e-05
[VAL] step 200: bpb=2.3597
step    300 | loss=7.8628 | lr=1.12e-04
step    400 | loss=7.4585 | lr=1.50e-04
[VAL] step 400: bpb=2.1814
step    500 | loss=7.1409 | lr=1.87e-04
step    600 | loss=6.9436 | lr=2.25e-04
[VAL] step 600: bpb=2.0724
step    700 | loss=6.7970 | lr=2.62e-04
step    800 | loss=6.6746 | lr=3.00e-04
[VAL] step 800: bpb=2.0099
step    900 | loss=6.5786 | lr=3.00e-04
step   1000 | loss=6.5037 | lr=2.99e-04
[VAL] step 1000: bpb=1.9637
step   1100 | loss=6.4419 | lr=2.99e-04
step   1200 | loss=6.3902 | lr=2.98e-04
[VAL] step 1200: bpb=1.9338
step   1300 | loss=6.3300 | lr=2.97e-04
step   1400 | loss=6.3042 | lr=2.95e-04
[VAL] step 1400: bpb=1.9161
step   1500 | loss=6.2721 | lr=2.94e-04
step   1600 | loss=6.2126 | lr=2.92e-04
[VAL] step 1600: bpb=1.8939
step   1700 | loss=6.1910 | lr=2.90e-04
step   1800 | loss=6.1660 | lr=2.87e-04
[VAL] step 1800: bpb=1.8782
step   1900 | loss=6.1410 | lr=2.85e-04
step   2000 | loss=6.1095 | lr=2.82e-04
[VAL] step 2000: bpb=1.8606
step   2100 | loss=6.0695 | lr=2.79e-04
step   2200 | loss=6.0428 | lr=2.76e-04
[VAL] step 2200: bpb=1.8483
step   2300 | loss=6.0199 | lr=2.72e-04
step   2400 | loss=6.0060 | lr=2.68e-04
[VAL] step 2400: bpb=1.8294
step   2500 | loss=5.9786 | lr=2.65e-04
step   2600 | loss=5.9534 | lr=2.60e-04
[VAL] step 2600: bpb=1.8114
step   2700 | loss=5.9127 | lr=2.56e-04
step   2800 | loss=5.8925 | lr=2.52e-04
[VAL] step 2800: bpb=1.7965
step   2900 | loss=5.8556 | lr=2.47e-04
step   3000 | loss=5.8327 | lr=2.42e-04
[VAL] step 3000: bpb=1.7818
step   3100 | loss=5.8092 | lr=2.38e-04
step   3200 | loss=5.7894 | lr=2.32e-04
[VAL] step 3200: bpb=1.7644
step   3300 | loss=5.7726 | lr=2.27e-04
step   3400 | loss=5.7318 | lr=2.22e-04
[VAL] step 3400: bpb=1.7565
step   3500 | loss=5.7187 | lr=2.17e-04
step   3600 | loss=5.7239 | lr=2.11e-04
[VAL] step 3600: bpb=1.7489
step   3700 | loss=5.6955 | lr=2.06e-04
step   3800 | loss=5.6805 | lr=2.00e-04
[VAL] step 3800: bpb=1.7392
step   3900 | loss=5.6523 | lr=1.94e-04
step   4000 | loss=5.6309 | lr=1.88e-04
[VAL] step 4000: bpb=1.7300
step   4100 | loss=5.6560 | lr=1.83e-04
step   4200 | loss=5.6268 | lr=1.77e-04
[VAL] step 4200: bpb=1.7250
step   4300 | loss=5.6286 | lr=1.71e-04
step   4400 | loss=5.6145 | lr=1.65e-04
[VAL] step 4400: bpb=1.7189
step   4500 | loss=5.5976 | lr=1.59e-04
step   4600 | loss=5.5835 | lr=1.53e-04
[VAL] step 4600: bpb=1.7106
step   4700 | loss=5.5826 | lr=1.47e-04
step   4800 | loss=5.5787 | lr=1.42e-04
[VAL] step 4800: bpb=1.7048
step   4900 | loss=5.5548 | lr=1.36e-04
step   5000 | loss=5.5491 | lr=1.30e-04
[VAL] step 5000: bpb=1.6986
step   5100 | loss=5.5357 | lr=1.24e-04
step   5200 | loss=5.5180 | lr=1.19e-04
[VAL] step 5200: bpb=1.6936
step   5300 | loss=5.5016 | lr=1.13e-04
step   5400 | loss=5.4874 | lr=1.08e-04
[VAL] step 5400: bpb=1.6888
step   5500 | loss=5.4942 | lr=1.03e-04
step   5600 | loss=5.5058 | lr=9.75e-05
[VAL] step 5600: bpb=1.6840
step   5700 | loss=5.4906 | lr=9.25e-05
step   5800 | loss=5.4795 | lr=8.76e-05
[VAL] step 5800: bpb=1.6811
step   5900 | loss=5.4811 | lr=8.28e-05
step   6000 | loss=5.4701 | lr=7.82e-05
[VAL] step 6000: bpb=1.6767
step   6100 | loss=5.4553 | lr=7.38e-05
step   6200 | loss=5.4535 | lr=6.95e-05
[VAL] step 6200: bpb=1.6730
step   6300 | loss=5.4573 | lr=6.55e-05
step   6400 | loss=5.4400 | lr=6.16e-05
[VAL] step 6400: bpb=1.6696
step   6500 | loss=5.4289 | lr=5.79e-05
step   6600 | loss=5.4350 | lr=5.44e-05
[VAL] step 6600: bpb=1.6667
step   6700 | loss=5.4280 | lr=5.11e-05
step   6800 | loss=5.4203 | lr=4.81e-05
[VAL] step 6800: bpb=1.6645
step   6900 | loss=5.4212 | lr=4.53e-05
step   7000 | loss=5.4210 | lr=4.26e-05
[VAL] step 7000: bpb=1.6632
step   7100 | loss=5.4126 | lr=4.03e-05
step   7200 | loss=5.4165 | lr=3.81e-05
[VAL] step 7200: bpb=1.6618
step   7300 | loss=5.4021 | lr=3.62e-05
step   7400 | loss=5.4135 | lr=3.46e-05
[VAL] step 7400: bpb=1.6596
step   7500 | loss=5.4013 | lr=3.32e-05
step   7600 | loss=5.3931 | lr=3.21e-05
[VAL] step 7600: bpb=1.6572
step   7700 | loss=5.3861 | lr=3.12e-05
step   7800 | loss=5.3973 | lr=3.05e-05
[VAL] step 7800: bpb=1.6559
step   7900 | loss=5.3955 | lr=3.01e-05
step   8000 | loss=5.3873 | lr=3.00e-05
[VAL] step 8000: bpb=1.6552

=== DONE ===
{
  "exp_name": "exp173_big_unembedder",
  "best_val_bpb": 1.6551576280907785,
  "final_val_bpb": 1.6551576280907785,
  "n_params": 424225286,
  "training_time_hours": 0.756
}
