Loading tokenizer from /home/starost/.cache/nanochat/tokenizer
Vocab size: 32768, BOS id: 32759
Building model:
Total params (all fp32): 132,598,022
Q/K Joint MHLut: in_nap=6 tph=256 d_qk=32 (n_outputs=2*d_qk=64)
V MHLut:         in_nap=7 tph=256 d_v=24 (n_outputs=d_v)
out_proj MHLut:  in_nap=6 tph=1024 (n_outputs=E=144)
Residual:        classic skip connection (out_real + x), no residual_lut
Unembedder:      LN(144) -> Linear(144,VOCAB)
Tokens/micro-batch: 4,096 | grad_accum: 1 | effective batch: 4,096 tokens
step      1 | loss=10.5694 | lr=3.75e-07
step    100 | loss=10.1737 | lr=3.75e-05
step    200 | loss=9.6345 | lr=7.50e-05
[VAL] step 200: bpb=2.7717
step    300 | loss=8.9521 | lr=1.12e-04
step    400 | loss=8.2429 | lr=1.50e-04
[VAL] step 400: bpb=2.3415
step    500 | loss=7.7435 | lr=1.87e-04
step    600 | loss=7.4231 | lr=2.25e-04
[VAL] step 600: bpb=2.1797
step    700 | loss=7.1699 | lr=2.62e-04
step    800 | loss=6.9805 | lr=3.00e-04
[VAL] step 800: bpb=2.0910
step    900 | loss=6.8500 | lr=3.00e-04
step   1000 | loss=6.7672 | lr=2.99e-04
[VAL] step 1000: bpb=2.0497
step   1100 | loss=6.7030 | lr=2.99e-04
step   1200 | loss=6.6555 | lr=2.98e-04
[VAL] step 1200: bpb=2.0184
step   1300 | loss=6.5991 | lr=2.97e-04
step   1400 | loss=6.5904 | lr=2.95e-04
[VAL] step 1400: bpb=2.0027
step   1500 | loss=6.5608 | lr=2.94e-04
step   1600 | loss=6.5014 | lr=2.92e-04
[VAL] step 1600: bpb=1.9836
step   1700 | loss=6.4860 | lr=2.90e-04
step   1800 | loss=6.4629 | lr=2.87e-04
[VAL] step 1800: bpb=1.9684
step   1900 | loss=6.4397 | lr=2.85e-04
step   2000 | loss=6.4118 | lr=2.82e-04
[VAL] step 2000: bpb=1.9530
step   2100 | loss=6.3805 | lr=2.79e-04
step   2200 | loss=6.3727 | lr=2.76e-04
[VAL] step 2200: bpb=1.9442
step   2300 | loss=6.3369 | lr=2.72e-04
step   2400 | loss=6.3279 | lr=2.68e-04
[VAL] step 2400: bpb=1.9291
step   2500 | loss=6.3064 | lr=2.65e-04
step   2600 | loss=6.2956 | lr=2.60e-04
[VAL] step 2600: bpb=1.9182
step   2700 | loss=6.2576 | lr=2.56e-04
step   2800 | loss=6.2482 | lr=2.52e-04
[VAL] step 2800: bpb=1.9054
step   2900 | loss=6.2256 | lr=2.47e-04
step   3000 | loss=6.2152 | lr=2.42e-04
[VAL] step 3000: bpb=1.9059
step   3100 | loss=6.2336 | lr=2.38e-04
step   3200 | loss=6.2062 | lr=2.32e-04
[VAL] step 3200: bpb=1.8868
step   3300 | loss=6.1930 | lr=2.27e-04
step   3400 | loss=6.1527 | lr=2.22e-04
[VAL] step 3400: bpb=1.8811
step   3500 | loss=6.1397 | lr=2.17e-04
step   3600 | loss=6.1414 | lr=2.11e-04
[VAL] step 3600: bpb=1.8779
step   3700 | loss=6.1201 | lr=2.06e-04
step   3800 | loss=6.1042 | lr=2.00e-04
[VAL] step 3800: bpb=1.8652
step   3900 | loss=6.0807 | lr=1.94e-04
step   4000 | loss=6.0636 | lr=1.88e-04
[VAL] step 4000: bpb=1.8570
step   4100 | loss=6.0866 | lr=1.83e-04
step   4200 | loss=6.0562 | lr=1.77e-04
[VAL] step 4200: bpb=1.8537
step   4300 | loss=6.0588 | lr=1.71e-04
step   4400 | loss=6.0408 | lr=1.65e-04
[VAL] step 4400: bpb=1.8447
step   4500 | loss=6.0318 | lr=1.59e-04
step   4600 | loss=6.0209 | lr=1.53e-04
[VAL] step 4600: bpb=1.8394
step   4700 | loss=6.0211 | lr=1.47e-04
step   4800 | loss=6.0158 | lr=1.42e-04
[VAL] step 4800: bpb=1.8326
step   4900 | loss=5.9891 | lr=1.36e-04
step   5000 | loss=5.9836 | lr=1.30e-04
[VAL] step 5000: bpb=1.8244
step   5100 | loss=5.9666 | lr=1.24e-04
step   5200 | loss=5.9466 | lr=1.19e-04
[VAL] step 5200: bpb=1.8209
step   5300 | loss=5.9381 | lr=1.13e-04
step   5400 | loss=5.9221 | lr=1.08e-04
[VAL] step 5400: bpb=1.8171
step   5500 | loss=5.9209 | lr=1.03e-04
step   5600 | loss=5.9351 | lr=9.75e-05
[VAL] step 5600: bpb=1.8124
step   5700 | loss=5.9145 | lr=9.25e-05
step   5800 | loss=5.9044 | lr=8.76e-05
[VAL] step 5800: bpb=1.8064
step   5900 | loss=5.9118 | lr=8.28e-05
step   6000 | loss=5.8924 | lr=7.82e-05
[VAL] step 6000: bpb=1.8014
step   6100 | loss=5.8796 | lr=7.38e-05
step   6200 | loss=5.8732 | lr=6.95e-05
[VAL] step 6200: bpb=1.7970
step   6300 | loss=5.8778 | lr=6.55e-05
step   6400 | loss=5.8571 | lr=6.16e-05
[VAL] step 6400: bpb=1.7921
step   6500 | loss=5.8516 | lr=5.79e-05
step   6600 | loss=5.8578 | lr=5.44e-05
[VAL] step 6600: bpb=1.7901
step   6700 | loss=5.8512 | lr=5.11e-05
step   6800 | loss=5.8411 | lr=4.81e-05
[VAL] step 6800: bpb=1.7872
step   6900 | loss=5.8410 | lr=4.53e-05
step   7000 | loss=5.8380 | lr=4.26e-05
[VAL] step 7000: bpb=1.7847
step   7100 | loss=5.8298 | lr=4.03e-05
step   7200 | loss=5.8308 | lr=3.81e-05
[VAL] step 7200: bpb=1.7830
step   7300 | loss=5.8193 | lr=3.62e-05
step   7400 | loss=5.8275 | lr=3.46e-05
[VAL] step 7400: bpb=1.7802
step   7500 | loss=5.8157 | lr=3.32e-05
step   7600 | loss=5.8068 | lr=3.21e-05
[VAL] step 7600: bpb=1.7786
step   7700 | loss=5.7962 | lr=3.12e-05
step   7800 | loss=5.8083 | lr=3.05e-05
[VAL] step 7800: bpb=1.7768
step   7900 | loss=5.8069 | lr=3.01e-05
step   8000 | loss=5.7966 | lr=3.00e-05
[VAL] step 8000: bpb=1.7768

=== DONE ===
{
  "exp_name": "exp096_classic_residual",
  "best_val_bpb": 1.776789300010279,
  "final_val_bpb": 1.776789300010279,
  "n_params": 132598022,
  "training_time_hours": 0.91
}
