Loading tokenizer from /home/starost/.cache/nanochat/tokenizer
Vocab size: 32768, BOS id: 32759
Total params (all fp32): 204,802,310
Q/K Joint MHLut: in_nap=6 tph=512 d_qk=48 (n_outputs=2*d_qk=96)
V MHLut:         in_nap=7 tph=256 d_v=16 (n_outputs=d_v)
out_proj MHLut:  in_nap=6 tph=[2048, 2048, 1024, 1024, 1024, 1024] (n_outputs=E=96) + LayerNorm
Tokens/micro-batch: 4,096 | grad_accum: 1 | effective batch: 4,096 tokens
step      1 | loss=10.5669 | lr=3.75e-07
step    100 | loss=9.7422 | lr=3.75e-05
step    200 | loss=8.6267 | lr=7.50e-05
[VAL] step 200: bpb=2.3543
step    300 | loss=7.8953 | lr=1.12e-04
step    400 | loss=7.3748 | lr=1.50e-04
[VAL] step 400: bpb=2.1264
step    500 | loss=7.0290 | lr=1.87e-04
step    600 | loss=6.8588 | lr=2.25e-04
[VAL] step 600: bpb=2.0461
step    700 | loss=6.7446 | lr=2.62e-04
step    800 | loss=6.6530 | lr=3.00e-04
[VAL] step 800: bpb=2.0112
step    900 | loss=6.5852 | lr=3.00e-04
step   1000 | loss=6.5331 | lr=2.99e-04
[VAL] step 1000: bpb=1.9810
step   1100 | loss=6.4846 | lr=2.99e-04
step   1200 | loss=6.4378 | lr=2.98e-04
[VAL] step 1200: bpb=1.9502
step   1300 | loss=6.3695 | lr=2.97e-04
step   1400 | loss=6.3324 | lr=2.95e-04
[VAL] step 1400: bpb=1.9205
step   1500 | loss=6.2928 | lr=2.94e-04
step   1600 | loss=6.2233 | lr=2.92e-04
[VAL] step 1600: bpb=1.8936
step   1700 | loss=6.1976 | lr=2.90e-04
step   1800 | loss=6.1676 | lr=2.87e-04
[VAL] step 1800: bpb=1.8766
step   1900 | loss=6.1396 | lr=2.85e-04
step   2000 | loss=6.1097 | lr=2.82e-04
[VAL] step 2000: bpb=1.8633
step   2100 | loss=6.0674 | lr=2.79e-04
step   2200 | loss=6.0445 | lr=2.76e-04
[VAL] step 2200: bpb=1.8473
step   2300 | loss=6.0225 | lr=2.72e-04
step   2400 | loss=6.0143 | lr=2.68e-04
[VAL] step 2400: bpb=1.8352
step   2500 | loss=5.9951 | lr=2.65e-04
step   2600 | loss=5.9811 | lr=2.60e-04
[VAL] step 2600: bpb=1.8193
step   2700 | loss=5.9482 | lr=2.56e-04
step   2800 | loss=5.9358 | lr=2.52e-04
[VAL] step 2800: bpb=1.8115
step   2900 | loss=5.9096 | lr=2.47e-04
step   3000 | loss=5.8971 | lr=2.42e-04
[VAL] step 3000: bpb=1.8013
step   3100 | loss=5.8833 | lr=2.38e-04
step   3200 | loss=5.8713 | lr=2.32e-04
[VAL] step 3200: bpb=1.7904
step   3300 | loss=5.8614 | lr=2.27e-04
step   3400 | loss=5.8248 | lr=2.22e-04
[VAL] step 3400: bpb=1.7854
step   3500 | loss=5.8161 | lr=2.17e-04
step   3600 | loss=5.8246 | lr=2.11e-04
[VAL] step 3600: bpb=1.7808
step   3700 | loss=5.8016 | lr=2.06e-04
step   3800 | loss=5.7904 | lr=2.00e-04
[VAL] step 3800: bpb=1.7717
step   3900 | loss=5.7657 | lr=1.94e-04
step   4000 | loss=5.7483 | lr=1.88e-04
[VAL] step 4000: bpb=1.7655
step   4100 | loss=5.7765 | lr=1.83e-04
step   4200 | loss=5.7477 | lr=1.77e-04
[VAL] step 4200: bpb=1.7594
step   4300 | loss=5.7533 | lr=1.71e-04
step   4400 | loss=5.7401 | lr=1.65e-04
[VAL] step 4400: bpb=1.7540
step   4500 | loss=5.7260 | lr=1.59e-04
step   4600 | loss=5.7156 | lr=1.53e-04
[VAL] step 4600: bpb=1.7496
step   4700 | loss=5.7153 | lr=1.47e-04
step   4800 | loss=5.7122 | lr=1.42e-04
[VAL] step 4800: bpb=1.7425
step   4900 | loss=5.6869 | lr=1.36e-04
step   5000 | loss=5.6826 | lr=1.30e-04
[VAL] step 5000: bpb=1.7374
step   5100 | loss=5.6699 | lr=1.24e-04
step   5200 | loss=5.6513 | lr=1.19e-04
[VAL] step 5200: bpb=1.7310
step   5300 | loss=5.6396 | lr=1.13e-04
step   5400 | loss=5.6257 | lr=1.08e-04
[VAL] step 5400: bpb=1.7297
step   5500 | loss=5.6312 | lr=1.03e-04
step   5600 | loss=5.6445 | lr=9.75e-05
[VAL] step 5600: bpb=1.7242
step   5700 | loss=5.6282 | lr=9.25e-05
step   5800 | loss=5.6200 | lr=8.76e-05
[VAL] step 5800: bpb=1.7207
step   5900 | loss=5.6238 | lr=8.28e-05
step   6000 | loss=5.6090 | lr=7.82e-05
[VAL] step 6000: bpb=1.7170
step   6100 | loss=5.5963 | lr=7.38e-05
step   6200 | loss=5.5942 | lr=6.95e-05
[VAL] step 6200: bpb=1.7141
step   6300 | loss=5.5968 | lr=6.55e-05
step   6400 | loss=5.5806 | lr=6.16e-05
[VAL] step 6400: bpb=1.7100
step   6500 | loss=5.5725 | lr=5.79e-05
step   6600 | loss=5.5795 | lr=5.44e-05
[VAL] step 6600: bpb=1.7075
step   6700 | loss=5.5735 | lr=5.11e-05
step   6800 | loss=5.5645 | lr=4.81e-05
[VAL] step 6800: bpb=1.7061
step   6900 | loss=5.5648 | lr=4.53e-05
step   7000 | loss=5.5643 | lr=4.26e-05
[VAL] step 7000: bpb=1.7049
step   7100 | loss=5.5557 | lr=4.03e-05
step   7200 | loss=5.5607 | lr=3.81e-05
[VAL] step 7200: bpb=1.7031
step   7300 | loss=5.5483 | lr=3.62e-05
step   7400 | loss=5.5578 | lr=3.46e-05
[VAL] step 7400: bpb=1.7019
step   7500 | loss=5.5438 | lr=3.32e-05
step   7600 | loss=5.5373 | lr=3.21e-05
[VAL] step 7600: bpb=1.6992
step   7700 | loss=5.5293 | lr=3.12e-05
step   7800 | loss=5.5428 | lr=3.05e-05
[VAL] step 7800: bpb=1.6983
step   7900 | loss=5.5398 | lr=3.01e-05
step   8000 | loss=5.5321 | lr=3.00e-05
[VAL] step 8000: bpb=1.6977

=== DONE ===
{
  "exp_name": "exp073_d_qk48_tph512",
  "best_val_bpb": 1.697728408190767,
  "final_val_bpb": 1.697728408190767,
  "n_params": 204802310,
  "training_time_hours": 0.944
}
