Loading tokenizer from /home/starost/.cache/nanochat/tokenizer
Vocab size: 32768, BOS id: 32759
bit LUTs: 18
Adam-managed parameters: 16,772,390
Q/K BitPermLUT: in_nap=5 out_nap=24 tph=512 d_qk=32 P_qk=496
V BitPermLUT:   in_nap=5 out_nap=16 tph=512 d_v=16 P_v=120
Out BitPermLUT: in_nap=8 out_nap=32 tph=2048
Tokens/micro-batch: 4,096 | grad_accum: 1 | effective batch: 4,096 tokens
step      1 | loss=10.5571 | lr=3.75e-07
step    100 | loss=9.8499 | lr=3.75e-05
step    200 | loss=8.8315 | lr=7.50e-05
[VAL] step 200: bpb=2.3976
step    300 | loss=8.0186 | lr=1.12e-04
step    400 | loss=7.5568 | lr=1.50e-04
[VAL] step 400: bpb=2.2059
step    500 | loss=7.2596 | lr=1.87e-04
step    600 | loss=7.1125 | lr=2.25e-04
[VAL] step 600: bpb=2.1343
step    700 | loss=7.0132 | lr=2.62e-04
step    800 | loss=6.9284 | lr=3.00e-04
[VAL] step 800: bpb=2.0972
step    900 | loss=6.8653 | lr=3.00e-04
step   1000 | loss=6.8190 | lr=2.99e-04
[VAL] step 1000: bpb=2.0642
step   1100 | loss=6.7778 | lr=2.99e-04
step   1200 | loss=6.7401 | lr=2.98e-04
[VAL] step 1200: bpb=2.0437
step   1300 | loss=6.6907 | lr=2.97e-04
step   1400 | loss=6.6776 | lr=2.95e-04
[VAL] step 1400: bpb=2.0318
step   1500 | loss=6.6563 | lr=2.94e-04
step   1600 | loss=6.6070 | lr=2.92e-04
[VAL] step 1600: bpb=2.0164
step   1700 | loss=6.5954 | lr=2.90e-04
step   1800 | loss=6.5797 | lr=2.87e-04
[VAL] step 1800: bpb=2.0072
step   1900 | loss=6.5686 | lr=2.85e-04
step   2000 | loss=6.5514 | lr=2.82e-04
[VAL] step 2000: bpb=2.0011
step   2100 | loss=6.5254 | lr=2.79e-04
step   2200 | loss=6.5150 | lr=2.76e-04
[VAL] step 2200: bpb=1.9897
step   2300 | loss=6.4976 | lr=2.72e-04
step   2400 | loss=6.4914 | lr=2.68e-04
[VAL] step 2400: bpb=1.9815
step   2500 | loss=6.4822 | lr=2.65e-04
step   2600 | loss=6.4794 | lr=2.60e-04
[VAL] step 2600: bpb=1.9752
step   2700 | loss=6.4512 | lr=2.56e-04
step   2800 | loss=6.4501 | lr=2.52e-04
[VAL] step 2800: bpb=1.9684
step   2900 | loss=6.4310 | lr=2.47e-04
step   3000 | loss=6.4268 | lr=2.42e-04
[VAL] step 3000: bpb=1.9605
step   3100 | loss=6.4164 | lr=2.38e-04
step   3200 | loss=6.4071 | lr=2.32e-04
[VAL] step 3200: bpb=1.9532
step   3300 | loss=6.4007 | lr=2.27e-04
step   3400 | loss=6.3727 | lr=2.22e-04
[VAL] step 3400: bpb=1.9519
step   3500 | loss=6.3676 | lr=2.17e-04
step   3600 | loss=6.3758 | lr=2.11e-04
[VAL] step 3600: bpb=1.9500
step   3700 | loss=6.3615 | lr=2.06e-04
step   3800 | loss=6.3557 | lr=2.00e-04
[VAL] step 3800: bpb=1.9440
step   3900 | loss=6.3350 | lr=1.94e-04
step   4000 | loss=6.3267 | lr=1.88e-04
[VAL] step 4000: bpb=1.9348
step   4100 | loss=6.3549 | lr=1.83e-04
step   4200 | loss=6.3267 | lr=1.77e-04
[VAL] step 4200: bpb=1.9315
step   4300 | loss=6.3295 | lr=1.71e-04
step   4400 | loss=6.3182 | lr=1.65e-04
[VAL] step 4400: bpb=1.9288
step   4500 | loss=6.3141 | lr=1.59e-04
step   4600 | loss=6.3029 | lr=1.53e-04
[VAL] step 4600: bpb=1.9247
step   4700 | loss=6.3101 | lr=1.47e-04
step   4800 | loss=6.3086 | lr=1.42e-04
[VAL] step 4800: bpb=1.9233
step   4900 | loss=6.2850 | lr=1.36e-04
step   5000 | loss=6.2847 | lr=1.30e-04
[VAL] step 5000: bpb=1.9153
step   5100 | loss=6.2688 | lr=1.24e-04
step   5200 | loss=6.2528 | lr=1.19e-04
[VAL] step 5200: bpb=1.9127
step   5300 | loss=6.2506 | lr=1.13e-04
step   5400 | loss=6.2372 | lr=1.08e-04
[VAL] step 5400: bpb=1.9101
step   5500 | loss=6.2339 | lr=1.03e-04
step   5600 | loss=6.2531 | lr=9.75e-05
[VAL] step 5600: bpb=1.9083
step   5700 | loss=6.2360 | lr=9.25e-05
step   5800 | loss=6.2354 | lr=8.76e-05
[VAL] step 5800: bpb=1.9056
step   5900 | loss=6.2443 | lr=8.28e-05
step   6000 | loss=6.2286 | lr=7.82e-05
[VAL] step 6000: bpb=1.9030
step   6100 | loss=6.2197 | lr=7.38e-05
step   6200 | loss=6.2159 | lr=6.95e-05
[VAL] step 6200: bpb=1.9021
step   6300 | loss=6.2219 | lr=6.55e-05
step   6400 | loss=6.2086 | lr=6.16e-05
[VAL] step 6400: bpb=1.8992
step   6500 | loss=6.2055 | lr=5.79e-05
step   6600 | loss=6.2156 | lr=5.44e-05
[VAL] step 6600: bpb=1.8973
step   6700 | loss=6.2112 | lr=5.11e-05
step   6800 | loss=6.2053 | lr=4.81e-05
[VAL] step 6800: bpb=1.8959
step   6900 | loss=6.2071 | lr=4.53e-05
step   7000 | loss=6.2039 | lr=4.26e-05
[VAL] step 7000: bpb=1.8962
step   7100 | loss=6.1987 | lr=4.03e-05
step   7200 | loss=6.2014 | lr=3.81e-05
[VAL] step 7200: bpb=1.8951
step   7300 | loss=6.1944 | lr=3.62e-05
step   7400 | loss=6.2065 | lr=3.46e-05
[VAL] step 7400: bpb=1.8934
