Loading tokenizer from /home/starost/.cache/nanochat/tokenizer
Vocab size: 32768, BOS id: 32759
V2DSDPATransformer: depth=6, E=384, H=6, E_H=64, D=3297, seq_len=512
LUT: nap=6 (2^nap=64 cells), tph=1536, n_sparse=32, n_alt=1, smooth=False
Params: 86,902,272
AdamW groups: decay=49,134,336 lut_nodecay=37,748,736 nodecay=19,200
Tokens/micro-batch: 4,096 | grad_accum: 1 | effective batch: 4,096 tokens
step      1 | loss=10.4654 | lr=3.75e-07
step    100 | loss=9.9492 | lr=3.75e-05
step    200 | loss=8.9150 | lr=7.50e-05
[VAL] step 200: bpb=2.3902
step    300 | loss=7.9846 | lr=1.12e-04
step    400 | loss=7.4552 | lr=1.50e-04
[VAL] step 400: bpb=2.1565
step    500 | loss=7.1033 | lr=1.87e-04
step    600 | loss=6.9153 | lr=2.25e-04
[VAL] step 600: bpb=2.0613
step    700 | loss=6.7879 | lr=2.62e-04
step    800 | loss=6.6863 | lr=3.00e-04
[VAL] step 800: bpb=2.0200
step    900 | loss=6.6155 | lr=3.00e-04
step   1000 | loss=6.5670 | lr=2.99e-04
[VAL] step 1000: bpb=1.9910
step   1100 | loss=6.5297 | lr=2.99e-04
step   1200 | loss=6.4953 | lr=2.98e-04
[VAL] step 1200: bpb=1.9708
step   1300 | loss=6.4493 | lr=2.97e-04
step   1400 | loss=6.4354 | lr=2.95e-04
[VAL] step 1400: bpb=1.9579
step   1500 | loss=6.4169 | lr=2.94e-04
step   1600 | loss=6.3692 | lr=2.92e-04
[VAL] step 1600: bpb=1.9453
step   1700 | loss=6.3571 | lr=2.90e-04
step   1800 | loss=6.3444 | lr=2.87e-04
[VAL] step 1800: bpb=1.9346
step   1900 | loss=6.3337 | lr=2.85e-04
step   2000 | loss=6.3122 | lr=2.82e-04
[VAL] step 2000: bpb=1.9262
step   2100 | loss=6.2861 | lr=2.79e-04
step   2200 | loss=6.2732 | lr=2.76e-04
[VAL] step 2200: bpb=1.9186
step   2300 | loss=6.2611 | lr=2.72e-04
step   2400 | loss=6.2577 | lr=2.68e-04
[VAL] step 2400: bpb=1.9111
step   2500 | loss=6.2466 | lr=2.65e-04
step   2600 | loss=6.2391 | lr=2.60e-04
[VAL] step 2600: bpb=1.9014
step   2700 | loss=6.2106 | lr=2.56e-04
step   2800 | loss=6.2043 | lr=2.52e-04
[VAL] step 2800: bpb=1.8946
step   2900 | loss=6.1835 | lr=2.47e-04
step   3000 | loss=6.1745 | lr=2.42e-04
[VAL] step 3000: bpb=1.8865
step   3100 | loss=6.1650 | lr=2.38e-04
step   3200 | loss=6.1557 | lr=2.32e-04
[VAL] step 3200: bpb=1.8787
step   3300 | loss=6.1482 | lr=2.27e-04
step   3400 | loss=6.1125 | lr=2.22e-04
[VAL] step 3400: bpb=1.8711
step   3500 | loss=6.1038 | lr=2.17e-04
step   3600 | loss=6.1102 | lr=2.11e-04
[VAL] step 3600: bpb=1.8666
step   3700 | loss=6.0908 | lr=2.06e-04
step   3800 | loss=6.0758 | lr=2.00e-04
[VAL] step 3800: bpb=1.8583
step   3900 | loss=6.0507 | lr=1.94e-04
step   4000 | loss=6.0338 | lr=1.88e-04
[VAL] step 4000: bpb=1.8468
step   4100 | loss=6.0536 | lr=1.83e-04
step   4200 | loss=6.0249 | lr=1.77e-04
[VAL] step 4200: bpb=1.8395
step   4300 | loss=6.0246 | lr=1.71e-04
step   4400 | loss=6.0069 | lr=1.65e-04
[VAL] step 4400: bpb=1.8327
step   4500 | loss=5.9947 | lr=1.59e-04
step   4600 | loss=5.9813 | lr=1.53e-04
[VAL] step 4600: bpb=1.8265
step   4700 | loss=5.9804 | lr=1.47e-04
step   4800 | loss=5.9751 | lr=1.42e-04
[VAL] step 4800: bpb=1.8196
step   4900 | loss=5.9476 | lr=1.36e-04
step   5000 | loss=5.9378 | lr=1.30e-04
[VAL] step 5000: bpb=1.8122
step   5100 | loss=5.9218 | lr=1.24e-04
step   5200 | loss=5.9026 | lr=1.19e-04
[VAL] step 5200: bpb=1.8063
step   5300 | loss=5.8885 | lr=1.13e-04
step   5400 | loss=5.8730 | lr=1.08e-04
[VAL] step 5400: bpb=1.8027
step   5500 | loss=5.8731 | lr=1.03e-04
step   5600 | loss=5.8843 | lr=9.75e-05
[VAL] step 5600: bpb=1.7967
step   5700 | loss=5.8679 | lr=9.25e-05
step   5800 | loss=5.8587 | lr=8.76e-05
[VAL] step 5800: bpb=1.7939
step   5900 | loss=5.8614 | lr=8.28e-05
step   6000 | loss=5.8470 | lr=7.82e-05
[VAL] step 6000: bpb=1.7881
step   6100 | loss=5.8351 | lr=7.38e-05
step   6200 | loss=5.8279 | lr=6.95e-05
[VAL] step 6200: bpb=1.7850
step   6300 | loss=5.8299 | lr=6.55e-05
step   6400 | loss=5.8137 | lr=6.16e-05
[VAL] step 6400: bpb=1.7812
