Loading tokenizer from /home/starost/.cache/nanochat/tokenizer
Vocab size: 32768, BOS id: 32759
bit LUTs: 12
Adam-managed parameters: 45,220,998
Q/K Joint MultiHeadLut: in_nap=6 tph=256 d_qk=32 P_qk=496 (fp32, smooth_mode=True)
V BitPermLUT:   in_nap=6 out_nap=32 tph=512 d_v=16 P_v=120
Out BitPermLUT: in_nap=8 out_nap=32 tph=[2048, 2048, 1024, 1024, 512, 512]
Tokens/micro-batch: 4,096 | grad_accum: 1 | effective batch: 4,096 tokens
step      1 | loss=10.5721 | lr=3.75e-07
step    100 | loss=10.1459 | lr=3.75e-05
step    200 | loss=9.5567 | lr=7.50e-05
[VAL] step 200: bpb=2.7172
step    300 | loss=8.7561 | lr=1.12e-04
step    400 | loss=8.0506 | lr=1.50e-04
[VAL] step 400: bpb=2.3046
step    500 | loss=7.5967 | lr=1.87e-04
step    600 | loss=7.3226 | lr=2.25e-04
[VAL] step 600: bpb=2.1639
step    700 | loss=7.1299 | lr=2.62e-04
step    800 | loss=6.9849 | lr=3.00e-04
[VAL] step 800: bpb=2.1048
step    900 | loss=6.8800 | lr=3.00e-04
step   1000 | loss=6.8086 | lr=2.99e-04
[VAL] step 1000: bpb=2.0606
step   1100 | loss=6.7548 | lr=2.99e-04
step   1200 | loss=6.7083 | lr=2.98e-04
[VAL] step 1200: bpb=2.0325
step   1300 | loss=6.6527 | lr=2.97e-04
step   1400 | loss=6.6319 | lr=2.95e-04
[VAL] step 1400: bpb=2.0139
step   1500 | loss=6.6100 | lr=2.94e-04
step   1600 | loss=6.5572 | lr=2.92e-04
[VAL] step 1600: bpb=2.0001
step   1700 | loss=6.5427 | lr=2.90e-04
step   1800 | loss=6.5274 | lr=2.87e-04
[VAL] step 1800: bpb=1.9890
step   1900 | loss=6.5138 | lr=2.85e-04
step   2000 | loss=6.4949 | lr=2.82e-04
[VAL] step 2000: bpb=1.9809
step   2100 | loss=6.4687 | lr=2.79e-04
step   2200 | loss=6.4558 | lr=2.76e-04
[VAL] step 2200: bpb=1.9757
step   2300 | loss=6.4392 | lr=2.72e-04
step   2400 | loss=6.4311 | lr=2.68e-04
[VAL] step 2400: bpb=1.9623
step   2500 | loss=6.4206 | lr=2.65e-04
step   2600 | loss=6.4155 | lr=2.60e-04
[VAL] step 2600: bpb=1.9544
step   2700 | loss=6.3877 | lr=2.56e-04
step   2800 | loss=6.3844 | lr=2.52e-04
[VAL] step 2800: bpb=1.9505
step   2900 | loss=6.3656 | lr=2.47e-04
step   3000 | loss=6.3588 | lr=2.42e-04
[VAL] step 3000: bpb=1.9416
step   3100 | loss=6.3511 | lr=2.38e-04
step   3200 | loss=6.3415 | lr=2.32e-04
[VAL] step 3200: bpb=1.9358
step   3300 | loss=6.3357 | lr=2.27e-04
step   3400 | loss=6.3067 | lr=2.22e-04
[VAL] step 3400: bpb=1.9339
step   3500 | loss=6.3002 | lr=2.17e-04
