Loading tokenizer from /home/starost/.cache/nanochat/tokenizer
Vocab size: 32768, BOS id: 32759
Building model:
Total params (all fp32): 99,389,446
Q/K Joint SparseLut: in_nap=8 tph=384 n_sparse=8 -> 2*d_qk=64 (per head, H=6)
V SparseLut:         in_nap=8 tph=384 n_sparse=8 -> d_v=42 (per head, H=6)
out_proj SparseLut:  in_nap=8 tph=2048 n_sparse=8 -> E=256
Residual:        classic skip connection (out_real + x), no residual_lut
Unembedder:      LN(256) -> Linear(256,VOCAB)
Tokens/micro-batch: 4,096 | grad_accum: 1 | effective batch: 4,096 tokens
step      1 | loss=10.5707 | lr=3.75e-07
step    100 | loss=10.2538 | lr=3.75e-05
step    200 | loss=9.3860 | lr=7.50e-05
[VAL] step 200: bpb=2.5760
step    300 | loss=8.4046 | lr=1.12e-04
step    400 | loss=7.7983 | lr=1.50e-04
[VAL] step 400: bpb=2.2621
step    500 | loss=7.4355 | lr=1.87e-04
step    600 | loss=7.2119 | lr=2.25e-04
[VAL] step 600: bpb=2.1423
step    700 | loss=7.0450 | lr=2.62e-04
step    800 | loss=6.9053 | lr=3.00e-04
[VAL] step 800: bpb=2.0759
step    900 | loss=6.8020 | lr=3.00e-04
step   1000 | loss=6.7295 | lr=2.99e-04
[VAL] step 1000: bpb=2.0337
step   1100 | loss=6.6668 | lr=2.99e-04
step   1200 | loss=6.6130 | lr=2.98e-04
[VAL] step 1200: bpb=2.0037
step   1300 | loss=6.5494 | lr=2.97e-04
step   1400 | loss=6.5229 | lr=2.95e-04
[VAL] step 1400: bpb=1.9818
step   1500 | loss=6.4928 | lr=2.94e-04
step   1600 | loss=6.4333 | lr=2.92e-04
[VAL] step 1600: bpb=1.9649
step   1700 | loss=6.4076 | lr=2.90e-04
step   1800 | loss=6.3795 | lr=2.87e-04
[VAL] step 1800: bpb=1.9456
step   1900 | loss=6.3561 | lr=2.85e-04
step   2000 | loss=6.3246 | lr=2.82e-04
[VAL] step 2000: bpb=1.9282
step   2100 | loss=6.2798 | lr=2.79e-04
step   2200 | loss=6.2513 | lr=2.76e-04
[VAL] step 2200: bpb=1.9152
step   2300 | loss=6.2213 | lr=2.72e-04
step   2400 | loss=6.2071 | lr=2.68e-04
[VAL] step 2400: bpb=1.8931
step   2500 | loss=6.1812 | lr=2.65e-04
step   2600 | loss=6.1629 | lr=2.60e-04
[VAL] step 2600: bpb=1.8781
step   2700 | loss=6.1233 | lr=2.56e-04
step   2800 | loss=6.1078 | lr=2.52e-04
[VAL] step 2800: bpb=1.8644
step   2900 | loss=6.0737 | lr=2.47e-04
step   3000 | loss=6.0575 | lr=2.42e-04
[VAL] step 3000: bpb=1.8520
step   3100 | loss=6.0407 | lr=2.38e-04
step   3200 | loss=6.0255 | lr=2.32e-04
[VAL] step 3200: bpb=1.8363
step   3300 | loss=6.0157 | lr=2.27e-04
step   3400 | loss=5.9718 | lr=2.22e-04
[VAL] step 3400: bpb=1.8287
step   3500 | loss=5.9554 | lr=2.17e-04
step   3600 | loss=5.9595 | lr=2.11e-04
[VAL] step 3600: bpb=1.8240
step   3700 | loss=5.9357 | lr=2.06e-04
step   3800 | loss=5.9238 | lr=2.00e-04
[VAL] step 3800: bpb=1.8117
step   3900 | loss=5.9010 | lr=1.94e-04
step   4000 | loss=5.8834 | lr=1.88e-04
[VAL] step 4000: bpb=1.8048
step   4100 | loss=5.9050 | lr=1.83e-04
step   4200 | loss=5.8790 | lr=1.77e-04
[VAL] step 4200: bpb=1.8000
step   4300 | loss=5.8760 | lr=1.71e-04
step   4400 | loss=5.8637 | lr=1.65e-04
[VAL] step 4400: bpb=1.7968
step   4500 | loss=5.8501 | lr=1.59e-04
step   4600 | loss=5.8349 | lr=1.53e-04
[VAL] step 4600: bpb=1.7864
step   4700 | loss=5.8333 | lr=1.47e-04
step   4800 | loss=5.8300 | lr=1.42e-04
[VAL] step 4800: bpb=1.7809
step   4900 | loss=5.8043 | lr=1.36e-04
step   5000 | loss=5.7963 | lr=1.30e-04
[VAL] step 5000: bpb=1.7732
step   5100 | loss=5.7810 | lr=1.24e-04
step   5200 | loss=5.7671 | lr=1.19e-04
[VAL] step 5200: bpb=1.7688
step   5300 | loss=5.7557 | lr=1.13e-04
step   5400 | loss=5.7371 | lr=1.08e-04
[VAL] step 5400: bpb=1.7644
step   5500 | loss=5.7389 | lr=1.03e-04
step   5600 | loss=5.7549 | lr=9.75e-05
[VAL] step 5600: bpb=1.7595
step   5700 | loss=5.7383 | lr=9.25e-05
step   5800 | loss=5.7272 | lr=8.76e-05
[VAL] step 5800: bpb=1.7553
step   5900 | loss=5.7326 | lr=8.28e-05
step   6000 | loss=5.7174 | lr=7.82e-05
[VAL] step 6000: bpb=1.7539
step   6100 | loss=5.7091 | lr=7.38e-05
step   6200 | loss=5.7042 | lr=6.95e-05
[VAL] step 6200: bpb=1.7500
step   6300 | loss=5.7089 | lr=6.55e-05
step   6400 | loss=5.6915 | lr=6.16e-05
[VAL] step 6400: bpb=1.7474
step   6500 | loss=5.6840 | lr=5.79e-05
step   6600 | loss=5.6896 | lr=5.44e-05
[VAL] step 6600: bpb=1.7440
step   6700 | loss=5.6857 | lr=5.11e-05
step   6800 | loss=5.6758 | lr=4.81e-05
[VAL] step 6800: bpb=1.7415
step   6900 | loss=5.6753 | lr=4.53e-05
step   7000 | loss=5.6765 | lr=4.26e-05
[VAL] step 7000: bpb=1.7404
step   7100 | loss=5.6697 | lr=4.03e-05
step   7200 | loss=5.6737 | lr=3.81e-05
[VAL] step 7200: bpb=1.7394
step   7300 | loss=5.6607 | lr=3.62e-05
step   7400 | loss=5.6714 | lr=3.46e-05
[VAL] step 7400: bpb=1.7380
step   7500 | loss=5.6610 | lr=3.32e-05
step   7600 | loss=5.6521 | lr=3.21e-05
[VAL] step 7600: bpb=1.7354
step   7700 | loss=5.6428 | lr=3.12e-05
step   7800 | loss=5.6544 | lr=3.05e-05
[VAL] step 7800: bpb=1.7345
step   7900 | loss=5.6530 | lr=3.01e-05
step   8000 | loss=5.6465 | lr=3.00e-05
[VAL] step 8000: bpb=1.7344

=== DONE ===
{
  "exp_name": "exp102_dqk32",
  "best_val_bpb": 1.7344091898081786,
  "final_val_bpb": 1.7344091898081786,
  "n_params": 99389446,
  "training_time_hours": 0.556
}
