Loading tokenizer from /home/starost/.cache/nanochat/tokenizer
Vocab size: 32768, BOS id: 32759
TinyMultiHeadLut modules: 18 (expected 18)
Tiny-LUT params (bf16 storage, bf16 Adam moments via TinyMultiHeadLutOptimizer): 106,954,752
AdamW params (fp32 storage, fp32 moments — non-LUT path): 22,350,086
Q/K Joint MHLut: in_nap=6 tph=256 d_qk=32 (n_outputs=2*d_qk=64)
V MHLut:         in_nap=7 tph=256 d_v=16 (n_outputs=d_v)
out_proj MHLut:  in_nap=6 tph=[2048, 2048, 1024, 1024, 1024, 1024] (n_outputs=E=96) + LayerNorm
Tokens/micro-batch: 4,096 | grad_accum: 1 | effective batch: 4,096 tokens
step      1 | loss=10.5621 | lr=3.75e-07
step    100 | loss=9.7369 | lr=3.75e-05
step    200 | loss=8.6055 | lr=7.50e-05
[VAL] step 200: bpb=2.3592
step    300 | loss=7.9520 | lr=1.12e-04
step    400 | loss=7.6168 | lr=1.50e-04
[VAL] step 400: bpb=2.2544
step    500 | loss=7.2734 | lr=1.87e-04
step    600 | loss=7.0311 | lr=2.25e-04
[VAL] step 600: bpb=2.0832
step    700 | loss=6.8669 | lr=2.62e-04
step    800 | loss=6.7431 | lr=3.00e-04
[VAL] step 800: bpb=2.0311
step    900 | loss=6.6565 | lr=3.00e-04
step   1000 | loss=6.5956 | lr=2.99e-04
[VAL] step 1000: bpb=1.9977
step   1100 | loss=6.5457 | lr=2.99e-04
step   1200 | loss=6.5025 | lr=2.98e-04
[VAL] step 1200: bpb=1.9717
step   1300 | loss=6.4471 | lr=2.97e-04
step   1400 | loss=6.4298 | lr=2.95e-04
[VAL] step 1400: bpb=1.9554
step   1500 | loss=6.4064 | lr=2.94e-04
step   1600 | loss=6.3523 | lr=2.92e-04
[VAL] step 1600: bpb=1.9391
step   1700 | loss=6.3368 | lr=2.90e-04
step   1800 | loss=6.3180 | lr=2.87e-04
[VAL] step 1800: bpb=1.9282
step   1900 | loss=6.2987 | lr=2.85e-04
step   2000 | loss=6.2741 | lr=2.82e-04
[VAL] step 2000: bpb=1.9169
step   2100 | loss=6.2401 | lr=2.79e-04
step   2200 | loss=6.2192 | lr=2.76e-04
[VAL] step 2200: bpb=1.9001
step   2300 | loss=6.1969 | lr=2.72e-04
step   2400 | loss=6.1884 | lr=2.68e-04
[VAL] step 2400: bpb=1.8901
step   2500 | loss=6.1693 | lr=2.65e-04
step   2600 | loss=6.1551 | lr=2.60e-04
[VAL] step 2600: bpb=1.8746
step   2700 | loss=6.1211 | lr=2.56e-04
step   2800 | loss=6.1085 | lr=2.52e-04
[VAL] step 2800: bpb=1.8638
step   2900 | loss=6.0814 | lr=2.47e-04
step   3000 | loss=6.0678 | lr=2.42e-04
[VAL] step 3000: bpb=1.8543
step   3100 | loss=6.0535 | lr=2.38e-04
step   3200 | loss=6.0387 | lr=2.32e-04
[VAL] step 3200: bpb=1.8427
step   3300 | loss=6.0295 | lr=2.27e-04
step   3400 | loss=5.9922 | lr=2.22e-04
[VAL] step 3400: bpb=1.8360
step   3500 | loss=5.9820 | lr=2.17e-04
step   3600 | loss=5.9904 | lr=2.11e-04
[VAL] step 3600: bpb=1.8318
step   3700 | loss=5.9656 | lr=2.06e-04
step   3800 | loss=5.9557 | lr=2.00e-04
[VAL] step 3800: bpb=1.8203
step   3900 | loss=5.9320 | lr=1.94e-04
step   4000 | loss=5.9166 | lr=1.88e-04
[VAL] step 4000: bpb=1.8161
step   4100 | loss=5.9428 | lr=1.83e-04
step   4200 | loss=5.9141 | lr=1.77e-04
[VAL] step 4200: bpb=1.8083
step   4300 | loss=5.9171 | lr=1.71e-04
step   4400 | loss=5.9014 | lr=1.65e-04
[VAL] step 4400: bpb=1.8046
step   4500 | loss=5.8904 | lr=1.59e-04
step   4600 | loss=5.8777 | lr=1.53e-04
[VAL] step 4600: bpb=1.7981
step   4700 | loss=5.8792 | lr=1.47e-04
step   4800 | loss=5.8775 | lr=1.42e-04
[VAL] step 4800: bpb=1.7947
step   4900 | loss=5.8519 | lr=1.36e-04
step   5000 | loss=5.8462 | lr=1.30e-04
[VAL] step 5000: bpb=1.7869
step   5100 | loss=5.8319 | lr=1.24e-04
step   5200 | loss=5.8153 | lr=1.19e-04
[VAL] step 5200: bpb=1.7815
step   5300 | loss=5.8033 | lr=1.13e-04
step   5400 | loss=5.7895 | lr=1.08e-04
[VAL] step 5400: bpb=1.7788
step   5500 | loss=5.7929 | lr=1.03e-04
step   5600 | loss=5.8086 | lr=9.75e-05
[VAL] step 5600: bpb=1.7756
step   5700 | loss=5.7904 | lr=9.25e-05
step   5800 | loss=5.7811 | lr=8.76e-05
[VAL] step 5800: bpb=1.7744
step   5900 | loss=5.7893 | lr=8.28e-05
step   6000 | loss=5.7750 | lr=7.82e-05
[VAL] step 6000: bpb=1.7705
step   6100 | loss=5.7640 | lr=7.38e-05
step   6200 | loss=5.7627 | lr=6.95e-05
[VAL] step 6200: bpb=1.7685
step   6300 | loss=5.7667 | lr=6.55e-05
step   6400 | loss=5.7515 | lr=6.16e-05
[VAL] step 6400: bpb=1.7656
step   6500 | loss=5.7457 | lr=5.79e-05
step   6600 | loss=5.7528 | lr=5.44e-05
[VAL] step 6600: bpb=1.7630
step   6700 | loss=5.7487 | lr=5.11e-05
step   6800 | loss=5.7426 | lr=4.81e-05
[VAL] step 6800: bpb=1.7616
step   6900 | loss=5.7432 | lr=4.53e-05
step   7000 | loss=5.7432 | lr=4.26e-05
[VAL] step 7000: bpb=1.7625
step   7100 | loss=5.7370 | lr=4.03e-05
step   7200 | loss=5.7434 | lr=3.81e-05
[VAL] step 7200: bpb=1.7611
step   7300 | loss=5.7336 | lr=3.62e-05
step   7400 | loss=5.7454 | lr=3.46e-05
[VAL] step 7400: bpb=1.7596
step   7500 | loss=5.7348 | lr=3.32e-05
step   7600 | loss=5.7280 | lr=3.21e-05
[VAL] step 7600: bpb=1.7597
step   7700 | loss=5.7210 | lr=3.12e-05
step   7800 | loss=5.7332 | lr=3.05e-05
[VAL] step 7800: bpb=1.7573
step   7900 | loss=5.7322 | lr=3.01e-05
step   8000 | loss=5.7243 | lr=3.00e-05
[VAL] step 8000: bpb=1.7581

=== DONE ===
{
  "exp_name": "exp061_tiny_mhlut",
  "best_val_bpb": 1.757323604798068,
  "final_val_bpb": 1.758141314655534,
  "adam_params": 22350086,
  "training_time_hours": 0.39
}
