Loading tokenizer from ~/.cache/nanochat/tokenizer
FIXED EVAL: bs48 x 100 steps, skip 12 rows (val window independent of device_batch_size=12)
[learned_margin] layer 0: init g=0.0 beta=2.0 gamma=1.0 (g FROZEN; beta, gamma learnable) gain=1.0
[learned_margin] layer 1: init g=0.0 beta=2.0 gamma=1.0 (g FROZEN; beta, gamma learnable) gain=1.0
[learned_margin] layer 2: init g=0.0 beta=2.0 gamma=1.0 (g FROZEN; beta, gamma learnable) gain=1.0
[learned_margin] layer 3: init g=0.0 beta=2.0 gamma=1.0 (g FROZEN; beta, gamma learnable) gain=1.0
[learned_margin] layer 4: init g=0.0 beta=2.0 gamma=1.0 (g FROZEN; beta, gamma learnable) gain=1.0
[learned_margin] layer 5: init g=0.0 beta=2.0 gamma=1.0 (g FROZEN; beta, gamma learnable) gain=1.0
MinimalGPT depth=6 dim=384 heads=6 seq=512 | ffn=compression tie=False | params=67,351,698
Tokens/micro-batch: 6,144 | grad_accum: 4 | effective batch: 24,576 tokens
wandb: [wandb.login()] Loaded credentials for <wandb-server> from ~/.netrc.
wandb: Currently logged in as: <entity> to <wandb-server>. Use `wandb login --relogin` to force relogin
wandb: Tracking run with wandb version 0.28.0
wandb: Run data is saved locally in ~/.cache/wandb/wandb/run-20260914_012410-exp_g_abl_05_B16k_light_lmfrozeng_n2_tau0p5_tv10_tph128_seed1
wandb: Run `wandb offline` to turn off syncing.
wandb: Syncing run exp_g_abl_05_B16k_light_lmfrozeng_n2_tau0p5_tv10_tph128_seed1
wandb: ⭐️ View project at <wandb-server>/<entity>/Spiky
wandb: 🚀 View run at <wandb-server>/<entity>/Spiky/runs/exp_g_abl_05_B16k_light_lmfrozeng_n2_tau0p5_tv10_tph128_seed1
[wandb] online: run exp_g_abl_05_B16k_light_lmfrozeng_n2_tau0p5_tv10_tph128_seed1 -> ~/.cache/wandb/wandb/run-20260914_012410-exp_g_abl_05_B16k_light_lmfrozeng_n2_tau0p5_tv10_tph128_seed1/files
step      1 | loss=10.4804 | lr=1.87e-07
step    100 | loss=10.1252 | lr=1.87e-05
step    200 | loss=9.3967 | lr=3.75e-05
step    300 | loss=8.4640 | lr=5.62e-05
step    400 | loss=7.6950 | lr=7.50e-05
step    500 | loss=7.1512 | lr=9.37e-05
[VAL] step 500: bpb=2.0430
step    600 | loss=6.7453 | lr=1.12e-04
step    700 | loss=6.4635 | lr=1.31e-04
step    800 | loss=6.2668 | lr=1.50e-04
step    900 | loss=6.0925 | lr=1.69e-04
step   1000 | loss=5.9539 | lr=1.87e-04
[VAL] step 1000: bpb=1.7772
step   1100 | loss=5.8253 | lr=2.06e-04
step   1200 | loss=5.7075 | lr=2.25e-04
step   1300 | loss=5.5993 | lr=2.44e-04
step   1400 | loss=5.5000 | lr=2.62e-04
step   1500 | loss=5.4079 | lr=2.81e-04
[VAL] step 1500: bpb=1.6251
step   1600 | loss=5.3339 | lr=3.00e-04
step   1700 | loss=5.2459 | lr=3.00e-04
step   1800 | loss=5.1671 | lr=3.00e-04
step   1900 | loss=5.0909 | lr=3.00e-04
step   2000 | loss=5.0300 | lr=2.99e-04
[VAL] step 2000: bpb=1.5210
step   2100 | loss=4.9700 | lr=2.99e-04
step   2200 | loss=4.9210 | lr=2.99e-04
step   2300 | loss=4.8755 | lr=2.98e-04
step   2400 | loss=4.8273 | lr=2.98e-04
step   2500 | loss=4.7750 | lr=2.97e-04
[VAL] step 2500: bpb=1.4473
step   2600 | loss=4.7247 | lr=2.97e-04
step   2700 | loss=4.6846 | lr=2.96e-04
step   2800 | loss=4.6380 | lr=2.95e-04
step   2900 | loss=4.5956 | lr=2.95e-04
step   3000 | loss=4.5657 | lr=2.94e-04
[VAL] step 3000: bpb=1.3877
step   3100 | loss=4.5448 | lr=2.93e-04
step   3200 | loss=4.5140 | lr=2.92e-04
step   3300 | loss=4.4746 | lr=2.91e-04
step   3400 | loss=4.4522 | lr=2.90e-04
step   3500 | loss=4.4220 | lr=2.89e-04
[VAL] step 3500: bpb=1.3486
step   3600 | loss=4.3992 | lr=2.87e-04
step   3700 | loss=4.3820 | lr=2.86e-04
step   3800 | loss=4.3762 | lr=2.85e-04
step   3900 | loss=4.3576 | lr=2.83e-04
step   4000 | loss=4.3363 | lr=2.82e-04
[VAL] step 4000: bpb=1.3207
[CKPT] step 4000: wrote checkpoint_step4000.pt
step   4100 | loss=4.3138 | lr=2.80e-04
step   4200 | loss=4.2955 | lr=2.79e-04
step   4300 | loss=4.2790 | lr=2.77e-04
step   4400 | loss=4.2667 | lr=2.76e-04
step   4500 | loss=4.2567 | lr=2.74e-04
[VAL] step 4500: bpb=1.2997
step   4600 | loss=4.2503 | lr=2.72e-04
step   4700 | loss=4.2333 | lr=2.70e-04
step   4800 | loss=4.2205 | lr=2.68e-04
step   4900 | loss=4.2061 | lr=2.66e-04
step   5000 | loss=4.2066 | lr=2.65e-04
[VAL] step 5000: bpb=1.2820
step   5100 | loss=4.1912 | lr=2.63e-04
step   5200 | loss=4.1938 | lr=2.60e-04
step   5300 | loss=4.1966 | lr=2.58e-04
step   5400 | loss=4.1924 | lr=2.56e-04
step   5500 | loss=4.1676 | lr=2.54e-04
[VAL] step 5500: bpb=1.2673
step   5600 | loss=4.1474 | lr=2.52e-04
step   5700 | loss=4.1320 | lr=2.49e-04
step   5800 | loss=4.1200 | lr=2.47e-04
step   5900 | loss=4.1094 | lr=2.45e-04
step   6000 | loss=4.1059 | lr=2.42e-04
[VAL] step 6000: bpb=1.2544
step   6100 | loss=4.0978 | lr=2.40e-04
step   6200 | loss=4.0929 | lr=2.38e-04
step   6300 | loss=4.0801 | lr=2.35e-04
step   6400 | loss=4.0735 | lr=2.32e-04
step   6500 | loss=4.0732 | lr=2.30e-04
[VAL] step 6500: bpb=1.2439
step   6600 | loss=4.0592 | lr=2.27e-04
step   6700 | loss=4.0549 | lr=2.25e-04
step   6800 | loss=4.0587 | lr=2.22e-04
step   6900 | loss=4.0441 | lr=2.19e-04
step   7000 | loss=4.0286 | lr=2.17e-04
[VAL] step 7000: bpb=1.2340
step   7100 | loss=4.0111 | lr=2.14e-04
step   7200 | loss=4.0037 | lr=2.11e-04
step   7300 | loss=4.0066 | lr=2.08e-04
step   7400 | loss=4.0056 | lr=2.06e-04
step   7500 | loss=3.9971 | lr=2.03e-04
[VAL] step 7500: bpb=1.2248
step   7600 | loss=3.9868 | lr=2.00e-04
step   7700 | loss=3.9709 | lr=1.97e-04
step   7800 | loss=3.9691 | lr=1.94e-04
step   7900 | loss=3.9670 | lr=1.91e-04
step   8000 | loss=3.9604 | lr=1.88e-04
[VAL] step 8000: bpb=1.2176
[CKPT] step 8000: wrote checkpoint_step8000.pt
step   8100 | loss=3.9528 | lr=1.86e-04
step   8200 | loss=3.9543 | lr=1.83e-04
step   8300 | loss=3.9559 | lr=1.80e-04
step   8400 | loss=3.9417 | lr=1.77e-04
step   8500 | loss=3.9288 | lr=1.74e-04
[VAL] step 8500: bpb=1.2096
step   8600 | loss=3.9256 | lr=1.71e-04
step   8700 | loss=3.9175 | lr=1.68e-04
step   8800 | loss=3.9139 | lr=1.65e-04
step   8900 | loss=3.9143 | lr=1.62e-04
step   9000 | loss=3.9174 | lr=1.59e-04
[VAL] step 9000: bpb=1.2035
step   9100 | loss=3.9027 | lr=1.56e-04
step   9200 | loss=3.9009 | lr=1.53e-04
step   9300 | loss=3.8881 | lr=1.50e-04
step   9400 | loss=3.8835 | lr=1.47e-04
step   9500 | loss=3.8759 | lr=1.44e-04
[VAL] step 9500: bpb=1.1966
step   9600 | loss=3.8780 | lr=1.42e-04
step   9700 | loss=3.8751 | lr=1.39e-04
step   9800 | loss=3.8796 | lr=1.36e-04
step   9900 | loss=3.8652 | lr=1.33e-04
step  10000 | loss=3.8580 | lr=1.30e-04
[VAL] step 10000: bpb=1.1906
step  10100 | loss=3.8547 | lr=1.27e-04
step  10200 | loss=3.8533 | lr=1.24e-04
step  10300 | loss=3.8447 | lr=1.22e-04
step  10400 | loss=3.8646 | lr=1.19e-04
step  10500 | loss=3.8644 | lr=1.16e-04
[VAL] step 10500: bpb=1.1854
step  10600 | loss=3.8670 | lr=1.13e-04
step  10700 | loss=3.8330 | lr=1.11e-04
step  10800 | loss=3.8305 | lr=1.08e-04
step  10900 | loss=3.8222 | lr=1.05e-04
step  11000 | loss=3.8035 | lr=1.03e-04
[VAL] step 11000: bpb=1.1806
step  11100 | loss=3.8063 | lr=1.00e-04
step  11200 | loss=3.8070 | lr=9.75e-05
step  11300 | loss=3.8053 | lr=9.50e-05
step  11400 | loss=3.8052 | lr=9.25e-05
step  11500 | loss=3.7894 | lr=9.00e-05
[VAL] step 11500: bpb=1.1762
step  11600 | loss=3.7888 | lr=8.76e-05
step  11700 | loss=3.7933 | lr=8.52e-05
step  11800 | loss=3.7855 | lr=8.28e-05
step  11900 | loss=3.7861 | lr=8.05e-05
step  12000 | loss=3.7790 | lr=7.82e-05
[VAL] step 12000: bpb=1.1720
[CKPT] step 12000: wrote checkpoint_step12000.pt
step  12100 | loss=3.7745 | lr=7.60e-05
step  12200 | loss=3.7611 | lr=7.38e-05
step  12300 | loss=3.7515 | lr=7.16e-05
step  12400 | loss=3.7511 | lr=6.95e-05
step  12500 | loss=3.7517 | lr=6.75e-05
[VAL] step 12500: bpb=1.1684
step  12600 | loss=3.7466 | lr=6.55e-05
step  12700 | loss=3.7459 | lr=6.35e-05
step  12800 | loss=3.7368 | lr=6.16e-05
step  12900 | loss=3.7269 | lr=5.97e-05
step  13000 | loss=3.7320 | lr=5.79e-05
[VAL] step 13000: bpb=1.1653
step  13100 | loss=3.7221 | lr=5.61e-05
step  13200 | loss=3.7213 | lr=5.44e-05
step  13300 | loss=3.7194 | lr=5.28e-05
step  13400 | loss=3.7229 | lr=5.11e-05
step  13500 | loss=3.7236 | lr=4.96e-05
[VAL] step 13500: bpb=1.1626
step  13600 | loss=3.7144 | lr=4.81e-05
step  13700 | loss=3.7033 | lr=4.66e-05
step  13800 | loss=3.7013 | lr=4.53e-05
step  13900 | loss=3.6974 | lr=4.39e-05
step  14000 | loss=3.7001 | lr=4.26e-05
[VAL] step 14000: bpb=1.1600
step  14100 | loss=3.6992 | lr=4.14e-05
step  14200 | loss=3.7022 | lr=4.03e-05
step  14300 | loss=3.6967 | lr=3.92e-05
step  14400 | loss=3.6898 | lr=3.81e-05
step  14500 | loss=3.6795 | lr=3.72e-05
[VAL] step 14500: bpb=1.1582
step  14600 | loss=3.6767 | lr=3.62e-05
step  14700 | loss=3.6688 | lr=3.54e-05
step  14800 | loss=3.6763 | lr=3.46e-05
step  14900 | loss=3.6791 | lr=3.39e-05
step  15000 | loss=3.6789 | lr=3.32e-05
[VAL] step 15000: bpb=1.1566
step  15100 | loss=3.6684 | lr=3.26e-05
step  15200 | loss=3.6655 | lr=3.21e-05
step  15300 | loss=3.6661 | lr=3.16e-05
step  15400 | loss=3.6725 | lr=3.12e-05
step  15500 | loss=3.6655 | lr=3.08e-05
[VAL] step 15500: bpb=1.1555
step  15600 | loss=3.6954 | lr=3.05e-05
step  15700 | loss=3.6886 | lr=3.03e-05
step  15800 | loss=3.6817 | lr=3.01e-05
step  15900 | loss=3.6568 | lr=3.00e-05
step  16000 | loss=3.6574 | lr=3.00e-05
[VAL] step 16000: bpb=1.1547

=== DONE ===
{
  "exp_name": "exp_g_abl_05_B16k_light_lmfrozeng_n2_tau0p5_tv10_tph128_seed1",
  "best_val_bpb": 1.1547389676188025,
  "final_val_bpb": 1.1547389676188025,
  "total_params": 67351698,
  "training_time_hours": 1.107,
  "eval_protocol": {
    "eval_batch_size": 48,
    "eval_steps": 100,
    "skip_rows": 12,
    "batch_size_independent": true
  },
  "learned_confidence": {
    "form": "learned_margin",
    "score": "exp(g) * sum|d| * prod sigmoid(beta |d|) ** gamma",
    "init_per_layer": [
      {
        "g": 0.0,
        "beta": 2.0,
        "gamma": 1.0
      },
      {
        "g": 0.0,
        "beta": 2.0,
        "gamma": 1.0
      },
      {
        "g": 0.0,
        "beta": 2.0,
        "gamma": 1.0
      },
      {
        "g": 0.0,
        "beta": 2.0,
        "gamma": 1.0
      },
      {
        "g": 0.0,
        "beta": 2.0,
        "gamma": 1.0
      },
      {
        "g": 0.0,
        "beta": 2.0,
        "gamma": 1.0
      }
    ],
    "final_per_layer": [
      {
        "g": 0.0,
        "beta": 1.7788959741592407,
        "gamma": 1.2013802528381348
      },
      {
        "g": 0.0,
        "beta": 1.9463257789611816,
        "gamma": 1.0931764841079712
      },
      {
        "g": 0.0,
        "beta": 2.036867141723633,
        "gamma": 1.0512350797653198
      },
      {
        "g": 0.0,
        "beta": 2.0240285396575928,
        "gamma": 1.0064311027526855
      },
      {
        "g": 0.0,
        "beta": 2.029892921447754,
        "gamma": 0.9243485927581787
      },
      {
        "g": 0.0,
        "beta": 2.1474390029907227,
        "gamma": 0.7361401915550232
      }
    ]
  }
}
wandb: 
wandb: Run history:
wandb: lm_beta_L0 ███▆▅▄▄▃▂▂▂▁▁▁▁▁▁▁▁▁▁▂▂▂▂▂▃▃▃▃▃▃
wandb: lm_beta_L1 ██▇▆▅▅▄▃▂▂▂▁▁▁▁▁▁▁▂▂▂▂▃▃▃▄▄▄▅▅▅▆
wandb: lm_beta_L2 ▆▆▇▆▅▄▄▃▃▂▂▂▁▁▁▁▁▁▂▂▃▃▄▄▅▅▆▆▇▇██
wandb: lm_beta_L3 ▃▆██▇▆▅▅▄▃▃▂▂▂▁▁▁▁▁▁▁▁▂▂▂▂▃▃▃▃▄▄
wandb: lm_beta_L4 ▂▄▇██▇▆▅▅▄▃▃▂▂▂▁▁▁▁▁▁▁▁▁▂▂▂▂▂▂▃▃
wandb: lm_beta_L5 ▁▃▅▆▆▇████▇▇▇▇▇▆▆▆▆▆▆▆▇▇▇▇▇▇▇███
wandb:    lm_g_L0 ▁▁▁▁▁▁▁▁▁▁▁▁▁▁▁▁▁▁▁▁▁▁▁▁▁▁▁▁▁▁▁▁
wandb:    lm_g_L1 ▁▁▁▁▁▁▁▁▁▁▁▁▁▁▁▁▁▁▁▁▁▁▁▁▁▁▁▁▁▁▁▁
wandb:    lm_g_L2 ▁▁▁▁▁▁▁▁▁▁▁▁▁▁▁▁▁▁▁▁▁▁▁▁▁▁▁▁▁▁▁▁
wandb:    lm_g_L3 ▁▁▁▁▁▁▁▁▁▁▁▁▁▁▁▁▁▁▁▁▁▁▁▁▁▁▁▁▁▁▁▁
wandb:        +39 ...
wandb: 
wandb: Run summary:
wandb:  best_val_bpb 1.15474
wandb:      exp_name exp_g_abl_05_B16k_li...
wandb: final_val_bpb 1.15474
wandb:    lm_beta_L0 1.7789
wandb:    lm_beta_L1 1.94633
wandb:    lm_beta_L2 2.03687
wandb:    lm_beta_L3 2.02403
wandb:    lm_beta_L4 2.02989
wandb:    lm_beta_L5 2.14744
wandb:       lm_g_L0 0
wandb:           +44 ...
wandb: 
wandb: 🚀 View run exp_g_abl_05_B16k_light_lmfrozeng_n2_tau0p5_tv10_tph128_seed1 at: <wandb-server>/<entity>/Spiky/runs/exp_g_abl_05_B16k_light_lmfrozeng_n2_tau0p5_tv10_tph128_seed1
wandb: ⭐️ View project at: <wandb-server>/<entity>/Spiky
wandb: Synced 5 W&B file(s), 0 media file(s), 0 artifact file(s) and 0 other file(s)
wandb: Find logs at: ~/.cache/wandb/wandb/run-20260914_012410-exp_g_abl_05_B16k_light_lmfrozeng_n2_tau0p5_tv10_tph128_seed1/logs
[wandb] finished in 0.1s
