Loading tokenizer from /home/astarostin/.cache/nanochat/tokenizer
Vocab size: 32768
LUT layer type = fast (FastMultiHeadLut)
Total params (all fp32): 60,033,074
LUT optimizer = lion (lut_lr=0.0002) | lut=43,253,760 | hyperplane=0 (AdamW no-wd, lr=0.0003) | decay(unembed)=8,388,608 (wd=0.1) | tok_emb=8,388,608 | nodecay_other=2,098 | non-LUT on AdamW
D=residual_dim=256, E=embedding_dim=256, H=4, d_qk=64, d_v=64, L=6
qk_lut       TinyMHLut(soft, LION): in_nap=4 tph=120 n_out=2*d_qk=128
v_lut        TinyMHLut(soft): in_nap=6 tph=120 d_v=64
out_proj     TinyMHLut(soft): in_nap=6 tph=120 n_out=E=256
residual_lut TinyMHLut(soft) [per-layer, x6]: in_nap=6 tph=120 n_out=D=256; MeanAbsNorm(E) before each
UNTIED unembedder Linear(D=256, V=32768); tok_emb_E at E=256; ln_final(D); RoPE base=10000.0
Tracking 48 learnable temperatures in temperatures.csv
Tracking weight deltas of 103 parameters in weight_deltas.csv
Tokens/micro-batch: 12,288 | grad_accum: 2 | effective batch: 24,576 tokens
step      1 | loss=10.5516 | lr=1.87e-07
[MEM] step 1 alloc_peak=6.8GB reserved=8.6GB
[MEM] step 5 alloc_peak=7.3GB reserved=10.2GB
step    100 | loss=9.8673 | lr=1.87e-05
step    200 | loss=9.1270 | lr=3.75e-05
[VAL] step 200: bpb=2.5868
step    300 | loss=8.3591 | lr=5.62e-05
step    400 | loss=7.5984 | lr=7.50e-05
[VAL] step 400: bpb=2.1383
step    500 | loss=7.0275 | lr=9.37e-05
step    600 | loss=6.6289 | lr=1.12e-04
[VAL] step 600: bpb=1.9533
step    700 | loss=6.3537 | lr=1.31e-04
step    800 | loss=6.1648 | lr=1.50e-04
[VAL] step 800: bpb=1.8539
step    900 | loss=5.9970 | lr=1.69e-04
step   1000 | loss=5.8696 | lr=1.87e-04
[VAL] step 1000: bpb=1.7819
step   1100 | loss=5.7538 | lr=2.06e-04
step   1200 | loss=5.6515 | lr=2.25e-04
[VAL] step 1200: bpb=1.7249
step   1300 | loss=5.5610 | lr=2.44e-04
step   1400 | loss=5.4805 | lr=2.62e-04
[VAL] step 1400: bpb=1.6780
step   1500 | loss=5.4066 | lr=2.81e-04
step   1600 | loss=5.3518 | lr=3.00e-04
[VAL] step 1600: bpb=1.6400
step   1700 | loss=5.2834 | lr=3.00e-04
step   1800 | loss=5.2225 | lr=3.00e-04
[VAL] step 1800: bpb=1.6080
step   1900 | loss=5.1642 | lr=3.00e-04
step   2000 | loss=5.1199 | lr=2.99e-04
[VAL] step 2000: bpb=1.5810
step   2100 | loss=5.0749 | lr=2.99e-04
step   2200 | loss=5.0418 | lr=2.99e-04
[VAL] step 2200: bpb=1.5602
step   2300 | loss=5.0112 | lr=2.98e-04
step   2400 | loss=4.9800 | lr=2.98e-04
[VAL] step 2400: bpb=1.5415
step   2500 | loss=4.9475 | lr=2.97e-04
step   2600 | loss=4.9162 | lr=2.97e-04
[VAL] step 2600: bpb=1.5268
step   2700 | loss=4.8969 | lr=2.96e-04
step   2800 | loss=4.8710 | lr=2.95e-04
[VAL] step 2800: bpb=1.5149
step   2900 | loss=4.8468 | lr=2.95e-04
step   3000 | loss=4.8346 | lr=2.94e-04
[VAL] step 3000: bpb=1.5021
step   3100 | loss=4.8243 | lr=2.93e-04
step   3200 | loss=4.8047 | lr=2.92e-04
[VAL] step 3200: bpb=1.4916
step   3300 | loss=4.7794 | lr=2.91e-04
step   3400 | loss=4.7650 | lr=2.90e-04
[VAL] step 3400: bpb=1.4820
step   3500 | loss=4.7419 | lr=2.89e-04
step   3600 | loss=4.7256 | lr=2.87e-04
[VAL] step 3600: bpb=1.4743
step   3700 | loss=4.7174 | lr=2.86e-04
step   3800 | loss=4.7162 | lr=2.85e-04
[VAL] step 3800: bpb=1.4632
step   3900 | loss=4.7023 | lr=2.83e-04
step   4000 | loss=4.6873 | lr=2.82e-04
[VAL] step 4000: bpb=1.4569
step   4100 | loss=4.6692 | lr=2.80e-04
step   4200 | loss=4.6557 | lr=2.79e-04
[VAL] step 4200: bpb=1.4502
step   4300 | loss=4.6402 | lr=2.77e-04
step   4400 | loss=4.6306 | lr=2.76e-04
[VAL] step 4400: bpb=1.4420
step   4500 | loss=4.6205 | lr=2.74e-04
step   4600 | loss=4.6160 | lr=2.72e-04
[VAL] step 4600: bpb=1.4349
step   4700 | loss=4.5997 | lr=2.70e-04
step   4800 | loss=4.5891 | lr=2.68e-04
[VAL] step 4800: bpb=1.4300
step   4900 | loss=4.5749 | lr=2.66e-04
step   5000 | loss=4.5754 | lr=2.65e-04
[VAL] step 5000: bpb=1.4228
step   5100 | loss=4.5600 | lr=2.63e-04
step   5200 | loss=4.5633 | lr=2.60e-04
[VAL] step 5200: bpb=1.4180
step   5300 | loss=4.5673 | lr=2.58e-04
step   5400 | loss=4.5620 | lr=2.56e-04
[VAL] step 5400: bpb=1.4115
step   5500 | loss=4.5402 | lr=2.54e-04
step   5600 | loss=4.5208 | lr=2.52e-04
[VAL] step 5600: bpb=1.4074
step   5700 | loss=4.5046 | lr=2.49e-04
step   5800 | loss=4.4931 | lr=2.47e-04
[VAL] step 5800: bpb=1.4025
step   5900 | loss=4.4851 | lr=2.45e-04
step   6000 | loss=4.4813 | lr=2.42e-04
[VAL] step 6000: bpb=1.3978
step   6100 | loss=4.4741 | lr=2.40e-04
step   6200 | loss=4.4682 | lr=2.38e-04
[VAL] step 6200: bpb=1.3934
step   6300 | loss=4.4549 | lr=2.35e-04
step   6400 | loss=4.4489 | lr=2.32e-04
[VAL] step 6400: bpb=1.3894
step   6500 | loss=4.4472 | lr=2.30e-04
step   6600 | loss=4.4353 | lr=2.27e-04
[VAL] step 6600: bpb=1.3855
step   6700 | loss=4.4302 | lr=2.25e-04
step   6800 | loss=4.4337 | lr=2.22e-04
[VAL] step 6800: bpb=1.3825
step   6900 | loss=4.4198 | lr=2.19e-04
step   7000 | loss=4.4050 | lr=2.17e-04
[VAL] step 7000: bpb=1.3795
step   7100 | loss=4.3906 | lr=2.14e-04
step   7200 | loss=4.3844 | lr=2.11e-04
[VAL] step 7200: bpb=1.3762
step   7300 | loss=4.3859 | lr=2.08e-04
step   7400 | loss=4.3869 | lr=2.06e-04
[VAL] step 7400: bpb=1.3718
step   7500 | loss=4.3799 | lr=2.03e-04
step   7600 | loss=4.3701 | lr=2.00e-04
[VAL] step 7600: bpb=1.3699
step   7700 | loss=4.3553 | lr=1.97e-04
step   7800 | loss=4.3538 | lr=1.94e-04
[VAL] step 7800: bpb=1.3650
step   7900 | loss=4.3536 | lr=1.91e-04
step   8000 | loss=4.3484 | lr=1.88e-04
[VAL] step 8000: bpb=1.3643
step   8100 | loss=4.3423 | lr=1.86e-04
step   8200 | loss=4.3441 | lr=1.83e-04
[VAL] step 8200: bpb=1.3604
step   8300 | loss=4.3460 | lr=1.80e-04
step   8400 | loss=4.3313 | lr=1.77e-04
[VAL] step 8400: bpb=1.3581
step   8500 | loss=4.3226 | lr=1.74e-04
step   8600 | loss=4.3191 | lr=1.71e-04
[VAL] step 8600: bpb=1.3562
step   8700 | loss=4.3117 | lr=1.68e-04
step   8800 | loss=4.3109 | lr=1.65e-04
[VAL] step 8800: bpb=1.3534
step   8900 | loss=4.3108 | lr=1.62e-04
step   9000 | loss=4.3155 | lr=1.59e-04
[VAL] step 9000: bpb=1.3504
step   9100 | loss=4.3034 | lr=1.56e-04
step   9200 | loss=4.3017 | lr=1.53e-04
[VAL] step 9200: bpb=1.3487
step   9300 | loss=4.2920 | lr=1.50e-04
step   9400 | loss=4.2880 | lr=1.47e-04
[VAL] step 9400: bpb=1.3473
step   9500 | loss=4.2823 | lr=1.44e-04
step   9600 | loss=4.2829 | lr=1.42e-04
[VAL] step 9600: bpb=1.3445
step   9700 | loss=4.2809 | lr=1.39e-04
step   9800 | loss=4.2868 | lr=1.36e-04
[VAL] step 9800: bpb=1.3430
step   9900 | loss=4.2736 | lr=1.33e-04
step  10000 | loss=4.2693 | lr=1.30e-04
[VAL] step 10000: bpb=1.3415
step  10100 | loss=4.2645 | lr=1.27e-04
step  10200 | loss=4.2657 | lr=1.24e-04
[VAL] step 10200: bpb=1.3401
step  10300 | loss=4.2567 | lr=1.22e-04
step  10400 | loss=4.2797 | lr=1.19e-04
[VAL] step 10400: bpb=1.3370
step  10500 | loss=4.2806 | lr=1.16e-04
step  10600 | loss=4.2842 | lr=1.13e-04
[VAL] step 10600: bpb=1.3343
step  10700 | loss=4.2507 | lr=1.11e-04
step  10800 | loss=4.2475 | lr=1.08e-04
[VAL] step 10800: bpb=1.3331
step  10900 | loss=4.2383 | lr=1.05e-04
step  11000 | loss=4.2236 | lr=1.03e-04
[VAL] step 11000: bpb=1.3323
step  11100 | loss=4.2291 | lr=1.00e-04
step  11200 | loss=4.2305 | lr=9.75e-05
[VAL] step 11200: bpb=1.3305
step  11300 | loss=4.2289 | lr=9.50e-05
step  11400 | loss=4.2287 | lr=9.25e-05
[VAL] step 11400: bpb=1.3290
step  11500 | loss=4.2127 | lr=9.00e-05
step  11600 | loss=4.2144 | lr=8.76e-05
[VAL] step 11600: bpb=1.3271
step  11700 | loss=4.2181 | lr=8.52e-05
step  11800 | loss=4.2131 | lr=8.28e-05
[VAL] step 11800: bpb=1.3263
step  11900 | loss=4.2123 | lr=8.05e-05
step  12000 | loss=4.2086 | lr=7.82e-05
[VAL] step 12000: bpb=1.3255
step  12100 | loss=4.2029 | lr=7.60e-05
step  12200 | loss=4.1908 | lr=7.38e-05
[VAL] step 12200: bpb=1.3245
step  12300 | loss=4.1839 | lr=7.16e-05
step  12400 | loss=4.1836 | lr=6.95e-05
[VAL] step 12400: bpb=1.3222
step  12500 | loss=4.1863 | lr=6.75e-05
step  12600 | loss=4.1845 | lr=6.55e-05
[VAL] step 12600: bpb=1.3211
step  12700 | loss=4.1839 | lr=6.35e-05
step  12800 | loss=4.1759 | lr=6.16e-05
[VAL] step 12800: bpb=1.3217
step  12900 | loss=4.1675 | lr=5.97e-05
step  13000 | loss=4.1727 | lr=5.79e-05
[VAL] step 13000: bpb=1.3201
step  13100 | loss=4.1663 | lr=5.61e-05
step  13200 | loss=4.1678 | lr=5.44e-05
[VAL] step 13200: bpb=1.3188
step  13300 | loss=4.1670 | lr=5.28e-05
step  13400 | loss=4.1719 | lr=5.11e-05
[VAL] step 13400: bpb=1.3168
step  13500 | loss=4.1714 | lr=4.96e-05
step  13600 | loss=4.1649 | lr=4.81e-05
[VAL] step 13600: bpb=1.3167
step  13700 | loss=4.1571 | lr=4.66e-05
step  13800 | loss=4.1565 | lr=4.53e-05
[VAL] step 13800: bpb=1.3167
step  13900 | loss=4.1528 | lr=4.39e-05
step  14000 | loss=4.1565 | lr=4.26e-05
[VAL] step 14000: bpb=1.3159
step  14100 | loss=4.1562 | lr=4.14e-05
step  14200 | loss=4.1621 | lr=4.03e-05
[VAL] step 14200: bpb=1.3144
step  14300 | loss=4.1580 | lr=3.92e-05
step  14400 | loss=4.1522 | lr=3.81e-05
[VAL] step 14400: bpb=1.3148
step  14500 | loss=4.1462 | lr=3.72e-05
step  14600 | loss=4.1442 | lr=3.62e-05
[VAL] step 14600: bpb=1.3134
step  14700 | loss=4.1369 | lr=3.54e-05
step  14800 | loss=4.1428 | lr=3.46e-05
[VAL] step 14800: bpb=1.3113
step  14900 | loss=4.1477 | lr=3.39e-05
step  15000 | loss=4.1489 | lr=3.32e-05
[VAL] step 15000: bpb=1.3120
step  15100 | loss=4.1393 | lr=3.26e-05
step  15200 | loss=4.1367 | lr=3.21e-05
[VAL] step 15200: bpb=1.3123
step  15300 | loss=4.1380 | lr=3.16e-05
step  15400 | loss=4.1477 | lr=3.12e-05
[VAL] step 15400: bpb=1.3119
step  15500 | loss=4.1414 | lr=3.08e-05
step  15600 | loss=4.1723 | lr=3.05e-05
[VAL] step 15600: bpb=1.3113
step  15700 | loss=4.1658 | lr=3.03e-05
step  15800 | loss=4.1597 | lr=3.01e-05
[VAL] step 15800: bpb=1.3110
step  15900 | loss=4.1353 | lr=3.00e-05
step  16000 | loss=4.1354 | lr=3.00e-05
[VAL] step 16000: bpb=1.3110
saved checkpoint -> /home/astarostin/projects/spiky/experiments/hyperplane_ffn/exp015_fixedanchor_small_70m/checkpoint.pt

=== DONE ===
{
  "exp_name": "exp015_fixedanchor_small_70m",
  "best_val_bpb": 1.310995691011367,
  "final_val_bpb": 1.310995691011367,
  "n_params": 60033074,
  "training_time_hours": 2.652
}
