Loading tokenizer from ~/.cache/nanochat/tokenizer
FIXED EVAL: bs48 x 100 steps, skip 12 rows (val window independent of device_batch_size=12)
[learned_margin] layer 0: init g=0.0 beta=2.0 gamma=1.0 (g FROZEN; beta, gamma learnable) gain=1.0
[learned_margin] layer 1: init g=0.0 beta=2.0 gamma=1.0 (g FROZEN; beta, gamma learnable) gain=1.0
[learned_margin] layer 2: init g=0.0 beta=2.0 gamma=1.0 (g FROZEN; beta, gamma learnable) gain=1.0
[learned_margin] layer 3: init g=0.0 beta=2.0 gamma=1.0 (g FROZEN; beta, gamma learnable) gain=1.0
[learned_margin] layer 4: init g=0.0 beta=2.0 gamma=1.0 (g FROZEN; beta, gamma learnable) gain=1.0
[learned_margin] layer 5: init g=0.0 beta=2.0 gamma=1.0 (g FROZEN; beta, gamma learnable) gain=1.0
MinimalGPT depth=6 dim=384 heads=6 seq=512 | ffn=compression tie=False | params=67,351,692
Tokens/micro-batch: 6,144 | grad_accum: 4 | effective batch: 24,576 tokens
wandb: [wandb.login()] Loaded credentials for http://<WANDB_HOST> from ~/.netrc.
wandb: Currently logged in as: <WANDB_ENTITY> to http://<WANDB_HOST>. Use `wandb login --relogin` to force relogin
wandb: Tracking run with wandb version 0.28.0
wandb: Run data is saved locally in ~/.cache/wandb/wandb/run-20260914_110808-exp_g_abl_19_B16k_light_lmfrozeng_hard_tph128_seed1_fix
wandb: Run `wandb offline` to turn off syncing.
wandb: Syncing run exp_g_abl_19_B16k_light_lmfrozeng_hard_tph128_seed1_fix
wandb: ⭐️ View project at http://<WANDB_HOST>/<WANDB_ENTITY>/Spiky
wandb: 🚀 View run at http://<WANDB_HOST>/<WANDB_ENTITY>/Spiky/runs/exp_g_abl_19_B16k_light_lmfrozeng_hard_tph128_seed1_fix
[wandb] online: run exp_g_abl_19_B16k_light_lmfrozeng_hard_tph128_seed1_fix -> ~/.cache/wandb/wandb/run-20260914_110808-exp_g_abl_19_B16k_light_lmfrozeng_hard_tph128_seed1_fix/files
step      1 | loss=10.4804 | lr=1.87e-07
step    100 | loss=10.1234 | lr=1.87e-05
step    200 | loss=9.3997 | lr=3.75e-05
step    300 | loss=8.4735 | lr=5.62e-05
step    400 | loss=7.6950 | lr=7.50e-05
step    500 | loss=7.1350 | lr=9.37e-05
[VAL] step 500: bpb=2.0361
step    600 | loss=6.7287 | lr=1.12e-04
step    700 | loss=6.4470 | lr=1.31e-04
step    800 | loss=6.2559 | lr=1.50e-04
step    900 | loss=6.0890 | lr=1.69e-04
step   1000 | loss=5.9574 | lr=1.87e-04
[VAL] step 1000: bpb=1.7792
step   1100 | loss=5.8332 | lr=2.06e-04
step   1200 | loss=5.7188 | lr=2.25e-04
step   1300 | loss=5.6152 | lr=2.44e-04
step   1400 | loss=5.5193 | lr=2.62e-04
step   1500 | loss=5.4305 | lr=2.81e-04
[VAL] step 1500: bpb=1.6358
step   1600 | loss=5.3615 | lr=3.00e-04
step   1700 | loss=5.2777 | lr=3.00e-04
step   1800 | loss=5.2037 | lr=3.00e-04
step   1900 | loss=5.1327 | lr=3.00e-04
step   2000 | loss=5.0768 | lr=2.99e-04
[VAL] step 2000: bpb=1.5351
step   2100 | loss=5.0206 | lr=2.99e-04
step   2200 | loss=4.9762 | lr=2.99e-04
step   2300 | loss=4.9352 | lr=2.98e-04
step   2400 | loss=4.8933 | lr=2.98e-04
step   2500 | loss=4.8484 | lr=2.97e-04
[VAL] step 2500: bpb=1.4720
step   2600 | loss=4.8041 | lr=2.97e-04
step   2700 | loss=4.7694 | lr=2.96e-04
step   2800 | loss=4.7267 | lr=2.95e-04
step   2900 | loss=4.6881 | lr=2.95e-04
step   3000 | loss=4.6592 | lr=2.94e-04
[VAL] step 3000: bpb=1.4182
step   3100 | loss=4.6383 | lr=2.93e-04
step   3200 | loss=4.6073 | lr=2.92e-04
step   3300 | loss=4.5693 | lr=2.91e-04
step   3400 | loss=4.5464 | lr=2.90e-04
step   3500 | loss=4.5156 | lr=2.89e-04
[VAL] step 3500: bpb=1.3772
step   3600 | loss=4.4931 | lr=2.87e-04
step   3700 | loss=4.4757 | lr=2.86e-04
step   3800 | loss=4.4703 | lr=2.85e-04
step   3900 | loss=4.4517 | lr=2.83e-04
step   4000 | loss=4.4327 | lr=2.82e-04
[VAL] step 4000: bpb=1.3507
[CKPT] step 4000: wrote checkpoint_step4000.pt
step   4100 | loss=4.4121 | lr=2.80e-04
step   4200 | loss=4.3949 | lr=2.79e-04
step   4300 | loss=4.3790 | lr=2.77e-04
step   4400 | loss=4.3674 | lr=2.76e-04
step   4500 | loss=4.3580 | lr=2.74e-04
[VAL] step 4500: bpb=1.3302
step   4600 | loss=4.3522 | lr=2.72e-04
step   4700 | loss=4.3361 | lr=2.70e-04
step   4800 | loss=4.3235 | lr=2.68e-04
step   4900 | loss=4.3100 | lr=2.66e-04
step   5000 | loss=4.3101 | lr=2.65e-04
[VAL] step 5000: bpb=1.3135
step   5100 | loss=4.2954 | lr=2.63e-04
step   5200 | loss=4.2991 | lr=2.60e-04
step   5300 | loss=4.3026 | lr=2.58e-04
step   5400 | loss=4.2991 | lr=2.56e-04
step   5500 | loss=4.2752 | lr=2.54e-04
[VAL] step 5500: bpb=1.3018
step   5600 | loss=4.2563 | lr=2.52e-04
step   5700 | loss=4.2423 | lr=2.49e-04
step   5800 | loss=4.2316 | lr=2.47e-04
step   5900 | loss=4.2223 | lr=2.45e-04
step   6000 | loss=4.2205 | lr=2.42e-04
[VAL] step 6000: bpb=1.2893
step   6100 | loss=4.2140 | lr=2.40e-04
step   6200 | loss=4.2100 | lr=2.38e-04
step   6300 | loss=4.1982 | lr=2.35e-04
step   6400 | loss=4.1928 | lr=2.32e-04
step   6500 | loss=4.1930 | lr=2.30e-04
[VAL] step 6500: bpb=1.2811
step   6600 | loss=4.1803 | lr=2.27e-04
step   6700 | loss=4.1781 | lr=2.25e-04
step   6800 | loss=4.1826 | lr=2.22e-04
step   6900 | loss=4.1698 | lr=2.19e-04
step   7000 | loss=4.1543 | lr=2.17e-04
[VAL] step 7000: bpb=1.2735
step   7100 | loss=4.1385 | lr=2.14e-04
step   7200 | loss=4.1322 | lr=2.11e-04
step   7300 | loss=4.1362 | lr=2.08e-04
step   7400 | loss=4.1372 | lr=2.06e-04
step   7500 | loss=4.1300 | lr=2.03e-04
[VAL] step 7500: bpb=1.2662
step   7600 | loss=4.1214 | lr=2.00e-04
step   7700 | loss=4.1069 | lr=1.97e-04
step   7800 | loss=4.1060 | lr=1.94e-04
step   7900 | loss=4.1043 | lr=1.91e-04
step   8000 | loss=4.0995 | lr=1.88e-04
[VAL] step 8000: bpb=1.2608
[CKPT] step 8000: wrote checkpoint_step8000.pt
step   8100 | loss=4.0940 | lr=1.86e-04
step   8200 | loss=4.0971 | lr=1.83e-04
step   8300 | loss=4.0990 | lr=1.80e-04
step   8400 | loss=4.0845 | lr=1.77e-04
step   8500 | loss=4.0734 | lr=1.74e-04
[VAL] step 8500: bpb=1.2545
step   8600 | loss=4.0706 | lr=1.71e-04
step   8700 | loss=4.0633 | lr=1.68e-04
step   8800 | loss=4.0608 | lr=1.65e-04
step   8900 | loss=4.0616 | lr=1.62e-04
step   9000 | loss=4.0679 | lr=1.59e-04
[VAL] step 9000: bpb=1.2497
step   9100 | loss=4.0541 | lr=1.56e-04
step   9200 | loss=4.0523 | lr=1.53e-04
step   9300 | loss=4.0416 | lr=1.50e-04
step   9400 | loss=4.0376 | lr=1.47e-04
step   9500 | loss=4.0311 | lr=1.44e-04
[VAL] step 9500: bpb=1.2441
step   9600 | loss=4.0343 | lr=1.42e-04
step   9700 | loss=4.0321 | lr=1.39e-04
step   9800 | loss=4.0384 | lr=1.36e-04
step   9900 | loss=4.0247 | lr=1.33e-04
step  10000 | loss=4.0193 | lr=1.30e-04
[VAL] step 10000: bpb=1.2399
step  10100 | loss=4.0162 | lr=1.27e-04
step  10200 | loss=4.0161 | lr=1.24e-04
step  10300 | loss=4.0077 | lr=1.22e-04
step  10400 | loss=4.0292 | lr=1.19e-04
step  10500 | loss=4.0295 | lr=1.16e-04
[VAL] step 10500: bpb=1.2358
step  10600 | loss=4.0337 | lr=1.13e-04
step  10700 | loss=4.0005 | lr=1.11e-04
step  10800 | loss=3.9985 | lr=1.08e-04
step  10900 | loss=3.9908 | lr=1.05e-04
step  11000 | loss=3.9744 | lr=1.03e-04
[VAL] step 11000: bpb=1.2321
step  11100 | loss=3.9786 | lr=1.00e-04
step  11200 | loss=3.9799 | lr=9.75e-05
step  11300 | loss=3.9793 | lr=9.50e-05
step  11400 | loss=3.9807 | lr=9.25e-05
step  11500 | loss=3.9650 | lr=9.00e-05
[VAL] step 11500: bpb=1.2275
step  11600 | loss=3.9668 | lr=8.76e-05
step  11700 | loss=3.9718 | lr=8.52e-05
step  11800 | loss=3.9662 | lr=8.28e-05
step  11900 | loss=3.9676 | lr=8.05e-05
step  12000 | loss=3.9629 | lr=7.82e-05
[VAL] step 12000: bpb=1.2250
[CKPT] step 12000: wrote checkpoint_step12000.pt
step  12100 | loss=3.9582 | lr=7.60e-05
step  12200 | loss=3.9456 | lr=7.38e-05
step  12300 | loss=3.9384 | lr=7.16e-05
step  12400 | loss=3.9383 | lr=6.95e-05
step  12500 | loss=3.9408 | lr=6.75e-05
[VAL] step 12500: bpb=1.2223
step  12600 | loss=3.9381 | lr=6.55e-05
step  12700 | loss=3.9395 | lr=6.35e-05
step  12800 | loss=3.9326 | lr=6.16e-05
step  12900 | loss=3.9233 | lr=5.97e-05
step  13000 | loss=3.9283 | lr=5.79e-05
[VAL] step 13000: bpb=1.2198
step  13100 | loss=3.9187 | lr=5.61e-05
step  13200 | loss=3.9202 | lr=5.44e-05
step  13300 | loss=3.9195 | lr=5.28e-05
step  13400 | loss=3.9246 | lr=5.11e-05
step  13500 | loss=3.9245 | lr=4.96e-05
[VAL] step 13500: bpb=1.2174
step  13600 | loss=3.9157 | lr=4.81e-05
step  13700 | loss=3.9071 | lr=4.66e-05
step  13800 | loss=3.9072 | lr=4.53e-05
step  13900 | loss=3.9022 | lr=4.39e-05
step  14000 | loss=3.9055 | lr=4.26e-05
[VAL] step 14000: bpb=1.2149
step  14100 | loss=3.9060 | lr=4.14e-05
step  14200 | loss=3.9114 | lr=4.03e-05
step  14300 | loss=3.9063 | lr=3.92e-05
step  14400 | loss=3.9008 | lr=3.81e-05
step  14500 | loss=3.8933 | lr=3.72e-05
[VAL] step 14500: bpb=1.2133
step  14600 | loss=3.8905 | lr=3.62e-05
step  14700 | loss=3.8845 | lr=3.54e-05
step  14800 | loss=3.8919 | lr=3.46e-05
step  14900 | loss=3.8958 | lr=3.39e-05
step  15000 | loss=3.8967 | lr=3.32e-05
[VAL] step 15000: bpb=1.2124
step  15100 | loss=3.8878 | lr=3.26e-05
step  15200 | loss=3.8848 | lr=3.21e-05
step  15300 | loss=3.8864 | lr=3.16e-05
step  15400 | loss=3.8937 | lr=3.12e-05
step  15500 | loss=3.8877 | lr=3.08e-05
[VAL] step 15500: bpb=1.2107
step  15600 | loss=3.9185 | lr=3.05e-05
step  15700 | loss=3.9124 | lr=3.03e-05
step  15800 | loss=3.9065 | lr=3.01e-05
step  15900 | loss=3.8818 | lr=3.00e-05
step  16000 | loss=3.8841 | lr=3.00e-05
[VAL] step 16000: bpb=1.2104

=== DONE ===
{
  "exp_name": "exp_g_abl_19_B16k_light_lmfrozeng_hard_tph128_seed1_fix",
  "best_val_bpb": 1.2103564662468278,
  "final_val_bpb": 1.2103564662468278,
  "total_params": 67351692,
  "training_time_hours": 0.94,
  "eval_protocol": {
    "eval_batch_size": 48,
    "eval_steps": 100,
    "skip_rows": 12,
    "batch_size_independent": true
  },
  "learned_confidence": {
    "form": "learned_margin",
    "score": "exp(g) * sum|d| * prod sigmoid(beta |d|) ** gamma",
    "init_per_layer": [
      {
        "g": 0.0,
        "beta": 2.0,
        "gamma": 1.0
      },
      {
        "g": 0.0,
        "beta": 2.0,
        "gamma": 1.0
      },
      {
        "g": 0.0,
        "beta": 2.0,
        "gamma": 1.0
      },
      {
        "g": 0.0,
        "beta": 2.0,
        "gamma": 1.0
      },
      {
        "g": 0.0,
        "beta": 2.0,
        "gamma": 1.0
      },
      {
        "g": 0.0,
        "beta": 2.0,
        "gamma": 1.0
      }
    ],
    "final_per_layer": [
      {
        "g": 0.0,
        "beta": 1.023551344871521,
        "gamma": 4.329270362854004
      },
      {
        "g": 0.0,
        "beta": 2.8766162395477295,
        "gamma": 4.4629034996032715
      },
      {
        "g": 0.0,
        "beta": 3.408613920211792,
        "gamma": 4.13124942779541
      },
      {
        "g": 0.0,
        "beta": 3.5374276638031006,
        "gamma": 4.370677947998047
      },
      {
        "g": 0.0,
        "beta": 3.365229368209839,
        "gamma": 5.004342079162598
      },
      {
        "g": 0.0,
        "beta": 2.4039721488952637,
        "gamma": 2.64188551902771
      }
    ]
  }
}
wandb: 
wandb: Run history:
wandb: lm_beta_L0 ███▆▅▃▂▂▁▁▁▁▁▁▁▁▁▁▁▁▁▁▁▁▁▁▁▁▁▁▁▁
wandb: lm_beta_L1 ▁▁▂▂▃▄▄▄▅▅▅▅▆▆▆▆▇▇▇▇▇▇██████████
wandb: lm_beta_L2 ▁▁▂▃▄▄▅▅▆▆▆▇▇▇▇▇▇▇▇▇▇███████████
wandb: lm_beta_L3 ▁▁▂▃▄▄▄▄▅▅▅▅▅▅▆▆▆▆▆▇▇▇▇▇▇▇██████
wandb: lm_beta_L4 ▁▁▂▃▄▅▆▇▇▇▇▇▇▇▇▇▇▇▇▇▇▇██████████
wandb: lm_beta_L5 ▁▁▃▄▅▆▇█████▇▇▇▇▆▆▆▆▆▆▆▅▅▅▅▅▅▅▅▅
wandb:    lm_g_L0 ▁▁▁▁▁▁▁▁▁▁▁▁▁▁▁▁▁▁▁▁▁▁▁▁▁▁▁▁▁▁▁▁
wandb:    lm_g_L1 ▁▁▁▁▁▁▁▁▁▁▁▁▁▁▁▁▁▁▁▁▁▁▁▁▁▁▁▁▁▁▁▁
wandb:    lm_g_L2 ▁▁▁▁▁▁▁▁▁▁▁▁▁▁▁▁▁▁▁▁▁▁▁▁▁▁▁▁▁▁▁▁
wandb:    lm_g_L3 ▁▁▁▁▁▁▁▁▁▁▁▁▁▁▁▁▁▁▁▁▁▁▁▁▁▁▁▁▁▁▁▁
wandb:        +39 ...
wandb: 
wandb: Run summary:
wandb:  best_val_bpb 1.21036
wandb:      exp_name exp_g_abl_19_B16k_li...
wandb: final_val_bpb 1.21036
wandb:    lm_beta_L0 1.02355
wandb:    lm_beta_L1 2.87662
wandb:    lm_beta_L2 3.40861
wandb:    lm_beta_L3 3.53743
wandb:    lm_beta_L4 3.36523
wandb:    lm_beta_L5 2.40397
wandb:       lm_g_L0 0
wandb:           +44 ...
wandb: 
wandb: 🚀 View run exp_g_abl_19_B16k_light_lmfrozeng_hard_tph128_seed1_fix at: http://<WANDB_HOST>/<WANDB_ENTITY>/Spiky/runs/exp_g_abl_19_B16k_light_lmfrozeng_hard_tph128_seed1_fix
wandb: ⭐️ View project at: http://<WANDB_HOST>/<WANDB_ENTITY>/Spiky
wandb: Synced 5 W&B file(s), 0 media file(s), 0 artifact file(s) and 0 other file(s)
wandb: Find logs at: ~/.cache/wandb/wandb/run-20260914_110808-exp_g_abl_19_B16k_light_lmfrozeng_hard_tph128_seed1_fix/logs
[wandb] finished in 0.1s
