Loading tokenizer from /home/starost/.cache/nanochat/tokenizer
Vocab size: 32768, BOS id: 32759
Building model:
Total params (all fp32): 108,173,318
Q/K Joint SparseLut: in_nap=10 tph=768 n_sparse=1 -> 2*d_qk=64 (per head, H=6)
V SparseLut:         in_nap=10 tph=768 n_sparse=1 -> d_v=64 (per head, H=6)
out_proj SparseLut:  in_nap=10 tph=4096 n_sparse=1 -> E=384
Residual:        classic skip connection (out_real + x), no residual_lut
Unembedder:      LN(384) -> Linear(384,VOCAB)
Tokens/micro-batch: 4,096 | grad_accum: 1 | effective batch: 4,096 tokens
step      1 | loss=10.5760 | lr=3.75e-07
step    100 | loss=10.4591 | lr=3.75e-05
step    200 | loss=9.5149 | lr=7.50e-05
[VAL] step 200: bpb=2.5080
step    300 | loss=8.3612 | lr=1.12e-04
step    400 | loss=7.7296 | lr=1.50e-04
[VAL] step 400: bpb=2.2232
step    500 | loss=7.3239 | lr=1.87e-04
step    600 | loss=7.0882 | lr=2.25e-04
[VAL] step 600: bpb=2.1030
step    700 | loss=6.9144 | lr=2.62e-04
step    800 | loss=6.7731 | lr=3.00e-04
[VAL] step 800: bpb=2.0383
step    900 | loss=6.6692 | lr=3.00e-04
step   1000 | loss=6.5939 | lr=2.99e-04
[VAL] step 1000: bpb=1.9934
step   1100 | loss=6.5342 | lr=2.99e-04
step   1200 | loss=6.4852 | lr=2.98e-04
[VAL] step 1200: bpb=1.9661
step   1300 | loss=6.4229 | lr=2.97e-04
step   1400 | loss=6.3969 | lr=2.95e-04
[VAL] step 1400: bpb=1.9465
step   1500 | loss=6.3668 | lr=2.94e-04
step   1600 | loss=6.3091 | lr=2.92e-04
[VAL] step 1600: bpb=1.9260
step   1700 | loss=6.2888 | lr=2.90e-04
step   1800 | loss=6.2665 | lr=2.87e-04
[VAL] step 1800: bpb=1.9125
step   1900 | loss=6.2446 | lr=2.85e-04
step   2000 | loss=6.2142 | lr=2.82e-04
[VAL] step 2000: bpb=1.8991
step   2100 | loss=6.1766 | lr=2.79e-04
step   2200 | loss=6.1576 | lr=2.76e-04
[VAL] step 2200: bpb=1.8863
step   2300 | loss=6.1386 | lr=2.72e-04
step   2400 | loss=6.1295 | lr=2.68e-04
[VAL] step 2400: bpb=1.8762
step   2500 | loss=6.1105 | lr=2.65e-04
step   2600 | loss=6.0984 | lr=2.60e-04
[VAL] step 2600: bpb=1.8629
step   2700 | loss=6.0664 | lr=2.56e-04
step   2800 | loss=6.0539 | lr=2.52e-04
[VAL] step 2800: bpb=1.8529
step   2900 | loss=6.0318 | lr=2.47e-04
step   3000 | loss=6.0218 | lr=2.42e-04
[VAL] step 3000: bpb=1.8449
step   3100 | loss=6.0091 | lr=2.38e-04
step   3200 | loss=5.9985 | lr=2.32e-04
[VAL] step 3200: bpb=1.8338
step   3300 | loss=5.9881 | lr=2.27e-04
step   3400 | loss=5.9553 | lr=2.22e-04
[VAL] step 3400: bpb=1.8287
step   3500 | loss=5.9469 | lr=2.17e-04
step   3600 | loss=5.9540 | lr=2.11e-04
[VAL] step 3600: bpb=1.8245
step   3700 | loss=5.9321 | lr=2.06e-04
step   3800 | loss=5.9255 | lr=2.00e-04
[VAL] step 3800: bpb=1.8181
step   3900 | loss=5.9016 | lr=1.94e-04
step   4000 | loss=5.8895 | lr=1.88e-04
[VAL] step 4000: bpb=1.8108
step   4100 | loss=5.9162 | lr=1.83e-04
step   4200 | loss=5.8921 | lr=1.77e-04
[VAL] step 4200: bpb=1.8069
step   4300 | loss=5.8931 | lr=1.71e-04
step   4400 | loss=5.8828 | lr=1.65e-04
[VAL] step 4400: bpb=1.8032
step   4500 | loss=5.8719 | lr=1.59e-04
step   4600 | loss=5.8623 | lr=1.53e-04
[VAL] step 4600: bpb=1.7975
step   4700 | loss=5.8646 | lr=1.47e-04
step   4800 | loss=5.8633 | lr=1.42e-04
[VAL] step 4800: bpb=1.7936
step   4900 | loss=5.8394 | lr=1.36e-04
step   5000 | loss=5.8367 | lr=1.30e-04
[VAL] step 5000: bpb=1.7888
step   5100 | loss=5.8260 | lr=1.24e-04
step   5200 | loss=5.8115 | lr=1.19e-04
[VAL] step 5200: bpb=1.7859
step   5300 | loss=5.7987 | lr=1.13e-04
step   5400 | loss=5.7861 | lr=1.08e-04
[VAL] step 5400: bpb=1.7821
step   5500 | loss=5.7926 | lr=1.03e-04
