Loading tokenizer from /home/starost/.cache/nanochat/tokenizer
Vocab size: 32768, BOS id: 32759
Total params (all fp32): 358,420,266
Q/K Joint TinyMHLut(soft): in_nap=6 tph=256 d_qk=64 (n_outputs=2*d_qk=128) init_std=0.001 T_soft=0.5 T_sel=0.5 [no V2D, q_norm+k_norm -> SDPA]
V TinyMHLut(soft):       in_nap=8 tph=256 d_v=32 (n_outputs=d_v)
out_proj TinyMHLut(soft): in_nap=6 tph=[2048, 2048, 1024, 1024, 1024, 1024] (n_outputs=E=96) + out_v2d/out_d2v
V2D out:         init_T=0.1 learnable=True
Attention:       SDPA (causal); plain default 1/sqrt(d_qk=64)=0.1250, no learnable attn_scale
Tracking 42 learnable temperatures in temperatures.csv
Tokens/micro-batch: 4,096 | grad_accum: 1 | effective batch: 4,096 tokens
/home/starost/spiky/.venv/lib/python3.12/site-packages/torch/_inductor/compile_fx.py:236: UserWarning: TensorFloat32 tensor cores for float32 matrix multiplication available but not enabled. Consider setting `torch.set_float32_matmul_precision('high')` for better performance.
  warnings.warn(
step      1 | loss=10.4110 | lr=3.75e-07
step    100 | loss=9.3664 | lr=3.75e-05
step    200 | loss=8.2377 | lr=7.50e-05
W0510 23:01:38.407000 3036446 torch/_dynamo/convert_frame.py:964] [0/8] torch._dynamo hit config.recompile_limit (8)
W0510 23:01:38.407000 3036446 torch/_dynamo/convert_frame.py:964] [0/8]    function: '_soft_lut_fwd_body' (/home/starost/spiky/src/spiky/lutorch/tiny_multi_head_lut.py:350)
W0510 23:01:38.407000 3036446 torch/_dynamo/convert_frame.py:964] [0/8]    last reason: 0/7: tensor 'weights' size mismatch at index 0. expected 1536, actual 1024. Guard failed on a parameter, consider using torch._dynamo.config.force_parameter_static_shapes = False to allow dynamism on parameters.
W0510 23:01:38.407000 3036446 torch/_dynamo/convert_frame.py:964] [0/8] To log all recompilation reasons, use TORCH_LOGS="recompiles".
W0510 23:01:38.407000 3036446 torch/_dynamo/convert_frame.py:964] [0/8] To diagnose recompilation issues, see https://pytorch.org/docs/main/torch.compiler_troubleshooting.html.
[VAL] step 200: bpb=2.3113
step    300 | loss=7.6323 | lr=1.12e-04
step    400 | loss=7.1682 | lr=1.50e-04
[VAL] step 400: bpb=2.0869
step    500 | loss=6.8748 | lr=1.87e-04
step    600 | loss=6.7295 | lr=2.25e-04
[VAL] step 600: bpb=2.0155
step    700 | loss=6.6244 | lr=2.62e-04
step    800 | loss=6.5238 | lr=3.00e-04
[VAL] step 800: bpb=1.9740
step    900 | loss=6.4352 | lr=3.00e-04
step   1000 | loss=6.3492 | lr=2.99e-04
[VAL] step 1000: bpb=1.9197
step   1100 | loss=6.2729 | lr=2.99e-04
step   1200 | loss=6.2039 | lr=2.98e-04
[VAL] step 1200: bpb=1.8781
step   1300 | loss=6.1296 | lr=2.97e-04
step   1400 | loss=6.0959 | lr=2.95e-04
[VAL] step 1400: bpb=1.8488
step   1500 | loss=6.0539 | lr=2.94e-04
step   1600 | loss=5.9838 | lr=2.92e-04
[VAL] step 1600: bpb=1.8257
step   1700 | loss=5.9591 | lr=2.90e-04
step   1800 | loss=5.9284 | lr=2.87e-04
[VAL] step 1800: bpb=1.8022
step   1900 | loss=5.8945 | lr=2.85e-04
step   2000 | loss=5.8627 | lr=2.82e-04
[VAL] step 2000: bpb=1.7869
step   2100 | loss=5.8138 | lr=2.79e-04
step   2200 | loss=5.7936 | lr=2.76e-04
[VAL] step 2200: bpb=1.7754
step   2300 | loss=5.7716 | lr=2.72e-04
step   2400 | loss=5.7669 | lr=2.68e-04
[VAL] step 2400: bpb=1.7597
step   2500 | loss=5.7442 | lr=2.65e-04
step   2600 | loss=5.7265 | lr=2.60e-04
[VAL] step 2600: bpb=1.7449
step   2700 | loss=5.6922 | lr=2.56e-04
step   2800 | loss=5.6810 | lr=2.52e-04
[VAL] step 2800: bpb=1.7361
step   2900 | loss=5.6543 | lr=2.47e-04
step   3000 | loss=5.6401 | lr=2.42e-04
[VAL] step 3000: bpb=1.7267
step   3100 | loss=5.6229 | lr=2.38e-04
step   3200 | loss=5.6116 | lr=2.32e-04
[VAL] step 3200: bpb=1.7144
step   3300 | loss=5.6004 | lr=2.27e-04
step   3400 | loss=5.5644 | lr=2.22e-04
[VAL] step 3400: bpb=1.7089
step   3500 | loss=5.5529 | lr=2.17e-04
step   3600 | loss=5.5619 | lr=2.11e-04
[VAL] step 3600: bpb=1.7057
step   3700 | loss=5.5330 | lr=2.06e-04
step   3800 | loss=5.5239 | lr=2.00e-04
[VAL] step 3800: bpb=1.6951
step   3900 | loss=5.4997 | lr=1.94e-04
step   4000 | loss=5.4792 | lr=1.88e-04
[VAL] step 4000: bpb=1.6874
step   4100 | loss=5.5098 | lr=1.83e-04
step   4200 | loss=5.4817 | lr=1.77e-04
[VAL] step 4200: bpb=1.6822
step   4300 | loss=5.4858 | lr=1.71e-04
