Loading tokenizer from /home/starost/.cache/nanochat/tokenizer
Vocab size: 32768, BOS id: 32759
V2DSDPATransformer: depth=6, E=384, H=6, E_H=64, D=3297, seq_len=512
LUT: nap=6 (2^nap=64 cells), tph=1536, n_sparse=32, n_alt=1, smooth=False
Params: 86,897,664
AdamW groups: decay=49,134,336 lut_nodecay=37,748,736 nodecay=14,592
Tokens/micro-batch: 4,096 | grad_accum: 1 | effective batch: 4,096 tokens
step      1 | loss=10.4621 | lr=3.75e-07
step    100 | loss=9.9475 | lr=3.75e-05
step    200 | loss=8.9157 | lr=7.50e-05
[VAL] step 200: bpb=2.3910
step    300 | loss=7.9857 | lr=1.12e-04
step    400 | loss=7.4533 | lr=1.50e-04
[VAL] step 400: bpb=2.1563
step    500 | loss=7.1003 | lr=1.87e-04
step    600 | loss=6.9117 | lr=2.25e-04
[VAL] step 600: bpb=2.0592
step    700 | loss=6.7845 | lr=2.62e-04
step    800 | loss=6.6828 | lr=3.00e-04
[VAL] step 800: bpb=2.0193
step    900 | loss=6.6122 | lr=3.00e-04
step   1000 | loss=6.5628 | lr=2.99e-04
[VAL] step 1000: bpb=1.9898
step   1100 | loss=6.5251 | lr=2.99e-04
step   1200 | loss=6.4922 | lr=2.98e-04
[VAL] step 1200: bpb=1.9687
step   1300 | loss=6.4471 | lr=2.97e-04
step   1400 | loss=6.4354 | lr=2.95e-04
[VAL] step 1400: bpb=1.9567
step   1500 | loss=6.4179 | lr=2.94e-04
step   1600 | loss=6.3728 | lr=2.92e-04
[VAL] step 1600: bpb=1.9464
step   1700 | loss=6.3622 | lr=2.90e-04
step   1800 | loss=6.3510 | lr=2.87e-04
[VAL] step 1800: bpb=1.9383
step   1900 | loss=6.3397 | lr=2.85e-04
