Loading tokenizer from /home/starost/.cache/nanochat/tokenizer
Vocab size: 32768, BOS id: 32759
Building model:
Total params (all fp32): 99,389,446
Q/K Joint SparseLut: in_nap=8 tph=384 n_sparse=8 -> 2*d_qk=84 (per head, H=6)
V SparseLut:         in_nap=8 tph=384 n_sparse=8 -> d_v=42 (per head, H=6)
out_proj SparseLut:  in_nap=8 tph=2048 n_sparse=8 -> E=256
Residual:        classic skip connection (out_real + x), no residual_lut
Unembedder:      LN(256) -> Linear(256,VOCAB)
Tokens/micro-batch: 4,096 | grad_accum: 1 | effective batch: 4,096 tokens
step      1 | loss=10.5696 | lr=3.75e-07
step    100 | loss=10.2536 | lr=3.75e-05
step    200 | loss=9.3808 | lr=7.50e-05
[VAL] step 200: bpb=2.5733
step    300 | loss=8.3963 | lr=1.12e-04
step    400 | loss=7.7927 | lr=1.50e-04
[VAL] step 400: bpb=2.2615
step    500 | loss=7.4318 | lr=1.87e-04
step    600 | loss=7.2102 | lr=2.25e-04
[VAL] step 600: bpb=2.1425
step    700 | loss=7.0451 | lr=2.62e-04
step    800 | loss=6.9063 | lr=3.00e-04
[VAL] step 800: bpb=2.0769
step    900 | loss=6.8018 | lr=3.00e-04
step   1000 | loss=6.7256 | lr=2.99e-04
[VAL] step 1000: bpb=2.0359
step   1100 | loss=6.6631 | lr=2.99e-04
step   1200 | loss=6.6107 | lr=2.98e-04
[VAL] step 1200: bpb=2.0036
step   1300 | loss=6.5460 | lr=2.97e-04
step   1400 | loss=6.5206 | lr=2.95e-04
[VAL] step 1400: bpb=1.9798
step   1500 | loss=6.4857 | lr=2.94e-04
step   1600 | loss=6.4245 | lr=2.92e-04
[VAL] step 1600: bpb=1.9631
step   1700 | loss=6.3992 | lr=2.90e-04
step   1800 | loss=6.3718 | lr=2.87e-04
[VAL] step 1800: bpb=1.9421
step   1900 | loss=6.3489 | lr=2.85e-04
step   2000 | loss=6.3190 | lr=2.82e-04
[VAL] step 2000: bpb=1.9276
step   2100 | loss=6.2736 | lr=2.79e-04
step   2200 | loss=6.2458 | lr=2.76e-04
[VAL] step 2200: bpb=1.9111
step   2300 | loss=6.2158 | lr=2.72e-04
step   2400 | loss=6.1993 | lr=2.68e-04
[VAL] step 2400: bpb=1.8914
step   2500 | loss=6.1738 | lr=2.65e-04
step   2600 | loss=6.1552 | lr=2.60e-04
[VAL] step 2600: bpb=1.8748
step   2700 | loss=6.1195 | lr=2.56e-04
step   2800 | loss=6.1015 | lr=2.52e-04
[VAL] step 2800: bpb=1.8615
step   2900 | loss=6.0690 | lr=2.47e-04
step   3000 | loss=6.0553 | lr=2.42e-04
[VAL] step 3000: bpb=1.8525
step   3100 | loss=6.0395 | lr=2.38e-04
step   3200 | loss=6.0203 | lr=2.32e-04
[VAL] step 3200: bpb=1.8351
step   3300 | loss=6.0054 | lr=2.27e-04
step   3400 | loss=5.9659 | lr=2.22e-04
[VAL] step 3400: bpb=1.8295
step   3500 | loss=5.9533 | lr=2.17e-04
step   3600 | loss=5.9543 | lr=2.11e-04
[VAL] step 3600: bpb=1.8176
step   3700 | loss=5.9297 | lr=2.06e-04
step   3800 | loss=5.9152 | lr=2.00e-04
[VAL] step 3800: bpb=1.8122
step   3900 | loss=5.8922 | lr=1.94e-04
step   4000 | loss=5.8711 | lr=1.88e-04
[VAL] step 4000: bpb=1.8019
step   4100 | loss=5.8961 | lr=1.83e-04
step   4200 | loss=5.8666 | lr=1.77e-04
[VAL] step 4200: bpb=1.7954
step   4300 | loss=5.8659 | lr=1.71e-04
step   4400 | loss=5.8502 | lr=1.65e-04
[VAL] step 4400: bpb=1.7891
step   4500 | loss=5.8354 | lr=1.59e-04
step   4600 | loss=5.8229 | lr=1.53e-04
[VAL] step 4600: bpb=1.7830
step   4700 | loss=5.8224 | lr=1.47e-04
step   4800 | loss=5.8182 | lr=1.42e-04
[VAL] step 4800: bpb=1.7765
step   4900 | loss=5.7952 | lr=1.36e-04
step   5000 | loss=5.7864 | lr=1.30e-04
[VAL] step 5000: bpb=1.7715
step   5100 | loss=5.7706 | lr=1.24e-04
step   5200 | loss=5.7551 | lr=1.19e-04
[VAL] step 5200: bpb=1.7641
step   5300 | loss=5.7427 | lr=1.13e-04
step   5400 | loss=5.7256 | lr=1.08e-04
[VAL] step 5400: bpb=1.7606
step   5500 | loss=5.7280 | lr=1.03e-04
step   5600 | loss=5.7430 | lr=9.75e-05
[VAL] step 5600: bpb=1.7558
step   5700 | loss=5.7263 | lr=9.25e-05
step   5800 | loss=5.7161 | lr=8.76e-05
[VAL] step 5800: bpb=1.7534
step   5900 | loss=5.7215 | lr=8.28e-05
step   6000 | loss=5.7048 | lr=7.82e-05
[VAL] step 6000: bpb=1.7499
step   6100 | loss=5.6962 | lr=7.38e-05
step   6200 | loss=5.6919 | lr=6.95e-05
[VAL] step 6200: bpb=1.7475
step   6300 | loss=5.6951 | lr=6.55e-05
step   6400 | loss=5.6788 | lr=6.16e-05
[VAL] step 6400: bpb=1.7435
step   6500 | loss=5.6706 | lr=5.79e-05
step   6600 | loss=5.6764 | lr=5.44e-05
[VAL] step 6600: bpb=1.7411
step   6700 | loss=5.6723 | lr=5.11e-05
step   6800 | loss=5.6620 | lr=4.81e-05
[VAL] step 6800: bpb=1.7382
step   6900 | loss=5.6629 | lr=4.53e-05
step   7000 | loss=5.6629 | lr=4.26e-05
[VAL] step 7000: bpb=1.7366
step   7100 | loss=5.6564 | lr=4.03e-05
step   7200 | loss=5.6606 | lr=3.81e-05
[VAL] step 7200: bpb=1.7352
step   7300 | loss=5.6472 | lr=3.62e-05
step   7400 | loss=5.6567 | lr=3.46e-05
[VAL] step 7400: bpb=1.7337
step   7500 | loss=5.6466 | lr=3.32e-05
step   7600 | loss=5.6378 | lr=3.21e-05
[VAL] step 7600: bpb=1.7322
step   7700 | loss=5.6294 | lr=3.12e-05
step   7800 | loss=5.6423 | lr=3.05e-05
[VAL] step 7800: bpb=1.7313
step   7900 | loss=5.6408 | lr=3.01e-05
step   8000 | loss=5.6328 | lr=3.00e-05
[VAL] step 8000: bpb=1.7300

=== DONE ===
{
  "exp_name": "exp099_qkv_sparse",
  "best_val_bpb": 1.7299505649159628,
  "final_val_bpb": 1.7299505649159628,
  "n_params": 99389446,
  "training_time_hours": 0.664
}
