Loading tokenizer from /home/starost/.cache/nanochat/tokenizer
Vocab size: 32768, BOS id: 32759
bit LUTs: 12
Adam-managed parameters: 52,684,044
Q/K Joint MultiHeadLut: in_nap=5 tph=512 d_qk=32 P_qk=496 (fp32, smooth_mode=True)
V BitPermLUT:   in_nap=5 out_nap=16 tph=512 d_v=16 P_v=120
Out BitPermLUT: in_nap=8 out_nap=32 tph=[4096, 4096, 2048, 2048, 2048, 2048]
Tokens/micro-batch: 4,096 | grad_accum: 1 | effective batch: 4,096 tokens
step      1 | loss=10.4265 | lr=3.75e-07
step    100 | loss=10.2691 | lr=3.75e-05
step    200 | loss=9.7299 | lr=7.50e-05
[VAL] step 200: bpb=2.7107
step    300 | loss=8.5500 | lr=1.12e-04
step    400 | loss=7.7345 | lr=1.50e-04
[VAL] step 400: bpb=2.1964
step    500 | loss=7.2760 | lr=1.87e-04
step    600 | loss=7.0578 | lr=2.25e-04
[VAL] step 600: bpb=2.1012
step    700 | loss=6.9171 | lr=2.62e-04
step    800 | loss=6.8120 | lr=3.00e-04
[VAL] step 800: bpb=2.0569
step    900 | loss=6.7363 | lr=3.00e-04
step   1000 | loss=6.6831 | lr=2.99e-04
[VAL] step 1000: bpb=2.0288
step   1100 | loss=6.6398 | lr=2.99e-04
step   1200 | loss=6.6021 | lr=2.98e-04
[VAL] step 1200: bpb=2.0021
step   1300 | loss=6.5537 | lr=2.97e-04
step   1400 | loss=6.5384 | lr=2.95e-04
[VAL] step 1400: bpb=1.9889
step   1500 | loss=6.5164 | lr=2.94e-04
step   1600 | loss=6.4687 | lr=2.92e-04
[VAL] step 1600: bpb=1.9758
step   1700 | loss=6.4560 | lr=2.90e-04
step   1800 | loss=6.4455 | lr=2.87e-04
[VAL] step 1800: bpb=1.9659
step   1900 | loss=6.4332 | lr=2.85e-04
step   2000 | loss=6.4170 | lr=2.82e-04
[VAL] step 2000: bpb=1.9581
step   2100 | loss=6.3927 | lr=2.79e-04
step   2200 | loss=6.3828 | lr=2.76e-04
[VAL] step 2200: bpb=1.9532
step   2300 | loss=6.3665 | lr=2.72e-04
step   2400 | loss=6.3633 | lr=2.68e-04
[VAL] step 2400: bpb=1.9433
step   2500 | loss=6.3565 | lr=2.65e-04
step   2600 | loss=6.3553 | lr=2.60e-04
[VAL] step 2600: bpb=1.9371
step   2700 | loss=6.3264 | lr=2.56e-04
step   2800 | loss=6.3267 | lr=2.52e-04
[VAL] step 2800: bpb=1.9341
step   2900 | loss=6.3107 | lr=2.47e-04
step   3000 | loss=6.3089 | lr=2.42e-04
[VAL] step 3000: bpb=1.9282
step   3100 | loss=6.2993 | lr=2.38e-04
step   3200 | loss=6.2949 | lr=2.32e-04
[VAL] step 3200: bpb=1.9213
step   3300 | loss=6.2891 | lr=2.27e-04
step   3400 | loss=6.2626 | lr=2.22e-04
[VAL] step 3400: bpb=1.9183
step   3500 | loss=6.2595 | lr=2.17e-04
step   3600 | loss=6.2696 | lr=2.11e-04
[VAL] step 3600: bpb=1.9157
step   3700 | loss=6.2579 | lr=2.06e-04
step   3800 | loss=6.2532 | lr=2.00e-04
[VAL] step 3800: bpb=1.9127
step   3900 | loss=6.2337 | lr=1.94e-04
step   4000 | loss=6.2289 | lr=1.88e-04
[VAL] step 4000: bpb=1.9084
step   4100 | loss=6.2560 | lr=1.83e-04
step   4200 | loss=6.2330 | lr=1.77e-04
[VAL] step 4200: bpb=1.9051
step   4300 | loss=6.2383 | lr=1.71e-04
step   4400 | loss=6.2275 | lr=1.65e-04
[VAL] step 4400: bpb=1.9026
step   4500 | loss=6.2269 | lr=1.59e-04
step   4600 | loss=6.2177 | lr=1.53e-04
[VAL] step 4600: bpb=1.8999
step   4700 | loss=6.2272 | lr=1.47e-04
step   4800 | loss=6.2280 | lr=1.42e-04
[VAL] step 4800: bpb=1.8986
step   4900 | loss=6.2063 | lr=1.36e-04
step   5000 | loss=6.2096 | lr=1.30e-04
[VAL] step 5000: bpb=1.8948
step   5100 | loss=6.1950 | lr=1.24e-04
step   5200 | loss=6.1810 | lr=1.19e-04
[VAL] step 5200: bpb=1.8937
step   5300 | loss=6.1801 | lr=1.13e-04
step   5400 | loss=6.1714 | lr=1.08e-04
[VAL] step 5400: bpb=1.8920
step   5500 | loss=6.1681 | lr=1.03e-04
step   5600 | loss=6.1847 | lr=9.75e-05
[VAL] step 5600: bpb=1.8899
step   5700 | loss=6.1748 | lr=9.25e-05
step   5800 | loss=6.1709 | lr=8.76e-05
[VAL] step 5800: bpb=1.8881
step   5900 | loss=6.1808 | lr=8.28e-05
step   6000 | loss=6.1650 | lr=7.82e-05
[VAL] step 6000: bpb=1.8867
step   6100 | loss=6.1597 | lr=7.38e-05
step   6200 | loss=6.1574 | lr=6.95e-05
[VAL] step 6200: bpb=1.8855
step   6300 | loss=6.1648 | lr=6.55e-05
step   6400 | loss=6.1502 | lr=6.16e-05
[VAL] step 6400: bpb=1.8841
step   6500 | loss=6.1478 | lr=5.79e-05
step   6600 | loss=6.1564 | lr=5.44e-05
[VAL] step 6600: bpb=1.8826
step   6700 | loss=6.1555 | lr=5.11e-05
step   6800 | loss=6.1518 | lr=4.81e-05
[VAL] step 6800: bpb=1.8821
step   6900 | loss=6.1536 | lr=4.53e-05
step   7000 | loss=6.1518 | lr=4.26e-05
[VAL] step 7000: bpb=1.8813
step   7100 | loss=6.1464 | lr=4.03e-05
step   7200 | loss=6.1472 | lr=3.81e-05
[VAL] step 7200: bpb=1.8803
step   7300 | loss=6.1417 | lr=3.62e-05
step   7400 | loss=6.1506 | lr=3.46e-05
[VAL] step 7400: bpb=1.8796
step   7500 | loss=6.1434 | lr=3.32e-05
step   7600 | loss=6.1348 | lr=3.21e-05
[VAL] step 7600: bpb=1.8786
step   7700 | loss=6.1266 | lr=3.12e-05
step   7800 | loss=6.1375 | lr=3.05e-05
[VAL] step 7800: bpb=1.8782
step   7900 | loss=6.1355 | lr=3.01e-05
step   8000 | loss=6.1316 | lr=3.00e-05
[VAL] step 8000: bpb=1.8778

=== DONE ===
{
  "exp_name": "exp046_qk_mhlut_dom_residual",
  "best_val_bpb": 1.8777653792194247,
  "final_val_bpb": 1.8777653792194247,
  "adam_params": 52684044,
  "n_bit_luts": 12,
  "training_time_hours": 0.828
}
