Loading tokenizer from /home/starost/.cache/nanochat/tokenizer
Vocab size: 32768, BOS id: 32759
Total params (all fp32): 148,179,206
Q/K Joint MHLut: in_nap=6 tph=256 d_qk=32 (n_outputs=2*d_qk=64)
V MHLut:         in_nap=7 tph=256 d_v=32 (n_outputs=d_v)
out_proj MHLut:  in_nap=6 tph=[2048, 2048, 1024, 1024, 1024, 1024] (n_outputs=E=96) + LayerNorm
Tokens/micro-batch: 4,096 | grad_accum: 1 | effective batch: 4,096 tokens
step      1 | loss=10.5452 | lr=3.75e-07
step    100 | loss=9.7194 | lr=3.75e-05
step    200 | loss=8.5814 | lr=7.50e-05
[VAL] step 200: bpb=2.3488
step    300 | loss=7.9113 | lr=1.12e-04
step    400 | loss=7.4926 | lr=1.50e-04
[VAL] step 400: bpb=2.1716
step    500 | loss=7.1334 | lr=1.87e-04
step    600 | loss=6.9369 | lr=2.25e-04
[VAL] step 600: bpb=2.0636
step    700 | loss=6.8041 | lr=2.62e-04
step    800 | loss=6.6995 | lr=3.00e-04
[VAL] step 800: bpb=2.0215
step    900 | loss=6.6214 | lr=3.00e-04
step   1000 | loss=6.5632 | lr=2.99e-04
[VAL] step 1000: bpb=1.9870
step   1100 | loss=6.5159 | lr=2.99e-04
step   1200 | loss=6.4691 | lr=2.98e-04
[VAL] step 1200: bpb=1.9607
step   1300 | loss=6.4104 | lr=2.97e-04
step   1400 | loss=6.3884 | lr=2.95e-04
[VAL] step 1400: bpb=1.9413
step   1500 | loss=6.3570 | lr=2.94e-04
step   1600 | loss=6.2947 | lr=2.92e-04
[VAL] step 1600: bpb=1.9174
step   1700 | loss=6.2683 | lr=2.90e-04
step   1800 | loss=6.2391 | lr=2.87e-04
[VAL] step 1800: bpb=1.8983
step   1900 | loss=6.2055 | lr=2.85e-04
step   2000 | loss=6.1681 | lr=2.82e-04
[VAL] step 2000: bpb=1.8790
step   2100 | loss=6.1191 | lr=2.79e-04
step   2200 | loss=6.0920 | lr=2.76e-04
[VAL] step 2200: bpb=1.8616
step   2300 | loss=6.0659 | lr=2.72e-04
step   2400 | loss=6.0534 | lr=2.68e-04
[VAL] step 2400: bpb=1.8454
step   2500 | loss=6.0297 | lr=2.65e-04
step   2600 | loss=6.0161 | lr=2.60e-04
[VAL] step 2600: bpb=1.8306
step   2700 | loss=5.9821 | lr=2.56e-04
step   2800 | loss=5.9667 | lr=2.52e-04
[VAL] step 2800: bpb=1.8214
step   2900 | loss=5.9391 | lr=2.47e-04
step   3000 | loss=5.9265 | lr=2.42e-04
[VAL] step 3000: bpb=1.8087
step   3100 | loss=5.9086 | lr=2.38e-04
step   3200 | loss=5.8962 | lr=2.32e-04
[VAL] step 3200: bpb=1.7984
step   3300 | loss=5.8840 | lr=2.27e-04
step   3400 | loss=5.8485 | lr=2.22e-04
[VAL] step 3400: bpb=1.7930
