Loading tokenizer from /home/starost/.cache/nanochat/tokenizer
Vocab size: 32768, BOS id: 32759
Building model + inheriting residual anchors:
  layer 1: inherited first 512/1024 residual anchor pairs from layer 0
  layer 2: inherited first 1024/1536 residual anchor pairs from layer 1
  layer 3: inherited first 1536/2048 residual anchor pairs from layer 2
  layer 4: inherited first 2048/2560 residual anchor pairs from layer 3
  layer 5: inherited first 2560/3072 residual anchor pairs from layer 4
Total params (all fp32): 176,527,238
Q/K Joint MHLut: in_nap=6 tph=256 d_qk=32 (n_outputs=2*d_qk=64)
V MHLut:         in_nap=7 tph=256 d_v=16 (n_outputs=d_v)
out_proj MHLut:  in_nap=6 tph=1024 (n_outputs=E=96)
residual MHLut:  in_nap=6 tph_factor=512 (per layer i: in=(i+1)*E, tph=512*(i+1))
Unembedder MLP:  LN(96) -> Linear(96,384) -> ReLU -> Linear(384,VOCAB)
Residual concat order: INVERSE [*prev_xs, x] (oldest at front, current x at tail)
Tokens/micro-batch: 4,096 | grad_accum: 1 | effective batch: 4,096 tokens
step      1 | loss=10.4238 | lr=3.75e-07
step    100 | loss=10.2216 | lr=3.75e-05
step    200 | loss=9.5604 | lr=7.50e-05
[VAL] step 200: bpb=2.5912
step    300 | loss=8.3084 | lr=1.12e-04
step    400 | loss=7.5598 | lr=1.50e-04
[VAL] step 400: bpb=2.1515
step    500 | loss=7.1354 | lr=1.87e-04
step    600 | loss=6.9278 | lr=2.25e-04
[VAL] step 600: bpb=2.0642
step    700 | loss=6.7957 | lr=2.62e-04
step    800 | loss=6.6942 | lr=3.00e-04
[VAL] step 800: bpb=2.0231
step    900 | loss=6.6220 | lr=3.00e-04
step   1000 | loss=6.5704 | lr=2.99e-04
[VAL] step 1000: bpb=1.9943
step   1100 | loss=6.5297 | lr=2.99e-04
step   1200 | loss=6.4955 | lr=2.98e-04
[VAL] step 1200: bpb=1.9709
step   1300 | loss=6.4494 | lr=2.97e-04
step   1400 | loss=6.4344 | lr=2.95e-04
[VAL] step 1400: bpb=1.9595
step   1500 | loss=6.4139 | lr=2.94e-04
step   1600 | loss=6.3671 | lr=2.92e-04
[VAL] step 1600: bpb=1.9450
step   1700 | loss=6.3546 | lr=2.90e-04
step   1800 | loss=6.3407 | lr=2.87e-04
[VAL] step 1800: bpb=1.9339
step   1900 | loss=6.3245 | lr=2.85e-04
step   2000 | loss=6.3065 | lr=2.82e-04
[VAL] step 2000: bpb=1.9249
step   2100 | loss=6.2811 | lr=2.79e-04
step   2200 | loss=6.2678 | lr=2.76e-04
[VAL] step 2200: bpb=1.9166
step   2300 | loss=6.2481 | lr=2.72e-04
step   2400 | loss=6.2410 | lr=2.68e-04
[VAL] step 2400: bpb=1.9064
step   2500 | loss=6.2298 | lr=2.65e-04
step   2600 | loss=6.2231 | lr=2.60e-04
[VAL] step 2600: bpb=1.8985
step   2700 | loss=6.1923 | lr=2.56e-04
step   2800 | loss=6.1851 | lr=2.52e-04
[VAL] step 2800: bpb=1.8902
step   2900 | loss=6.1611 | lr=2.47e-04
step   3000 | loss=6.1550 | lr=2.42e-04
[VAL] step 3000: bpb=1.8820
step   3100 | loss=6.1372 | lr=2.38e-04
