Loading tokenizer from /home/starost/.cache/nanochat/tokenizer
Vocab size: 32768, BOS id: 32759
Total params (all fp32): 230,000,134
Q/K Joint MHLut: in_nap=8 tph=256 d_qk=32 (n_outputs=2*d_qk=64)
V MHLut:         in_nap=8 tph=96 d_v=32 (n_outputs=d_v)
out_proj MHLut:  in_nap=8 tph=364 (n_outputs=E=64) + LayerNorm
Tokens/micro-batch: 4,096 | grad_accum: 1 | effective batch: 4,096 tokens
step      1 | loss=10.5549 | lr=3.75e-07
step    100 | loss=9.9421 | lr=3.75e-05
step    200 | loss=9.0061 | lr=7.50e-05
[VAL] step 200: bpb=2.4603
step    300 | loss=8.1828 | lr=1.12e-04
step    400 | loss=7.7646 | lr=1.50e-04
[VAL] step 400: bpb=2.2922
step    500 | loss=7.4067 | lr=1.87e-04
step    600 | loss=7.1392 | lr=2.25e-04
[VAL] step 600: bpb=2.1087
step    700 | loss=6.9556 | lr=2.62e-04
step    800 | loss=6.8193 | lr=3.00e-04
[VAL] step 800: bpb=2.0534
step    900 | loss=6.7241 | lr=3.00e-04
step   1000 | loss=6.6582 | lr=2.99e-04
[VAL] step 1000: bpb=2.0129
step   1100 | loss=6.6067 | lr=2.99e-04
step   1200 | loss=6.5640 | lr=2.98e-04
[VAL] step 1200: bpb=1.9899
step   1300 | loss=6.5091 | lr=2.97e-04
step   1400 | loss=6.4886 | lr=2.95e-04
[VAL] step 1400: bpb=1.9747
step   1500 | loss=6.4670 | lr=2.94e-04
step   1600 | loss=6.4151 | lr=2.92e-04
[VAL] step 1600: bpb=1.9585
step   1700 | loss=6.3991 | lr=2.90e-04
step   1800 | loss=6.3812 | lr=2.87e-04
[VAL] step 1800: bpb=1.9484
step   1900 | loss=6.3645 | lr=2.85e-04
step   2000 | loss=6.3409 | lr=2.82e-04
[VAL] step 2000: bpb=1.9357
step   2100 | loss=6.3092 | lr=2.79e-04
step   2200 | loss=6.2894 | lr=2.76e-04
[VAL] step 2200: bpb=1.9234
step   2300 | loss=6.2666 | lr=2.72e-04
step   2400 | loss=6.2543 | lr=2.68e-04
[VAL] step 2400: bpb=1.9089
step   2500 | loss=6.2338 | lr=2.65e-04
