Loading tokenizer from /home/starost/.cache/nanochat/tokenizer
Vocab size: 32768, BOS id: 32759
bit LUTs: 18
Adam-managed parameters: 16,772,390
Q/K BitPermLUT: in_nap=5 out_nap=24 tph=512 d_qk=32 P_qk=496
V BitPermLUT:   in_nap=5 out_nap=16 tph=512 d_v=16 P_v=120
Out BitPermLUT: in_nap=8 out_nap=32 tph=2048
Tokens/micro-batch: 4,096 | grad_accum: 1 | effective batch: 4,096 tokens
step      1 | loss=10.5844 | lr=3.75e-07
step    100 | loss=9.8584 | lr=3.75e-05
step    200 | loss=8.8409 | lr=7.50e-05
[VAL] step 200: bpb=2.4025
step    300 | loss=8.0653 | lr=1.12e-04
step    400 | loss=7.6986 | lr=1.50e-04
[VAL] step 400: bpb=2.2876
step    500 | loss=7.4808 | lr=1.87e-04
step    600 | loss=7.3582 | lr=2.25e-04
[VAL] step 600: bpb=2.2147
step    700 | loss=7.2516 | lr=2.62e-04
step    800 | loss=7.1475 | lr=3.00e-04
[VAL] step 800: bpb=2.1594
step    900 | loss=7.0556 | lr=3.00e-04
step   1000 | loss=6.9799 | lr=2.99e-04
[VAL] step 1000: bpb=2.1090
step   1100 | loss=6.9152 | lr=2.99e-04
step   1200 | loss=6.8551 | lr=2.98e-04
[VAL] step 1200: bpb=2.0761
step   1300 | loss=6.7850 | lr=2.97e-04
step   1400 | loss=6.7463 | lr=2.95e-04
[VAL] step 1400: bpb=2.0478
step   1500 | loss=6.7081 | lr=2.94e-04
step   1600 | loss=6.6375 | lr=2.92e-04
[VAL] step 1600: bpb=2.0198
step   1700 | loss=6.6048 | lr=2.90e-04
step   1800 | loss=6.5730 | lr=2.87e-04
[VAL] step 1800: bpb=2.0000
step   1900 | loss=6.5480 | lr=2.85e-04
step   2000 | loss=6.5171 | lr=2.82e-04
[VAL] step 2000: bpb=1.9879
step   2100 | loss=6.4797 | lr=2.79e-04
step   2200 | loss=6.4573 | lr=2.76e-04
[VAL] step 2200: bpb=1.9726
step   2300 | loss=6.4323 | lr=2.72e-04
step   2400 | loss=6.4216 | lr=2.68e-04
[VAL] step 2400: bpb=1.9623
step   2500 | loss=6.4073 | lr=2.65e-04
step   2600 | loss=6.3982 | lr=2.60e-04
[VAL] step 2600: bpb=1.9517
step   2700 | loss=6.3675 | lr=2.56e-04
step   2800 | loss=6.3587 | lr=2.52e-04
[VAL] step 2800: bpb=1.9416
step   2900 | loss=6.3367 | lr=2.47e-04
step   3000 | loss=6.3281 | lr=2.42e-04
[VAL] step 3000: bpb=1.9317
step   3100 | loss=6.3157 | lr=2.38e-04
step   3200 | loss=6.3043 | lr=2.32e-04
[VAL] step 3200: bpb=1.9230
step   3300 | loss=6.2973 | lr=2.27e-04
step   3400 | loss=6.2633 | lr=2.22e-04
[VAL] step 3400: bpb=1.9180
step   3500 | loss=6.2575 | lr=2.17e-04
step   3600 | loss=6.2630 | lr=2.11e-04
[VAL] step 3600: bpb=1.9143
step   3700 | loss=6.2456 | lr=2.06e-04
step   3800 | loss=6.2359 | lr=2.00e-04
[VAL] step 3800: bpb=1.9079
step   3900 | loss=6.2139 | lr=1.94e-04
step   4000 | loss=6.2030 | lr=1.88e-04
[VAL] step 4000: bpb=1.8998
step   4100 | loss=6.2291 | lr=1.83e-04
step   4200 | loss=6.2004 | lr=1.77e-04
[VAL] step 4200: bpb=1.8941
step   4300 | loss=6.2024 | lr=1.71e-04
step   4400 | loss=6.1899 | lr=1.65e-04
[VAL] step 4400: bpb=1.8897
step   4500 | loss=6.1824 | lr=1.59e-04
step   4600 | loss=6.1716 | lr=1.53e-04
[VAL] step 4600: bpb=1.8841
step   4700 | loss=6.1753 | lr=1.47e-04
step   4800 | loss=6.1711 | lr=1.42e-04
[VAL] step 4800: bpb=1.8810
step   4900 | loss=6.1480 | lr=1.36e-04
step   5000 | loss=6.1457 | lr=1.30e-04
[VAL] step 5000: bpb=1.8753
step   5100 | loss=6.1295 | lr=1.24e-04
step   5200 | loss=6.1132 | lr=1.19e-04
[VAL] step 5200: bpb=1.8707
step   5300 | loss=6.1063 | lr=1.13e-04
step   5400 | loss=6.0937 | lr=1.08e-04
[VAL] step 5400: bpb=1.8680
step   5500 | loss=6.0912 | lr=1.03e-04
step   5600 | loss=6.1054 | lr=9.75e-05
[VAL] step 5600: bpb=1.8646
step   5700 | loss=6.0903 | lr=9.25e-05
step   5800 | loss=6.0860 | lr=8.76e-05
[VAL] step 5800: bpb=1.8620
step   5900 | loss=6.0916 | lr=8.28e-05
step   6000 | loss=6.0765 | lr=7.82e-05
[VAL] step 6000: bpb=1.8576
step   6100 | loss=6.0668 | lr=7.38e-05
step   6200 | loss=6.0617 | lr=6.95e-05
[VAL] step 6200: bpb=1.8548
step   6300 | loss=6.0662 | lr=6.55e-05
step   6400 | loss=6.0517 | lr=6.16e-05
[VAL] step 6400: bpb=1.8528
step   6500 | loss=6.0464 | lr=5.79e-05
step   6600 | loss=6.0534 | lr=5.44e-05
[VAL] step 6600: bpb=1.8503
step   6700 | loss=6.0484 | lr=5.11e-05
step   6800 | loss=6.0408 | lr=4.81e-05
[VAL] step 6800: bpb=1.8485
step   6900 | loss=6.0395 | lr=4.53e-05
step   7000 | loss=6.0387 | lr=4.26e-05
[VAL] step 7000: bpb=1.8494
step   7100 | loss=6.0329 | lr=4.03e-05
step   7200 | loss=6.0352 | lr=3.81e-05
[VAL] step 7200: bpb=1.8470
step   7300 | loss=6.0257 | lr=3.62e-05
step   7400 | loss=6.0347 | lr=3.46e-05
[VAL] step 7400: bpb=1.8447
step   7500 | loss=6.0234 | lr=3.32e-05
step   7600 | loss=6.0153 | lr=3.21e-05
[VAL] step 7600: bpb=1.8436
step   7700 | loss=6.0057 | lr=3.12e-05
step   7800 | loss=6.0163 | lr=3.05e-05
[VAL] step 7800: bpb=1.8426
step   7900 | loss=6.0147 | lr=3.01e-05
step   8000 | loss=6.0068 | lr=3.00e-05
[VAL] step 8000: bpb=1.8415

=== DONE ===
{
  "exp_name": "exp026_e72_h6_dqk32_joint",
  "best_val_bpb": 1.8414628866794234,
  "final_val_bpb": 1.8414628866794234,
  "adam_params": 16772390,
  "n_bit_luts": 18,
  "training_time_hours": 0.598
}
