Loading tokenizer from /home/starost/.cache/nanochat/tokenizer
Vocab size: 32768, BOS id: 32759
Total params (all fp32): 129,304,838
Q/K Joint MHLut: in_nap=6 tph=256 d_qk=32 (n_outputs=2*d_qk=64)
V MHLut:         in_nap=7 tph=256 d_v=16 (n_outputs=d_v)
out_proj MHLut:  in_nap=6 tph=[2048, 2048, 1024, 1024, 1024, 1024] (n_outputs=E=96) + LayerNorm
Tokens/micro-batch: 4,096 | grad_accum: 1 | effective batch: 4,096 tokens
step      1 | loss=10.5814 | lr=3.75e-07
step    100 | loss=9.7362 | lr=3.75e-05
step    200 | loss=8.5900 | lr=7.50e-05
[VAL] step 200: bpb=2.3521
step    300 | loss=7.9215 | lr=1.12e-04
step    400 | loss=7.5654 | lr=1.50e-04
[VAL] step 400: bpb=2.2276
step    500 | loss=7.2268 | lr=1.87e-04
step    600 | loss=7.0023 | lr=2.25e-04
[VAL] step 600: bpb=2.0779
step    700 | loss=6.8463 | lr=2.62e-04
step    800 | loss=6.7230 | lr=3.00e-04
[VAL] step 800: bpb=2.0239
step    900 | loss=6.6322 | lr=3.00e-04
step   1000 | loss=6.5642 | lr=2.99e-04
[VAL] step 1000: bpb=1.9855
step   1100 | loss=6.5092 | lr=2.99e-04
step   1200 | loss=6.4573 | lr=2.98e-04
[VAL] step 1200: bpb=1.9559
step   1300 | loss=6.3903 | lr=2.97e-04
step   1400 | loss=6.3611 | lr=2.95e-04
[VAL] step 1400: bpb=1.9288
step   1500 | loss=6.3220 | lr=2.94e-04
step   1600 | loss=6.2539 | lr=2.92e-04
[VAL] step 1600: bpb=1.9030
step   1700 | loss=6.2238 | lr=2.90e-04
step   1800 | loss=6.1921 | lr=2.87e-04
[VAL] step 1800: bpb=1.8867
step   1900 | loss=6.1626 | lr=2.85e-04
step   2000 | loss=6.1309 | lr=2.82e-04
[VAL] step 2000: bpb=1.8701
step   2100 | loss=6.0874 | lr=2.79e-04
step   2200 | loss=6.0656 | lr=2.76e-04
[VAL] step 2200: bpb=1.8551
step   2300 | loss=6.0449 | lr=2.72e-04
step   2400 | loss=6.0355 | lr=2.68e-04
[VAL] step 2400: bpb=1.8413
step   2500 | loss=6.0160 | lr=2.65e-04
step   2600 | loss=6.0034 | lr=2.60e-04
[VAL] step 2600: bpb=1.8292
step   2700 | loss=5.9721 | lr=2.56e-04
step   2800 | loss=5.9589 | lr=2.52e-04
[VAL] step 2800: bpb=1.8201
step   2900 | loss=5.9360 | lr=2.47e-04
step   3000 | loss=5.9251 | lr=2.42e-04
[VAL] step 3000: bpb=1.8074
step   3100 | loss=5.9088 | lr=2.38e-04
step   3200 | loss=5.8962 | lr=2.32e-04
[VAL] step 3200: bpb=1.7982
step   3300 | loss=5.8875 | lr=2.27e-04
step   3400 | loss=5.8511 | lr=2.22e-04
[VAL] step 3400: bpb=1.7921
step   3500 | loss=5.8426 | lr=2.17e-04
step   3600 | loss=5.8518 | lr=2.11e-04
[VAL] step 3600: bpb=1.7890
step   3700 | loss=5.8270 | lr=2.06e-04
step   3800 | loss=5.8170 | lr=2.00e-04
[VAL] step 3800: bpb=1.7796
step   3900 | loss=5.7931 | lr=1.94e-04
step   4000 | loss=5.7768 | lr=1.88e-04
[VAL] step 4000: bpb=1.7742
step   4100 | loss=5.8049 | lr=1.83e-04
step   4200 | loss=5.7745 | lr=1.77e-04
[VAL] step 4200: bpb=1.7685
step   4300 | loss=5.7802 | lr=1.71e-04
step   4400 | loss=5.7673 | lr=1.65e-04
[VAL] step 4400: bpb=1.7617
step   4500 | loss=5.7547 | lr=1.59e-04
step   4600 | loss=5.7419 | lr=1.53e-04
[VAL] step 4600: bpb=1.7579
step   4700 | loss=5.7414 | lr=1.47e-04
step   4800 | loss=5.7392 | lr=1.42e-04
[VAL] step 4800: bpb=1.7501
step   4900 | loss=5.7149 | lr=1.36e-04
step   5000 | loss=5.7099 | lr=1.30e-04
[VAL] step 5000: bpb=1.7447
step   5100 | loss=5.6951 | lr=1.24e-04
step   5200 | loss=5.6793 | lr=1.19e-04
[VAL] step 5200: bpb=1.7403
step   5300 | loss=5.6667 | lr=1.13e-04
step   5400 | loss=5.6539 | lr=1.08e-04
[VAL] step 5400: bpb=1.7362
step   5500 | loss=5.6586 | lr=1.03e-04
step   5600 | loss=5.6726 | lr=9.75e-05
[VAL] step 5600: bpb=1.7326
step   5700 | loss=5.6550 | lr=9.25e-05
step   5800 | loss=5.6438 | lr=8.76e-05
[VAL] step 5800: bpb=1.7293
step   5900 | loss=5.6505 | lr=8.28e-05
step   6000 | loss=5.6362 | lr=7.82e-05
[VAL] step 6000: bpb=1.7258
step   6100 | loss=5.6226 | lr=7.38e-05
step   6200 | loss=5.6217 | lr=6.95e-05
[VAL] step 6200: bpb=1.7220
step   6300 | loss=5.6244 | lr=6.55e-05
step   6400 | loss=5.6056 | lr=6.16e-05
[VAL] step 6400: bpb=1.7191
step   6500 | loss=5.5996 | lr=5.79e-05
step   6600 | loss=5.6044 | lr=5.44e-05
[VAL] step 6600: bpb=1.7152
step   6700 | loss=5.5992 | lr=5.11e-05
step   6800 | loss=5.5914 | lr=4.81e-05
[VAL] step 6800: bpb=1.7142
step   6900 | loss=5.5915 | lr=4.53e-05
step   7000 | loss=5.5922 | lr=4.26e-05
[VAL] step 7000: bpb=1.7131
step   7100 | loss=5.5832 | lr=4.03e-05
step   7200 | loss=5.5887 | lr=3.81e-05
[VAL] step 7200: bpb=1.7117
step   7300 | loss=5.5757 | lr=3.62e-05
step   7400 | loss=5.5855 | lr=3.46e-05
[VAL] step 7400: bpb=1.7103
step   7500 | loss=5.5722 | lr=3.32e-05
step   7600 | loss=5.5644 | lr=3.21e-05
[VAL] step 7600: bpb=1.7075
step   7700 | loss=5.5572 | lr=3.12e-05
step   7800 | loss=5.5692 | lr=3.05e-05
[VAL] step 7800: bpb=1.7056
step   7900 | loss=5.5671 | lr=3.01e-05
step   8000 | loss=5.5585 | lr=3.00e-05
[VAL] step 8000: bpb=1.7037

=== DONE ===
{
  "exp_name": "exp066_qk_split",
  "best_val_bpb": 1.7036936186146034,
  "final_val_bpb": 1.7036936186146034,
  "n_params": 129304838,
  "training_time_hours": 0.449
}
