Loading tokenizer from /home/starost/.cache/nanochat/tokenizer
Vocab size: 32768, BOS id: 32759
Total params (all fp32): 135,628,294
Q/K Joint MHLut: in_nap=8 tph=96 d_qk=32 (n_outputs=2*d_qk=64)
V MHLut:         in_nap=8 tph=96 d_v=32 (n_outputs=d_v)
out_proj MHLut:  in_nap=8 tph=364 (n_outputs=E=64) + LayerNorm
Tokens/micro-batch: 4,096 | grad_accum: 1 | effective batch: 4,096 tokens
step      1 | loss=10.5583 | lr=3.75e-07
step    100 | loss=9.9431 | lr=3.75e-05
step    200 | loss=9.0091 | lr=7.50e-05
[VAL] step 200: bpb=2.4643
step    300 | loss=8.1882 | lr=1.12e-04
step    400 | loss=7.7790 | lr=1.50e-04
[VAL] step 400: bpb=2.2995
step    500 | loss=7.4515 | lr=1.87e-04
step    600 | loss=7.1761 | lr=2.25e-04
[VAL] step 600: bpb=2.1189
step    700 | loss=6.9833 | lr=2.62e-04
step    800 | loss=6.8400 | lr=3.00e-04
[VAL] step 800: bpb=2.0595
step    900 | loss=6.7416 | lr=3.00e-04
step   1000 | loss=6.6726 | lr=2.99e-04
[VAL] step 1000: bpb=2.0193
step   1100 | loss=6.6202 | lr=2.99e-04
step   1200 | loss=6.5740 | lr=2.98e-04
[VAL] step 1200: bpb=1.9949
step   1300 | loss=6.5200 | lr=2.97e-04
step   1400 | loss=6.4985 | lr=2.95e-04
[VAL] step 1400: bpb=1.9765
step   1500 | loss=6.4763 | lr=2.94e-04
step   1600 | loss=6.4245 | lr=2.92e-04
[VAL] step 1600: bpb=1.9600
step   1700 | loss=6.4094 | lr=2.90e-04
step   1800 | loss=6.3915 | lr=2.87e-04
[VAL] step 1800: bpb=1.9511
step   1900 | loss=6.3773 | lr=2.85e-04
step   2000 | loss=6.3533 | lr=2.82e-04
[VAL] step 2000: bpb=1.9401
step   2100 | loss=6.3205 | lr=2.79e-04
step   2200 | loss=6.3031 | lr=2.76e-04
[VAL] step 2200: bpb=1.9286
step   2300 | loss=6.2826 | lr=2.72e-04
step   2400 | loss=6.2747 | lr=2.68e-04
[VAL] step 2400: bpb=1.9162
