Loading tokenizer from /home/starost/.cache/nanochat/tokenizer
Vocab size: 32768, BOS id: 32759
bit LUTs: 24
Adam-managed parameters: 14,912,326
Q/K BitPermLUT: in_nap=5 out_nap=24 tph=512 d_qk=24 P_qk=276
V BitPermLUT:   in_nap=5 out_nap=16 tph=512 d_v=16 P_v=120
Out BitPermLUT: in_nap=8 out_nap=32 tph=[4096, 4096, 2048, 2048, 2048, 2048]
Tokens/micro-batch: 4,096 | grad_accum: 1 | effective batch: 4,096 tokens
step      1 | loss=10.5606 | lr=3.75e-07
step    100 | loss=9.9150 | lr=3.75e-05
step    200 | loss=8.9644 | lr=7.50e-05
[VAL] step 200: bpb=2.4466
step    300 | loss=8.1541 | lr=1.12e-04
step    400 | loss=7.7686 | lr=1.50e-04
[VAL] step 400: bpb=2.3066
step    500 | loss=7.5410 | lr=1.87e-04
step    600 | loss=7.4162 | lr=2.25e-04
[VAL] step 600: bpb=2.2371
step    700 | loss=7.3122 | lr=2.62e-04
step    800 | loss=7.2078 | lr=3.00e-04
[VAL] step 800: bpb=2.1793
step    900 | loss=7.1142 | lr=3.00e-04
step   1000 | loss=7.0372 | lr=2.99e-04
[VAL] step 1000: bpb=2.1280
step   1100 | loss=6.9727 | lr=2.99e-04
step   1200 | loss=6.9097 | lr=2.98e-04
[VAL] step 1200: bpb=2.0928
step   1300 | loss=6.8387 | lr=2.97e-04
step   1400 | loss=6.8033 | lr=2.95e-04
[VAL] step 1400: bpb=2.0688
step   1500 | loss=6.7699 | lr=2.94e-04
step   1600 | loss=6.7057 | lr=2.92e-04
[VAL] step 1600: bpb=2.0451
step   1700 | loss=6.6804 | lr=2.90e-04
step   1800 | loss=6.6513 | lr=2.87e-04
[VAL] step 1800: bpb=2.0300
step   1900 | loss=6.6312 | lr=2.85e-04
step   2000 | loss=6.6039 | lr=2.82e-04
[VAL] step 2000: bpb=2.0180
step   2100 | loss=6.5687 | lr=2.79e-04
step   2200 | loss=6.5437 | lr=2.76e-04
[VAL] step 2200: bpb=2.0008
step   2300 | loss=6.5143 | lr=2.72e-04
step   2400 | loss=6.4980 | lr=2.68e-04
[VAL] step 2400: bpb=1.9857
step   2500 | loss=6.4790 | lr=2.65e-04
step   2600 | loss=6.4676 | lr=2.60e-04
[VAL] step 2600: bpb=1.9719
step   2700 | loss=6.4299 | lr=2.56e-04
step   2800 | loss=6.4196 | lr=2.52e-04
[VAL] step 2800: bpb=1.9626
step   2900 | loss=6.3946 | lr=2.47e-04
step   3000 | loss=6.3827 | lr=2.42e-04
[VAL] step 3000: bpb=1.9507
step   3100 | loss=6.3679 | lr=2.38e-04
step   3200 | loss=6.3562 | lr=2.32e-04
[VAL] step 3200: bpb=1.9409
step   3300 | loss=6.3448 | lr=2.27e-04
step   3400 | loss=6.3094 | lr=2.22e-04
[VAL] step 3400: bpb=1.9357
step   3500 | loss=6.3026 | lr=2.17e-04
step   3600 | loss=6.3074 | lr=2.11e-04
[VAL] step 3600: bpb=1.9299
step   3700 | loss=6.2903 | lr=2.06e-04
step   3800 | loss=6.2794 | lr=2.00e-04
[VAL] step 3800: bpb=1.9227
step   3900 | loss=6.2572 | lr=1.94e-04
step   4000 | loss=6.2460 | lr=1.88e-04
[VAL] step 4000: bpb=1.9147
step   4100 | loss=6.2709 | lr=1.83e-04
step   4200 | loss=6.2417 | lr=1.77e-04
[VAL] step 4200: bpb=1.9105
step   4300 | loss=6.2443 | lr=1.71e-04
step   4400 | loss=6.2295 | lr=1.65e-04
[VAL] step 4400: bpb=1.9040
