Loading tokenizer from /home/starost/.cache/nanochat/tokenizer
Vocab size: 32768, BOS id: 32759
Total params (all fp32): 339,546,144
Q/K Joint MHLut: in_nap=6 tph=256 d_qk=64 (n_outputs=2*d_qk=128) init_std=0.001 [no V2D, q_norm+k_norm -> SDPA]
V PermLut:       in_nap=8 out_nap=24 tph=256 d_v=24 (n_outputs=P=276) pair_mode=scrambled soft_mode=rational borda=borda
out_proj MHLut:  in_nap=6 tph=[2048, 2048, 1024, 1024, 1024, 1024] (n_outputs=E=96) + out_v2d/out_d2v
Attention:       SDPA (causal); plain default 1/sqrt(d_qk=64)=0.1250, no learnable attn_scale
Tokens/micro-batch: 4,096 | grad_accum: 1 | effective batch: 4,096 tokens
/home/starost/spiky/.venv/lib/python3.12/site-packages/torch/_inductor/compile_fx.py:236: UserWarning: TensorFloat32 tensor cores for float32 matrix multiplication available but not enabled. Consider setting `torch.set_float32_matmul_precision('high')` for better performance.
  warnings.warn(
step      1 | loss=10.4167 | lr=3.75e-07
step    100 | loss=9.3682 | lr=3.75e-05
step    200 | loss=8.2230 | lr=7.50e-05
[VAL] step 200: bpb=2.2967
step    300 | loss=7.5228 | lr=1.12e-04
step    400 | loss=7.0615 | lr=1.50e-04
[VAL] step 400: bpb=2.0581
step    500 | loss=6.7876 | lr=1.87e-04
step    600 | loss=6.6603 | lr=2.25e-04
[VAL] step 600: bpb=1.9980
step    700 | loss=6.5661 | lr=2.62e-04
step    800 | loss=6.4744 | lr=3.00e-04
[VAL] step 800: bpb=1.9539
step    900 | loss=6.3894 | lr=3.00e-04
step   1000 | loss=6.3148 | lr=2.99e-04
[VAL] step 1000: bpb=1.9077
step   1100 | loss=6.2472 | lr=2.99e-04
step   1200 | loss=6.1892 | lr=2.98e-04
[VAL] step 1200: bpb=1.8703
step   1300 | loss=6.1185 | lr=2.97e-04
step   1400 | loss=6.0889 | lr=2.95e-04
[VAL] step 1400: bpb=1.8501
step   1500 | loss=6.0509 | lr=2.94e-04
step   1600 | loss=5.9883 | lr=2.92e-04
[VAL] step 1600: bpb=1.8257
step   1700 | loss=5.9650 | lr=2.90e-04
step   1800 | loss=5.9387 | lr=2.87e-04
[VAL] step 1800: bpb=1.8075
step   1900 | loss=5.9089 | lr=2.85e-04
step   2000 | loss=5.8775 | lr=2.82e-04
[VAL] step 2000: bpb=1.7944
step   2100 | loss=5.8340 | lr=2.79e-04
step   2200 | loss=5.8143 | lr=2.76e-04
[VAL] step 2200: bpb=1.7830
step   2300 | loss=5.7968 | lr=2.72e-04
step   2400 | loss=5.7917 | lr=2.68e-04
[VAL] step 2400: bpb=1.7675
step   2500 | loss=5.7711 | lr=2.65e-04
step   2600 | loss=5.7547 | lr=2.60e-04
[VAL] step 2600: bpb=1.7562
step   2700 | loss=5.7227 | lr=2.56e-04
step   2800 | loss=5.7100 | lr=2.52e-04
[VAL] step 2800: bpb=1.7467
step   2900 | loss=5.6858 | lr=2.47e-04
step   3000 | loss=5.6719 | lr=2.42e-04
[VAL] step 3000: bpb=1.7362
step   3100 | loss=5.6558 | lr=2.38e-04
step   3200 | loss=5.6469 | lr=2.32e-04
[VAL] step 3200: bpb=1.7247
step   3300 | loss=5.6373 | lr=2.27e-04
step   3400 | loss=5.6001 | lr=2.22e-04
[VAL] step 3400: bpb=1.7199
step   3500 | loss=5.5897 | lr=2.17e-04
step   3600 | loss=5.5982 | lr=2.11e-04
[VAL] step 3600: bpb=1.7167
step   3700 | loss=5.5726 | lr=2.06e-04
step   3800 | loss=5.5602 | lr=2.00e-04
[VAL] step 3800: bpb=1.7081
step   3900 | loss=5.5372 | lr=1.94e-04
step   4000 | loss=5.5174 | lr=1.88e-04
[VAL] step 4000: bpb=1.6980
step   4100 | loss=5.5480 | lr=1.83e-04
step   4200 | loss=5.5210 | lr=1.77e-04
[VAL] step 4200: bpb=1.6941
step   4300 | loss=5.5239 | lr=1.71e-04
step   4400 | loss=5.5124 | lr=1.65e-04
[VAL] step 4400: bpb=1.6895
step   4500 | loss=5.4956 | lr=1.59e-04
step   4600 | loss=5.4833 | lr=1.53e-04
[VAL] step 4600: bpb=1.6800
step   4700 | loss=5.4832 | lr=1.47e-04
step   4800 | loss=5.4809 | lr=1.42e-04
[VAL] step 4800: bpb=1.6758
step   4900 | loss=5.4578 | lr=1.36e-04
step   5000 | loss=5.4526 | lr=1.30e-04
[VAL] step 5000: bpb=1.6700
step   5100 | loss=5.4415 | lr=1.24e-04
step   5200 | loss=5.4241 | lr=1.19e-04
[VAL] step 5200: bpb=1.6650
step   5300 | loss=5.4086 | lr=1.13e-04
step   5400 | loss=5.3949 | lr=1.08e-04
[VAL] step 5400: bpb=1.6597
step   5500 | loss=5.4024 | lr=1.03e-04
step   5600 | loss=5.4160 | lr=9.75e-05
[VAL] step 5600: bpb=1.6558
step   5700 | loss=5.4017 | lr=9.25e-05
step   5800 | loss=5.3902 | lr=8.76e-05
[VAL] step 5800: bpb=1.6525
step   5900 | loss=5.3924 | lr=8.28e-05
step   6000 | loss=5.3810 | lr=7.82e-05
[VAL] step 6000: bpb=1.6489
step   6100 | loss=5.3685 | lr=7.38e-05
step   6200 | loss=5.3654 | lr=6.95e-05
[VAL] step 6200: bpb=1.6459
step   6300 | loss=5.3692 | lr=6.55e-05
step   6400 | loss=5.3526 | lr=6.16e-05
[VAL] step 6400: bpb=1.6432
step   6500 | loss=5.3412 | lr=5.79e-05
step   6600 | loss=5.3477 | lr=5.44e-05
[VAL] step 6600: bpb=1.6400
step   6700 | loss=5.3422 | lr=5.11e-05
step   6800 | loss=5.3335 | lr=4.81e-05
[VAL] step 6800: bpb=1.6377
step   6900 | loss=5.3340 | lr=4.53e-05
step   7000 | loss=5.3364 | lr=4.26e-05
[VAL] step 7000: bpb=1.6363
step   7100 | loss=5.3262 | lr=4.03e-05
step   7200 | loss=5.3300 | lr=3.81e-05
[VAL] step 7200: bpb=1.6335
step   7300 | loss=5.3159 | lr=3.62e-05
step   7400 | loss=5.3280 | lr=3.46e-05
[VAL] step 7400: bpb=1.6321
step   7500 | loss=5.3149 | lr=3.32e-05
step   7600 | loss=5.3084 | lr=3.21e-05
[VAL] step 7600: bpb=1.6291
step   7700 | loss=5.3011 | lr=3.12e-05
step   7800 | loss=5.3158 | lr=3.05e-05
[VAL] step 7800: bpb=1.6279
step   7900 | loss=5.3116 | lr=3.01e-05
step   8000 | loss=5.3040 | lr=3.00e-05
[VAL] step 8000: bpb=1.6282

=== DONE ===
{
  "exp_name": "exp224_v_permlut_dom",
  "best_val_bpb": 1.6279115450268364,
  "final_val_bpb": 1.6282103980914033,
  "n_params": 339546144,
  "training_time_hours": 0.752
}
