Loading tokenizer from /home/starost/.cache/nanochat/tokenizer
Vocab size: 32768, BOS id: 32759
Building model:
Total params (all fp32): 108,173,318
Q/K Joint SparseLut: in_nap=10 tph=384 n_sparse=2 -> 2*d_qk=64 (per head, H=6)
V SparseLut:         in_nap=8 tph=384 n_sparse=8 -> d_v=64 (per head, H=6)
out_proj SparseLut:  in_nap=8 tph=2048 n_sparse=8 -> E=384
Residual:        classic skip connection (out_real + x), no residual_lut
Unembedder:      LN(384) -> Linear(384,VOCAB)
Tokens/micro-batch: 4,096 | grad_accum: 1 | effective batch: 4,096 tokens
step      1 | loss=10.5745 | lr=1.00e-06
step    100 | loss=9.8609 | lr=1.00e-04
step    200 | loss=8.4480 | lr=2.00e-04
[VAL] step 200: bpb=2.2791
step    300 | loss=7.6509 | lr=3.00e-04
step    400 | loss=7.1858 | lr=2.99e-04
[VAL] step 400: bpb=2.0951
step    500 | loss=6.9089 | lr=2.96e-04
step    600 | loss=6.7818 | lr=2.92e-04
[VAL] step 600: bpb=2.0364
step    700 | loss=6.6889 | lr=2.86e-04
step    800 | loss=6.6050 | lr=2.78e-04
[VAL] step 800: bpb=2.0008
step    900 | loss=6.5438 | lr=2.68e-04
step   1000 | loss=6.4996 | lr=2.58e-04
[VAL] step 1000: bpb=1.9725
step   1100 | loss=6.4606 | lr=2.46e-04
step   1200 | loss=6.4263 | lr=2.32e-04
[VAL] step 1200: bpb=1.9529
step   1300 | loss=6.3769 | lr=2.18e-04
step   1400 | loss=6.3621 | lr=2.04e-04
[VAL] step 1400: bpb=1.9372
step   1500 | loss=6.3400 | lr=1.88e-04
step   1600 | loss=6.2912 | lr=1.73e-04
[VAL] step 1600: bpb=1.9233
step   1700 | loss=6.2770 | lr=1.57e-04
step   1800 | loss=6.2618 | lr=1.42e-04
[VAL] step 1800: bpb=1.9142
step   1900 | loss=6.2489 | lr=1.26e-04
step   2000 | loss=6.2278 | lr=1.12e-04
[VAL] step 2000: bpb=1.9048
step   2100 | loss=6.1984 | lr=9.75e-05
step   2200 | loss=6.1870 | lr=8.44e-05
[VAL] step 2200: bpb=1.8975
step   2300 | loss=6.1744 | lr=7.24e-05
step   2400 | loss=6.1743 | lr=6.16e-05
[VAL] step 2400: bpb=1.8908
step   2500 | loss=6.1665 | lr=5.22e-05
step   2600 | loss=6.1644 | lr=4.44e-05
[VAL] step 2600: bpb=1.8860
step   2700 | loss=6.1430 | lr=3.81e-05
step   2800 | loss=6.1427 | lr=3.36e-05
[VAL] step 2800: bpb=1.8828
step   2900 | loss=6.1284 | lr=3.09e-05
step   3000 | loss=6.1312 | lr=3.00e-05
[VAL] step 3000: bpb=1.8805

=== DONE ===
{
  "exp_name": "run_qk_nap10",
  "best_val_bpb": 1.8805356661665869,
  "final_val_bpb": 1.8805356661665869,
  "n_params": 108173318,
  "training_time_hours": 0.222
}
