Loading tokenizer from /home/nebius-h100/.cache/nanochat/tokenizer
FIXED EVAL: bs48 x 100 steps, skip 12 rows (val window independent of device_batch_size=12)
MinimalGPT depth=6 dim=384 heads=6 seq=512 | ffn=compression tie=False | params=67,351,692
Tokens/micro-batch: 6,144 | grad_accum: 4 | effective batch: 24,576 tokens
wandb: [wandb.login()] Loaded credentials for http://nucstar:8080 from /home/nebius-h100/.netrc.
wandb: Currently logged in as: astarostin to http://nucstar:8080. Use `wandb login --relogin` to force relogin
wandb: setting up run exp_n_abl_01_B16k_fast_hybridsmooth_topk0_nap8_tph128_seed1
wandb: Tracking run with wandb version 0.30.0
wandb: Run data is saved locally in /home/nebius-h100/.cache/wandb/wandb/run-20260913_221603-exp_n_abl_01_B16k_fast_hybridsmooth_topk0_nap8_tph128_seed1
wandb: Run `wandb offline` to turn off syncing.
wandb: Syncing run exp_n_abl_01_B16k_fast_hybridsmooth_topk0_nap8_tph128_seed1
wandb: ⭐️ View project at http://nucstar:8080/astarostin/Spiky
wandb: 🚀 View run at http://nucstar:8080/astarostin/Spiky/runs/exp_n_abl_01_B16k_fast_hybridsmooth_topk0_nap8_tph128_seed1
[wandb] online: run exp_n_abl_01_B16k_fast_hybridsmooth_topk0_nap8_tph128_seed1 -> /home/nebius-h100/.cache/wandb/wandb/run-20260913_221603-exp_n_abl_01_B16k_fast_hybridsmooth_topk0_nap8_tph128_seed1/files
/home/nebius-h100/venv/lib/python3.12/site-packages/torch/_inductor/compile_fx.py:321: UserWarning: TensorFloat32 tensor cores for float32 matrix multiplication available but not enabled. Consider setting `torch.set_float32_matmul_precision('high')` for better performance.
  warnings.warn(
step      1 | loss=10.4804 | lr=1.87e-07
step    100 | loss=10.1235 | lr=1.87e-05
step    200 | loss=9.3881 | lr=3.75e-05
step    300 | loss=8.4399 | lr=5.62e-05
step    400 | loss=7.6293 | lr=7.50e-05
step    500 | loss=7.0595 | lr=9.37e-05
[VAL] step 500: bpb=2.0130
step    600 | loss=6.6536 | lr=1.12e-04
step    700 | loss=6.3746 | lr=1.31e-04
step    800 | loss=6.1843 | lr=1.50e-04
step    900 | loss=6.0145 | lr=1.69e-04
step   1000 | loss=5.8804 | lr=1.87e-04
[VAL] step 1000: bpb=1.7554
step   1100 | loss=5.7551 | lr=2.06e-04
step   1200 | loss=5.6397 | lr=2.25e-04
step   1300 | loss=5.5352 | lr=2.44e-04
step   1400 | loss=5.4398 | lr=2.62e-04
step   1500 | loss=5.3502 | lr=2.81e-04
[VAL] step 1500: bpb=1.6091
step   1600 | loss=5.2800 | lr=3.00e-04
step   1700 | loss=5.1959 | lr=3.00e-04
step   1800 | loss=5.1219 | lr=3.00e-04
step   1900 | loss=5.0502 | lr=3.00e-04
step   2000 | loss=4.9941 | lr=2.99e-04
[VAL] step 2000: bpb=1.5110
step   2100 | loss=4.9384 | lr=2.99e-04
step   2200 | loss=4.8930 | lr=2.99e-04
step   2300 | loss=4.8515 | lr=2.98e-04
step   2400 | loss=4.8080 | lr=2.98e-04
step   2500 | loss=4.7602 | lr=2.97e-04
[VAL] step 2500: bpb=1.4442
step   2600 | loss=4.7130 | lr=2.97e-04
step   2700 | loss=4.6756 | lr=2.96e-04
step   2800 | loss=4.6304 | lr=2.95e-04
step   2900 | loss=4.5897 | lr=2.95e-04
step   3000 | loss=4.5606 | lr=2.94e-04
[VAL] step 3000: bpb=1.3861
step   3100 | loss=4.5405 | lr=2.93e-04
step   3200 | loss=4.5091 | lr=2.92e-04
step   3300 | loss=4.4701 | lr=2.91e-04
step   3400 | loss=4.4480 | lr=2.90e-04
step   3500 | loss=4.4177 | lr=2.89e-04
[VAL] step 3500: bpb=1.3477
step   3600 | loss=4.3957 | lr=2.87e-04
step   3700 | loss=4.3786 | lr=2.86e-04
step   3800 | loss=4.3741 | lr=2.85e-04
step   3900 | loss=4.3553 | lr=2.83e-04
step   4000 | loss=4.3345 | lr=2.82e-04
[VAL] step 4000: bpb=1.3205
step   4100 | loss=4.3124 | lr=2.80e-04
step   4200 | loss=4.2942 | lr=2.79e-04
step   4300 | loss=4.2785 | lr=2.77e-04
step   4400 | loss=4.2665 | lr=2.76e-04
step   4500 | loss=4.2569 | lr=2.74e-04
[VAL] step 4500: bpb=1.3002
step   4600 | loss=4.2504 | lr=2.72e-04
step   4700 | loss=4.2340 | lr=2.70e-04
step   4800 | loss=4.2219 | lr=2.68e-04
step   4900 | loss=4.2077 | lr=2.66e-04
step   5000 | loss=4.2081 | lr=2.65e-04
[VAL] step 5000: bpb=1.2824
step   5100 | loss=4.1928 | lr=2.63e-04
step   5200 | loss=4.1957 | lr=2.60e-04
step   5300 | loss=4.1991 | lr=2.58e-04
step   5400 | loss=4.1951 | lr=2.56e-04
step   5500 | loss=4.1709 | lr=2.54e-04
[VAL] step 5500: bpb=1.2689
step   5600 | loss=4.1509 | lr=2.52e-04
step   5700 | loss=4.1362 | lr=2.49e-04
step   5800 | loss=4.1241 | lr=2.47e-04
step   5900 | loss=4.1146 | lr=2.45e-04
step   6000 | loss=4.1117 | lr=2.42e-04
[VAL] step 6000: bpb=1.2565
step   6100 | loss=4.1039 | lr=2.40e-04
step   6200 | loss=4.0991 | lr=2.38e-04
step   6300 | loss=4.0870 | lr=2.35e-04
step   6400 | loss=4.0807 | lr=2.32e-04
step   6500 | loss=4.0809 | lr=2.30e-04
[VAL] step 6500: bpb=1.2462
step   6600 | loss=4.0675 | lr=2.27e-04
step   6700 | loss=4.0639 | lr=2.25e-04
step   6800 | loss=4.0676 | lr=2.22e-04
step   6900 | loss=4.0528 | lr=2.19e-04
step   7000 | loss=4.0375 | lr=2.17e-04
[VAL] step 7000: bpb=1.2381
step   7100 | loss=4.0199 | lr=2.14e-04
step   7200 | loss=4.0133 | lr=2.11e-04
step   7300 | loss=4.0169 | lr=2.08e-04
step   7400 | loss=4.0165 | lr=2.06e-04
step   7500 | loss=4.0088 | lr=2.03e-04
[VAL] step 7500: bpb=1.2292
step   7600 | loss=3.9984 | lr=2.00e-04
step   7700 | loss=3.9826 | lr=1.97e-04
step   7800 | loss=3.9809 | lr=1.94e-04
step   7900 | loss=3.9788 | lr=1.91e-04
step   8000 | loss=3.9722 | lr=1.88e-04
[VAL] step 8000: bpb=1.2231
step   8100 | loss=3.9655 | lr=1.86e-04
step   8200 | loss=3.9673 | lr=1.83e-04
step   8300 | loss=3.9694 | lr=1.80e-04
step   8400 | loss=3.9539 | lr=1.77e-04
step   8500 | loss=3.9418 | lr=1.74e-04
[VAL] step 8500: bpb=1.2157
step   8600 | loss=3.9387 | lr=1.71e-04
step   8700 | loss=3.9309 | lr=1.68e-04
step   8800 | loss=3.9273 | lr=1.65e-04
step   8900 | loss=3.9275 | lr=1.62e-04
step   9000 | loss=3.9310 | lr=1.59e-04
[VAL] step 9000: bpb=1.2100
step   9100 | loss=3.9169 | lr=1.56e-04
step   9200 | loss=3.9152 | lr=1.53e-04
step   9300 | loss=3.9029 | lr=1.50e-04
step   9400 | loss=3.8986 | lr=1.47e-04
step   9500 | loss=3.8911 | lr=1.44e-04
[VAL] step 9500: bpb=1.2044
step   9600 | loss=3.8931 | lr=1.42e-04
step   9700 | loss=3.8901 | lr=1.39e-04
step   9800 | loss=3.8958 | lr=1.36e-04
step   9900 | loss=3.8807 | lr=1.33e-04
step  10000 | loss=3.8746 | lr=1.30e-04
[VAL] step 10000: bpb=1.1992
step  10100 | loss=3.8714 | lr=1.27e-04
step  10200 | loss=3.8701 | lr=1.24e-04
step  10300 | loss=3.8622 | lr=1.22e-04
step  10400 | loss=3.8821 | lr=1.19e-04
step  10500 | loss=3.8822 | lr=1.16e-04
[VAL] step 10500: bpb=1.1947
step  10600 | loss=3.8856 | lr=1.13e-04
step  10700 | loss=3.8520 | lr=1.11e-04
step  10800 | loss=3.8501 | lr=1.08e-04
step  10900 | loss=3.8416 | lr=1.05e-04
step  11000 | loss=3.8239 | lr=1.03e-04
[VAL] step 11000: bpb=1.1907
step  11100 | loss=3.8274 | lr=1.00e-04
step  11200 | loss=3.8287 | lr=9.75e-05
step  11300 | loss=3.8271 | lr=9.50e-05
step  11400 | loss=3.8286 | lr=9.25e-05
step  11500 | loss=3.8128 | lr=9.00e-05
[VAL] step 11500: bpb=1.1872
step  11600 | loss=3.8133 | lr=8.76e-05
step  11700 | loss=3.8175 | lr=8.52e-05
step  11800 | loss=3.8111 | lr=8.28e-05
step  11900 | loss=3.8120 | lr=8.05e-05
step  12000 | loss=3.8060 | lr=7.82e-05
[VAL] step 12000: bpb=1.1834
step  12100 | loss=3.8009 | lr=7.60e-05
step  12200 | loss=3.7881 | lr=7.38e-05
step  12300 | loss=3.7792 | lr=7.16e-05
step  12400 | loss=3.7797 | lr=6.95e-05
step  12500 | loss=3.7813 | lr=6.75e-05
[VAL] step 12500: bpb=1.1805
step  12600 | loss=3.7782 | lr=6.55e-05
step  12700 | loss=3.7780 | lr=6.35e-05
step  12800 | loss=3.7692 | lr=6.16e-05
step  12900 | loss=3.7599 | lr=5.97e-05
step  13000 | loss=3.7657 | lr=5.79e-05
[VAL] step 13000: bpb=1.1779
step  13100 | loss=3.7560 | lr=5.61e-05
step  13200 | loss=3.7561 | lr=5.44e-05
step  13300 | loss=3.7557 | lr=5.28e-05
step  13400 | loss=3.7604 | lr=5.11e-05
step  13500 | loss=3.7613 | lr=4.96e-05
[VAL] step 13500: bpb=1.1758
step  13600 | loss=3.7517 | lr=4.81e-05
step  13700 | loss=3.7414 | lr=4.66e-05
step  13800 | loss=3.7411 | lr=4.53e-05
step  13900 | loss=3.7369 | lr=4.39e-05
step  14000 | loss=3.7401 | lr=4.26e-05
[VAL] step 14000: bpb=1.1734
step  14100 | loss=3.7398 | lr=4.14e-05
step  14200 | loss=3.7445 | lr=4.03e-05
step  14300 | loss=3.7392 | lr=3.92e-05
step  14400 | loss=3.7334 | lr=3.81e-05
step  14500 | loss=3.7238 | lr=3.72e-05
[VAL] step 14500: bpb=1.1721
step  14600 | loss=3.7212 | lr=3.62e-05
step  14700 | loss=3.7145 | lr=3.54e-05
step  14800 | loss=3.7226 | lr=3.46e-05
step  14900 | loss=3.7258 | lr=3.39e-05
step  15000 | loss=3.7270 | lr=3.32e-05
[VAL] step 15000: bpb=1.1707
step  15100 | loss=3.7168 | lr=3.26e-05
step  15200 | loss=3.7139 | lr=3.21e-05
step  15300 | loss=3.7159 | lr=3.16e-05
step  15400 | loss=3.7224 | lr=3.12e-05
step  15500 | loss=3.7165 | lr=3.08e-05
[VAL] step 15500: bpb=1.1697
step  15600 | loss=3.7462 | lr=3.05e-05
step  15700 | loss=3.7401 | lr=3.03e-05
step  15800 | loss=3.7332 | lr=3.01e-05
step  15900 | loss=3.7093 | lr=3.00e-05
step  16000 | loss=3.7102 | lr=3.00e-05
[VAL] step 16000: bpb=1.1694

=== DONE ===
{
  "exp_name": "exp_n_abl_01_B16k_fast_hybridsmooth_topk0_nap8_tph128_seed1",
  "best_val_bpb": 1.1694005653234838,
  "final_val_bpb": 1.1694005653234838,
  "total_params": 67351692,
  "training_time_hours": 2.103,
  "eval_protocol": {
    "eval_batch_size": 48,
    "eval_steps": 100,
    "skip_rows": 12,
    "batch_size_independent": true
  }
}
wandb: updating run metadata
wandb: uploading history steps 1599-1600, summary
wandb: 
wandb: Run history:
wandb: ln1_norm_L0 ██▇▇▆▆▅▄▄▃▃▃▂▂▂▂▁▁▁▁▁▁▁▁▁▁▁▁▁▁▁▁
wandb: ln1_norm_L1 ████▇▇▆▆▅▅▄▄▃▃▃▂▂▂▂▂▂▁▁▁▁▁▁▁▁▁▁▁
wandb: ln1_norm_L2 ███▇▆▅▅▄▃▃▂▂▂▁▁▁▁▁▁▁▁▁▁▁▁▁▁▁▁▁▁▁
wandb: ln1_norm_L3 ███▇▆▅▅▄▃▃▃▂▂▂▁▁▁▁▁▁▁▁▁▁▁▁▁▁▁▁▁▁
wandb: ln1_norm_L4 ▁▁▁▁▂▃▄▅▅▅▆▆▆▆▆▇▇▇▇▇▇▇▇█████████
wandb: ln1_norm_L5 ▁▁▁▂▂▂▃▃▄▄▄▅▅▅▆▆▆▆▇▇▇▇▇▇▇███████
wandb: ln2_mean_L0 ████▇▇▇▆▅▅▄▄▃▃▂▂▂▂▁▁▁▁▁▁▁▁▁▁▁▁▁▁
wandb: ln2_mean_L1 ▆▇███▇▇▆▅▅▄▄▃▃▂▂▂▁▁▁▁▁▁▁▁▁▁▁▁▁▁▁
wandb: ln2_mean_L2 ▆▇███▇▇▆▅▅▄▄▃▃▃▂▂▂▂▂▁▁▁▁▁▁▁▁▁▁▁▁
wandb: ln2_mean_L3 ▇▇██▇▇▆▅▅▄▄▄▃▃▃▂▂▂▂▂▁▁▁▁▁▁▁▁▁▁▁▁
wandb:         +22 ...
wandb: 
wandb: Run summary:
wandb:  best_val_bpb 1.1694
wandb:      exp_name exp_n_abl_01_B16k_fa...
wandb: final_val_bpb 1.1694
wandb:   ln1_norm_L0 14.37164
wandb:   ln1_norm_L1 18.99793
wandb:   ln1_norm_L2 18.21853
wandb:   ln1_norm_L3 18.72401
wandb:   ln1_norm_L4 22.06748
wandb:   ln1_norm_L5 22.12591
wandb:   ln2_mean_L0 0.82734
wandb:           +27 ...
wandb: 
wandb: 🚀 View run exp_n_abl_01_B16k_fast_hybridsmooth_topk0_nap8_tph128_seed1 at: http://nucstar:8080/astarostin/Spiky/runs/exp_n_abl_01_B16k_fast_hybridsmooth_topk0_nap8_tph128_seed1
wandb: ⭐️ View project at: http://nucstar:8080/astarostin/Spiky
wandb: Synced 5 W&B file(s), 0 media file(s), 0 artifact file(s) and 0 other file(s)
wandb: Find logs at: /home/nebius-h100/.cache/wandb/wandb/run-20260913_221603-exp_n_abl_01_B16k_fast_hybridsmooth_topk0_nap8_tph128_seed1/logs
[wandb] finished in 0.6s
