Loading tokenizer from /home/starost/.cache/nanochat/tokenizer
Vocab size: 32768, BOS id: 32759
Total params (all fp32): 392,005,126
Q/K Joint MHLut: in_nap=8 tph=384 d_qk=32 (n_outputs=2*d_qk=64)
V MHLut:         in_nap=8 tph=256 d_v=32 (n_outputs=d_v)
out_proj MHLut:  in_nap=6 tph=3056 (n_outputs=E=64) + LayerNorm
Tokens/micro-batch: 4,096 | grad_accum: 1 | effective batch: 4,096 tokens
step      1 | loss=10.5313 | lr=3.75e-07
step    100 | loss=9.9036 | lr=3.75e-05
step    200 | loss=8.9554 | lr=7.50e-05
[VAL] step 200: bpb=2.4388
step    300 | loss=8.0852 | lr=1.12e-04
step    400 | loss=7.4962 | lr=1.50e-04
[VAL] step 400: bpb=2.1531
step    500 | loss=7.1128 | lr=1.87e-04
step    600 | loss=6.9167 | lr=2.25e-04
[VAL] step 600: bpb=2.0600
step    700 | loss=6.7896 | lr=2.62e-04
step    800 | loss=6.6922 | lr=3.00e-04
[VAL] step 800: bpb=2.0238
step    900 | loss=6.6231 | lr=3.00e-04
step   1000 | loss=6.5708 | lr=2.99e-04
[VAL] step 1000: bpb=1.9908
step   1100 | loss=6.5267 | lr=2.99e-04
step   1200 | loss=6.4858 | lr=2.98e-04
[VAL] step 1200: bpb=1.9678
step   1300 | loss=6.4295 | lr=2.97e-04
step   1400 | loss=6.4074 | lr=2.95e-04
[VAL] step 1400: bpb=1.9476
step   1500 | loss=6.3751 | lr=2.94e-04
step   1600 | loss=6.3125 | lr=2.92e-04
[VAL] step 1600: bpb=1.9226
step   1700 | loss=6.2829 | lr=2.90e-04
step   1800 | loss=6.2519 | lr=2.87e-04
[VAL] step 1800: bpb=1.9023
step   1900 | loss=6.2207 | lr=2.85e-04
step   2000 | loss=6.1845 | lr=2.82e-04
[VAL] step 2000: bpb=1.8830
step   2100 | loss=6.1379 | lr=2.79e-04
step   2200 | loss=6.1108 | lr=2.76e-04
[VAL] step 2200: bpb=1.8668
step   2300 | loss=6.0862 | lr=2.72e-04
step   2400 | loss=6.0760 | lr=2.68e-04
[VAL] step 2400: bpb=1.8532
step   2500 | loss=6.0558 | lr=2.65e-04
step   2600 | loss=6.0393 | lr=2.60e-04
[VAL] step 2600: bpb=1.8383
step   2700 | loss=6.0047 | lr=2.56e-04
step   2800 | loss=5.9895 | lr=2.52e-04
[VAL] step 2800: bpb=1.8280
step   2900 | loss=5.9612 | lr=2.47e-04
step   3000 | loss=5.9495 | lr=2.42e-04
[VAL] step 3000: bpb=1.8162
step   3100 | loss=5.9352 | lr=2.38e-04
step   3200 | loss=5.9233 | lr=2.32e-04
[VAL] step 3200: bpb=1.8058
step   3300 | loss=5.9101 | lr=2.27e-04
step   3400 | loss=5.8727 | lr=2.22e-04
[VAL] step 3400: bpb=1.8000
step   3500 | loss=5.8623 | lr=2.17e-04
step   3600 | loss=5.8716 | lr=2.11e-04
[VAL] step 3600: bpb=1.7934
step   3700 | loss=5.8471 | lr=2.06e-04
step   3800 | loss=5.8346 | lr=2.00e-04
[VAL] step 3800: bpb=1.7855
step   3900 | loss=5.8110 | lr=1.94e-04
step   4000 | loss=5.7960 | lr=1.88e-04
[VAL] step 4000: bpb=1.7792
step   4100 | loss=5.8205 | lr=1.83e-04
step   4200 | loss=5.7911 | lr=1.77e-04
[VAL] step 4200: bpb=1.7734
step   4300 | loss=5.7981 | lr=1.71e-04
step   4400 | loss=5.7828 | lr=1.65e-04
[VAL] step 4400: bpb=1.7662
step   4500 | loss=5.7685 | lr=1.59e-04
step   4600 | loss=5.7573 | lr=1.53e-04
[VAL] step 4600: bpb=1.7611
step   4700 | loss=5.7584 | lr=1.47e-04
step   4800 | loss=5.7566 | lr=1.42e-04
[VAL] step 4800: bpb=1.7570
step   4900 | loss=5.7326 | lr=1.36e-04
step   5000 | loss=5.7276 | lr=1.30e-04
[VAL] step 5000: bpb=1.7500
step   5100 | loss=5.7127 | lr=1.24e-04
step   5200 | loss=5.6952 | lr=1.19e-04
[VAL] step 5200: bpb=1.7450
step   5300 | loss=5.6849 | lr=1.13e-04
step   5400 | loss=5.6692 | lr=1.08e-04
[VAL] step 5400: bpb=1.7426
step   5500 | loss=5.6747 | lr=1.03e-04
step   5600 | loss=5.6891 | lr=9.75e-05
[VAL] step 5600: bpb=1.7384
step   5700 | loss=5.6711 | lr=9.25e-05
step   5800 | loss=5.6630 | lr=8.76e-05
[VAL] step 5800: bpb=1.7349
step   5900 | loss=5.6679 | lr=8.28e-05
step   6000 | loss=5.6534 | lr=7.82e-05
[VAL] step 6000: bpb=1.7303
step   6100 | loss=5.6395 | lr=7.38e-05
step   6200 | loss=5.6374 | lr=6.95e-05
[VAL] step 6200: bpb=1.7284
step   6300 | loss=5.6428 | lr=6.55e-05
step   6400 | loss=5.6242 | lr=6.16e-05
[VAL] step 6400: bpb=1.7255
step   6500 | loss=5.6184 | lr=5.79e-05
step   6600 | loss=5.6237 | lr=5.44e-05
[VAL] step 6600: bpb=1.7221
step   6700 | loss=5.6170 | lr=5.11e-05
step   6800 | loss=5.6081 | lr=4.81e-05
[VAL] step 6800: bpb=1.7196
step   6900 | loss=5.6093 | lr=4.53e-05
step   7000 | loss=5.6104 | lr=4.26e-05
[VAL] step 7000: bpb=1.7177
step   7100 | loss=5.6028 | lr=4.03e-05
step   7200 | loss=5.6060 | lr=3.81e-05
[VAL] step 7200: bpb=1.7172
step   7300 | loss=5.5919 | lr=3.62e-05
step   7400 | loss=5.6025 | lr=3.46e-05
[VAL] step 7400: bpb=1.7149
step   7500 | loss=5.5903 | lr=3.32e-05
step   7600 | loss=5.5836 | lr=3.21e-05
[VAL] step 7600: bpb=1.7124
step   7700 | loss=5.5729 | lr=3.12e-05
step   7800 | loss=5.5878 | lr=3.05e-05
[VAL] step 7800: bpb=1.7110
step   7900 | loss=5.5851 | lr=3.01e-05
step   8000 | loss=5.5750 | lr=3.00e-05
[VAL] step 8000: bpb=1.7101

=== DONE ===
{
  "exp_name": "exp144_qk_tph384",
  "best_val_bpb": 1.7101483520008947,
  "final_val_bpb": 1.7101483520008947,
  "n_params": 392005126,
  "training_time_hours": 0.666
}
