Loading tokenizer from /home/starost/.cache/nanochat/tokenizer
Vocab size: 32768, BOS id: 32759
Total params (all fp32): 316,507,654
Q/K Joint MHLut: in_nap=8 tph=256 d_qk=32 (n_outputs=2*d_qk=64)
V MHLut:         in_nap=8 tph=256 d_v=32 (n_outputs=d_v)
out_proj MHLut:  in_nap=6 tph=3056 (n_outputs=E=64) + LayerNorm
Tokens/micro-batch: 4,096 | grad_accum: 1 | effective batch: 4,096 tokens
step      1 | loss=10.5329 | lr=3.75e-07
step    100 | loss=9.9049 | lr=3.75e-05
step    200 | loss=8.9592 | lr=7.50e-05
[VAL] step 200: bpb=2.4431
step    300 | loss=8.1182 | lr=1.12e-04
step    400 | loss=7.5788 | lr=1.50e-04
[VAL] step 400: bpb=2.1796
step    500 | loss=7.1857 | lr=1.87e-04
step    600 | loss=6.9750 | lr=2.25e-04
[VAL] step 600: bpb=2.0751
step    700 | loss=6.8359 | lr=2.62e-04
step    800 | loss=6.7284 | lr=3.00e-04
[VAL] step 800: bpb=2.0315
step    900 | loss=6.6546 | lr=3.00e-04
step   1000 | loss=6.5999 | lr=2.99e-04
[VAL] step 1000: bpb=2.0015
step   1100 | loss=6.5515 | lr=2.99e-04
step   1200 | loss=6.5085 | lr=2.98e-04
[VAL] step 1200: bpb=1.9740
step   1300 | loss=6.4513 | lr=2.97e-04
step   1400 | loss=6.4247 | lr=2.95e-04
[VAL] step 1400: bpb=1.9521
step   1500 | loss=6.3889 | lr=2.94e-04
step   1600 | loss=6.3223 | lr=2.92e-04
[VAL] step 1600: bpb=1.9276
step   1700 | loss=6.2927 | lr=2.90e-04
step   1800 | loss=6.2617 | lr=2.87e-04
[VAL] step 1800: bpb=1.9072
step   1900 | loss=6.2303 | lr=2.85e-04
step   2000 | loss=6.1994 | lr=2.82e-04
[VAL] step 2000: bpb=1.8924
step   2100 | loss=6.1558 | lr=2.79e-04
step   2200 | loss=6.1326 | lr=2.76e-04
[VAL] step 2200: bpb=1.8764
step   2300 | loss=6.1076 | lr=2.72e-04
step   2400 | loss=6.0976 | lr=2.68e-04
[VAL] step 2400: bpb=1.8600
step   2500 | loss=6.0777 | lr=2.65e-04
step   2600 | loss=6.0643 | lr=2.60e-04
[VAL] step 2600: bpb=1.8476
step   2700 | loss=6.0303 | lr=2.56e-04
step   2800 | loss=6.0198 | lr=2.52e-04
[VAL] step 2800: bpb=1.8374
step   2900 | loss=5.9945 | lr=2.47e-04
step   3000 | loss=5.9817 | lr=2.42e-04
[VAL] step 3000: bpb=1.8267
step   3100 | loss=5.9668 | lr=2.38e-04
step   3200 | loss=5.9540 | lr=2.32e-04
[VAL] step 3200: bpb=1.8173
step   3300 | loss=5.9429 | lr=2.27e-04
step   3400 | loss=5.9071 | lr=2.22e-04
[VAL] step 3400: bpb=1.8117
step   3500 | loss=5.8981 | lr=2.17e-04
step   3600 | loss=5.9060 | lr=2.11e-04
[VAL] step 3600: bpb=1.8049
step   3700 | loss=5.8830 | lr=2.06e-04
step   3800 | loss=5.8746 | lr=2.00e-04
[VAL] step 3800: bpb=1.7980
step   3900 | loss=5.8512 | lr=1.94e-04
step   4000 | loss=5.8355 | lr=1.88e-04
[VAL] step 4000: bpb=1.7923
step   4100 | loss=5.8620 | lr=1.83e-04
step   4200 | loss=5.8338 | lr=1.77e-04
[VAL] step 4200: bpb=1.7864
step   4300 | loss=5.8394 | lr=1.71e-04
step   4400 | loss=5.8259 | lr=1.65e-04
[VAL] step 4400: bpb=1.7807
step   4500 | loss=5.8131 | lr=1.59e-04
step   4600 | loss=5.8003 | lr=1.53e-04
[VAL] step 4600: bpb=1.7759
step   4700 | loss=5.8022 | lr=1.47e-04
step   4800 | loss=5.8007 | lr=1.42e-04
[VAL] step 4800: bpb=1.7692
step   4900 | loss=5.7769 | lr=1.36e-04
step   5000 | loss=5.7728 | lr=1.30e-04
[VAL] step 5000: bpb=1.7622
step   5100 | loss=5.7585 | lr=1.24e-04
step   5200 | loss=5.7411 | lr=1.19e-04
[VAL] step 5200: bpb=1.7584
step   5300 | loss=5.7312 | lr=1.13e-04
step   5400 | loss=5.7160 | lr=1.08e-04
[VAL] step 5400: bpb=1.7567
step   5500 | loss=5.7200 | lr=1.03e-04
step   5600 | loss=5.7345 | lr=9.75e-05
[VAL] step 5600: bpb=1.7518
step   5700 | loss=5.7166 | lr=9.25e-05
step   5800 | loss=5.7088 | lr=8.76e-05
[VAL] step 5800: bpb=1.7498
step   5900 | loss=5.7158 | lr=8.28e-05
step   6000 | loss=5.6990 | lr=7.82e-05
[VAL] step 6000: bpb=1.7453
step   6100 | loss=5.6876 | lr=7.38e-05
step   6200 | loss=5.6845 | lr=6.95e-05
[VAL] step 6200: bpb=1.7437
step   6300 | loss=5.6900 | lr=6.55e-05
step   6400 | loss=5.6704 | lr=6.16e-05
[VAL] step 6400: bpb=1.7394
step   6500 | loss=5.6642 | lr=5.79e-05
step   6600 | loss=5.6712 | lr=5.44e-05
[VAL] step 6600: bpb=1.7371
step   6700 | loss=5.6661 | lr=5.11e-05
step   6800 | loss=5.6589 | lr=4.81e-05
[VAL] step 6800: bpb=1.7347
step   6900 | loss=5.6566 | lr=4.53e-05
step   7000 | loss=5.6575 | lr=4.26e-05
[VAL] step 7000: bpb=1.7327
step   7100 | loss=5.6513 | lr=4.03e-05
step   7200 | loss=5.6533 | lr=3.81e-05
[VAL] step 7200: bpb=1.7303
step   7300 | loss=5.6422 | lr=3.62e-05
step   7400 | loss=5.6518 | lr=3.46e-05
[VAL] step 7400: bpb=1.7290
step   7500 | loss=5.6387 | lr=3.32e-05
step   7600 | loss=5.6313 | lr=3.21e-05
[VAL] step 7600: bpb=1.7273
step   7700 | loss=5.6237 | lr=3.12e-05
step   7800 | loss=5.6361 | lr=3.05e-05
[VAL] step 7800: bpb=1.7257
step   7900 | loss=5.6338 | lr=3.01e-05
step   8000 | loss=5.6241 | lr=3.00e-05
[VAL] step 8000: bpb=1.7250

=== DONE ===
{
  "exp_name": "exp141_e64_out_nap6",
  "best_val_bpb": 1.724997723648421,
  "final_val_bpb": 1.724997723648421,
  "n_params": 316507654,
  "training_time_hours": 0.602
}
