Loading tokenizer from /home/starost/.cache/nanochat/tokenizer
Vocab size: 32768, BOS id: 32759
V2DSDPATransformer: depth=6, E=384, H=6, E_H=64, D=3297, seq_len=512
LUT: nap=6 (2^nap=64 cells), tph=4096, n_sparse=32, n_alt=1, smooth=False
Params: 99,471,360
AdamW groups: decay=49,134,336 lut_nodecay=50,331,648 nodecay=5,376
Tokens/micro-batch: 4,096 | grad_accum: 1 | effective batch: 4,096 tokens
step      1 | loss=10.4664 | lr=3.75e-07
step    100 | loss=9.9478 | lr=3.75e-05
step    200 | loss=8.9303 | lr=7.50e-05
[VAL] step 200: bpb=2.4020
step    300 | loss=8.0262 | lr=1.12e-04
step    400 | loss=7.5059 | lr=1.50e-04
[VAL] step 400: bpb=2.1739
step    500 | loss=7.1546 | lr=1.87e-04
step    600 | loss=6.9651 | lr=2.25e-04
[VAL] step 600: bpb=2.0764
step    700 | loss=6.8421 | lr=2.62e-04
step    800 | loss=6.7460 | lr=3.00e-04
[VAL] step 800: bpb=2.0447
step    900 | loss=6.6830 | lr=3.00e-04
step   1000 | loss=6.6457 | lr=2.99e-04
[VAL] step 1000: bpb=2.0179
step   1100 | loss=6.6200 | lr=2.99e-04
step   1200 | loss=6.6034 | lr=2.98e-04
[VAL] step 1200: bpb=2.0079
step   1300 | loss=6.5708 | lr=2.97e-04
step   1400 | loss=6.5768 | lr=2.95e-04
[VAL] step 1400: bpb=2.0103
step   1500 | loss=6.5724 | lr=2.94e-04
step   1600 | loss=6.5378 | lr=2.92e-04
[VAL] step 1600: bpb=1.9995
step   1700 | loss=6.5403 | lr=2.90e-04
step   1800 | loss=6.5444 | lr=2.87e-04
[VAL] step 1800: bpb=2.0012
step   1900 | loss=6.5512 | lr=2.85e-04
step   2000 | loss=6.5556 | lr=2.82e-04
[VAL] step 2000: bpb=2.0114
step   2100 | loss=6.5551 | lr=2.79e-04
step   2200 | loss=6.5560 | lr=2.76e-04
[VAL] step 2200: bpb=2.0072
