Loading tokenizer from /home/starost/.cache/nanochat/tokenizer
Vocab size: 32768, BOS id: 32759
V2DSDPATransformer: depth=6, E=192, H=6, E_H=32, E_QK=64, D=1456, seq_len=512
LUT: nap=6 (2^nap=64 cells), tph=1536, n_sparse=32, n_alt=1, smooth=True
Params: 114,410,880
AdamW groups: decay=38,903,808 lut_nodecay=75,497,472 nodecay=9,600
Tokens/micro-batch: 4,096 | grad_accum: 1 | effective batch: 4,096 tokens
step      1 | loss=10.4025 | lr=3.75e-07
step    100 | loss=10.2225 | lr=3.75e-05
step    200 | loss=9.0631 | lr=7.50e-05
[VAL] step 200: bpb=2.3387
step    300 | loss=8.0622 | lr=1.12e-04
step    400 | loss=7.5479 | lr=1.50e-04
[VAL] step 400: bpb=2.1911
step    500 | loss=7.2620 | lr=1.87e-04
step    600 | loss=7.0659 | lr=2.25e-04
[VAL] step 600: bpb=2.1135
step    700 | loss=6.9261 | lr=2.62e-04
step    800 | loss=6.8069 | lr=3.00e-04
[VAL] step 800: bpb=2.0535
step    900 | loss=6.7207 | lr=3.00e-04
step   1000 | loss=6.6597 | lr=2.99e-04
[VAL] step 1000: bpb=2.0136
step   1100 | loss=6.6110 | lr=2.99e-04
step   1200 | loss=6.5682 | lr=2.98e-04
[VAL] step 1200: bpb=1.9904
step   1300 | loss=6.5149 | lr=2.97e-04
step   1400 | loss=6.4987 | lr=2.95e-04
[VAL] step 1400: bpb=1.9765
step   1500 | loss=6.4758 | lr=2.94e-04
step   1600 | loss=6.4227 | lr=2.92e-04
[VAL] step 1600: bpb=1.9590
step   1700 | loss=6.4063 | lr=2.90e-04
step   1800 | loss=6.3920 | lr=2.87e-04
[VAL] step 1800: bpb=1.9470
step   1900 | loss=6.3742 | lr=2.85e-04
step   2000 | loss=6.3525 | lr=2.82e-04
[VAL] step 2000: bpb=1.9364
step   2100 | loss=6.3244 | lr=2.79e-04
step   2200 | loss=6.3067 | lr=2.76e-04
[VAL] step 2200: bpb=1.9274
step   2300 | loss=6.2856 | lr=2.72e-04
step   2400 | loss=6.2761 | lr=2.68e-04
[VAL] step 2400: bpb=1.9154
step   2500 | loss=6.2618 | lr=2.65e-04
step   2600 | loss=6.2532 | lr=2.60e-04
[VAL] step 2600: bpb=1.9067
step   2700 | loss=6.2215 | lr=2.56e-04
step   2800 | loss=6.2120 | lr=2.52e-04
[VAL] step 2800: bpb=1.8956
step   2900 | loss=6.1868 | lr=2.47e-04
step   3000 | loss=6.1725 | lr=2.42e-04
[VAL] step 3000: bpb=1.8862
step   3100 | loss=6.1521 | lr=2.38e-04
step   3200 | loss=6.1314 | lr=2.32e-04
[VAL] step 3200: bpb=1.8683
step   3300 | loss=6.1120 | lr=2.27e-04
step   3400 | loss=6.0712 | lr=2.22e-04
[VAL] step 3400: bpb=1.8578
step   3500 | loss=6.0542 | lr=2.17e-04
step   3600 | loss=6.0542 | lr=2.11e-04
[VAL] step 3600: bpb=1.8497
step   3700 | loss=6.0295 | lr=2.06e-04
step   3800 | loss=6.0091 | lr=2.00e-04
[VAL] step 3800: bpb=1.8386
step   3900 | loss=5.9802 | lr=1.94e-04
step   4000 | loss=5.9625 | lr=1.88e-04
[VAL] step 4000: bpb=1.8283
step   4100 | loss=5.9810 | lr=1.83e-04
step   4200 | loss=5.9482 | lr=1.77e-04
[VAL] step 4200: bpb=1.8183
step   4300 | loss=5.9480 | lr=1.71e-04
step   4400 | loss=5.9289 | lr=1.65e-04
[VAL] step 4400: bpb=1.8122
step   4500 | loss=5.9148 | lr=1.59e-04
step   4600 | loss=5.9004 | lr=1.53e-04
[VAL] step 4600: bpb=1.8035
step   4700 | loss=5.8975 | lr=1.47e-04
step   4800 | loss=5.8920 | lr=1.42e-04
[VAL] step 4800: bpb=1.7969
step   4900 | loss=5.8656 | lr=1.36e-04
step   5000 | loss=5.8585 | lr=1.30e-04
[VAL] step 5000: bpb=1.7884
step   5100 | loss=5.8400 | lr=1.24e-04
step   5200 | loss=5.8204 | lr=1.19e-04
[VAL] step 5200: bpb=1.7839
step   5300 | loss=5.8084 | lr=1.13e-04
step   5400 | loss=5.7939 | lr=1.08e-04
[VAL] step 5400: bpb=1.7778
step   5500 | loss=5.7925 | lr=1.03e-04
step   5600 | loss=5.8038 | lr=9.75e-05
[VAL] step 5600: bpb=1.7736
step   5700 | loss=5.7879 | lr=9.25e-05
step   5800 | loss=5.7787 | lr=8.76e-05
[VAL] step 5800: bpb=1.7690
step   5900 | loss=5.7823 | lr=8.28e-05
step   6000 | loss=5.7664 | lr=7.82e-05
[VAL] step 6000: bpb=1.7640
step   6100 | loss=5.7544 | lr=7.38e-05
step   6200 | loss=5.7485 | lr=6.95e-05
[VAL] step 6200: bpb=1.7603
step   6300 | loss=5.7510 | lr=6.55e-05
step   6400 | loss=5.7340 | lr=6.16e-05
[VAL] step 6400: bpb=1.7570
step   6500 | loss=5.7268 | lr=5.79e-05
step   6600 | loss=5.7318 | lr=5.44e-05
[VAL] step 6600: bpb=1.7539
step   6700 | loss=5.7260 | lr=5.11e-05
step   6800 | loss=5.7182 | lr=4.81e-05
[VAL] step 6800: bpb=1.7513
step   6900 | loss=5.7179 | lr=4.53e-05
step   7000 | loss=5.7154 | lr=4.26e-05
[VAL] step 7000: bpb=1.7496
step   7100 | loss=5.7071 | lr=4.03e-05
step   7200 | loss=5.7094 | lr=3.81e-05
[VAL] step 7200: bpb=1.7470
step   7300 | loss=5.6971 | lr=3.62e-05
step   7400 | loss=5.7082 | lr=3.46e-05
[VAL] step 7400: bpb=1.7455
step   7500 | loss=5.6958 | lr=3.32e-05
step   7600 | loss=5.6870 | lr=3.21e-05
[VAL] step 7600: bpb=1.7434
step   7700 | loss=5.6784 | lr=3.12e-05
step   7800 | loss=5.6890 | lr=3.05e-05
[VAL] step 7800: bpb=1.7418
step   7900 | loss=5.6889 | lr=3.01e-05
step   8000 | loss=5.6790 | lr=3.00e-05
[VAL] step 8000: bpb=1.7407

=== DONE ===
{
  "exp_name": "exp216_v2d_linear",
  "best_val_bpb": 1.740706224522001,
  "final_val_bpb": 1.740706224522001,
  "total_params": 114410880,
  "training_time_hours": 0.554
}
