Loading tokenizer from /home/starost/.cache/nanochat/tokenizer
Vocab size: 32768, BOS id: 32759
Total params (all fp32): 129,305,990
Q/K Joint MHLut: in_nap=6 tph=256 d_qk=32 (n_outputs=2*d_qk=64)
V MHLut:         in_nap=7 tph=256 d_v=16 (n_outputs=d_v)
out_proj MHLut:  in_nap=6 tph=[2048, 2048, 1024, 1024, 1024, 1024] (n_outputs=E=96) + LayerNorm
Tokens/micro-batch: 4,096 | grad_accum: 1 | effective batch: 4,096 tokens
step      1 | loss=10.5686 | lr=3.75e-07
step    100 | loss=9.7439 | lr=3.75e-05
step    200 | loss=8.6670 | lr=7.50e-05
[VAL] step 200: bpb=2.3773
step    300 | loss=7.9979 | lr=1.12e-04
step    400 | loss=7.6584 | lr=1.50e-04
[VAL] step 400: bpb=2.2713
step    500 | loss=7.4278 | lr=1.87e-04
step    600 | loss=7.2998 | lr=2.25e-04
[VAL] step 600: bpb=2.1961
step    700 | loss=7.1968 | lr=2.62e-04
step    800 | loss=7.0915 | lr=3.00e-04
[VAL] step 800: bpb=2.1443
step    900 | loss=7.0041 | lr=3.00e-04
step   1000 | loss=6.9344 | lr=2.99e-04
[VAL] step 1000: bpb=2.0994
step   1100 | loss=6.8767 | lr=2.99e-04
step   1200 | loss=6.8190 | lr=2.98e-04
[VAL] step 1200: bpb=2.0688
step   1300 | loss=6.7507 | lr=2.97e-04
step   1400 | loss=6.7196 | lr=2.95e-04
[VAL] step 1400: bpb=2.0427
step   1500 | loss=6.6880 | lr=2.94e-04
step   1600 | loss=6.6275 | lr=2.92e-04
[VAL] step 1600: bpb=2.0214
