Loading tokenizer from /home/starost/.cache/nanochat/tokenizer
Vocab size: 32768, BOS id: 32759
Total params (all fp32): 358,420,224
Q/K Joint MHLut: in_nap=6 tph=256 d_qk=64 (n_outputs=2*d_qk=128) init_std=0.001 [no V2D, q_norm+k_norm -> SDPA]
V MHLut:         in_nap=8 tph=256 d_v=32 (n_outputs=d_v)
out_proj MHLut:  in_nap=6 tph=[2048, 2048, 1024, 1024, 1024, 1024] (n_outputs=E=96) + LayerNorm (no rank canon)
Attention:       SDPA (causal); plain default 1/sqrt(d_qk=64)=0.1250, no learnable attn_scale
Tokens/micro-batch: 4,096 | grad_accum: 1 | effective batch: 4,096 tokens
step      1 | loss=10.4165 | lr=3.75e-07
step    100 | loss=9.3570 | lr=3.75e-05
step    200 | loss=8.2253 | lr=7.50e-05
[VAL] step 200: bpb=2.3011
step    300 | loss=7.5400 | lr=1.12e-04
step    400 | loss=7.0703 | lr=1.50e-04
[VAL] step 400: bpb=2.0570
step    500 | loss=6.7881 | lr=1.87e-04
step    600 | loss=6.6573 | lr=2.25e-04
[VAL] step 600: bpb=1.9969
step    700 | loss=6.5627 | lr=2.62e-04
step    800 | loss=6.4808 | lr=3.00e-04
[VAL] step 800: bpb=1.9651
step    900 | loss=6.4159 | lr=3.00e-04
step   1000 | loss=6.3605 | lr=2.99e-04
[VAL] step 1000: bpb=1.9323
step   1100 | loss=6.3073 | lr=2.99e-04
step   1200 | loss=6.2534 | lr=2.98e-04
[VAL] step 1200: bpb=1.8916
step   1300 | loss=6.1796 | lr=2.97e-04
step   1400 | loss=6.1374 | lr=2.95e-04
[VAL] step 1400: bpb=1.8542
step   1500 | loss=6.0805 | lr=2.94e-04
step   1600 | loss=6.0008 | lr=2.92e-04
[VAL] step 1600: bpb=1.8252
step   1700 | loss=5.9659 | lr=2.90e-04
step   1800 | loss=5.9294 | lr=2.87e-04
[VAL] step 1800: bpb=1.8010
step   1900 | loss=5.8948 | lr=2.85e-04
step   2000 | loss=5.8544 | lr=2.82e-04
[VAL] step 2000: bpb=1.7844
step   2100 | loss=5.8043 | lr=2.79e-04
step   2200 | loss=5.7794 | lr=2.76e-04
[VAL] step 2200: bpb=1.7686
step   2300 | loss=5.7578 | lr=2.72e-04
step   2400 | loss=5.7486 | lr=2.68e-04
[VAL] step 2400: bpb=1.7525
step   2500 | loss=5.7247 | lr=2.65e-04
step   2600 | loss=5.7066 | lr=2.60e-04
[VAL] step 2600: bpb=1.7375
step   2700 | loss=5.6738 | lr=2.56e-04
step   2800 | loss=5.6580 | lr=2.52e-04
[VAL] step 2800: bpb=1.7307
step   2900 | loss=5.6277 | lr=2.47e-04
step   3000 | loss=5.6121 | lr=2.42e-04
[VAL] step 3000: bpb=1.7185
step   3100 | loss=5.5953 | lr=2.38e-04
step   3200 | loss=5.5839 | lr=2.32e-04
[VAL] step 3200: bpb=1.7040
step   3300 | loss=5.5720 | lr=2.27e-04
step   3400 | loss=5.5340 | lr=2.22e-04
[VAL] step 3400: bpb=1.6990
step   3500 | loss=5.5220 | lr=2.17e-04
step   3600 | loss=5.5312 | lr=2.11e-04
[VAL] step 3600: bpb=1.6932
step   3700 | loss=5.5047 | lr=2.06e-04
step   3800 | loss=5.4953 | lr=2.00e-04
[VAL] step 3800: bpb=1.6842
step   3900 | loss=5.4692 | lr=1.94e-04
step   4000 | loss=5.4476 | lr=1.88e-04
[VAL] step 4000: bpb=1.6755
step   4100 | loss=5.4753 | lr=1.83e-04
step   4200 | loss=5.4468 | lr=1.77e-04
[VAL] step 4200: bpb=1.6718
step   4300 | loss=5.4511 | lr=1.71e-04
step   4400 | loss=5.4398 | lr=1.65e-04
[VAL] step 4400: bpb=1.6669
step   4500 | loss=5.4230 | lr=1.59e-04
step   4600 | loss=5.4114 | lr=1.53e-04
[VAL] step 4600: bpb=1.6586
step   4700 | loss=5.4096 | lr=1.47e-04
step   4800 | loss=5.4079 | lr=1.42e-04
[VAL] step 4800: bpb=1.6529
step   4900 | loss=5.3847 | lr=1.36e-04
step   5000 | loss=5.3773 | lr=1.30e-04
[VAL] step 5000: bpb=1.6479
step   5100 | loss=5.3681 | lr=1.24e-04
step   5200 | loss=5.3503 | lr=1.19e-04
[VAL] step 5200: bpb=1.6423
step   5300 | loss=5.3332 | lr=1.13e-04
step   5400 | loss=5.3190 | lr=1.08e-04
[VAL] step 5400: bpb=1.6383
step   5500 | loss=5.3290 | lr=1.03e-04
step   5600 | loss=5.3420 | lr=9.75e-05
[VAL] step 5600: bpb=1.6328
step   5700 | loss=5.3261 | lr=9.25e-05
step   5800 | loss=5.3147 | lr=8.76e-05
[VAL] step 5800: bpb=1.6307
step   5900 | loss=5.3161 | lr=8.28e-05
step   6000 | loss=5.3054 | lr=7.82e-05
[VAL] step 6000: bpb=1.6262
step   6100 | loss=5.2906 | lr=7.38e-05
step   6200 | loss=5.2903 | lr=6.95e-05
[VAL] step 6200: bpb=1.6237
step   6300 | loss=5.2932 | lr=6.55e-05
step   6400 | loss=5.2766 | lr=6.16e-05
[VAL] step 6400: bpb=1.6194
step   6500 | loss=5.2653 | lr=5.79e-05
step   6600 | loss=5.2687 | lr=5.44e-05
[VAL] step 6600: bpb=1.6164
step   6700 | loss=5.2643 | lr=5.11e-05
step   6800 | loss=5.2553 | lr=4.81e-05
[VAL] step 6800: bpb=1.6147
step   6900 | loss=5.2559 | lr=4.53e-05
step   7000 | loss=5.2584 | lr=4.26e-05
[VAL] step 7000: bpb=1.6128
step   7100 | loss=5.2487 | lr=4.03e-05
step   7200 | loss=5.2528 | lr=3.81e-05
[VAL] step 7200: bpb=1.6105
step   7300 | loss=5.2375 | lr=3.62e-05
step   7400 | loss=5.2501 | lr=3.46e-05
[VAL] step 7400: bpb=1.6088
step   7500 | loss=5.2363 | lr=3.32e-05
step   7600 | loss=5.2311 | lr=3.21e-05
[VAL] step 7600: bpb=1.6056
step   7700 | loss=5.2224 | lr=3.12e-05
step   7800 | loss=5.2376 | lr=3.05e-05
[VAL] step 7800: bpb=1.6045
step   7900 | loss=5.2342 | lr=3.01e-05
step   8000 | loss=5.2252 | lr=3.00e-05
[VAL] step 8000: bpb=1.6042

=== DONE ===
{
  "exp_name": "exp236_no_rank_canon",
  "best_val_bpb": 1.6041788335028722,
  "final_val_bpb": 1.6041788335028722,
  "n_params": 358420224,
  "training_time_hours": 0.58
}
