Loading tokenizer from /home/starost/.cache/nanochat/tokenizer
Vocab size: 32768, BOS id: 32759
bit LUTs: 18
Adam-managed parameters: 22,352,006
Q/K Joint BitMultiHeadLUT: in_nap=6 out_nap=64 tph=256 d_qk=32 P_qk=496 (n_outputs=2*P_qk=992, CLT-scaled, q/k-canonicalised)
V BitPermLUT:   in_nap=7 out_nap=10 tph=256 d_v=16 P_v=120
Out BitPermLUT: in_nap=6 out_nap=144 tph=[2048, 2048, 1024, 1024, 1024, 1024]
Tokens/micro-batch: 4,096 | grad_accum: 1 | effective batch: 4,096 tokens
step      1 | loss=10.6087 | lr=3.75e-07
step    100 | loss=9.7424 | lr=3.75e-05
step    200 | loss=8.6247 | lr=7.50e-05
[VAL] step 200: bpb=2.3584
step    300 | loss=7.9429 | lr=1.12e-04
step    400 | loss=7.6150 | lr=1.50e-04
[VAL] step 400: bpb=2.2632
step    500 | loss=7.4175 | lr=1.87e-04
step    600 | loss=7.3137 | lr=2.25e-04
[VAL] step 600: bpb=2.2032
step    700 | loss=7.1677 | lr=2.62e-04
step    800 | loss=6.9848 | lr=3.00e-04
[VAL] step 800: bpb=2.0910
step    900 | loss=6.8492 | lr=3.00e-04
step   1000 | loss=6.7544 | lr=2.99e-04
[VAL] step 1000: bpb=2.0376
step   1100 | loss=6.6837 | lr=2.99e-04
step   1200 | loss=6.6246 | lr=2.98e-04
[VAL] step 1200: bpb=2.0109
step   1300 | loss=6.5622 | lr=2.97e-04
step   1400 | loss=6.5359 | lr=2.95e-04
[VAL] step 1400: bpb=1.9875
step   1500 | loss=6.5090 | lr=2.94e-04
step   1600 | loss=6.4529 | lr=2.92e-04
[VAL] step 1600: bpb=1.9704
step   1700 | loss=6.4360 | lr=2.90e-04
step   1800 | loss=6.4145 | lr=2.87e-04
[VAL] step 1800: bpb=1.9591
step   1900 | loss=6.3973 | lr=2.85e-04
step   2000 | loss=6.3741 | lr=2.82e-04
[VAL] step 2000: bpb=1.9482
step   2100 | loss=6.3416 | lr=2.79e-04
step   2200 | loss=6.3242 | lr=2.76e-04
[VAL] step 2200: bpb=1.9344
step   2300 | loss=6.3065 | lr=2.72e-04
step   2400 | loss=6.3010 | lr=2.68e-04
[VAL] step 2400: bpb=1.9253
step   2500 | loss=6.2858 | lr=2.65e-04
step   2600 | loss=6.2768 | lr=2.60e-04
[VAL] step 2600: bpb=1.9151
step   2700 | loss=6.2473 | lr=2.56e-04
step   2800 | loss=6.2403 | lr=2.52e-04
[VAL] step 2800: bpb=1.9062
step   2900 | loss=6.2164 | lr=2.47e-04
step   3000 | loss=6.2077 | lr=2.42e-04
[VAL] step 3000: bpb=1.8963
step   3100 | loss=6.1959 | lr=2.38e-04
step   3200 | loss=6.1847 | lr=2.32e-04
[VAL] step 3200: bpb=1.8889
step   3300 | loss=6.1754 | lr=2.27e-04
step   3400 | loss=6.1412 | lr=2.22e-04
[VAL] step 3400: bpb=1.8820
step   3500 | loss=6.1315 | lr=2.17e-04
step   3600 | loss=6.1387 | lr=2.11e-04
[VAL] step 3600: bpb=1.8783
step   3700 | loss=6.1166 | lr=2.06e-04
step   3800 | loss=6.1048 | lr=2.00e-04
[VAL] step 3800: bpb=1.8686
step   3900 | loss=6.0823 | lr=1.94e-04
step   4000 | loss=6.0673 | lr=1.88e-04
[VAL] step 4000: bpb=1.8627
step   4100 | loss=6.0922 | lr=1.83e-04
step   4200 | loss=6.0631 | lr=1.77e-04
[VAL] step 4200: bpb=1.8588
step   4300 | loss=6.0651 | lr=1.71e-04
step   4400 | loss=6.0515 | lr=1.65e-04
[VAL] step 4400: bpb=1.8499
step   4500 | loss=6.0409 | lr=1.59e-04
step   4600 | loss=6.0274 | lr=1.53e-04
[VAL] step 4600: bpb=1.8454
step   4700 | loss=6.0298 | lr=1.47e-04
step   4800 | loss=6.0280 | lr=1.42e-04
[VAL] step 4800: bpb=1.8397
step   4900 | loss=6.0028 | lr=1.36e-04
step   5000 | loss=5.9968 | lr=1.30e-04
[VAL] step 5000: bpb=1.8324
step   5100 | loss=5.9831 | lr=1.24e-04
step   5200 | loss=5.9649 | lr=1.19e-04
[VAL] step 5200: bpb=1.8278
step   5300 | loss=5.9541 | lr=1.13e-04
step   5400 | loss=5.9408 | lr=1.08e-04
[VAL] step 5400: bpb=1.8257
step   5500 | loss=5.9424 | lr=1.03e-04
step   5600 | loss=5.9547 | lr=9.75e-05
[VAL] step 5600: bpb=1.8214
step   5700 | loss=5.9382 | lr=9.25e-05
step   5800 | loss=5.9315 | lr=8.76e-05
[VAL] step 5800: bpb=1.8186
step   5900 | loss=5.9384 | lr=8.28e-05
step   6000 | loss=5.9222 | lr=7.82e-05
[VAL] step 6000: bpb=1.8145
step   6100 | loss=5.9110 | lr=7.38e-05
step   6200 | loss=5.9069 | lr=6.95e-05
[VAL] step 6200: bpb=1.8106
step   6300 | loss=5.9117 | lr=6.55e-05
step   6400 | loss=5.8956 | lr=6.16e-05
[VAL] step 6400: bpb=1.8092
step   6500 | loss=5.8877 | lr=5.79e-05
step   6600 | loss=5.8938 | lr=5.44e-05
[VAL] step 6600: bpb=1.8065
step   6700 | loss=5.8899 | lr=5.11e-05
step   6800 | loss=5.8818 | lr=4.81e-05
[VAL] step 6800: bpb=1.8036
step   6900 | loss=5.8815 | lr=4.53e-05
step   7000 | loss=5.8814 | lr=4.26e-05
[VAL] step 7000: bpb=1.8028
step   7100 | loss=5.8728 | lr=4.03e-05
step   7200 | loss=5.8754 | lr=3.81e-05
[VAL] step 7200: bpb=1.8002
step   7300 | loss=5.8662 | lr=3.62e-05
step   7400 | loss=5.8774 | lr=3.46e-05
[VAL] step 7400: bpb=1.7994
step   7500 | loss=5.8634 | lr=3.32e-05
step   7600 | loss=5.8557 | lr=3.21e-05
[VAL] step 7600: bpb=1.7979
step   7700 | loss=5.8467 | lr=3.12e-05
step   7800 | loss=5.8574 | lr=3.05e-05
[VAL] step 7800: bpb=1.7960
step   7900 | loss=5.8558 | lr=3.01e-05
step   8000 | loss=5.8484 | lr=3.00e-05
[VAL] step 8000: bpb=1.7947

=== DONE ===
{
  "exp_name": "exp053_e96_balanced",
  "best_val_bpb": 1.7947380841825529,
  "final_val_bpb": 1.7947380841825529,
  "adam_params": 22352006,
  "n_bit_luts": 18,
  "training_time_hours": 0.776
}
