Loading tokenizer from /home/starost/.cache/nanochat/tokenizer
Vocab size: 32768, BOS id: 32759
Total params (all fp32): 116,721,926
Q/K Joint MHLut: in_nap=6 tph=256 d_qk=32 (n_outputs=2*d_qk=64)
V MHLut:         in_nap=7 tph=256 d_v=16 (n_outputs=d_v)
out_proj MHLut:  in_nap=6 tph=[1024, 1024, 1024, 1024, 1024, 1024] (n_outputs=E=96) + LayerNorm
Tokens/micro-batch: 4,096 | grad_accum: 1 | effective batch: 4,096 tokens
step      1 | loss=10.5708 | lr=3.75e-07
step    100 | loss=9.7334 | lr=3.75e-05
step    200 | loss=8.5870 | lr=7.50e-05
[VAL] step 200: bpb=2.3492
step    300 | loss=7.9160 | lr=1.12e-04
step    400 | loss=7.5521 | lr=1.50e-04
[VAL] step 400: bpb=2.2150
step    500 | loss=7.1968 | lr=1.87e-04
step    600 | loss=6.9763 | lr=2.25e-04
[VAL] step 600: bpb=2.0711
step    700 | loss=6.8269 | lr=2.62e-04
step    800 | loss=6.7105 | lr=3.00e-04
[VAL] step 800: bpb=2.0222
step    900 | loss=6.6267 | lr=3.00e-04
step   1000 | loss=6.5680 | lr=2.99e-04
[VAL] step 1000: bpb=1.9873
step   1100 | loss=6.5203 | lr=2.99e-04
step   1200 | loss=6.4782 | lr=2.98e-04
[VAL] step 1200: bpb=1.9637
step   1300 | loss=6.4221 | lr=2.97e-04
step   1400 | loss=6.4032 | lr=2.95e-04
[VAL] step 1400: bpb=1.9453
step   1500 | loss=6.3766 | lr=2.94e-04
step   1600 | loss=6.3206 | lr=2.92e-04
[VAL] step 1600: bpb=1.9269
step   1700 | loss=6.3033 | lr=2.90e-04
step   1800 | loss=6.2830 | lr=2.87e-04
[VAL] step 1800: bpb=1.9185
step   1900 | loss=6.2631 | lr=2.85e-04
step   2000 | loss=6.2354 | lr=2.82e-04
[VAL] step 2000: bpb=1.9008
step   2100 | loss=6.1972 | lr=2.79e-04
step   2200 | loss=6.1776 | lr=2.76e-04
[VAL] step 2200: bpb=1.8871
step   2300 | loss=6.1560 | lr=2.72e-04
step   2400 | loss=6.1446 | lr=2.68e-04
[VAL] step 2400: bpb=1.8746
step   2500 | loss=6.1252 | lr=2.65e-04
step   2600 | loss=6.1090 | lr=2.60e-04
[VAL] step 2600: bpb=1.8583
step   2700 | loss=6.0743 | lr=2.56e-04
step   2800 | loss=6.0584 | lr=2.52e-04
[VAL] step 2800: bpb=1.8478
step   2900 | loss=6.0291 | lr=2.47e-04
step   3000 | loss=6.0144 | lr=2.42e-04
[VAL] step 3000: bpb=1.8363
step   3100 | loss=5.9977 | lr=2.38e-04
step   3200 | loss=5.9822 | lr=2.32e-04
[VAL] step 3200: bpb=1.8235
step   3300 | loss=5.9692 | lr=2.27e-04
step   3400 | loss=5.9311 | lr=2.22e-04
[VAL] step 3400: bpb=1.8169
step   3500 | loss=5.9192 | lr=2.17e-04
step   3600 | loss=5.9256 | lr=2.11e-04
[VAL] step 3600: bpb=1.8125
step   3700 | loss=5.8988 | lr=2.06e-04
step   3800 | loss=5.8869 | lr=2.00e-04
[VAL] step 3800: bpb=1.8028
step   3900 | loss=5.8602 | lr=1.94e-04
step   4000 | loss=5.8430 | lr=1.88e-04
[VAL] step 4000: bpb=1.7937
step   4100 | loss=5.8676 | lr=1.83e-04
step   4200 | loss=5.8386 | lr=1.77e-04
[VAL] step 4200: bpb=1.7891
step   4300 | loss=5.8417 | lr=1.71e-04
step   4400 | loss=5.8243 | lr=1.65e-04
[VAL] step 4400: bpb=1.7810
