Loading tokenizer from /home/starost/.cache/nanochat/tokenizer
Vocab size: 32768, BOS id: 32759
Residual stream P = 2016 (E=64)
bit LUTs: 24
Adam-managed parameters: 68,389,126
Q/K BitPermLUT: in_nap=5 out_nap=24 tph=512 d_qk=32 P_qk=496
V BitPermLUT:   in_nap=5 out_nap=16 tph=512 d_v=16 P_v=120
Out BitPermLUT: in_nap=8 out_nap=32 tph=[4096, 4096, 2048, 2048, 2048, 2048]
Tokens/micro-batch: 4,096 | grad_accum: 1 | effective batch: 4,096 tokens
step      1 | loss=10.5584 | lr=3.75e-07
step    100 | loss=9.5420 | lr=3.75e-05
step    200 | loss=8.2937 | lr=7.50e-05
[VAL] step 200: bpb=2.2972
step    300 | loss=7.6473 | lr=1.12e-04
step    400 | loss=7.2861 | lr=1.50e-04
[VAL] step 400: bpb=2.1476
step    500 | loss=7.0751 | lr=1.87e-04
step    600 | loss=6.9981 | lr=2.25e-04
[VAL] step 600: bpb=2.1148
step    700 | loss=6.9456 | lr=2.62e-04
step    800 | loss=6.8966 | lr=3.00e-04
[VAL] step 800: bpb=2.0961
step    900 | loss=6.9349 | lr=3.00e-04
step   1000 | loss=6.8984 | lr=2.99e-04
[VAL] step 1000: bpb=2.0780
step   1100 | loss=6.8296 | lr=2.99e-04
step   1200 | loss=6.7761 | lr=2.98e-04
[VAL] step 1200: bpb=2.0563
step   1300 | loss=6.7283 | lr=2.97e-04
step   1400 | loss=6.7056 | lr=2.95e-04
[VAL] step 1400: bpb=2.0372
step   1500 | loss=6.6789 | lr=2.94e-04
step   1600 | loss=6.6265 | lr=2.92e-04
[VAL] step 1600: bpb=2.0250
step   1700 | loss=6.6135 | lr=2.90e-04
step   1800 | loss=6.6032 | lr=2.87e-04
[VAL] step 1800: bpb=2.0149
step   1900 | loss=6.5917 | lr=2.85e-04
step   2000 | loss=6.5677 | lr=2.82e-04
[VAL] step 2000: bpb=2.0067
step   2100 | loss=6.5416 | lr=2.79e-04
step   2200 | loss=6.5297 | lr=2.76e-04
[VAL] step 2200: bpb=1.9968
step   2300 | loss=6.5086 | lr=2.72e-04
step   2400 | loss=6.5031 | lr=2.68e-04
[VAL] step 2400: bpb=1.9894
step   2500 | loss=6.4918 | lr=2.65e-04
step   2600 | loss=6.4855 | lr=2.60e-04
[VAL] step 2600: bpb=1.9781
step   2700 | loss=6.4545 | lr=2.56e-04
step   2800 | loss=6.4513 | lr=2.52e-04
[VAL] step 2800: bpb=1.9712
step   2900 | loss=6.4289 | lr=2.47e-04
step   3000 | loss=6.4221 | lr=2.42e-04
[VAL] step 3000: bpb=1.9597
step   3100 | loss=6.4112 | lr=2.38e-04
step   3200 | loss=6.4056 | lr=2.32e-04
[VAL] step 3200: bpb=1.9512
step   3300 | loss=6.3960 | lr=2.27e-04
step   3400 | loss=6.3632 | lr=2.22e-04
[VAL] step 3400: bpb=1.9491
step   3500 | loss=6.3557 | lr=2.17e-04
step   3600 | loss=6.3627 | lr=2.11e-04
[VAL] step 3600: bpb=1.9477
step   3700 | loss=6.3466 | lr=2.06e-04
step   3800 | loss=6.3353 | lr=2.00e-04
[VAL] step 3800: bpb=1.9394
step   3900 | loss=6.3135 | lr=1.94e-04
step   4000 | loss=6.3051 | lr=1.88e-04
[VAL] step 4000: bpb=1.9324
step   4100 | loss=6.3285 | lr=1.83e-04
step   4200 | loss=6.2986 | lr=1.77e-04
[VAL] step 4200: bpb=1.9275
step   4300 | loss=6.3012 | lr=1.71e-04
step   4400 | loss=6.2884 | lr=1.65e-04
[VAL] step 4400: bpb=1.9243
step   4500 | loss=6.2765 | lr=1.59e-04
step   4600 | loss=6.2675 | lr=1.53e-04
[VAL] step 4600: bpb=1.9181
step   4700 | loss=6.2703 | lr=1.47e-04
step   4800 | loss=6.2665 | lr=1.42e-04
[VAL] step 4800: bpb=1.9133
step   4900 | loss=6.2402 | lr=1.36e-04
step   5000 | loss=6.2385 | lr=1.30e-04
[VAL] step 5000: bpb=1.9053
step   5100 | loss=6.2229 | lr=1.24e-04
step   5200 | loss=6.2050 | lr=1.19e-04
[VAL] step 5200: bpb=1.9012
step   5300 | loss=6.1958 | lr=1.13e-04
step   5400 | loss=6.1818 | lr=1.08e-04
[VAL] step 5400: bpb=1.8967
step   5500 | loss=6.1799 | lr=1.03e-04
step   5600 | loss=6.1968 | lr=9.75e-05
[VAL] step 5600: bpb=1.8954
step   5700 | loss=6.1805 | lr=9.25e-05
step   5800 | loss=6.1765 | lr=8.76e-05
[VAL] step 5800: bpb=1.8913
step   5900 | loss=6.1822 | lr=8.28e-05
step   6000 | loss=6.1638 | lr=7.82e-05
[VAL] step 6000: bpb=1.8884
step   6100 | loss=6.1546 | lr=7.38e-05
step   6200 | loss=6.1513 | lr=6.95e-05
[VAL] step 6200: bpb=1.8855
