Loading tokenizer from /home/starost/.cache/nanochat/tokenizer
Vocab size: 32768, BOS id: 32759
V2DSDPATransformer: depth=6, E=384, H=6, E_H=64, D=3297, seq_len=512
LUT: nap=8 (2^nap=256 cells), tph=1024, n_sparse=32, n_alt=1, smooth=True
Params: 99,471,360
AdamW groups: decay=49,134,336 lut_nodecay=50,331,648 nodecay=5,376
Tokens/micro-batch: 4,096 | grad_accum: 1 | effective batch: 4,096 tokens
step      1 | loss=10.4675 | lr=3.75e-07
step    100 | loss=9.9976 | lr=3.75e-05
step    200 | loss=8.9654 | lr=7.50e-05
[VAL] step 200: bpb=2.4092
step    300 | loss=8.0655 | lr=1.12e-04
step    400 | loss=7.5430 | lr=1.50e-04
[VAL] step 400: bpb=2.1833
step    500 | loss=7.1790 | lr=1.87e-04
step    600 | loss=6.9761 | lr=2.25e-04
[VAL] step 600: bpb=2.0777
step    700 | loss=6.8410 | lr=2.62e-04
step    800 | loss=6.7429 | lr=3.00e-04
[VAL] step 800: bpb=2.0415
step    900 | loss=6.6847 | lr=3.00e-04
step   1000 | loss=6.6526 | lr=2.99e-04
[VAL] step 1000: bpb=2.0203
step   1100 | loss=6.6336 | lr=2.99e-04
step   1200 | loss=6.6290 | lr=2.98e-04
[VAL] step 1200: bpb=2.0188
step   1300 | loss=6.6178 | lr=2.97e-04
step   1400 | loss=6.6443 | lr=2.95e-04
[VAL] step 1400: bpb=2.0273
step   1500 | loss=6.6600 | lr=2.94e-04
step   1600 | loss=6.6486 | lr=2.92e-04
[VAL] step 1600: bpb=2.0432
step   1700 | loss=6.6790 | lr=2.90e-04
step   1800 | loss=6.7108 | lr=2.87e-04
[VAL] step 1800: bpb=2.0596
step   1900 | loss=6.7366 | lr=2.85e-04
step   2000 | loss=6.7868 | lr=2.82e-04
[VAL] step 2000: bpb=2.0846
step   2100 | loss=6.7991 | lr=2.79e-04
step   2200 | loss=6.8206 | lr=2.76e-04
[VAL] step 2200: bpb=2.0948
step   2300 | loss=6.8327 | lr=2.72e-04
step   2400 | loss=6.8439 | lr=2.68e-04
[VAL] step 2400: bpb=2.1013
step   2500 | loss=6.8485 | lr=2.65e-04
step   2600 | loss=6.8712 | lr=2.60e-04
[VAL] step 2600: bpb=2.1000
step   2700 | loss=6.8581 | lr=2.56e-04
step   2800 | loss=6.8715 | lr=2.52e-04
[VAL] step 2800: bpb=2.1035
step   2900 | loss=6.8653 | lr=2.47e-04
step   3000 | loss=6.8769 | lr=2.42e-04
[VAL] step 3000: bpb=2.1101
step   3100 | loss=6.8921 | lr=2.38e-04
step   3200 | loss=6.8862 | lr=2.32e-04
[VAL] step 3200: bpb=2.1070
step   3300 | loss=6.8992 | lr=2.27e-04
step   3400 | loss=6.8839 | lr=2.22e-04
[VAL] step 3400: bpb=2.1147
step   3500 | loss=6.8910 | lr=2.17e-04
step   3600 | loss=6.9046 | lr=2.11e-04
[VAL] step 3600: bpb=2.1138
step   3700 | loss=6.9111 | lr=2.06e-04
step   3800 | loss=6.9348 | lr=2.00e-04
[VAL] step 3800: bpb=2.1323
