Loading tokenizer from /home/starost/.cache/nanochat/tokenizer
Vocab size: 32768, BOS id: 32759
Total params (all fp32): 92,003,078
Q/K Joint MHLut: in_nap=6 tph=256 d_qk=64 (n_outputs=2*d_qk=128)
V MHLut:         in_nap=7 tph=256 d_v=16 (n_outputs=d_v)
out_proj MHLut:  in_nap=6 tph=[2048, 2048, 1024, 1024, 1024, 1024] (n_outputs=E=96) + LayerNorm
Tokens/micro-batch: 4,096 | grad_accum: 1 | effective batch: 4,096 tokens
step      1 | loss=10.5581 | lr=3.75e-07
step    100 | loss=9.7436 | lr=3.75e-05
step    200 | loss=8.6656 | lr=7.50e-05
[VAL] step 200: bpb=2.3827
step    300 | loss=8.0519 | lr=1.12e-04
step    400 | loss=7.8281 | lr=1.50e-04
[VAL] step 400: bpb=2.3651
step    500 | loss=7.7298 | lr=1.87e-04
step    600 | loss=7.7127 | lr=2.25e-04
[VAL] step 600: bpb=2.3636
step    700 | loss=7.7040 | lr=2.62e-04
step    800 | loss=7.6859 | lr=3.00e-04
[VAL] step 800: bpb=2.3577
step    900 | loss=7.6735 | lr=3.00e-04
step   1000 | loss=7.6581 | lr=2.99e-04
[VAL] step 1000: bpb=2.3412
step   1100 | loss=7.6243 | lr=2.99e-04
step   1200 | loss=7.4962 | lr=2.98e-04
[VAL] step 1200: bpb=2.2487
step   1300 | loss=7.3162 | lr=2.97e-04
step   1400 | loss=7.1652 | lr=2.95e-04
[VAL] step 1400: bpb=2.1469
step   1500 | loss=7.0293 | lr=2.94e-04
step   1600 | loss=6.8931 | lr=2.92e-04
[VAL] step 1600: bpb=2.0855
step   1700 | loss=6.8123 | lr=2.90e-04
step   1800 | loss=6.7521 | lr=2.87e-04
[VAL] step 1800: bpb=2.0500
step   1900 | loss=6.7040 | lr=2.85e-04
step   2000 | loss=6.6524 | lr=2.82e-04
[VAL] step 2000: bpb=2.0230
step   2100 | loss=6.6072 | lr=2.79e-04
step   2200 | loss=6.5764 | lr=2.76e-04
[VAL] step 2200: bpb=2.0058
step   2300 | loss=6.5493 | lr=2.72e-04
step   2400 | loss=6.5341 | lr=2.68e-04
[VAL] step 2400: bpb=1.9946
step   2500 | loss=6.5130 | lr=2.65e-04
step   2600 | loss=6.5026 | lr=2.60e-04
[VAL] step 2600: bpb=1.9824
step   2700 | loss=6.4670 | lr=2.56e-04
step   2800 | loss=6.4585 | lr=2.52e-04
[VAL] step 2800: bpb=1.9706
step   2900 | loss=6.4344 | lr=2.47e-04
step   3000 | loss=6.4223 | lr=2.42e-04
[VAL] step 3000: bpb=1.9622
step   3100 | loss=6.4075 | lr=2.38e-04
step   3200 | loss=6.3971 | lr=2.32e-04
[VAL] step 3200: bpb=1.9539
step   3300 | loss=6.3907 | lr=2.27e-04
step   3400 | loss=6.3567 | lr=2.22e-04
[VAL] step 3400: bpb=1.9498
step   3500 | loss=6.3498 | lr=2.17e-04
step   3600 | loss=6.3599 | lr=2.11e-04
[VAL] step 3600: bpb=1.9446
step   3700 | loss=6.3433 | lr=2.06e-04
step   3800 | loss=6.3336 | lr=2.00e-04
[VAL] step 3800: bpb=1.9389
step   3900 | loss=6.3133 | lr=1.94e-04
step   4000 | loss=6.3036 | lr=1.88e-04
[VAL] step 4000: bpb=1.9327
step   4100 | loss=6.3319 | lr=1.83e-04
step   4200 | loss=6.3047 | lr=1.77e-04
[VAL] step 4200: bpb=1.9295
step   4300 | loss=6.3052 | lr=1.71e-04
step   4400 | loss=6.2949 | lr=1.65e-04
[VAL] step 4400: bpb=1.9250
step   4500 | loss=6.2894 | lr=1.59e-04
step   4600 | loss=6.2773 | lr=1.53e-04
[VAL] step 4600: bpb=1.9221
step   4700 | loss=6.2845 | lr=1.47e-04
step   4800 | loss=6.2830 | lr=1.42e-04
[VAL] step 4800: bpb=1.9175
step   4900 | loss=6.2639 | lr=1.36e-04
step   5000 | loss=6.2615 | lr=1.30e-04
[VAL] step 5000: bpb=1.9136
step   5100 | loss=6.2465 | lr=1.24e-04
step   5200 | loss=6.2318 | lr=1.19e-04
[VAL] step 5200: bpb=1.9106
step   5300 | loss=6.2264 | lr=1.13e-04
step   5400 | loss=6.2126 | lr=1.08e-04
[VAL] step 5400: bpb=1.9105
step   5500 | loss=6.2108 | lr=1.03e-04
step   5600 | loss=6.2287 | lr=9.75e-05
[VAL] step 5600: bpb=1.9067
step   5700 | loss=6.2136 | lr=9.25e-05
step   5800 | loss=6.2120 | lr=8.76e-05
[VAL] step 5800: bpb=1.9050
step   5900 | loss=6.2201 | lr=8.28e-05
step   6000 | loss=6.2040 | lr=7.82e-05
[VAL] step 6000: bpb=1.9018
step   6100 | loss=6.1968 | lr=7.38e-05
step   6200 | loss=6.1939 | lr=6.95e-05
[VAL] step 6200: bpb=1.8995
step   6300 | loss=6.1975 | lr=6.55e-05
step   6400 | loss=6.1823 | lr=6.16e-05
[VAL] step 6400: bpb=1.8973
step   6500 | loss=6.1801 | lr=5.79e-05
step   6600 | loss=6.1881 | lr=5.44e-05
[VAL] step 6600: bpb=1.8950
step   6700 | loss=6.1859 | lr=5.11e-05
step   6800 | loss=6.1796 | lr=4.81e-05
[VAL] step 6800: bpb=1.8936
step   6900 | loss=6.1802 | lr=4.53e-05
step   7000 | loss=6.1765 | lr=4.26e-05
[VAL] step 7000: bpb=1.8931
step   7100 | loss=6.1706 | lr=4.03e-05
step   7200 | loss=6.1726 | lr=3.81e-05
[VAL] step 7200: bpb=1.8917
step   7300 | loss=6.1670 | lr=3.62e-05
step   7400 | loss=6.1769 | lr=3.46e-05
[VAL] step 7400: bpb=1.8899
step   7500 | loss=6.1678 | lr=3.32e-05
step   7600 | loss=6.1589 | lr=3.21e-05
[VAL] step 7600: bpb=1.8894
step   7700 | loss=6.1515 | lr=3.12e-05
step   7800 | loss=6.1613 | lr=3.05e-05
[VAL] step 7800: bpb=1.8882
step   7900 | loss=6.1595 | lr=3.01e-05
step   8000 | loss=6.1535 | lr=3.00e-05
[VAL] step 8000: bpb=1.8885

=== DONE ===
{
  "exp_name": "exp076_linear_qk",
  "best_val_bpb": 1.8881941426189914,
  "final_val_bpb": 1.8885272575975172,
  "n_params": 92003078,
  "training_time_hours": 0.669
}
