Loading tokenizer from /home/starost/.cache/nanochat/tokenizer
Vocab size: 32768, BOS id: 32759
Building model:
Total params (all fp32): 108,173,318
Q/K Joint SparseLut: in_nap=8 tph=384 n_sparse=8 -> 2*d_qk=64 (per head, H=6)
V SparseLut:         in_nap=8 tph=384 n_sparse=8 -> d_v=64 (per head, H=6)
out_proj SparseLut:  in_nap=8 tph=2048 n_sparse=8 -> E=384
Residual:        classic skip connection (out_real + x), no residual_lut
Unembedder:      LN(384) -> Linear(384,VOCAB)
Tokens/micro-batch: 4,096 | grad_accum: 1 | effective batch: 4,096 tokens
step      1 | loss=10.5751 | lr=3.75e-07
step    100 | loss=10.2250 | lr=3.75e-05
step    200 | loss=9.0952 | lr=7.50e-05
[VAL] step 200: bpb=2.4282
step    300 | loss=8.1266 | lr=1.12e-04
step    400 | loss=7.6052 | lr=1.50e-04
[VAL] step 400: bpb=2.2034
step    500 | loss=7.2428 | lr=1.87e-04
step    600 | loss=7.0425 | lr=2.25e-04
[VAL] step 600: bpb=2.1001
step    700 | loss=6.9029 | lr=2.62e-04
step    800 | loss=6.7873 | lr=3.00e-04
[VAL] step 800: bpb=2.0471
step    900 | loss=6.6988 | lr=3.00e-04
step   1000 | loss=6.6304 | lr=2.99e-04
[VAL] step 1000: bpb=2.0085
step   1100 | loss=6.5714 | lr=2.99e-04
step   1200 | loss=6.5217 | lr=2.98e-04
[VAL] step 1200: bpb=1.9765
step   1300 | loss=6.4599 | lr=2.97e-04
step   1400 | loss=6.4325 | lr=2.95e-04
[VAL] step 1400: bpb=1.9578
step   1500 | loss=6.3999 | lr=2.94e-04
step   1600 | loss=6.3393 | lr=2.92e-04
[VAL] step 1600: bpb=1.9337
step   1700 | loss=6.3145 | lr=2.90e-04
step   1800 | loss=6.2880 | lr=2.87e-04
[VAL] step 1800: bpb=1.9167
step   1900 | loss=6.2628 | lr=2.85e-04
step   2000 | loss=6.2290 | lr=2.82e-04
[VAL] step 2000: bpb=1.9023
step   2100 | loss=6.1874 | lr=2.79e-04
step   2200 | loss=6.1620 | lr=2.76e-04
[VAL] step 2200: bpb=1.8866
step   2300 | loss=6.1346 | lr=2.72e-04
step   2400 | loss=6.1211 | lr=2.68e-04
[VAL] step 2400: bpb=1.8722
step   2500 | loss=6.0958 | lr=2.65e-04
step   2600 | loss=6.0783 | lr=2.60e-04
[VAL] step 2600: bpb=1.8536
step   2700 | loss=6.0419 | lr=2.56e-04
step   2800 | loss=6.0228 | lr=2.52e-04
[VAL] step 2800: bpb=1.8398
step   2900 | loss=5.9934 | lr=2.47e-04
step   3000 | loss=5.9788 | lr=2.42e-04
[VAL] step 3000: bpb=1.8284
step   3100 | loss=5.9590 | lr=2.38e-04
step   3200 | loss=5.9459 | lr=2.32e-04
[VAL] step 3200: bpb=1.8157
step   3300 | loss=5.9322 | lr=2.27e-04
step   3400 | loss=5.8932 | lr=2.22e-04
[VAL] step 3400: bpb=1.8093
step   3500 | loss=5.8817 | lr=2.17e-04
step   3600 | loss=5.8865 | lr=2.11e-04
[VAL] step 3600: bpb=1.8030
step   3700 | loss=5.8608 | lr=2.06e-04
step   3800 | loss=5.8525 | lr=2.00e-04
[VAL] step 3800: bpb=1.7944
step   3900 | loss=5.8265 | lr=1.94e-04
step   4000 | loss=5.8084 | lr=1.88e-04
[VAL] step 4000: bpb=1.7871
step   4100 | loss=5.8342 | lr=1.83e-04
step   4200 | loss=5.8091 | lr=1.77e-04
[VAL] step 4200: bpb=1.7809
step   4300 | loss=5.8096 | lr=1.71e-04
step   4400 | loss=5.7977 | lr=1.65e-04
[VAL] step 4400: bpb=1.7743
step   4500 | loss=5.7829 | lr=1.59e-04
step   4600 | loss=5.7751 | lr=1.53e-04
[VAL] step 4600: bpb=1.7712
step   4700 | loss=5.7751 | lr=1.47e-04
step   4800 | loss=5.7725 | lr=1.42e-04
[VAL] step 4800: bpb=1.7652
step   4900 | loss=5.7485 | lr=1.36e-04
step   5000 | loss=5.7419 | lr=1.30e-04
[VAL] step 5000: bpb=1.7606
step   5100 | loss=5.7300 | lr=1.24e-04
step   5200 | loss=5.7144 | lr=1.19e-04
[VAL] step 5200: bpb=1.7539
step   5300 | loss=5.7026 | lr=1.13e-04
step   5400 | loss=5.6870 | lr=1.08e-04
[VAL] step 5400: bpb=1.7517
step   5500 | loss=5.6925 | lr=1.03e-04
step   5600 | loss=5.7089 | lr=9.75e-05
[VAL] step 5600: bpb=1.7487
step   5700 | loss=5.6934 | lr=9.25e-05
step   5800 | loss=5.6850 | lr=8.76e-05
[VAL] step 5800: bpb=1.7460
step   5900 | loss=5.6906 | lr=8.28e-05
step   6000 | loss=5.6735 | lr=7.82e-05
[VAL] step 6000: bpb=1.7428
step   6100 | loss=5.6660 | lr=7.38e-05
step   6200 | loss=5.6634 | lr=6.95e-05
[VAL] step 6200: bpb=1.7400
step   6300 | loss=5.6661 | lr=6.55e-05
step   6400 | loss=5.6505 | lr=6.16e-05
[VAL] step 6400: bpb=1.7370
step   6500 | loss=5.6436 | lr=5.79e-05
step   6600 | loss=5.6500 | lr=5.44e-05
[VAL] step 6600: bpb=1.7347
step   6700 | loss=5.6464 | lr=5.11e-05
step   6800 | loss=5.6368 | lr=4.81e-05
[VAL] step 6800: bpb=1.7329
step   6900 | loss=5.6389 | lr=4.53e-05
step   7000 | loss=5.6400 | lr=4.26e-05
[VAL] step 7000: bpb=1.7322
step   7100 | loss=5.6324 | lr=4.03e-05
step   7200 | loss=5.6365 | lr=3.81e-05
[VAL] step 7200: bpb=1.7312
step   7300 | loss=5.6243 | lr=3.62e-05
step   7400 | loss=5.6351 | lr=3.46e-05
[VAL] step 7400: bpb=1.7293
step   7500 | loss=5.6242 | lr=3.32e-05
step   7600 | loss=5.6164 | lr=3.21e-05
[VAL] step 7600: bpb=1.7278
step   7700 | loss=5.6079 | lr=3.12e-05
step   7800 | loss=5.6214 | lr=3.05e-05
[VAL] step 7800: bpb=1.7264
step   7900 | loss=5.6191 | lr=3.01e-05
step   8000 | loss=5.6124 | lr=3.00e-05
[VAL] step 8000: bpb=1.7266

=== DONE ===
{
  "exp_name": "exp115_na1",
  "best_val_bpb": 1.7263996460730162,
  "final_val_bpb": 1.726605334892092,
  "n_params": 108173318,
  "training_time_hours": 0.616
}
