Loading tokenizer from /home/starost/.cache/nanochat/tokenizer
Vocab size: 32768, BOS id: 32759
TinyMultiHeadLut modules: 18 (expected 18)
Tiny-LUT params (fp16 storage, fp32 Adam moments + SR via TinyMultiHeadLutOptimizer): 106,954,752
AdamW params (fp32 storage, fp32 moments — non-LUT path): 22,350,086
Q/K Joint MHLut: in_nap=6 tph=256 d_qk=32 (n_outputs=2*d_qk=64)
V MHLut:         in_nap=7 tph=256 d_v=16 (n_outputs=d_v)
out_proj MHLut:  in_nap=6 tph=[2048, 2048, 1024, 1024, 1024, 1024] (n_outputs=E=96) + LayerNorm
Tokens/micro-batch: 4,096 | grad_accum: 1 | effective batch: 4,096 tokens
step      1 | loss=10.5788 | lr=3.75e-07
step    100 | loss=9.7375 | lr=3.75e-05
step    200 | loss=8.6040 | lr=7.50e-05
[VAL] step 200: bpb=2.3595
step    300 | loss=7.9503 | lr=1.12e-04
step    400 | loss=7.6148 | lr=1.50e-04
[VAL] step 400: bpb=2.2492
step    500 | loss=7.2673 | lr=1.87e-04
step    600 | loss=7.0264 | lr=2.25e-04
[VAL] step 600: bpb=2.0836
step    700 | loss=6.8629 | lr=2.62e-04
step    800 | loss=6.7397 | lr=3.00e-04
[VAL] step 800: bpb=2.0307
step    900 | loss=6.6530 | lr=3.00e-04
step   1000 | loss=6.5940 | lr=2.99e-04
[VAL] step 1000: bpb=1.9983
step   1100 | loss=6.5449 | lr=2.99e-04
step   1200 | loss=6.5019 | lr=2.98e-04
[VAL] step 1200: bpb=1.9721
step   1300 | loss=6.4470 | lr=2.97e-04
step   1400 | loss=6.4273 | lr=2.95e-04
[VAL] step 1400: bpb=1.9548
step   1500 | loss=6.4049 | lr=2.94e-04
step   1600 | loss=6.3513 | lr=2.92e-04
[VAL] step 1600: bpb=1.9355
step   1700 | loss=6.3362 | lr=2.90e-04
step   1800 | loss=6.3179 | lr=2.87e-04
[VAL] step 1800: bpb=1.9251
step   1900 | loss=6.3014 | lr=2.85e-04
step   2000 | loss=6.2749 | lr=2.82e-04
[VAL] step 2000: bpb=1.9155
step   2100 | loss=6.2435 | lr=2.79e-04
step   2200 | loss=6.2240 | lr=2.76e-04
[VAL] step 2200: bpb=1.9058
step   2300 | loss=6.2030 | lr=2.72e-04
step   2400 | loss=6.1936 | lr=2.68e-04
[VAL] step 2400: bpb=1.8922
step   2500 | loss=6.1738 | lr=2.65e-04
step   2600 | loss=6.1588 | lr=2.60e-04
[VAL] step 2600: bpb=1.8759
step   2700 | loss=6.1253 | lr=2.56e-04
step   2800 | loss=6.1128 | lr=2.52e-04
[VAL] step 2800: bpb=1.8646
step   2900 | loss=6.0857 | lr=2.47e-04
step   3000 | loss=6.0748 | lr=2.42e-04
[VAL] step 3000: bpb=1.8540
step   3100 | loss=6.0582 | lr=2.38e-04
step   3200 | loss=6.0434 | lr=2.32e-04
[VAL] step 3200: bpb=1.8434
step   3300 | loss=6.0337 | lr=2.27e-04
step   3400 | loss=5.9981 | lr=2.22e-04
[VAL] step 3400: bpb=1.8358
step   3500 | loss=5.9873 | lr=2.17e-04
step   3600 | loss=5.9949 | lr=2.11e-04
[VAL] step 3600: bpb=1.8327
step   3700 | loss=5.9717 | lr=2.06e-04
step   3800 | loss=5.9617 | lr=2.00e-04
[VAL] step 3800: bpb=1.8251
step   3900 | loss=5.9362 | lr=1.94e-04
step   4000 | loss=5.9190 | lr=1.88e-04
[VAL] step 4000: bpb=1.8169
step   4100 | loss=5.9462 | lr=1.83e-04
step   4200 | loss=5.9195 | lr=1.77e-04
[VAL] step 4200: bpb=1.8117
step   4300 | loss=5.9220 | lr=1.71e-04
step   4400 | loss=5.9063 | lr=1.65e-04
[VAL] step 4400: bpb=1.8043
step   4500 | loss=5.8933 | lr=1.59e-04
step   4600 | loss=5.8807 | lr=1.53e-04
[VAL] step 4600: bpb=1.8018
step   4700 | loss=5.8834 | lr=1.47e-04
step   4800 | loss=5.8794 | lr=1.42e-04
[VAL] step 4800: bpb=1.7946
step   4900 | loss=5.8539 | lr=1.36e-04
step   5000 | loss=5.8485 | lr=1.30e-04
[VAL] step 5000: bpb=1.7883
step   5100 | loss=5.8356 | lr=1.24e-04
