Loading tokenizer from /home/starost/.cache/nanochat/tokenizer
Vocab size: 32768, BOS id: 32759
bit LUTs: 18
Adam-managed parameters: 14,912,518
Q/K BitPermLUT: in_nap=4 out_nap=32 tph=1024 d_qk=32 P_qk=496
V BitPermLUT:   in_nap=5 out_nap=16 tph=512 d_v=16 P_v=120
Out BitPermLUT: in_nap=8 out_nap=32 tph=[4096, 4096, 2048, 2048, 2048, 2048]
Tokens/micro-batch: 4,096 | grad_accum: 1 | effective batch: 4,096 tokens
step      1 | loss=10.5782 | lr=3.75e-07
step    100 | loss=9.9200 | lr=3.75e-05
step    200 | loss=8.9654 | lr=7.50e-05
[VAL] step 200: bpb=2.4461
step    300 | loss=8.1574 | lr=1.12e-04
step    400 | loss=7.7824 | lr=1.50e-04
[VAL] step 400: bpb=2.3122
step    500 | loss=7.5556 | lr=1.87e-04
step    600 | loss=7.4255 | lr=2.25e-04
[VAL] step 600: bpb=2.2404
step    700 | loss=7.3088 | lr=2.62e-04
step    800 | loss=7.1568 | lr=3.00e-04
[VAL] step 800: bpb=2.1464
step    900 | loss=6.9989 | lr=3.00e-04
step   1000 | loss=6.8808 | lr=2.99e-04
[VAL] step 1000: bpb=2.0686
step   1100 | loss=6.7900 | lr=2.99e-04
step   1200 | loss=6.7185 | lr=2.98e-04
[VAL] step 1200: bpb=2.0348
step   1300 | loss=6.6455 | lr=2.97e-04
step   1400 | loss=6.6148 | lr=2.95e-04
[VAL] step 1400: bpb=2.0095
step   1500 | loss=6.5828 | lr=2.94e-04
step   1600 | loss=6.5243 | lr=2.92e-04
[VAL] step 1600: bpb=1.9905
step   1700 | loss=6.5054 | lr=2.90e-04
step   1800 | loss=6.4856 | lr=2.87e-04
[VAL] step 1800: bpb=1.9785
step   1900 | loss=6.4678 | lr=2.85e-04
step   2000 | loss=6.4457 | lr=2.82e-04
[VAL] step 2000: bpb=1.9658
step   2100 | loss=6.4149 | lr=2.79e-04
step   2200 | loss=6.3983 | lr=2.76e-04
[VAL] step 2200: bpb=1.9596
step   2300 | loss=6.3791 | lr=2.72e-04
step   2400 | loss=6.3700 | lr=2.68e-04
[VAL] step 2400: bpb=1.9499
step   2500 | loss=6.3582 | lr=2.65e-04
step   2600 | loss=6.3514 | lr=2.60e-04
[VAL] step 2600: bpb=1.9394
step   2700 | loss=6.3225 | lr=2.56e-04
step   2800 | loss=6.3155 | lr=2.52e-04
[VAL] step 2800: bpb=1.9310
step   2900 | loss=6.2924 | lr=2.47e-04
