Loading tokenizer from /home/starost/.cache/nanochat/tokenizer
Vocab size: 32768, BOS id: 32759
Total params (all fp32): 115,979,014
Q/K MLPs (per-head): 64->2048->ReLU->64->LN, H=6
V MLP (per-head): 64->2048->GELU->32->LN, H=6
out_proj MHLut:  in_nap=6 tph=3056 (n_outputs=E=64) + LayerNorm
Tokens/micro-batch: 4,096 | grad_accum: 1 | effective batch: 4,096 tokens
step      1 | loss=10.5582 | lr=3.75e-07
step    100 | loss=9.9197 | lr=3.75e-05
step    200 | loss=8.9791 | lr=7.50e-05
[VAL] step 200: bpb=2.4500
step    300 | loss=8.1728 | lr=1.12e-04
step    400 | loss=7.7937 | lr=1.50e-04
[VAL] step 400: bpb=2.3116
step    500 | loss=7.5381 | lr=1.87e-04
step    600 | loss=7.3409 | lr=2.25e-04
[VAL] step 600: bpb=2.1835
step    700 | loss=7.1615 | lr=2.62e-04
step    800 | loss=7.0047 | lr=3.00e-04
[VAL] step 800: bpb=2.1014
step    900 | loss=6.8749 | lr=3.00e-04
step   1000 | loss=6.7809 | lr=2.99e-04
[VAL] step 1000: bpb=2.0436
step   1100 | loss=6.7044 | lr=2.99e-04
step   1200 | loss=6.6436 | lr=2.98e-04
[VAL] step 1200: bpb=2.0127
step   1300 | loss=6.5775 | lr=2.97e-04
step   1400 | loss=6.5497 | lr=2.95e-04
[VAL] step 1400: bpb=1.9912
step   1500 | loss=6.5203 | lr=2.94e-04
step   1600 | loss=6.4625 | lr=2.92e-04
[VAL] step 1600: bpb=1.9731
step   1700 | loss=6.4447 | lr=2.90e-04
step   1800 | loss=6.4257 | lr=2.87e-04
[VAL] step 1800: bpb=1.9579
step   1900 | loss=6.4100 | lr=2.85e-04
step   2000 | loss=6.3861 | lr=2.82e-04
[VAL] step 2000: bpb=1.9491
step   2100 | loss=6.3541 | lr=2.79e-04
step   2200 | loss=6.3386 | lr=2.76e-04
[VAL] step 2200: bpb=1.9420
step   2300 | loss=6.3192 | lr=2.72e-04
step   2400 | loss=6.3118 | lr=2.68e-04
[VAL] step 2400: bpb=1.9291
step   2500 | loss=6.2988 | lr=2.65e-04
step   2600 | loss=6.2892 | lr=2.60e-04
[VAL] step 2600: bpb=1.9200
step   2700 | loss=6.2607 | lr=2.56e-04
step   2800 | loss=6.2552 | lr=2.52e-04
[VAL] step 2800: bpb=1.9138
step   2900 | loss=6.2331 | lr=2.47e-04
step   3000 | loss=6.2269 | lr=2.42e-04
[VAL] step 3000: bpb=1.9044
step   3100 | loss=6.2139 | lr=2.38e-04
step   3200 | loss=6.2068 | lr=2.32e-04
[VAL] step 3200: bpb=1.8934
step   3300 | loss=6.1974 | lr=2.27e-04
step   3400 | loss=6.1655 | lr=2.22e-04
[VAL] step 3400: bpb=1.8908
step   3500 | loss=6.1594 | lr=2.17e-04
step   3600 | loss=6.1669 | lr=2.11e-04
[VAL] step 3600: bpb=1.8866
step   3700 | loss=6.1497 | lr=2.06e-04
step   3800 | loss=6.1387 | lr=2.00e-04
[VAL] step 3800: bpb=1.8798
step   3900 | loss=6.1181 | lr=1.94e-04
step   4000 | loss=6.1084 | lr=1.88e-04
[VAL] step 4000: bpb=1.8749
step   4100 | loss=6.1320 | lr=1.83e-04
step   4200 | loss=6.1044 | lr=1.77e-04
[VAL] step 4200: bpb=1.8683
step   4300 | loss=6.1084 | lr=1.71e-04
step   4400 | loss=6.0939 | lr=1.65e-04
[VAL] step 4400: bpb=1.8639
step   4500 | loss=6.0848 | lr=1.59e-04
step   4600 | loss=6.0732 | lr=1.53e-04
[VAL] step 4600: bpb=1.8591
step   4700 | loss=6.0780 | lr=1.47e-04
step   4800 | loss=6.0734 | lr=1.42e-04
[VAL] step 4800: bpb=1.8534
step   4900 | loss=6.0483 | lr=1.36e-04
step   5000 | loss=6.0462 | lr=1.30e-04
[VAL] step 5000: bpb=1.8481
step   5100 | loss=6.0319 | lr=1.24e-04
step   5200 | loss=6.0165 | lr=1.19e-04
[VAL] step 5200: bpb=1.8440
step   5300 | loss=6.0074 | lr=1.13e-04
step   5400 | loss=5.9937 | lr=1.08e-04
[VAL] step 5400: bpb=1.8391
step   5500 | loss=5.9910 | lr=1.03e-04
step   5600 | loss=6.0061 | lr=9.75e-05
[VAL] step 5600: bpb=1.8349
step   5700 | loss=5.9920 | lr=9.25e-05
step   5800 | loss=5.9834 | lr=8.76e-05
[VAL] step 5800: bpb=1.8337
step   5900 | loss=5.9888 | lr=8.28e-05
step   6000 | loss=5.9724 | lr=7.82e-05
[VAL] step 6000: bpb=1.8297
step   6100 | loss=5.9640 | lr=7.38e-05
step   6200 | loss=5.9608 | lr=6.95e-05
[VAL] step 6200: bpb=1.8266
step   6300 | loss=5.9653 | lr=6.55e-05
step   6400 | loss=5.9498 | lr=6.16e-05
[VAL] step 6400: bpb=1.8232
