Loading tokenizer from /home/starost/.cache/nanochat/tokenizer
Vocab size: 32768, BOS id: 32759
Total params (all fp32): 301,795,590
Q/K Joint MHLut: in_nap=6 tph=256 d_qk=32 (n_outputs=2*d_qk=64)
V MHLut:         in_nap=8 tph=256 d_v=24 (n_outputs=d_v)
out_proj MHLut:  in_nap=6 tph=[2048, 2048, 1024, 1024, 1024, 1024] (n_outputs=E=96) + LayerNorm
Tokens/micro-batch: 4,096 | grad_accum: 1 | effective batch: 4,096 tokens
step      1 | loss=10.4153 | lr=3.75e-07
step    100 | loss=9.3660 | lr=3.75e-05
step    200 | loss=8.2371 | lr=7.50e-05
[VAL] step 200: bpb=2.3092
step    300 | loss=7.6349 | lr=1.12e-04
step    400 | loss=7.1460 | lr=1.50e-04
[VAL] step 400: bpb=2.0680
step    500 | loss=6.8345 | lr=1.87e-04
step    600 | loss=6.6871 | lr=2.25e-04
[VAL] step 600: bpb=2.0046
step    700 | loss=6.5835 | lr=2.62e-04
step    800 | loss=6.4989 | lr=3.00e-04
[VAL] step 800: bpb=1.9694
step    900 | loss=6.4338 | lr=3.00e-04
step   1000 | loss=6.3797 | lr=2.99e-04
[VAL] step 1000: bpb=1.9341
step   1100 | loss=6.3303 | lr=2.99e-04
step   1200 | loss=6.2822 | lr=2.98e-04
[VAL] step 1200: bpb=1.9015
step   1300 | loss=6.2161 | lr=2.97e-04
step   1400 | loss=6.1823 | lr=2.95e-04
[VAL] step 1400: bpb=1.8732
step   1500 | loss=6.1360 | lr=2.94e-04
step   1600 | loss=6.0605 | lr=2.92e-04
[VAL] step 1600: bpb=1.8434
step   1700 | loss=6.0250 | lr=2.90e-04
step   1800 | loss=5.9883 | lr=2.87e-04
[VAL] step 1800: bpb=1.8188
step   1900 | loss=5.9525 | lr=2.85e-04
step   2000 | loss=5.9146 | lr=2.82e-04
[VAL] step 2000: bpb=1.8046
step   2100 | loss=5.8648 | lr=2.79e-04
step   2200 | loss=5.8401 | lr=2.76e-04
[VAL] step 2200: bpb=1.7887
step   2300 | loss=5.8191 | lr=2.72e-04
step   2400 | loss=5.8100 | lr=2.68e-04
[VAL] step 2400: bpb=1.7746
step   2500 | loss=5.7906 | lr=2.65e-04
step   2600 | loss=5.7682 | lr=2.60e-04
[VAL] step 2600: bpb=1.7580
step   2700 | loss=5.7330 | lr=2.56e-04
step   2800 | loss=5.7210 | lr=2.52e-04
[VAL] step 2800: bpb=1.7506
step   2900 | loss=5.6919 | lr=2.47e-04
step   3000 | loss=5.6774 | lr=2.42e-04
[VAL] step 3000: bpb=1.7372
step   3100 | loss=5.6613 | lr=2.38e-04
step   3200 | loss=5.6511 | lr=2.32e-04
[VAL] step 3200: bpb=1.7268
step   3300 | loss=5.6390 | lr=2.27e-04
step   3400 | loss=5.6000 | lr=2.22e-04
[VAL] step 3400: bpb=1.7208
step   3500 | loss=5.5910 | lr=2.17e-04
step   3600 | loss=5.5982 | lr=2.11e-04
[VAL] step 3600: bpb=1.7158
step   3700 | loss=5.5714 | lr=2.06e-04
step   3800 | loss=5.5598 | lr=2.00e-04
[VAL] step 3800: bpb=1.7082
step   3900 | loss=5.5355 | lr=1.94e-04
step   4000 | loss=5.5151 | lr=1.88e-04
[VAL] step 4000: bpb=1.6972
step   4100 | loss=5.5445 | lr=1.83e-04
step   4200 | loss=5.5177 | lr=1.77e-04
[VAL] step 4200: bpb=1.6936
step   4300 | loss=5.5207 | lr=1.71e-04
step   4400 | loss=5.5084 | lr=1.65e-04
[VAL] step 4400: bpb=1.6892
step   4500 | loss=5.4911 | lr=1.59e-04
step   4600 | loss=5.4791 | lr=1.53e-04
[VAL] step 4600: bpb=1.6805
step   4700 | loss=5.4784 | lr=1.47e-04
step   4800 | loss=5.4770 | lr=1.42e-04
[VAL] step 4800: bpb=1.6763
step   4900 | loss=5.4530 | lr=1.36e-04
step   5000 | loss=5.4463 | lr=1.30e-04
[VAL] step 5000: bpb=1.6685
step   5100 | loss=5.4364 | lr=1.24e-04
step   5200 | loss=5.4190 | lr=1.19e-04
[VAL] step 5200: bpb=1.6643
step   5300 | loss=5.4042 | lr=1.13e-04
step   5400 | loss=5.3889 | lr=1.08e-04
[VAL] step 5400: bpb=1.6599
step   5500 | loss=5.3967 | lr=1.03e-04
step   5600 | loss=5.4091 | lr=9.75e-05
[VAL] step 5600: bpb=1.6554
step   5700 | loss=5.3947 | lr=9.25e-05
step   5800 | loss=5.3840 | lr=8.76e-05
[VAL] step 5800: bpb=1.6537
step   5900 | loss=5.3850 | lr=8.28e-05
step   6000 | loss=5.3746 | lr=7.82e-05
[VAL] step 6000: bpb=1.6499
step   6100 | loss=5.3615 | lr=7.38e-05
step   6200 | loss=5.3594 | lr=6.95e-05
[VAL] step 6200: bpb=1.6464
step   6300 | loss=5.3623 | lr=6.55e-05
step   6400 | loss=5.3460 | lr=6.16e-05
[VAL] step 6400: bpb=1.6440
step   6500 | loss=5.3331 | lr=5.79e-05
step   6600 | loss=5.3399 | lr=5.44e-05
[VAL] step 6600: bpb=1.6405
step   6700 | loss=5.3360 | lr=5.11e-05
step   6800 | loss=5.3279 | lr=4.81e-05
[VAL] step 6800: bpb=1.6372
step   6900 | loss=5.3287 | lr=4.53e-05
step   7000 | loss=5.3297 | lr=4.26e-05
[VAL] step 7000: bpb=1.6361
step   7100 | loss=5.3197 | lr=4.03e-05
step   7200 | loss=5.3242 | lr=3.81e-05
[VAL] step 7200: bpb=1.6332
step   7300 | loss=5.3094 | lr=3.62e-05
step   7400 | loss=5.3215 | lr=3.46e-05
[VAL] step 7400: bpb=1.6328
step   7500 | loss=5.3095 | lr=3.32e-05
step   7600 | loss=5.3024 | lr=3.21e-05
[VAL] step 7600: bpb=1.6303
step   7700 | loss=5.2956 | lr=3.12e-05
step   7800 | loss=5.3100 | lr=3.05e-05
[VAL] step 7800: bpb=1.6288
step   7900 | loss=5.3061 | lr=3.01e-05
step   8000 | loss=5.2978 | lr=3.00e-05
[VAL] step 8000: bpb=1.6284

=== DONE ===
{
  "exp_name": "exp183_e96_bigunembed_bitattn",
  "best_val_bpb": 1.6283565979023378,
  "final_val_bpb": 1.6283565979023378,
  "n_params": 301795590,
  "training_time_hours": 0.7
}
