Loading tokenizer from /home/starost/.cache/nanochat/tokenizer
Vocab size: 32768, BOS id: 32759
Total params (all fp32): 392,005,126
Q/K Joint MHLut: in_nap=8 tph=384 d_qk=32 (n_outputs=2*d_qk=64)
V MHLut:         in_nap=8 tph=256 d_v=32 (n_outputs=d_v)
out_proj MHLut:  in_nap=6 tph=3056 (n_outputs=E=64) + LayerNorm
Tokens/micro-batch: 4,096 | grad_accum: 1 | effective batch: 4,096 tokens
step      1 | loss=10.5591 | lr=3.75e-07
step    100 | loss=9.9136 | lr=3.75e-05
step    200 | loss=8.9590 | lr=7.50e-05
[VAL] step 200: bpb=2.4384
step    300 | loss=8.0809 | lr=1.12e-04
step    400 | loss=7.4967 | lr=1.50e-04
[VAL] step 400: bpb=2.1542
step    500 | loss=7.1186 | lr=1.87e-04
step    600 | loss=6.9234 | lr=2.25e-04
[VAL] step 600: bpb=2.0631
step    700 | loss=6.7982 | lr=2.62e-04
step    800 | loss=6.7011 | lr=3.00e-04
[VAL] step 800: bpb=2.0259
step    900 | loss=6.6315 | lr=3.00e-04
step   1000 | loss=6.5794 | lr=2.99e-04
[VAL] step 1000: bpb=1.9932
step   1100 | loss=6.5363 | lr=2.99e-04
step   1200 | loss=6.4950 | lr=2.98e-04
[VAL] step 1200: bpb=1.9719
step   1300 | loss=6.4415 | lr=2.97e-04
step   1400 | loss=6.4186 | lr=2.95e-04
[VAL] step 1400: bpb=1.9525
step   1500 | loss=6.3893 | lr=2.94e-04
step   1600 | loss=6.3301 | lr=2.92e-04
[VAL] step 1600: bpb=1.9295
step   1700 | loss=6.3028 | lr=2.90e-04
step   1800 | loss=6.2758 | lr=2.87e-04
[VAL] step 1800: bpb=1.9118
step   1900 | loss=6.2459 | lr=2.85e-04
step   2000 | loss=6.2110 | lr=2.82e-04
[VAL] step 2000: bpb=1.8923
step   2100 | loss=6.1638 | lr=2.79e-04
step   2200 | loss=6.1366 | lr=2.76e-04
[VAL] step 2200: bpb=1.8740
step   2300 | loss=6.1106 | lr=2.72e-04
step   2400 | loss=6.0979 | lr=2.68e-04
[VAL] step 2400: bpb=1.8577
step   2500 | loss=6.0755 | lr=2.65e-04
step   2600 | loss=6.0573 | lr=2.60e-04
[VAL] step 2600: bpb=1.8427
step   2700 | loss=6.0209 | lr=2.56e-04
step   2800 | loss=6.0074 | lr=2.52e-04
[VAL] step 2800: bpb=1.8326
step   2900 | loss=5.9780 | lr=2.47e-04
step   3000 | loss=5.9626 | lr=2.42e-04
[VAL] step 3000: bpb=1.8208
step   3100 | loss=5.9469 | lr=2.38e-04
step   3200 | loss=5.9340 | lr=2.32e-04
[VAL] step 3200: bpb=1.8093
step   3300 | loss=5.9207 | lr=2.27e-04
step   3400 | loss=5.8830 | lr=2.22e-04
[VAL] step 3400: bpb=1.8041
step   3500 | loss=5.8725 | lr=2.17e-04
step   3600 | loss=5.8817 | lr=2.11e-04
[VAL] step 3600: bpb=1.7973
step   3700 | loss=5.8586 | lr=2.06e-04
step   3800 | loss=5.8469 | lr=2.00e-04
[VAL] step 3800: bpb=1.7895
step   3900 | loss=5.8220 | lr=1.94e-04
step   4000 | loss=5.8041 | lr=1.88e-04
[VAL] step 4000: bpb=1.7793
step   4100 | loss=5.8299 | lr=1.83e-04
step   4200 | loss=5.8007 | lr=1.77e-04
[VAL] step 4200: bpb=1.7733
step   4300 | loss=5.8056 | lr=1.71e-04
step   4400 | loss=5.7901 | lr=1.65e-04
[VAL] step 4400: bpb=1.7686
step   4500 | loss=5.7767 | lr=1.59e-04
step   4600 | loss=5.7665 | lr=1.53e-04
[VAL] step 4600: bpb=1.7640
step   4700 | loss=5.7667 | lr=1.47e-04
step   4800 | loss=5.7636 | lr=1.42e-04
[VAL] step 4800: bpb=1.7579
step   4900 | loss=5.7407 | lr=1.36e-04
step   5000 | loss=5.7354 | lr=1.30e-04
[VAL] step 5000: bpb=1.7520
step   5100 | loss=5.7203 | lr=1.24e-04
step   5200 | loss=5.7036 | lr=1.19e-04
[VAL] step 5200: bpb=1.7459
step   5300 | loss=5.6917 | lr=1.13e-04
step   5400 | loss=5.6761 | lr=1.08e-04
[VAL] step 5400: bpb=1.7436
step   5500 | loss=5.6811 | lr=1.03e-04
step   5600 | loss=5.6942 | lr=9.75e-05
[VAL] step 5600: bpb=1.7392
step   5700 | loss=5.6764 | lr=9.25e-05
step   5800 | loss=5.6677 | lr=8.76e-05
[VAL] step 5800: bpb=1.7358
step   5900 | loss=5.6728 | lr=8.28e-05
step   6000 | loss=5.6576 | lr=7.82e-05
[VAL] step 6000: bpb=1.7310
step   6100 | loss=5.6453 | lr=7.38e-05
step   6200 | loss=5.6424 | lr=6.95e-05
[VAL] step 6200: bpb=1.7287
step   6300 | loss=5.6472 | lr=6.55e-05
step   6400 | loss=5.6282 | lr=6.16e-05
[VAL] step 6400: bpb=1.7253
step   6500 | loss=5.6216 | lr=5.79e-05
step   6600 | loss=5.6285 | lr=5.44e-05
[VAL] step 6600: bpb=1.7216
step   6700 | loss=5.6226 | lr=5.11e-05
step   6800 | loss=5.6154 | lr=4.81e-05
[VAL] step 6800: bpb=1.7204
step   6900 | loss=5.6149 | lr=4.53e-05
step   7000 | loss=5.6143 | lr=4.26e-05
[VAL] step 7000: bpb=1.7182
step   7100 | loss=5.6059 | lr=4.03e-05
step   7200 | loss=5.6095 | lr=3.81e-05
[VAL] step 7200: bpb=1.7174
step   7300 | loss=5.5969 | lr=3.62e-05
step   7400 | loss=5.6058 | lr=3.46e-05
[VAL] step 7400: bpb=1.7161
step   7500 | loss=5.5940 | lr=3.32e-05
step   7600 | loss=5.5867 | lr=3.21e-05
[VAL] step 7600: bpb=1.7134
step   7700 | loss=5.5774 | lr=3.12e-05
step   7800 | loss=5.5914 | lr=3.05e-05
[VAL] step 7800: bpb=1.7118
step   7900 | loss=5.5889 | lr=3.01e-05
step   8000 | loss=5.5793 | lr=3.00e-05
[VAL] step 8000: bpb=1.7108

=== DONE ===
{
  "exp_name": "exp156_attn_anneal",
  "best_val_bpb": 1.7108342942920047,
  "final_val_bpb": 1.7108342942920047,
  "n_params": 392005126,
  "training_time_hours": 0.649
}
