Loading tokenizer from /home/starost/.cache/nanochat/tokenizer
Vocab size: 32768, BOS id: 32759
Total params (all fp32): 184,396,294
Q/K MLPs (per-head): 64->2048->ReLU->64->LN, H=6
V MHLut:         in_nap=8 tph=256 d_v=32 (n_outputs=d_v)
out_proj MHLut:  in_nap=6 tph=3056 (n_outputs=E=64) + LayerNorm
Tokens/micro-batch: 4,096 | grad_accum: 1 | effective batch: 4,096 tokens
step      1 | loss=10.5525 | lr=3.75e-07
step    100 | loss=9.9147 | lr=3.75e-05
step    200 | loss=8.9795 | lr=7.50e-05
[VAL] step 200: bpb=2.4515
step    300 | loss=8.1518 | lr=1.12e-04
step    400 | loss=7.6715 | lr=1.50e-04
[VAL] step 400: bpb=2.2379
step    500 | loss=7.3241 | lr=1.87e-04
step    600 | loss=7.1135 | lr=2.25e-04
[VAL] step 600: bpb=2.1157
step    700 | loss=6.9534 | lr=2.62e-04
step    800 | loss=6.8194 | lr=3.00e-04
[VAL] step 800: bpb=2.0556
step    900 | loss=6.7179 | lr=3.00e-04
step   1000 | loss=6.6416 | lr=2.99e-04
[VAL] step 1000: bpb=2.0067
step   1100 | loss=6.5808 | lr=2.99e-04
step   1200 | loss=6.5270 | lr=2.98e-04
[VAL] step 1200: bpb=1.9760
step   1300 | loss=6.4648 | lr=2.97e-04
step   1400 | loss=6.4383 | lr=2.95e-04
[VAL] step 1400: bpb=1.9561
step   1500 | loss=6.4070 | lr=2.94e-04
step   1600 | loss=6.3477 | lr=2.92e-04
[VAL] step 1600: bpb=1.9334
step   1700 | loss=6.3266 | lr=2.90e-04
step   1800 | loss=6.3015 | lr=2.87e-04
[VAL] step 1800: bpb=1.9191
step   1900 | loss=6.2784 | lr=2.85e-04
step   2000 | loss=6.2500 | lr=2.82e-04
[VAL] step 2000: bpb=1.9048
step   2100 | loss=6.2112 | lr=2.79e-04
step   2200 | loss=6.1871 | lr=2.76e-04
[VAL] step 2200: bpb=1.8906
step   2300 | loss=6.1644 | lr=2.72e-04
step   2400 | loss=6.1519 | lr=2.68e-04
[VAL] step 2400: bpb=1.8756
step   2500 | loss=6.1284 | lr=2.65e-04
step   2600 | loss=6.1097 | lr=2.60e-04
[VAL] step 2600: bpb=1.8582
step   2700 | loss=6.0734 | lr=2.56e-04
step   2800 | loss=6.0554 | lr=2.52e-04
[VAL] step 2800: bpb=1.8478
step   2900 | loss=6.0237 | lr=2.47e-04
step   3000 | loss=6.0053 | lr=2.42e-04
[VAL] step 3000: bpb=1.8322
step   3100 | loss=5.9859 | lr=2.38e-04
step   3200 | loss=5.9684 | lr=2.32e-04
[VAL] step 3200: bpb=1.8204
step   3300 | loss=5.9527 | lr=2.27e-04
step   3400 | loss=5.9144 | lr=2.22e-04
[VAL] step 3400: bpb=1.8114
step   3500 | loss=5.9027 | lr=2.17e-04
step   3600 | loss=5.9085 | lr=2.11e-04
[VAL] step 3600: bpb=1.8052
step   3700 | loss=5.8817 | lr=2.06e-04
step   3800 | loss=5.8696 | lr=2.00e-04
[VAL] step 3800: bpb=1.7956
step   3900 | loss=5.8444 | lr=1.94e-04
step   4000 | loss=5.8272 | lr=1.88e-04
[VAL] step 4000: bpb=1.7862
step   4100 | loss=5.8502 | lr=1.83e-04
step   4200 | loss=5.8209 | lr=1.77e-04
[VAL] step 4200: bpb=1.7801
step   4300 | loss=5.8238 | lr=1.71e-04
step   4400 | loss=5.8093 | lr=1.65e-04
[VAL] step 4400: bpb=1.7753
step   4500 | loss=5.7960 | lr=1.59e-04
step   4600 | loss=5.7837 | lr=1.53e-04
[VAL] step 4600: bpb=1.7703
step   4700 | loss=5.7857 | lr=1.47e-04
step   4800 | loss=5.7787 | lr=1.42e-04
[VAL] step 4800: bpb=1.7628
step   4900 | loss=5.7545 | lr=1.36e-04
step   5000 | loss=5.7495 | lr=1.30e-04
[VAL] step 5000: bpb=1.7567
step   5100 | loss=5.7351 | lr=1.24e-04
step   5200 | loss=5.7184 | lr=1.19e-04
[VAL] step 5200: bpb=1.7513
step   5300 | loss=5.7056 | lr=1.13e-04
step   5400 | loss=5.6902 | lr=1.08e-04
[VAL] step 5400: bpb=1.7473
step   5500 | loss=5.6946 | lr=1.03e-04
step   5600 | loss=5.7075 | lr=9.75e-05
[VAL] step 5600: bpb=1.7447
step   5700 | loss=5.6913 | lr=9.25e-05
step   5800 | loss=5.6813 | lr=8.76e-05
[VAL] step 5800: bpb=1.7419
step   5900 | loss=5.6868 | lr=8.28e-05
step   6000 | loss=5.6722 | lr=7.82e-05
[VAL] step 6000: bpb=1.7367
step   6100 | loss=5.6596 | lr=7.38e-05
step   6200 | loss=5.6558 | lr=6.95e-05
[VAL] step 6200: bpb=1.7340
step   6300 | loss=5.6602 | lr=6.55e-05
step   6400 | loss=5.6414 | lr=6.16e-05
[VAL] step 6400: bpb=1.7305
step   6500 | loss=5.6343 | lr=5.79e-05
step   6600 | loss=5.6411 | lr=5.44e-05
[VAL] step 6600: bpb=1.7279
step   6700 | loss=5.6343 | lr=5.11e-05
step   6800 | loss=5.6262 | lr=4.81e-05
[VAL] step 6800: bpb=1.7252
step   6900 | loss=5.6259 | lr=4.53e-05
step   7000 | loss=5.6273 | lr=4.26e-05
[VAL] step 7000: bpb=1.7236
step   7100 | loss=5.6197 | lr=4.03e-05
step   7200 | loss=5.6210 | lr=3.81e-05
[VAL] step 7200: bpb=1.7213
step   7300 | loss=5.6103 | lr=3.62e-05
step   7400 | loss=5.6197 | lr=3.46e-05
[VAL] step 7400: bpb=1.7206
step   7500 | loss=5.6065 | lr=3.32e-05
step   7600 | loss=5.6002 | lr=3.21e-05
[VAL] step 7600: bpb=1.7188
step   7700 | loss=5.5905 | lr=3.12e-05
step   7800 | loss=5.6030 | lr=3.05e-05
[VAL] step 7800: bpb=1.7165
step   7900 | loss=5.5998 | lr=3.01e-05
step   8000 | loss=5.5912 | lr=3.00e-05
[VAL] step 8000: bpb=1.7162

=== DONE ===
{
  "exp_name": "exp166_mlp_qk_gelu_nobias",
  "best_val_bpb": 1.7162450953204431,
  "final_val_bpb": 1.7162450953204431,
  "n_params": 184396294,
  "training_time_hours": 0.49
}
