Loading tokenizer from /home/starost/.cache/nanochat/tokenizer
Vocab size: 32768, BOS id: 32759
TinyMultiHeadLut modules: 18 (expected 18)
Tiny-LUT params (bf16 storage, fp32 Adam moments + SR via TinyMultiHeadLutOptimizer): 106,954,752
AdamW params (fp32 storage, fp32 moments — non-LUT path): 22,350,086
Q/K Joint MHLut: in_nap=6 tph=256 d_qk=32 (n_outputs=2*d_qk=64)
V MHLut:         in_nap=7 tph=256 d_v=16 (n_outputs=d_v)
out_proj MHLut:  in_nap=6 tph=[2048, 2048, 1024, 1024, 1024, 1024] (n_outputs=E=96) + LayerNorm
Tokens/micro-batch: 4,096 | grad_accum: 1 | effective batch: 4,096 tokens
step      1 | loss=10.5621 | lr=3.75e-07
step    100 | loss=9.7308 | lr=3.75e-05
step    200 | loss=8.5979 | lr=7.50e-05
[VAL] step 200: bpb=2.3563
step    300 | loss=7.9375 | lr=1.12e-04
step    400 | loss=7.6077 | lr=1.50e-04
[VAL] step 400: bpb=2.2580
step    500 | loss=7.3047 | lr=1.87e-04
step    600 | loss=7.0548 | lr=2.25e-04
[VAL] step 600: bpb=2.0889
step    700 | loss=6.8813 | lr=2.62e-04
step    800 | loss=6.7517 | lr=3.00e-04
[VAL] step 800: bpb=2.0326
step    900 | loss=6.6613 | lr=3.00e-04
step   1000 | loss=6.6016 | lr=2.99e-04
[VAL] step 1000: bpb=1.9970
step   1100 | loss=6.5527 | lr=2.99e-04
step   1200 | loss=6.5084 | lr=2.98e-04
[VAL] step 1200: bpb=1.9739
step   1300 | loss=6.4535 | lr=2.97e-04
step   1400 | loss=6.4332 | lr=2.95e-04
[VAL] step 1400: bpb=1.9568
step   1500 | loss=6.4107 | lr=2.94e-04
step   1600 | loss=6.3561 | lr=2.92e-04
[VAL] step 1600: bpb=1.9400
step   1700 | loss=6.3400 | lr=2.90e-04
step   1800 | loss=6.3200 | lr=2.87e-04
[VAL] step 1800: bpb=1.9281
step   1900 | loss=6.3014 | lr=2.85e-04
step   2000 | loss=6.2742 | lr=2.82e-04
[VAL] step 2000: bpb=1.9161
step   2100 | loss=6.2402 | lr=2.79e-04
step   2200 | loss=6.2207 | lr=2.76e-04
[VAL] step 2200: bpb=1.9033
step   2300 | loss=6.2013 | lr=2.72e-04
step   2400 | loss=6.1908 | lr=2.68e-04
[VAL] step 2400: bpb=1.8905
step   2500 | loss=6.1736 | lr=2.65e-04
step   2600 | loss=6.1605 | lr=2.60e-04
[VAL] step 2600: bpb=1.8767
step   2700 | loss=6.1273 | lr=2.56e-04
step   2800 | loss=6.1147 | lr=2.52e-04
[VAL] step 2800: bpb=1.8666
step   2900 | loss=6.0865 | lr=2.47e-04
step   3000 | loss=6.0742 | lr=2.42e-04
[VAL] step 3000: bpb=1.8554
step   3100 | loss=6.0579 | lr=2.38e-04
step   3200 | loss=6.0452 | lr=2.32e-04
[VAL] step 3200: bpb=1.8430
step   3300 | loss=6.0340 | lr=2.27e-04
step   3400 | loss=5.9973 | lr=2.22e-04
[VAL] step 3400: bpb=1.8366
step   3500 | loss=5.9868 | lr=2.17e-04
step   3600 | loss=5.9927 | lr=2.11e-04
[VAL] step 3600: bpb=1.8321
step   3700 | loss=5.9685 | lr=2.06e-04
