r   0  pool best  88.319  mean 146.786  held-out best  71.924  tau +0.0899  [   0.9s]
r  25  pool best  73.872  mean 115.746  held-out best  73.607  tau +0.0676  [   7.7s]
r  50  pool best  60.503  mean 107.952  held-out best  58.948  tau -0.1752  [  14.6s]
r  75  pool best  62.665  mean 103.217  held-out best  58.948  tau -0.1752  [  20.5s]
r 100  pool best  54.290  mean  94.867  held-out best  62.115  tau +0.0416  [  26.7s]
r 125  pool best  55.252  mean  90.108  held-out best  62.115  tau +0.0416  [  32.3s]
r 150  pool best  46.910  mean  83.237  held-out best  39.495  tau +0.0800  [  38.1s]
r 175  pool best  44.365  mean  76.856  held-out best  43.409  tau -0.0083  [  43.8s]
r 200  pool best  45.562  mean  74.768  held-out best  43.409  tau -0.0083  [  49.5s]
r 225  pool best  45.147  mean  65.524  held-out best  31.590  tau +0.1110  [  55.2s]
r 250  pool best  43.945  mean  62.071  held-out best  31.590  tau +0.1110  [  60.9s]
r 275  pool best  33.456  mean  55.265  held-out best  38.166  tau +0.2669  [  66.7s]
r 300  pool best  36.270  mean  53.900  held-out best  38.166  tau +0.2669  [  72.4s]
r 325  pool best  35.605  mean  50.501  held-out best  38.014  tau +0.1055  [  78.0s]
r 350  pool best  35.389  mean  48.358  held-out best  35.449  tau +0.3191  [  83.7s]
r 375  pool best  32.142  mean  44.328  held-out best  31.932  tau +0.3298  [  89.5s]
r 400  pool best  30.946  mean  40.611  held-out best  31.932  tau +0.3298  [  95.2s]
r 425  pool best  32.132  mean  40.658  held-out best  33.111  tau +0.5270  [ 100.8s]
r 450  pool best  29.461  mean  37.964  held-out best  29.248  tau +0.3936  [ 106.6s]
r 475  pool best  30.217  mean  38.098  held-out best  29.248  tau +0.3936  [ 112.1s]
r 500  pool best  29.283  mean  37.046  held-out best  29.248  tau +0.3936  [ 117.7s]
r 525  pool best  29.473  mean  35.956  held-out best  29.248  tau +0.3936  [ 123.2s]
r 550  pool best  28.383  mean  34.924  held-out best  29.248  tau +0.3936  [ 128.8s]
r 575  pool best  30.188  mean  35.724  held-out best  29.248  tau +0.3936  [ 134.3s]
r 600  pool best  27.186  mean  33.423  held-out best  29.248  tau +0.3936  [ 139.9s]
r 625  pool best  28.639  mean  35.241  held-out best  27.798  tau +0.2580  [ 145.4s]
r 650  pool best  27.582  mean  33.823  held-out best  28.171  tau +0.2719  [ 151.0s]
r 675  pool best  26.656  mean  32.898  held-out best  28.171  tau +0.2719  [ 156.6s]
r 700  pool best  28.665  mean  33.448  held-out best  28.171  tau +0.2719  [ 162.2s]
r 725  pool best  27.767  mean  33.181  held-out best  28.171  tau +0.2719  [ 167.9s]
r 750  pool best  26.105  mean  31.385  held-out best  25.071  tau +0.3585  [ 173.8s]
r 775  pool best  25.043  mean  29.623  held-out best  25.071  tau +0.3585  [ 179.3s]
r 800  pool best  26.773  mean  32.754  held-out best  25.071  tau +0.3585  [ 185.0s]
r 825  pool best  24.932  mean  30.412  held-out best  25.071  tau +0.3585  [ 190.5s]
r 850  pool best  24.035  mean  29.481  held-out best  25.719  tau +0.2216  [ 196.2s]
r 875  pool best  25.613  mean  30.883  held-out best  25.719  tau +0.2216  [ 201.8s]
r 900  pool best  27.616  mean  33.305  held-out best  25.719  tau +0.2216  [ 207.4s]
r 925  pool best  23.124  mean  29.131  held-out best  25.719  tau +0.2216  [ 213.0s]
r 950  pool best  25.697  mean  31.253  held-out best  25.719  tau +0.2216  [ 218.6s]
r 975  pool best  27.535  mean  33.849  held-out best  23.910  tau +0.3171  [ 224.3s]
r1000  pool best  25.730  mean  30.582  held-out best  23.910  tau +0.3171  [ 230.0s]
r1025  pool best  26.260  mean  32.144  held-out best  23.910  tau +0.3171  [ 235.7s]
r1050  pool best  26.785  mean  33.051  held-out best  23.910  tau +0.3171  [ 241.4s]
r1075  pool best  24.751  mean  30.702  held-out best  23.910  tau +0.3171  [ 246.9s]
r1100  pool best  24.340  mean  29.336  held-out best  24.281  tau +0.3036  [ 252.6s]
r1125  pool best  25.305  mean  30.607  held-out best  24.281  tau +0.3036  [ 258.2s]
r1150  pool best  25.285  mean  31.181  held-out best  24.281  tau +0.3036  [ 263.9s]
r1175  pool best  23.402  mean  28.518  held-out best  24.263  tau +0.4488  [ 269.5s]
r1200  pool best  25.516  mean  29.937  held-out best  24.263  tau +0.4488  [ 275.1s]
r1225  pool best  23.824  mean  28.204  held-out best  24.263  tau +0.4488  [ 280.6s]
r1250  pool best  25.453  mean  31.111  held-out best  22.602  tau +0.2414  [ 286.2s]
r1275  pool best  24.311  mean  30.012  held-out best  22.602  tau +0.2414  [ 291.6s]
r1300  pool best  23.412  mean  28.767  held-out best  22.602  tau +0.2414  [ 297.3s]
r1325  pool best  25.358  mean  30.766  held-out best  22.602  tau +0.2414  [ 302.8s]
r1350  pool best  25.015  mean  29.112  held-out best  22.602  tau +0.2414  [ 308.4s]
r1375  pool best  26.540  mean  31.760  held-out best  22.602  tau +0.2414  [ 313.9s]
r1400  pool best  27.000  mean  31.902  held-out best  22.602  tau +0.2414  [ 319.6s]
r1425  pool best  25.417  mean  29.707  held-out best  22.602  tau +0.2414  [ 325.0s]
r1450  pool best  26.566  mean  31.428  held-out best  22.602  tau +0.2414  [ 330.6s]
r1475  pool best  22.757  mean  27.518  held-out best  22.602  tau +0.2414  [ 336.2s]
r1499  pool best  23.287  mean  28.126  held-out best  22.602  tau +0.2414  [ 341.6s]
DONE seed 0: held-out MSE 22.602 vs constant 34.152, tau +0.2414 (341.6s)
