delay ranges: exc columns [1,128], others [1,64]
RANDOM init: 512 independent genomes, 20 exc + 20 inh active (E-frac 0.500), ~195 synapses each
r   0  fit  29.407  mse  29.407  neurons 40.00 (min 40 max 40)  syn  195.6  held-out best  25.846  [   4.3s]
r  25  fit  28.140  mse  28.140  neurons 40.00 (min 40 max 40)  syn  303.2  held-out best  31.531  [  45.4s]
r  50  fit  28.992  mse  28.992  neurons 40.00 (min 40 max 40)  syn  327.2  held-out best  25.302  [  82.9s]
r  75  fit  26.603  mse  26.603  neurons 40.00 (min 40 max 40)  syn  341.8  held-out best  25.302  [ 118.7s]
r 100  fit  24.741  mse  24.741  neurons 40.00 (min 40 max 40)  syn  356.0  held-out best  25.302  [ 155.6s]
r 125  fit  27.608  mse  27.608  neurons 40.00 (min 40 max 40)  syn  362.2  held-out best  25.302  [ 190.7s]
r 150  fit  26.790  mse  26.790  neurons 40.00 (min 40 max 40)  syn  370.0  held-out best  25.302  [ 227.1s]
r 175  fit  24.993  mse  24.993  neurons 40.00 (min 40 max 40)  syn  382.3  held-out best  25.302  [ 262.5s]
r 200  fit  22.895  mse  22.895  neurons 40.00 (min 40 max 40)  syn  405.9  held-out best  25.302  [ 300.1s]
r 225  fit  27.457  mse  27.457  neurons 40.00 (min 40 max 40)  syn  416.3  held-out best  22.862  [ 338.2s]
r 250  fit  22.792  mse  22.792  neurons 40.00 (min 40 max 40)  syn  426.2  held-out best  22.862  [ 375.8s]
r 275  fit  23.111  mse  23.111  neurons 40.00 (min 40 max 40)  syn  435.5  held-out best  22.862  [ 411.9s]
r 300  fit  23.915  mse  23.915  neurons 40.00 (min 40 max 40)  syn  446.6  held-out best  22.862  [ 449.3s]
r 325  fit  24.024  mse  24.024  neurons 40.00 (min 40 max 40)  syn  462.4  held-out best  22.862  [ 485.3s]
r 350  fit  19.764  mse  19.764  neurons 40.00 (min 40 max 40)  syn  476.9  held-out best  20.479  [ 523.4s]
r 375  fit  20.349  mse  20.349  neurons 40.00 (min 40 max 40)  syn  484.9  held-out best  20.479  [ 559.6s]
r 400  fit  22.241  mse  22.241  neurons 40.00 (min 40 max 40)  syn  493.1  held-out best  20.479  [ 597.4s]
r 425  fit  23.854  mse  23.854  neurons 40.00 (min 40 max 40)  syn  502.0  held-out best  20.479  [ 633.8s]
r 450  fit  22.900  mse  22.900  neurons 40.00 (min 40 max 40)  syn  508.7  held-out best  20.479  [ 671.1s]
r 475  fit  23.887  mse  23.887  neurons 40.00 (min 40 max 40)  syn  515.7  held-out best  20.479  [ 707.8s]
r 500  fit  23.065  mse  23.065  neurons 40.00 (min 40 max 40)  syn  521.0  held-out best  20.479  [ 745.4s]
r 525  fit  19.872  mse  19.872  neurons 40.00 (min 40 max 40)  syn  526.4  held-out best  20.479  [ 782.0s]
r 550  fit  21.247  mse  21.247  neurons 40.00 (min 40 max 40)  syn  523.8  held-out best  20.479  [ 819.7s]
r 575  fit  24.784  mse  24.784  neurons 40.00 (min 40 max 40)  syn  531.5  held-out best  20.518  [ 857.2s]
r 600  fit  23.071  mse  23.071  neurons 40.00 (min 40 max 40)  syn  535.2  held-out best  20.518  [ 894.7s]
r 625  fit  24.492  mse  24.492  neurons 40.00 (min 40 max 40)  syn  541.8  held-out best  20.518  [ 931.0s]
r 650  fit  23.174  mse  23.174  neurons 40.00 (min 40 max 40)  syn  544.3  held-out best  20.518  [ 969.2s]
r 675  fit  21.515  mse  21.515  neurons 40.00 (min 40 max 40)  syn  550.5  held-out best  20.518  [1005.5s]
r 700  fit  22.416  mse  22.416  neurons 40.00 (min 40 max 40)  syn  560.7  held-out best  20.554  [1044.3s]
r 725  fit  22.204  mse  22.204  neurons 40.00 (min 40 max 40)  syn  561.8  held-out best  20.554  [1081.6s]
r 750  fit  20.993  mse  20.993  neurons 40.00 (min 40 max 40)  syn  569.5  held-out best  20.554  [1120.2s]
r 775  fit  23.593  mse  23.593  neurons 40.00 (min 40 max 40)  syn  580.7  held-out best  20.554  [1156.7s]
r 800  fit  21.310  mse  21.310  neurons 40.00 (min 40 max 40)  syn  587.6  held-out best  20.554  [1195.1s]
r 825  fit  22.992  mse  22.992  neurons 40.00 (min 40 max 40)  syn  593.0  held-out best  20.554  [1231.8s]
r 850  fit  22.612  mse  22.612  neurons 40.00 (min 40 max 40)  syn  601.0  held-out best  20.554  [1270.1s]
r 875  fit  23.187  mse  23.187  neurons 40.00 (min 40 max 40)  syn  613.0  held-out best  24.791  [1308.2s]
r 900  fit  21.194  mse  21.194  neurons 40.00 (min 40 max 40)  syn  620.7  held-out best  24.791  [1347.0s]
r 925  fit  22.374  mse  22.374  neurons 40.00 (min 40 max 40)  syn  629.6  held-out best  24.791  [1385.7s]
r 950  fit  19.627  mse  19.627  neurons 40.00 (min 40 max 40)  syn  636.4  held-out best  24.791  [1425.2s]
r 975  fit  22.243  mse  22.243  neurons 40.00 (min 40 max 40)  syn  640.5  held-out best  24.791  [1463.5s]
r1000  fit  21.770  mse  21.770  neurons 40.00 (min 40 max 40)  syn  646.7  held-out best  24.791  [1503.2s]
r1025  fit  21.699  mse  21.699  neurons 40.00 (min 40 max 40)  syn  656.3  held-out best  24.791  [1542.6s]
r1050  fit  21.926  mse  21.926  neurons 40.00 (min 40 max 40)  syn  661.5  held-out best  24.791  [1583.7s]
r1075  fit  23.691  mse  23.691  neurons 40.00 (min 40 max 40)  syn  664.3  held-out best  24.791  [1623.9s]
r1100  fit  20.017  mse  20.017  neurons 40.00 (min 40 max 40)  syn  665.4  held-out best  24.791  [1664.8s]
r1125  fit  23.373  mse  23.373  neurons 40.00 (min 40 max 40)  syn  672.9  held-out best  24.791  [1704.8s]
r1150  fit  27.012  mse  27.012  neurons 40.00 (min 40 max 40)  syn  678.7  held-out best  24.791  [1746.1s]
r1175  fit  21.158  mse  21.158  neurons 40.00 (min 40 max 40)  syn  680.8  held-out best  24.791  [1786.9s]
r1200  fit  21.110  mse  21.110  neurons 40.00 (min 40 max 40)  syn  684.8  held-out best  24.791  [1829.2s]
r1225  fit  22.056  mse  22.056  neurons 40.00 (min 40 max 40)  syn  686.0  held-out best  24.791  [1870.9s]
r1250  fit  23.567  mse  23.567  neurons 40.00 (min 40 max 40)  syn  690.3  held-out best  24.791  [1914.1s]
r1275  fit  22.096  mse  22.096  neurons 40.00 (min 40 max 40)  syn  694.8  held-out best  24.791  [1955.3s]
r1300  fit  22.141  mse  22.141  neurons 40.00 (min 40 max 40)  syn  696.7  held-out best  24.791  [1998.0s]
r1325  fit  23.175  mse  23.175  neurons 40.00 (min 40 max 40)  syn  697.5  held-out best  24.791  [2039.5s]
r1350  fit  22.262  mse  22.262  neurons 40.00 (min 40 max 40)  syn  703.2  held-out best  24.791  [2082.5s]
r1375  fit  21.568  mse  21.568  neurons 40.00 (min 40 max 40)  syn  705.3  held-out best  24.791  [2124.2s]
r1400  fit  21.618  mse  21.618  neurons 40.00 (min 40 max 40)  syn  710.6  held-out best  24.791  [2167.4s]
r1425  fit  20.777  mse  20.777  neurons 40.00 (min 40 max 40)  syn  713.4  held-out best  24.791  [2210.1s]
r1450  fit  22.026  mse  22.026  neurons 40.00 (min 40 max 40)  syn  715.7  held-out best  24.791  [2254.6s]
r1475  fit  23.136  mse  23.136  neurons 40.00 (min 40 max 40)  syn  720.6  held-out best  24.791  [2297.2s]
r1500  fit  21.373  mse  21.373  neurons 40.00 (min 40 max 40)  syn  724.8  held-out best  24.791  [2342.0s]
r1525  fit  17.409  mse  17.409  neurons 40.00 (min 40 max 40)  syn  731.0  held-out best  24.791  [2384.8s]
r1550  fit  20.484  mse  20.484  neurons 40.00 (min 40 max 40)  syn  731.6  held-out best  24.791  [2429.6s]
r1575  fit  20.901  mse  20.901  neurons 40.00 (min 40 max 40)  syn  736.9  held-out best  24.791  [2472.7s]
r1600  fit  18.638  mse  18.638  neurons 40.00 (min 40 max 40)  syn  741.4  held-out best  24.791  [2517.6s]
r1625  fit  21.482  mse  21.482  neurons 40.00 (min 40 max 40)  syn  742.0  held-out best  24.791  [2561.3s]
r1650  fit  23.647  mse  23.647  neurons 40.00 (min 40 max 40)  syn  743.6  held-out best  24.791  [2606.2s]
