== phase A: train to the step-20 checkpoint, then interrupt
phase A interrupted at: step 00021/00040 (52.50%) | loss: 6.7547
== phase B: the same launcher command again (must auto-resume from step 20)
phase B exit: 0
== check
wandb: WARNING Unable to verify login in offline mode.
wandb: Network error (ConnectionError), entering retry loop.
wandb: Network error (ConnectionError), entering retry loop.
PASS  no OOM
PASS  peak reserved memory reported and <= 75.0 GiB  [53.1 GiB]
PASS  global batch 1,048,576 with 32 grad-accum steps (dbs 16)  [seen ['32']]
PASS  fp8 active (tensorwise, 145/158 Linears) in both phases  [[('tensorwise', '145', '158'), ('tensorwise', '145', '158')]]
PASS  FA3 active in both phases (no SDPA fallback)
PASS  FA3 revision in the run config equals the pin  [de87b9b5af06dd9984df595bef90b2eba44b181a]
PASS  loss finite at every step  [40 steps logged]
PASS  loss decreased by > 1 nat from step 0 to the last step (choice)  [step0 10.397446 -> step39 5.762538]
PASS  step-20 checkpoint written and auto-resumed from by the launcher  [26-10-07T18:24:38+03:00 resuming from step 20 (dataloader resume is approximate)]
PASS  training reached the final step 39  [last logged step 39]
PASS  standalone base_eval ran (reduced) and printed a CORE value
INFO  median step time 8.38 s -> pretraining 13.0 h for 5,568 steps; end-to-end ~14.9-16.2 h; ~$47 at $3.0/GPU-h (estimate was 13-15 h / 15-18 h / ~$48)
PASS  projected pretraining <= 17.0 h (choice)
FAIL  wandb run reachable via the API  [ConnectionError: HTTPSConnectionPool(host='api.wandb.ai', port=443): Max retries exceeded with url: /graphql (Caused by NameResolutionError("<urllib3.connection.HTTPSConnection object at 0x76f727933880>: Failed to resolve 'api.wandb.ai' ([Errno -3] Temporary failure in name resolution)"))]
SMOKE RUN: FAIL (1): wandb run reachable via the API
== cleanup: deleting smoke checkpoints in /home/astarostin/.cache/nanochat/base_checkpoints/d24_1xh100_smoke
un config equals the pin; loss finite at every step; loss decreased by > 1 nat from step 0 to the last step (choice); step-20 checkpoint written and auto-resumed from by the launcher; training reached the final step 39; standalone base_eval ran (reduced) and printed a CORE value; projected pretraining <= 17.0 h (choice); wandb run reachable via the API
== cleanup: deleting smoke checkpoints in /home/astarostin/.cache/nanochat/base_checkpoints/d24_1xh100_smoke
