Loading tokenizer from /home/starost/.cache/nanochat/tokenizer
Vocab size: 32768, BOS id: 32759
Total params (all fp32): 339,545,856
Q/K Joint MHLut: in_nap=6 tph=256 d_qk=64 (n_outputs=2*d_qk=128) init_std=0.001 [no V2D, q_norm+k_norm -> SDPA]
V MHLut:         in_nap=8 tph=256 d_v=24 (n_outputs=d_v)
out_proj MHLut:  in_nap=6 tph=[2048, 2048, 1024, 1024, 1024, 1024] (n_outputs=E=96) + out_v2d/out_d2v
Attention:       SDPA (causal); plain default 1/sqrt(d_qk=64)=0.1250, no learnable attn_scale
Tokens/micro-batch: 4,096 | grad_accum: 1 | effective batch: 4,096 tokens
step      1 | loss=10.4158 | lr=3.75e-07
step    100 | loss=9.3672 | lr=3.75e-05
step    200 | loss=8.2277 | lr=7.50e-05
[VAL] step 200: bpb=2.2980
step    300 | loss=7.5319 | lr=1.12e-04
step    400 | loss=7.0734 | lr=1.50e-04
[VAL] step 400: bpb=2.0602
step    500 | loss=6.7977 | lr=1.87e-04
step    600 | loss=6.6678 | lr=2.25e-04
[VAL] step 600: bpb=2.0004
step    700 | loss=6.5737 | lr=2.62e-04
step    800 | loss=6.4906 | lr=3.00e-04
[VAL] step 800: bpb=1.9652
step    900 | loss=6.4232 | lr=3.00e-04
step   1000 | loss=6.3615 | lr=2.99e-04
[VAL] step 1000: bpb=1.9256
step   1100 | loss=6.2940 | lr=2.99e-04
step   1200 | loss=6.2247 | lr=2.98e-04
[VAL] step 1200: bpb=1.8774
step   1300 | loss=6.1461 | lr=2.97e-04
step   1400 | loss=6.1077 | lr=2.95e-04
[VAL] step 1400: bpb=1.8499
step   1500 | loss=6.0629 | lr=2.94e-04
step   1600 | loss=5.9952 | lr=2.92e-04
[VAL] step 1600: bpb=1.8291
step   1700 | loss=5.9698 | lr=2.90e-04
step   1800 | loss=5.9394 | lr=2.87e-04
[VAL] step 1800: bpb=1.8079
step   1900 | loss=5.9085 | lr=2.85e-04
step   2000 | loss=5.8754 | lr=2.82e-04
[VAL] step 2000: bpb=1.7928
step   2100 | loss=5.8285 | lr=2.79e-04
step   2200 | loss=5.8079 | lr=2.76e-04
[VAL] step 2200: bpb=1.7792
step   2300 | loss=5.7887 | lr=2.72e-04
step   2400 | loss=5.7821 | lr=2.68e-04
[VAL] step 2400: bpb=1.7645
step   2500 | loss=5.7627 | lr=2.65e-04
step   2600 | loss=5.7433 | lr=2.60e-04
[VAL] step 2600: bpb=1.7516
step   2700 | loss=5.7115 | lr=2.56e-04
step   2800 | loss=5.6988 | lr=2.52e-04
[VAL] step 2800: bpb=1.7430
step   2900 | loss=5.6733 | lr=2.47e-04
step   3000 | loss=5.6596 | lr=2.42e-04
[VAL] step 3000: bpb=1.7330
step   3100 | loss=5.6434 | lr=2.38e-04
step   3200 | loss=5.6345 | lr=2.32e-04
[VAL] step 3200: bpb=1.7188
step   3300 | loss=5.6226 | lr=2.27e-04
step   3400 | loss=5.5845 | lr=2.22e-04
[VAL] step 3400: bpb=1.7140
step   3500 | loss=5.5733 | lr=2.17e-04
step   3600 | loss=5.5827 | lr=2.11e-04
[VAL] step 3600: bpb=1.7111
step   3700 | loss=5.5553 | lr=2.06e-04
step   3800 | loss=5.5451 | lr=2.00e-04
[VAL] step 3800: bpb=1.7028
step   3900 | loss=5.5199 | lr=1.94e-04
step   4000 | loss=5.5023 | lr=1.88e-04
[VAL] step 4000: bpb=1.6917
step   4100 | loss=5.5311 | lr=1.83e-04
step   4200 | loss=5.5053 | lr=1.77e-04
[VAL] step 4200: bpb=1.6900
step   4300 | loss=5.5078 | lr=1.71e-04
step   4400 | loss=5.4955 | lr=1.65e-04
[VAL] step 4400: bpb=1.6835
step   4500 | loss=5.4790 | lr=1.59e-04
step   4600 | loss=5.4678 | lr=1.53e-04
[VAL] step 4600: bpb=1.6758
step   4700 | loss=5.4683 | lr=1.47e-04
step   4800 | loss=5.4647 | lr=1.42e-04
[VAL] step 4800: bpb=1.6721
step   4900 | loss=5.4414 | lr=1.36e-04
step   5000 | loss=5.4357 | lr=1.30e-04
[VAL] step 5000: bpb=1.6659
step   5100 | loss=5.4257 | lr=1.24e-04
step   5200 | loss=5.4086 | lr=1.19e-04
[VAL] step 5200: bpb=1.6600
step   5300 | loss=5.3931 | lr=1.13e-04
step   5400 | loss=5.3789 | lr=1.08e-04
[VAL] step 5400: bpb=1.6549
step   5500 | loss=5.3864 | lr=1.03e-04
step   5600 | loss=5.4008 | lr=9.75e-05
[VAL] step 5600: bpb=1.6515
step   5700 | loss=5.3854 | lr=9.25e-05
step   5800 | loss=5.3738 | lr=8.76e-05
[VAL] step 5800: bpb=1.6494
step   5900 | loss=5.3768 | lr=8.28e-05
step   6000 | loss=5.3651 | lr=7.82e-05
[VAL] step 6000: bpb=1.6458
step   6100 | loss=5.3517 | lr=7.38e-05
step   6200 | loss=5.3506 | lr=6.95e-05
[VAL] step 6200: bpb=1.6426
step   6300 | loss=5.3520 | lr=6.55e-05
step   6400 | loss=5.3353 | lr=6.16e-05
[VAL] step 6400: bpb=1.6396
step   6500 | loss=5.3240 | lr=5.79e-05
step   6600 | loss=5.3298 | lr=5.44e-05
[VAL] step 6600: bpb=1.6366
step   6700 | loss=5.3254 | lr=5.11e-05
step   6800 | loss=5.3169 | lr=4.81e-05
[VAL] step 6800: bpb=1.6340
step   6900 | loss=5.3175 | lr=4.53e-05
step   7000 | loss=5.3203 | lr=4.26e-05
[VAL] step 7000: bpb=1.6327
step   7100 | loss=5.3105 | lr=4.03e-05
step   7200 | loss=5.3157 | lr=3.81e-05
[VAL] step 7200: bpb=1.6307
step   7300 | loss=5.3002 | lr=3.62e-05
step   7400 | loss=5.3116 | lr=3.46e-05
[VAL] step 7400: bpb=1.6282
step   7500 | loss=5.2990 | lr=3.32e-05
step   7600 | loss=5.2924 | lr=3.21e-05
[VAL] step 7600: bpb=1.6263
step   7700 | loss=5.2857 | lr=3.12e-05
step   7800 | loss=5.2992 | lr=3.05e-05
[VAL] step 7800: bpb=1.6247
step   7900 | loss=5.2961 | lr=3.01e-05
step   8000 | loss=5.2886 | lr=3.00e-05
[VAL] step 8000: bpb=1.6249

=== DONE ===
{
  "exp_name": "exp223_qk_init_001_qknorm",
  "best_val_bpb": 1.6246696874214515,
  "final_val_bpb": 1.624891685850254,
  "n_params": 339545856,
  "training_time_hours": 0.669
}
