Loading tokenizer from /home/starost/.cache/nanochat/tokenizer
Vocab size: 32768, BOS id: 32759
Building model:
Total params (all fp32): 108,173,318
Q/K Joint SparseLut: in_nap=8 tph=384 n_sparse=8 -> 2*d_qk=64 (per head, H=6)
V SparseLut:         in_nap=8 tph=384 n_sparse=8 -> d_v=64 (per head, H=6)
out_proj SparseLut:  in_nap=8 tph=2048 n_sparse=8 -> E=384
Residual:        classic skip connection (out_real + x), no residual_lut
Unembedder:      LN(384) -> Linear(384,VOCAB)
Tokens/micro-batch: 4,096 | grad_accum: 1 | effective batch: 4,096 tokens
step      1 | loss=10.5746 | lr=3.75e-07
step    100 | loss=10.2146 | lr=3.75e-05
step    200 | loss=9.1037 | lr=7.50e-05
[VAL] step 200: bpb=2.4387
step    300 | loss=8.1676 | lr=1.12e-04
step    400 | loss=7.6824 | lr=1.50e-04
[VAL] step 400: bpb=2.2358
step    500 | loss=7.3088 | lr=1.87e-04
step    600 | loss=7.0838 | lr=2.25e-04
[VAL] step 600: bpb=2.1051
step    700 | loss=6.9306 | lr=2.62e-04
step    800 | loss=6.8099 | lr=3.00e-04
[VAL] step 800: bpb=2.0556
step    900 | loss=6.7216 | lr=3.00e-04
step   1000 | loss=6.6568 | lr=2.99e-04
[VAL] step 1000: bpb=2.0145
step   1100 | loss=6.6021 | lr=2.99e-04
step   1200 | loss=6.5545 | lr=2.98e-04
[VAL] step 1200: bpb=1.9888
step   1300 | loss=6.4968 | lr=2.97e-04
step   1400 | loss=6.4714 | lr=2.95e-04
[VAL] step 1400: bpb=1.9692
step   1500 | loss=6.4437 | lr=2.94e-04
step   1600 | loss=6.3869 | lr=2.92e-04
[VAL] step 1600: bpb=1.9508
step   1700 | loss=6.3656 | lr=2.90e-04
step   1800 | loss=6.3415 | lr=2.87e-04
[VAL] step 1800: bpb=1.9333
step   1900 | loss=6.3250 | lr=2.85e-04
step   2000 | loss=6.2944 | lr=2.82e-04
[VAL] step 2000: bpb=1.9212
step   2100 | loss=6.2571 | lr=2.79e-04
step   2200 | loss=6.2394 | lr=2.76e-04
[VAL] step 2200: bpb=1.9123
step   2300 | loss=6.2203 | lr=2.72e-04
step   2400 | loss=6.2147 | lr=2.68e-04
[VAL] step 2400: bpb=1.9011
step   2500 | loss=6.1961 | lr=2.65e-04
step   2600 | loss=6.1889 | lr=2.60e-04
[VAL] step 2600: bpb=1.8919
step   2700 | loss=6.1542 | lr=2.56e-04
step   2800 | loss=6.1396 | lr=2.52e-04
[VAL] step 2800: bpb=1.8777
step   2900 | loss=6.1167 | lr=2.47e-04
step   3000 | loss=6.1038 | lr=2.42e-04
[VAL] step 3000: bpb=1.8681
step   3100 | loss=6.0901 | lr=2.38e-04
step   3200 | loss=6.0779 | lr=2.32e-04
[VAL] step 3200: bpb=1.8556
step   3300 | loss=6.0689 | lr=2.27e-04
step   3400 | loss=6.0339 | lr=2.22e-04
[VAL] step 3400: bpb=1.8513
step   3500 | loss=6.0246 | lr=2.17e-04
step   3600 | loss=6.0336 | lr=2.11e-04
[VAL] step 3600: bpb=1.8475
step   3700 | loss=6.0121 | lr=2.06e-04
step   3800 | loss=6.0028 | lr=2.00e-04
[VAL] step 3800: bpb=1.8413
step   3900 | loss=5.9801 | lr=1.94e-04
step   4000 | loss=5.9680 | lr=1.88e-04
[VAL] step 4000: bpb=1.8347
step   4100 | loss=5.9928 | lr=1.83e-04
step   4200 | loss=5.9668 | lr=1.77e-04
[VAL] step 4200: bpb=1.8279
step   4300 | loss=5.9638 | lr=1.71e-04
step   4400 | loss=5.9529 | lr=1.65e-04
[VAL] step 4400: bpb=1.8233
step   4500 | loss=5.9423 | lr=1.59e-04
step   4600 | loss=5.9307 | lr=1.53e-04
[VAL] step 4600: bpb=1.8175
step   4700 | loss=5.9305 | lr=1.47e-04
step   4800 | loss=5.9301 | lr=1.42e-04
[VAL] step 4800: bpb=1.8123
step   4900 | loss=5.9069 | lr=1.36e-04
step   5000 | loss=5.8995 | lr=1.30e-04
[VAL] step 5000: bpb=1.8071
step   5100 | loss=5.8884 | lr=1.24e-04
step   5200 | loss=5.8749 | lr=1.19e-04
[VAL] step 5200: bpb=1.8030
step   5300 | loss=5.8615 | lr=1.13e-04
step   5400 | loss=5.8479 | lr=1.08e-04
[VAL] step 5400: bpb=1.8026
step   5500 | loss=5.8514 | lr=1.03e-04
step   5600 | loss=5.8672 | lr=9.75e-05
[VAL] step 5600: bpb=1.7959
step   5700 | loss=5.8517 | lr=9.25e-05
step   5800 | loss=5.8439 | lr=8.76e-05
[VAL] step 5800: bpb=1.7939
step   5900 | loss=5.8473 | lr=8.28e-05
step   6000 | loss=5.8321 | lr=7.82e-05
[VAL] step 6000: bpb=1.7912
step   6100 | loss=5.8243 | lr=7.38e-05
step   6200 | loss=5.8206 | lr=6.95e-05
[VAL] step 6200: bpb=1.7884
step   6300 | loss=5.8235 | lr=6.55e-05
step   6400 | loss=5.8091 | lr=6.16e-05
[VAL] step 6400: bpb=1.7851
step   6500 | loss=5.8020 | lr=5.79e-05
step   6600 | loss=5.8074 | lr=5.44e-05
[VAL] step 6600: bpb=1.7824
step   6700 | loss=5.8030 | lr=5.11e-05
step   6800 | loss=5.7936 | lr=4.81e-05
[VAL] step 6800: bpb=1.7803
step   6900 | loss=5.7960 | lr=4.53e-05
step   7000 | loss=5.7928 | lr=4.26e-05
[VAL] step 7000: bpb=1.7790
step   7100 | loss=5.7867 | lr=4.03e-05
step   7200 | loss=5.7914 | lr=3.81e-05
[VAL] step 7200: bpb=1.7780
step   7300 | loss=5.7785 | lr=3.62e-05
step   7400 | loss=5.7874 | lr=3.46e-05
[VAL] step 7400: bpb=1.7764
step   7500 | loss=5.7783 | lr=3.32e-05
step   7600 | loss=5.7701 | lr=3.21e-05
[VAL] step 7600: bpb=1.7739
step   7700 | loss=5.7621 | lr=3.12e-05
step   7800 | loss=5.7736 | lr=3.05e-05
[VAL] step 7800: bpb=1.7733
step   7900 | loss=5.7716 | lr=3.01e-05
step   8000 | loss=5.7645 | lr=3.00e-05
[VAL] step 8000: bpb=1.7722

=== DONE ===
{
  "exp_name": "exp104_tiny_sparse",
  "best_val_bpb": 1.7721929234502967,
  "final_val_bpb": 1.7721929234502967,
  "n_params": 108173318,
  "training_time_hours": 0.668
}
