Loading tokenizer from /home/starost/.cache/nanochat/tokenizer
Vocab size: 32768, BOS id: 32759
Building model:
Total params (all fp32): 108,173,318
Q/K Joint SparseLut: in_nap=8 tph=384 n_sparse=8 -> 2*d_qk=64 (per head, H=6)
V SparseLut:         in_nap=8 tph=384 n_sparse=8 -> d_v=64 (per head, H=6)
out_proj SparseLut:  in_nap=8 tph=2048 n_sparse=8 -> E=384
Residual:        classic skip connection (out_real + x), no residual_lut
Unembedder:      LN(384) -> Linear(384,VOCAB)
Tokens/micro-batch: 4,096 | grad_accum: 1 | effective batch: 4,096 tokens
step      1 | loss=10.5746 | lr=3.75e-07
step    100 | loss=10.2156 | lr=3.75e-05
step    200 | loss=9.1060 | lr=7.50e-05
[VAL] step 200: bpb=2.4389
step    300 | loss=8.1667 | lr=1.12e-04
step    400 | loss=7.6763 | lr=1.50e-04
[VAL] step 400: bpb=2.2320
step    500 | loss=7.3050 | lr=1.87e-04
step    600 | loss=7.0826 | lr=2.25e-04
[VAL] step 600: bpb=2.1048
step    700 | loss=6.9295 | lr=2.62e-04
step    800 | loss=6.8109 | lr=3.00e-04
[VAL] step 800: bpb=2.0559
step    900 | loss=6.7240 | lr=3.00e-04
step   1000 | loss=6.6592 | lr=2.99e-04
[VAL] step 1000: bpb=2.0162
step   1100 | loss=6.6049 | lr=2.99e-04
step   1200 | loss=6.5590 | lr=2.98e-04
[VAL] step 1200: bpb=1.9896
step   1300 | loss=6.5005 | lr=2.97e-04
step   1400 | loss=6.4767 | lr=2.95e-04
[VAL] step 1400: bpb=1.9684
step   1500 | loss=6.4463 | lr=2.94e-04
step   1600 | loss=6.3918 | lr=2.92e-04
[VAL] step 1600: bpb=1.9500
step   1700 | loss=6.3706 | lr=2.90e-04
step   1800 | loss=6.3466 | lr=2.87e-04
[VAL] step 1800: bpb=1.9362
step   1900 | loss=6.3273 | lr=2.85e-04
step   2000 | loss=6.2971 | lr=2.82e-04
[VAL] step 2000: bpb=1.9230
step   2100 | loss=6.2605 | lr=2.79e-04
step   2200 | loss=6.2408 | lr=2.76e-04
[VAL] step 2200: bpb=1.9093
step   2300 | loss=6.2197 | lr=2.72e-04
step   2400 | loss=6.2098 | lr=2.68e-04
[VAL] step 2400: bpb=1.9000
step   2500 | loss=6.1925 | lr=2.65e-04
step   2600 | loss=6.1841 | lr=2.60e-04
[VAL] step 2600: bpb=1.8887
step   2700 | loss=6.1470 | lr=2.56e-04
step   2800 | loss=6.1368 | lr=2.52e-04
[VAL] step 2800: bpb=1.8771
step   2900 | loss=6.1094 | lr=2.47e-04
step   3000 | loss=6.0967 | lr=2.42e-04
[VAL] step 3000: bpb=1.8664
step   3100 | loss=6.0848 | lr=2.38e-04
step   3200 | loss=6.0724 | lr=2.32e-04
[VAL] step 3200: bpb=1.8567
step   3300 | loss=6.0637 | lr=2.27e-04
step   3400 | loss=6.0294 | lr=2.22e-04
[VAL] step 3400: bpb=1.8507
step   3500 | loss=6.0174 | lr=2.17e-04
step   3600 | loss=6.0254 | lr=2.11e-04
[VAL] step 3600: bpb=1.8465
step   3700 | loss=6.0039 | lr=2.06e-04
step   3800 | loss=5.9937 | lr=2.00e-04
[VAL] step 3800: bpb=1.8396
step   3900 | loss=5.9699 | lr=1.94e-04
step   4000 | loss=5.9579 | lr=1.88e-04
[VAL] step 4000: bpb=1.8314
step   4100 | loss=5.9815 | lr=1.83e-04
step   4200 | loss=5.9561 | lr=1.77e-04
[VAL] step 4200: bpb=1.8266
step   4300 | loss=5.9536 | lr=1.71e-04
step   4400 | loss=5.9423 | lr=1.65e-04
[VAL] step 4400: bpb=1.8216
step   4500 | loss=5.9306 | lr=1.59e-04
step   4600 | loss=5.9196 | lr=1.53e-04
[VAL] step 4600: bpb=1.8145
step   4700 | loss=5.9198 | lr=1.47e-04
step   4800 | loss=5.9183 | lr=1.42e-04
[VAL] step 4800: bpb=1.8096
step   4900 | loss=5.8921 | lr=1.36e-04
step   5000 | loss=5.8869 | lr=1.30e-04
[VAL] step 5000: bpb=1.8038
step   5100 | loss=5.8750 | lr=1.24e-04
step   5200 | loss=5.8597 | lr=1.19e-04
[VAL] step 5200: bpb=1.7993
step   5300 | loss=5.8464 | lr=1.13e-04
step   5400 | loss=5.8318 | lr=1.08e-04
[VAL] step 5400: bpb=1.7970
