Loading tokenizer from ~/.cache/nanochat/tokenizer
FIXED EVAL: bs48 x 100 steps, skip 12 rows (val window independent of device_batch_size=12)
[learned_margin] layer 0: init g=0.0 beta=2.0 gamma=1.0 (g FROZEN; beta, gamma learnable) gain=1.0
[learned_margin] layer 1: init g=0.0 beta=2.0 gamma=1.0 (g FROZEN; beta, gamma learnable) gain=1.0
[learned_margin] layer 2: init g=0.0 beta=2.0 gamma=1.0 (g FROZEN; beta, gamma learnable) gain=1.0
[learned_margin] layer 3: init g=0.0 beta=2.0 gamma=1.0 (g FROZEN; beta, gamma learnable) gain=1.0
[learned_margin] layer 4: init g=0.0 beta=2.0 gamma=1.0 (g FROZEN; beta, gamma learnable) gain=1.0
[learned_margin] layer 5: init g=0.0 beta=2.0 gamma=1.0 (g FROZEN; beta, gamma learnable) gain=1.0
MinimalGPT depth=6 dim=384 heads=6 seq=512 | ffn=compression tie=False | params=67,351,692
Tokens/micro-batch: 6,144 | grad_accum: 4 | effective batch: 24,576 tokens
wandb: [wandb.login()] Loaded credentials for <wandb-server> from ~/.netrc.
wandb: Currently logged in as: <entity> to <wandb-server>. Use `wandb login --relogin` to force relogin
wandb: Tracking run with wandb version 0.28.0
wandb: Run data is saved locally in ~/.cache/wandb/wandb/run-20260914_023038-exp_g_abl_19_B16k_light_lmfrozeng_hard_tph128_seed1
wandb: Run `wandb offline` to turn off syncing.
wandb: Syncing run exp_g_abl_19_B16k_light_lmfrozeng_hard_tph128_seed1
wandb: ⭐️ View project at <wandb-server>/<entity>/Spiky
wandb: 🚀 View run at <wandb-server>/<entity>/Spiky/runs/exp_g_abl_19_B16k_light_lmfrozeng_hard_tph128_seed1
[wandb] online: run exp_g_abl_19_B16k_light_lmfrozeng_hard_tph128_seed1 -> ~/.cache/wandb/wandb/run-20260914_023038-exp_g_abl_19_B16k_light_lmfrozeng_hard_tph128_seed1/files
step      1 | loss=10.4804 | lr=1.87e-07
step    100 | loss=10.1234 | lr=1.87e-05
step    200 | loss=9.3977 | lr=3.75e-05
step    300 | loss=8.4842 | lr=5.62e-05
step    400 | loss=7.7609 | lr=7.50e-05
step    500 | loss=7.2929 | lr=9.37e-05
[VAL] step 500: bpb=2.1132
step    600 | loss=7.0666 | lr=1.12e-04
step    700 | loss=7.1863 | lr=1.31e-04
step    800 | loss=8.1593 | lr=1.50e-04
step    900 | loss=7.5257 | lr=1.69e-04
step   1000 | loss=7.2552 | lr=1.87e-04
[VAL] step 1000: bpb=2.1612
step   1100 | loss=7.1826 | lr=2.06e-04
step   1200 | loss=7.3382 | lr=2.25e-04
step   1300 | loss=7.5223 | lr=2.44e-04
step   1400 | loss=7.4963 | lr=2.62e-04
step   1500 | loss=7.5124 | lr=2.81e-04
[VAL] step 1500: bpb=2.3319
step   1600 | loss=7.7955 | lr=3.00e-04
step   1700 | loss=7.9473 | lr=3.00e-04
step   1800 | loss=8.3107 | lr=3.00e-04
step   1900 | loss=10.3458 | lr=3.00e-04
step   2000 | loss=12.9591 | lr=2.99e-04
[VAL] step 2000: bpb=4.5085
step   2100 | loss=13.5847 | lr=2.99e-04
step   2200 | loss=13.3352 | lr=2.99e-04
step   2300 | loss=12.7497 | lr=2.98e-04
step   2400 | loss=11.5851 | lr=2.98e-04
step   2500 | loss=10.5144 | lr=2.97e-04
[VAL] step 2500: bpb=3.0098
step   2600 | loss=10.1910 | lr=2.97e-04
step   2700 | loss=10.2195 | lr=2.96e-04
step   2800 | loss=10.2590 | lr=2.95e-04
step   2900 | loss=10.1036 | lr=2.95e-04
step   3000 | loss=10.0634 | lr=2.94e-04
[VAL] step 3000: bpb=3.0492
step   3100 | loss=10.0614 | lr=2.93e-04
step   3200 | loss=10.0374 | lr=2.92e-04
step   3300 | loss=9.9668 | lr=2.91e-04
step   3400 | loss=9.9564 | lr=2.90e-04
step   3500 | loss=9.8555 | lr=2.89e-04
[VAL] step 3500: bpb=2.9687
step   3600 | loss=9.8682 | lr=2.87e-04
step   3700 | loss=10.5062 | lr=2.86e-04
step   3800 | loss=10.6865 | lr=2.85e-04
step   3900 | loss=10.2303 | lr=2.83e-04
step   4000 | loss=10.0821 | lr=2.82e-04
[VAL] step 4000: bpb=3.0905
[CKPT] step 4000: wrote checkpoint_step4000.pt
step   4100 | loss=10.1054 | lr=2.80e-04
step   4200 | loss=9.9633 | lr=2.79e-04
step   4300 | loss=9.9985 | lr=2.77e-04
step   4400 | loss=9.9916 | lr=2.76e-04
step   4500 | loss=10.0171 | lr=2.74e-04
[VAL] step 4500: bpb=3.0823
step   4600 | loss=10.0254 | lr=2.72e-04
step   4700 | loss=10.1443 | lr=2.70e-04
step   4800 | loss=10.2133 | lr=2.68e-04
step   4900 | loss=10.2183 | lr=2.66e-04
step   5000 | loss=10.6471 | lr=2.65e-04
[VAL] step 5000: bpb=3.2978
step   5100 | loss=10.4525 | lr=2.63e-04
step   5200 | loss=10.3470 | lr=2.60e-04
step   5300 | loss=10.2685 | lr=2.58e-04
step   5400 | loss=10.2586 | lr=2.56e-04
step   5500 | loss=10.2015 | lr=2.54e-04
[VAL] step 5500: bpb=3.0847
step   5600 | loss=10.2006 | lr=2.52e-04
step   5700 | loss=10.1617 | lr=2.49e-04
step   5800 | loss=10.1690 | lr=2.47e-04
step   5900 | loss=10.2696 | lr=2.45e-04
step   6000 | loss=10.2198 | lr=2.42e-04
[VAL] step 6000: bpb=3.1212
step   6100 | loss=10.2268 | lr=2.40e-04
step   6200 | loss=10.2151 | lr=2.38e-04
step   6300 | loss=10.1765 | lr=2.35e-04
step   6400 | loss=10.1592 | lr=2.32e-04
step   6500 | loss=10.1730 | lr=2.30e-04
[VAL] step 6500: bpb=3.1268
step   6600 | loss=10.2373 | lr=2.27e-04
step   6700 | loss=10.2087 | lr=2.25e-04
step   6800 | loss=10.1690 | lr=2.22e-04
step   6900 | loss=10.0631 | lr=2.19e-04
step   7000 | loss=10.1207 | lr=2.17e-04
[VAL] step 7000: bpb=3.0990
step   7100 | loss=10.1118 | lr=2.14e-04
step   7200 | loss=10.1209 | lr=2.11e-04
step   7300 | loss=10.1282 | lr=2.08e-04
step   7400 | loss=10.1695 | lr=2.06e-04
step   7500 | loss=10.1902 | lr=2.03e-04
[VAL] step 7500: bpb=3.1240
step   7600 | loss=10.1797 | lr=2.00e-04
step   7700 | loss=10.0452 | lr=1.97e-04
step   7800 | loss=9.6670 | lr=1.94e-04
step   7900 | loss=9.8026 | lr=1.91e-04
step   8000 | loss=9.9524 | lr=1.88e-04
[VAL] step 8000: bpb=3.0694
[CKPT] step 8000: wrote checkpoint_step8000.pt
step   8100 | loss=10.0379 | lr=1.86e-04
step   8200 | loss=10.0989 | lr=1.83e-04
step   8300 | loss=10.0643 | lr=1.80e-04
step   8400 | loss=10.0360 | lr=1.77e-04
step   8500 | loss=9.9588 | lr=1.74e-04
[VAL] step 8500: bpb=2.9751
step   8600 | loss=9.7754 | lr=1.71e-04
step   8700 | loss=9.8045 | lr=1.68e-04
step   8800 | loss=9.7247 | lr=1.65e-04
step   8900 | loss=9.6198 | lr=1.62e-04
step   9000 | loss=9.5272 | lr=1.59e-04
[VAL] step 9000: bpb=2.9054
step   9100 | loss=9.5855 | lr=1.56e-04
step   9200 | loss=9.6142 | lr=1.53e-04
step   9300 | loss=9.5206 | lr=1.50e-04
step   9400 | loss=9.4761 | lr=1.47e-04
step   9500 | loss=9.5590 | lr=1.44e-04
[VAL] step 9500: bpb=2.9612
step   9600 | loss=9.6818 | lr=1.42e-04
step   9700 | loss=9.7821 | lr=1.39e-04
step   9800 | loss=9.8764 | lr=1.36e-04
step   9900 | loss=10.0023 | lr=1.33e-04
step  10000 | loss=10.0339 | lr=1.30e-04
[VAL] step 10000: bpb=2.9865
step  10100 | loss=9.7935 | lr=1.27e-04
step  10200 | loss=9.7030 | lr=1.24e-04
step  10300 | loss=9.6810 | lr=1.22e-04
step  10400 | loss=9.6277 | lr=1.19e-04
step  10500 | loss=9.6598 | lr=1.16e-04
[VAL] step 10500: bpb=2.9791
step  10600 | loss=9.6471 | lr=1.13e-04
step  10700 | loss=9.6504 | lr=1.11e-04
step  10800 | loss=9.5953 | lr=1.08e-04
step  10900 | loss=9.7138 | lr=1.05e-04
step  11000 | loss=9.9399 | lr=1.03e-04
[VAL] step 11000: bpb=3.0902
step  11100 | loss=10.0264 | lr=1.00e-04
step  11200 | loss=10.0415 | lr=9.75e-05
step  11300 | loss=10.0483 | lr=9.50e-05
step  11400 | loss=9.9979 | lr=9.25e-05
step  11500 | loss=9.7879 | lr=9.00e-05
[VAL] step 11500: bpb=2.9351
step  11600 | loss=9.6436 | lr=8.76e-05
step  11700 | loss=9.6148 | lr=8.52e-05
step  11800 | loss=9.5808 | lr=8.28e-05
step  11900 | loss=9.5215 | lr=8.05e-05
step  12000 | loss=9.3523 | lr=7.82e-05
[VAL] step 12000: bpb=2.8368
[CKPT] step 12000: wrote checkpoint_step12000.pt
step  12100 | loss=9.3856 | lr=7.60e-05
step  12200 | loss=9.4965 | lr=7.38e-05
step  12300 | loss=9.4712 | lr=7.16e-05
step  12400 | loss=9.2690 | lr=6.95e-05
step  12500 | loss=9.1922 | lr=6.75e-05
[VAL] step 12500: bpb=2.7915
step  12600 | loss=9.2099 | lr=6.55e-05
step  12700 | loss=9.2547 | lr=6.35e-05
step  12800 | loss=9.2928 | lr=6.16e-05
step  12900 | loss=9.3389 | lr=5.97e-05
step  13000 | loss=9.3813 | lr=5.79e-05
[VAL] step 13000: bpb=2.8796
step  13100 | loss=9.4151 | lr=5.61e-05
step  13200 | loss=9.4218 | lr=5.44e-05
step  13300 | loss=9.4229 | lr=5.28e-05
step  13400 | loss=9.4242 | lr=5.11e-05
step  13500 | loss=9.4078 | lr=4.96e-05
[VAL] step 13500: bpb=2.8750
step  13600 | loss=9.4075 | lr=4.81e-05
step  13700 | loss=9.4029 | lr=4.66e-05
step  13800 | loss=9.3876 | lr=4.53e-05
step  13900 | loss=9.3810 | lr=4.39e-05
step  14000 | loss=9.3723 | lr=4.26e-05
[VAL] step 14000: bpb=2.8695
step  14100 | loss=9.4175 | lr=4.14e-05
step  14200 | loss=9.6331 | lr=4.03e-05
step  14300 | loss=9.7621 | lr=3.92e-05
step  14400 | loss=9.8091 | lr=3.81e-05
step  14500 | loss=9.8222 | lr=3.72e-05
[VAL] step 14500: bpb=3.0118
step  14600 | loss=9.8346 | lr=3.62e-05
step  14700 | loss=9.8331 | lr=3.54e-05
step  14800 | loss=9.8426 | lr=3.46e-05
step  14900 | loss=9.8525 | lr=3.39e-05
step  15000 | loss=9.8672 | lr=3.32e-05
[VAL] step 15000: bpb=3.0240
step  15100 | loss=9.8792 | lr=3.26e-05
step  15200 | loss=9.8844 | lr=3.21e-05
step  15300 | loss=9.8862 | lr=3.16e-05
step  15400 | loss=9.8903 | lr=3.12e-05
step  15500 | loss=9.8818 | lr=3.08e-05
[VAL] step 15500: bpb=3.0239
step  15600 | loss=9.8666 | lr=3.05e-05
step  15700 | loss=9.8647 | lr=3.03e-05
step  15800 | loss=9.8586 | lr=3.01e-05
step  15900 | loss=9.8507 | lr=3.00e-05
step  16000 | loss=9.8549 | lr=3.00e-05
[VAL] step 16000: bpb=3.0159

=== DONE ===
{
  "exp_name": "exp_g_abl_19_B16k_light_lmfrozeng_hard_tph128_seed1",
  "best_val_bpb": 2.113165032803586,
  "final_val_bpb": 3.01591911479086,
  "total_params": 67351692,
  "training_time_hours": 0.929,
  "eval_protocol": {
    "eval_batch_size": 48,
    "eval_steps": 100,
    "skip_rows": 12,
    "batch_size_independent": true
  },
  "learned_confidence": {
    "form": "learned_margin",
    "score": "exp(g) * sum|d| * prod sigmoid(beta |d|) ** gamma",
    "init_per_layer": [
      {
        "g": 0.0,
        "beta": 2.0,
        "gamma": 1.0
      },
      {
        "g": 0.0,
        "beta": 2.0,
        "gamma": 1.0
      },
      {
        "g": 0.0,
        "beta": 2.0,
        "gamma": 1.0
      },
      {
        "g": 0.0,
        "beta": 2.0,
        "gamma": 1.0
      },
      {
        "g": 0.0,
        "beta": 2.0,
        "gamma": 1.0
      },
      {
        "g": 0.0,
        "beta": 2.0,
        "gamma": 1.0
      }
    ],
    "final_per_layer": [
      {
        "g": 0.0,
        "beta": 2.1271629333496094,
        "gamma": 0.9494589567184448
      },
      {
        "g": 0.0,
        "beta": 2.4034526348114014,
        "gamma": 0.8535758852958679
      },
      {
        "g": 0.0,
        "beta": 3.116168975830078,
        "gamma": 0.7436426877975464
      },
      {
        "g": 0.0,
        "beta": 4.195873737335205,
        "gamma": 0.5519928336143494
      },
      {
        "g": 0.0,
        "beta": 3.036123514175415,
        "gamma": 0.7114953398704529
      },
      {
        "g": 0.0,
        "beta": 2.7561614513397217,
        "gamma": 0.7644538879394531
      }
    ]
  }
}
wandb: 
wandb: Run history:
wandb: lm_beta_L0 ▁▂▃▄▅▄▅██▆▆▆▆▆▅▄▅▆▆▇▇▇▇▇▇▇▇▇▇▇▇▇
wandb: lm_beta_L1 ▁▁▂▂▃▃▃▃▃▄▄▄▄▄▅▅▅▆▆▆▇▇▇█████████
wandb: lm_beta_L2 ▁▁▁▂▂▂▂▃▃▃▃▃▃▄▄▅▅▅▆▆▇▇▇▇▇▇▇▇████
wandb: lm_beta_L3 ▁▁▁▁▂▂▂▂▃▃▃▃▄▄▄▅▅▅▆▆▇▇▇▇████████
wandb: lm_beta_L4 ▁▁▂▃▄▅▆▆▇▇▇▇▇▇▇▇▇▇▇▇▇▇██████████
wandb: lm_beta_L5 ▁▁▂▄▆▇██████████████████████████
wandb:    lm_g_L0 ▁▁▁▁▁▁▁▁▁▁▁▁▁▁▁▁▁▁▁▁▁▁▁▁▁▁▁▁▁▁▁▁
wandb:    lm_g_L1 ▁▁▁▁▁▁▁▁▁▁▁▁▁▁▁▁▁▁▁▁▁▁▁▁▁▁▁▁▁▁▁▁
wandb:    lm_g_L2 ▁▁▁▁▁▁▁▁▁▁▁▁▁▁▁▁▁▁▁▁▁▁▁▁▁▁▁▁▁▁▁▁
wandb:    lm_g_L3 ▁▁▁▁▁▁▁▁▁▁▁▁▁▁▁▁▁▁▁▁▁▁▁▁▁▁▁▁▁▁▁▁
wandb:        +39 ...
wandb: 
wandb: Run summary:
wandb:  best_val_bpb 2.11317
wandb:      exp_name exp_g_abl_19_B16k_li...
wandb: final_val_bpb 3.01592
wandb:    lm_beta_L0 2.12716
wandb:    lm_beta_L1 2.40345
wandb:    lm_beta_L2 3.11617
wandb:    lm_beta_L3 4.19587
wandb:    lm_beta_L4 3.03612
wandb:    lm_beta_L5 2.75616
wandb:       lm_g_L0 0
wandb:           +44 ...
wandb: 
wandb: 🚀 View run exp_g_abl_19_B16k_light_lmfrozeng_hard_tph128_seed1 at: <wandb-server>/<entity>/Spiky/runs/exp_g_abl_19_B16k_light_lmfrozeng_hard_tph128_seed1
wandb: ⭐️ View project at: <wandb-server>/<entity>/Spiky
wandb: Synced 5 W&B file(s), 0 media file(s), 0 artifact file(s) and 0 other file(s)
wandb: Find logs at: ~/.cache/wandb/wandb/run-20260914_023038-exp_g_abl_19_B16k_light_lmfrozeng_hard_tph128_seed1/logs
[wandb] finished in 0.1s
