Failed to import warp: No module named 'warp'
Failed to import mujoco_warp: No module named 'warp'
Bucket-LIF SAC actor buckets=32 tph=64 heads=1 seed=1 | 12 outputs/cell (6 mu + 6 log-sigma) | front-end 4,416 + table 24,576 = 28,992 params (103.4% of the 28,032 hyperplane baseline; front-end 127.8% of its 3,456) | rows 64x32 = 2,048 | eps INERT; sharpness is trainable T_cross/T_bkt
[  500/10000] steps    32,000 | MJX ret      3.3 | bkt-cov   0.0% | bkt 22.77±7.29 | Tbkt 1.000 | Tcr 1.000 | best      3.3 |   2.8m
[ 1000/10000] steps    64,000 | MJX ret    199.6 | bkt-cov  75.2% | bkt 21.16±8.77 | Tbkt 0.291 | Tcr 0.632 | best    199.6 |   9.7m
[ 1500/10000] steps    96,000 | MJX ret    415.8 | bkt-cov  77.3% | bkt 21.10±8.66 | Tbkt 0.156 | Tcr 0.601 | best    415.8 |  15.7m
[ 2000/10000] steps   128,000 | MJX ret    439.9 | bkt-cov  78.4% | bkt 19.86±8.46 | Tbkt 0.111 | Tcr 0.585 | best    439.9 |  22.0m
[ 2500/10000] steps   160,000 | MJX ret    334.5 | bkt-cov  78.9% | bkt 19.89±8.53 | Tbkt 0.093 | Tcr 0.526 | best    439.9 |  28.1m
[ 3000/10000] steps   192,000 | MJX ret    492.9 | bkt-cov  79.4% | bkt 19.26±8.34 | Tbkt 0.059 | Tcr 0.499 | best    492.9 |  34.5m
[ 3500/10000] steps   224,000 | MJX ret    481.2 | bkt-cov  79.9% | bkt 19.56±8.61 | Tbkt 0.032 | Tcr 0.476 | best    492.9 |  41.1m
[ 4000/10000] steps   256,000 | MJX ret    496.1 | bkt-cov  80.3% | bkt 19.02±8.72 | Tbkt 0.023 | Tcr 0.455 | best    496.1 |  47.6m
[ 4500/10000] steps   288,000 | MJX ret    548.9 | bkt-cov  80.4% | bkt 18.49±8.62 | Tbkt 0.018 | Tcr 0.435 | best    548.9 |  54.2m
[ 5000/10000] steps   320,000 | MJX ret    602.8 | bkt-cov  80.7% | bkt 18.23±8.61 | Tbkt 0.015 | Tcr 0.419 | best    602.8 |  60.8m
[ 5500/10000] steps   352,000 | MJX ret    641.1 | bkt-cov  81.0% | bkt 18.23±8.71 | Tbkt 0.013 | Tcr 0.408 | best    641.1 |  67.4m
[ 6000/10000] steps   384,000 | MJX ret    719.4 | bkt-cov  81.0% | bkt 18.51±8.70 | Tbkt 0.011 | Tcr 0.405 | best    719.4 |  73.9m
[ 6500/10000] steps   416,000 | MJX ret    726.6 | bkt-cov  81.1% | bkt 17.97±8.68 | Tbkt 0.010 | Tcr 0.396 | best    726.6 |  80.4m
[ 7000/10000] steps   448,000 | MJX ret    747.1 | bkt-cov  81.2% | bkt 17.93±8.64 | Tbkt 0.010 | Tcr 0.390 | best    747.1 |  86.9m
[ 7500/10000] steps   480,000 | MJX ret    833.5 | bkt-cov  81.6% | bkt 17.98±8.69 | Tbkt 0.009 | Tcr 0.385 | best    833.5 |  93.4m
[ 8000/10000] steps   512,000 | MJX ret    998.8 | bkt-cov  81.7% | bkt 17.98±8.64 | Tbkt 0.008 | Tcr 0.380 | best    998.8 |  99.9m
[ 8500/10000] steps   544,000 | MJX ret   1073.4 | bkt-cov  81.9% | bkt 18.24±8.67 | Tbkt 0.007 | Tcr 0.375 | best   1073.4 | 106.5m
[ 9000/10000] steps   576,000 | MJX ret   1506.2 | bkt-cov  82.1% | bkt 17.93±8.63 | Tbkt 0.007 | Tcr 0.367 | best   1506.2 | 113.0m
[ 9500/10000] steps   608,000 | MJX ret   1483.5 | bkt-cov  82.3% | bkt 17.69±8.76 | Tbkt 0.006 | Tcr 0.362 | best   1506.2 | 119.5m
[10000/10000] steps   640,000 | MJX ret   1824.0 | bkt-cov  82.3% | bkt 17.88±8.82 | Tbkt 0.006 | Tcr 0.352 | best   1824.0 | 126.1m
done: best MJX 1824.0 over 640,000 env-steps in 126.1 min
Failed to import warp: No module named 'warp'
Failed to import mujoco_warp: No module named 'warp'
bucket_sac_c37_s1_actor.npz (28,992 params = 4,416 front-end + 24,576 table) [hard] 32 buckets / tph64
  CPU-reference 100-ep deterministic: 1842.2 +/- 427.9  full 0/100  vel 3.080 m/s  len 449  [46s]
